{"action_status": "SUCCEEDED", "alignment_error_xy_initial": 5.195270642758989e-05, "alignment_error_yaw_initial": 0.00020408831285223528, "cmd_vel_nonzero": true, "distance_remaining_last": 0.0, "elapsed_sim_time": 103.49032425880432, "elapsed_wall_time": 103.49033945300107, "final_navigation_error_xy": 0.01096592476776252, "final_yaw_error": 0.05326847376993182, "gt_goal_error": 0.01096592476776252, "gt_yaw_displacement": 0.05326847376993138, "localization_error_xy": 0.035411134264464905, "localization_error_yaw": 0.004753367683774545, "motion_ok": true, "odom_error_xy": 0.030800398095491455, "path_generated": true, "real_time_factor": 0.999999853182463, "run": 1, "test": "X+", "travelled_distance": 1.0109447248866985, "v30e_error_xy": 0.8683960300683823}
{
  "runs": 1,
  "metrics": {
    "gt_goal_error": {
      "mean": 0.01096592476776252,
      "max": 0.01096592476776252,
      "rmse": 0.01096592476776252,
      "stddev": 0.0
    },
    "localization_error_xy": {
      "mean": 0.035411134264464905,
      "max": 0.035411134264464905,
      "rmse": 0.035411134264464905,
      "stddev": 0.0
    },
    "localization_error_yaw": {
      "mean": 0.004753367683774545,
      "max": 0.004753367683774545,
      "rmse": 0.004753367683774545,
      "stddev": 0.0
    },
    "odom_error_xy": {
      "mean": 0.030800398095491455,
      "max": 0.030800398095491455,
      "rmse": 0.030800398095491455,
      "stddev": 0.0
    },
    "final_navigation_error_xy": {
      "mean": 0.01096592476776252,
      "max": 0.01096592476776252,
      "rmse": 0.01096592476776252,
      "stddev": 0.0
    },
    "final_yaw_error": {
      "mean": 0.05326847376993182,
      "max": 0.05326847376993182,
      "rmse": 0.05326847376993182,
      "stddev": 0.0
    },
    "travelled_distance": {
      "mean": 1.0109447248866985,
      "max": 1.0109447248866985,
      "rmse": 1.0109447248866985,
      "stddev": 0.0
    }
  },
  "passed": false,
  "rows": [
    {
      "run": 1,
      "test": "X+",
      "alignment_error_xy_initial": 5.195270642758989e-05,
      "alignment_error_yaw_initial": 0.00020408831285223528,
      "gt_goal_error": 0.01096592476776252,
      "localization_error_xy": 0.035411134264464905,
      "localization_error_yaw": 0.004753367683774545,
      "odom_error_xy": 0.030800398095491455,
      "v30e_error_xy": 0.8683960300683823,
      "final_navigation_error_xy": 0.01096592476776252,
      "final_yaw_error": 0.05326847376993182,
      "travelled_distance": 1.0109447248866985,
      "action_status": "SUCCEEDED",
      "gt_yaw_displacement": 0.05326847376993138,
      "motion_ok": true,
      "path_generated": true,
      "cmd_vel_nonzero": true,
      "distance_remaining_last": 0.0,
      "elapsed_sim_time": 103.49032425880432,
      "elapsed_wall_time": 103.49033945300107,
      "real_time_factor": 0.999999853182463
    }
  ]
}
