[INFO] [launch]: All log files can be found below /home/yahboom/.ros/log/2026-09-17-23-38-27-991210-yahboom-virtual-machine-224748
[INFO] [launch]: Default logging verbosity is set to INFO
[INFO] [launch.user]: CONTACT_DIAGNOSTICS=true
[INFO] [gzserver-1]: process started with pid [224760]
[INFO] [robot_state_publisher-2]: process started with pid [224762]
[INFO] [spawn_entity.py-3]: process started with pid [224764]
[INFO] [ekf_node-4]: process started with pid [224766]
[INFO] [v30e_sim_node-5]: process started with pid [224768]
[INFO] [ekf_node-6]: process started with pid [224770]
[INFO] [map_server-7]: process started with pid [224772]
[INFO] [controller_server-8]: process started with pid [224775]
[INFO] [planner_server-9]: process started with pid [224777]
[INFO] [behavior_server-10]: process started with pid [224793]
[INFO] [bt_navigator-11]: process started with pid [224797]
[INFO] [waypoint_follower-12]: process started with pid [224809]
[INFO] [lifecycle_manager-13]: process started with pid [224815]
[INFO] [swerve_bridge_node-14]: process started with pid [224822]
[controller_server-8] [INFO] [1789659511.289162147] [controller_server]: 
[controller_server-8] 	controller_server lifecycle node launched. 
[controller_server-8] 	Waiting on external lifecycle transitions to activate
[controller_server-8] 	See https://design.ros2.org/articles/node_lifecycle.html for more information.
[controller_server-8] [INFO] [1789659511.300951238] [controller_server]: Creating controller server
[behavior_server-10] [INFO] [1789659511.350687636] [behavior_server]: 
[behavior_server-10] 	behavior_server lifecycle node launched. 
[behavior_server-10] 	Waiting on external lifecycle transitions to activate
[behavior_server-10] 	See https://design.ros2.org/articles/node_lifecycle.html for more information.
[planner_server-9] [INFO] [1789659511.371925983] [planner_server]: 
[planner_server-9] 	planner_server lifecycle node launched. 
[planner_server-9] 	Waiting on external lifecycle transitions to activate
[planner_server-9] 	See https://design.ros2.org/articles/node_lifecycle.html for more information.
[planner_server-9] [INFO] [1789659511.373302060] [planner_server]: Creating
[robot_state_publisher-2] [INFO] [1789659511.482930116] [robot_state_publisher]: got segment base_footprint
[robot_state_publisher-2] [INFO] [1789659511.483091026] [robot_state_publisher]: got segment base_link
[robot_state_publisher-2] [INFO] [1789659511.483104543] [robot_state_publisher]: got segment imu_link
[robot_state_publisher-2] [INFO] [1789659511.483112417] [robot_state_publisher]: got segment lidar_link
[robot_state_publisher-2] [INFO] [1789659511.483119736] [robot_state_publisher]: got segment steer_front_link
[robot_state_publisher-2] [INFO] [1789659511.483126771] [robot_state_publisher]: got segment steer_rear_link
[robot_state_publisher-2] [INFO] [1789659511.483133685] [robot_state_publisher]: got segment v30e_link
[robot_state_publisher-2] [INFO] [1789659511.483140538] [robot_state_publisher]: got segment wheel_front_drive_link
[robot_state_publisher-2] [INFO] [1789659511.483147597] [robot_state_publisher]: got segment wheel_front_left_fork_link
[robot_state_publisher-2] [INFO] [1789659511.483154405] [robot_state_publisher]: got segment wheel_front_left_link
[robot_state_publisher-2] [INFO] [1789659511.483161124] [robot_state_publisher]: got segment wheel_front_right_fork_link
[robot_state_publisher-2] [INFO] [1789659511.483167735] [robot_state_publisher]: got segment wheel_front_right_link
[robot_state_publisher-2] [INFO] [1789659511.483174446] [robot_state_publisher]: got segment wheel_rear_drive_link
[robot_state_publisher-2] [INFO] [1789659511.483180921] [robot_state_publisher]: got segment wheel_rear_left_fork_link
[robot_state_publisher-2] [INFO] [1789659511.483187567] [robot_state_publisher]: got segment wheel_rear_left_link
[robot_state_publisher-2] [INFO] [1789659511.483194174] [robot_state_publisher]: got segment wheel_rear_right_fork_link
[robot_state_publisher-2] [INFO] [1789659511.483200611] [robot_state_publisher]: got segment wheel_rear_right_link
[lifecycle_manager-13] [INFO] [1789659511.493295912] [lifecycle_manager_navigation]: Creating
[lifecycle_manager-13] [INFO] [1789659511.527395291] [lifecycle_manager_navigation]: [34m[1mCreating and initializing lifecycle service clients[0m[0m
[waypoint_follower-12] [INFO] [1789659511.533644157] [waypoint_follower]: 
[waypoint_follower-12] 	waypoint_follower lifecycle node launched. 
[waypoint_follower-12] 	Waiting on external lifecycle transitions to activate
[waypoint_follower-12] 	See https://design.ros2.org/articles/node_lifecycle.html for more information.
[waypoint_follower-12] [INFO] [1789659511.534256303] [waypoint_follower]: Creating
[bt_navigator-11] [INFO] [1789659511.568951462] [bt_navigator]: 
[bt_navigator-11] 	bt_navigator lifecycle node launched. 
[bt_navigator-11] 	Waiting on external lifecycle transitions to activate
[bt_navigator-11] 	See https://design.ros2.org/articles/node_lifecycle.html for more information.
[bt_navigator-11] [INFO] [1789659511.569106460] [bt_navigator]: Creating
[map_server-7] [INFO] [1789659511.586297058] [map_server]: 
[map_server-7] 	map_server lifecycle node launched. 
[map_server-7] 	Waiting on external lifecycle transitions to activate
[map_server-7] 	See https://design.ros2.org/articles/node_lifecycle.html for more information.
[map_server-7] [INFO] [1789659511.586497193] [map_server]: Creating
[swerve_bridge_node-14] Traceback (most recent call last):
[swerve_bridge_node-14]   File "/home/yahboom/swerve_bringup/install/swerve_bridge/lib/swerve_bridge/swerve_bridge_node", line 33, in <module>
[swerve_bridge_node-14]     sys.exit(load_entry_point('swerve-bridge', 'console_scripts', 'swerve_bridge_node')())
[swerve_bridge_node-14]   File "/home/yahboom/swerve_bringup/install/swerve_bridge/lib/swerve_bridge/swerve_bridge_node", line 22, in importlib_load_entry_point
[swerve_bridge_node-14]     for entry_point in distribution(dist_name).entry_points
[swerve_bridge_node-14]   File "/usr/lib/python3.10/importlib/metadata/__init__.py", line 969, in distribution
[swerve_bridge_node-14]     return Distribution.from_name(distribution_name)
[swerve_bridge_node-14]   File "/usr/lib/python3.10/importlib/metadata/__init__.py", line 548, in from_name
[swerve_bridge_node-14]     raise PackageNotFoundError(name)
[swerve_bridge_node-14] importlib.metadata.PackageNotFoundError: No package metadata was found for swerve-bridge
[ERROR] [swerve_bridge_node-14]: process has died [pid 224822, exit code 1, cmd '/home/yahboom/swerve_bringup/install/swerve_bridge/lib/swerve_bridge/swerve_bridge_node --ros-args -r __node:=swerve_bridge --params-file /home/yahboom/swerve_bringup/install/swerve_bridge/share/swerve_bridge/config/bridge.yaml --params-file /tmp/launch_params_p6ma0a4f'].
[controller_server-8] [INFO] [1789659511.668404696] [local_costmap.local_costmap]: 
[controller_server-8] 	local_costmap lifecycle node launched. 
[controller_server-8] 	Waiting on external lifecycle transitions to activate
[controller_server-8] 	See https://design.ros2.org/articles/node_lifecycle.html for more information.
[controller_server-8] [INFO] [1789659511.669060734] [local_costmap.local_costmap]: Creating Costmap
[planner_server-9] [INFO] [1789659511.698074028] [global_costmap.global_costmap]: 
[planner_server-9] 	global_costmap lifecycle node launched. 
[planner_server-9] 	Waiting on external lifecycle transitions to activate
[planner_server-9] 	See https://design.ros2.org/articles/node_lifecycle.html for more information.
[planner_server-9] [INFO] [1789659511.705307306] [global_costmap.global_costmap]: Creating Costmap
[lifecycle_manager-13] [INFO] [1789659512.294835594] [lifecycle_manager_navigation]: [34m[1mStarting managed nodes bringup...[0m[0m
[lifecycle_manager-13] [INFO] [1789659512.298320703] [lifecycle_manager_navigation]: [34m[1mConfiguring map_server[0m[0m
[map_server-7] [INFO] [1789659512.301156640] [map_server]: Configuring
[map_server-7] [INFO] [1789659512.301263884] [map_io]: Loading yaml file: /home/yahboom/swerve_bringup/install/swerve_bringup/share/swerve_bringup/swerve_navigation/maps/warehouse.yaml
[map_server-7] [INFO] [1789659512.301566996] [map_io]: resolution: 0.05
[map_server-7] [INFO] [1789659512.301578904] [map_io]: origin[0]: -17.2
[map_server-7] [INFO] [1789659512.301584917] [map_io]: origin[1]: -17.4
[map_server-7] [INFO] [1789659512.301590073] [map_io]: origin[2]: 0
[map_server-7] [INFO] [1789659512.301595713] [map_io]: free_thresh: 0.25
[map_server-7] [INFO] [1789659512.301601102] [map_io]: occupied_thresh: 0.65
[map_server-7] [INFO] [1789659512.301606524] [map_io]: mode: trinary
[map_server-7] [INFO] [1789659512.301612578] [map_io]: negate: 0
[map_server-7] [INFO] [1789659512.311539418] [map_io]: Loading image_file: /home/yahboom/swerve_bringup/install/swerve_bringup/share/swerve_bringup/swerve_navigation/maps/warehouse.pgm
[map_server-7] [INFO] [1789659512.423847757] [map_io]: Read map /home/yahboom/swerve_bringup/install/swerve_bringup/share/swerve_bringup/swerve_navigation/maps/warehouse.pgm: 676 X 680 map @ 0.05 m/cell
[lifecycle_manager-13] [INFO] [1789659512.467418187] [lifecycle_manager_navigation]: [34m[1mConfiguring controller_server[0m[0m
[controller_server-8] [INFO] [1789659512.638578109] [controller_server]: Configuring controller interface
[controller_server-8] [INFO] [1789659512.638746958] [controller_server]: getting goal checker plugins..
[controller_server-8] [INFO] [1789659512.638813191] [controller_server]: Controller frequency set to 10.0000Hz
[controller_server-8] [INFO] [1789659512.638846580] [local_costmap.local_costmap]: Configuring
[controller_server-8] [INFO] [1789659512.694442901] [local_costmap.local_costmap]: Using plugin "voxel_layer"
[controller_server-8] [INFO] [1789659512.705952287] [local_costmap.local_costmap]: Subscribed to Topics: lidar3d scan
[spawn_entity.py-3] [INFO] [1789659512.746616860] [spawn_swerve]: Spawn Entity started
[spawn_entity.py-3] [INFO] [1789659512.747212967] [spawn_swerve]: Loading entity published on topic robot_description
[spawn_entity.py-3] [INFO] [1789659512.766568722] [spawn_swerve]: Waiting for entity xml on robot_description
[controller_server-8] [INFO] [1789659512.857208133] [local_costmap.local_costmap]: Initialized plugin "voxel_layer"
[controller_server-8] [INFO] [1789659512.857263598] [local_costmap.local_costmap]: Using plugin "inflation_layer"
[controller_server-8] [INFO] [1789659512.863854563] [local_costmap.local_costmap]: Initialized plugin "inflation_layer"
[controller_server-8] [INFO] [1789659512.946801283] [controller_server]: Created progress_checker : progress_checker of type nav2_controller::SimpleProgressChecker
[controller_server-8] [INFO] [1789659512.956001168] [controller_server]: Created goal checker : general_goal_checker of type nav2_controller::SimpleGoalChecker
[controller_server-8] [INFO] [1789659512.963672274] [controller_server]: Controller Server has general_goal_checker  goal checkers available.
[controller_server-8] [INFO] [1789659512.965807829] [controller_server]: Created controller : FollowPath of type dwb_core::DWBLocalPlanner
[controller_server-8] [INFO] [1789659512.985434689] [controller_server]: Setting transform_tolerance to 0.200000
[controller_server-8] [INFO] [1789659513.089830558] [controller_server]: Using critic "RotateToGoal" (dwb_critics::RotateToGoalCritic)
[controller_server-8] [INFO] [1789659513.096808654] [controller_server]: Critic plugin initialized
[controller_server-8] [INFO] [1789659513.096976123] [controller_server]: Using critic "Oscillation" (dwb_critics::OscillationCritic)
[controller_server-8] [INFO] [1789659513.097292370] [controller_server]: Critic plugin initialized
[controller_server-8] [INFO] [1789659513.097377517] [controller_server]: Using critic "BaseObstacle" (dwb_critics::BaseObstacleCritic)
[controller_server-8] [INFO] [1789659513.097495581] [controller_server]: Critic plugin initialized
[controller_server-8] [INFO] [1789659513.097554305] [controller_server]: Using critic "GoalAlign" (dwb_critics::GoalAlignCritic)
[controller_server-8] [INFO] [1789659513.100304580] [controller_server]: Critic plugin initialized
[controller_server-8] [INFO] [1789659513.100393210] [controller_server]: Using critic "PathAlign" (dwb_critics::PathAlignCritic)
[controller_server-8] [INFO] [1789659513.102813526] [controller_server]: Critic plugin initialized
[controller_server-8] [INFO] [1789659513.102928704] [controller_server]: Using critic "PathDist" (dwb_critics::PathDistCritic)
[controller_server-8] [INFO] [1789659513.103315530] [controller_server]: Critic plugin initialized
[controller_server-8] [INFO] [1789659513.109349984] [controller_server]: Using critic "GoalDist" (dwb_critics::GoalDistCritic)
[controller_server-8] [INFO] [1789659513.110418745] [controller_server]: Critic plugin initialized
[controller_server-8] [INFO] [1789659513.110460945] [controller_server]: Controller Server has FollowPath  controllers available.
[v30e_sim_node-5] [INFO] [1789659513.115695793] [v30e_sim_node]: Using Gazebo /get_entity_state internally; odometry is not a V30E measurement input
[lifecycle_manager-13] [INFO] [1789659513.185969009] [lifecycle_manager_navigation]: [34m[1mConfiguring planner_server[0m[0m
[planner_server-9] [INFO] [1789659513.187427703] [planner_server]: Configuring
[planner_server-9] [INFO] [1789659513.187494515] [global_costmap.global_costmap]: Configuring
[planner_server-9] [INFO] [1789659513.233212095] [global_costmap.global_costmap]: Using plugin "static_layer"
[planner_server-9] [INFO] [1789659513.247646378] [global_costmap.global_costmap]: Subscribing to the map topic (/map) with transient local durability
[planner_server-9] [INFO] [1789659513.257827557] [global_costmap.global_costmap]: Initialized plugin "static_layer"
[planner_server-9] [INFO] [1789659513.257870142] [global_costmap.global_costmap]: Using plugin "obstacle_layer"
[planner_server-9] [INFO] [1789659513.262851449] [global_costmap.global_costmap]: Subscribed to Topics: scan
[planner_server-9] [INFO] [1789659513.290024884] [global_costmap.global_costmap]: Initialized plugin "obstacle_layer"
[planner_server-9] [INFO] [1789659513.290125201] [global_costmap.global_costmap]: Using plugin "inflation_layer"
[planner_server-9] [INFO] [1789659513.297705736] [global_costmap.global_costmap]: Initialized plugin "inflation_layer"
[planner_server-9] [INFO] [1789659513.380196187] [planner_server]: Created global planner plugin GridBased of type nav2_navfn_planner/NavfnPlanner
[planner_server-9] [INFO] [1789659513.380891345] [planner_server]: Configuring plugin GridBased of type NavfnPlanner
[planner_server-9] [INFO] [1789659513.390109128] [planner_server]: Planner Server has GridBased  planners available.
[lifecycle_manager-13] [INFO] [1789659513.477564080] [lifecycle_manager_navigation]: [34m[1mConfiguring behavior_server[0m[0m
[behavior_server-10] [INFO] [1789659513.480500762] [behavior_server]: Configuring
[behavior_server-10] [INFO] [1789659513.532122476] [behavior_server]: Creating behavior plugin spin of type nav2_behaviors/Spin
[behavior_server-10] [INFO] [1789659513.533029053] [behavior_server]: Configuring spin
[behavior_server-10] [INFO] [1789659513.577321298] [behavior_server]: Creating behavior plugin backup of type nav2_behaviors/BackUp
[behavior_server-10] [INFO] [1789659513.578260881] [behavior_server]: Configuring backup
[behavior_server-10] [INFO] [1789659513.615018294] [behavior_server]: Creating behavior plugin drive_on_heading of type nav2_behaviors/DriveOnHeading
[behavior_server-10] [INFO] [1789659513.615988487] [behavior_server]: Configuring drive_on_heading
[behavior_server-10] [INFO] [1789659513.665347895] [behavior_server]: Creating behavior plugin wait of type nav2_behaviors/Wait
[behavior_server-10] [INFO] [1789659513.669039588] [behavior_server]: Configuring wait
[lifecycle_manager-13] [INFO] [1789659513.712412819] [lifecycle_manager_navigation]: [34m[1mConfiguring bt_navigator[0m[0m
[bt_navigator-11] [INFO] [1789659513.714331616] [bt_navigator]: Configuring
[lifecycle_manager-13] [INFO] [1789659514.093237718] [lifecycle_manager_navigation]: [34m[1mConfiguring waypoint_follower[0m[0m
[waypoint_follower-12] [INFO] [1789659514.094278401] [waypoint_follower]: Configuring
[waypoint_follower-12] [INFO] [1789659514.183091690] [waypoint_follower]: Created waypoint_task_executor : wait_at_waypoint of type nav2_waypoint_follower::WaitAtWaypoint
[waypoint_follower-12] [INFO] [1789659514.183405744] [waypoint_follower]: Waypoint pause duration is set to zero, disabling task executor plugin.
[lifecycle_manager-13] [INFO] [1789659514.186372795] [lifecycle_manager_navigation]: [34m[1mActivating map_server[0m[0m
[map_server-7] [INFO] [1789659514.191437981] [map_server]: Activating
[map_server-7] [INFO] [1789659514.192324625] [map_server]: Creating bond (map_server) to lifecycle manager.
[planner_server-9] [INFO] [1789659514.193696809] [global_costmap.global_costmap]: StaticLayer: Resizing costmap to 676 X 680 at 0.050000 m/pix
[lifecycle_manager-13] [INFO] [1789659514.316666792] [lifecycle_manager_navigation]: Server map_server connected with bond.
[lifecycle_manager-13] [INFO] [1789659514.316756296] [lifecycle_manager_navigation]: [34m[1mActivating controller_server[0m[0m
[controller_server-8] [INFO] [1789659514.317179981] [controller_server]: Activating
[controller_server-8] [INFO] [1789659514.317239543] [local_costmap.local_costmap]: Activating
[controller_server-8] [INFO] [1789659514.317258239] [local_costmap.local_costmap]: Checking transform
[controller_server-8] [INFO] [1789659514.317294101] [local_costmap.local_costmap]: Timed out waiting for transform from base_footprint to odom to become available, tf error: Invalid frame ID "odom" passed to canTransform argument target_frame - frame does not exist
[spawn_entity.py-3] [INFO] [1789659514.718398593] [spawn_swerve]: Waiting for service /spawn_entity, timeout = 30
[spawn_entity.py-3] [INFO] [1789659514.718872361] [spawn_swerve]: Waiting for service /spawn_entity
[controller_server-8] [INFO] [1789659514.826373907] [local_costmap.local_costmap]: Timed out waiting for transform from base_footprint to odom to become available, tf error: Invalid frame ID "odom" passed to canTransform argument target_frame - frame does not exist
[controller_server-8] [INFO] [1789659515.318616975] [local_costmap.local_costmap]: Timed out waiting for transform from base_footprint to odom to become available, tf error: Invalid frame ID "odom" passed to canTransform argument target_frame - frame does not exist
[controller_server-8] [INFO] [1789659515.817762282] [local_costmap.local_costmap]: Timed out waiting for transform from base_footprint to odom to become available, tf error: Invalid frame ID "odom" passed to canTransform argument target_frame - frame does not exist
[controller_server-8] [INFO] [1789659516.317585457] [local_costmap.local_costmap]: Timed out waiting for transform from base_footprint to odom to become available, tf error: Invalid frame ID "odom" passed to canTransform argument target_frame - frame does not exist
[controller_server-8] [INFO] [1789659516.819581008] [local_costmap.local_costmap]: Timed out waiting for transform from base_footprint to odom to become available, tf error: Invalid frame ID "odom" passed to canTransform argument target_frame - frame does not exist
[controller_server-8] [INFO] [1789659517.319355347] [local_costmap.local_costmap]: Timed out waiting for transform from base_footprint to odom to become available, tf error: Invalid frame ID "odom" passed to canTransform argument target_frame - frame does not exist
[controller_server-8] [INFO] [1789659517.817769425] [local_costmap.local_costmap]: Timed out waiting for transform from base_footprint to odom to become available, tf error: Invalid frame ID "odom" passed to canTransform argument target_frame - frame does not exist
[controller_server-8] [INFO] [1789659518.318546561] [local_costmap.local_costmap]: Timed out waiting for transform from base_footprint to odom to become available, tf error: Invalid frame ID "odom" passed to canTransform argument target_frame - frame does not exist
[controller_server-8] [INFO] [1789659518.821320729] [local_costmap.local_costmap]: Timed out waiting for transform from base_footprint to odom to become available, tf error: Invalid frame ID "odom" passed to canTransform argument target_frame - frame does not exist
[spawn_entity.py-3] [INFO] [1789659519.041843075] [spawn_swerve]: Calling service /spawn_entity
[gzserver-1] [INFO] [1789659519.108302992] [gazebo_ros_state]: Publishing states of gazebo models at [/model_states]
[gzserver-1] [INFO] [1789659519.125411136] [gazebo_ros_state]: Publishing states of gazebo links at [/link_states]
[controller_server-8] [INFO] [1789659519.317756108] [local_costmap.local_costmap]: Timed out waiting for transform from base_footprint to odom to become available, tf error: Invalid frame ID "odom" passed to canTransform argument target_frame - frame does not exist
[controller_server-8] [INFO] [1789659519.836332382] [local_costmap.local_costmap]: Timed out waiting for transform from base_footprint to odom to become available, tf error: Invalid frame ID "odom" passed to canTransform argument target_frame - frame does not exist
[gzserver-1] [INFO] [1789659519.946756870] [imu.imu_ros]: <initial_orientation_as_reference> is unset, using default value of false to comply with REP 145 (world as orientation reference)
[controller_server-8] [INFO] [1789659520.317627977] [local_costmap.local_costmap]: Timed out waiting for transform from base_footprint to odom to become available, tf error: Invalid frame ID "odom" passed to canTransform argument target_frame - frame does not exist
[controller_server-8] [INFO] [1789659520.817424144] [local_costmap.local_costmap]: Timed out waiting for transform from base_footprint to odom to become available, tf error: Invalid frame ID "odom" passed to canTransform argument target_frame - frame does not exist
[controller_server-8] [INFO] [1789659521.318819991] [local_costmap.local_costmap]: Timed out waiting for transform from base_footprint to odom to become available, tf error: Invalid frame ID "odom" passed to canTransform argument target_frame - frame does not exist
[controller_server-8] [INFO] [1789659521.818399094] [local_costmap.local_costmap]: Timed out waiting for transform from base_footprint to odom to become available, tf error: Invalid frame ID "odom" passed to canTransform argument target_frame - frame does not exist
[controller_server-8] [INFO] [1789659522.318518532] [local_costmap.local_costmap]: Timed out waiting for transform from base_footprint to odom to become available, tf error: Invalid frame ID "odom" passed to canTransform argument target_frame - frame does not exist
[controller_server-8] [INFO] [1789659522.818391482] [local_costmap.local_costmap]: Timed out waiting for transform from base_footprint to odom to become available, tf error: Invalid frame ID "odom" passed to canTransform argument target_frame - frame does not exist
[controller_server-8] [INFO] [1789659523.318647995] [local_costmap.local_costmap]: Timed out waiting for transform from base_footprint to odom to become available, tf error: Invalid frame ID "odom" passed to canTransform argument target_frame - frame does not exist
[controller_server-8] [INFO] [1789659523.817492119] [local_costmap.local_costmap]: Timed out waiting for transform from base_footprint to odom to become available, tf error: Invalid frame ID "odom" passed to canTransform argument target_frame - frame does not exist
[controller_server-8] [INFO] [1789659524.317761571] [local_costmap.local_costmap]: Timed out waiting for transform from base_footprint to odom to become available, tf error: Invalid frame ID "odom" passed to canTransform argument target_frame - frame does not exist
[controller_server-8] [INFO] [1789659524.822458111] [local_costmap.local_costmap]: Timed out waiting for transform from base_footprint to odom to become available, tf error: Invalid frame ID "odom" passed to canTransform argument target_frame - frame does not exist
[controller_server-8] [INFO] [1789659525.318979076] [local_costmap.local_costmap]: Timed out waiting for transform from base_footprint to odom to become available, tf error: Invalid frame ID "odom" passed to canTransform argument target_frame - frame does not exist
[controller_server-8] [INFO] [1789659525.820114707] [local_costmap.local_costmap]: Timed out waiting for transform from base_footprint to odom to become available, tf error: Invalid frame ID "odom" passed to canTransform argument target_frame - frame does not exist
[controller_server-8] [INFO] [1789659526.317497057] [local_costmap.local_costmap]: Timed out waiting for transform from base_footprint to odom to become available, tf error: Invalid frame ID "odom" passed to canTransform argument target_frame - frame does not exist
[controller_server-8] [INFO] [1789659526.818731056] [local_costmap.local_costmap]: Timed out waiting for transform from base_footprint to odom to become available, tf error: Invalid frame ID "odom" passed to canTransform argument target_frame - frame does not exist
[controller_server-8] [INFO] [1789659527.318346997] [local_costmap.local_costmap]: Timed out waiting for transform from base_footprint to odom to become available, tf error: Invalid frame ID "odom" passed to canTransform argument target_frame - frame does not exist
[controller_server-8] [INFO] [1789659527.817383377] [local_costmap.local_costmap]: Timed out waiting for transform from base_footprint to odom to become available, tf error: Invalid frame ID "odom" passed to canTransform argument target_frame - frame does not exist
[controller_server-8] [INFO] [1789659528.317780088] [local_costmap.local_costmap]: Timed out waiting for transform from base_footprint to odom to become available, tf error: Invalid frame ID "odom" passed to canTransform argument target_frame - frame does not exist
[controller_server-8] [INFO] [1789659528.820407623] [local_costmap.local_costmap]: Timed out waiting for transform from base_footprint to odom to become available, tf error: Invalid frame ID "odom" passed to canTransform argument target_frame - frame does not exist
[controller_server-8] [INFO] [1789659529.319003531] [local_costmap.local_costmap]: Timed out waiting for transform from base_footprint to odom to become available, tf error: Invalid frame ID "odom" passed to canTransform argument target_frame - frame does not exist
[controller_server-8] [INFO] [1789659529.817441066] [local_costmap.local_costmap]: Timed out waiting for transform from base_footprint to odom to become available, tf error: Invalid frame ID "odom" passed to canTransform argument target_frame - frame does not exist
[controller_server-8] [INFO] [1789659530.319673708] [local_costmap.local_costmap]: Timed out waiting for transform from base_footprint to odom to become available, tf error: Invalid frame ID "odom" passed to canTransform argument target_frame - frame does not exist
[controller_server-8] [INFO] [1789659530.819281679] [local_costmap.local_costmap]: Timed out waiting for transform from base_footprint to odom to become available, tf error: Invalid frame ID "odom" passed to canTransform argument target_frame - frame does not exist
[controller_server-8] [INFO] [1789659531.318017188] [local_costmap.local_costmap]: Timed out waiting for transform from base_footprint to odom to become available, tf error: Invalid frame ID "odom" passed to canTransform argument target_frame - frame does not exist
[controller_server-8] [INFO] [1789659531.817967739] [local_costmap.local_costmap]: Timed out waiting for transform from base_footprint to odom to become available, tf error: Invalid frame ID "odom" passed to canTransform argument target_frame - frame does not exist
[controller_server-8] [INFO] [1789659532.317624058] [local_costmap.local_costmap]: Timed out waiting for transform from base_footprint to odom to become available, tf error: Invalid frame ID "odom" passed to canTransform argument target_frame - frame does not exist
[controller_server-8] [INFO] [1789659532.820994362] [local_costmap.local_costmap]: Timed out waiting for transform from base_footprint to odom to become available, tf error: Invalid frame ID "odom" passed to canTransform argument target_frame - frame does not exist
[controller_server-8] [INFO] [1789659533.317834863] [local_costmap.local_costmap]: Timed out waiting for transform from base_footprint to odom to become available, tf error: Invalid frame ID "odom" passed to canTransform argument target_frame - frame does not exist
[controller_server-8] [INFO] [1789659533.818272354] [local_costmap.local_costmap]: Timed out waiting for transform from base_footprint to odom to become available, tf error: Invalid frame ID "odom" passed to canTransform argument target_frame - frame does not exist
[gzserver-1] [INFO] [1789659533.834456061] [contact_load.wheel_front_drive_link_contact_plugin]: Publishing contact states to [/contact_load/wheel_front_drive_link]
[gzserver-1] [INFO] [1789659534.000545738] [contact_load.wheel_rear_drive_link_contact_plugin]: Publishing contact states to [/contact_load/wheel_rear_drive_link]
[gzserver-1] [INFO] [1789659534.144236420] [contact_load.wheel_front_left_link_contact_plugin]: Publishing contact states to [/contact_load/wheel_front_left_link]
[gzserver-1] [INFO] [1789659534.291234765] [contact_load.wheel_front_right_link_contact_plugin]: Publishing contact states to [/contact_load/wheel_front_right_link]
[controller_server-8] [INFO] [1789659534.317372058] [local_costmap.local_costmap]: Timed out waiting for transform from base_footprint to odom to become available, tf error: Invalid frame ID "odom" passed to canTransform argument target_frame - frame does not exist
[gzserver-1] [INFO] [1789659534.412162119] [contact_load.wheel_rear_left_link_contact_plugin]: Publishing contact states to [/contact_load/wheel_rear_left_link]
[spawn_entity.py-3] [INFO] [1789659534.439066472] [spawn_swerve]: Spawn status: SpawnEntity: Successfully spawned entity [swerve_base]
[gzserver-1] [INFO] [1789659534.486873887] [contact_load.wheel_rear_right_link_contact_plugin]: Publishing contact states to [/contact_load/wheel_rear_right_link]
[gzserver-1] [INFO] [1789659534.607056867] [gazebo_ros2_control]: Loading gazebo_ros2_control plugin
[gzserver-1] [INFO] [1789659534.702693306] [gazebo_ros2_control]: Starting gazebo_ros2_control plugin in namespace: /
[gzserver-1] [INFO] [1789659534.702777060] [gazebo_ros2_control]: Starting gazebo_ros2_control plugin in ros 2 node: gazebo_ros2_control
[INFO] [spawn_entity.py-3]: process has finished cleanly [pid 224764]
[INFO] [spawner-15]: process started with pid [225264]
[gzserver-1] [INFO] [1789659534.790145210] [gazebo_ros2_control]: connected to service!! robot_state_publisher
[gzserver-1] [INFO] [1789659534.794227400] [gazebo_ros2_control]: Received urdf from param server, parsing...
[gzserver-1] [INFO] [1789659534.798485657] [gazebo_ros2_control]: Loading parameter files /home/yahboom/swerve_bringup/install/swerve_bringup/share/swerve_bringup/config/controllers.yaml
[controller_server-8] [INFO] [1789659534.819388918] [local_costmap.local_costmap]: Timed out waiting for transform from base_footprint to odom to become available, tf error: Invalid frame ID "odom" passed to canTransform argument target_frame - frame does not exist
[gzserver-1] [INFO] [1789659534.838126886] [gazebo_ros2_control]: Loading joint: steer_front_joint
[gzserver-1] [INFO] [1789659534.838181548] [gazebo_ros2_control]: 	State:
[gzserver-1] [INFO] [1789659534.838195003] [gazebo_ros2_control]: 		 position
[gzserver-1] [INFO] [1789659534.838520352] [gazebo_ros2_control]: 		 velocity
[gzserver-1] [INFO] [1789659534.838549781] [gazebo_ros2_control]: 	Command:
[gzserver-1] [INFO] [1789659534.838561383] [gazebo_ros2_control]: 		 position
[gzserver-1] [INFO] [1789659534.840913783] [gazebo_ros2_control]: Loading joint: steer_rear_joint
[gzserver-1] [INFO] [1789659534.840984634] [gazebo_ros2_control]: 	State:
[gzserver-1] [INFO] [1789659534.840998888] [gazebo_ros2_control]: 		 position
[gzserver-1] [INFO] [1789659534.841010323] [gazebo_ros2_control]: 		 velocity
[gzserver-1] [INFO] [1789659534.841019982] [gazebo_ros2_control]: 	Command:
[gzserver-1] [INFO] [1789659534.841029139] [gazebo_ros2_control]: 		 position
[gzserver-1] [INFO] [1789659534.846385251] [gazebo_ros2_control]: Loading joint: wheel_front_drive_joint
[gzserver-1] [INFO] [1789659534.846430640] [gazebo_ros2_control]: 	State:
[gzserver-1] [INFO] [1789659534.846442995] [gazebo_ros2_control]: 		 position
[gzserver-1] [INFO] [1789659534.846453672] [gazebo_ros2_control]: 		 velocity
[gzserver-1] [INFO] [1789659534.846462428] [gazebo_ros2_control]: 	Command:
[gzserver-1] [INFO] [1789659534.846479024] [gazebo_ros2_control]: 		 velocity
[gzserver-1] [INFO] [1789659534.846814684] [gazebo_ros2_control]: Loading joint: wheel_rear_drive_joint
[gzserver-1] [INFO] [1789659534.846840053] [gazebo_ros2_control]: 	State:
[gzserver-1] [INFO] [1789659534.846849912] [gazebo_ros2_control]: 		 position
[gzserver-1] [INFO] [1789659534.846859500] [gazebo_ros2_control]: 		 velocity
[gzserver-1] [INFO] [1789659534.846867918] [gazebo_ros2_control]: 	Command:
[gzserver-1] [INFO] [1789659534.846946543] [gazebo_ros2_control]: 		 velocity
[gzserver-1] [INFO] [1789659534.847320013] [resource_manager]: Initialize hardware 'GazeboSystem' 
[gzserver-1] [INFO] [1789659534.847560307] [resource_manager]: Successful initialization of hardware 'GazeboSystem'
[gzserver-1] [INFO] [1789659534.847697594] [resource_manager]: 'configure' hardware 'GazeboSystem' 
[gzserver-1] [INFO] [1789659534.847708941] [resource_manager]: Successful 'configure' of hardware 'GazeboSystem'
[gzserver-1] [INFO] [1789659534.847716409] [resource_manager]: 'activate' hardware 'GazeboSystem' 
[gzserver-1] [INFO] [1789659534.847722809] [resource_manager]: Successful 'activate' of hardware 'GazeboSystem'
[gzserver-1] [INFO] [1789659534.847941663] [gazebo_ros2_control]: Loading controller_manager
[gzserver-1] [WARN] [1789659535.119114956] [gazebo_ros2_control]:  Desired controller update period (0.01 s) is slower than the gazebo simulation period (0.001 s).
[gzserver-1] [INFO] [1789659535.122832803] [gazebo_ros2_control]: Loaded gazebo_ros2_control.
[controller_server-8] [INFO] [1789659535.320110998] [local_costmap.local_costmap]: start
[controller_server-8] [INFO] [1789659535.483316997] [controller_server]: Creating bond (controller_server) to lifecycle manager.
[lifecycle_manager-13] [INFO] [1789659535.598562791] [lifecycle_manager_navigation]: Server controller_server connected with bond.
[lifecycle_manager-13] [INFO] [1789659535.598660143] [lifecycle_manager_navigation]: [34m[1mActivating planner_server[0m[0m
[planner_server-9] [INFO] [1789659535.601328812] [planner_server]: Activating
[planner_server-9] [INFO] [1789659535.601394151] [global_costmap.global_costmap]: Activating
[planner_server-9] [INFO] [1789659535.601413481] [global_costmap.global_costmap]: Checking transform
[planner_server-9] [INFO] [1789659535.605650427] [global_costmap.global_costmap]: start
[spawner-15] [INFO] [1789659535.784762715] [spawn_joint_state_broadcaster]: waiting for service /controller_manager/list_controllers to become available...
[planner_server-9] [INFO] [1789659536.126238751] [planner_server]: Activating plugin GridBased of type NavfnPlanner
[planner_server-9] [INFO] [1789659536.156233865] [planner_server]: Creating bond (planner_server) to lifecycle manager.
[lifecycle_manager-13] [INFO] [1789659536.275576206] [lifecycle_manager_navigation]: Server planner_server connected with bond.
[lifecycle_manager-13] [INFO] [1789659536.275647281] [lifecycle_manager_navigation]: [34m[1mActivating behavior_server[0m[0m
[behavior_server-10] [INFO] [1789659536.276228402] [behavior_server]: Activating
[behavior_server-10] [INFO] [1789659536.276282148] [behavior_server]: Activating spin
[behavior_server-10] [INFO] [1789659536.276302730] [behavior_server]: Activating backup
[behavior_server-10] [INFO] [1789659536.276314772] [behavior_server]: Activating drive_on_heading
[behavior_server-10] [INFO] [1789659536.276325317] [behavior_server]: Activating wait
[behavior_server-10] [INFO] [1789659536.276341916] [behavior_server]: Creating bond (behavior_server) to lifecycle manager.
[lifecycle_manager-13] [INFO] [1789659536.391483393] [lifecycle_manager_navigation]: Server behavior_server connected with bond.
[lifecycle_manager-13] [INFO] [1789659536.391561970] [lifecycle_manager_navigation]: [34m[1mActivating bt_navigator[0m[0m
[bt_navigator-11] [INFO] [1789659536.394311191] [bt_navigator]: Activating
[bt_navigator-11] [INFO] [1789659537.014102350] [bt_navigator]: Creating bond (bt_navigator) to lifecycle manager.
[lifecycle_manager-13] [INFO] [1789659537.154979630] [lifecycle_manager_navigation]: Server bt_navigator connected with bond.
[lifecycle_manager-13] [INFO] [1789659537.155047284] [lifecycle_manager_navigation]: [34m[1mActivating waypoint_follower[0m[0m
[waypoint_follower-12] [INFO] [1789659537.158097521] [waypoint_follower]: Activating
[waypoint_follower-12] [INFO] [1789659537.158199459] [waypoint_follower]: Creating bond (waypoint_follower) to lifecycle manager.
[lifecycle_manager-13] [INFO] [1789659537.282262272] [lifecycle_manager_navigation]: Server waypoint_follower connected with bond.
[lifecycle_manager-13] [INFO] [1789659537.282341854] [lifecycle_manager_navigation]: [34m[1mManaged nodes are active[0m[0m
[lifecycle_manager-13] [INFO] [1789659537.282359455] [lifecycle_manager_navigation]: [34m[1mCreating bond timer...[0m[0m
[gzserver-1] [INFO] [1789659537.389824312] [controller_manager]: Loading controller 'joint_state_broadcaster'
[spawner-15] [INFO] [1789659537.604846335] [spawn_joint_state_broadcaster]: [94mLoaded [1mjoint_state_broadcaster[0m
[gzserver-1] [INFO] [1789659537.613364380] [controller_manager]: Configuring controller 'joint_state_broadcaster'
[gzserver-1] [INFO] [1789659537.613871395] [joint_state_broadcaster]: 'joints' or 'interfaces' parameter is empty. All available state interfaces will be published
[spawner-15] [INFO] [1789659537.873051677] [spawn_joint_state_broadcaster]: [92mConfigured and activated [1mjoint_state_broadcaster[0m
[INFO] [spawner-15]: process has finished cleanly [pid 225264]
[INFO] [spawner-16]: process started with pid [225282]
[spawner-16] [INFO] [1789659539.286461527] [spawn_steering_controller]: waiting for service /controller_manager/list_controllers to become available...
[gzserver-1] [INFO] [1789659540.560896924] [controller_manager]: Loading controller 'steering_controller'
[spawner-16] [INFO] [1789659540.893336411] [spawn_steering_controller]: [94mLoaded [1msteering_controller[0m
[gzserver-1] [INFO] [1789659540.910495109] [controller_manager]: Configuring controller 'steering_controller'
[gzserver-1] [INFO] [1789659540.918310117] [steering_controller]: configure successful
[gzserver-1] [INFO] [1789659541.049787607] [steering_controller]: activate successful
[spawner-16] [INFO] [1789659541.253701064] [spawn_steering_controller]: [92mConfigured and activated [1msteering_controller[0m
[INFO] [spawner-16]: process has finished cleanly [pid 225282]
[INFO] [spawner-17]: process started with pid [225372]
[spawner-17] [INFO] [1789659542.736800813] [spawn_drive_controller]: waiting for service /controller_manager/list_controllers to become available...
[gzserver-1] [INFO] [1789659544.026399065] [controller_manager]: Loading controller 'drive_controller'
[spawner-17] [INFO] [1789659544.251192333] [spawn_drive_controller]: [94mLoaded [1mdrive_controller[0m
[gzserver-1] [INFO] [1789659544.268992925] [controller_manager]: Configuring controller 'drive_controller'
[gzserver-1] [INFO] [1789659544.292004479] [drive_controller]: configure successful
[gzserver-1] [INFO] [1789659544.459644349] [drive_controller]: activate successful
[spawner-17] [INFO] [1789659544.483072574] [spawn_drive_controller]: [92mConfigured and activated [1mdrive_controller[0m
[INFO] [spawner-17]: process has finished cleanly [pid 225372]
[INFO] [swerve_controller_node-18]: process started with pid [225462]
[INFO] [swerve_odometry_node-19]: process started with pid [225464]
[swerve_odometry_node-19] [INFO] [1789659546.582877978] [swerve_odometry]: Encoder odometry ready: radius=0.0637 m, velocity_sign=+1.0
[swerve_controller_node-18] [INFO] [1789659546.683532241] [swerve_controller]: Swerve controller ready: radius=0.0675 m, modules={'front': (0.300042, 0.0), 'rear': (-0.300042, 0.0)}
[WARNING] [launch]: user interrupted with ctrl-c (SIGINT)
[INFO] [swerve_odometry_node-19]: sending signal 'SIGINT' to process[swerve_odometry_node-19]
[INFO] [swerve_controller_node-18]: sending signal 'SIGINT' to process[swerve_controller_node-18]
[INFO] [lifecycle_manager-13]: sending signal 'SIGINT' to process[lifecycle_manager-13]
[INFO] [waypoint_follower-12]: sending signal 'SIGINT' to process[waypoint_follower-12]
[INFO] [bt_navigator-11]: sending signal 'SIGINT' to process[bt_navigator-11]
[INFO] [behavior_server-10]: sending signal 'SIGINT' to process[behavior_server-10]
[INFO] [planner_server-9]: sending signal 'SIGINT' to process[planner_server-9]
[INFO] [controller_server-8]: sending signal 'SIGINT' to process[controller_server-8]
[INFO] [map_server-7]: sending signal 'SIGINT' to process[map_server-7]
[INFO] [ekf_node-6]: sending signal 'SIGINT' to process[ekf_node-6]
[INFO] [v30e_sim_node-5]: sending signal 'SIGINT' to process[v30e_sim_node-5]
[INFO] [ekf_node-4]: sending signal 'SIGINT' to process[ekf_node-4]
[INFO] [robot_state_publisher-2]: sending signal 'SIGINT' to process[robot_state_publisher-2]
[INFO] [gzserver-1]: sending signal 'SIGINT' to process[gzserver-1]
[bt_navigator-11] [INFO] [1789659590.072017317] [rclcpp]: signal_handler(signum=2)
[bt_navigator-11] [INFO] [1789659590.073947718] [bt_navigator]: Running Nav2 LifecycleNode rcl preshutdown (bt_navigator)
[bt_navigator-11] [INFO] [1789659590.074051841] [bt_navigator]: Deactivating
[bt_navigator-11] [INFO] [1789659590.074089628] [bt_navigator]: Destroying bond (bt_navigator) to lifecycle manager.
[bt_navigator-11] [INFO] [1789659590.087765435] [bt_navigator]: Cleaning up
[controller_server-8] [INFO] [1789659590.072152911] [rclcpp]: signal_handler(signum=2)
[controller_server-8] [INFO] [1789659590.078649072] [controller_server]: Running Nav2 LifecycleNode rcl preshutdown (controller_server)
[controller_server-8] [INFO] [1789659590.078731689] [controller_server]: Deactivating
[controller_server-8] [INFO] [1789659590.078787644] [local_costmap.local_costmap]: Deactivating
[map_server-7] [INFO] [1789659590.072203223] [rclcpp]: signal_handler(signum=2)
[map_server-7] [INFO] [1789659590.073379891] [map_server]: Running Nav2 LifecycleNode rcl preshutdown (map_server)
[map_server-7] [INFO] [1789659590.073476647] [map_server]: Deactivating
[map_server-7] [INFO] [1789659590.073507789] [map_server]: Destroying bond (map_server) to lifecycle manager.
[planner_server-9] [INFO] [1789659590.074971994] [rclcpp]: signal_handler(signum=2)
[planner_server-9] [INFO] [1789659590.080503913] [planner_server]: Running Nav2 LifecycleNode rcl preshutdown (planner_server)
[planner_server-9] [INFO] [1789659590.085984653] [planner_server]: Deactivating
[planner_server-9] [INFO] [1789659590.086035989] [global_costmap.global_costmap]: Deactivating
[behavior_server-10] [INFO] [1789659590.076864262] [rclcpp]: signal_handler(signum=2)
[behavior_server-10] [INFO] [1789659590.081385277] [behavior_server]: Running Nav2 LifecycleNode rcl preshutdown (behavior_server)
[behavior_server-10] [INFO] [1789659590.081461033] [behavior_server]: Deactivating
[behavior_server-10] [INFO] [1789659590.081499809] [behavior_server]: Destroying bond (behavior_server) to lifecycle manager.
[ERROR] [ekf_node-4]: process has died [pid 224766, exit code -2, cmd '/opt/ros/humble/lib/robot_localization/ekf_node --ros-args -r __node:=ekf_filter_node --params-file /home/yahboom/swerve_bringup/install/swerve_bringup/share/swerve_bringup/config/ekf.yaml --params-file /tmp/launch_params_fqfi2469 -r /odom:=/odom -r /imu/data:=/imu/data'].
[lifecycle_manager-13] [INFO] [1789659590.076948406] [rclcpp]: signal_handler(signum=2)
[lifecycle_manager-13] [INFO] [1789659590.077569788] [lifecycle_manager_navigation]: Running Nav2 LifecycleManager rcl preshutdown (lifecycle_manager_navigation)
[lifecycle_manager-13] [INFO] [1789659590.077621096] [lifecycle_manager_navigation]: [34m[1mTerminating bond timer...[0m[0m
[robot_state_publisher-2] [INFO] [1789659590.077102775] [rclcpp]: signal_handler(signum=2)
[ekf_node-4] [INFO] [1789659590.077325542] [rclcpp]: signal_handler(signum=2)
[ekf_node-6] [INFO] [1789659590.077560107] [rclcpp]: signal_handler(signum=2)
[waypoint_follower-12] [INFO] [1789659590.078184139] [rclcpp]: signal_handler(signum=2)
[waypoint_follower-12] [INFO] [1789659590.079028092] [waypoint_follower]: Running Nav2 LifecycleNode rcl preshutdown (waypoint_follower)
[waypoint_follower-12] [INFO] [1789659590.079099114] [waypoint_follower]: Deactivating
[waypoint_follower-12] [INFO] [1789659590.079127350] [waypoint_follower]: Destroying bond (waypoint_follower) to lifecycle manager.
[map_server-7] [INFO] [1789659590.107017823] [map_server]: Cleaning up
[planner_server-9] [INFO] [1789659590.109866896] [planner_server]: Deactivating plugin GridBased of type NavfnPlanner
[planner_server-9] [INFO] [1789659590.109915005] [planner_server]: Destroying bond (planner_server) to lifecycle manager.
[lifecycle_manager-13] [INFO] [1789659590.127940405] [rclcpp]: signal_handler(signum=2)
[swerve_controller_node-18] Traceback (most recent call last):
[swerve_controller_node-18]   File "/home/yahboom/swerve_bringup/install/swerve_bringup/lib/swerve_bringup/swerve_controller_node", line 192, in <module>
[swerve_controller_node-18]     main()
[swerve_controller_node-18]   File "/home/yahboom/swerve_bringup/install/swerve_bringup/lib/swerve_bringup/swerve_controller_node", line 187, in main
[swerve_controller_node-18]     node.destroy_node()
[swerve_controller_node-18]   File "/opt/ros/humble/local/lib/python3.10/dist-packages/rclpy/node.py", line 1685, in destroy_node
[swerve_controller_node-18]     self.destroy_publisher(self._publishers[0])
[swerve_controller_node-18]   File "/opt/ros/humble/local/lib/python3.10/dist-packages/rclpy/node.py", line 1565, in destroy_publisher
[swerve_controller_node-18]     publisher.destroy()
[swerve_controller_node-18]   File "/opt/ros/humble/local/lib/python3.10/dist-packages/rclpy/publisher.py", line 99, in destroy
[swerve_controller_node-18]     self.__publisher.destroy_when_not_in_use()
[swerve_controller_node-18] KeyboardInterrupt
[bt_navigator-11] [INFO] [1789659590.138225133] [rclcpp]: signal_handler(signum=2)
[waypoint_follower-12] [INFO] [1789659590.139747072] [rclcpp]: signal_handler(signum=2)
[behavior_server-10] [INFO] [1789659590.142976249] [rclcpp]: signal_handler(signum=2)
[swerve_odometry_node-19] Traceback (most recent call last):
[swerve_odometry_node-19]   File "/home/yahboom/swerve_bringup/install/swerve_bringup/lib/swerve_bringup/swerve_odometry_node", line 221, in <module>
[swerve_odometry_node-19]     main()
[swerve_odometry_node-19]   File "/home/yahboom/swerve_bringup/install/swerve_bringup/lib/swerve_bringup/swerve_odometry_node", line 215, in main
[swerve_odometry_node-19]     node.destroy_node()
[swerve_odometry_node-19]   File "/opt/ros/humble/local/lib/python3.10/dist-packages/rclpy/node.py", line 1685, in destroy_node
[swerve_odometry_node-19]     self.destroy_publisher(self._publishers[0])
[swerve_odometry_node-19]   File "/opt/ros/humble/local/lib/python3.10/dist-packages/rclpy/node.py", line 1565, in destroy_publisher
[swerve_odometry_node-19]     publisher.destroy()
[swerve_odometry_node-19]   File "/opt/ros/humble/local/lib/python3.10/dist-packages/rclpy/publisher.py", line 99, in destroy
[swerve_odometry_node-19]     self.__publisher.destroy_when_not_in_use()
[swerve_odometry_node-19] KeyboardInterrupt
[planner_server-9] [INFO] [1789659590.148136541] [rclcpp]: signal_handler(signum=2)
[controller_server-8] [INFO] [1789659590.151618407] [rclcpp]: signal_handler(signum=2)
[map_server-7] [INFO] [1789659590.158367243] [rclcpp]: signal_handler(signum=2)
[waypoint_follower-12] [INFO] [1789659590.164429149] [waypoint_follower]: Cleaning up
[ekf_node-6] [INFO] [1789659590.168606823] [rclcpp]: signal_handler(signum=2)
[robot_state_publisher-2] [INFO] [1789659590.183948090] [rclcpp]: signal_handler(signum=2)
[behavior_server-10] [INFO] [1789659590.184217384] [behavior_server]: Cleaning up
[planner_server-9] [INFO] [1789659590.197864327] [planner_server]: Cleaning up
[v30e_sim_node-5] Traceback (most recent call last):
[v30e_sim_node-5]   File "/home/yahboom/swerve_bringup/install/swerve_bringup/lib/swerve_bringup/v30e_sim_node", line 188, in <module>
[v30e_sim_node-5]     if __name__ == '__main__': main()
[v30e_sim_node-5]   File "/home/yahboom/swerve_bringup/install/swerve_bringup/lib/swerve_bringup/v30e_sim_node", line 185, in main
[v30e_sim_node-5]     node.destroy_node(); rclpy.shutdown()
[v30e_sim_node-5]   File "/opt/ros/humble/local/lib/python3.10/dist-packages/rclpy/node.py", line 1685, in destroy_node
[v30e_sim_node-5]     self.destroy_publisher(self._publishers[0])
[v30e_sim_node-5]   File "/opt/ros/humble/local/lib/python3.10/dist-packages/rclpy/node.py", line 1565, in destroy_publisher
[v30e_sim_node-5]     publisher.destroy()
[v30e_sim_node-5]   File "/opt/ros/humble/local/lib/python3.10/dist-packages/rclpy/publisher.py", line 99, in destroy
[v30e_sim_node-5]     self.__publisher.destroy_when_not_in_use()
[v30e_sim_node-5] KeyboardInterrupt
[map_server-7] [INFO] [1789659590.208329989] [map_server]: Destroying bond (map_server) to lifecycle manager.
[map_server-7] [INFO] [1789659590.218330183] [map_server]: Destroying
[controller_server-8] [INFO] [1789659590.219552781] [controller_server]: Destroying bond (controller_server) to lifecycle manager.
[controller_server-8] [INFO] [1789659590.302086124] [controller_server]: Cleaning up
[controller_server-8] [INFO] [1789659590.302276358] [local_costmap.local_costmap]: Cleaning up
[waypoint_follower-12] [INFO] [1789659590.325407934] [waypoint_follower]: Destroying bond (waypoint_follower) to lifecycle manager.
[waypoint_follower-12] [INFO] [1789659590.357468120] [waypoint_follower]: Destroying
[planner_server-9] [INFO] [1789659590.448553479] [global_costmap.global_costmap]: Cleaning up
[ERROR] [v30e_sim_node-5]: process has died [pid 224768, exit code -2, cmd '/home/yahboom/swerve_bringup/install/swerve_bringup/lib/swerve_bringup/v30e_sim_node --ros-args -r __node:=v30e_sim_node --params-file /home/yahboom/swerve_bringup/install/swerve_bringup/share/swerve_bringup/config/v30e_sim.yaml --params-file /tmp/launch_params_tncr8wfh'].
[ERROR] [swerve_controller_node-18]: process has died [pid 225462, exit code -2, cmd '/home/yahboom/swerve_bringup/install/swerve_bringup/lib/swerve_bringup/swerve_controller_node --ros-args -r __node:=swerve_controller --params-file /home/yahboom/swerve_bringup/install/swerve_bringup/share/swerve_bringup/config/swerve_controller.yaml --params-file /tmp/launch_params_oii7x6vb'].
[ERROR] [swerve_odometry_node-19]: process has died [pid 225464, exit code -2, cmd '/home/yahboom/swerve_bringup/install/swerve_bringup/lib/swerve_bringup/swerve_odometry_node --ros-args -r __node:=swerve_odometry --params-file /home/yahboom/swerve_bringup/install/swerve_bringup/share/swerve_bringup/config/swerve_odometry.yaml --params-file /tmp/launch_params_tjt7mpxi'].
[INFO] [robot_state_publisher-2]: process has finished cleanly [pid 224762]
[behavior_server-10] [INFO] [1789659590.552812278] [behavior_server]: Destroying bond (behavior_server) to lifecycle manager.
[lifecycle_manager-13] [INFO] [1789659590.558604143] [lifecycle_manager_navigation]: Destroying lifecycle_manager_navigation
[planner_server-9] [INFO] [1789659590.575385719] [planner_server]: Cleaning up plugin GridBased of type NavfnPlanner
[planner_server-9] [INFO] [1789659590.578465865] [planner_server]: Destroying plugin GridBased of type NavfnPlanner
[behavior_server-10] [INFO] [1789659590.581455510] [behavior_server]: Destroying
[controller_server-8] [INFO] [1789659590.586630196] [controller_server]: Destroying bond (controller_server) to lifecycle manager.
[INFO] [waypoint_follower-12]: process has finished cleanly [pid 224809]
[INFO] [map_server-7]: process has finished cleanly [pid 224772]
[controller_server-8] [INFO] [1789659590.618004260] [local_costmap.local_costmap]: Destroying
[planner_server-9] [INFO] [1789659590.651509172] [planner_server]: Destroying bond (planner_server) to lifecycle manager.
[INFO] [ekf_node-6]: process has finished cleanly [pid 224770]
[controller_server-8] [INFO] [1789659590.672651686] [controller_server]: Destroying
[planner_server-9] [INFO] [1789659590.691427810] [global_costmap.global_costmap]: Destroying
[bt_navigator-11] [INFO] [1789659590.698818060] [bt_navigator]: Completed Cleaning up
[bt_navigator-11] [INFO] [1789659590.698908058] [bt_navigator]: Destroying bond (bt_navigator) to lifecycle manager.
[INFO] [lifecycle_manager-13]: process has finished cleanly [pid 224815]
[planner_server-9] [INFO] [1789659590.731387326] [planner_server]: Destroying
[bt_navigator-11] [INFO] [1789659590.734874825] [bt_navigator]: Destroying
[INFO] [behavior_server-10]: process has finished cleanly [pid 224793]
[INFO] [controller_server-8]: process has finished cleanly [pid 224775]
[INFO] [planner_server-9]: process has finished cleanly [pid 224777]
[INFO] [bt_navigator-11]: process has finished cleanly [pid 224797]
[INFO] [gzserver-1]: process has finished cleanly [pid 224760]
