[0.098s] Invoking command in '/home/yahboom/swerve_bringup/build/swerve_bringup': CMAKE_PREFIX_PATH=/home/yahboom/cartoros2/install/yahboom_web_savmap_interfaces:/home/yahboom/cartoros2/install/yahboom_qrcode:/home/yahboom/cartoros2/install/yahboom_point:/home/yahboom/cartoros2/install/yahboom_nav2_send_goal:/home/yahboom/cartoros2/install/yahboom_msgs:/home/yahboom/cartoros2/install/yahboom_config:/home/yahboom/cartoros2/install/yahboom_color_identify_interfaces:/home/yahboom/cartoros2/install/yahboom_attitude_record_interfaces:/home/yahboom/cartoros2/install/turtlebot3_description:/home/yahboom/cartoros2/install/robot_pose_publisher_ros2:/home/yahboom/cartoros2/install/rf2o_laser_odometry:/home/yahboom/cartoros2/install/nav2_system_tests:/home/yahboom/cartoros2/install/nav2_bringup:/home/yahboom/cartoros2/install/navigation2:/home/yahboom/cartoros2/install/nav2_smoother:/home/yahboom/cartoros2/install/nav2_graceful_controller:/home/yahboom/cartoros2/install/nav2_dwb_controller:/home/yahboom/cartoros2/install/nav2_controller:/home/yahboom/cartoros2/install/dwb_plugins:/home/yahboom/cartoros2/install/dwb_critics:/home/yahboom/cartoros2/install/dwb_core:/home/yahboom/cartoros2/install/nav_2d_utils:/home/yahboom/cartoros2/install/dwb_msgs:/home/yahboom/cartoros2/install/nav_2d_msgs:/home/yahboom/cartoros2/install/nav2_waypoint_follower:/home/yahboom/cartoros2/install/nav2_theta_star_planner:/home/yahboom/cartoros2/install/nav2_smac_planner:/home/yahboom/cartoros2/install/nav2_rotation_shim_controller:/home/yahboom/cartoros2/install/nav2_regulated_pure_pursuit_controller:/home/yahboom/cartoros2/install/nav2_planner:/home/yahboom/cartoros2/install/nav2_navfn_planner:/home/yahboom/cartoros2/install/nav2_mppi_controller:/home/yahboom/cartoros2/install/nav2_constrained_smoother:/home/yahboom/cartoros2/install/nav2_bt_navigator:/home/yahboom/cartoros2/install/nav2_behaviors:/home/yahboom/cartoros2/install/nav2_core:/home/yahboom/cartoros2/install/nav2_collision_monitor:/home/yahboom/cartoros2/install/costmap_queue:/home/yahboom/cartoros2/install/nav2_costmap_2d:/home/yahboom/cartoros2/install/nav2_voxel_grid:/home/yahboom/cartoros2/install/nav2_velocity_smoother:/home/yahboom/cartoros2/install/nav2_rviz_plugins:/home/yahboom/cartoros2/install/nav2_map_server:/home/yahboom/cartoros2/install/nav2_lifecycle_manager:/home/yahboom/cartoros2/install/nav2_behavior_tree:/home/yahboom/cartoros2/install/nav2_amcl:/home/yahboom/cartoros2/install/nav2_util:/home/yahboom/cartoros2/install/nav2_msgs:/home/yahboom/cartoros2/install/nav2_common:/home/yahboom/cartoros2/install/image_color_lab:/home/yahboom/cartoros2/install/dynamixel_sdk_examples:/home/yahboom/cartoros2/install/dynamixel_sdk_custom_interfaces:/home/yahboom/cartoros2/install/dynamixel_sdk:/home/yahboom/cartoros2/install/csm:/home/yahboom/cartoros2/install/champ_msgs:/home/yahboom/cartoros2/install/champ:/home/yahboom/cartoros2/install/cartographer_ros_msgs:/home/yahboom/cartoros2/install/cartographer:/home/yahboom/yahboomcar_ws/install/yahboom_dog_node:/home/yahboom/yahboomcar_ws/install/yahboom_dog_navigation2:/home/yahboom/yahboomcar_ws/install/yahboom_dog_nav:/home/yahboom/yahboomcar_ws/install/yahboom_dog_msgs:/home/yahboom/yahboomcar_ws/install/yahboom_dog_cartographer:/home/yahboom/yahboomcar_ws/install/yahboom_dog:/home/yahboom/yahboomcar_ws/install/yahboom_dog_bringup:/home/yahboom/yahboomcar_ws/install/dynamixel_sdk_examples:/home/yahboom/yahboomcar_ws/install/dynamixel_sdk_custom_interfaces:/home/yahboom/yahboomcar_ws/install/dynamixel_sdk:/home/yahboom/yahboomcar_ws/install/champ_navigation:/home/yahboom/yahboomcar_ws/install/champ_msgs:/home/yahboom/cartoros2/install/yahboomcar_nav:/home/yahboom/cartoros2/install/yahboomcar_ctrl:/home/yahboom/cartoros2/install/yahboom_visual:/home/yahboom/cartoros2/install/yahboom_dog_joint_state:/home/yahboom/cartoros2/install/yahboom_description:/home/yahboom/cartoros2/install/yahboom_color_identify_server:/home/yahboom/cartoros2/install/yahboom_bringup:/home/yahboom/cartoros2/install/yahboom_base:/home/yahboom/cartoros2/install/yahboom_app_save_map:/home/yahboom/cartoros2/install/update_map:/home/yahboom/cartoros2/install/rosboard:/home/yahboom/cartoros2/install/path_planner_server:/home/yahboom/cartoros2/install/nav2_simple_commander:/home/yahboom/cartoros2/install/nav2_gazebo_spawner:/home/yahboom/cartoros2/install/localization_server:/home/yahboom/cartoros2/install/laserscan_to_point_pulisher:/home/yahboom/cartoros2/install/dogzilla_sim:/home/yahboom/yahboomcar_ws/install/yahboom_dog_example:/home/yahboom/ros2_ws/install/tb3_slam_viewer:/opt/ros/humble:/home/yahboom/yahboomcar_ws/install/champ_gazebo:/home/yahboom/yahboomcar_ws/install/champ_bringup:/home/yahboom/yahboomcar_ws/install/champ_description:/home/yahboom/yahboomcar_ws/install/champ_config:/home/yahboom/yahboomcar_ws/install/champ:/home/yahboom/ros2_ws/install/your_planner:/home/yahboom/ros2_ws/install/champ_description VIRTUAL_ENV_PROMPT=(.venv) /usr/bin/cmake --build /home/yahboom/swerve_bringup/build/swerve_bringup -- -j16 -l16
[0.395s] [  3%] Built target swerve_bringup__cpp
[0.564s] [  3%] Built target ament_cmake_python_symlink_swerve_bringup
[0.683s] [ 12%] Built target swerve_bringup__rosidl_typesupport_introspection_cpp
[1.898s] running egg_info
[1.898s] writing swerve_bringup.egg-info/PKG-INFO
[1.898s] writing dependency_links to swerve_bringup.egg-info/dependency_links.txt
[1.899s] writing top-level names to swerve_bringup.egg-info/top_level.txt
[1.910s] reading manifest file 'swerve_bringup.egg-info/SOURCES.txt'
[1.910s] writing manifest file 'swerve_bringup.egg-info/SOURCES.txt'
[2.068s] [ 12%] Built target ament_cmake_python_build_swerve_bringup_egg
[2.223s] [ 22%] Built target swerve_bringup__rosidl_typesupport_fastrtps_cpp
[2.408s] [ 32%] Built target swerve_bringup__rosidl_typesupport_cpp
[2.545s] [ 41%] Built target swerve_bringup__rosidl_generator_c
[2.680s] [ 51%] Built target swerve_bringup__rosidl_typesupport_fastrtps_c
[2.814s] [ 61%] Built target swerve_bringup__rosidl_typesupport_c
[2.968s] [ 70%] Built target swerve_bringup__rosidl_typesupport_introspection_c
[3.099s] [ 70%] Built target swerve_bringup
[3.253s] [ 74%] Built target swerve_bringup__py
[3.325s] Consolidate compiler generated dependencies of target swerve_bringup__rosidl_generator_py
[3.431s] [ 80%] Built target swerve_bringup__rosidl_generator_py
[3.498s] Consolidate compiler generated dependencies of target swerve_bringup__rosidl_typesupport_fastrtps_c__pyext
[3.549s] [ 87%] Built target swerve_bringup__rosidl_typesupport_fastrtps_c__pyext
[3.608s] Consolidate compiler generated dependencies of target swerve_bringup__rosidl_typesupport_c__pyext
[3.671s] [ 93%] Built target swerve_bringup__rosidl_typesupport_c__pyext
[3.765s] Consolidate compiler generated dependencies of target swerve_bringup__rosidl_typesupport_introspection_c__pyext
[3.840s] [100%] Built target swerve_bringup__rosidl_typesupport_introspection_c__pyext
[3.906s] Invoked command in '/home/yahboom/swerve_bringup/build/swerve_bringup' returned '0': CMAKE_PREFIX_PATH=/home/yahboom/cartoros2/install/yahboom_web_savmap_interfaces:/home/yahboom/cartoros2/install/yahboom_qrcode:/home/yahboom/cartoros2/install/yahboom_point:/home/yahboom/cartoros2/install/yahboom_nav2_send_goal:/home/yahboom/cartoros2/install/yahboom_msgs:/home/yahboom/cartoros2/install/yahboom_config:/home/yahboom/cartoros2/install/yahboom_color_identify_interfaces:/home/yahboom/cartoros2/install/yahboom_attitude_record_interfaces:/home/yahboom/cartoros2/install/turtlebot3_description:/home/yahboom/cartoros2/install/robot_pose_publisher_ros2:/home/yahboom/cartoros2/install/rf2o_laser_odometry:/home/yahboom/cartoros2/install/nav2_system_tests:/home/yahboom/cartoros2/install/nav2_bringup:/home/yahboom/cartoros2/install/navigation2:/home/yahboom/cartoros2/install/nav2_smoother:/home/yahboom/cartoros2/install/nav2_graceful_controller:/home/yahboom/cartoros2/install/nav2_dwb_controller:/home/yahboom/cartoros2/install/nav2_controller:/home/yahboom/cartoros2/install/dwb_plugins:/home/yahboom/cartoros2/install/dwb_critics:/home/yahboom/cartoros2/install/dwb_core:/home/yahboom/cartoros2/install/nav_2d_utils:/home/yahboom/cartoros2/install/dwb_msgs:/home/yahboom/cartoros2/install/nav_2d_msgs:/home/yahboom/cartoros2/install/nav2_waypoint_follower:/home/yahboom/cartoros2/install/nav2_theta_star_planner:/home/yahboom/cartoros2/install/nav2_smac_planner:/home/yahboom/cartoros2/install/nav2_rotation_shim_controller:/home/yahboom/cartoros2/install/nav2_regulated_pure_pursuit_controller:/home/yahboom/cartoros2/install/nav2_planner:/home/yahboom/cartoros2/install/nav2_navfn_planner:/home/yahboom/cartoros2/install/nav2_mppi_controller:/home/yahboom/cartoros2/install/nav2_constrained_smoother:/home/yahboom/cartoros2/install/nav2_bt_navigator:/home/yahboom/cartoros2/install/nav2_behaviors:/home/yahboom/cartoros2/install/nav2_core:/home/yahboom/cartoros2/install/nav2_collision_monitor:/home/yahboom/cartoros2/install/costmap_queue:/home/yahboom/cartoros2/install/nav2_costmap_2d:/home/yahboom/cartoros2/install/nav2_voxel_grid:/home/yahboom/cartoros2/install/nav2_velocity_smoother:/home/yahboom/cartoros2/install/nav2_rviz_plugins:/home/yahboom/cartoros2/install/nav2_map_server:/home/yahboom/cartoros2/install/nav2_lifecycle_manager:/home/yahboom/cartoros2/install/nav2_behavior_tree:/home/yahboom/cartoros2/install/nav2_amcl:/home/yahboom/cartoros2/install/nav2_util:/home/yahboom/cartoros2/install/nav2_msgs:/home/yahboom/cartoros2/install/nav2_common:/home/yahboom/cartoros2/install/image_color_lab:/home/yahboom/cartoros2/install/dynamixel_sdk_examples:/home/yahboom/cartoros2/install/dynamixel_sdk_custom_interfaces:/home/yahboom/cartoros2/install/dynamixel_sdk:/home/yahboom/cartoros2/install/csm:/home/yahboom/cartoros2/install/champ_msgs:/home/yahboom/cartoros2/install/champ:/home/yahboom/cartoros2/install/cartographer_ros_msgs:/home/yahboom/cartoros2/install/cartographer:/home/yahboom/yahboomcar_ws/install/yahboom_dog_node:/home/yahboom/yahboomcar_ws/install/yahboom_dog_navigation2:/home/yahboom/yahboomcar_ws/install/yahboom_dog_nav:/home/yahboom/yahboomcar_ws/install/yahboom_dog_msgs:/home/yahboom/yahboomcar_ws/install/yahboom_dog_cartographer:/home/yahboom/yahboomcar_ws/install/yahboom_dog:/home/yahboom/yahboomcar_ws/install/yahboom_dog_bringup:/home/yahboom/yahboomcar_ws/install/dynamixel_sdk_examples:/home/yahboom/yahboomcar_ws/install/dynamixel_sdk_custom_interfaces:/home/yahboom/yahboomcar_ws/install/dynamixel_sdk:/home/yahboom/yahboomcar_ws/install/champ_navigation:/home/yahboom/yahboomcar_ws/install/champ_msgs:/home/yahboom/cartoros2/install/yahboomcar_nav:/home/yahboom/cartoros2/install/yahboomcar_ctrl:/home/yahboom/cartoros2/install/yahboom_visual:/home/yahboom/cartoros2/install/yahboom_dog_joint_state:/home/yahboom/cartoros2/install/yahboom_description:/home/yahboom/cartoros2/install/yahboom_color_identify_server:/home/yahboom/cartoros2/install/yahboom_bringup:/home/yahboom/cartoros2/install/yahboom_base:/home/yahboom/cartoros2/install/yahboom_app_save_map:/home/yahboom/cartoros2/install/update_map:/home/yahboom/cartoros2/install/rosboard:/home/yahboom/cartoros2/install/path_planner_server:/home/yahboom/cartoros2/install/nav2_simple_commander:/home/yahboom/cartoros2/install/nav2_gazebo_spawner:/home/yahboom/cartoros2/install/localization_server:/home/yahboom/cartoros2/install/laserscan_to_point_pulisher:/home/yahboom/cartoros2/install/dogzilla_sim:/home/yahboom/yahboomcar_ws/install/yahboom_dog_example:/home/yahboom/ros2_ws/install/tb3_slam_viewer:/opt/ros/humble:/home/yahboom/yahboomcar_ws/install/champ_gazebo:/home/yahboom/yahboomcar_ws/install/champ_bringup:/home/yahboom/yahboomcar_ws/install/champ_description:/home/yahboom/yahboomcar_ws/install/champ_config:/home/yahboom/yahboomcar_ws/install/champ:/home/yahboom/ros2_ws/install/your_planner:/home/yahboom/ros2_ws/install/champ_description VIRTUAL_ENV_PROMPT=(.venv) /usr/bin/cmake --build /home/yahboom/swerve_bringup/build/swerve_bringup -- -j16 -l16
[3.954s] Invoking command in '/home/yahboom/swerve_bringup/build/swerve_bringup': CMAKE_PREFIX_PATH=/home/yahboom/cartoros2/install/yahboom_web_savmap_interfaces:/home/yahboom/cartoros2/install/yahboom_qrcode:/home/yahboom/cartoros2/install/yahboom_point:/home/yahboom/cartoros2/install/yahboom_nav2_send_goal:/home/yahboom/cartoros2/install/yahboom_msgs:/home/yahboom/cartoros2/install/yahboom_config:/home/yahboom/cartoros2/install/yahboom_color_identify_interfaces:/home/yahboom/cartoros2/install/yahboom_attitude_record_interfaces:/home/yahboom/cartoros2/install/turtlebot3_description:/home/yahboom/cartoros2/install/robot_pose_publisher_ros2:/home/yahboom/cartoros2/install/rf2o_laser_odometry:/home/yahboom/cartoros2/install/nav2_system_tests:/home/yahboom/cartoros2/install/nav2_bringup:/home/yahboom/cartoros2/install/navigation2:/home/yahboom/cartoros2/install/nav2_smoother:/home/yahboom/cartoros2/install/nav2_graceful_controller:/home/yahboom/cartoros2/install/nav2_dwb_controller:/home/yahboom/cartoros2/install/nav2_controller:/home/yahboom/cartoros2/install/dwb_plugins:/home/yahboom/cartoros2/install/dwb_critics:/home/yahboom/cartoros2/install/dwb_core:/home/yahboom/cartoros2/install/nav_2d_utils:/home/yahboom/cartoros2/install/dwb_msgs:/home/yahboom/cartoros2/install/nav_2d_msgs:/home/yahboom/cartoros2/install/nav2_waypoint_follower:/home/yahboom/cartoros2/install/nav2_theta_star_planner:/home/yahboom/cartoros2/install/nav2_smac_planner:/home/yahboom/cartoros2/install/nav2_rotation_shim_controller:/home/yahboom/cartoros2/install/nav2_regulated_pure_pursuit_controller:/home/yahboom/cartoros2/install/nav2_planner:/home/yahboom/cartoros2/install/nav2_navfn_planner:/home/yahboom/cartoros2/install/nav2_mppi_controller:/home/yahboom/cartoros2/install/nav2_constrained_smoother:/home/yahboom/cartoros2/install/nav2_bt_navigator:/home/yahboom/cartoros2/install/nav2_behaviors:/home/yahboom/cartoros2/install/nav2_core:/home/yahboom/cartoros2/install/nav2_collision_monitor:/home/yahboom/cartoros2/install/costmap_queue:/home/yahboom/cartoros2/install/nav2_costmap_2d:/home/yahboom/cartoros2/install/nav2_voxel_grid:/home/yahboom/cartoros2/install/nav2_velocity_smoother:/home/yahboom/cartoros2/install/nav2_rviz_plugins:/home/yahboom/cartoros2/install/nav2_map_server:/home/yahboom/cartoros2/install/nav2_lifecycle_manager:/home/yahboom/cartoros2/install/nav2_behavior_tree:/home/yahboom/cartoros2/install/nav2_amcl:/home/yahboom/cartoros2/install/nav2_util:/home/yahboom/cartoros2/install/nav2_msgs:/home/yahboom/cartoros2/install/nav2_common:/home/yahboom/cartoros2/install/image_color_lab:/home/yahboom/cartoros2/install/dynamixel_sdk_examples:/home/yahboom/cartoros2/install/dynamixel_sdk_custom_interfaces:/home/yahboom/cartoros2/install/dynamixel_sdk:/home/yahboom/cartoros2/install/csm:/home/yahboom/cartoros2/install/champ_msgs:/home/yahboom/cartoros2/install/champ:/home/yahboom/cartoros2/install/cartographer_ros_msgs:/home/yahboom/cartoros2/install/cartographer:/home/yahboom/yahboomcar_ws/install/yahboom_dog_node:/home/yahboom/yahboomcar_ws/install/yahboom_dog_navigation2:/home/yahboom/yahboomcar_ws/install/yahboom_dog_nav:/home/yahboom/yahboomcar_ws/install/yahboom_dog_msgs:/home/yahboom/yahboomcar_ws/install/yahboom_dog_cartographer:/home/yahboom/yahboomcar_ws/install/yahboom_dog:/home/yahboom/yahboomcar_ws/install/yahboom_dog_bringup:/home/yahboom/yahboomcar_ws/install/dynamixel_sdk_examples:/home/yahboom/yahboomcar_ws/install/dynamixel_sdk_custom_interfaces:/home/yahboom/yahboomcar_ws/install/dynamixel_sdk:/home/yahboom/yahboomcar_ws/install/champ_navigation:/home/yahboom/yahboomcar_ws/install/champ_msgs:/home/yahboom/cartoros2/install/yahboomcar_nav:/home/yahboom/cartoros2/install/yahboomcar_ctrl:/home/yahboom/cartoros2/install/yahboom_visual:/home/yahboom/cartoros2/install/yahboom_dog_joint_state:/home/yahboom/cartoros2/install/yahboom_description:/home/yahboom/cartoros2/install/yahboom_color_identify_server:/home/yahboom/cartoros2/install/yahboom_bringup:/home/yahboom/cartoros2/install/yahboom_base:/home/yahboom/cartoros2/install/yahboom_app_save_map:/home/yahboom/cartoros2/install/update_map:/home/yahboom/cartoros2/install/rosboard:/home/yahboom/cartoros2/install/path_planner_server:/home/yahboom/cartoros2/install/nav2_simple_commander:/home/yahboom/cartoros2/install/nav2_gazebo_spawner:/home/yahboom/cartoros2/install/localization_server:/home/yahboom/cartoros2/install/laserscan_to_point_pulisher:/home/yahboom/cartoros2/install/dogzilla_sim:/home/yahboom/yahboomcar_ws/install/yahboom_dog_example:/home/yahboom/ros2_ws/install/tb3_slam_viewer:/opt/ros/humble:/home/yahboom/yahboomcar_ws/install/champ_gazebo:/home/yahboom/yahboomcar_ws/install/champ_bringup:/home/yahboom/yahboomcar_ws/install/champ_description:/home/yahboom/yahboomcar_ws/install/champ_config:/home/yahboom/yahboomcar_ws/install/champ:/home/yahboom/ros2_ws/install/your_planner:/home/yahboom/ros2_ws/install/champ_description VIRTUAL_ENV_PROMPT=(.venv) /usr/bin/cmake --install /home/yahboom/swerve_bringup/build/swerve_bringup
[3.995s] -- Install configuration: ""
[3.995s] -- Execute custom install script
[3.996s] -- Up-to-date symlink: /home/yahboom/swerve_bringup/install/swerve_bringup/share/ament_index/resource_index/rosidl_interfaces/swerve_bringup
[4.000s] -- Up-to-date symlink: /home/yahboom/swerve_bringup/install/swerve_bringup/include/swerve_bringup/swerve_bringup/action/detail/go_to_tag__functions.h
[4.000s] -- Up-to-date symlink: /home/yahboom/swerve_bringup/install/swerve_bringup/include/swerve_bringup/swerve_bringup/action/detail/go_to_tag__struct.h
[4.000s] -- Up-to-date symlink: /home/yahboom/swerve_bringup/install/swerve_bringup/include/swerve_bringup/swerve_bringup/action/detail/go_to_tag__type_support.h
[4.000s] -- Up-to-date symlink: /home/yahboom/swerve_bringup/install/swerve_bringup/include/swerve_bringup/swerve_bringup/action/go_to_tag.h
[4.000s] -- Up-to-date symlink: /home/yahboom/swerve_bringup/install/swerve_bringup/include/swerve_bringup/swerve_bringup/msg/rosidl_generator_c__visibility_control.h
[4.000s] -- Up-to-date symlink: /home/yahboom/swerve_bringup/install/swerve_bringup/share/swerve_bringup/environment/library_path.sh
[4.001s] -- Up-to-date symlink: /home/yahboom/swerve_bringup/install/swerve_bringup/share/swerve_bringup/environment/library_path.dsv
[4.001s] -- Up-to-date symlink: /home/yahboom/swerve_bringup/install/swerve_bringup/include/swerve_bringup/swerve_bringup/action/detail/go_to_tag__rosidl_typesupport_fastrtps_c.h
[4.001s] -- Up-to-date symlink: /home/yahboom/swerve_bringup/install/swerve_bringup/include/swerve_bringup/swerve_bringup/msg/rosidl_typesupport_fastrtps_c__visibility_control.h
[4.001s] -- Up-to-date symlink: /home/yahboom/swerve_bringup/install/swerve_bringup/include/swerve_bringup/swerve_bringup/action/detail/go_to_tag__rosidl_typesupport_introspection_c.h
[4.001s] -- Up-to-date symlink: /home/yahboom/swerve_bringup/install/swerve_bringup/include/swerve_bringup/swerve_bringup/msg/rosidl_typesupport_introspection_c__visibility_control.h
[4.001s] -- Up-to-date symlink: /home/yahboom/swerve_bringup/install/swerve_bringup/include/swerve_bringup/swerve_bringup/action/detail/go_to_tag__builder.hpp
[4.001s] -- Up-to-date symlink: /home/yahboom/swerve_bringup/install/swerve_bringup/include/swerve_bringup/swerve_bringup/action/detail/go_to_tag__struct.hpp
[4.001s] -- Up-to-date symlink: /home/yahboom/swerve_bringup/install/swerve_bringup/include/swerve_bringup/swerve_bringup/action/detail/go_to_tag__traits.hpp
[4.005s] -- Up-to-date symlink: /home/yahboom/swerve_bringup/install/swerve_bringup/include/swerve_bringup/swerve_bringup/action/detail/go_to_tag__type_support.hpp
[4.005s] -- Up-to-date symlink: /home/yahboom/swerve_bringup/install/swerve_bringup/include/swerve_bringup/swerve_bringup/action/go_to_tag.hpp
[4.005s] -- Up-to-date symlink: /home/yahboom/swerve_bringup/install/swerve_bringup/include/swerve_bringup/swerve_bringup/msg/rosidl_generator_cpp__visibility_control.hpp
[4.005s] -- Up-to-date symlink: /home/yahboom/swerve_bringup/install/swerve_bringup/include/swerve_bringup/swerve_bringup/action/detail/go_to_tag__rosidl_typesupport_fastrtps_cpp.hpp
[4.009s] -- Up-to-date symlink: /home/yahboom/swerve_bringup/install/swerve_bringup/include/swerve_bringup/swerve_bringup/msg/rosidl_typesupport_fastrtps_cpp__visibility_control.h
[4.009s] -- Up-to-date symlink: /home/yahboom/swerve_bringup/install/swerve_bringup/include/swerve_bringup/swerve_bringup/action/detail/go_to_tag__rosidl_typesupport_introspection_cpp.hpp
[4.009s] -- Up-to-date symlink: /home/yahboom/swerve_bringup/install/swerve_bringup/share/swerve_bringup/environment/pythonpath.sh
[4.013s] -- Up-to-date symlink: /home/yahboom/swerve_bringup/install/swerve_bringup/share/swerve_bringup/environment/pythonpath.dsv
[4.013s] -- Up-to-date symlink: /home/yahboom/swerve_bringup/install/swerve_bringup/lib/python3.10/site-packages/swerve_bringup-0.1.0-py3.10.egg-info/PKG-INFO
[4.016s] -- Up-to-date symlink: /home/yahboom/swerve_bringup/install/swerve_bringup/lib/python3.10/site-packages/swerve_bringup-0.1.0-py3.10.egg-info/SOURCES.txt
[4.016s] -- Up-to-date symlink: /home/yahboom/swerve_bringup/install/swerve_bringup/lib/python3.10/site-packages/swerve_bringup-0.1.0-py3.10.egg-info/dependency_links.txt
[4.016s] -- Up-to-date symlink: /home/yahboom/swerve_bringup/install/swerve_bringup/lib/python3.10/site-packages/swerve_bringup-0.1.0-py3.10.egg-info/top_level.txt
[4.017s] -- Up-to-date symlink: /home/yahboom/swerve_bringup/install/swerve_bringup/lib/python3.10/site-packages/swerve_bringup/__init__.py
[4.017s] -- Up-to-date symlink: /home/yahboom/swerve_bringup/install/swerve_bringup/lib/python3.10/site-packages/swerve_bringup/_swerve_bringup_s.ep.rosidl_typesupport_c.c
[4.017s] -- Up-to-date symlink: /home/yahboom/swerve_bringup/install/swerve_bringup/lib/python3.10/site-packages/swerve_bringup/_swerve_bringup_s.ep.rosidl_typesupport_fastrtps_c.c
[4.017s] -- Up-to-date symlink: /home/yahboom/swerve_bringup/install/swerve_bringup/lib/python3.10/site-packages/swerve_bringup/_swerve_bringup_s.ep.rosidl_typesupport_introspection_c.c
[4.017s] -- Up-to-date symlink: /home/yahboom/swerve_bringup/install/swerve_bringup/lib/python3.10/site-packages/swerve_bringup/action/__init__.py
[4.017s] -- Up-to-date symlink: /home/yahboom/swerve_bringup/install/swerve_bringup/lib/python3.10/site-packages/swerve_bringup/action/_go_to_tag.py
[4.017s] -- Up-to-date symlink: /home/yahboom/swerve_bringup/install/swerve_bringup/lib/python3.10/site-packages/swerve_bringup/action/_go_to_tag_s.c
[4.017s] -- Up-to-date symlink: /home/yahboom/swerve_bringup/install/swerve_bringup/lib/python3.10/site-packages/swerve_bringup/libswerve_bringup__rosidl_generator_py.so
[4.017s] -- Up-to-date symlink: /home/yahboom/swerve_bringup/install/swerve_bringup/lib/python3.10/site-packages/swerve_bringup/swerve_bringup_s__rosidl_typesupport_c.cpython-310-x86_64-linux-gnu.so
[4.017s] -- Up-to-date symlink: /home/yahboom/swerve_bringup/install/swerve_bringup/lib/python3.10/site-packages/swerve_bringup/swerve_bringup_s__rosidl_typesupport_fastrtps_c.cpython-310-x86_64-linux-gnu.so
[4.017s] -- Up-to-date symlink: /home/yahboom/swerve_bringup/install/swerve_bringup/lib/python3.10/site-packages/swerve_bringup/swerve_bringup_s__rosidl_typesupport_introspection_c.cpython-310-x86_64-linux-gnu.so
[4.017s] -- Up-to-date symlink: /home/yahboom/swerve_bringup/install/swerve_bringup/lib/python3.10/site-packages/swerve_bringup/swerve_bringup_s__rosidl_typesupport_fastrtps_c.cpython-310-x86_64-linux-gnu.so
[4.017s] -- Up-to-date symlink: /home/yahboom/swerve_bringup/install/swerve_bringup/lib/python3.10/site-packages/swerve_bringup/swerve_bringup_s__rosidl_typesupport_introspection_c.cpython-310-x86_64-linux-gnu.so
[4.017s] -- Up-to-date symlink: /home/yahboom/swerve_bringup/install/swerve_bringup/lib/python3.10/site-packages/swerve_bringup/swerve_bringup_s__rosidl_typesupport_c.cpython-310-x86_64-linux-gnu.so
[4.017s] -- Up-to-date symlink: /home/yahboom/swerve_bringup/install/swerve_bringup/share/swerve_bringup/action/GoToTag.idl
[4.018s] -- Up-to-date symlink: /home/yahboom/swerve_bringup/install/swerve_bringup/share/swerve_bringup/action/GoToTag.action
[4.018s] -- Up-to-date symlink: /home/yahboom/swerve_bringup/install/swerve_bringup/share/swerve_bringup/urdf/swerve_base.urdf
[4.018s] -- Up-to-date symlink: /home/yahboom/swerve_bringup/install/swerve_bringup/share/swerve_bringup/meshes/base_frame.stl
[4.018s] -- Up-to-date symlink: /home/yahboom/swerve_bringup/install/swerve_bringup/share/swerve_bringup/meshes/steer_front_housing_v2.stl
[4.018s] -- Up-to-date symlink: /home/yahboom/swerve_bringup/install/swerve_bringup/share/swerve_bringup/meshes/steer_front_wheel_v2.stl
[4.018s] -- Up-to-date symlink: /home/yahboom/swerve_bringup/install/swerve_bringup/share/swerve_bringup/meshes/steer_rear_housing_v2.stl
[4.021s] -- Up-to-date symlink: /home/yahboom/swerve_bringup/install/swerve_bringup/share/swerve_bringup/meshes/steer_rear_wheel_v2.stl
[4.022s] -- Up-to-date symlink: /home/yahboom/swerve_bringup/install/swerve_bringup/share/swerve_bringup/launch/__pycache__/display.launch.cpython-310.pyc
[4.022s] -- Up-to-date symlink: /home/yahboom/swerve_bringup/install/swerve_bringup/share/swerve_bringup/launch/__pycache__/gazebo.launch.cpython-310.pyc
[4.022s] -- Up-to-date symlink: /home/yahboom/swerve_bringup/install/swerve_bringup/share/swerve_bringup/launch/__pycache__/slam.launch.cpython-310.pyc
[4.022s] -- Up-to-date symlink: /home/yahboom/swerve_bringup/install/swerve_bringup/share/swerve_bringup/launch/__pycache__/system.launch.cpython-310.pyc
[4.022s] -- Up-to-date symlink: /home/yahboom/swerve_bringup/install/swerve_bringup/share/swerve_bringup/launch/__pycache__/v30e_sim.launch.cpython-310.pyc
[4.022s] -- Up-to-date symlink: /home/yahboom/swerve_bringup/install/swerve_bringup/share/swerve_bringup/launch/display.launch.py
[4.022s] -- Up-to-date symlink: /home/yahboom/swerve_bringup/install/swerve_bringup/share/swerve_bringup/launch/gazebo.launch.py
[4.022s] -- Up-to-date symlink: /home/yahboom/swerve_bringup/install/swerve_bringup/share/swerve_bringup/launch/gazebo.launch.py.bak
[4.022s] -- Up-to-date symlink: /home/yahboom/swerve_bringup/install/swerve_bringup/share/swerve_bringup/launch/slam.launch.py
[4.022s] -- Up-to-date symlink: /home/yahboom/swerve_bringup/install/swerve_bringup/share/swerve_bringup/launch/system.launch.py
[4.022s] -- Up-to-date symlink: /home/yahboom/swerve_bringup/install/swerve_bringup/share/swerve_bringup/launch/v30e_sim.launch.py
[4.022s] -- Up-to-date symlink: /home/yahboom/swerve_bringup/install/swerve_bringup/share/swerve_bringup/rviz/swerve.rviz
[4.023s] -- Up-to-date symlink: /home/yahboom/swerve_bringup/install/swerve_bringup/share/swerve_bringup/worlds/test.world
[4.023s] -- Up-to-date symlink: /home/yahboom/swerve_bringup/install/swerve_bringup/share/swerve_bringup/worlds/warehouse.world
[4.023s] -- Up-to-date symlink: /home/yahboom/swerve_bringup/install/swerve_bringup/share/swerve_bringup/config/caster_geometry.yaml
[4.023s] -- Up-to-date symlink: /home/yahboom/swerve_bringup/install/swerve_bringup/share/swerve_bringup/config/caster_trail_sweep_test_only.yaml
[4.023s] -- Up-to-date symlink: /home/yahboom/swerve_bringup/install/swerve_bringup/share/swerve_bringup/config/controllers.yaml
[4.027s] -- Up-to-date symlink: /home/yahboom/swerve_bringup/install/swerve_bringup/share/swerve_bringup/config/datamatrix_map.yaml
[4.027s] -- Up-to-date symlink: /home/yahboom/swerve_bringup/install/swerve_bringup/share/swerve_bringup/config/ekf.yaml
[4.027s] -- Up-to-date symlink: /home/yahboom/swerve_bringup/install/swerve_bringup/share/swerve_bringup/config/imu.yaml
[4.027s] -- Up-to-date symlink: /home/yahboom/swerve_bringup/install/swerve_bringup/share/swerve_bringup/config/lidar.yaml
[4.027s] -- Up-to-date symlink: /home/yahboom/swerve_bringup/install/swerve_bringup/share/swerve_bringup/config/lidar_preprocessing.yaml
[4.027s] -- Up-to-date symlink: /home/yahboom/swerve_bringup/install/swerve_bringup/share/swerve_bringup/config/pointcloud_to_laserscan.yaml
[4.027s] -- Up-to-date symlink: /home/yahboom/swerve_bringup/install/swerve_bringup/share/swerve_bringup/config/sim_real_interface.yaml
[4.027s] -- Up-to-date symlink: /home/yahboom/swerve_bringup/install/swerve_bringup/share/swerve_bringup/config/slam_toolbox.yaml
[4.027s] -- Up-to-date symlink: /home/yahboom/swerve_bringup/install/swerve_bringup/share/swerve_bringup/config/swerve_controller.yaml
[4.028s] -- Up-to-date symlink: /home/yahboom/swerve_bringup/install/swerve_bringup/share/swerve_bringup/config/swerve_odometry.yaml
[4.028s] -- Up-to-date symlink: /home/yahboom/swerve_bringup/install/swerve_bringup/share/swerve_bringup/config/tag_graph.yaml
[4.028s] -- Up-to-date symlink: /home/yahboom/swerve_bringup/install/swerve_bringup/share/swerve_bringup/config/tag_navigation.yaml
[4.028s] -- Up-to-date symlink: /home/yahboom/swerve_bringup/install/swerve_bringup/share/swerve_bringup/config/v30e_localization_ekf.yaml
[4.028s] -- Up-to-date symlink: /home/yahboom/swerve_bringup/install/swerve_bringup/share/swerve_bringup/config/v30e_sim.yaml
[4.028s] -- Up-to-date symlink: /home/yahboom/swerve_bringup/install/swerve_bringup/share/swerve_bringup/models/datamatrix_marker/model.config
[4.028s] -- Up-to-date symlink: /home/yahboom/swerve_bringup/install/swerve_bringup/share/swerve_bringup/models/datamatrix_marker/model.sdf
[4.028s] -- Up-to-date symlink: /home/yahboom/swerve_bringup/install/swerve_bringup/share/swerve_bringup/swerve_navigation/config/nav2_params.yaml
[4.034s] -- Up-to-date symlink: /home/yahboom/swerve_bringup/install/swerve_bringup/share/swerve_bringup/swerve_navigation/maps/.gitkeep
[4.034s] -- Up-to-date symlink: /home/yahboom/swerve_bringup/install/swerve_bringup/share/swerve_bringup/swerve_navigation/maps/warehouse.pgm
[4.034s] -- Up-to-date symlink: /home/yahboom/swerve_bringup/install/swerve_bringup/share/swerve_bringup/swerve_navigation/maps/warehouse.yaml
[4.034s] -- Up-to-date symlink: /home/yahboom/swerve_bringup/install/swerve_bringup/share/swerve_bringup/launch/navigation.launch.py
[4.034s] -- Up-to-date symlink: /home/yahboom/swerve_bringup/install/swerve_bringup/share/ament_index/resource_index/package_run_dependencies/swerve_bringup
[4.034s] -- Up-to-date symlink: /home/yahboom/swerve_bringup/install/swerve_bringup/share/ament_index/resource_index/parent_prefix_path/swerve_bringup
[4.035s] -- Up-to-date symlink: /home/yahboom/swerve_bringup/install/swerve_bringup/share/swerve_bringup/environment/ament_prefix_path.sh
[4.035s] -- Up-to-date symlink: /home/yahboom/swerve_bringup/install/swerve_bringup/share/swerve_bringup/environment/ament_prefix_path.dsv
[4.035s] -- Up-to-date symlink: /home/yahboom/swerve_bringup/install/swerve_bringup/share/swerve_bringup/environment/path.sh
[4.035s] -- Up-to-date symlink: /home/yahboom/swerve_bringup/install/swerve_bringup/share/swerve_bringup/environment/path.dsv
[4.035s] -- Up-to-date symlink: /home/yahboom/swerve_bringup/install/swerve_bringup/share/swerve_bringup/local_setup.bash
[4.040s] -- Up-to-date symlink: /home/yahboom/swerve_bringup/install/swerve_bringup/share/swerve_bringup/local_setup.sh
[4.040s] -- Up-to-date symlink: /home/yahboom/swerve_bringup/install/swerve_bringup/share/swerve_bringup/local_setup.zsh
[4.040s] -- Up-to-date symlink: /home/yahboom/swerve_bringup/install/swerve_bringup/share/swerve_bringup/local_setup.dsv
[4.040s] -- Symlinking: /home/yahboom/swerve_bringup/install/swerve_bringup/share/swerve_bringup/package.dsv
[4.105s] -- Up-to-date symlink: /home/yahboom/swerve_bringup/install/swerve_bringup/share/ament_index/resource_index/packages/swerve_bringup
[4.105s] -- Up-to-date symlink: /home/yahboom/swerve_bringup/install/swerve_bringup/share/swerve_bringup/cmake/rosidl_cmake-extras.cmake
[4.105s] -- Up-to-date symlink: /home/yahboom/swerve_bringup/install/swerve_bringup/share/swerve_bringup/cmake/ament_cmake_export_dependencies-extras.cmake
[4.105s] -- Up-to-date symlink: /home/yahboom/swerve_bringup/install/swerve_bringup/share/swerve_bringup/cmake/ament_cmake_export_include_directories-extras.cmake
[4.105s] -- Up-to-date symlink: /home/yahboom/swerve_bringup/install/swerve_bringup/share/swerve_bringup/cmake/ament_cmake_export_libraries-extras.cmake
[4.105s] -- Up-to-date symlink: /home/yahboom/swerve_bringup/install/swerve_bringup/share/swerve_bringup/cmake/ament_cmake_export_targets-extras.cmake
[4.105s] -- Up-to-date symlink: /home/yahboom/swerve_bringup/install/swerve_bringup/share/swerve_bringup/cmake/rosidl_cmake_export_typesupport_targets-extras.cmake
[4.106s] -- Up-to-date symlink: /home/yahboom/swerve_bringup/install/swerve_bringup/share/swerve_bringup/cmake/rosidl_cmake_export_typesupport_libraries-extras.cmake
[4.106s] -- Up-to-date symlink: /home/yahboom/swerve_bringup/install/swerve_bringup/share/swerve_bringup/cmake/swerve_bringupConfig.cmake
[4.106s] -- Up-to-date symlink: /home/yahboom/swerve_bringup/install/swerve_bringup/share/swerve_bringup/cmake/swerve_bringupConfig-version.cmake
[4.106s] -- Up-to-date symlink: /home/yahboom/swerve_bringup/install/swerve_bringup/share/swerve_bringup/package.xml
[4.106s] -- Up-to-date: /home/yahboom/swerve_bringup/install/swerve_bringup/lib/libswerve_bringup__rosidl_generator_c.so
[4.109s] -- Up-to-date: /home/yahboom/swerve_bringup/install/swerve_bringup/lib/libswerve_bringup__rosidl_typesupport_fastrtps_c.so
[4.111s] -- Up-to-date: /home/yahboom/swerve_bringup/install/swerve_bringup/lib/libswerve_bringup__rosidl_typesupport_introspection_c.so
[4.111s] -- Up-to-date: /home/yahboom/swerve_bringup/install/swerve_bringup/lib/libswerve_bringup__rosidl_typesupport_c.so
[4.111s] -- Up-to-date: /home/yahboom/swerve_bringup/install/swerve_bringup/lib/libswerve_bringup__rosidl_typesupport_fastrtps_cpp.so
[4.111s] -- Up-to-date: /home/yahboom/swerve_bringup/install/swerve_bringup/lib/libswerve_bringup__rosidl_typesupport_introspection_cpp.so
[4.112s] -- Up-to-date: /home/yahboom/swerve_bringup/install/swerve_bringup/lib/libswerve_bringup__rosidl_typesupport_cpp.so
[4.283s] Listing '/home/yahboom/swerve_bringup/install/swerve_bringup/lib/python3.10/site-packages/swerve_bringup'...
[4.283s] Listing '/home/yahboom/swerve_bringup/install/swerve_bringup/lib/python3.10/site-packages/swerve_bringup/action'...
[4.302s] -- Up-to-date: /home/yahboom/swerve_bringup/install/swerve_bringup/lib/libswerve_bringup__rosidl_generator_py.so
[4.302s] -- Up-to-date: /home/yahboom/swerve_bringup/install/swerve_bringup/lib/swerve_bringup/swerve_controller_node
[4.302s] -- Up-to-date: /home/yahboom/swerve_bringup/install/swerve_bringup/lib/swerve_bringup/swerve_odometry_node
[4.302s] -- Up-to-date: /home/yahboom/swerve_bringup/install/swerve_bringup/lib/swerve_bringup/lidar_preprocessor_node
[4.302s] -- Up-to-date: /home/yahboom/swerve_bringup/install/swerve_bringup/lib/swerve_bringup/v30e_sim_node
[4.306s] -- Installing: /home/yahboom/swerve_bringup/install/swerve_bringup/lib/swerve_bringup/tag_route_planner
[4.307s] -- Up-to-date: /home/yahboom/swerve_bringup/install/swerve_bringup/lib/swerve_bringup/test_navigation.py
[4.307s] -- Up-to-date: /home/yahboom/swerve_bringup/install/swerve_bringup/lib/swerve_bringup/accuracy_benchmark.py
[4.307s] -- Up-to-date: /home/yahboom/swerve_bringup/install/swerve_bringup/lib/swerve_bringup/navigation_readiness.py
[4.307s] -- Up-to-date: /home/yahboom/swerve_bringup/install/swerve_bringup/lib/swerve_bringup/run_acceptance.py
[4.307s] -- Up-to-date: /home/yahboom/swerve_bringup/install/swerve_bringup/lib/swerve_bringup/raw_motion.py
[4.307s] -- Up-to-date: /home/yahboom/swerve_bringup/install/swerve_bringup/lib/swerve_bringup/validate_caster_geometry.py
[4.307s] -- Up-to-date: /home/yahboom/swerve_bringup/install/swerve_bringup/lib/swerve_bringup/nav_accuracy_case.py
[4.313s] -- Up-to-date: /home/yahboom/swerve_bringup/install/swerve_bringup/lib/swerve_bringup/run_full_acceptance.py
[4.314s] -- Up-to-date: /home/yahboom/swerve_bringup/install/swerve_bringup/share/swerve_bringup/cmake/export_swerve_bringup__rosidl_generator_cExport.cmake
[4.314s] -- Up-to-date: /home/yahboom/swerve_bringup/install/swerve_bringup/share/swerve_bringup/cmake/export_swerve_bringup__rosidl_generator_cExport-noconfig.cmake
[4.314s] -- Up-to-date: /home/yahboom/swerve_bringup/install/swerve_bringup/share/swerve_bringup/cmake/export_swerve_bringup__rosidl_typesupport_fastrtps_cExport.cmake
[4.328s] -- Up-to-date: /home/yahboom/swerve_bringup/install/swerve_bringup/share/swerve_bringup/cmake/export_swerve_bringup__rosidl_typesupport_fastrtps_cExport-noconfig.cmake
[4.330s] -- Up-to-date: /home/yahboom/swerve_bringup/install/swerve_bringup/share/swerve_bringup/cmake/swerve_bringup__rosidl_typesupport_introspection_cExport.cmake
[4.331s] -- Up-to-date: /home/yahboom/swerve_bringup/install/swerve_bringup/share/swerve_bringup/cmake/swerve_bringup__rosidl_typesupport_introspection_cExport-noconfig.cmake
[4.331s] -- Up-to-date: /home/yahboom/swerve_bringup/install/swerve_bringup/share/swerve_bringup/cmake/swerve_bringup__rosidl_typesupport_cExport.cmake
[4.331s] -- Up-to-date: /home/yahboom/swerve_bringup/install/swerve_bringup/share/swerve_bringup/cmake/swerve_bringup__rosidl_typesupport_cExport-noconfig.cmake
[4.331s] -- Up-to-date: /home/yahboom/swerve_bringup/install/swerve_bringup/share/swerve_bringup/cmake/export_swerve_bringup__rosidl_generator_cppExport.cmake
[4.331s] -- Up-to-date: /home/yahboom/swerve_bringup/install/swerve_bringup/share/swerve_bringup/cmake/export_swerve_bringup__rosidl_typesupport_fastrtps_cppExport.cmake
[4.331s] -- Up-to-date: /home/yahboom/swerve_bringup/install/swerve_bringup/share/swerve_bringup/cmake/export_swerve_bringup__rosidl_typesupport_fastrtps_cppExport-noconfig.cmake
[4.331s] -- Up-to-date: /home/yahboom/swerve_bringup/install/swerve_bringup/share/swerve_bringup/cmake/swerve_bringup__rosidl_typesupport_introspection_cppExport.cmake
[4.331s] -- Up-to-date: /home/yahboom/swerve_bringup/install/swerve_bringup/share/swerve_bringup/cmake/swerve_bringup__rosidl_typesupport_introspection_cppExport-noconfig.cmake
[4.331s] -- Up-to-date: /home/yahboom/swerve_bringup/install/swerve_bringup/share/swerve_bringup/cmake/swerve_bringup__rosidl_typesupport_cppExport.cmake
[4.331s] -- Up-to-date: /home/yahboom/swerve_bringup/install/swerve_bringup/share/swerve_bringup/cmake/swerve_bringup__rosidl_typesupport_cppExport-noconfig.cmake
[4.331s] -- Up-to-date: /home/yahboom/swerve_bringup/install/swerve_bringup/share/swerve_bringup/cmake/export_swerve_bringup__rosidl_generator_pyExport.cmake
[4.331s] -- Up-to-date: /home/yahboom/swerve_bringup/install/swerve_bringup/share/swerve_bringup/cmake/export_swerve_bringup__rosidl_generator_pyExport-noconfig.cmake
[4.338s] Invoked command in '/home/yahboom/swerve_bringup/build/swerve_bringup' returned '0': CMAKE_PREFIX_PATH=/home/yahboom/cartoros2/install/yahboom_web_savmap_interfaces:/home/yahboom/cartoros2/install/yahboom_qrcode:/home/yahboom/cartoros2/install/yahboom_point:/home/yahboom/cartoros2/install/yahboom_nav2_send_goal:/home/yahboom/cartoros2/install/yahboom_msgs:/home/yahboom/cartoros2/install/yahboom_config:/home/yahboom/cartoros2/install/yahboom_color_identify_interfaces:/home/yahboom/cartoros2/install/yahboom_attitude_record_interfaces:/home/yahboom/cartoros2/install/turtlebot3_description:/home/yahboom/cartoros2/install/robot_pose_publisher_ros2:/home/yahboom/cartoros2/install/rf2o_laser_odometry:/home/yahboom/cartoros2/install/nav2_system_tests:/home/yahboom/cartoros2/install/nav2_bringup:/home/yahboom/cartoros2/install/navigation2:/home/yahboom/cartoros2/install/nav2_smoother:/home/yahboom/cartoros2/install/nav2_graceful_controller:/home/yahboom/cartoros2/install/nav2_dwb_controller:/home/yahboom/cartoros2/install/nav2_controller:/home/yahboom/cartoros2/install/dwb_plugins:/home/yahboom/cartoros2/install/dwb_critics:/home/yahboom/cartoros2/install/dwb_core:/home/yahboom/cartoros2/install/nav_2d_utils:/home/yahboom/cartoros2/install/dwb_msgs:/home/yahboom/cartoros2/install/nav_2d_msgs:/home/yahboom/cartoros2/install/nav2_waypoint_follower:/home/yahboom/cartoros2/install/nav2_theta_star_planner:/home/yahboom/cartoros2/install/nav2_smac_planner:/home/yahboom/cartoros2/install/nav2_rotation_shim_controller:/home/yahboom/cartoros2/install/nav2_regulated_pure_pursuit_controller:/home/yahboom/cartoros2/install/nav2_planner:/home/yahboom/cartoros2/install/nav2_navfn_planner:/home/yahboom/cartoros2/install/nav2_mppi_controller:/home/yahboom/cartoros2/install/nav2_constrained_smoother:/home/yahboom/cartoros2/install/nav2_bt_navigator:/home/yahboom/cartoros2/install/nav2_behaviors:/home/yahboom/cartoros2/install/nav2_core:/home/yahboom/cartoros2/install/nav2_collision_monitor:/home/yahboom/cartoros2/install/costmap_queue:/home/yahboom/cartoros2/install/nav2_costmap_2d:/home/yahboom/cartoros2/install/nav2_voxel_grid:/home/yahboom/cartoros2/install/nav2_velocity_smoother:/home/yahboom/cartoros2/install/nav2_rviz_plugins:/home/yahboom/cartoros2/install/nav2_map_server:/home/yahboom/cartoros2/install/nav2_lifecycle_manager:/home/yahboom/cartoros2/install/nav2_behavior_tree:/home/yahboom/cartoros2/install/nav2_amcl:/home/yahboom/cartoros2/install/nav2_util:/home/yahboom/cartoros2/install/nav2_msgs:/home/yahboom/cartoros2/install/nav2_common:/home/yahboom/cartoros2/install/image_color_lab:/home/yahboom/cartoros2/install/dynamixel_sdk_examples:/home/yahboom/cartoros2/install/dynamixel_sdk_custom_interfaces:/home/yahboom/cartoros2/install/dynamixel_sdk:/home/yahboom/cartoros2/install/csm:/home/yahboom/cartoros2/install/champ_msgs:/home/yahboom/cartoros2/install/champ:/home/yahboom/cartoros2/install/cartographer_ros_msgs:/home/yahboom/cartoros2/install/cartographer:/home/yahboom/yahboomcar_ws/install/yahboom_dog_node:/home/yahboom/yahboomcar_ws/install/yahboom_dog_navigation2:/home/yahboom/yahboomcar_ws/install/yahboom_dog_nav:/home/yahboom/yahboomcar_ws/install/yahboom_dog_msgs:/home/yahboom/yahboomcar_ws/install/yahboom_dog_cartographer:/home/yahboom/yahboomcar_ws/install/yahboom_dog:/home/yahboom/yahboomcar_ws/install/yahboom_dog_bringup:/home/yahboom/yahboomcar_ws/install/dynamixel_sdk_examples:/home/yahboom/yahboomcar_ws/install/dynamixel_sdk_custom_interfaces:/home/yahboom/yahboomcar_ws/install/dynamixel_sdk:/home/yahboom/yahboomcar_ws/install/champ_navigation:/home/yahboom/yahboomcar_ws/install/champ_msgs:/home/yahboom/cartoros2/install/yahboomcar_nav:/home/yahboom/cartoros2/install/yahboomcar_ctrl:/home/yahboom/cartoros2/install/yahboom_visual:/home/yahboom/cartoros2/install/yahboom_dog_joint_state:/home/yahboom/cartoros2/install/yahboom_description:/home/yahboom/cartoros2/install/yahboom_color_identify_server:/home/yahboom/cartoros2/install/yahboom_bringup:/home/yahboom/cartoros2/install/yahboom_base:/home/yahboom/cartoros2/install/yahboom_app_save_map:/home/yahboom/cartoros2/install/update_map:/home/yahboom/cartoros2/install/rosboard:/home/yahboom/cartoros2/install/path_planner_server:/home/yahboom/cartoros2/install/nav2_simple_commander:/home/yahboom/cartoros2/install/nav2_gazebo_spawner:/home/yahboom/cartoros2/install/localization_server:/home/yahboom/cartoros2/install/laserscan_to_point_pulisher:/home/yahboom/cartoros2/install/dogzilla_sim:/home/yahboom/yahboomcar_ws/install/yahboom_dog_example:/home/yahboom/ros2_ws/install/tb3_slam_viewer:/opt/ros/humble:/home/yahboom/yahboomcar_ws/install/champ_gazebo:/home/yahboom/yahboomcar_ws/install/champ_bringup:/home/yahboom/yahboomcar_ws/install/champ_description:/home/yahboom/yahboomcar_ws/install/champ_config:/home/yahboom/yahboomcar_ws/install/champ:/home/yahboom/ros2_ws/install/your_planner:/home/yahboom/ros2_ws/install/champ_description VIRTUAL_ENV_PROMPT=(.venv) /usr/bin/cmake --install /home/yahboom/swerve_bringup/build/swerve_bringup
