[INFO] [launch]: All log files can be found below /home/yahboom/.ros/log/2026-09-17-17-09-03-278223-yahboom-virtual-machine-157313
[INFO] [launch]: Default logging verbosity is set to INFO
[INFO] [gzserver-1]: process started with pid [157325]
[INFO] [robot_state_publisher-2]: process started with pid [157327]
[INFO] [spawn_entity.py-3]: process started with pid [157329]
[INFO] [ekf_node-4]: process started with pid [157331]
[INFO] [v30e_sim_node-5]: process started with pid [157333]
[INFO] [ekf_node-6]: process started with pid [157335]
[INFO] [map_server-7]: process started with pid [157337]
[INFO] [controller_server-8]: process started with pid [157339]
[INFO] [planner_server-9]: process started with pid [157342]
[INFO] [behavior_server-10]: process started with pid [157353]
[INFO] [bt_navigator-11]: process started with pid [157360]
[INFO] [waypoint_follower-12]: process started with pid [157368]
[INFO] [lifecycle_manager-13]: process started with pid [157388]
[INFO] [swerve_bridge_node-14]: process started with pid [157402]
[map_server-7] [INFO] [1789636146.264564339] [map_server]: 
[map_server-7] 	map_server lifecycle node launched. 
[map_server-7] 	Waiting on external lifecycle transitions to activate
[map_server-7] 	See https://design.ros2.org/articles/node_lifecycle.html for more information.
[map_server-7] [INFO] [1789636146.264795329] [map_server]: Creating
[robot_state_publisher-2] [INFO] [1789636146.344704089] [robot_state_publisher]: got segment base_footprint
[robot_state_publisher-2] [INFO] [1789636146.346238621] [robot_state_publisher]: got segment base_link
[robot_state_publisher-2] [INFO] [1789636146.346256701] [robot_state_publisher]: got segment imu_link
[robot_state_publisher-2] [INFO] [1789636146.346264962] [robot_state_publisher]: got segment lidar_link
[robot_state_publisher-2] [INFO] [1789636146.346272556] [robot_state_publisher]: got segment steer_front_link
[robot_state_publisher-2] [INFO] [1789636146.346279684] [robot_state_publisher]: got segment steer_rear_link
[robot_state_publisher-2] [INFO] [1789636146.346286422] [robot_state_publisher]: got segment v30e_link
[robot_state_publisher-2] [INFO] [1789636146.346293020] [robot_state_publisher]: got segment wheel_front_drive_link
[robot_state_publisher-2] [INFO] [1789636146.346300198] [robot_state_publisher]: got segment wheel_front_left_link
[robot_state_publisher-2] [INFO] [1789636146.346306977] [robot_state_publisher]: got segment wheel_front_right_link
[robot_state_publisher-2] [INFO] [1789636146.346313442] [robot_state_publisher]: got segment wheel_rear_drive_link
[robot_state_publisher-2] [INFO] [1789636146.346319871] [robot_state_publisher]: got segment wheel_rear_left_link
[robot_state_publisher-2] [INFO] [1789636146.346326442] [robot_state_publisher]: got segment wheel_rear_right_link
[controller_server-8] [INFO] [1789636146.355592601] [controller_server]: 
[controller_server-8] 	controller_server lifecycle node launched. 
[controller_server-8] 	Waiting on external lifecycle transitions to activate
[controller_server-8] 	See https://design.ros2.org/articles/node_lifecycle.html for more information.
[controller_server-8] [INFO] [1789636146.401914910] [controller_server]: Creating controller server
[waypoint_follower-12] [INFO] [1789636146.557918654] [waypoint_follower]: 
[waypoint_follower-12] 	waypoint_follower lifecycle node launched. 
[waypoint_follower-12] 	Waiting on external lifecycle transitions to activate
[waypoint_follower-12] 	See https://design.ros2.org/articles/node_lifecycle.html for more information.
[waypoint_follower-12] [INFO] [1789636146.558527728] [waypoint_follower]: Creating
[lifecycle_manager-13] [INFO] [1789636146.587309066] [lifecycle_manager_navigation]: Creating
[planner_server-9] [INFO] [1789636146.588435646] [planner_server]: 
[planner_server-9] 	planner_server lifecycle node launched. 
[planner_server-9] 	Waiting on external lifecycle transitions to activate
[planner_server-9] 	See https://design.ros2.org/articles/node_lifecycle.html for more information.
[planner_server-9] [INFO] [1789636146.590139374] [planner_server]: Creating
[lifecycle_manager-13] [INFO] [1789636146.654002234] [lifecycle_manager_navigation]: [34m[1mCreating and initializing lifecycle service clients[0m[0m
[behavior_server-10] [INFO] [1789636146.709133299] [behavior_server]: 
[behavior_server-10] 	behavior_server lifecycle node launched. 
[behavior_server-10] 	Waiting on external lifecycle transitions to activate
[behavior_server-10] 	See https://design.ros2.org/articles/node_lifecycle.html for more information.
[swerve_bridge_node-14] Traceback (most recent call last):
[swerve_bridge_node-14]   File "/home/yahboom/swerve_bringup/install/swerve_bridge/lib/swerve_bridge/swerve_bridge_node", line 33, in <module>
[swerve_bridge_node-14]     sys.exit(load_entry_point('swerve-bridge', 'console_scripts', 'swerve_bridge_node')())
[swerve_bridge_node-14]   File "/home/yahboom/swerve_bringup/install/swerve_bridge/lib/swerve_bridge/swerve_bridge_node", line 22, in importlib_load_entry_point
[swerve_bridge_node-14]     for entry_point in distribution(dist_name).entry_points
[swerve_bridge_node-14]   File "/usr/lib/python3.10/importlib/metadata/__init__.py", line 969, in distribution
[swerve_bridge_node-14]     return Distribution.from_name(distribution_name)
[swerve_bridge_node-14]   File "/usr/lib/python3.10/importlib/metadata/__init__.py", line 548, in from_name
[swerve_bridge_node-14]     raise PackageNotFoundError(name)
[swerve_bridge_node-14] importlib.metadata.PackageNotFoundError: No package metadata was found for swerve-bridge
[ERROR] [swerve_bridge_node-14]: process has died [pid 157402, exit code 1, cmd '/home/yahboom/swerve_bringup/install/swerve_bridge/lib/swerve_bridge/swerve_bridge_node --ros-args -r __node:=swerve_bridge --params-file /home/yahboom/swerve_bringup/install/swerve_bridge/share/swerve_bridge/config/bridge.yaml --params-file /tmp/launch_params_tszga_6z'].
[controller_server-8] [INFO] [1789636146.836948900] [local_costmap.local_costmap]: 
[controller_server-8] 	local_costmap lifecycle node launched. 
[controller_server-8] 	Waiting on external lifecycle transitions to activate
[controller_server-8] 	See https://design.ros2.org/articles/node_lifecycle.html for more information.
[controller_server-8] [INFO] [1789636146.837591241] [local_costmap.local_costmap]: Creating Costmap
[bt_navigator-11] [INFO] [1789636146.865608809] [bt_navigator]: 
[bt_navigator-11] 	bt_navigator lifecycle node launched. 
[bt_navigator-11] 	Waiting on external lifecycle transitions to activate
[bt_navigator-11] 	See https://design.ros2.org/articles/node_lifecycle.html for more information.
[bt_navigator-11] [INFO] [1789636146.865806895] [bt_navigator]: Creating
[planner_server-9] [INFO] [1789636146.890048827] [global_costmap.global_costmap]: 
[planner_server-9] 	global_costmap lifecycle node launched. 
[planner_server-9] 	Waiting on external lifecycle transitions to activate
[planner_server-9] 	See https://design.ros2.org/articles/node_lifecycle.html for more information.
[planner_server-9] [INFO] [1789636146.890677486] [global_costmap.global_costmap]: Creating Costmap
[lifecycle_manager-13] [INFO] [1789636147.534837285] [lifecycle_manager_navigation]: [34m[1mStarting managed nodes bringup...[0m[0m
[lifecycle_manager-13] [INFO] [1789636147.534926080] [lifecycle_manager_navigation]: [34m[1mConfiguring map_server[0m[0m
[map_server-7] [INFO] [1789636147.552257116] [map_server]: Configuring
[map_server-7] [INFO] [1789636147.552375857] [map_io]: Loading yaml file: /home/yahboom/swerve_bringup/install/swerve_bringup/share/swerve_bringup/swerve_navigation/maps/warehouse.yaml
[map_server-7] [INFO] [1789636147.552833424] [map_io]: resolution: 0.05
[map_server-7] [INFO] [1789636147.552851005] [map_io]: origin[0]: -17.2
[map_server-7] [INFO] [1789636147.552857475] [map_io]: origin[1]: -17.4
[map_server-7] [INFO] [1789636147.552863029] [map_io]: origin[2]: 0
[map_server-7] [INFO] [1789636147.552869253] [map_io]: free_thresh: 0.25
[map_server-7] [INFO] [1789636147.552874976] [map_io]: occupied_thresh: 0.65
[map_server-7] [INFO] [1789636147.552881075] [map_io]: mode: trinary
[map_server-7] [INFO] [1789636147.552887330] [map_io]: negate: 0
[map_server-7] [INFO] [1789636147.553204856] [map_io]: Loading image_file: /home/yahboom/swerve_bringup/install/swerve_bringup/share/swerve_bringup/swerve_navigation/maps/warehouse.pgm
[map_server-7] [INFO] [1789636147.680636377] [map_io]: Read map /home/yahboom/swerve_bringup/install/swerve_bringup/share/swerve_bringup/swerve_navigation/maps/warehouse.pgm: 676 X 680 map @ 0.05 m/cell
[lifecycle_manager-13] [INFO] [1789636147.831214221] [lifecycle_manager_navigation]: [34m[1mConfiguring controller_server[0m[0m
[controller_server-8] [INFO] [1789636147.831613580] [controller_server]: Configuring controller interface
[controller_server-8] [INFO] [1789636147.831851708] [controller_server]: getting goal checker plugins..
[controller_server-8] [INFO] [1789636147.831928278] [controller_server]: Controller frequency set to 10.0000Hz
[controller_server-8] [INFO] [1789636147.832001992] [local_costmap.local_costmap]: Configuring
[spawn_entity.py-3] [INFO] [1789636147.853023794] [spawn_swerve]: Spawn Entity started
[spawn_entity.py-3] [INFO] [1789636147.854155641] [spawn_swerve]: Loading entity published on topic robot_description
[spawn_entity.py-3] [INFO] [1789636147.862903869] [spawn_swerve]: Waiting for entity xml on robot_description
[spawn_entity.py-3] [INFO] [1789636147.881086181] [spawn_swerve]: Waiting for service /spawn_entity, timeout = 30
[spawn_entity.py-3] [INFO] [1789636147.882983518] [spawn_swerve]: Waiting for service /spawn_entity
[controller_server-8] [INFO] [1789636147.902239809] [local_costmap.local_costmap]: Using plugin "voxel_layer"
[controller_server-8] [INFO] [1789636147.917735723] [local_costmap.local_costmap]: Subscribed to Topics: lidar3d scan
[controller_server-8] [INFO] [1789636147.985319155] [local_costmap.local_costmap]: Initialized plugin "voxel_layer"
[controller_server-8] [INFO] [1789636147.985387844] [local_costmap.local_costmap]: Using plugin "inflation_layer"
[controller_server-8] [INFO] [1789636147.988473266] [local_costmap.local_costmap]: Initialized plugin "inflation_layer"
[controller_server-8] [INFO] [1789636148.076047242] [controller_server]: Created progress_checker : progress_checker of type nav2_controller::SimpleProgressChecker
[controller_server-8] [INFO] [1789636148.087934014] [controller_server]: Created goal checker : general_goal_checker of type nav2_controller::SimpleGoalChecker
[controller_server-8] [INFO] [1789636148.089269868] [controller_server]: Controller Server has general_goal_checker  goal checkers available.
[controller_server-8] [INFO] [1789636148.092753908] [controller_server]: Created controller : FollowPath of type dwb_core::DWBLocalPlanner
[controller_server-8] [INFO] [1789636148.103599805] [controller_server]: Setting transform_tolerance to 0.200000
[v30e_sim_node-5] [INFO] [1789636148.183931910] [v30e_sim_node]: Using Gazebo /get_entity_state internally; odometry is not a V30E measurement input
[controller_server-8] [INFO] [1789636148.199232002] [controller_server]: Using critic "RotateToGoal" (dwb_critics::RotateToGoalCritic)
[controller_server-8] [INFO] [1789636148.208736289] [controller_server]: Critic plugin initialized
[controller_server-8] [INFO] [1789636148.211221969] [controller_server]: Using critic "Oscillation" (dwb_critics::OscillationCritic)
[controller_server-8] [INFO] [1789636148.218100415] [controller_server]: Critic plugin initialized
[controller_server-8] [INFO] [1789636148.218195928] [controller_server]: Using critic "BaseObstacle" (dwb_critics::BaseObstacleCritic)
[controller_server-8] [INFO] [1789636148.218302904] [controller_server]: Critic plugin initialized
[controller_server-8] [INFO] [1789636148.218356336] [controller_server]: Using critic "GoalAlign" (dwb_critics::GoalAlignCritic)
[controller_server-8] [INFO] [1789636148.218569756] [controller_server]: Critic plugin initialized
[controller_server-8] [INFO] [1789636148.218612043] [controller_server]: Using critic "PathAlign" (dwb_critics::PathAlignCritic)
[controller_server-8] [INFO] [1789636148.218778522] [controller_server]: Critic plugin initialized
[controller_server-8] [INFO] [1789636148.218820803] [controller_server]: Using critic "PathDist" (dwb_critics::PathDistCritic)
[controller_server-8] [INFO] [1789636148.218964252] [controller_server]: Critic plugin initialized
[controller_server-8] [INFO] [1789636148.219003187] [controller_server]: Using critic "GoalDist" (dwb_critics::GoalDistCritic)
[controller_server-8] [INFO] [1789636148.219165285] [controller_server]: Critic plugin initialized
[controller_server-8] [INFO] [1789636148.219177495] [controller_server]: Controller Server has FollowPath  controllers available.
[lifecycle_manager-13] [INFO] [1789636148.375760013] [lifecycle_manager_navigation]: [34m[1mConfiguring planner_server[0m[0m
[planner_server-9] [INFO] [1789636148.376865086] [planner_server]: Configuring
[planner_server-9] [INFO] [1789636148.377013128] [global_costmap.global_costmap]: Configuring
[planner_server-9] [INFO] [1789636148.458572381] [global_costmap.global_costmap]: Using plugin "static_layer"
[planner_server-9] [INFO] [1789636148.467888787] [global_costmap.global_costmap]: Subscribing to the map topic (/map) with transient local durability
[planner_server-9] [INFO] [1789636148.472764841] [global_costmap.global_costmap]: Initialized plugin "static_layer"
[planner_server-9] [INFO] [1789636148.472796244] [global_costmap.global_costmap]: Using plugin "obstacle_layer"
[planner_server-9] [INFO] [1789636148.482130258] [global_costmap.global_costmap]: Subscribed to Topics: scan
[planner_server-9] [INFO] [1789636148.507918215] [global_costmap.global_costmap]: Initialized plugin "obstacle_layer"
[planner_server-9] [INFO] [1789636148.508008452] [global_costmap.global_costmap]: Using plugin "inflation_layer"
[planner_server-9] [INFO] [1789636148.520893378] [global_costmap.global_costmap]: Initialized plugin "inflation_layer"
[planner_server-9] [INFO] [1789636148.587122489] [planner_server]: Created global planner plugin GridBased of type nav2_navfn_planner/NavfnPlanner
[planner_server-9] [INFO] [1789636148.587182523] [planner_server]: Configuring plugin GridBased of type NavfnPlanner
[planner_server-9] [INFO] [1789636148.587305826] [planner_server]: Planner Server has GridBased  planners available.
[lifecycle_manager-13] [INFO] [1789636148.662249229] [lifecycle_manager_navigation]: [34m[1mConfiguring behavior_server[0m[0m
[behavior_server-10] [INFO] [1789636148.662698441] [behavior_server]: Configuring
[behavior_server-10] [INFO] [1789636148.707823584] [behavior_server]: Creating behavior plugin spin of type nav2_behaviors/Spin
[behavior_server-10] [INFO] [1789636148.708720714] [behavior_server]: Configuring spin
[behavior_server-10] [INFO] [1789636148.765119730] [behavior_server]: Creating behavior plugin backup of type nav2_behaviors/BackUp
[behavior_server-10] [INFO] [1789636148.766083282] [behavior_server]: Configuring backup
[behavior_server-10] [INFO] [1789636148.793958128] [behavior_server]: Creating behavior plugin drive_on_heading of type nav2_behaviors/DriveOnHeading
[behavior_server-10] [INFO] [1789636148.797783288] [behavior_server]: Configuring drive_on_heading
[behavior_server-10] [INFO] [1789636148.854521307] [behavior_server]: Creating behavior plugin wait of type nav2_behaviors/Wait
[behavior_server-10] [INFO] [1789636148.856134504] [behavior_server]: Configuring wait
[lifecycle_manager-13] [INFO] [1789636148.915183800] [lifecycle_manager_navigation]: [34m[1mConfiguring bt_navigator[0m[0m
[bt_navigator-11] [INFO] [1789636148.915798171] [bt_navigator]: Configuring
[lifecycle_manager-13] [INFO] [1789636149.435105284] [lifecycle_manager_navigation]: [34m[1mConfiguring waypoint_follower[0m[0m
[waypoint_follower-12] [INFO] [1789636149.435661756] [waypoint_follower]: Configuring
[waypoint_follower-12] [INFO] [1789636149.523676617] [waypoint_follower]: Created waypoint_task_executor : wait_at_waypoint of type nav2_waypoint_follower::WaitAtWaypoint
[waypoint_follower-12] [INFO] [1789636149.524077389] [waypoint_follower]: Waypoint pause duration is set to zero, disabling task executor plugin.
[lifecycle_manager-13] [INFO] [1789636149.533439027] [lifecycle_manager_navigation]: [34m[1mActivating map_server[0m[0m
[map_server-7] [INFO] [1789636149.533840930] [map_server]: Activating
[map_server-7] [INFO] [1789636149.536606155] [map_server]: Creating bond (map_server) to lifecycle manager.
[planner_server-9] [INFO] [1789636149.539526044] [global_costmap.global_costmap]: StaticLayer: Resizing costmap to 676 X 680 at 0.050000 m/pix
[lifecycle_manager-13] [INFO] [1789636149.651897055] [lifecycle_manager_navigation]: Server map_server connected with bond.
[lifecycle_manager-13] [INFO] [1789636149.651963249] [lifecycle_manager_navigation]: [34m[1mActivating controller_server[0m[0m
[controller_server-8] [INFO] [1789636149.652495665] [controller_server]: Activating
[controller_server-8] [INFO] [1789636149.652558710] [local_costmap.local_costmap]: Activating
[controller_server-8] [INFO] [1789636149.652575505] [local_costmap.local_costmap]: Checking transform
[controller_server-8] [INFO] [1789636149.652610453] [local_costmap.local_costmap]: Timed out waiting for transform from base_footprint to odom to become available, tf error: Invalid frame ID "odom" passed to canTransform argument target_frame - frame does not exist
[controller_server-8] [INFO] [1789636150.153458014] [local_costmap.local_costmap]: Timed out waiting for transform from base_footprint to odom to become available, tf error: Invalid frame ID "odom" passed to canTransform argument target_frame - frame does not exist
[controller_server-8] [INFO] [1789636150.653101878] [local_costmap.local_costmap]: Timed out waiting for transform from base_footprint to odom to become available, tf error: Invalid frame ID "odom" passed to canTransform argument target_frame - frame does not exist
[controller_server-8] [INFO] [1789636151.152681674] [local_costmap.local_costmap]: Timed out waiting for transform from base_footprint to odom to become available, tf error: Invalid frame ID "odom" passed to canTransform argument target_frame - frame does not exist
[controller_server-8] [INFO] [1789636151.653309732] [local_costmap.local_costmap]: Timed out waiting for transform from base_footprint to odom to become available, tf error: Invalid frame ID "odom" passed to canTransform argument target_frame - frame does not exist
[controller_server-8] [INFO] [1789636152.152758771] [local_costmap.local_costmap]: Timed out waiting for transform from base_footprint to odom to become available, tf error: Invalid frame ID "odom" passed to canTransform argument target_frame - frame does not exist
[controller_server-8] [INFO] [1789636152.653018055] [local_costmap.local_costmap]: Timed out waiting for transform from base_footprint to odom to become available, tf error: Invalid frame ID "odom" passed to canTransform argument target_frame - frame does not exist
[controller_server-8] [INFO] [1789636153.154781721] [local_costmap.local_costmap]: Timed out waiting for transform from base_footprint to odom to become available, tf error: Invalid frame ID "odom" passed to canTransform argument target_frame - frame does not exist
[controller_server-8] [INFO] [1789636153.655208904] [local_costmap.local_costmap]: Timed out waiting for transform from base_footprint to odom to become available, tf error: Invalid frame ID "odom" passed to canTransform argument target_frame - frame does not exist
[spawn_entity.py-3] [INFO] [1789636153.932859198] [spawn_swerve]: Calling service /spawn_entity
[gzserver-1] [INFO] [1789636154.092237575] [gazebo_ros_state]: Publishing states of gazebo models at [/model_states]
[gzserver-1] [INFO] [1789636154.103417154] [gazebo_ros_state]: Publishing states of gazebo links at [/link_states]
[controller_server-8] [INFO] [1789636154.153981488] [local_costmap.local_costmap]: Timed out waiting for transform from base_footprint to odom to become available, tf error: Invalid frame ID "odom" passed to canTransform argument target_frame - frame does not exist
[gzserver-1] [INFO] [1789636154.530629137] [imu.imu_ros]: <initial_orientation_as_reference> is unset, using default value of false to comply with REP 145 (world as orientation reference)
[controller_server-8] [INFO] [1789636154.653225219] [local_costmap.local_costmap]: Timed out waiting for transform from base_footprint to odom to become available, tf error: Invalid frame ID "odom" passed to canTransform argument target_frame - frame does not exist
[controller_server-8] [INFO] [1789636155.152683796] [local_costmap.local_costmap]: Timed out waiting for transform from base_footprint to odom to become available, tf error: Invalid frame ID "odom" passed to canTransform argument target_frame - frame does not exist
[controller_server-8] [INFO] [1789636155.653859674] [local_costmap.local_costmap]: Timed out waiting for transform from base_footprint to odom to become available, tf error: Invalid frame ID "odom" passed to canTransform argument target_frame - frame does not exist
[controller_server-8] [INFO] [1789636156.153083783] [local_costmap.local_costmap]: Timed out waiting for transform from base_footprint to odom to become available, tf error: Invalid frame ID "odom" passed to canTransform argument target_frame - frame does not exist
[controller_server-8] [INFO] [1789636156.654386070] [local_costmap.local_costmap]: Timed out waiting for transform from base_footprint to odom to become available, tf error: Invalid frame ID "odom" passed to canTransform argument target_frame - frame does not exist
[controller_server-8] [INFO] [1789636157.153080150] [local_costmap.local_costmap]: Timed out waiting for transform from base_footprint to odom to become available, tf error: Invalid frame ID "odom" passed to canTransform argument target_frame - frame does not exist
[controller_server-8] [INFO] [1789636157.654352641] [local_costmap.local_costmap]: Timed out waiting for transform from base_footprint to odom to become available, tf error: Invalid frame ID "odom" passed to canTransform argument target_frame - frame does not exist
[controller_server-8] [INFO] [1789636158.153068733] [local_costmap.local_costmap]: Timed out waiting for transform from base_footprint to odom to become available, tf error: Invalid frame ID "odom" passed to canTransform argument target_frame - frame does not exist
[controller_server-8] [INFO] [1789636158.652677886] [local_costmap.local_costmap]: Timed out waiting for transform from base_footprint to odom to become available, tf error: Invalid frame ID "odom" passed to canTransform argument target_frame - frame does not exist
[controller_server-8] [INFO] [1789636159.152920813] [local_costmap.local_costmap]: Timed out waiting for transform from base_footprint to odom to become available, tf error: Invalid frame ID "odom" passed to canTransform argument target_frame - frame does not exist
[controller_server-8] [INFO] [1789636159.654026002] [local_costmap.local_costmap]: Timed out waiting for transform from base_footprint to odom to become available, tf error: Invalid frame ID "odom" passed to canTransform argument target_frame - frame does not exist
[controller_server-8] [INFO] [1789636160.153369515] [local_costmap.local_costmap]: Timed out waiting for transform from base_footprint to odom to become available, tf error: Invalid frame ID "odom" passed to canTransform argument target_frame - frame does not exist
[controller_server-8] [INFO] [1789636160.654861610] [local_costmap.local_costmap]: Timed out waiting for transform from base_footprint to odom to become available, tf error: Invalid frame ID "odom" passed to canTransform argument target_frame - frame does not exist
[controller_server-8] [INFO] [1789636161.153913840] [local_costmap.local_costmap]: Timed out waiting for transform from base_footprint to odom to become available, tf error: Invalid frame ID "odom" passed to canTransform argument target_frame - frame does not exist
[controller_server-8] [INFO] [1789636161.653770239] [local_costmap.local_costmap]: Timed out waiting for transform from base_footprint to odom to become available, tf error: Invalid frame ID "odom" passed to canTransform argument target_frame - frame does not exist
[controller_server-8] [INFO] [1789636162.153610243] [local_costmap.local_costmap]: Timed out waiting for transform from base_footprint to odom to become available, tf error: Invalid frame ID "odom" passed to canTransform argument target_frame - frame does not exist
[controller_server-8] [INFO] [1789636162.653358684] [local_costmap.local_costmap]: Timed out waiting for transform from base_footprint to odom to become available, tf error: Invalid frame ID "odom" passed to canTransform argument target_frame - frame does not exist
[controller_server-8] [INFO] [1789636163.154614368] [local_costmap.local_costmap]: Timed out waiting for transform from base_footprint to odom to become available, tf error: Invalid frame ID "odom" passed to canTransform argument target_frame - frame does not exist
[controller_server-8] [INFO] [1789636163.652801286] [local_costmap.local_costmap]: Timed out waiting for transform from base_footprint to odom to become available, tf error: Invalid frame ID "odom" passed to canTransform argument target_frame - frame does not exist
[controller_server-8] [INFO] [1789636164.153083159] [local_costmap.local_costmap]: Timed out waiting for transform from base_footprint to odom to become available, tf error: Invalid frame ID "odom" passed to canTransform argument target_frame - frame does not exist
[controller_server-8] [INFO] [1789636164.653205861] [local_costmap.local_costmap]: Timed out waiting for transform from base_footprint to odom to become available, tf error: Invalid frame ID "odom" passed to canTransform argument target_frame - frame does not exist
[controller_server-8] [INFO] [1789636165.152850587] [local_costmap.local_costmap]: Timed out waiting for transform from base_footprint to odom to become available, tf error: Invalid frame ID "odom" passed to canTransform argument target_frame - frame does not exist
[controller_server-8] [INFO] [1789636165.660393432] [local_costmap.local_costmap]: Timed out waiting for transform from base_footprint to odom to become available, tf error: Invalid frame ID "odom" passed to canTransform argument target_frame - frame does not exist
[controller_server-8] [INFO] [1789636166.154161315] [local_costmap.local_costmap]: Timed out waiting for transform from base_footprint to odom to become available, tf error: Invalid frame ID "odom" passed to canTransform argument target_frame - frame does not exist
[controller_server-8] [INFO] [1789636166.653456209] [local_costmap.local_costmap]: Timed out waiting for transform from base_footprint to odom to become available, tf error: Invalid frame ID "odom" passed to canTransform argument target_frame - frame does not exist
[controller_server-8] [INFO] [1789636167.152790882] [local_costmap.local_costmap]: Timed out waiting for transform from base_footprint to odom to become available, tf error: Invalid frame ID "odom" passed to canTransform argument target_frame - frame does not exist
[controller_server-8] [INFO] [1789636167.654553293] [local_costmap.local_costmap]: Timed out waiting for transform from base_footprint to odom to become available, tf error: Invalid frame ID "odom" passed to canTransform argument target_frame - frame does not exist
[controller_server-8] [INFO] [1789636168.158707291] [local_costmap.local_costmap]: Timed out waiting for transform from base_footprint to odom to become available, tf error: Invalid frame ID "odom" passed to canTransform argument target_frame - frame does not exist
[controller_server-8] [INFO] [1789636168.652843048] [local_costmap.local_costmap]: Timed out waiting for transform from base_footprint to odom to become available, tf error: Invalid frame ID "odom" passed to canTransform argument target_frame - frame does not exist
[controller_server-8] [INFO] [1789636169.152791529] [local_costmap.local_costmap]: Timed out waiting for transform from base_footprint to odom to become available, tf error: Invalid frame ID "odom" passed to canTransform argument target_frame - frame does not exist
[spawn_entity.py-3] [INFO] [1789636169.430955019] [spawn_swerve]: Spawn status: SpawnEntity: Successfully spawned entity [swerve_base]
[controller_server-8] [INFO] [1789636169.653810483] [local_costmap.local_costmap]: Timed out waiting for transform from base_footprint to odom to become available, tf error: Invalid frame ID "odom" passed to canTransform argument target_frame - frame does not exist
[gzserver-1] [INFO] [1789636169.707666804] [gazebo_ros2_control]: Loading gazebo_ros2_control plugin
[INFO] [spawn_entity.py-3]: process has finished cleanly [pid 157329]
[INFO] [spawner-15]: process started with pid [157577]
[gzserver-1] [INFO] [1789636169.800704250] [gazebo_ros2_control]: Starting gazebo_ros2_control plugin in namespace: /
[gzserver-1] [INFO] [1789636169.800778009] [gazebo_ros2_control]: Starting gazebo_ros2_control plugin in ros 2 node: gazebo_ros2_control
[gzserver-1] [INFO] [1789636169.896247222] [gazebo_ros2_control]: connected to service!! robot_state_publisher
[gzserver-1] [INFO] [1789636169.901331259] [gazebo_ros2_control]: Received urdf from param server, parsing...
[gzserver-1] [INFO] [1789636169.913753118] [gazebo_ros2_control]: Loading parameter files /home/yahboom/swerve_bringup/install/swerve_bringup/share/swerve_bringup/config/controllers.yaml
[gzserver-1] [INFO] [1789636169.981870415] [gazebo_ros2_control]: Loading joint: steer_front_joint
[gzserver-1] [INFO] [1789636169.981945531] [gazebo_ros2_control]: 	State:
[gzserver-1] [INFO] [1789636169.981961623] [gazebo_ros2_control]: 		 position
[gzserver-1] [INFO] [1789636169.981974680] [gazebo_ros2_control]: 		 velocity
[gzserver-1] [INFO] [1789636169.981984281] [gazebo_ros2_control]: 	Command:
[gzserver-1] [INFO] [1789636169.981993712] [gazebo_ros2_control]: 		 position
[gzserver-1] [INFO] [1789636170.009452936] [gazebo_ros2_control]: Loading joint: steer_rear_joint
[gzserver-1] [INFO] [1789636170.009530291] [gazebo_ros2_control]: 	State:
[gzserver-1] [INFO] [1789636170.009544221] [gazebo_ros2_control]: 		 position
[gzserver-1] [INFO] [1789636170.009555596] [gazebo_ros2_control]: 		 velocity
[gzserver-1] [INFO] [1789636170.009566106] [gazebo_ros2_control]: 	Command:
[gzserver-1] [INFO] [1789636170.009575407] [gazebo_ros2_control]: 		 position
[gzserver-1] [INFO] [1789636170.009853212] [gazebo_ros2_control]: Loading joint: wheel_front_drive_joint
[gzserver-1] [INFO] [1789636170.009879926] [gazebo_ros2_control]: 	State:
[gzserver-1] [INFO] [1789636170.009889832] [gazebo_ros2_control]: 		 position
[gzserver-1] [INFO] [1789636170.009900499] [gazebo_ros2_control]: 		 velocity
[gzserver-1] [INFO] [1789636170.009909476] [gazebo_ros2_control]: 	Command:
[gzserver-1] [INFO] [1789636170.009922708] [gazebo_ros2_control]: 		 velocity
[gzserver-1] [INFO] [1789636170.010029333] [gazebo_ros2_control]: Loading joint: wheel_rear_drive_joint
[gzserver-1] [INFO] [1789636170.010046118] [gazebo_ros2_control]: 	State:
[gzserver-1] [INFO] [1789636170.010055556] [gazebo_ros2_control]: 		 position
[gzserver-1] [INFO] [1789636170.010064740] [gazebo_ros2_control]: 		 velocity
[gzserver-1] [INFO] [1789636170.010073658] [gazebo_ros2_control]: 	Command:
[gzserver-1] [INFO] [1789636170.010089324] [gazebo_ros2_control]: 		 velocity
[gzserver-1] [INFO] [1789636170.014275357] [resource_manager]: Initialize hardware 'GazeboSystem' 
[gzserver-1] [INFO] [1789636170.014640904] [resource_manager]: Successful initialization of hardware 'GazeboSystem'
[gzserver-1] [INFO] [1789636170.014799913] [resource_manager]: 'configure' hardware 'GazeboSystem' 
[gzserver-1] [INFO] [1789636170.014815483] [resource_manager]: Successful 'configure' of hardware 'GazeboSystem'
[gzserver-1] [INFO] [1789636170.014824144] [resource_manager]: 'activate' hardware 'GazeboSystem' 
[gzserver-1] [INFO] [1789636170.014831562] [resource_manager]: Successful 'activate' of hardware 'GazeboSystem'
[gzserver-1] [INFO] [1789636170.014938232] [gazebo_ros2_control]: Loading controller_manager
[controller_server-8] [INFO] [1789636170.153954055] [local_costmap.local_costmap]: Timed out waiting for transform from base_footprint to odom to become available, tf error: Invalid frame ID "odom" passed to canTransform argument target_frame - frame does not exist
[gzserver-1] [WARN] [1789636170.335987701] [gazebo_ros2_control]:  Desired controller update period (0.01 s) is slower than the gazebo simulation period (0.001 s).
[gzserver-1] [INFO] [1789636170.344485723] [gazebo_ros2_control]: Loaded gazebo_ros2_control.
[controller_server-8] [INFO] [1789636170.652852695] [local_costmap.local_costmap]: start
[controller_server-8] [INFO] [1789636170.838325076] [controller_server]: Creating bond (controller_server) to lifecycle manager.
[spawner-15] [INFO] [1789636170.867503346] [spawn_joint_state_broadcaster]: waiting for service /controller_manager/list_controllers to become available...
[lifecycle_manager-13] [INFO] [1789636171.160859190] [lifecycle_manager_navigation]: Server controller_server connected with bond.
[lifecycle_manager-13] [INFO] [1789636171.160958907] [lifecycle_manager_navigation]: [34m[1mActivating planner_server[0m[0m
[planner_server-9] [INFO] [1789636171.162498218] [planner_server]: Activating
[planner_server-9] [INFO] [1789636171.162587143] [global_costmap.global_costmap]: Activating
[planner_server-9] [INFO] [1789636171.162605789] [global_costmap.global_costmap]: Checking transform
[planner_server-9] [INFO] [1789636171.162733709] [global_costmap.global_costmap]: start
[planner_server-9] [INFO] [1789636171.728478761] [planner_server]: Activating plugin GridBased of type NavfnPlanner
[planner_server-9] [INFO] [1789636171.739025774] [planner_server]: Creating bond (planner_server) to lifecycle manager.
[lifecycle_manager-13] [INFO] [1789636171.853478568] [lifecycle_manager_navigation]: Server planner_server connected with bond.
[lifecycle_manager-13] [INFO] [1789636171.853550908] [lifecycle_manager_navigation]: [34m[1mActivating behavior_server[0m[0m
[behavior_server-10] [INFO] [1789636171.855507133] [behavior_server]: Activating
[behavior_server-10] [INFO] [1789636171.855572787] [behavior_server]: Activating spin
[behavior_server-10] [INFO] [1789636171.855583829] [behavior_server]: Activating backup
[behavior_server-10] [INFO] [1789636171.855589986] [behavior_server]: Activating drive_on_heading
[behavior_server-10] [INFO] [1789636171.855595121] [behavior_server]: Activating wait
[behavior_server-10] [INFO] [1789636171.855604322] [behavior_server]: Creating bond (behavior_server) to lifecycle manager.
[lifecycle_manager-13] [INFO] [1789636172.007433954] [lifecycle_manager_navigation]: Server behavior_server connected with bond.
[lifecycle_manager-13] [INFO] [1789636172.007506493] [lifecycle_manager_navigation]: [34m[1mActivating bt_navigator[0m[0m
[bt_navigator-11] [INFO] [1789636172.011667649] [bt_navigator]: Activating
[gzserver-1] [INFO] [1789636172.207895306] [controller_manager]: Loading controller 'joint_state_broadcaster'
[spawner-15] [INFO] [1789636172.706097741] [spawn_joint_state_broadcaster]: [94mLoaded [1mjoint_state_broadcaster[0m
[gzserver-1] [INFO] [1789636172.721793844] [controller_manager]: Configuring controller 'joint_state_broadcaster'
[gzserver-1] [INFO] [1789636172.722397479] [joint_state_broadcaster]: 'joints' or 'interfaces' parameter is empty. All available state interfaces will be published
[bt_navigator-11] [INFO] [1789636172.789886819] [bt_navigator]: Creating bond (bt_navigator) to lifecycle manager.
[spawner-15] [INFO] [1789636172.832174814] [spawn_joint_state_broadcaster]: [92mConfigured and activated [1mjoint_state_broadcaster[0m
[lifecycle_manager-13] [INFO] [1789636172.929837787] [lifecycle_manager_navigation]: Server bt_navigator connected with bond.
[lifecycle_manager-13] [INFO] [1789636172.929922595] [lifecycle_manager_navigation]: [34m[1mActivating waypoint_follower[0m[0m
[waypoint_follower-12] [INFO] [1789636172.933355308] [waypoint_follower]: Activating
[waypoint_follower-12] [INFO] [1789636172.933420708] [waypoint_follower]: Creating bond (waypoint_follower) to lifecycle manager.
[lifecycle_manager-13] [INFO] [1789636173.071482910] [lifecycle_manager_navigation]: Server waypoint_follower connected with bond.
[lifecycle_manager-13] [INFO] [1789636173.071574446] [lifecycle_manager_navigation]: [34m[1mManaged nodes are active[0m[0m
[lifecycle_manager-13] [INFO] [1789636173.071593307] [lifecycle_manager_navigation]: [34m[1mCreating bond timer...[0m[0m
[INFO] [spawner-15]: process has finished cleanly [pid 157577]
[INFO] [spawner-16]: process started with pid [157596]
[spawner-16] [INFO] [1789636174.817537430] [spawn_steering_controller]: waiting for service /controller_manager/list_controllers to become available...
[gzserver-1] [INFO] [1789636175.635587868] [controller_manager]: Loading controller 'steering_controller'
[spawner-16] [INFO] [1789636175.865272699] [spawn_steering_controller]: [94mLoaded [1msteering_controller[0m
[gzserver-1] [INFO] [1789636175.879836715] [controller_manager]: Configuring controller 'steering_controller'
[gzserver-1] [INFO] [1789636175.887005351] [steering_controller]: configure successful
[gzserver-1] [INFO] [1789636176.250483905] [steering_controller]: activate successful
[spawner-16] [INFO] [1789636176.270731575] [spawn_steering_controller]: [92mConfigured and activated [1msteering_controller[0m
[INFO] [spawner-16]: process has finished cleanly [pid 157596]
[INFO] [spawner-17]: process started with pid [157613]
[spawner-17] [INFO] [1789636177.939110037] [spawn_drive_controller]: waiting for service /controller_manager/list_controllers to become available...
[gzserver-1] [INFO] [1789636178.233399539] [controller_manager]: Loading controller 'drive_controller'
[spawner-17] [INFO] [1789636178.498135650] [spawn_drive_controller]: [94mLoaded [1mdrive_controller[0m
[gzserver-1] [INFO] [1789636178.592524920] [controller_manager]: Configuring controller 'drive_controller'
[gzserver-1] [INFO] [1789636178.597622458] [drive_controller]: configure successful
[gzserver-1] [INFO] [1789636178.621379185] [drive_controller]: activate successful
[spawner-17] [INFO] [1789636178.657127516] [spawn_drive_controller]: [92mConfigured and activated [1mdrive_controller[0m
[INFO] [spawner-17]: process has finished cleanly [pid 157613]
[INFO] [swerve_controller_node-18]: process started with pid [157625]
[INFO] [swerve_odometry_node-19]: process started with pid [157627]
[swerve_controller_node-18] [INFO] [1789636180.786139279] [swerve_controller]: Swerve controller ready: radius=0.0675 m, modules={'front': (0.300042, 0.0), 'rear': (-0.300042, 0.0)}
[swerve_odometry_node-19] [INFO] [1789636180.921343071] [swerve_odometry]: Encoder odometry ready: radius=0.0637 m, velocity_sign=+1.0
[WARNING] [launch]: user interrupted with ctrl-c (SIGINT)
[ekf_node-4] [INFO] [1789636194.340847540] [rclcpp]: signal_handler(signum=2)
[planner_server-9] [INFO] [1789636194.341253672] [rclcpp]: signal_handler(signum=2)
[planner_server-9] [INFO] [1789636194.341353809] [planner_server]: Running Nav2 LifecycleNode rcl preshutdown (planner_server)
[planner_server-9] [INFO] [1789636194.341432438] [planner_server]: Deactivating
[planner_server-9] [INFO] [1789636194.341474268] [global_costmap.global_costmap]: Deactivating
[INFO] [swerve_odometry_node-19]: sending signal 'SIGINT' to process[swerve_odometry_node-19]
[INFO] [swerve_controller_node-18]: sending signal 'SIGINT' to process[swerve_controller_node-18]
[INFO] [lifecycle_manager-13]: sending signal 'SIGINT' to process[lifecycle_manager-13]
[INFO] [waypoint_follower-12]: sending signal 'SIGINT' to process[waypoint_follower-12]
[INFO] [bt_navigator-11]: sending signal 'SIGINT' to process[bt_navigator-11]
[INFO] [behavior_server-10]: sending signal 'SIGINT' to process[behavior_server-10]
[INFO] [planner_server-9]: sending signal 'SIGINT' to process[planner_server-9]
[INFO] [controller_server-8]: sending signal 'SIGINT' to process[controller_server-8]
[INFO] [map_server-7]: sending signal 'SIGINT' to process[map_server-7]
[INFO] [ekf_node-6]: sending signal 'SIGINT' to process[ekf_node-6]
[INFO] [v30e_sim_node-5]: sending signal 'SIGINT' to process[v30e_sim_node-5]
[INFO] [ekf_node-4]: sending signal 'SIGINT' to process[ekf_node-4]
[INFO] [robot_state_publisher-2]: sending signal 'SIGINT' to process[robot_state_publisher-2]
[INFO] [gzserver-1]: sending signal 'SIGINT' to process[gzserver-1]
[ekf_node-6] [INFO] [1789636194.342820521] [rclcpp]: signal_handler(signum=2)
[behavior_server-10] [INFO] [1789636194.342949761] [rclcpp]: signal_handler(signum=2)
[behavior_server-10] [INFO] [1789636194.347789854] [behavior_server]: Running Nav2 LifecycleNode rcl preshutdown (behavior_server)
[behavior_server-10] [INFO] [1789636194.347869073] [behavior_server]: Deactivating
[behavior_server-10] [INFO] [1789636194.347909491] [behavior_server]: Destroying bond (behavior_server) to lifecycle manager.
[behavior_server-10] [INFO] [1789636194.379166705] [behavior_server]: Cleaning up
[lifecycle_manager-13] [INFO] [1789636194.342959300] [rclcpp]: signal_handler(signum=2)
[lifecycle_manager-13] [INFO] [1789636194.348186916] [lifecycle_manager_navigation]: Running Nav2 LifecycleManager rcl preshutdown (lifecycle_manager_navigation)
[lifecycle_manager-13] [INFO] [1789636194.348239989] [lifecycle_manager_navigation]: [34m[1mTerminating bond timer...[0m[0m
[map_server-7] [INFO] [1789636194.343012689] [rclcpp]: signal_handler(signum=2)
[map_server-7] [INFO] [1789636194.348372865] [map_server]: Running Nav2 LifecycleNode rcl preshutdown (map_server)
[map_server-7] [INFO] [1789636194.348446019] [map_server]: Deactivating
[map_server-7] [INFO] [1789636194.348475548] [map_server]: Destroying bond (map_server) to lifecycle manager.
[controller_server-8] [INFO] [1789636194.343257690] [rclcpp]: signal_handler(signum=2)
[controller_server-8] [INFO] [1789636194.343367567] [controller_server]: Running Nav2 LifecycleNode rcl preshutdown (controller_server)
[controller_server-8] [INFO] [1789636194.343445384] [controller_server]: Deactivating
[controller_server-8] [INFO] [1789636194.343501971] [local_costmap.local_costmap]: Deactivating
[waypoint_follower-12] [INFO] [1789636194.343269394] [rclcpp]: signal_handler(signum=2)
[waypoint_follower-12] [INFO] [1789636194.347894157] [waypoint_follower]: Running Nav2 LifecycleNode rcl preshutdown (waypoint_follower)
[waypoint_follower-12] [INFO] [1789636194.347963535] [waypoint_follower]: Deactivating
[waypoint_follower-12] [INFO] [1789636194.347991335] [waypoint_follower]: Destroying bond (waypoint_follower) to lifecycle manager.
[ERROR] [ekf_node-6]: process has died [pid 157335, exit code -2, cmd '/opt/ros/humble/lib/robot_localization/ekf_node --ros-args -r __node:=ekf_v30e --params-file /home/yahboom/swerve_bringup/install/swerve_bringup/share/swerve_bringup/config/v30e_localization_ekf.yaml --params-file /tmp/launch_params_d7zv2xz3 -r odometry/filtered:=/odometry/v30e'].
[robot_state_publisher-2] [INFO] [1789636194.343573689] [rclcpp]: signal_handler(signum=2)
[bt_navigator-11] [INFO] [1789636194.348600519] [rclcpp]: signal_handler(signum=2)
[bt_navigator-11] [INFO] [1789636194.350945008] [bt_navigator]: Running Nav2 LifecycleNode rcl preshutdown (bt_navigator)
[bt_navigator-11] [INFO] [1789636194.353321797] [bt_navigator]: Deactivating
[bt_navigator-11] [INFO] [1789636194.353372906] [bt_navigator]: Destroying bond (bt_navigator) to lifecycle manager.
[swerve_controller_node-18] Traceback (most recent call last):
[swerve_controller_node-18]   File "/home/yahboom/swerve_bringup/install/swerve_bringup/lib/swerve_bringup/swerve_controller_node", line 192, in <module>
[swerve_controller_node-18]     main()
[swerve_controller_node-18]   File "/home/yahboom/swerve_bringup/install/swerve_bringup/lib/swerve_bringup/swerve_controller_node", line 184, in main
[swerve_controller_node-18]     node.steer_pub.publish(Float64MultiArray(data=[
[swerve_controller_node-18]   File "/opt/ros/humble/local/lib/python3.10/dist-packages/rclpy/publisher.py", line 70, in publish
[swerve_controller_node-18]     self.__publisher.publish(msg)
[swerve_controller_node-18] rclpy._rclpy_pybind11.RCLError: Failed to publish: publisher's context is invalid, at ./src/rcl/publisher.c:389
[swerve_controller_node-18] Error in sys.excepthook:
[swerve_controller_node-18] Traceback (most recent call last):
[swerve_controller_node-18]   File "/usr/lib/python3/dist-packages/apport_python_hook.py", line 72, in apport_excepthook
[swerve_controller_node-18]     from apport.fileutils import likely_packaged, get_recent_crashes
[swerve_controller_node-18]   File "/usr/lib/python3/dist-packages/apport/__init__.py", line 5, in <module>
[swerve_controller_node-18]     from apport.report import Report
[swerve_controller_node-18]   File "/usr/lib/python3/dist-packages/apport/report.py", line 21, in <module>
[swerve_controller_node-18]     from urllib.request import urlopen
[swerve_controller_node-18]   File "/usr/lib/python3.10/urllib/request.py", line 88, in <module>
[swerve_controller_node-18]     import http.client
[swerve_controller_node-18]   File "/usr/lib/python3.10/http/client.py", line 71, in <module>
[swerve_controller_node-18]     import email.parser
[swerve_controller_node-18]   File "/usr/lib/python3.10/email/parser.py", line 12, in <module>
[swerve_controller_node-18]     from email.feedparser import FeedParser, BytesFeedParser
[swerve_controller_node-18]   File "/usr/lib/python3.10/email/feedparser.py", line 27, in <module>
[swerve_controller_node-18]     from email._policybase import compat32
[swerve_controller_node-18]   File "/usr/lib/python3.10/email/_policybase.py", line 9, in <module>
[swerve_controller_node-18]     from email.utils import _has_surrogates
[swerve_controller_node-18]   File "/usr/lib/python3.10/email/utils.py", line 33, in <module>
[swerve_controller_node-18]     from email._parseaddr import quote
[swerve_controller_node-18]   File "/usr/lib/python3.10/email/_parseaddr.py", line 16, in <module>
[swerve_controller_node-18]     import time, calendar
[swerve_controller_node-18]   File "/usr/lib/python3.10/calendar.py", line 10, in <module>
[swerve_controller_node-18]     import locale as _locale
[swerve_controller_node-18]   File "/usr/lib/python3.10/locale.py", line 180, in <module>
[waypoint_follower-12] [INFO] [1789636194.395039004] [waypoint_follower]: Cleaning up
[map_server-7] [INFO] [1789636194.399342067] [map_server]: Cleaning up
[map_server-7] [INFO] [1789636194.399493182] [map_server]: Destroying bond (map_server) to lifecycle manager.
[swerve_controller_node-18]     _percent_re = re.compile(r'%(?:\((?P<key>.*?)\))?'
[swerve_controller_node-18]   File "/usr/lib/python3.10/re.py", line 251, in compile
[swerve_controller_node-18]     return _compile(pattern, flags)
[swerve_controller_node-18]   File "/usr/lib/python3.10/re.py", line 303, in _compile
[swerve_controller_node-18]     p = sre_compile.compile(pattern, flags)
[swerve_controller_node-18]   File "/usr/lib/python3.10/sre_compile.py", line 788, in compile
[swerve_controller_node-18]     p = sre_parse.parse(p, flags)
[swerve_controller_node-18]   File "/usr/lib/python3.10/sre_parse.py", line 955, in parse
[lifecycle_manager-13] [INFO] [1789636194.401415635] [rclcpp]: signal_handler(signum=2)
[swerve_controller_node-18]     p = _parse_sub(source, state, flags & SRE_FLAG_VERBOSE, 0)
[swerve_controller_node-18]   File "/usr/lib/python3.10/sre_parse.py", line 444, in _parse_sub
[swerve_controller_node-18]     itemsappend(_parse(source, state, verbose, nested + 1,
[swerve_controller_node-18]   File "/usr/lib/python3.10/sre_parse.py", line 841, in _parse
[swerve_controller_node-18]     p = _parse_sub(source, state, sub_verbose, nested + 1)
[swerve_controller_node-18]   File "/usr/lib/python3.10/sre_parse.py", line 444, in _parse_sub
[swerve_controller_node-18]     itemsappend(_parse(source, state, verbose, nested + 1,
[swerve_controller_node-18]   File "/usr/lib/python3.10/sre_parse.py", line 508, in _parse
[swerve_controller_node-18]     if this is None:
[swerve_controller_node-18] KeyboardInterrupt
[swerve_controller_node-18] 
[swerve_controller_node-18] Original exception was:
[swerve_controller_node-18] Traceback (most recent call last):
[swerve_controller_node-18]   File "/home/yahboom/swerve_bringup/install/swerve_bringup/lib/swerve_bringup/swerve_controller_node", line 192, in <module>
[swerve_controller_node-18]     main()
[swerve_controller_node-18]   File "/home/yahboom/swerve_bringup/install/swerve_bringup/lib/swerve_bringup/swerve_controller_node", line 184, in main
[swerve_controller_node-18]     node.steer_pub.publish(Float64MultiArray(data=[
[swerve_controller_node-18]   File "/opt/ros/humble/local/lib/python3.10/dist-packages/rclpy/publisher.py", line 70, in publish
[swerve_controller_node-18]     self.__publisher.publish(msg)
[swerve_controller_node-18] rclpy._rclpy_pybind11.RCLError: Failed to publish: publisher's context is invalid, at ./src/rcl/publisher.c:389
[swerve_odometry_node-19] Traceback (most recent call last):
[swerve_odometry_node-19]   File "/home/yahboom/swerve_bringup/install/swerve_bringup/lib/swerve_bringup/swerve_odometry_node", line 221, in <module>
[swerve_odometry_node-19]     main()
[swerve_odometry_node-19]   File "/home/yahboom/swerve_bringup/install/swerve_bringup/lib/swerve_bringup/swerve_odometry_node", line 215, in main
[swerve_odometry_node-19]     node.destroy_node()
[swerve_odometry_node-19]   File "/opt/ros/humble/local/lib/python3.10/dist-packages/rclpy/node.py", line 1685, in destroy_node
[swerve_odometry_node-19]     self.destroy_publisher(self._publishers[0])
[swerve_odometry_node-19]   File "/opt/ros/humble/local/lib/python3.10/dist-packages/rclpy/node.py", line 1565, in destroy_publisher
[swerve_odometry_node-19]     publisher.destroy()
[swerve_odometry_node-19]   File "/opt/ros/humble/local/lib/python3.10/dist-packages/rclpy/publisher.py", line 99, in destroy
[swerve_odometry_node-19]     self.__publisher.destroy_when_not_in_use()
[swerve_odometry_node-19] KeyboardInterrupt
[waypoint_follower-12] [INFO] [1789636194.409895173] [rclcpp]: signal_handler(signum=2)
[controller_server-8] [INFO] [1789636194.410576095] [controller_server]: Destroying bond (controller_server) to lifecycle manager.
[bt_navigator-11] [INFO] [1789636194.411405064] [bt_navigator]: Cleaning up
[bt_navigator-11] [INFO] [1789636194.412915128] [rclcpp]: signal_handler(signum=2)
[planner_server-9] [INFO] [1789636194.430980338] [rclcpp]: signal_handler(signum=2)
[behavior_server-10] [INFO] [1789636194.431029785] [rclcpp]: signal_handler(signum=2)
[controller_server-8] [INFO] [1789636194.442013778] [rclcpp]: signal_handler(signum=2)
[controller_server-8] [INFO] [1789636194.442158616] [controller_server]: Cleaning up
[controller_server-8] [INFO] [1789636194.442308174] [local_costmap.local_costmap]: Cleaning up
[map_server-7] [INFO] [1789636194.449835822] [rclcpp]: signal_handler(signum=2)
[ekf_node-4] [INFO] [1789636194.481713775] [rclcpp]: signal_handler(signum=2)
[robot_state_publisher-2] [INFO] [1789636194.490542717] [rclcpp]: signal_handler(signum=2)
[v30e_sim_node-5] Traceback (most recent call last):
[v30e_sim_node-5]   File "/home/yahboom/swerve_bringup/install/swerve_bringup/lib/swerve_bringup/v30e_sim_node", line 188, in <module>
[v30e_sim_node-5]     if __name__ == '__main__': main()
[v30e_sim_node-5]   File "/home/yahboom/swerve_bringup/install/swerve_bringup/lib/swerve_bringup/v30e_sim_node", line 185, in main
[v30e_sim_node-5]     node.destroy_node(); rclpy.shutdown()
[v30e_sim_node-5]   File "/opt/ros/humble/local/lib/python3.10/dist-packages/rclpy/node.py", line 1689, in destroy_node
[v30e_sim_node-5]     self.destroy_client(self._clients[0])
[v30e_sim_node-5]   File "/opt/ros/humble/local/lib/python3.10/dist-packages/rclpy/node.py", line 1599, in destroy_client
[v30e_sim_node-5]     client.destroy()
[v30e_sim_node-5]   File "/opt/ros/humble/local/lib/python3.10/dist-packages/rclpy/client.py", line 187, in destroy
[v30e_sim_node-5]     self.__client.destroy_when_not_in_use()
[v30e_sim_node-5] KeyboardInterrupt
[waypoint_follower-12] [INFO] [1789636194.554124662] [waypoint_follower]: Destroying bond (waypoint_follower) to lifecycle manager.
[map_server-7] [INFO] [1789636194.629365266] [map_server]: Destroying
[planner_server-9] [INFO] [1789636194.671734278] [planner_server]: Deactivating plugin GridBased of type NavfnPlanner
[planner_server-9] [INFO] [1789636194.671794325] [planner_server]: Destroying bond (planner_server) to lifecycle manager.
[planner_server-9] [INFO] [1789636194.682235862] [planner_server]: Cleaning up
[waypoint_follower-12] [INFO] [1789636194.715314372] [waypoint_follower]: Destroying
[behavior_server-10] [INFO] [1789636194.728386324] [behavior_server]: Destroying bond (behavior_server) to lifecycle manager.
[ERROR] [swerve_odometry_node-19]: process has died [pid 157627, exit code -2, cmd '/home/yahboom/swerve_bringup/install/swerve_bringup/lib/swerve_bringup/swerve_odometry_node --ros-args -r __node:=swerve_odometry --params-file /home/yahboom/swerve_bringup/install/swerve_bringup/share/swerve_bringup/config/swerve_odometry.yaml --params-file /tmp/launch_params_iovqo79l'].
[planner_server-9] [INFO] [1789636194.817819835] [global_costmap.global_costmap]: Cleaning up
[ERROR] [v30e_sim_node-5]: process has died [pid 157333, exit code -2, cmd '/home/yahboom/swerve_bringup/install/swerve_bringup/lib/swerve_bringup/v30e_sim_node --ros-args -r __node:=v30e_sim_node --params-file /home/yahboom/swerve_bringup/install/swerve_bringup/share/swerve_bringup/config/v30e_sim.yaml --params-file /tmp/launch_params_qq5bxpst'].
[controller_server-8] [INFO] [1789636194.875356387] [controller_server]: Destroying bond (controller_server) to lifecycle manager.
[INFO] [robot_state_publisher-2]: process has finished cleanly [pid 157327]
[planner_server-9] [INFO] [1789636194.885823319] [planner_server]: Cleaning up plugin GridBased of type NavfnPlanner
[planner_server-9] [INFO] [1789636194.885957124] [planner_server]: Destroying plugin GridBased of type NavfnPlanner
[lifecycle_manager-13] [INFO] [1789636194.897338999] [lifecycle_manager_navigation]: Destroying lifecycle_manager_navigation
[controller_server-8] [INFO] [1789636194.915596128] [local_costmap.local_costmap]: Destroying
[behavior_server-10] [INFO] [1789636194.918374334] [behavior_server]: Destroying
[planner_server-9] [INFO] [1789636194.918683983] [planner_server]: Destroying bond (planner_server) to lifecycle manager.
[planner_server-9] [INFO] [1789636194.921082614] [global_costmap.global_costmap]: Destroying
[controller_server-8] [INFO] [1789636194.958335936] [controller_server]: Destroying
[planner_server-9] [INFO] [1789636194.976088746] [planner_server]: Destroying
[INFO] [ekf_node-4]: process has finished cleanly [pid 157331]
[ERROR] [swerve_controller_node-18]: process has died [pid 157625, exit code 1, cmd '/home/yahboom/swerve_bringup/install/swerve_bringup/lib/swerve_bringup/swerve_controller_node --ros-args -r __node:=swerve_controller --params-file /home/yahboom/swerve_bringup/install/swerve_bringup/share/swerve_bringup/config/swerve_controller.yaml --params-file /tmp/launch_params_0w8ij8li'].
[INFO] [waypoint_follower-12]: process has finished cleanly [pid 157368]
[INFO] [map_server-7]: process has finished cleanly [pid 157337]
[bt_navigator-11] [INFO] [1789636195.078137453] [bt_navigator]: Completed Cleaning up
[bt_navigator-11] [INFO] [1789636195.078210225] [bt_navigator]: Destroying bond (bt_navigator) to lifecycle manager.
[bt_navigator-11] [INFO] [1789636195.092690093] [bt_navigator]: Destroying
[INFO] [lifecycle_manager-13]: process has finished cleanly [pid 157388]
[INFO] [behavior_server-10]: process has finished cleanly [pid 157353]
[INFO] [controller_server-8]: process has finished cleanly [pid 157339]
[INFO] [planner_server-9]: process has finished cleanly [pid 157342]
[INFO] [bt_navigator-11]: process has finished cleanly [pid 157360]
[INFO] [gzserver-1]: process has finished cleanly [pid 157325]
