{
  "case": "yaw-",
  "samples": 54,
  "sim_duration": 8.0,
  "clock_verified": true,
  "telemetry_valid": true,
  "joint_properties_service": "/get_joint_properties",
  "classification": "NOT PHYSICAL CALIBRATION",
  "simulation_assumption_caster_trail_m": 0.0,
  "caster_axle_offset_x_m": "0.0",
  "caster_axle_offset_y_m": "0.0",
  "real_measurement_required": true,
  "integrated_gt_yaw": -0.12846681184523367,
  "integrated_encoder_yaw": -1.1881407554454615,
  "integrated_odom_yaw": -1.1320208619444712,
  "integrated_imu_yaw": -0.127740794226238,
  "encoder_to_gt_yaw_ratio": 9.248620234125811,
  "direction_correct": true,
  "physics_acceptance_pass": false,
  "mean_gt_wz": -0.01549712843215122,
  "mean_encoder_wz": -0.14915188941365348,
  "mean_odom_wz": -0.14066231348913655,
  "mean_imu_wz": -0.015688279690854907,
  "drive_load_share": 0.42459328616596004,
  "casters": {
    "FL": {
      "initial_swivel": 0.0006727585152246363,
      "desired_heading": 2.081446117260841,
      "actual_heading": 0.13304392588421177,
      "mean_equivalent_heading_error": 0.9572706541578955,
      "p95_heading_error": 1.362895775760601,
      "final_heading_error": 1.1931904622131637,
      "swivel_travel": 0.13283968988568162,
      "mean_abs_swivel_velocity": 0.00043594106316331737,
      "mean_abs_roll_velocity": 0.06755259336459342,
      "mean_tangential_metric": 503.84644403478745,
      "p95_tangential_metric": 824.0543231703687
    },
    "FR": {
      "initial_swivel": 0.00041937957361248834,
      "desired_heading": 1.9574917435642316,
      "actual_heading": 0.13019131482631607,
      "mean_equivalent_heading_error": 0.866415947471856,
      "p95_heading_error": 1.3100022275350658,
      "final_heading_error": 1.3142922248518776,
      "swivel_travel": 0.13056428993186486,
      "mean_abs_swivel_velocity": 0.0025057802992602303,
      "mean_abs_roll_velocity": 0.15013597315951543,
      "mean_tangential_metric": 1525.2968194770406,
      "p95_tangential_metric": 2530.2054639290104
    },
    "RL": {
      "initial_swivel": 0.0005587621142373322,
      "desired_heading": 2.3188230772475023,
      "actual_heading": 0.1330303782738378,
      "mean_equivalent_heading_error": 1.225512807748943,
      "p95_heading_error": 1.4564270437044213,
      "final_heading_error": 0.9557999546161287,
      "swivel_travel": 0.13247161615960046,
      "mean_abs_swivel_velocity": 0.00044709767892067964,
      "mean_abs_roll_velocity": 0.08686447013240149,
      "mean_tangential_metric": 752.3755670035789,
      "p95_tangential_metric": 1207.337062519123
    },
    "RR": {
      "initial_swivel": -0.004694619695419178,
      "desired_heading": 2.1641807047834627,
      "actual_heading": 0.12173779716964894,
      "mean_equivalent_heading_error": 1.1959214562909726,
      "p95_heading_error": 1.4397211021230287,
      "final_heading_error": 1.0991497459759794,
      "swivel_travel": 0.12992031076650967,
      "mean_abs_swivel_velocity": 0.0007687608118166915,
      "mean_abs_roll_velocity": 0.15275212749654318,
      "mean_tangential_metric": 1293.7282570958503,
      "p95_tangential_metric": 1983.6981286663952
    }
  },
  "t_stall": 2.5999999999999996,
  "at_stall": {
    "FL": {
      "heading_error": 0.07235624096308979,
      "tangential_metric": 552.1082542657028
    },
    "FR": {
      "heading_error": 0.20562683006231053,
      "tangential_metric": 885.4754421031182
    },
    "RL": {
      "heading_error": 1.3243733544740215,
      "tangential_metric": 772.760281672909
    },
    "RR": {
      "heading_error": 1.439729849824003,
      "tangential_metric": 1459.3781840488678
    }
  },
  "zero_trail_confirmed_as_blocker": true,
  "evidence": {
    "caster_heading_error_large": true,
    "caster_swivel_nearly_stationary": true,
    "drive_wheels_active": true,
    "gt_stall_detected": true
  }
}
