[INFO] [launch]: All log files can be found below /home/yahboom/.ros/log/2026-09-18-00-02-59-141938-yahboom-virtual-machine-231599
[INFO] [launch]: Default logging verbosity is set to INFO
[INFO] [launch.user]: CONTACT_DIAGNOSTICS=true
[INFO] [gzserver-1]: process started with pid [231624]
[INFO] [robot_state_publisher-2]: process started with pid [231626]
[INFO] [spawn_entity.py-3]: process started with pid [231628]
[INFO] [ekf_node-4]: process started with pid [231630]
[INFO] [v30e_sim_node-5]: process started with pid [231632]
[INFO] [ekf_node-6]: process started with pid [231634]
[INFO] [map_server-7]: process started with pid [231636]
[INFO] [controller_server-8]: process started with pid [231638]
[INFO] [planner_server-9]: process started with pid [231642]
[INFO] [behavior_server-10]: process started with pid [231652]
[INFO] [bt_navigator-11]: process started with pid [231668]
[INFO] [waypoint_follower-12]: process started with pid [231673]
[INFO] [lifecycle_manager-13]: process started with pid [231687]
[INFO] [swerve_bridge_node-14]: process started with pid [231692]
[robot_state_publisher-2] [INFO] [1789660982.334699936] [robot_state_publisher]: got segment base_footprint
[robot_state_publisher-2] [INFO] [1789660982.334843220] [robot_state_publisher]: got segment base_link
[robot_state_publisher-2] [INFO] [1789660982.334856410] [robot_state_publisher]: got segment imu_link
[robot_state_publisher-2] [INFO] [1789660982.334864498] [robot_state_publisher]: got segment lidar_link
[robot_state_publisher-2] [INFO] [1789660982.334871541] [robot_state_publisher]: got segment steer_front_link
[robot_state_publisher-2] [INFO] [1789660982.334878665] [robot_state_publisher]: got segment steer_rear_link
[robot_state_publisher-2] [INFO] [1789660982.334885564] [robot_state_publisher]: got segment v30e_link
[robot_state_publisher-2] [INFO] [1789660982.334892215] [robot_state_publisher]: got segment wheel_front_drive_link
[robot_state_publisher-2] [INFO] [1789660982.334899222] [robot_state_publisher]: got segment wheel_front_left_fork_link
[robot_state_publisher-2] [INFO] [1789660982.334906261] [robot_state_publisher]: got segment wheel_front_left_link
[robot_state_publisher-2] [INFO] [1789660982.334912774] [robot_state_publisher]: got segment wheel_front_right_fork_link
[robot_state_publisher-2] [INFO] [1789660982.334919283] [robot_state_publisher]: got segment wheel_front_right_link
[robot_state_publisher-2] [INFO] [1789660982.334925683] [robot_state_publisher]: got segment wheel_rear_drive_link
[robot_state_publisher-2] [INFO] [1789660982.334932124] [robot_state_publisher]: got segment wheel_rear_left_fork_link
[robot_state_publisher-2] [INFO] [1789660982.334938346] [robot_state_publisher]: got segment wheel_rear_left_link
[robot_state_publisher-2] [INFO] [1789660982.334945033] [robot_state_publisher]: got segment wheel_rear_right_fork_link
[robot_state_publisher-2] [INFO] [1789660982.334951310] [robot_state_publisher]: got segment wheel_rear_right_link
[lifecycle_manager-13] [INFO] [1789660982.387995623] [lifecycle_manager_navigation]: Creating
[controller_server-8] [INFO] [1789660982.403193005] [controller_server]: 
[controller_server-8] 	controller_server lifecycle node launched. 
[controller_server-8] 	Waiting on external lifecycle transitions to activate
[controller_server-8] 	See https://design.ros2.org/articles/node_lifecycle.html for more information.
[controller_server-8] [INFO] [1789660982.417319832] [controller_server]: Creating controller server
[lifecycle_manager-13] [INFO] [1789660982.450033131] [lifecycle_manager_navigation]: [34m[1mCreating and initializing lifecycle service clients[0m[0m
[map_server-7] [INFO] [1789660982.455654574] [map_server]: 
[map_server-7] 	map_server lifecycle node launched. 
[map_server-7] 	Waiting on external lifecycle transitions to activate
[map_server-7] 	See https://design.ros2.org/articles/node_lifecycle.html for more information.
[map_server-7] [INFO] [1789660982.455805334] [map_server]: Creating
[waypoint_follower-12] [INFO] [1789660982.589464639] [waypoint_follower]: 
[waypoint_follower-12] 	waypoint_follower lifecycle node launched. 
[waypoint_follower-12] 	Waiting on external lifecycle transitions to activate
[waypoint_follower-12] 	See https://design.ros2.org/articles/node_lifecycle.html for more information.
[waypoint_follower-12] [INFO] [1789660982.590112900] [waypoint_follower]: Creating
[bt_navigator-11] [INFO] [1789660982.594502951] [bt_navigator]: 
[bt_navigator-11] 	bt_navigator lifecycle node launched. 
[bt_navigator-11] 	Waiting on external lifecycle transitions to activate
[bt_navigator-11] 	See https://design.ros2.org/articles/node_lifecycle.html for more information.
[bt_navigator-11] [INFO] [1789660982.594672318] [bt_navigator]: Creating
[behavior_server-10] [INFO] [1789660982.597666149] [behavior_server]: 
[behavior_server-10] 	behavior_server lifecycle node launched. 
[behavior_server-10] 	Waiting on external lifecycle transitions to activate
[behavior_server-10] 	See https://design.ros2.org/articles/node_lifecycle.html for more information.
[planner_server-9] [INFO] [1789660982.635405293] [planner_server]: 
[planner_server-9] 	planner_server lifecycle node launched. 
[planner_server-9] 	Waiting on external lifecycle transitions to activate
[planner_server-9] 	See https://design.ros2.org/articles/node_lifecycle.html for more information.
[planner_server-9] [INFO] [1789660982.636891940] [planner_server]: Creating
[swerve_bridge_node-14] Traceback (most recent call last):
[swerve_bridge_node-14]   File "/home/yahboom/swerve_bringup/install/swerve_bridge/lib/swerve_bridge/swerve_bridge_node", line 33, in <module>
[swerve_bridge_node-14]     sys.exit(load_entry_point('swerve-bridge', 'console_scripts', 'swerve_bridge_node')())
[swerve_bridge_node-14]   File "/home/yahboom/swerve_bringup/install/swerve_bridge/lib/swerve_bridge/swerve_bridge_node", line 22, in importlib_load_entry_point
[swerve_bridge_node-14]     for entry_point in distribution(dist_name).entry_points
[swerve_bridge_node-14]   File "/usr/lib/python3.10/importlib/metadata/__init__.py", line 969, in distribution
[swerve_bridge_node-14]     return Distribution.from_name(distribution_name)
[swerve_bridge_node-14]   File "/usr/lib/python3.10/importlib/metadata/__init__.py", line 548, in from_name
[swerve_bridge_node-14]     raise PackageNotFoundError(name)
[swerve_bridge_node-14] importlib.metadata.PackageNotFoundError: No package metadata was found for swerve-bridge
[ERROR] [swerve_bridge_node-14]: process has died [pid 231692, exit code 1, cmd '/home/yahboom/swerve_bringup/install/swerve_bridge/lib/swerve_bridge/swerve_bridge_node --ros-args -r __node:=swerve_bridge --params-file /home/yahboom/swerve_bringup/install/swerve_bridge/share/swerve_bridge/config/bridge.yaml --params-file /tmp/launch_params_srss4q05'].
[planner_server-9] [INFO] [1789660982.811319926] [global_costmap.global_costmap]: 
[planner_server-9] 	global_costmap lifecycle node launched. 
[planner_server-9] 	Waiting on external lifecycle transitions to activate
[planner_server-9] 	See https://design.ros2.org/articles/node_lifecycle.html for more information.
[planner_server-9] [INFO] [1789660982.811835577] [global_costmap.global_costmap]: Creating Costmap
[controller_server-8] [INFO] [1789660982.821294083] [local_costmap.local_costmap]: 
[controller_server-8] 	local_costmap lifecycle node launched. 
[controller_server-8] 	Waiting on external lifecycle transitions to activate
[controller_server-8] 	See https://design.ros2.org/articles/node_lifecycle.html for more information.
[controller_server-8] [INFO] [1789660982.821909720] [local_costmap.local_costmap]: Creating Costmap
[lifecycle_manager-13] [INFO] [1789660983.726797529] [lifecycle_manager_navigation]: [34m[1mStarting managed nodes bringup...[0m[0m
[lifecycle_manager-13] [INFO] [1789660983.729989406] [lifecycle_manager_navigation]: [34m[1mConfiguring map_server[0m[0m
[map_server-7] [INFO] [1789660983.730794787] [map_server]: Configuring
[map_server-7] [INFO] [1789660983.730926795] [map_io]: Loading yaml file: /home/yahboom/swerve_bringup/install/swerve_bringup/share/swerve_bringup/swerve_navigation/maps/warehouse.yaml
[map_server-7] [INFO] [1789660983.731268024] [map_io]: resolution: 0.05
[map_server-7] [INFO] [1789660983.731283893] [map_io]: origin[0]: -17.2
[map_server-7] [INFO] [1789660983.731290287] [map_io]: origin[1]: -17.4
[map_server-7] [INFO] [1789660983.731295955] [map_io]: origin[2]: 0
[map_server-7] [INFO] [1789660983.731301708] [map_io]: free_thresh: 0.25
[map_server-7] [INFO] [1789660983.731307060] [map_io]: occupied_thresh: 0.65
[map_server-7] [INFO] [1789660983.731312896] [map_io]: mode: trinary
[map_server-7] [INFO] [1789660983.731318850] [map_io]: negate: 0
[map_server-7] [INFO] [1789660983.732877126] [map_io]: Loading image_file: /home/yahboom/swerve_bringup/install/swerve_bringup/share/swerve_bringup/swerve_navigation/maps/warehouse.pgm
[map_server-7] [INFO] [1789660983.807608782] [map_io]: Read map /home/yahboom/swerve_bringup/install/swerve_bringup/share/swerve_bringup/swerve_navigation/maps/warehouse.pgm: 676 X 680 map @ 0.05 m/cell
[lifecycle_manager-13] [INFO] [1789660983.854208525] [lifecycle_manager_navigation]: [34m[1mConfiguring controller_server[0m[0m
[controller_server-8] [INFO] [1789660983.866479299] [controller_server]: Configuring controller interface
[controller_server-8] [INFO] [1789660983.873078537] [controller_server]: getting goal checker plugins..
[controller_server-8] [INFO] [1789660983.873180866] [controller_server]: Controller frequency set to 10.0000Hz
[controller_server-8] [INFO] [1789660983.873221430] [local_costmap.local_costmap]: Configuring
[controller_server-8] [INFO] [1789660983.982114533] [local_costmap.local_costmap]: Using plugin "voxel_layer"
[controller_server-8] [INFO] [1789660984.023509477] [local_costmap.local_costmap]: Subscribed to Topics: lidar3d scan
[v30e_sim_node-5] [INFO] [1789660984.120017617] [v30e_sim_node]: Using Gazebo /get_entity_state internally; odometry is not a V30E measurement input
[spawn_entity.py-3] [INFO] [1789660984.135955922] [spawn_swerve]: Spawn Entity started
[spawn_entity.py-3] [INFO] [1789660984.136417895] [spawn_swerve]: Loading entity published on topic robot_description
[spawn_entity.py-3] [INFO] [1789660984.143694614] [spawn_swerve]: Waiting for entity xml on robot_description
[controller_server-8] [INFO] [1789660984.155398726] [local_costmap.local_costmap]: Initialized plugin "voxel_layer"
[controller_server-8] [INFO] [1789660984.155448821] [local_costmap.local_costmap]: Using plugin "inflation_layer"
[spawn_entity.py-3] [INFO] [1789660984.166142873] [spawn_swerve]: Waiting for service /spawn_entity, timeout = 30
[spawn_entity.py-3] [INFO] [1789660984.166562130] [spawn_swerve]: Waiting for service /spawn_entity
[controller_server-8] [INFO] [1789660984.172788385] [local_costmap.local_costmap]: Initialized plugin "inflation_layer"
[controller_server-8] [INFO] [1789660984.247302722] [controller_server]: Created progress_checker : progress_checker of type nav2_controller::SimpleProgressChecker
[controller_server-8] [INFO] [1789660984.256761633] [controller_server]: Created goal checker : general_goal_checker of type nav2_controller::SimpleGoalChecker
[controller_server-8] [INFO] [1789660984.257322384] [controller_server]: Controller Server has general_goal_checker  goal checkers available.
[controller_server-8] [INFO] [1789660984.261323287] [controller_server]: Created controller : FollowPath of type dwb_core::DWBLocalPlanner
[controller_server-8] [INFO] [1789660984.280156946] [controller_server]: Setting transform_tolerance to 0.200000
[controller_server-8] [INFO] [1789660984.360088753] [controller_server]: Using critic "RotateToGoal" (dwb_critics::RotateToGoalCritic)
[controller_server-8] [INFO] [1789660984.377515907] [controller_server]: Critic plugin initialized
[controller_server-8] [INFO] [1789660984.377654583] [controller_server]: Using critic "Oscillation" (dwb_critics::OscillationCritic)
[controller_server-8] [INFO] [1789660984.377844987] [controller_server]: Critic plugin initialized
[controller_server-8] [INFO] [1789660984.377903667] [controller_server]: Using critic "BaseObstacle" (dwb_critics::BaseObstacleCritic)
[controller_server-8] [INFO] [1789660984.378020958] [controller_server]: Critic plugin initialized
[controller_server-8] [INFO] [1789660984.378100708] [controller_server]: Using critic "GoalAlign" (dwb_critics::GoalAlignCritic)
[controller_server-8] [INFO] [1789660984.378575059] [controller_server]: Critic plugin initialized
[controller_server-8] [INFO] [1789660984.378645221] [controller_server]: Using critic "PathAlign" (dwb_critics::PathAlignCritic)
[controller_server-8] [INFO] [1789660984.386946577] [controller_server]: Critic plugin initialized
[controller_server-8] [INFO] [1789660984.387097813] [controller_server]: Using critic "PathDist" (dwb_critics::PathDistCritic)
[controller_server-8] [INFO] [1789660984.392726652] [controller_server]: Critic plugin initialized
[controller_server-8] [INFO] [1789660984.394873345] [controller_server]: Using critic "GoalDist" (dwb_critics::GoalDistCritic)
[controller_server-8] [INFO] [1789660984.397974945] [controller_server]: Critic plugin initialized
[controller_server-8] [INFO] [1789660984.400613272] [controller_server]: Controller Server has FollowPath  controllers available.
[lifecycle_manager-13] [INFO] [1789660984.472951588] [lifecycle_manager_navigation]: [34m[1mConfiguring planner_server[0m[0m
[planner_server-9] [INFO] [1789660984.476601916] [planner_server]: Configuring
[planner_server-9] [INFO] [1789660984.476661928] [global_costmap.global_costmap]: Configuring
[planner_server-9] [INFO] [1789660984.519516454] [global_costmap.global_costmap]: Using plugin "static_layer"
[planner_server-9] [INFO] [1789660984.540299922] [global_costmap.global_costmap]: Subscribing to the map topic (/map) with transient local durability
[planner_server-9] [INFO] [1789660984.544647845] [global_costmap.global_costmap]: Initialized plugin "static_layer"
[planner_server-9] [INFO] [1789660984.544692446] [global_costmap.global_costmap]: Using plugin "obstacle_layer"
[planner_server-9] [INFO] [1789660984.545616124] [global_costmap.global_costmap]: Subscribed to Topics: scan
[planner_server-9] [INFO] [1789660984.567175094] [global_costmap.global_costmap]: Initialized plugin "obstacle_layer"
[planner_server-9] [INFO] [1789660984.567219357] [global_costmap.global_costmap]: Using plugin "inflation_layer"
[planner_server-9] [INFO] [1789660984.572058110] [global_costmap.global_costmap]: Initialized plugin "inflation_layer"
[planner_server-9] [INFO] [1789660984.620250156] [planner_server]: Created global planner plugin GridBased of type nav2_navfn_planner/NavfnPlanner
[planner_server-9] [INFO] [1789660984.620317408] [planner_server]: Configuring plugin GridBased of type NavfnPlanner
[planner_server-9] [INFO] [1789660984.634753804] [planner_server]: Planner Server has GridBased  planners available.
[lifecycle_manager-13] [INFO] [1789660984.733483381] [lifecycle_manager_navigation]: [34m[1mConfiguring behavior_server[0m[0m
[behavior_server-10] [INFO] [1789660984.736857393] [behavior_server]: Configuring
[behavior_server-10] [INFO] [1789660984.798837768] [behavior_server]: Creating behavior plugin spin of type nav2_behaviors/Spin
[behavior_server-10] [INFO] [1789660984.800089770] [behavior_server]: Configuring spin
[behavior_server-10] [INFO] [1789660984.855830318] [behavior_server]: Creating behavior plugin backup of type nav2_behaviors/BackUp
[behavior_server-10] [INFO] [1789660984.858644699] [behavior_server]: Configuring backup
[behavior_server-10] [INFO] [1789660984.906520319] [behavior_server]: Creating behavior plugin drive_on_heading of type nav2_behaviors/DriveOnHeading
[behavior_server-10] [INFO] [1789660984.909128064] [behavior_server]: Configuring drive_on_heading
[behavior_server-10] [INFO] [1789660984.946041381] [behavior_server]: Creating behavior plugin wait of type nav2_behaviors/Wait
[behavior_server-10] [INFO] [1789660984.946853025] [behavior_server]: Configuring wait
[lifecycle_manager-13] [INFO] [1789660984.993591932] [lifecycle_manager_navigation]: [34m[1mConfiguring bt_navigator[0m[0m
[bt_navigator-11] [INFO] [1789660984.994045976] [bt_navigator]: Configuring
[lifecycle_manager-13] [INFO] [1789660985.375706075] [lifecycle_manager_navigation]: [34m[1mConfiguring waypoint_follower[0m[0m
[waypoint_follower-12] [INFO] [1789660985.376389108] [waypoint_follower]: Configuring
[waypoint_follower-12] [INFO] [1789660985.446993453] [waypoint_follower]: Created waypoint_task_executor : wait_at_waypoint of type nav2_waypoint_follower::WaitAtWaypoint
[waypoint_follower-12] [INFO] [1789660985.450800493] [waypoint_follower]: Waypoint pause duration is set to zero, disabling task executor plugin.
[lifecycle_manager-13] [INFO] [1789660985.455970186] [lifecycle_manager_navigation]: [34m[1mActivating map_server[0m[0m
[map_server-7] [INFO] [1789660985.456226291] [map_server]: Activating
[map_server-7] [INFO] [1789660985.459646058] [map_server]: Creating bond (map_server) to lifecycle manager.
[planner_server-9] [INFO] [1789660985.462832686] [global_costmap.global_costmap]: StaticLayer: Resizing costmap to 676 X 680 at 0.050000 m/pix
[lifecycle_manager-13] [INFO] [1789660985.591005059] [lifecycle_manager_navigation]: Server map_server connected with bond.
[lifecycle_manager-13] [INFO] [1789660985.591077260] [lifecycle_manager_navigation]: [34m[1mActivating controller_server[0m[0m
[controller_server-8] [INFO] [1789660985.591525342] [controller_server]: Activating
[controller_server-8] [INFO] [1789660985.591588627] [local_costmap.local_costmap]: Activating
[controller_server-8] [INFO] [1789660985.591607306] [local_costmap.local_costmap]: Checking transform
[controller_server-8] [INFO] [1789660985.591640370] [local_costmap.local_costmap]: Timed out waiting for transform from base_footprint to odom to become available, tf error: Invalid frame ID "odom" passed to canTransform argument target_frame - frame does not exist
[controller_server-8] [INFO] [1789660986.092056762] [local_costmap.local_costmap]: Timed out waiting for transform from base_footprint to odom to become available, tf error: Invalid frame ID "odom" passed to canTransform argument target_frame - frame does not exist
[controller_server-8] [INFO] [1789660986.592100478] [local_costmap.local_costmap]: Timed out waiting for transform from base_footprint to odom to become available, tf error: Invalid frame ID "odom" passed to canTransform argument target_frame - frame does not exist
[controller_server-8] [INFO] [1789660987.092539220] [local_costmap.local_costmap]: Timed out waiting for transform from base_footprint to odom to become available, tf error: Invalid frame ID "odom" passed to canTransform argument target_frame - frame does not exist
[controller_server-8] [INFO] [1789660987.592767943] [local_costmap.local_costmap]: Timed out waiting for transform from base_footprint to odom to become available, tf error: Invalid frame ID "odom" passed to canTransform argument target_frame - frame does not exist
[controller_server-8] [INFO] [1789660988.091856420] [local_costmap.local_costmap]: Timed out waiting for transform from base_footprint to odom to become available, tf error: Invalid frame ID "odom" passed to canTransform argument target_frame - frame does not exist
[controller_server-8] [INFO] [1789660988.598183742] [local_costmap.local_costmap]: Timed out waiting for transform from base_footprint to odom to become available, tf error: Invalid frame ID "odom" passed to canTransform argument target_frame - frame does not exist
[controller_server-8] [INFO] [1789660989.093127013] [local_costmap.local_costmap]: Timed out waiting for transform from base_footprint to odom to become available, tf error: Invalid frame ID "odom" passed to canTransform argument target_frame - frame does not exist
[controller_server-8] [INFO] [1789660989.592269597] [local_costmap.local_costmap]: Timed out waiting for transform from base_footprint to odom to become available, tf error: Invalid frame ID "odom" passed to canTransform argument target_frame - frame does not exist
[controller_server-8] [INFO] [1789660990.097439147] [local_costmap.local_costmap]: Timed out waiting for transform from base_footprint to odom to become available, tf error: Invalid frame ID "odom" passed to canTransform argument target_frame - frame does not exist
[spawn_entity.py-3] [INFO] [1789660990.235943103] [spawn_swerve]: Calling service /spawn_entity
[gzserver-1] [INFO] [1789660990.429997121] [gazebo_ros_state]: Publishing states of gazebo models at [/model_states]
[gzserver-1] [INFO] [1789660990.437117662] [gazebo_ros_state]: Publishing states of gazebo links at [/link_states]
[controller_server-8] [INFO] [1789660990.592888071] [local_costmap.local_costmap]: Timed out waiting for transform from base_footprint to odom to become available, tf error: Invalid frame ID "odom" passed to canTransform argument target_frame - frame does not exist
[controller_server-8] [INFO] [1789660991.092197305] [local_costmap.local_costmap]: Timed out waiting for transform from base_footprint to odom to become available, tf error: Invalid frame ID "odom" passed to canTransform argument target_frame - frame does not exist
[gzserver-1] [INFO] [1789660991.259875453] [imu.imu_ros]: <initial_orientation_as_reference> is unset, using default value of false to comply with REP 145 (world as orientation reference)
[controller_server-8] [INFO] [1789660991.593753426] [local_costmap.local_costmap]: Timed out waiting for transform from base_footprint to odom to become available, tf error: Invalid frame ID "odom" passed to canTransform argument target_frame - frame does not exist
[controller_server-8] [INFO] [1789660992.091781058] [local_costmap.local_costmap]: Timed out waiting for transform from base_footprint to odom to become available, tf error: Invalid frame ID "odom" passed to canTransform argument target_frame - frame does not exist
[controller_server-8] [INFO] [1789660992.592062367] [local_costmap.local_costmap]: Timed out waiting for transform from base_footprint to odom to become available, tf error: Invalid frame ID "odom" passed to canTransform argument target_frame - frame does not exist
[controller_server-8] [INFO] [1789660993.091745274] [local_costmap.local_costmap]: Timed out waiting for transform from base_footprint to odom to become available, tf error: Invalid frame ID "odom" passed to canTransform argument target_frame - frame does not exist
[controller_server-8] [INFO] [1789660993.592419402] [local_costmap.local_costmap]: Timed out waiting for transform from base_footprint to odom to become available, tf error: Invalid frame ID "odom" passed to canTransform argument target_frame - frame does not exist
[controller_server-8] [INFO] [1789660994.092158352] [local_costmap.local_costmap]: Timed out waiting for transform from base_footprint to odom to become available, tf error: Invalid frame ID "odom" passed to canTransform argument target_frame - frame does not exist
[controller_server-8] [INFO] [1789660994.592042179] [local_costmap.local_costmap]: Timed out waiting for transform from base_footprint to odom to become available, tf error: Invalid frame ID "odom" passed to canTransform argument target_frame - frame does not exist
[controller_server-8] [INFO] [1789660995.092489879] [local_costmap.local_costmap]: Timed out waiting for transform from base_footprint to odom to become available, tf error: Invalid frame ID "odom" passed to canTransform argument target_frame - frame does not exist
[controller_server-8] [INFO] [1789660995.593159547] [local_costmap.local_costmap]: Timed out waiting for transform from base_footprint to odom to become available, tf error: Invalid frame ID "odom" passed to canTransform argument target_frame - frame does not exist
[controller_server-8] [INFO] [1789660996.094135131] [local_costmap.local_costmap]: Timed out waiting for transform from base_footprint to odom to become available, tf error: Invalid frame ID "odom" passed to canTransform argument target_frame - frame does not exist
[controller_server-8] [INFO] [1789660996.591885743] [local_costmap.local_costmap]: Timed out waiting for transform from base_footprint to odom to become available, tf error: Invalid frame ID "odom" passed to canTransform argument target_frame - frame does not exist
[controller_server-8] [INFO] [1789660997.093425825] [local_costmap.local_costmap]: Timed out waiting for transform from base_footprint to odom to become available, tf error: Invalid frame ID "odom" passed to canTransform argument target_frame - frame does not exist
[controller_server-8] [INFO] [1789660997.592015958] [local_costmap.local_costmap]: Timed out waiting for transform from base_footprint to odom to become available, tf error: Invalid frame ID "odom" passed to canTransform argument target_frame - frame does not exist
[controller_server-8] [INFO] [1789660998.092517034] [local_costmap.local_costmap]: Timed out waiting for transform from base_footprint to odom to become available, tf error: Invalid frame ID "odom" passed to canTransform argument target_frame - frame does not exist
[controller_server-8] [INFO] [1789660998.592831655] [local_costmap.local_costmap]: Timed out waiting for transform from base_footprint to odom to become available, tf error: Invalid frame ID "odom" passed to canTransform argument target_frame - frame does not exist
[controller_server-8] [INFO] [1789660999.093191836] [local_costmap.local_costmap]: Timed out waiting for transform from base_footprint to odom to become available, tf error: Invalid frame ID "odom" passed to canTransform argument target_frame - frame does not exist
[controller_server-8] [INFO] [1789660999.591972199] [local_costmap.local_costmap]: Timed out waiting for transform from base_footprint to odom to become available, tf error: Invalid frame ID "odom" passed to canTransform argument target_frame - frame does not exist
[controller_server-8] [INFO] [1789661000.092206816] [local_costmap.local_costmap]: Timed out waiting for transform from base_footprint to odom to become available, tf error: Invalid frame ID "odom" passed to canTransform argument target_frame - frame does not exist
[controller_server-8] [INFO] [1789661000.591872157] [local_costmap.local_costmap]: Timed out waiting for transform from base_footprint to odom to become available, tf error: Invalid frame ID "odom" passed to canTransform argument target_frame - frame does not exist
[controller_server-8] [INFO] [1789661001.093331349] [local_costmap.local_costmap]: Timed out waiting for transform from base_footprint to odom to become available, tf error: Invalid frame ID "odom" passed to canTransform argument target_frame - frame does not exist
[controller_server-8] [INFO] [1789661001.592132454] [local_costmap.local_costmap]: Timed out waiting for transform from base_footprint to odom to become available, tf error: Invalid frame ID "odom" passed to canTransform argument target_frame - frame does not exist
[controller_server-8] [INFO] [1789661002.093196500] [local_costmap.local_costmap]: Timed out waiting for transform from base_footprint to odom to become available, tf error: Invalid frame ID "odom" passed to canTransform argument target_frame - frame does not exist
[controller_server-8] [INFO] [1789661002.592960740] [local_costmap.local_costmap]: Timed out waiting for transform from base_footprint to odom to become available, tf error: Invalid frame ID "odom" passed to canTransform argument target_frame - frame does not exist
[controller_server-8] [INFO] [1789661003.092983159] [local_costmap.local_costmap]: Timed out waiting for transform from base_footprint to odom to become available, tf error: Invalid frame ID "odom" passed to canTransform argument target_frame - frame does not exist
[controller_server-8] [INFO] [1789661003.591932968] [local_costmap.local_costmap]: Timed out waiting for transform from base_footprint to odom to become available, tf error: Invalid frame ID "odom" passed to canTransform argument target_frame - frame does not exist
[controller_server-8] [INFO] [1789661004.091777547] [local_costmap.local_costmap]: Timed out waiting for transform from base_footprint to odom to become available, tf error: Invalid frame ID "odom" passed to canTransform argument target_frame - frame does not exist
[gzserver-1] [INFO] [1789661004.461606538] [contact_load.wheel_front_drive_link_contact_plugin]: Publishing contact states to [/contact_load/wheel_front_drive_link]
[gzserver-1] [INFO] [1789661004.526656944] [contact_load.wheel_rear_drive_link_contact_plugin]: Publishing contact states to [/contact_load/wheel_rear_drive_link]
[controller_server-8] [INFO] [1789661004.593198848] [local_costmap.local_costmap]: Timed out waiting for transform from base_footprint to odom to become available, tf error: Invalid frame ID "odom" passed to canTransform argument target_frame - frame does not exist
[gzserver-1] [INFO] [1789661004.638292719] [contact_load.wheel_front_left_link_contact_plugin]: Publishing contact states to [/contact_load/wheel_front_left_link]
[gzserver-1] [INFO] [1789661004.760832539] [contact_load.wheel_front_right_link_contact_plugin]: Publishing contact states to [/contact_load/wheel_front_right_link]
[gzserver-1] [INFO] [1789661004.856409513] [contact_load.wheel_rear_left_link_contact_plugin]: Publishing contact states to [/contact_load/wheel_rear_left_link]
[spawn_entity.py-3] [INFO] [1789661004.873636306] [spawn_swerve]: Spawn status: SpawnEntity: Successfully spawned entity [swerve_base]
[gzserver-1] [INFO] [1789661005.000800649] [contact_load.wheel_rear_right_link_contact_plugin]: Publishing contact states to [/contact_load/wheel_rear_right_link]
[controller_server-8] [INFO] [1789661005.092001851] [local_costmap.local_costmap]: Timed out waiting for transform from base_footprint to odom to become available, tf error: Invalid frame ID "odom" passed to canTransform argument target_frame - frame does not exist
[gzserver-1] [INFO] [1789661005.128430230] [gazebo_ros2_control]: Loading gazebo_ros2_control plugin
[INFO] [spawn_entity.py-3]: process has finished cleanly [pid 231628]
[INFO] [spawner-15]: process started with pid [232118]
[gzserver-1] [INFO] [1789661005.222690168] [gazebo_ros2_control]: Starting gazebo_ros2_control plugin in namespace: /
[gzserver-1] [INFO] [1789661005.222772361] [gazebo_ros2_control]: Starting gazebo_ros2_control plugin in ros 2 node: gazebo_ros2_control
[gzserver-1] [INFO] [1789661005.303654556] [gazebo_ros2_control]: connected to service!! robot_state_publisher
[gzserver-1] [INFO] [1789661005.307349707] [gazebo_ros2_control]: Received urdf from param server, parsing...
[gzserver-1] [INFO] [1789661005.307460459] [gazebo_ros2_control]: Loading parameter files /home/yahboom/swerve_bringup/install/swerve_bringup/share/swerve_bringup/config/controllers.yaml
[gzserver-1] [INFO] [1789661005.355355825] [gazebo_ros2_control]: Loading joint: steer_front_joint
[gzserver-1] [INFO] [1789661005.355419563] [gazebo_ros2_control]: 	State:
[gzserver-1] [INFO] [1789661005.355433725] [gazebo_ros2_control]: 		 position
[gzserver-1] [INFO] [1789661005.355445934] [gazebo_ros2_control]: 		 velocity
[gzserver-1] [INFO] [1789661005.355455353] [gazebo_ros2_control]: 	Command:
[gzserver-1] [INFO] [1789661005.355464178] [gazebo_ros2_control]: 		 position
[gzserver-1] [INFO] [1789661005.364525304] [gazebo_ros2_control]: Loading joint: steer_rear_joint
[gzserver-1] [INFO] [1789661005.364580484] [gazebo_ros2_control]: 	State:
[gzserver-1] [INFO] [1789661005.364592493] [gazebo_ros2_control]: 		 position
[gzserver-1] [INFO] [1789661005.364603322] [gazebo_ros2_control]: 		 velocity
[gzserver-1] [INFO] [1789661005.364612278] [gazebo_ros2_control]: 	Command:
[gzserver-1] [INFO] [1789661005.364638920] [gazebo_ros2_control]: 		 position
[gzserver-1] [INFO] [1789661005.372911685] [gazebo_ros2_control]: Loading joint: wheel_front_drive_joint
[gzserver-1] [INFO] [1789661005.373798053] [gazebo_ros2_control]: 	State:
[gzserver-1] [INFO] [1789661005.373837559] [gazebo_ros2_control]: 		 position
[gzserver-1] [INFO] [1789661005.373850282] [gazebo_ros2_control]: 		 velocity
[gzserver-1] [INFO] [1789661005.373859694] [gazebo_ros2_control]: 	Command:
[gzserver-1] [INFO] [1789661005.373884085] [gazebo_ros2_control]: 		 velocity
[gzserver-1] [INFO] [1789661005.374361237] [gazebo_ros2_control]: Loading joint: wheel_rear_drive_joint
[gzserver-1] [INFO] [1789661005.374393334] [gazebo_ros2_control]: 	State:
[gzserver-1] [INFO] [1789661005.374404743] [gazebo_ros2_control]: 		 position
[gzserver-1] [INFO] [1789661005.374414763] [gazebo_ros2_control]: 		 velocity
[gzserver-1] [INFO] [1789661005.374423656] [gazebo_ros2_control]: 	Command:
[gzserver-1] [INFO] [1789661005.374442267] [gazebo_ros2_control]: 		 velocity
[gzserver-1] [INFO] [1789661005.383291906] [resource_manager]: Initialize hardware 'GazeboSystem' 
[gzserver-1] [INFO] [1789661005.383554211] [resource_manager]: Successful initialization of hardware 'GazeboSystem'
[gzserver-1] [INFO] [1789661005.383694953] [resource_manager]: 'configure' hardware 'GazeboSystem' 
[gzserver-1] [INFO] [1789661005.383708403] [resource_manager]: Successful 'configure' of hardware 'GazeboSystem'
[gzserver-1] [INFO] [1789661005.383715977] [resource_manager]: 'activate' hardware 'GazeboSystem' 
[gzserver-1] [INFO] [1789661005.383722415] [resource_manager]: Successful 'activate' of hardware 'GazeboSystem'
[gzserver-1] [INFO] [1789661005.385718679] [gazebo_ros2_control]: Loading controller_manager
[controller_server-8] [INFO] [1789661005.593362016] [local_costmap.local_costmap]: Timed out waiting for transform from base_footprint to odom to become available, tf error: Invalid frame ID "odom" passed to canTransform argument target_frame - frame does not exist
[gzserver-1] [WARN] [1789661005.661183625] [gazebo_ros2_control]:  Desired controller update period (0.01 s) is slower than the gazebo simulation period (0.001 s).
[gzserver-1] [INFO] [1789661005.661632441] [gazebo_ros2_control]: Loaded gazebo_ros2_control.
[controller_server-8] [INFO] [1789661006.093346418] [local_costmap.local_costmap]: start
[controller_server-8] [INFO] [1789661006.250185996] [controller_server]: Creating bond (controller_server) to lifecycle manager.
[lifecycle_manager-13] [INFO] [1789661006.373125081] [lifecycle_manager_navigation]: Server controller_server connected with bond.
[lifecycle_manager-13] [INFO] [1789661006.373212518] [lifecycle_manager_navigation]: [34m[1mActivating planner_server[0m[0m
[planner_server-9] [INFO] [1789661006.375862713] [planner_server]: Activating
[planner_server-9] [INFO] [1789661006.377579348] [global_costmap.global_costmap]: Activating
[planner_server-9] [INFO] [1789661006.377603795] [global_costmap.global_costmap]: Checking transform
[planner_server-9] [INFO] [1789661006.377767869] [global_costmap.global_costmap]: start
[spawner-15] [INFO] [1789661006.886807189] [spawn_joint_state_broadcaster]: waiting for service /controller_manager/list_controllers to become available...
[planner_server-9] [INFO] [1789661006.941624065] [planner_server]: Activating plugin GridBased of type NavfnPlanner
[planner_server-9] [INFO] [1789661006.950076752] [planner_server]: Creating bond (planner_server) to lifecycle manager.
[lifecycle_manager-13] [INFO] [1789661007.123583953] [lifecycle_manager_navigation]: Server planner_server connected with bond.
[lifecycle_manager-13] [INFO] [1789661007.123655635] [lifecycle_manager_navigation]: [34m[1mActivating behavior_server[0m[0m
[behavior_server-10] [INFO] [1789661007.155243134] [behavior_server]: Activating
[behavior_server-10] [INFO] [1789661007.155292451] [behavior_server]: Activating spin
[behavior_server-10] [INFO] [1789661007.155308986] [behavior_server]: Activating backup
[behavior_server-10] [INFO] [1789661007.155320734] [behavior_server]: Activating drive_on_heading
[behavior_server-10] [INFO] [1789661007.155330899] [behavior_server]: Activating wait
[behavior_server-10] [INFO] [1789661007.155347597] [behavior_server]: Creating bond (behavior_server) to lifecycle manager.
[lifecycle_manager-13] [INFO] [1789661007.406468458] [lifecycle_manager_navigation]: Server behavior_server connected with bond.
[lifecycle_manager-13] [INFO] [1789661007.406518837] [lifecycle_manager_navigation]: [34m[1mActivating bt_navigator[0m[0m
[bt_navigator-11] [INFO] [1789661007.409783909] [bt_navigator]: Activating
[gzserver-1] [INFO] [1789661007.678330830] [controller_manager]: Loading controller 'joint_state_broadcaster'
[bt_navigator-11] [INFO] [1789661008.297123407] [bt_navigator]: Creating bond (bt_navigator) to lifecycle manager.
[spawner-15] [INFO] [1789661008.309416270] [spawn_joint_state_broadcaster]: [94mLoaded [1mjoint_state_broadcaster[0m
[gzserver-1] [INFO] [1789661008.324407709] [controller_manager]: Configuring controller 'joint_state_broadcaster'
[gzserver-1] [INFO] [1789661008.324976799] [joint_state_broadcaster]: 'joints' or 'interfaces' parameter is empty. All available state interfaces will be published
[lifecycle_manager-13] [INFO] [1789661008.450934488] [lifecycle_manager_navigation]: Server bt_navigator connected with bond.
[lifecycle_manager-13] [INFO] [1789661008.451025118] [lifecycle_manager_navigation]: [34m[1mActivating waypoint_follower[0m[0m
[waypoint_follower-12] [INFO] [1789661008.455886378] [waypoint_follower]: Activating
[waypoint_follower-12] [INFO] [1789661008.455952390] [waypoint_follower]: Creating bond (waypoint_follower) to lifecycle manager.
[spawner-15] [INFO] [1789661008.456957482] [spawn_joint_state_broadcaster]: [92mConfigured and activated [1mjoint_state_broadcaster[0m
[lifecycle_manager-13] [INFO] [1789661008.616545481] [lifecycle_manager_navigation]: Server waypoint_follower connected with bond.
[lifecycle_manager-13] [INFO] [1789661008.616594391] [lifecycle_manager_navigation]: [34m[1mManaged nodes are active[0m[0m
[lifecycle_manager-13] [INFO] [1789661008.616600888] [lifecycle_manager_navigation]: [34m[1mCreating bond timer...[0m[0m
[INFO] [spawner-15]: process has finished cleanly [pid 232118]
[INFO] [spawner-16]: process started with pid [232166]
[spawner-16] [INFO] [1789661010.704994284] [spawn_steering_controller]: waiting for service /controller_manager/list_controllers to become available...
[gzserver-1] [INFO] [1789661011.533207167] [controller_manager]: Loading controller 'steering_controller'
[spawner-16] [INFO] [1789661011.831898559] [spawn_steering_controller]: [94mLoaded [1msteering_controller[0m
[gzserver-1] [INFO] [1789661011.841681716] [controller_manager]: Configuring controller 'steering_controller'
[gzserver-1] [INFO] [1789661011.854552147] [steering_controller]: configure successful
[gzserver-1] [INFO] [1789661011.881247144] [steering_controller]: activate successful
[spawner-16] [INFO] [1789661011.901121917] [spawn_steering_controller]: [92mConfigured and activated [1msteering_controller[0m
[INFO] [spawner-16]: process has finished cleanly [pid 232166]
[INFO] [spawner-17]: process started with pid [232223]
[spawner-17] [INFO] [1789661013.751285428] [spawn_drive_controller]: waiting for service /controller_manager/list_controllers to become available...
[gzserver-1] [INFO] [1789661014.569595539] [controller_manager]: Loading controller 'drive_controller'
[spawner-17] [INFO] [1789661015.073508691] [spawn_drive_controller]: [94mLoaded [1mdrive_controller[0m
[gzserver-1] [INFO] [1789661015.165680749] [controller_manager]: Configuring controller 'drive_controller'
[gzserver-1] [INFO] [1789661015.166811400] [drive_controller]: configure successful
[gzserver-1] [INFO] [1789661015.190898312] [drive_controller]: activate successful
[spawner-17] [INFO] [1789661015.211744608] [spawn_drive_controller]: [92mConfigured and activated [1mdrive_controller[0m
[INFO] [spawner-17]: process has finished cleanly [pid 232223]
[INFO] [swerve_controller_node-18]: process started with pid [232320]
[INFO] [swerve_odometry_node-19]: process started with pid [232322]
[swerve_odometry_node-19] [INFO] [1789661017.949570047] [swerve_odometry]: Encoder odometry ready: radius=0.0637 m, velocity_sign=+1.0
[swerve_controller_node-18] [INFO] [1789661018.000882268] [swerve_controller]: Swerve controller ready: radius=0.0675 m, modules={'front': (0.300042, 0.0), 'rear': (-0.300042, 0.0)}
[WARNING] [launch]: user interrupted with ctrl-c (SIGINT)
[INFO] [swerve_odometry_node-19]: sending signal 'SIGINT' to process[swerve_odometry_node-19]
[INFO] [swerve_controller_node-18]: sending signal 'SIGINT' to process[swerve_controller_node-18]
[INFO] [lifecycle_manager-13]: sending signal 'SIGINT' to process[lifecycle_manager-13]
[INFO] [waypoint_follower-12]: sending signal 'SIGINT' to process[waypoint_follower-12]
[INFO] [bt_navigator-11]: sending signal 'SIGINT' to process[bt_navigator-11]
[INFO] [behavior_server-10]: sending signal 'SIGINT' to process[behavior_server-10]
[INFO] [planner_server-9]: sending signal 'SIGINT' to process[planner_server-9]
[INFO] [controller_server-8]: sending signal 'SIGINT' to process[controller_server-8]
[INFO] [map_server-7]: sending signal 'SIGINT' to process[map_server-7]
[INFO] [ekf_node-6]: sending signal 'SIGINT' to process[ekf_node-6]
[INFO] [v30e_sim_node-5]: sending signal 'SIGINT' to process[v30e_sim_node-5]
[INFO] [ekf_node-4]: sending signal 'SIGINT' to process[ekf_node-4]
[INFO] [robot_state_publisher-2]: sending signal 'SIGINT' to process[robot_state_publisher-2]
[INFO] [gzserver-1]: sending signal 'SIGINT' to process[gzserver-1]
[ekf_node-6] [INFO] [1789661064.384470762] [rclcpp]: signal_handler(signum=2)
[controller_server-8] [INFO] [1789661064.384593692] [rclcpp]: signal_handler(signum=2)
[controller_server-8] [INFO] [1789661064.386692396] [controller_server]: Running Nav2 LifecycleNode rcl preshutdown (controller_server)
[controller_server-8] [INFO] [1789661064.386883628] [controller_server]: Deactivating
[controller_server-8] [INFO] [1789661064.386950843] [local_costmap.local_costmap]: Deactivating
[map_server-7] [INFO] [1789661064.385325043] [rclcpp]: signal_handler(signum=2)
[map_server-7] [INFO] [1789661064.388056603] [map_server]: Running Nav2 LifecycleNode rcl preshutdown (map_server)
[map_server-7] [INFO] [1789661064.388137014] [map_server]: Deactivating
[map_server-7] [INFO] [1789661064.388233751] [map_server]: Destroying bond (map_server) to lifecycle manager.
[bt_navigator-11] [INFO] [1789661064.385993739] [rclcpp]: signal_handler(signum=2)
[bt_navigator-11] [INFO] [1789661064.387365890] [bt_navigator]: Running Nav2 LifecycleNode rcl preshutdown (bt_navigator)
[bt_navigator-11] [INFO] [1789661064.387453467] [bt_navigator]: Deactivating
[bt_navigator-11] [INFO] [1789661064.387489873] [bt_navigator]: Destroying bond (bt_navigator) to lifecycle manager.
[ERROR] [ekf_node-4]: process has died [pid 231630, exit code -2, cmd '/opt/ros/humble/lib/robot_localization/ekf_node --ros-args -r __node:=ekf_filter_node --params-file /home/yahboom/swerve_bringup/install/swerve_bringup/share/swerve_bringup/config/ekf.yaml --params-file /tmp/launch_params_as13tjxt -r /odom:=/odom -r /imu/data:=/imu/data'].
[robot_state_publisher-2] [INFO] [1789661064.386052102] [rclcpp]: signal_handler(signum=2)
[waypoint_follower-12] [INFO] [1789661064.386266782] [rclcpp]: signal_handler(signum=2)
[waypoint_follower-12] [INFO] [1789661064.386411113] [waypoint_follower]: Running Nav2 LifecycleNode rcl preshutdown (waypoint_follower)
[waypoint_follower-12] [INFO] [1789661064.386500510] [waypoint_follower]: Deactivating
[waypoint_follower-12] [INFO] [1789661064.386532451] [waypoint_follower]: Destroying bond (waypoint_follower) to lifecycle manager.
[ekf_node-4] [INFO] [1789661064.386276959] [rclcpp]: signal_handler(signum=2)
[behavior_server-10] [INFO] [1789661064.386975682] [rclcpp]: signal_handler(signum=2)
[behavior_server-10] [INFO] [1789661064.387715427] [behavior_server]: Running Nav2 LifecycleNode rcl preshutdown (behavior_server)
[behavior_server-10] [INFO] [1789661064.387787215] [behavior_server]: Deactivating
[behavior_server-10] [INFO] [1789661064.387826296] [behavior_server]: Destroying bond (behavior_server) to lifecycle manager.
[planner_server-9] [INFO] [1789661064.389747482] [rclcpp]: signal_handler(signum=2)
[planner_server-9] [INFO] [1789661064.391602771] [planner_server]: Running Nav2 LifecycleNode rcl preshutdown (planner_server)
[planner_server-9] [INFO] [1789661064.391679782] [planner_server]: Deactivating
[planner_server-9] [INFO] [1789661064.391722176] [global_costmap.global_costmap]: Deactivating
[lifecycle_manager-13] [INFO] [1789661064.390149543] [rclcpp]: signal_handler(signum=2)
[lifecycle_manager-13] [INFO] [1789661064.394271616] [lifecycle_manager_navigation]: Running Nav2 LifecycleManager rcl preshutdown (lifecycle_manager_navigation)
[lifecycle_manager-13] [INFO] [1789661064.394326488] [lifecycle_manager_navigation]: [34m[1mTerminating bond timer...[0m[0m
[swerve_odometry_node-19] Traceback (most recent call last):
[swerve_odometry_node-19]   File "/home/yahboom/swerve_bringup/install/swerve_bringup/lib/swerve_bringup/swerve_odometry_node", line 221, in <module>
[swerve_odometry_node-19]     main()
[swerve_odometry_node-19]   File "/home/yahboom/swerve_bringup/install/swerve_bringup/lib/swerve_bringup/swerve_odometry_node", line 215, in main
[swerve_odometry_node-19]     node.destroy_node()
[swerve_odometry_node-19]   File "/opt/ros/humble/local/lib/python3.10/dist-packages/rclpy/node.py", line 1685, in destroy_node
[swerve_odometry_node-19]     self.destroy_publisher(self._publishers[0])
[swerve_odometry_node-19]   File "/opt/ros/humble/local/lib/python3.10/dist-packages/rclpy/node.py", line 1565, in destroy_publisher
[swerve_odometry_node-19]     publisher.destroy()
[swerve_odometry_node-19]   File "/opt/ros/humble/local/lib/python3.10/dist-packages/rclpy/publisher.py", line 99, in destroy
[swerve_odometry_node-19]     self.__publisher.destroy_when_not_in_use()
[swerve_odometry_node-19] KeyboardInterrupt
[lifecycle_manager-13] [INFO] [1789661064.417556533] [rclcpp]: signal_handler(signum=2)
[bt_navigator-11] [INFO] [1789661064.419249062] [bt_navigator]: Cleaning up
[map_server-7] [INFO] [1789661064.421735992] [map_server]: Cleaning up
[map_server-7] [INFO] [1789661064.421865844] [map_server]: Destroying bond (map_server) to lifecycle manager.
[behavior_server-10] [INFO] [1789661064.425893410] [behavior_server]: Cleaning up
[waypoint_follower-12] [INFO] [1789661064.426340003] [rclcpp]: signal_handler(signum=2)
[bt_navigator-11] [INFO] [1789661064.430300428] [rclcpp]: signal_handler(signum=2)
[behavior_server-10] [INFO] [1789661064.436588539] [rclcpp]: signal_handler(signum=2)
[planner_server-9] [INFO] [1789661064.442493713] [rclcpp]: signal_handler(signum=2)
[swerve_controller_node-18] Traceback (most recent call last):
[swerve_controller_node-18]   File "/home/yahboom/swerve_bringup/install/swerve_bringup/lib/swerve_bringup/swerve_controller_node", line 192, in <module>
[swerve_controller_node-18]     main()
[swerve_controller_node-18]   File "/home/yahboom/swerve_bringup/install/swerve_bringup/lib/swerve_bringup/swerve_controller_node", line 187, in main
[swerve_controller_node-18]     node.destroy_node()
[swerve_controller_node-18]   File "/opt/ros/humble/local/lib/python3.10/dist-packages/rclpy/node.py", line 1685, in destroy_node
[swerve_controller_node-18]     self.destroy_publisher(self._publishers[0])
[swerve_controller_node-18]   File "/opt/ros/humble/local/lib/python3.10/dist-packages/rclpy/node.py", line 1565, in destroy_publisher
[swerve_controller_node-18]     publisher.destroy()
[swerve_controller_node-18]   File "/opt/ros/humble/local/lib/python3.10/dist-packages/rclpy/publisher.py", line 99, in destroy
[swerve_controller_node-18]     self.__publisher.destroy_when_not_in_use()
[swerve_controller_node-18] KeyboardInterrupt
[waypoint_follower-12] [INFO] [1789661064.455602284] [waypoint_follower]: Cleaning up
[map_server-7] [INFO] [1789661064.456287920] [rclcpp]: signal_handler(signum=2)
[controller_server-8] [INFO] [1789661064.451023181] [rclcpp]: signal_handler(signum=2)
[ekf_node-6] [INFO] [1789661064.462343007] [rclcpp]: signal_handler(signum=2)
[v30e_sim_node-5] Traceback (most recent call last):
[v30e_sim_node-5]   File "/home/yahboom/swerve_bringup/install/swerve_bringup/lib/swerve_bringup/v30e_sim_node", line 188, in <module>
[v30e_sim_node-5]     if __name__ == '__main__': main()
[v30e_sim_node-5]   File "/home/yahboom/swerve_bringup/install/swerve_bringup/lib/swerve_bringup/v30e_sim_node", line 185, in main
[v30e_sim_node-5]     node.destroy_node(); rclpy.shutdown()
[v30e_sim_node-5]   File "/opt/ros/humble/local/lib/python3.10/dist-packages/rclpy/node.py", line 1685, in destroy_node
[v30e_sim_node-5]     self.destroy_publisher(self._publishers[0])
[v30e_sim_node-5]   File "/opt/ros/humble/local/lib/python3.10/dist-packages/rclpy/node.py", line 1565, in destroy_publisher
[v30e_sim_node-5]     publisher.destroy()
[v30e_sim_node-5]   File "/opt/ros/humble/local/lib/python3.10/dist-packages/rclpy/publisher.py", line 99, in destroy
[v30e_sim_node-5]     self.__publisher.destroy_when_not_in_use()
[v30e_sim_node-5] KeyboardInterrupt
[controller_server-8] [INFO] [1789661064.474788557] [controller_server]: Destroying bond (controller_server) to lifecycle manager.
[robot_state_publisher-2] [INFO] [1789661064.491384201] [rclcpp]: signal_handler(signum=2)
[controller_server-8] [INFO] [1789661064.632546804] [controller_server]: Cleaning up
[controller_server-8] [INFO] [1789661064.632721725] [local_costmap.local_costmap]: Cleaning up
[waypoint_follower-12] [INFO] [1789661064.669103467] [waypoint_follower]: Destroying bond (waypoint_follower) to lifecycle manager.
[waypoint_follower-12] [INFO] [1789661064.715200359] [waypoint_follower]: Destroying
[map_server-7] [INFO] [1789661064.716969482] [map_server]: Destroying
[behavior_server-10] [INFO] [1789661064.781772802] [behavior_server]: Destroying bond (behavior_server) to lifecycle manager.
[INFO] [robot_state_publisher-2]: process has finished cleanly [pid 231626]
[ERROR] [swerve_odometry_node-19]: process has died [pid 232322, exit code -2, cmd '/home/yahboom/swerve_bringup/install/swerve_bringup/lib/swerve_bringup/swerve_odometry_node --ros-args -r __node:=swerve_odometry --params-file /home/yahboom/swerve_bringup/install/swerve_bringup/share/swerve_bringup/config/swerve_odometry.yaml --params-file /tmp/launch_params_ec6wht_8'].
[ERROR] [v30e_sim_node-5]: process has died [pid 231632, exit code -2, cmd '/home/yahboom/swerve_bringup/install/swerve_bringup/lib/swerve_bringup/v30e_sim_node --ros-args -r __node:=v30e_sim_node --params-file /home/yahboom/swerve_bringup/install/swerve_bringup/share/swerve_bringup/config/v30e_sim.yaml --params-file /tmp/launch_params_m1l3t951'].
[planner_server-9] [INFO] [1789661064.883044740] [planner_server]: Deactivating plugin GridBased of type NavfnPlanner
[planner_server-9] [INFO] [1789661064.883124226] [planner_server]: Destroying bond (planner_server) to lifecycle manager.
[behavior_server-10] [INFO] [1789661064.883692253] [behavior_server]: Destroying
[ERROR] [swerve_controller_node-18]: process has died [pid 232320, exit code -2, cmd '/home/yahboom/swerve_bringup/install/swerve_bringup/lib/swerve_bringup/swerve_controller_node --ros-args -r __node:=swerve_controller --params-file /home/yahboom/swerve_bringup/install/swerve_bringup/share/swerve_bringup/config/swerve_controller.yaml --params-file /tmp/launch_params_ifv5weub'].
[planner_server-9] [INFO] [1789661064.895863669] [planner_server]: Cleaning up
[controller_server-8] [INFO] [1789661064.900279652] [controller_server]: Destroying bond (controller_server) to lifecycle manager.
[lifecycle_manager-13] [INFO] [1789661064.908870844] [lifecycle_manager_navigation]: Destroying lifecycle_manager_navigation
[INFO] [ekf_node-6]: process has finished cleanly [pid 231634]
[controller_server-8] [INFO] [1789661064.933967399] [local_costmap.local_costmap]: Destroying
[planner_server-9] [INFO] [1789661064.978207279] [global_costmap.global_costmap]: Cleaning up
[controller_server-8] [INFO] [1789661065.003912053] [controller_server]: Destroying
[planner_server-9] [INFO] [1789661065.011460272] [planner_server]: Cleaning up plugin GridBased of type NavfnPlanner
[planner_server-9] [INFO] [1789661065.011803181] [planner_server]: Destroying plugin GridBased of type NavfnPlanner
[planner_server-9] [INFO] [1789661065.060193599] [planner_server]: Destroying bond (planner_server) to lifecycle manager.
[INFO] [waypoint_follower-12]: process has finished cleanly [pid 231673]
[planner_server-9] [INFO] [1789661065.085891032] [global_costmap.global_costmap]: Destroying
[bt_navigator-11] [INFO] [1789661065.102490666] [bt_navigator]: Completed Cleaning up
[bt_navigator-11] [INFO] [1789661065.102560678] [bt_navigator]: Destroying bond (bt_navigator) to lifecycle manager.
[planner_server-9] [INFO] [1789661065.117321754] [planner_server]: Destroying
[bt_navigator-11] [INFO] [1789661065.119832300] [bt_navigator]: Destroying
[INFO] [map_server-7]: process has finished cleanly [pid 231636]
[INFO] [behavior_server-10]: process has finished cleanly [pid 231652]
[INFO] [lifecycle_manager-13]: process has finished cleanly [pid 231687]
[INFO] [controller_server-8]: process has finished cleanly [pid 231638]
[INFO] [bt_navigator-11]: process has finished cleanly [pid 231668]
[INFO] [planner_server-9]: process has finished cleanly [pid 231642]
[INFO] [gzserver-1]: process has finished cleanly [pid 231624]
