{
  "case": "yaw+",
  "samples": 54,
  "sim_duration": 8.0,
  "clock_verified": true,
  "telemetry_valid": true,
  "joint_properties_service": "/get_joint_properties",
  "classification": "NOT PHYSICAL CALIBRATION",
  "simulation_assumption_caster_trail_m": 0.0,
  "caster_axle_offset_x_m": "0.0",
  "caster_axle_offset_y_m": "0.0",
  "real_measurement_required": true,
  "integrated_gt_yaw": 0.12622667384693242,
  "integrated_encoder_yaw": 0.9590267837762755,
  "integrated_odom_yaw": 0.9116604539171891,
  "integrated_imu_yaw": 0.1259590479404326,
  "encoder_to_gt_yaw_ratio": 7.597655507735475,
  "direction_correct": true,
  "physics_acceptance_pass": false,
  "mean_gt_wz": 0.01520991476642489,
  "mean_encoder_wz": 0.11981759064095453,
  "mean_odom_wz": 0.11293206954470855,
  "mean_imu_wz": 0.014983903704994877,
  "drive_load_share": 0.45616118786338533,
  "casters": {
    "FL": {
      "initial_swivel": 0.0006261062879202584,
      "desired_heading": 1.5699455258002455,
      "actual_heading": -0.12492189162439438,
      "mean_equivalent_heading_error": 1.3544458221739293,
      "p95_heading_error": 1.4405517034400437,
      "final_heading_error": 1.446725236165153,
      "swivel_travel": 0.12593650758557207,
      "mean_abs_swivel_velocity": 0.0005023552555453764,
      "mean_abs_roll_velocity": 0.08694692911478696,
      "mean_tangential_metric": 566.4420866742607,
      "p95_tangential_metric": 945.8051488430019
    },
    "FR": {
      "initial_swivel": -0.00048064564988514746,
      "desired_heading": 1.4922981879925374,
      "actual_heading": -0.12534670398911008,
      "mean_equivalent_heading_error": 1.3974880090356978,
      "p95_heading_error": 1.5634199524271524,
      "final_heading_error": 1.5239477616081456,
      "swivel_travel": 0.1275495268843736,
      "mean_abs_swivel_velocity": 0.0018902399326686864,
      "mean_abs_roll_velocity": 0.07542862874088614,
      "mean_tangential_metric": 1327.2289894367439,
      "p95_tangential_metric": 2216.4615583206673
    },
    "RL": {
      "initial_swivel": 0.000411201026609298,
      "desired_heading": 1.5697308208394638,
      "actual_heading": -0.12480679841860987,
      "mean_equivalent_heading_error": 1.0109336121675052,
      "p95_heading_error": 1.4388570254619373,
      "final_heading_error": 1.4470550343317194,
      "swivel_travel": 0.1254582908317463,
      "mean_abs_swivel_velocity": 0.0007085700524095981,
      "mean_abs_roll_velocity": 0.05689868795672736,
      "mean_tangential_metric": 414.2634130432558,
      "p95_tangential_metric": 651.2173334573367
    },
    "RR": {
      "initial_swivel": -0.004012143481232577,
      "desired_heading": 1.4726030682800335,
      "actual_heading": -0.12876607101590665,
      "mean_equivalent_heading_error": 0.9513568288518764,
      "p95_heading_error": 1.563679476330531,
      "final_heading_error": 1.540223514293853,
      "swivel_travel": 0.12477994894277078,
      "mean_abs_swivel_velocity": 0.0014470446192044505,
      "mean_abs_roll_velocity": 0.10062058174491878,
      "mean_tangential_metric": 1602.1034842691713,
      "p95_tangential_metric": 2776.1623106384386
    }
  },
  "t_stall": 2.6,
  "at_stall": {
    "FL": {
      "heading_error": 1.3580279773665018,
      "tangential_metric": 583.3087001290705
    },
    "FR": {
      "heading_error": 1.3998306214986163,
      "tangential_metric": 1393.5707850035685
    },
    "RL": {
      "heading_error": 0.1710467983060857,
      "tangential_metric": 437.54022731227633
    },
    "RR": {
      "heading_error": 0.04224036604364523,
      "tangential_metric": 1633.050707316117
    }
  },
  "zero_trail_confirmed_as_blocker": true,
  "evidence": {
    "caster_heading_error_large": true,
    "caster_swivel_nearly_stationary": true,
    "drive_wheels_active": true,
    "gt_stall_detected": true
  }
}
