[INFO] [launch]: All log files can be found below /home/yahboom/.ros/log/2026-09-18-00-01-25-483299-yahboom-virtual-machine-230958
[INFO] [launch]: Default logging verbosity is set to INFO
[INFO] [launch.user]: CONTACT_DIAGNOSTICS=true
[INFO] [gzserver-1]: process started with pid [230999]
[INFO] [robot_state_publisher-2]: process started with pid [231001]
[INFO] [spawn_entity.py-3]: process started with pid [231003]
[INFO] [ekf_node-4]: process started with pid [231005]
[INFO] [v30e_sim_node-5]: process started with pid [231007]
[INFO] [ekf_node-6]: process started with pid [231009]
[INFO] [map_server-7]: process started with pid [231011]
[INFO] [controller_server-8]: process started with pid [231014]
[INFO] [planner_server-9]: process started with pid [231026]
[INFO] [behavior_server-10]: process started with pid [231039]
[INFO] [bt_navigator-11]: process started with pid [231047]
[INFO] [waypoint_follower-12]: process started with pid [231056]
[INFO] [lifecycle_manager-13]: process started with pid [231060]
[INFO] [swerve_bridge_node-14]: process started with pid [231069]
[map_server-7] [INFO] [1789660888.508739701] [map_server]: 
[map_server-7] 	map_server lifecycle node launched. 
[map_server-7] 	Waiting on external lifecycle transitions to activate
[map_server-7] 	See https://design.ros2.org/articles/node_lifecycle.html for more information.
[map_server-7] [INFO] [1789660888.530514063] [map_server]: Creating
[robot_state_publisher-2] [INFO] [1789660888.578272583] [robot_state_publisher]: got segment base_footprint
[robot_state_publisher-2] [INFO] [1789660888.579197596] [robot_state_publisher]: got segment base_link
[robot_state_publisher-2] [INFO] [1789660888.579606680] [robot_state_publisher]: got segment imu_link
[robot_state_publisher-2] [INFO] [1789660888.579977711] [robot_state_publisher]: got segment lidar_link
[robot_state_publisher-2] [INFO] [1789660888.579995177] [robot_state_publisher]: got segment steer_front_link
[robot_state_publisher-2] [INFO] [1789660888.580007553] [robot_state_publisher]: got segment steer_rear_link
[robot_state_publisher-2] [INFO] [1789660888.580014970] [robot_state_publisher]: got segment v30e_link
[robot_state_publisher-2] [INFO] [1789660888.580022287] [robot_state_publisher]: got segment wheel_front_drive_link
[robot_state_publisher-2] [INFO] [1789660888.580029782] [robot_state_publisher]: got segment wheel_front_left_fork_link
[robot_state_publisher-2] [INFO] [1789660888.580037053] [robot_state_publisher]: got segment wheel_front_left_link
[planner_server-9] [INFO] [1789660888.581734483] [planner_server]: 
[planner_server-9] 	planner_server lifecycle node launched. 
[planner_server-9] 	Waiting on external lifecycle transitions to activate
[planner_server-9] 	See https://design.ros2.org/articles/node_lifecycle.html for more information.
[robot_state_publisher-2] [INFO] [1789660888.586244982] [robot_state_publisher]: got segment wheel_front_right_fork_link
[robot_state_publisher-2] [INFO] [1789660888.590239210] [robot_state_publisher]: got segment wheel_front_right_link
[robot_state_publisher-2] [INFO] [1789660888.590255065] [robot_state_publisher]: got segment wheel_rear_drive_link
[robot_state_publisher-2] [INFO] [1789660888.590263668] [robot_state_publisher]: got segment wheel_rear_left_fork_link
[robot_state_publisher-2] [INFO] [1789660888.590270598] [robot_state_publisher]: got segment wheel_rear_left_link
[robot_state_publisher-2] [INFO] [1789660888.590277536] [robot_state_publisher]: got segment wheel_rear_right_fork_link
[robot_state_publisher-2] [INFO] [1789660888.590284670] [robot_state_publisher]: got segment wheel_rear_right_link
[planner_server-9] [INFO] [1789660888.596259182] [planner_server]: Creating
[waypoint_follower-12] [INFO] [1789660888.698559460] [waypoint_follower]: 
[waypoint_follower-12] 	waypoint_follower lifecycle node launched. 
[waypoint_follower-12] 	Waiting on external lifecycle transitions to activate
[waypoint_follower-12] 	See https://design.ros2.org/articles/node_lifecycle.html for more information.
[waypoint_follower-12] [INFO] [1789660888.699296996] [waypoint_follower]: Creating
[bt_navigator-11] [INFO] [1789660888.803018541] [bt_navigator]: 
[bt_navigator-11] 	bt_navigator lifecycle node launched. 
[bt_navigator-11] 	Waiting on external lifecycle transitions to activate
[bt_navigator-11] 	See https://design.ros2.org/articles/node_lifecycle.html for more information.
[bt_navigator-11] [INFO] [1789660888.803236103] [bt_navigator]: Creating
[controller_server-8] [INFO] [1789660888.879232637] [controller_server]: 
[controller_server-8] 	controller_server lifecycle node launched. 
[controller_server-8] 	Waiting on external lifecycle transitions to activate
[controller_server-8] 	See https://design.ros2.org/articles/node_lifecycle.html for more information.
[controller_server-8] [INFO] [1789660888.889033132] [controller_server]: Creating controller server
[behavior_server-10] [INFO] [1789660888.916274092] [behavior_server]: 
[behavior_server-10] 	behavior_server lifecycle node launched. 
[behavior_server-10] 	Waiting on external lifecycle transitions to activate
[behavior_server-10] 	See https://design.ros2.org/articles/node_lifecycle.html for more information.
[lifecycle_manager-13] [INFO] [1789660888.941702456] [lifecycle_manager_navigation]: Creating
[lifecycle_manager-13] [INFO] [1789660889.013577379] [lifecycle_manager_navigation]: [34m[1mCreating and initializing lifecycle service clients[0m[0m
[swerve_bridge_node-14] Traceback (most recent call last):
[swerve_bridge_node-14]   File "/home/yahboom/swerve_bringup/install/swerve_bridge/lib/swerve_bridge/swerve_bridge_node", line 33, in <module>
[swerve_bridge_node-14]     sys.exit(load_entry_point('swerve-bridge', 'console_scripts', 'swerve_bridge_node')())
[swerve_bridge_node-14]   File "/home/yahboom/swerve_bringup/install/swerve_bridge/lib/swerve_bridge/swerve_bridge_node", line 22, in importlib_load_entry_point
[swerve_bridge_node-14]     for entry_point in distribution(dist_name).entry_points
[swerve_bridge_node-14]   File "/usr/lib/python3.10/importlib/metadata/__init__.py", line 969, in distribution
[swerve_bridge_node-14]     return Distribution.from_name(distribution_name)
[swerve_bridge_node-14]   File "/usr/lib/python3.10/importlib/metadata/__init__.py", line 548, in from_name
[swerve_bridge_node-14]     raise PackageNotFoundError(name)
[swerve_bridge_node-14] importlib.metadata.PackageNotFoundError: No package metadata was found for swerve-bridge
[ERROR] [swerve_bridge_node-14]: process has died [pid 231069, exit code 1, cmd '/home/yahboom/swerve_bringup/install/swerve_bridge/lib/swerve_bridge/swerve_bridge_node --ros-args -r __node:=swerve_bridge --params-file /home/yahboom/swerve_bringup/install/swerve_bridge/share/swerve_bridge/config/bridge.yaml --params-file /tmp/launch_params_8fwhauqs'].
[planner_server-9] [INFO] [1789660889.141396257] [global_costmap.global_costmap]: 
[planner_server-9] 	global_costmap lifecycle node launched. 
[planner_server-9] 	Waiting on external lifecycle transitions to activate
[planner_server-9] 	See https://design.ros2.org/articles/node_lifecycle.html for more information.
[planner_server-9] [INFO] [1789660889.141932233] [global_costmap.global_costmap]: Creating Costmap
[controller_server-8] [INFO] [1789660889.172293337] [local_costmap.local_costmap]: 
[controller_server-8] 	local_costmap lifecycle node launched. 
[controller_server-8] 	Waiting on external lifecycle transitions to activate
[controller_server-8] 	See https://design.ros2.org/articles/node_lifecycle.html for more information.
[controller_server-8] [INFO] [1789660889.172828957] [local_costmap.local_costmap]: Creating Costmap
[lifecycle_manager-13] [INFO] [1789660889.215133311] [lifecycle_manager_navigation]: [34m[1mStarting managed nodes bringup...[0m[0m
[lifecycle_manager-13] [INFO] [1789660889.215216875] [lifecycle_manager_navigation]: [34m[1mConfiguring map_server[0m[0m
[map_server-7] [INFO] [1789660889.216481257] [map_server]: Configuring
[map_server-7] [INFO] [1789660889.216593394] [map_io]: Loading yaml file: /home/yahboom/swerve_bringup/install/swerve_bringup/share/swerve_bringup/swerve_navigation/maps/warehouse.yaml
[map_server-7] [INFO] [1789660889.216938840] [map_io]: resolution: 0.05
[map_server-7] [INFO] [1789660889.216956246] [map_io]: origin[0]: -17.2
[map_server-7] [INFO] [1789660889.216963016] [map_io]: origin[1]: -17.4
[map_server-7] [INFO] [1789660889.216968748] [map_io]: origin[2]: 0
[map_server-7] [INFO] [1789660889.216974836] [map_io]: free_thresh: 0.25
[map_server-7] [INFO] [1789660889.216980606] [map_io]: occupied_thresh: 0.65
[map_server-7] [INFO] [1789660889.216986643] [map_io]: mode: trinary
[map_server-7] [INFO] [1789660889.216992635] [map_io]: negate: 0
[map_server-7] [INFO] [1789660889.217251982] [map_io]: Loading image_file: /home/yahboom/swerve_bringup/install/swerve_bringup/share/swerve_bringup/swerve_navigation/maps/warehouse.pgm
[map_server-7] [INFO] [1789660889.310760799] [map_io]: Read map /home/yahboom/swerve_bringup/install/swerve_bringup/share/swerve_bringup/swerve_navigation/maps/warehouse.pgm: 676 X 680 map @ 0.05 m/cell
[lifecycle_manager-13] [INFO] [1789660889.340890692] [lifecycle_manager_navigation]: [34m[1mConfiguring controller_server[0m[0m
[controller_server-8] [INFO] [1789660889.347999702] [controller_server]: Configuring controller interface
[controller_server-8] [INFO] [1789660889.348679783] [controller_server]: getting goal checker plugins..
[controller_server-8] [INFO] [1789660889.352152862] [controller_server]: Controller frequency set to 10.0000Hz
[controller_server-8] [INFO] [1789660889.352217896] [local_costmap.local_costmap]: Configuring
[controller_server-8] [INFO] [1789660889.406096434] [local_costmap.local_costmap]: Using plugin "voxel_layer"
[controller_server-8] [INFO] [1789660889.413836379] [local_costmap.local_costmap]: Subscribed to Topics: lidar3d scan
[controller_server-8] [INFO] [1789660889.956995180] [local_costmap.local_costmap]: Initialized plugin "voxel_layer"
[controller_server-8] [INFO] [1789660889.957050754] [local_costmap.local_costmap]: Using plugin "inflation_layer"
[controller_server-8] [INFO] [1789660889.957546216] [local_costmap.local_costmap]: Initialized plugin "inflation_layer"
[controller_server-8] [INFO] [1789660890.321117716] [controller_server]: Created progress_checker : progress_checker of type nav2_controller::SimpleProgressChecker
[controller_server-8] [INFO] [1789660890.326604755] [controller_server]: Created goal checker : general_goal_checker of type nav2_controller::SimpleGoalChecker
[controller_server-8] [INFO] [1789660890.339110475] [controller_server]: Controller Server has general_goal_checker  goal checkers available.
[controller_server-8] [INFO] [1789660890.341012602] [controller_server]: Created controller : FollowPath of type dwb_core::DWBLocalPlanner
[spawn_entity.py-3] [INFO] [1789660890.357700209] [spawn_swerve]: Spawn Entity started
[spawn_entity.py-3] [INFO] [1789660890.359157988] [spawn_swerve]: Loading entity published on topic robot_description
[controller_server-8] [INFO] [1789660890.366453120] [controller_server]: Setting transform_tolerance to 0.200000
[spawn_entity.py-3] [INFO] [1789660890.371782961] [spawn_swerve]: Waiting for entity xml on robot_description
[spawn_entity.py-3] [INFO] [1789660890.406849211] [spawn_swerve]: Waiting for service /spawn_entity, timeout = 30
[spawn_entity.py-3] [INFO] [1789660890.407286172] [spawn_swerve]: Waiting for service /spawn_entity
[controller_server-8] [INFO] [1789660890.446378632] [controller_server]: Using critic "RotateToGoal" (dwb_critics::RotateToGoalCritic)
[controller_server-8] [INFO] [1789660890.455241293] [controller_server]: Critic plugin initialized
[controller_server-8] [INFO] [1789660890.462915950] [controller_server]: Using critic "Oscillation" (dwb_critics::OscillationCritic)
[controller_server-8] [INFO] [1789660890.463274237] [controller_server]: Critic plugin initialized
[controller_server-8] [INFO] [1789660890.463356715] [controller_server]: Using critic "BaseObstacle" (dwb_critics::BaseObstacleCritic)
[controller_server-8] [INFO] [1789660890.466002420] [controller_server]: Critic plugin initialized
[controller_server-8] [INFO] [1789660890.467059896] [controller_server]: Using critic "GoalAlign" (dwb_critics::GoalAlignCritic)
[controller_server-8] [INFO] [1789660890.472331343] [controller_server]: Critic plugin initialized
[controller_server-8] [INFO] [1789660890.472529479] [controller_server]: Using critic "PathAlign" (dwb_critics::PathAlignCritic)
[controller_server-8] [INFO] [1789660890.475829923] [controller_server]: Critic plugin initialized
[controller_server-8] [INFO] [1789660890.475940051] [controller_server]: Using critic "PathDist" (dwb_critics::PathDistCritic)
[controller_server-8] [INFO] [1789660890.477410857] [controller_server]: Critic plugin initialized
[controller_server-8] [INFO] [1789660890.477712677] [controller_server]: Using critic "GoalDist" (dwb_critics::GoalDistCritic)
[controller_server-8] [INFO] [1789660890.480396566] [controller_server]: Critic plugin initialized
[controller_server-8] [INFO] [1789660890.480436786] [controller_server]: Controller Server has FollowPath  controllers available.
[lifecycle_manager-13] [INFO] [1789660890.574056863] [lifecycle_manager_navigation]: [34m[1mConfiguring planner_server[0m[0m
[planner_server-9] [INFO] [1789660890.577046325] [planner_server]: Configuring
[planner_server-9] [INFO] [1789660890.578572288] [global_costmap.global_costmap]: Configuring
[planner_server-9] [INFO] [1789660890.605192741] [global_costmap.global_costmap]: Using plugin "static_layer"
[planner_server-9] [INFO] [1789660890.622390148] [global_costmap.global_costmap]: Subscribing to the map topic (/map) with transient local durability
[v30e_sim_node-5] [INFO] [1789660890.628648564] [v30e_sim_node]: Using Gazebo /get_entity_state internally; odometry is not a V30E measurement input
[planner_server-9] [INFO] [1789660890.629882676] [global_costmap.global_costmap]: Initialized plugin "static_layer"
[planner_server-9] [INFO] [1789660890.629957153] [global_costmap.global_costmap]: Using plugin "obstacle_layer"
[planner_server-9] [INFO] [1789660890.632650571] [global_costmap.global_costmap]: Subscribed to Topics: scan
[planner_server-9] [INFO] [1789660890.655075606] [global_costmap.global_costmap]: Initialized plugin "obstacle_layer"
[planner_server-9] [INFO] [1789660890.655122159] [global_costmap.global_costmap]: Using plugin "inflation_layer"
[planner_server-9] [INFO] [1789660890.662941386] [global_costmap.global_costmap]: Initialized plugin "inflation_layer"
[planner_server-9] [INFO] [1789660890.762036616] [planner_server]: Created global planner plugin GridBased of type nav2_navfn_planner/NavfnPlanner
[planner_server-9] [INFO] [1789660890.762087078] [planner_server]: Configuring plugin GridBased of type NavfnPlanner
[planner_server-9] [INFO] [1789660890.767834344] [planner_server]: Planner Server has GridBased  planners available.
[lifecycle_manager-13] [INFO] [1789660890.914014513] [lifecycle_manager_navigation]: [34m[1mConfiguring behavior_server[0m[0m
[behavior_server-10] [INFO] [1789660890.915318037] [behavior_server]: Configuring
[behavior_server-10] [INFO] [1789660890.975918620] [behavior_server]: Creating behavior plugin spin of type nav2_behaviors/Spin
[behavior_server-10] [INFO] [1789660890.979658683] [behavior_server]: Configuring spin
[behavior_server-10] [INFO] [1789660891.039912738] [behavior_server]: Creating behavior plugin backup of type nav2_behaviors/BackUp
[behavior_server-10] [INFO] [1789660891.040806734] [behavior_server]: Configuring backup
[behavior_server-10] [INFO] [1789660891.097780120] [behavior_server]: Creating behavior plugin drive_on_heading of type nav2_behaviors/DriveOnHeading
[behavior_server-10] [INFO] [1789660891.098882530] [behavior_server]: Configuring drive_on_heading
[behavior_server-10] [INFO] [1789660891.134649667] [behavior_server]: Creating behavior plugin wait of type nav2_behaviors/Wait
[behavior_server-10] [INFO] [1789660891.135489448] [behavior_server]: Configuring wait
[lifecycle_manager-13] [INFO] [1789660891.172368509] [lifecycle_manager_navigation]: [34m[1mConfiguring bt_navigator[0m[0m
[bt_navigator-11] [INFO] [1789660891.172896661] [bt_navigator]: Configuring
[lifecycle_manager-13] [INFO] [1789660891.482817640] [lifecycle_manager_navigation]: [34m[1mConfiguring waypoint_follower[0m[0m
[waypoint_follower-12] [INFO] [1789660891.484210508] [waypoint_follower]: Configuring
[waypoint_follower-12] [INFO] [1789660891.567805323] [waypoint_follower]: Created waypoint_task_executor : wait_at_waypoint of type nav2_waypoint_follower::WaitAtWaypoint
[waypoint_follower-12] [INFO] [1789660891.573216799] [waypoint_follower]: Waypoint pause duration is set to zero, disabling task executor plugin.
[lifecycle_manager-13] [INFO] [1789660891.574839712] [lifecycle_manager_navigation]: [34m[1mActivating map_server[0m[0m
[map_server-7] [INFO] [1789660891.575100408] [map_server]: Activating
[map_server-7] [INFO] [1789660891.576128332] [map_server]: Creating bond (map_server) to lifecycle manager.
[planner_server-9] [INFO] [1789660891.577095113] [global_costmap.global_costmap]: StaticLayer: Resizing costmap to 676 X 680 at 0.050000 m/pix
[lifecycle_manager-13] [INFO] [1789660891.706110534] [lifecycle_manager_navigation]: Server map_server connected with bond.
[lifecycle_manager-13] [INFO] [1789660891.706196956] [lifecycle_manager_navigation]: [34m[1mActivating controller_server[0m[0m
[controller_server-8] [INFO] [1789660891.707305894] [controller_server]: Activating
[controller_server-8] [INFO] [1789660891.707364471] [local_costmap.local_costmap]: Activating
[controller_server-8] [INFO] [1789660891.707382791] [local_costmap.local_costmap]: Checking transform
[controller_server-8] [INFO] [1789660891.707417653] [local_costmap.local_costmap]: Timed out waiting for transform from base_footprint to odom to become available, tf error: Invalid frame ID "odom" passed to canTransform argument target_frame - frame does not exist
[controller_server-8] [INFO] [1789660892.208030866] [local_costmap.local_costmap]: Timed out waiting for transform from base_footprint to odom to become available, tf error: Invalid frame ID "odom" passed to canTransform argument target_frame - frame does not exist
[controller_server-8] [INFO] [1789660892.707849068] [local_costmap.local_costmap]: Timed out waiting for transform from base_footprint to odom to become available, tf error: Invalid frame ID "odom" passed to canTransform argument target_frame - frame does not exist
[controller_server-8] [INFO] [1789660893.208460868] [local_costmap.local_costmap]: Timed out waiting for transform from base_footprint to odom to become available, tf error: Invalid frame ID "odom" passed to canTransform argument target_frame - frame does not exist
[controller_server-8] [INFO] [1789660893.707585657] [local_costmap.local_costmap]: Timed out waiting for transform from base_footprint to odom to become available, tf error: Invalid frame ID "odom" passed to canTransform argument target_frame - frame does not exist
[controller_server-8] [INFO] [1789660894.207848450] [local_costmap.local_costmap]: Timed out waiting for transform from base_footprint to odom to become available, tf error: Invalid frame ID "odom" passed to canTransform argument target_frame - frame does not exist
[controller_server-8] [INFO] [1789660894.709779117] [local_costmap.local_costmap]: Timed out waiting for transform from base_footprint to odom to become available, tf error: Invalid frame ID "odom" passed to canTransform argument target_frame - frame does not exist
[controller_server-8] [INFO] [1789660895.207889728] [local_costmap.local_costmap]: Timed out waiting for transform from base_footprint to odom to become available, tf error: Invalid frame ID "odom" passed to canTransform argument target_frame - frame does not exist
[controller_server-8] [INFO] [1789660895.707534614] [local_costmap.local_costmap]: Timed out waiting for transform from base_footprint to odom to become available, tf error: Invalid frame ID "odom" passed to canTransform argument target_frame - frame does not exist
[controller_server-8] [INFO] [1789660896.210551222] [local_costmap.local_costmap]: Timed out waiting for transform from base_footprint to odom to become available, tf error: Invalid frame ID "odom" passed to canTransform argument target_frame - frame does not exist
[spawn_entity.py-3] [INFO] [1789660896.464620512] [spawn_swerve]: Calling service /spawn_entity
[controller_server-8] [INFO] [1789660896.711372277] [local_costmap.local_costmap]: Timed out waiting for transform from base_footprint to odom to become available, tf error: Invalid frame ID "odom" passed to canTransform argument target_frame - frame does not exist
[gzserver-1] [INFO] [1789660896.819182531] [gazebo_ros_state]: Publishing states of gazebo models at [/model_states]
[gzserver-1] [INFO] [1789660896.824469315] [gazebo_ros_state]: Publishing states of gazebo links at [/link_states]
[controller_server-8] [INFO] [1789660897.207763752] [local_costmap.local_costmap]: Timed out waiting for transform from base_footprint to odom to become available, tf error: Invalid frame ID "odom" passed to canTransform argument target_frame - frame does not exist
[gzserver-1] [INFO] [1789660897.575656084] [imu.imu_ros]: <initial_orientation_as_reference> is unset, using default value of false to comply with REP 145 (world as orientation reference)
[controller_server-8] [INFO] [1789660897.712855124] [local_costmap.local_costmap]: Timed out waiting for transform from base_footprint to odom to become available, tf error: Invalid frame ID "odom" passed to canTransform argument target_frame - frame does not exist
[controller_server-8] [INFO] [1789660898.207535201] [local_costmap.local_costmap]: Timed out waiting for transform from base_footprint to odom to become available, tf error: Invalid frame ID "odom" passed to canTransform argument target_frame - frame does not exist
[controller_server-8] [INFO] [1789660898.707957362] [local_costmap.local_costmap]: Timed out waiting for transform from base_footprint to odom to become available, tf error: Invalid frame ID "odom" passed to canTransform argument target_frame - frame does not exist
[controller_server-8] [INFO] [1789660899.210502396] [local_costmap.local_costmap]: Timed out waiting for transform from base_footprint to odom to become available, tf error: Invalid frame ID "odom" passed to canTransform argument target_frame - frame does not exist
[controller_server-8] [INFO] [1789660899.709504234] [local_costmap.local_costmap]: Timed out waiting for transform from base_footprint to odom to become available, tf error: Invalid frame ID "odom" passed to canTransform argument target_frame - frame does not exist
[controller_server-8] [INFO] [1789660900.207579571] [local_costmap.local_costmap]: Timed out waiting for transform from base_footprint to odom to become available, tf error: Invalid frame ID "odom" passed to canTransform argument target_frame - frame does not exist
[controller_server-8] [INFO] [1789660900.707995508] [local_costmap.local_costmap]: Timed out waiting for transform from base_footprint to odom to become available, tf error: Invalid frame ID "odom" passed to canTransform argument target_frame - frame does not exist
[controller_server-8] [INFO] [1789660901.209204798] [local_costmap.local_costmap]: Timed out waiting for transform from base_footprint to odom to become available, tf error: Invalid frame ID "odom" passed to canTransform argument target_frame - frame does not exist
[controller_server-8] [INFO] [1789660901.708745796] [local_costmap.local_costmap]: Timed out waiting for transform from base_footprint to odom to become available, tf error: Invalid frame ID "odom" passed to canTransform argument target_frame - frame does not exist
[controller_server-8] [INFO] [1789660902.210551290] [local_costmap.local_costmap]: Timed out waiting for transform from base_footprint to odom to become available, tf error: Invalid frame ID "odom" passed to canTransform argument target_frame - frame does not exist
[controller_server-8] [INFO] [1789660902.707635434] [local_costmap.local_costmap]: Timed out waiting for transform from base_footprint to odom to become available, tf error: Invalid frame ID "odom" passed to canTransform argument target_frame - frame does not exist
[controller_server-8] [INFO] [1789660903.207755530] [local_costmap.local_costmap]: Timed out waiting for transform from base_footprint to odom to become available, tf error: Invalid frame ID "odom" passed to canTransform argument target_frame - frame does not exist
[controller_server-8] [INFO] [1789660903.708802049] [local_costmap.local_costmap]: Timed out waiting for transform from base_footprint to odom to become available, tf error: Invalid frame ID "odom" passed to canTransform argument target_frame - frame does not exist
[controller_server-8] [INFO] [1789660904.209629566] [local_costmap.local_costmap]: Timed out waiting for transform from base_footprint to odom to become available, tf error: Invalid frame ID "odom" passed to canTransform argument target_frame - frame does not exist
[controller_server-8] [INFO] [1789660904.707438459] [local_costmap.local_costmap]: Timed out waiting for transform from base_footprint to odom to become available, tf error: Invalid frame ID "odom" passed to canTransform argument target_frame - frame does not exist
[controller_server-8] [INFO] [1789660905.208239143] [local_costmap.local_costmap]: Timed out waiting for transform from base_footprint to odom to become available, tf error: Invalid frame ID "odom" passed to canTransform argument target_frame - frame does not exist
[controller_server-8] [INFO] [1789660905.708377544] [local_costmap.local_costmap]: Timed out waiting for transform from base_footprint to odom to become available, tf error: Invalid frame ID "odom" passed to canTransform argument target_frame - frame does not exist
[controller_server-8] [INFO] [1789660906.207820313] [local_costmap.local_costmap]: Timed out waiting for transform from base_footprint to odom to become available, tf error: Invalid frame ID "odom" passed to canTransform argument target_frame - frame does not exist
[controller_server-8] [INFO] [1789660906.707574932] [local_costmap.local_costmap]: Timed out waiting for transform from base_footprint to odom to become available, tf error: Invalid frame ID "odom" passed to canTransform argument target_frame - frame does not exist
[controller_server-8] [INFO] [1789660907.209095034] [local_costmap.local_costmap]: Timed out waiting for transform from base_footprint to odom to become available, tf error: Invalid frame ID "odom" passed to canTransform argument target_frame - frame does not exist
[controller_server-8] [INFO] [1789660907.708001715] [local_costmap.local_costmap]: Timed out waiting for transform from base_footprint to odom to become available, tf error: Invalid frame ID "odom" passed to canTransform argument target_frame - frame does not exist
[controller_server-8] [INFO] [1789660908.209401135] [local_costmap.local_costmap]: Timed out waiting for transform from base_footprint to odom to become available, tf error: Invalid frame ID "odom" passed to canTransform argument target_frame - frame does not exist
[controller_server-8] [INFO] [1789660908.709245126] [local_costmap.local_costmap]: Timed out waiting for transform from base_footprint to odom to become available, tf error: Invalid frame ID "odom" passed to canTransform argument target_frame - frame does not exist
[controller_server-8] [INFO] [1789660909.207705610] [local_costmap.local_costmap]: Timed out waiting for transform from base_footprint to odom to become available, tf error: Invalid frame ID "odom" passed to canTransform argument target_frame - frame does not exist
[controller_server-8] [INFO] [1789660909.708974670] [local_costmap.local_costmap]: Timed out waiting for transform from base_footprint to odom to become available, tf error: Invalid frame ID "odom" passed to canTransform argument target_frame - frame does not exist
[controller_server-8] [INFO] [1789660910.207791264] [local_costmap.local_costmap]: Timed out waiting for transform from base_footprint to odom to become available, tf error: Invalid frame ID "odom" passed to canTransform argument target_frame - frame does not exist
[controller_server-8] [INFO] [1789660910.709908350] [local_costmap.local_costmap]: Timed out waiting for transform from base_footprint to odom to become available, tf error: Invalid frame ID "odom" passed to canTransform argument target_frame - frame does not exist
[gzserver-1] [INFO] [1789660910.915353587] [contact_load.wheel_front_drive_link_contact_plugin]: Publishing contact states to [/contact_load/wheel_front_drive_link]
[gzserver-1] [INFO] [1789660911.054470882] [contact_load.wheel_rear_drive_link_contact_plugin]: Publishing contact states to [/contact_load/wheel_rear_drive_link]
[gzserver-1] [INFO] [1789660911.160770107] [contact_load.wheel_front_left_link_contact_plugin]: Publishing contact states to [/contact_load/wheel_front_left_link]
[controller_server-8] [INFO] [1789660911.207575054] [local_costmap.local_costmap]: Timed out waiting for transform from base_footprint to odom to become available, tf error: Invalid frame ID "odom" passed to canTransform argument target_frame - frame does not exist
[gzserver-1] [INFO] [1789660911.303313697] [contact_load.wheel_front_right_link_contact_plugin]: Publishing contact states to [/contact_load/wheel_front_right_link]
[gzserver-1] [INFO] [1789660911.459090164] [contact_load.wheel_rear_left_link_contact_plugin]: Publishing contact states to [/contact_load/wheel_rear_left_link]
[spawn_entity.py-3] [INFO] [1789660911.479839712] [spawn_swerve]: Spawn status: SpawnEntity: Successfully spawned entity [swerve_base]
[gzserver-1] [INFO] [1789660911.579000687] [contact_load.wheel_rear_right_link_contact_plugin]: Publishing contact states to [/contact_load/wheel_rear_right_link]
[gzserver-1] [INFO] [1789660911.661783459] [gazebo_ros2_control]: Loading gazebo_ros2_control plugin
[controller_server-8] [INFO] [1789660911.708960040] [local_costmap.local_costmap]: Timed out waiting for transform from base_footprint to odom to become available, tf error: Invalid frame ID "odom" passed to canTransform argument target_frame - frame does not exist
[gzserver-1] [INFO] [1789660911.763263433] [gazebo_ros2_control]: Starting gazebo_ros2_control plugin in namespace: /
[gzserver-1] [INFO] [1789660911.763363692] [gazebo_ros2_control]: Starting gazebo_ros2_control plugin in ros 2 node: gazebo_ros2_control
[INFO] [spawn_entity.py-3]: process has finished cleanly [pid 231003]
[INFO] [spawner-15]: process started with pid [231453]
[gzserver-1] [INFO] [1789660911.825631772] [gazebo_ros2_control]: connected to service!! robot_state_publisher
[gzserver-1] [INFO] [1789660911.829770054] [gazebo_ros2_control]: Received urdf from param server, parsing...
[gzserver-1] [INFO] [1789660911.829904162] [gazebo_ros2_control]: Loading parameter files /home/yahboom/swerve_bringup/install/swerve_bringup/share/swerve_bringup/config/controllers.yaml
[gzserver-1] [INFO] [1789660911.872894651] [gazebo_ros2_control]: Loading joint: steer_front_joint
[gzserver-1] [INFO] [1789660911.872961929] [gazebo_ros2_control]: 	State:
[gzserver-1] [INFO] [1789660911.872977815] [gazebo_ros2_control]: 		 position
[gzserver-1] [INFO] [1789660911.872990574] [gazebo_ros2_control]: 		 velocity
[gzserver-1] [INFO] [1789660911.873001060] [gazebo_ros2_control]: 	Command:
[gzserver-1] [INFO] [1789660911.873010944] [gazebo_ros2_control]: 		 position
[gzserver-1] [INFO] [1789660911.879467994] [gazebo_ros2_control]: Loading joint: steer_rear_joint
[gzserver-1] [INFO] [1789660911.880228974] [gazebo_ros2_control]: 	State:
[gzserver-1] [INFO] [1789660911.880261750] [gazebo_ros2_control]: 		 position
[gzserver-1] [INFO] [1789660911.880274287] [gazebo_ros2_control]: 		 velocity
[gzserver-1] [INFO] [1789660911.880283771] [gazebo_ros2_control]: 	Command:
[gzserver-1] [INFO] [1789660911.880292694] [gazebo_ros2_control]: 		 position
[gzserver-1] [INFO] [1789660911.881340470] [gazebo_ros2_control]: Loading joint: wheel_front_drive_joint
[gzserver-1] [INFO] [1789660911.881369274] [gazebo_ros2_control]: 	State:
[gzserver-1] [INFO] [1789660911.881380740] [gazebo_ros2_control]: 		 position
[gzserver-1] [INFO] [1789660911.881391019] [gazebo_ros2_control]: 		 velocity
[gzserver-1] [INFO] [1789660911.881399908] [gazebo_ros2_control]: 	Command:
[gzserver-1] [INFO] [1789660911.881413340] [gazebo_ros2_control]: 		 velocity
[gzserver-1] [INFO] [1789660911.881633179] [gazebo_ros2_control]: Loading joint: wheel_rear_drive_joint
[gzserver-1] [INFO] [1789660911.881654933] [gazebo_ros2_control]: 	State:
[gzserver-1] [INFO] [1789660911.881664339] [gazebo_ros2_control]: 		 position
[gzserver-1] [INFO] [1789660911.881673671] [gazebo_ros2_control]: 		 velocity
[gzserver-1] [INFO] [1789660911.881682123] [gazebo_ros2_control]: 	Command:
[gzserver-1] [INFO] [1789660911.881698337] [gazebo_ros2_control]: 		 velocity
[gzserver-1] [INFO] [1789660911.886168567] [resource_manager]: Initialize hardware 'GazeboSystem' 
[gzserver-1] [INFO] [1789660911.886418327] [resource_manager]: Successful initialization of hardware 'GazeboSystem'
[gzserver-1] [INFO] [1789660911.886551429] [resource_manager]: 'configure' hardware 'GazeboSystem' 
[gzserver-1] [INFO] [1789660911.886564109] [resource_manager]: Successful 'configure' of hardware 'GazeboSystem'
[gzserver-1] [INFO] [1789660911.886571698] [resource_manager]: 'activate' hardware 'GazeboSystem' 
[gzserver-1] [INFO] [1789660911.886577945] [resource_manager]: Successful 'activate' of hardware 'GazeboSystem'
[gzserver-1] [INFO] [1789660911.886765947] [gazebo_ros2_control]: Loading controller_manager
[gzserver-1] [WARN] [1789660912.199432563] [gazebo_ros2_control]:  Desired controller update period (0.01 s) is slower than the gazebo simulation period (0.001 s).
[gzserver-1] [INFO] [1789660912.200854208] [gazebo_ros2_control]: Loaded gazebo_ros2_control.
[controller_server-8] [INFO] [1789660912.209961460] [local_costmap.local_costmap]: Timed out waiting for transform from base_footprint to odom to become available, tf error: Invalid frame ID "odom" passed to canTransform argument target_frame - frame does not exist
[controller_server-8] [INFO] [1789660912.718991129] [local_costmap.local_costmap]: start
[controller_server-8] [INFO] [1789660912.876207662] [controller_server]: Creating bond (controller_server) to lifecycle manager.
[lifecycle_manager-13] [INFO] [1789660913.170136607] [lifecycle_manager_navigation]: Server controller_server connected with bond.
[lifecycle_manager-13] [INFO] [1789660913.170204234] [lifecycle_manager_navigation]: [34m[1mActivating planner_server[0m[0m
[planner_server-9] [INFO] [1789660913.174657211] [planner_server]: Activating
[planner_server-9] [INFO] [1789660913.177334660] [global_costmap.global_costmap]: Activating
[planner_server-9] [INFO] [1789660913.177366740] [global_costmap.global_costmap]: Checking transform
[planner_server-9] [INFO] [1789660913.177447371] [global_costmap.global_costmap]: Timed out waiting for transform from base_footprint to map to become available, tf error: Lookup would require extrapolation at time 0.177000, but only time 0.188000 is in the buffer, when looking up transform from frame [base_footprint] to frame [map]
[spawner-15] [INFO] [1789660913.182252254] [spawn_joint_state_broadcaster]: waiting for service /controller_manager/list_controllers to become available...
[planner_server-9] [INFO] [1789660913.679906169] [global_costmap.global_costmap]: start
[gzserver-1] [INFO] [1789660914.078852263] [controller_manager]: Loading controller 'joint_state_broadcaster'
[planner_server-9] [INFO] [1789660914.246220052] [planner_server]: Activating plugin GridBased of type NavfnPlanner
[planner_server-9] [INFO] [1789660914.253890911] [planner_server]: Creating bond (planner_server) to lifecycle manager.
[spawner-15] [INFO] [1789660914.326129893] [spawn_joint_state_broadcaster]: [94mLoaded [1mjoint_state_broadcaster[0m
[gzserver-1] [INFO] [1789660914.335336107] [controller_manager]: Configuring controller 'joint_state_broadcaster'
[gzserver-1] [INFO] [1789660914.335793318] [joint_state_broadcaster]: 'joints' or 'interfaces' parameter is empty. All available state interfaces will be published
[lifecycle_manager-13] [INFO] [1789660914.387834508] [lifecycle_manager_navigation]: Server planner_server connected with bond.
[lifecycle_manager-13] [INFO] [1789660914.387928745] [lifecycle_manager_navigation]: [34m[1mActivating behavior_server[0m[0m
[behavior_server-10] [INFO] [1789660914.391863132] [behavior_server]: Activating
[behavior_server-10] [INFO] [1789660914.391957652] [behavior_server]: Activating spin
[behavior_server-10] [INFO] [1789660914.391976477] [behavior_server]: Activating backup
[behavior_server-10] [INFO] [1789660914.391989480] [behavior_server]: Activating drive_on_heading
[behavior_server-10] [INFO] [1789660914.392000077] [behavior_server]: Activating wait
[behavior_server-10] [INFO] [1789660914.392017376] [behavior_server]: Creating bond (behavior_server) to lifecycle manager.
[spawner-15] [INFO] [1789660914.439779246] [spawn_joint_state_broadcaster]: [92mConfigured and activated [1mjoint_state_broadcaster[0m
[lifecycle_manager-13] [INFO] [1789660914.538743958] [lifecycle_manager_navigation]: Server behavior_server connected with bond.
[lifecycle_manager-13] [INFO] [1789660914.538808267] [lifecycle_manager_navigation]: [34m[1mActivating bt_navigator[0m[0m
[bt_navigator-11] [INFO] [1789660914.540768424] [bt_navigator]: Activating
[INFO] [spawner-15]: process has finished cleanly [pid 231453]
[INFO] [spawner-16]: process started with pid [231476]
[bt_navigator-11] [INFO] [1789660915.244591193] [bt_navigator]: Creating bond (bt_navigator) to lifecycle manager.
[lifecycle_manager-13] [INFO] [1789660915.369618297] [lifecycle_manager_navigation]: Server bt_navigator connected with bond.
[lifecycle_manager-13] [INFO] [1789660915.369704729] [lifecycle_manager_navigation]: [34m[1mActivating waypoint_follower[0m[0m
[waypoint_follower-12] [INFO] [1789660915.372984714] [waypoint_follower]: Activating
[waypoint_follower-12] [INFO] [1789660915.373081563] [waypoint_follower]: Creating bond (waypoint_follower) to lifecycle manager.
[lifecycle_manager-13] [INFO] [1789660915.494056527] [lifecycle_manager_navigation]: Server waypoint_follower connected with bond.
[lifecycle_manager-13] [INFO] [1789660915.494107095] [lifecycle_manager_navigation]: [34m[1mManaged nodes are active[0m[0m
[lifecycle_manager-13] [INFO] [1789660915.494122267] [lifecycle_manager_navigation]: [34m[1mCreating bond timer...[0m[0m
[spawner-16] [INFO] [1789660916.513080248] [spawn_steering_controller]: waiting for service /controller_manager/list_controllers to become available...
[gzserver-1] [INFO] [1789660916.956343951] [controller_manager]: Loading controller 'steering_controller'
[spawner-16] [INFO] [1789660917.363155693] [spawn_steering_controller]: [94mLoaded [1msteering_controller[0m
[gzserver-1] [INFO] [1789660917.382715504] [controller_manager]: Configuring controller 'steering_controller'
[gzserver-1] [INFO] [1789660917.399481027] [steering_controller]: configure successful
[gzserver-1] [INFO] [1789660917.426652646] [steering_controller]: activate successful
[spawner-16] [INFO] [1789660917.440216169] [spawn_steering_controller]: [92mConfigured and activated [1msteering_controller[0m
[INFO] [spawner-16]: process has finished cleanly [pid 231476]
[INFO] [spawner-17]: process started with pid [231488]
[spawner-17] [INFO] [1789660919.260285120] [spawn_drive_controller]: waiting for service /controller_manager/list_controllers to become available...
[gzserver-1] [INFO] [1789660919.536973120] [controller_manager]: Loading controller 'drive_controller'
[spawner-17] [INFO] [1789660919.954560949] [spawn_drive_controller]: [94mLoaded [1mdrive_controller[0m
[gzserver-1] [INFO] [1789660919.965741612] [controller_manager]: Configuring controller 'drive_controller'
[gzserver-1] [INFO] [1789660919.970845751] [drive_controller]: configure successful
[gzserver-1] [INFO] [1789660920.030055112] [drive_controller]: activate successful
[spawner-17] [INFO] [1789660920.055084626] [spawn_drive_controller]: [92mConfigured and activated [1mdrive_controller[0m
[INFO] [spawner-17]: process has finished cleanly [pid 231488]
[INFO] [swerve_controller_node-18]: process started with pid [231501]
[INFO] [swerve_odometry_node-19]: process started with pid [231503]
[swerve_controller_node-18] [INFO] [1789660922.127073755] [swerve_controller]: Swerve controller ready: radius=0.0675 m, modules={'front': (0.300042, 0.0), 'rear': (-0.300042, 0.0)}
[swerve_odometry_node-19] [INFO] [1789660922.686969838] [swerve_odometry]: Encoder odometry ready: radius=0.0637 m, velocity_sign=+1.0
[WARNING] [launch]: user interrupted with ctrl-c (SIGINT)
[robot_state_publisher-2] [INFO] [1789660968.173503020] [rclcpp]: signal_handler(signum=2)
[planner_server-9] [INFO] [1789660968.173636309] [rclcpp]: signal_handler(signum=2)
[planner_server-9] [INFO] [1789660968.175045701] [planner_server]: Running Nav2 LifecycleNode rcl preshutdown (planner_server)
[behavior_server-10] [INFO] [1789660968.173692861] [rclcpp]: signal_handler(signum=2)
[controller_server-8] [INFO] [1789660968.174736071] [rclcpp]: signal_handler(signum=2)
[controller_server-8] [INFO] [1789660968.174876058] [controller_server]: Running Nav2 LifecycleNode rcl preshutdown (controller_server)
[controller_server-8] [INFO] [1789660968.174999034] [controller_server]: Deactivating
[controller_server-8] [INFO] [1789660968.175061689] [local_costmap.local_costmap]: Deactivating
[INFO] [swerve_odometry_node-19]: sending signal 'SIGINT' to process[swerve_odometry_node-19]
[INFO] [swerve_controller_node-18]: sending signal 'SIGINT' to process[swerve_controller_node-18]
[INFO] [lifecycle_manager-13]: sending signal 'SIGINT' to process[lifecycle_manager-13]
[INFO] [waypoint_follower-12]: sending signal 'SIGINT' to process[waypoint_follower-12]
[INFO] [bt_navigator-11]: sending signal 'SIGINT' to process[bt_navigator-11]
[INFO] [behavior_server-10]: sending signal 'SIGINT' to process[behavior_server-10]
[INFO] [planner_server-9]: sending signal 'SIGINT' to process[planner_server-9]
[INFO] [controller_server-8]: sending signal 'SIGINT' to process[controller_server-8]
[INFO] [map_server-7]: sending signal 'SIGINT' to process[map_server-7]
[INFO] [ekf_node-6]: sending signal 'SIGINT' to process[ekf_node-6]
[INFO] [v30e_sim_node-5]: sending signal 'SIGINT' to process[v30e_sim_node-5]
[INFO] [ekf_node-4]: sending signal 'SIGINT' to process[ekf_node-4]
[INFO] [robot_state_publisher-2]: sending signal 'SIGINT' to process[robot_state_publisher-2]
[INFO] [gzserver-1]: sending signal 'SIGINT' to process[gzserver-1]
[planner_server-9] [INFO] [1789660968.175121335] [planner_server]: Deactivating
[planner_server-9] [INFO] [1789660968.175175208] [global_costmap.global_costmap]: Deactivating
[planner_server-9] [INFO] [1789660968.188393604] [planner_server]: Deactivating plugin GridBased of type NavfnPlanner
[planner_server-9] [INFO] [1789660968.188442934] [planner_server]: Destroying bond (planner_server) to lifecycle manager.
[ERROR] [ekf_node-6]: process has died [pid 231009, exit code -2, cmd '/opt/ros/humble/lib/robot_localization/ekf_node --ros-args -r __node:=ekf_v30e --params-file /home/yahboom/swerve_bringup/install/swerve_bringup/share/swerve_bringup/config/v30e_localization_ekf.yaml --params-file /tmp/launch_params_aussgcuv -r odometry/filtered:=/odometry/v30e'].
[map_server-7] [INFO] [1789660968.174905060] [rclcpp]: signal_handler(signum=2)
[map_server-7] [INFO] [1789660968.178332582] [map_server]: Running Nav2 LifecycleNode rcl preshutdown (map_server)
[map_server-7] [INFO] [1789660968.178416230] [map_server]: Deactivating
[map_server-7] [INFO] [1789660968.178445205] [map_server]: Destroying bond (map_server) to lifecycle manager.
[ekf_node-4] [INFO] [1789660968.175468788] [rclcpp]: signal_handler(signum=2)
[bt_navigator-11] [INFO] [1789660968.175620149] [rclcpp]: signal_handler(signum=2)
[bt_navigator-11] [INFO] [1789660968.179010467] [bt_navigator]: Running Nav2 LifecycleNode rcl preshutdown (bt_navigator)
[bt_navigator-11] [INFO] [1789660968.179161539] [bt_navigator]: Deactivating
[bt_navigator-11] [INFO] [1789660968.179202694] [bt_navigator]: Destroying bond (bt_navigator) to lifecycle manager.
[lifecycle_manager-13] [INFO] [1789660968.176949376] [rclcpp]: signal_handler(signum=2)
[lifecycle_manager-13] [INFO] [1789660968.178662696] [lifecycle_manager_navigation]: Running Nav2 LifecycleManager rcl preshutdown (lifecycle_manager_navigation)
[lifecycle_manager-13] [INFO] [1789660968.178722069] [lifecycle_manager_navigation]: [34m[1mTerminating bond timer...[0m[0m
[waypoint_follower-12] [INFO] [1789660968.177246185] [rclcpp]: signal_handler(signum=2)
[waypoint_follower-12] [INFO] [1789660968.179663858] [waypoint_follower]: Running Nav2 LifecycleNode rcl preshutdown (waypoint_follower)
[waypoint_follower-12] [INFO] [1789660968.179752650] [waypoint_follower]: Deactivating
[waypoint_follower-12] [INFO] [1789660968.179780460] [waypoint_follower]: Destroying bond (waypoint_follower) to lifecycle manager.
[behavior_server-10] [INFO] [1789660968.177355613] [behavior_server]: Running Nav2 LifecycleNode rcl preshutdown (behavior_server)
[behavior_server-10] [INFO] [1789660968.177441022] [behavior_server]: Deactivating
[behavior_server-10] [INFO] [1789660968.177481712] [behavior_server]: Destroying bond (behavior_server) to lifecycle manager.
[ekf_node-6] [INFO] [1789660968.183206402] [rclcpp]: signal_handler(signum=2)
[swerve_controller_node-18] Traceback (most recent call last):
[swerve_controller_node-18]   File "/home/yahboom/swerve_bringup/install/swerve_bringup/lib/swerve_bringup/swerve_controller_node", line 192, in <module>
[swerve_controller_node-18]     main()
[swerve_controller_node-18]   File "/home/yahboom/swerve_bringup/install/swerve_bringup/lib/swerve_bringup/swerve_controller_node", line 184, in main
[swerve_controller_node-18]     node.steer_pub.publish(Float64MultiArray(data=[
[swerve_controller_node-18]   File "/opt/ros/humble/local/lib/python3.10/dist-packages/rclpy/publisher.py", line 70, in publish
[swerve_controller_node-18]     self.__publisher.publish(msg)
[swerve_controller_node-18] rclpy._rclpy_pybind11.RCLError: Failed to publish: publisher's context is invalid, at ./src/rcl/publisher.c:389
[swerve_controller_node-18] Error in sys.excepthook:
[swerve_controller_node-18] Traceback (most recent call last):
[swerve_controller_node-18]   File "/usr/lib/python3/dist-packages/apport_python_hook.py", line 72, in apport_excepthook
[swerve_controller_node-18]     from apport.fileutils import likely_packaged, get_recent_crashes
[swerve_controller_node-18]   File "/usr/lib/python3/dist-packages/apport/__init__.py", line 5, in <module>
[swerve_controller_node-18]     from apport.report import Report
[swerve_controller_node-18]   File "/usr/lib/python3/dist-packages/apport/report.py", line 15, in <module>
[swerve_controller_node-18]     import xml.dom, xml.dom.minidom
[swerve_controller_node-18]   File "<frozen importlib._bootstrap>", line 1027, in _find_and_load
[swerve_controller_node-18]   File "<frozen importlib._bootstrap>", line 1002, in _find_and_load_unlocked
[swerve_controller_node-18]   File "<frozen importlib._bootstrap>", line 945, in _find_spec
[swerve_controller_node-18]   File "<frozen importlib._bootstrap_external>", line 1439, in find_spec
[swerve_controller_node-18]   File "<frozen importlib._bootstrap_external>", line 1411, in _get_spec
[swerve_controller_node-18]   File "<frozen importlib._bootstrap_external>", line 1563, in find_spec
[swerve_controller_node-18]   File "<frozen importlib._bootstrap_external>", line 161, in _path_isfile
[swerve_controller_node-18]   File "<frozen importlib._bootstrap_external>", line 153, in _path_is_mode_type
[swerve_controller_node-18]   File "<frozen importlib._bootstrap_external>", line 147, in _path_stat
[swerve_controller_node-18] KeyboardInterrupt
[swerve_controller_node-18] 
[swerve_controller_node-18] Original exception was:
[swerve_controller_node-18] Traceback (most recent call last):
[swerve_controller_node-18]   File "/home/yahboom/swerve_bringup/install/swerve_bringup/lib/swerve_bringup/swerve_controller_node", line 192, in <module>
[swerve_controller_node-18]     main()
[swerve_controller_node-18]   File "/home/yahboom/swerve_bringup/install/swerve_bringup/lib/swerve_bringup/swerve_controller_node", line 184, in main
[swerve_controller_node-18]     node.steer_pub.publish(Float64MultiArray(data=[
[swerve_controller_node-18]   File "/opt/ros/humble/local/lib/python3.10/dist-packages/rclpy/publisher.py", line 70, in publish
[swerve_controller_node-18]     self.__publisher.publish(msg)
[swerve_controller_node-18] rclpy._rclpy_pybind11.RCLError: Failed to publish: publisher's context is invalid, at ./src/rcl/publisher.c:389
[lifecycle_manager-13] [INFO] [1789660968.221968070] [rclcpp]: signal_handler(signum=2)
[swerve_odometry_node-19] Traceback (most recent call last):
[swerve_odometry_node-19]   File "/home/yahboom/swerve_bringup/install/swerve_bringup/lib/swerve_bringup/swerve_odometry_node", line 221, in <module>
[swerve_odometry_node-19]     main()
[swerve_odometry_node-19]   File "/home/yahboom/swerve_bringup/install/swerve_bringup/lib/swerve_bringup/swerve_odometry_node", line 215, in main
[swerve_odometry_node-19]     node.destroy_node()
[swerve_odometry_node-19]   File "/opt/ros/humble/local/lib/python3.10/dist-packages/rclpy/node.py", line 1685, in destroy_node
[swerve_odometry_node-19]     self.destroy_publisher(self._publishers[0])
[swerve_odometry_node-19]   File "/opt/ros/humble/local/lib/python3.10/dist-packages/rclpy/node.py", line 1565, in destroy_publisher
[swerve_odometry_node-19]     publisher.destroy()
[swerve_odometry_node-19]   File "/opt/ros/humble/local/lib/python3.10/dist-packages/rclpy/publisher.py", line 99, in destroy
[swerve_odometry_node-19]     self.__publisher.destroy_when_not_in_use()
[swerve_odometry_node-19] KeyboardInterrupt
[waypoint_follower-12] [INFO] [1789660968.227085414] [rclcpp]: signal_handler(signum=2)
[controller_server-8] [INFO] [1789660968.229881285] [controller_server]: Destroying bond (controller_server) to lifecycle manager.
[behavior_server-10] [INFO] [1789660968.230607908] [behavior_server]: Cleaning up
[bt_navigator-11] [INFO] [1789660968.238468731] [rclcpp]: signal_handler(signum=2)
[behavior_server-10] [INFO] [1789660968.250103491] [rclcpp]: signal_handler(signum=2)
[planner_server-9] [INFO] [1789660968.257209475] [rclcpp]: signal_handler(signum=2)
[planner_server-9] [INFO] [1789660968.263307732] [planner_server]: Cleaning up
[controller_server-8] [INFO] [1789660968.261340412] [controller_server]: Cleaning up
[controller_server-8] [INFO] [1789660968.262676788] [local_costmap.local_costmap]: Cleaning up
[controller_server-8] [INFO] [1789660968.263376317] [rclcpp]: signal_handler(signum=2)
[map_server-7] [INFO] [1789660968.275283198] [rclcpp]: signal_handler(signum=2)
[map_server-7] [INFO] [1789660968.286186150] [map_server]: Cleaning up
[bt_navigator-11] [INFO] [1789660968.278270630] [bt_navigator]: Cleaning up
[waypoint_follower-12] [INFO] [1789660968.279440110] [waypoint_follower]: Cleaning up
[map_server-7] [INFO] [1789660968.294919213] [map_server]: Destroying bond (map_server) to lifecycle manager.
[ekf_node-4] [INFO] [1789660968.299520815] [rclcpp]: signal_handler(signum=2)
[robot_state_publisher-2] [INFO] [1789660968.304279744] [rclcpp]: signal_handler(signum=2)
[v30e_sim_node-5] Traceback (most recent call last):
[v30e_sim_node-5]   File "/home/yahboom/swerve_bringup/install/swerve_bringup/lib/swerve_bringup/v30e_sim_node", line 188, in <module>
[v30e_sim_node-5]     if __name__ == '__main__': main()
[v30e_sim_node-5]   File "/home/yahboom/swerve_bringup/install/swerve_bringup/lib/swerve_bringup/v30e_sim_node", line 185, in main
[v30e_sim_node-5]     node.destroy_node(); rclpy.shutdown()
[v30e_sim_node-5]   File "/opt/ros/humble/local/lib/python3.10/dist-packages/rclpy/node.py", line 1685, in destroy_node
[v30e_sim_node-5]     self.destroy_publisher(self._publishers[0])
[v30e_sim_node-5]   File "/opt/ros/humble/local/lib/python3.10/dist-packages/rclpy/node.py", line 1565, in destroy_publisher
[v30e_sim_node-5]     publisher.destroy()
[v30e_sim_node-5]   File "/opt/ros/humble/local/lib/python3.10/dist-packages/rclpy/publisher.py", line 99, in destroy
[v30e_sim_node-5]     self.__publisher.destroy_when_not_in_use()
[v30e_sim_node-5] KeyboardInterrupt
[map_server-7] [INFO] [1789660970.580133541] [map_server]: Destroying
[behavior_server-10] [INFO] [1789660970.650524991] [behavior_server]: Destroying bond (behavior_server) to lifecycle manager.
[ERROR] [swerve_odometry_node-19]: process has died [pid 231503, exit code -2, cmd '/home/yahboom/swerve_bringup/install/swerve_bringup/lib/swerve_bringup/swerve_odometry_node --ros-args -r __node:=swerve_odometry --params-file /home/yahboom/swerve_bringup/install/swerve_bringup/share/swerve_bringup/config/swerve_odometry.yaml --params-file /tmp/launch_params_zc7kf7pw'].
[ERROR] [v30e_sim_node-5]: process has died [pid 231007, exit code -2, cmd '/home/yahboom/swerve_bringup/install/swerve_bringup/lib/swerve_bringup/v30e_sim_node --ros-args -r __node:=v30e_sim_node --params-file /home/yahboom/swerve_bringup/install/swerve_bringup/share/swerve_bringup/config/v30e_sim.yaml --params-file /tmp/launch_params_7hrdq3f_'].
[behavior_server-10] [INFO] [1789660970.908582692] [behavior_server]: Destroying
[controller_server-8] [INFO] [1789660970.908597459] [controller_server]: Destroying bond (controller_server) to lifecycle manager.
[INFO] [map_server-7]: process has finished cleanly [pid 231011]
[controller_server-8] [INFO] [1789660970.966492544] [local_costmap.local_costmap]: Destroying
[controller_server-8] [INFO] [1789660971.059240120] [controller_server]: Destroying
[bt_navigator-11] [INFO] [1789660971.115821198] [bt_navigator]: Completed Cleaning up
[bt_navigator-11] [INFO] [1789660971.115907684] [bt_navigator]: Destroying bond (bt_navigator) to lifecycle manager.
[bt_navigator-11] [INFO] [1789660971.164616144] [bt_navigator]: Destroying
[INFO] [behavior_server-10]: process has finished cleanly [pid 231039]
[INFO] [controller_server-8]: process has finished cleanly [pid 231014]
[lifecycle_manager-13] [INFO] [1789660971.755035503] [lifecycle_manager_navigation]: Destroying lifecycle_manager_navigation
[INFO] [robot_state_publisher-2]: process has finished cleanly [pid 231001]
[ERROR] [swerve_controller_node-18]: process has died [pid 231501, exit code 1, cmd '/home/yahboom/swerve_bringup/install/swerve_bringup/lib/swerve_bringup/swerve_controller_node --ros-args -r __node:=swerve_controller --params-file /home/yahboom/swerve_bringup/install/swerve_bringup/share/swerve_bringup/config/swerve_controller.yaml --params-file /tmp/launch_params_5hhtec0m'].
[INFO] [ekf_node-4]: process has finished cleanly [pid 231005]
[INFO] [lifecycle_manager-13]: process has finished cleanly [pid 231060]
[INFO] [gzserver-1]: process has finished cleanly [pid 230999]
[waypoint_follower-12] [INFO] [1789660972.355015609] [waypoint_follower]: Destroying bond (waypoint_follower) to lifecycle manager.
[waypoint_follower-12] [INFO] [1789660972.364856248] [waypoint_follower]: Destroying
[INFO] [waypoint_follower-12]: process has finished cleanly [pid 231056]
[ERROR] [bt_navigator-11]: process[bt_navigator-11] failed to terminate '5' seconds after receiving 'SIGINT', escalating to 'SIGTERM'
[ERROR] [planner_server-9]: process[planner_server-9] failed to terminate '5' seconds after receiving 'SIGINT', escalating to 'SIGTERM'
[INFO] [bt_navigator-11]: sending signal 'SIGTERM' to process[bt_navigator-11]
[INFO] [planner_server-9]: sending signal 'SIGTERM' to process[planner_server-9]
[planner_server-9] [INFO] [1789660973.212685088] [rclcpp]: signal_handler(signum=15)
[ERROR] [bt_navigator-11]: process has died [pid 231047, exit code -15, cmd '/opt/ros/humble/lib/nav2_bt_navigator/bt_navigator --ros-args -r __node:=bt_navigator --params-file /home/yahboom/swerve_bringup/install/swerve_bringup/share/swerve_bringup/swerve_navigation/config/nav2_params.yaml --params-file /tmp/launch_params_6_ix7mis'].
[planner_server-9] [INFO] [1789660975.593506841] [global_costmap.global_costmap]: Cleaning up
[planner_server-9] [INFO] [1789660975.615176277] [planner_server]: Cleaning up plugin GridBased of type NavfnPlanner
[planner_server-9] [INFO] [1789660975.615335842] [planner_server]: Destroying plugin GridBased of type NavfnPlanner
[planner_server-9] [INFO] [1789660975.650247349] [planner_server]: Destroying bond (planner_server) to lifecycle manager.
[planner_server-9] [INFO] [1789660975.666138455] [global_costmap.global_costmap]: Destroying
[planner_server-9] [INFO] [1789660975.720872604] [planner_server]: Destroying
[INFO] [planner_server-9]: process has finished cleanly [pid 231026]
