[2.808s] Invoking command in '/home/yahboom/swerve_bringup/build/swerve_bridge': PYTHONPATH=/home/yahboom/swerve_bringup/build/swerve_bridge/prefix_override:/usr/lib/python3/dist-packages/colcon_core/task/python/colcon_distutils_commands:/home/yahboom/swerve_bringup/install/swerve_bridge/lib/python3.10/site-packages:${PYTHONPATH} /usr/bin/python3 -W ignore:setup.py install is deprecated -W ignore:easy_install command is deprecated setup.py develop --editable --build-directory /home/yahboom/swerve_bringup/build/swerve_bridge/build --no-deps symlink_data
[3.611s] running develop
[4.118s] running egg_info
[4.118s] creating swerve_bridge.egg-info
[4.118s] writing swerve_bridge.egg-info/PKG-INFO
[4.122s] writing dependency_links to swerve_bridge.egg-info/dependency_links.txt
[4.122s] writing entry points to swerve_bridge.egg-info/entry_points.txt
[4.122s] writing requirements to swerve_bridge.egg-info/requires.txt
[4.122s] writing top-level names to swerve_bridge.egg-info/top_level.txt
[4.122s] writing manifest file 'swerve_bridge.egg-info/SOURCES.txt'
[4.126s] reading manifest file 'swerve_bridge.egg-info/SOURCES.txt'
[4.127s] writing manifest file 'swerve_bridge.egg-info/SOURCES.txt'
[4.130s] running build_ext
[4.130s] Creating /home/yahboom/swerve_bringup/install/swerve_bridge/lib/python3.10/site-packages/swerve-bridge.egg-link (link to .)
[4.131s] Installing swerve_bridge_node script to /home/yahboom/swerve_bringup/install/swerve_bridge/lib/swerve_bridge
[4.131s] 
[4.131s] Installed /home/yahboom/swerve_bringup/build/swerve_bridge
[4.131s] running symlink_data
[4.131s] creating /home/yahboom/swerve_bringup/install/swerve_bridge/share/ament_index
[4.131s] creating /home/yahboom/swerve_bringup/install/swerve_bridge/share/ament_index/resource_index
[4.133s] creating /home/yahboom/swerve_bringup/install/swerve_bridge/share/ament_index/resource_index/packages
[4.134s] symbolically linking /home/yahboom/swerve_bringup/build/swerve_bridge/resource/swerve_bridge -> /home/yahboom/swerve_bringup/install/swerve_bridge/share/ament_index/resource_index/packages
[4.134s] symbolically linking /home/yahboom/swerve_bringup/build/swerve_bridge/package.xml -> /home/yahboom/swerve_bringup/install/swerve_bridge/share/swerve_bridge
[4.134s] creating /home/yahboom/swerve_bringup/install/swerve_bridge/share/swerve_bridge/config
[4.134s] symbolically linking /home/yahboom/swerve_bringup/build/swerve_bridge/config/bridge.yaml -> /home/yahboom/swerve_bringup/install/swerve_bridge/share/swerve_bridge/config
[4.134s] creating /home/yahboom/swerve_bringup/install/swerve_bridge/share/swerve_bridge/launch
[4.134s] symbolically linking /home/yahboom/swerve_bringup/build/swerve_bridge/launch/bridge.launch.py -> /home/yahboom/swerve_bringup/install/swerve_bridge/share/swerve_bridge/launch
[4.192s] Invoked command in '/home/yahboom/swerve_bringup/build/swerve_bridge' returned '0': PYTHONPATH=/home/yahboom/swerve_bringup/build/swerve_bridge/prefix_override:/usr/lib/python3/dist-packages/colcon_core/task/python/colcon_distutils_commands:/home/yahboom/swerve_bringup/install/swerve_bridge/lib/python3.10/site-packages:${PYTHONPATH} /usr/bin/python3 -W ignore:setup.py install is deprecated -W ignore:easy_install command is deprecated setup.py develop --editable --build-directory /home/yahboom/swerve_bringup/build/swerve_bridge/build --no-deps symlink_data
