[INFO] [launch]: All log files can be found below /home/yahboom/.ros/log/2026-09-17-21-26-44-293112-yahboom-virtual-machine-203732
[INFO] [launch]: Default logging verbosity is set to INFO
[INFO] [launch.user]: CONTACT_DIAGNOSTICS=false
[INFO] [gzserver-1]: process started with pid [203744]
[INFO] [robot_state_publisher-2]: process started with pid [203746]
[INFO] [spawn_entity.py-3]: process started with pid [203748]
[INFO] [ekf_node-4]: process started with pid [203750]
[INFO] [v30e_sim_node-5]: process started with pid [203752]
[INFO] [ekf_node-6]: process started with pid [203754]
[INFO] [map_server-7]: process started with pid [203756]
[INFO] [controller_server-8]: process started with pid [203758]
[INFO] [planner_server-9]: process started with pid [203761]
[INFO] [behavior_server-10]: process started with pid [203765]
[INFO] [bt_navigator-11]: process started with pid [203772]
[INFO] [waypoint_follower-12]: process started with pid [203778]
[INFO] [lifecycle_manager-13]: process started with pid [203786]
[INFO] [swerve_bridge_node-14]: process started with pid [203815]
[behavior_server-10] [INFO] [1789651607.471862006] [behavior_server]: 
[behavior_server-10] 	behavior_server lifecycle node launched. 
[behavior_server-10] 	Waiting on external lifecycle transitions to activate
[behavior_server-10] 	See https://design.ros2.org/articles/node_lifecycle.html for more information.
[bt_navigator-11] [INFO] [1789651607.506749427] [bt_navigator]: 
[bt_navigator-11] 	bt_navigator lifecycle node launched. 
[bt_navigator-11] 	Waiting on external lifecycle transitions to activate
[bt_navigator-11] 	See https://design.ros2.org/articles/node_lifecycle.html for more information.
[bt_navigator-11] [INFO] [1789651607.506935465] [bt_navigator]: Creating
[controller_server-8] [INFO] [1789651607.532596622] [controller_server]: 
[controller_server-8] 	controller_server lifecycle node launched. 
[controller_server-8] 	Waiting on external lifecycle transitions to activate
[controller_server-8] 	See https://design.ros2.org/articles/node_lifecycle.html for more information.
[waypoint_follower-12] [INFO] [1789651607.532860528] [waypoint_follower]: 
[waypoint_follower-12] 	waypoint_follower lifecycle node launched. 
[waypoint_follower-12] 	Waiting on external lifecycle transitions to activate
[waypoint_follower-12] 	See https://design.ros2.org/articles/node_lifecycle.html for more information.
[waypoint_follower-12] [INFO] [1789651607.533444619] [waypoint_follower]: Creating
[planner_server-9] [INFO] [1789651607.567177505] [planner_server]: 
[planner_server-9] 	planner_server lifecycle node launched. 
[planner_server-9] 	Waiting on external lifecycle transitions to activate
[planner_server-9] 	See https://design.ros2.org/articles/node_lifecycle.html for more information.
[planner_server-9] [INFO] [1789651607.581382633] [planner_server]: Creating
[lifecycle_manager-13] [INFO] [1789651607.588531417] [lifecycle_manager_navigation]: Creating
[controller_server-8] [INFO] [1789651607.589697288] [controller_server]: Creating controller server
[robot_state_publisher-2] [INFO] [1789651607.716976967] [robot_state_publisher]: got segment base_footprint
[robot_state_publisher-2] [INFO] [1789651607.717115451] [robot_state_publisher]: got segment base_link
[robot_state_publisher-2] [INFO] [1789651607.717130460] [robot_state_publisher]: got segment imu_link
[robot_state_publisher-2] [INFO] [1789651607.717138916] [robot_state_publisher]: got segment lidar_link
[robot_state_publisher-2] [INFO] [1789651607.717146402] [robot_state_publisher]: got segment steer_front_link
[robot_state_publisher-2] [INFO] [1789651607.717153697] [robot_state_publisher]: got segment steer_rear_link
[robot_state_publisher-2] [INFO] [1789651607.717161254] [robot_state_publisher]: got segment v30e_link
[robot_state_publisher-2] [INFO] [1789651607.717168090] [robot_state_publisher]: got segment wheel_front_drive_link
[robot_state_publisher-2] [INFO] [1789651607.717175262] [robot_state_publisher]: got segment wheel_front_left_link
[robot_state_publisher-2] [INFO] [1789651607.717181971] [robot_state_publisher]: got segment wheel_front_right_link
[robot_state_publisher-2] [INFO] [1789651607.717188907] [robot_state_publisher]: got segment wheel_rear_drive_link
[robot_state_publisher-2] [INFO] [1789651607.717195675] [robot_state_publisher]: got segment wheel_rear_left_link
[robot_state_publisher-2] [INFO] [1789651607.717202504] [robot_state_publisher]: got segment wheel_rear_right_link
[lifecycle_manager-13] [INFO] [1789651607.797758553] [lifecycle_manager_navigation]: [34m[1mCreating and initializing lifecycle service clients[0m[0m
[map_server-7] [INFO] [1789651607.829315658] [map_server]: 
[map_server-7] 	map_server lifecycle node launched. 
[map_server-7] 	Waiting on external lifecycle transitions to activate
[map_server-7] 	See https://design.ros2.org/articles/node_lifecycle.html for more information.
[planner_server-9] [INFO] [1789651607.847959441] [global_costmap.global_costmap]: 
[planner_server-9] 	global_costmap lifecycle node launched. 
[planner_server-9] 	Waiting on external lifecycle transitions to activate
[planner_server-9] 	See https://design.ros2.org/articles/node_lifecycle.html for more information.
[planner_server-9] [INFO] [1789651607.852422263] [global_costmap.global_costmap]: Creating Costmap
[map_server-7] [INFO] [1789651607.849421250] [map_server]: Creating
[swerve_bridge_node-14] Traceback (most recent call last):
[swerve_bridge_node-14]   File "/home/yahboom/swerve_bringup/install/swerve_bridge/lib/swerve_bridge/swerve_bridge_node", line 33, in <module>
[swerve_bridge_node-14]     sys.exit(load_entry_point('swerve-bridge', 'console_scripts', 'swerve_bridge_node')())
[swerve_bridge_node-14]   File "/home/yahboom/swerve_bringup/install/swerve_bridge/lib/swerve_bridge/swerve_bridge_node", line 22, in importlib_load_entry_point
[swerve_bridge_node-14]     for entry_point in distribution(dist_name).entry_points
[swerve_bridge_node-14]   File "/usr/lib/python3.10/importlib/metadata/__init__.py", line 969, in distribution
[swerve_bridge_node-14]     return Distribution.from_name(distribution_name)
[swerve_bridge_node-14]   File "/usr/lib/python3.10/importlib/metadata/__init__.py", line 548, in from_name
[swerve_bridge_node-14]     raise PackageNotFoundError(name)
[swerve_bridge_node-14] importlib.metadata.PackageNotFoundError: No package metadata was found for swerve-bridge
[ERROR] [swerve_bridge_node-14]: process has died [pid 203815, exit code 1, cmd '/home/yahboom/swerve_bringup/install/swerve_bridge/lib/swerve_bridge/swerve_bridge_node --ros-args -r __node:=swerve_bridge --params-file /home/yahboom/swerve_bringup/install/swerve_bridge/share/swerve_bridge/config/bridge.yaml --params-file /tmp/launch_params_xxw6snth'].
[controller_server-8] [INFO] [1789651607.990996492] [local_costmap.local_costmap]: 
[controller_server-8] 	local_costmap lifecycle node launched. 
[controller_server-8] 	Waiting on external lifecycle transitions to activate
[controller_server-8] 	See https://design.ros2.org/articles/node_lifecycle.html for more information.
[controller_server-8] [INFO] [1789651607.992503403] [local_costmap.local_costmap]: Creating Costmap
[lifecycle_manager-13] [INFO] [1789651608.391351004] [lifecycle_manager_navigation]: [34m[1mStarting managed nodes bringup...[0m[0m
[lifecycle_manager-13] [INFO] [1789651608.391514392] [lifecycle_manager_navigation]: [34m[1mConfiguring map_server[0m[0m
[map_server-7] [INFO] [1789651608.393931564] [map_server]: Configuring
[map_server-7] [INFO] [1789651608.394059252] [map_io]: Loading yaml file: /home/yahboom/swerve_bringup/install/swerve_bringup/share/swerve_bringup/swerve_navigation/maps/warehouse.yaml
[map_server-7] [INFO] [1789651608.394385087] [map_io]: resolution: 0.05
[map_server-7] [INFO] [1789651608.394402530] [map_io]: origin[0]: -17.2
[map_server-7] [INFO] [1789651608.394408751] [map_io]: origin[1]: -17.4
[map_server-7] [INFO] [1789651608.394414162] [map_io]: origin[2]: 0
[map_server-7] [INFO] [1789651608.394419683] [map_io]: free_thresh: 0.25
[map_server-7] [INFO] [1789651608.394425231] [map_io]: occupied_thresh: 0.65
[map_server-7] [INFO] [1789651608.394431509] [map_io]: mode: trinary
[map_server-7] [INFO] [1789651608.394437255] [map_io]: negate: 0
[map_server-7] [INFO] [1789651608.394685164] [map_io]: Loading image_file: /home/yahboom/swerve_bringup/install/swerve_bringup/share/swerve_bringup/swerve_navigation/maps/warehouse.pgm
[map_server-7] [INFO] [1789651608.569818400] [map_io]: Read map /home/yahboom/swerve_bringup/install/swerve_bringup/share/swerve_bringup/swerve_navigation/maps/warehouse.pgm: 676 X 680 map @ 0.05 m/cell
[lifecycle_manager-13] [INFO] [1789651608.772045001] [lifecycle_manager_navigation]: [34m[1mConfiguring controller_server[0m[0m
[controller_server-8] [INFO] [1789651608.787469079] [controller_server]: Configuring controller interface
[controller_server-8] [INFO] [1789651608.787895138] [controller_server]: getting goal checker plugins..
[controller_server-8] [INFO] [1789651608.788567050] [controller_server]: Controller frequency set to 10.0000Hz
[controller_server-8] [INFO] [1789651608.788624907] [local_costmap.local_costmap]: Configuring
[controller_server-8] [INFO] [1789651608.925693316] [local_costmap.local_costmap]: Using plugin "voxel_layer"
[controller_server-8] [INFO] [1789651608.943078429] [local_costmap.local_costmap]: Subscribed to Topics: lidar3d scan
[spawn_entity.py-3] [INFO] [1789651608.983517173] [spawn_swerve]: Spawn Entity started
[spawn_entity.py-3] [INFO] [1789651608.985466503] [spawn_swerve]: Loading entity published on topic robot_description
[spawn_entity.py-3] [INFO] [1789651609.002166080] [spawn_swerve]: Waiting for entity xml on robot_description
[spawn_entity.py-3] [INFO] [1789651609.020738976] [spawn_swerve]: Waiting for service /spawn_entity, timeout = 30
[spawn_entity.py-3] [INFO] [1789651609.022526933] [spawn_swerve]: Waiting for service /spawn_entity
[controller_server-8] [INFO] [1789651609.047128525] [local_costmap.local_costmap]: Initialized plugin "voxel_layer"
[controller_server-8] [INFO] [1789651609.047209846] [local_costmap.local_costmap]: Using plugin "inflation_layer"
[controller_server-8] [INFO] [1789651609.048831478] [local_costmap.local_costmap]: Initialized plugin "inflation_layer"
[controller_server-8] [INFO] [1789651609.137891113] [controller_server]: Created progress_checker : progress_checker of type nav2_controller::SimpleProgressChecker
[controller_server-8] [INFO] [1789651609.148248642] [controller_server]: Created goal checker : general_goal_checker of type nav2_controller::SimpleGoalChecker
[controller_server-8] [INFO] [1789651609.155853037] [controller_server]: Controller Server has general_goal_checker  goal checkers available.
[controller_server-8] [INFO] [1789651609.159744311] [controller_server]: Created controller : FollowPath of type dwb_core::DWBLocalPlanner
[controller_server-8] [INFO] [1789651609.164733190] [controller_server]: Setting transform_tolerance to 0.200000
[v30e_sim_node-5] [INFO] [1789651609.256918646] [v30e_sim_node]: Using Gazebo /get_entity_state internally; odometry is not a V30E measurement input
[controller_server-8] [INFO] [1789651609.262193018] [controller_server]: Using critic "RotateToGoal" (dwb_critics::RotateToGoalCritic)
[controller_server-8] [INFO] [1789651609.266413111] [controller_server]: Critic plugin initialized
[controller_server-8] [INFO] [1789651609.266527111] [controller_server]: Using critic "Oscillation" (dwb_critics::OscillationCritic)
[controller_server-8] [INFO] [1789651609.266758853] [controller_server]: Critic plugin initialized
[controller_server-8] [INFO] [1789651609.266859283] [controller_server]: Using critic "BaseObstacle" (dwb_critics::BaseObstacleCritic)
[controller_server-8] [INFO] [1789651609.271156118] [controller_server]: Critic plugin initialized
[controller_server-8] [INFO] [1789651609.273222480] [controller_server]: Using critic "GoalAlign" (dwb_critics::GoalAlignCritic)
[controller_server-8] [INFO] [1789651609.281705879] [controller_server]: Critic plugin initialized
[controller_server-8] [INFO] [1789651609.283114058] [controller_server]: Using critic "PathAlign" (dwb_critics::PathAlignCritic)
[controller_server-8] [INFO] [1789651609.288869663] [controller_server]: Critic plugin initialized
[controller_server-8] [INFO] [1789651609.291340479] [controller_server]: Using critic "PathDist" (dwb_critics::PathDistCritic)
[controller_server-8] [INFO] [1789651609.295861234] [controller_server]: Critic plugin initialized
[controller_server-8] [INFO] [1789651609.297681820] [controller_server]: Using critic "GoalDist" (dwb_critics::GoalDistCritic)
[controller_server-8] [INFO] [1789651609.300357684] [controller_server]: Critic plugin initialized
[controller_server-8] [INFO] [1789651609.300394166] [controller_server]: Controller Server has FollowPath  controllers available.
[lifecycle_manager-13] [INFO] [1789651609.402667589] [lifecycle_manager_navigation]: [34m[1mConfiguring planner_server[0m[0m
[planner_server-9] [INFO] [1789651609.405918342] [planner_server]: Configuring
[planner_server-9] [INFO] [1789651609.406030173] [global_costmap.global_costmap]: Configuring
[planner_server-9] [INFO] [1789651609.454329214] [global_costmap.global_costmap]: Using plugin "static_layer"
[planner_server-9] [INFO] [1789651609.467305152] [global_costmap.global_costmap]: Subscribing to the map topic (/map) with transient local durability
[planner_server-9] [INFO] [1789651609.473547910] [global_costmap.global_costmap]: Initialized plugin "static_layer"
[planner_server-9] [INFO] [1789651609.473595118] [global_costmap.global_costmap]: Using plugin "obstacle_layer"
[planner_server-9] [INFO] [1789651609.482151582] [global_costmap.global_costmap]: Subscribed to Topics: scan
[planner_server-9] [INFO] [1789651609.520963246] [global_costmap.global_costmap]: Initialized plugin "obstacle_layer"
[planner_server-9] [INFO] [1789651609.521016804] [global_costmap.global_costmap]: Using plugin "inflation_layer"
[planner_server-9] [INFO] [1789651609.529513565] [global_costmap.global_costmap]: Initialized plugin "inflation_layer"
[planner_server-9] [INFO] [1789651609.622332913] [planner_server]: Created global planner plugin GridBased of type nav2_navfn_planner/NavfnPlanner
[planner_server-9] [INFO] [1789651609.623111938] [planner_server]: Configuring plugin GridBased of type NavfnPlanner
[planner_server-9] [INFO] [1789651609.628919832] [planner_server]: Planner Server has GridBased  planners available.
[lifecycle_manager-13] [INFO] [1789651609.702842846] [lifecycle_manager_navigation]: [34m[1mConfiguring behavior_server[0m[0m
[behavior_server-10] [INFO] [1789651609.703734263] [behavior_server]: Configuring
[behavior_server-10] [INFO] [1789651609.774245288] [behavior_server]: Creating behavior plugin spin of type nav2_behaviors/Spin
[behavior_server-10] [INFO] [1789651609.775531222] [behavior_server]: Configuring spin
[behavior_server-10] [INFO] [1789651609.826891884] [behavior_server]: Creating behavior plugin backup of type nav2_behaviors/BackUp
[behavior_server-10] [INFO] [1789651609.829111112] [behavior_server]: Configuring backup
[behavior_server-10] [INFO] [1789651609.854193806] [behavior_server]: Creating behavior plugin drive_on_heading of type nav2_behaviors/DriveOnHeading
[behavior_server-10] [INFO] [1789651609.855889846] [behavior_server]: Configuring drive_on_heading
[behavior_server-10] [INFO] [1789651609.894731811] [behavior_server]: Creating behavior plugin wait of type nav2_behaviors/Wait
[behavior_server-10] [INFO] [1789651609.895634606] [behavior_server]: Configuring wait
[lifecycle_manager-13] [INFO] [1789651609.953270988] [lifecycle_manager_navigation]: [34m[1mConfiguring bt_navigator[0m[0m
[bt_navigator-11] [INFO] [1789651609.954464244] [bt_navigator]: Configuring
[lifecycle_manager-13] [INFO] [1789651610.374422462] [lifecycle_manager_navigation]: [34m[1mConfiguring waypoint_follower[0m[0m
[waypoint_follower-12] [INFO] [1789651610.375893217] [waypoint_follower]: Configuring
[waypoint_follower-12] [INFO] [1789651610.441515779] [waypoint_follower]: Created waypoint_task_executor : wait_at_waypoint of type nav2_waypoint_follower::WaitAtWaypoint
[waypoint_follower-12] [INFO] [1789651610.444753253] [waypoint_follower]: Waypoint pause duration is set to zero, disabling task executor plugin.
[lifecycle_manager-13] [INFO] [1789651610.455821748] [lifecycle_manager_navigation]: [34m[1mActivating map_server[0m[0m
[map_server-7] [INFO] [1789651610.458059214] [map_server]: Activating
[map_server-7] [INFO] [1789651610.459097515] [map_server]: Creating bond (map_server) to lifecycle manager.
[planner_server-9] [INFO] [1789651610.463329582] [global_costmap.global_costmap]: StaticLayer: Resizing costmap to 676 X 680 at 0.050000 m/pix
[lifecycle_manager-13] [INFO] [1789651610.574898334] [lifecycle_manager_navigation]: Server map_server connected with bond.
[lifecycle_manager-13] [INFO] [1789651610.574960922] [lifecycle_manager_navigation]: [34m[1mActivating controller_server[0m[0m
[controller_server-8] [INFO] [1789651610.575805894] [controller_server]: Activating
[controller_server-8] [INFO] [1789651610.575865014] [local_costmap.local_costmap]: Activating
[controller_server-8] [INFO] [1789651610.575882135] [local_costmap.local_costmap]: Checking transform
[controller_server-8] [INFO] [1789651610.575915788] [local_costmap.local_costmap]: Timed out waiting for transform from base_footprint to odom to become available, tf error: Invalid frame ID "odom" passed to canTransform argument target_frame - frame does not exist
[controller_server-8] [INFO] [1789651611.076485311] [local_costmap.local_costmap]: Timed out waiting for transform from base_footprint to odom to become available, tf error: Invalid frame ID "odom" passed to canTransform argument target_frame - frame does not exist
[controller_server-8] [INFO] [1789651611.579620497] [local_costmap.local_costmap]: Timed out waiting for transform from base_footprint to odom to become available, tf error: Invalid frame ID "odom" passed to canTransform argument target_frame - frame does not exist
[controller_server-8] [INFO] [1789651612.076859610] [local_costmap.local_costmap]: Timed out waiting for transform from base_footprint to odom to become available, tf error: Invalid frame ID "odom" passed to canTransform argument target_frame - frame does not exist
[controller_server-8] [INFO] [1789651612.576413296] [local_costmap.local_costmap]: Timed out waiting for transform from base_footprint to odom to become available, tf error: Invalid frame ID "odom" passed to canTransform argument target_frame - frame does not exist
[controller_server-8] [INFO] [1789651613.077778543] [local_costmap.local_costmap]: Timed out waiting for transform from base_footprint to odom to become available, tf error: Invalid frame ID "odom" passed to canTransform argument target_frame - frame does not exist
[controller_server-8] [INFO] [1789651613.576776761] [local_costmap.local_costmap]: Timed out waiting for transform from base_footprint to odom to become available, tf error: Invalid frame ID "odom" passed to canTransform argument target_frame - frame does not exist
[controller_server-8] [INFO] [1789651614.075953650] [local_costmap.local_costmap]: Timed out waiting for transform from base_footprint to odom to become available, tf error: Invalid frame ID "odom" passed to canTransform argument target_frame - frame does not exist
[controller_server-8] [INFO] [1789651614.576533794] [local_costmap.local_costmap]: Timed out waiting for transform from base_footprint to odom to become available, tf error: Invalid frame ID "odom" passed to canTransform argument target_frame - frame does not exist
[spawn_entity.py-3] [INFO] [1789651614.840877283] [spawn_swerve]: Calling service /spawn_entity
[controller_server-8] [INFO] [1789651615.079581937] [local_costmap.local_costmap]: Timed out waiting for transform from base_footprint to odom to become available, tf error: Invalid frame ID "odom" passed to canTransform argument target_frame - frame does not exist
[gzserver-1] [INFO] [1789651615.175886176] [gazebo_ros_state]: Publishing states of gazebo models at [/model_states]
[gzserver-1] [INFO] [1789651615.191073420] [gazebo_ros_state]: Publishing states of gazebo links at [/link_states]
[controller_server-8] [INFO] [1789651615.576734076] [local_costmap.local_costmap]: Timed out waiting for transform from base_footprint to odom to become available, tf error: Invalid frame ID "odom" passed to canTransform argument target_frame - frame does not exist
[gzserver-1] [INFO] [1789651615.616108159] [imu.imu_ros]: <initial_orientation_as_reference> is unset, using default value of false to comply with REP 145 (world as orientation reference)
[controller_server-8] [INFO] [1789651616.075987148] [local_costmap.local_costmap]: Timed out waiting for transform from base_footprint to odom to become available, tf error: Invalid frame ID "odom" passed to canTransform argument target_frame - frame does not exist
[controller_server-8] [INFO] [1789651616.576126426] [local_costmap.local_costmap]: Timed out waiting for transform from base_footprint to odom to become available, tf error: Invalid frame ID "odom" passed to canTransform argument target_frame - frame does not exist
[controller_server-8] [INFO] [1789651617.076887735] [local_costmap.local_costmap]: Timed out waiting for transform from base_footprint to odom to become available, tf error: Invalid frame ID "odom" passed to canTransform argument target_frame - frame does not exist
[controller_server-8] [INFO] [1789651617.576517069] [local_costmap.local_costmap]: Timed out waiting for transform from base_footprint to odom to become available, tf error: Invalid frame ID "odom" passed to canTransform argument target_frame - frame does not exist
[controller_server-8] [INFO] [1789651618.078231325] [local_costmap.local_costmap]: Timed out waiting for transform from base_footprint to odom to become available, tf error: Invalid frame ID "odom" passed to canTransform argument target_frame - frame does not exist
[controller_server-8] [INFO] [1789651618.576786880] [local_costmap.local_costmap]: Timed out waiting for transform from base_footprint to odom to become available, tf error: Invalid frame ID "odom" passed to canTransform argument target_frame - frame does not exist
[controller_server-8] [INFO] [1789651619.077403884] [local_costmap.local_costmap]: Timed out waiting for transform from base_footprint to odom to become available, tf error: Invalid frame ID "odom" passed to canTransform argument target_frame - frame does not exist
[controller_server-8] [INFO] [1789651619.577364953] [local_costmap.local_costmap]: Timed out waiting for transform from base_footprint to odom to become available, tf error: Invalid frame ID "odom" passed to canTransform argument target_frame - frame does not exist
[controller_server-8] [INFO] [1789651620.077675897] [local_costmap.local_costmap]: Timed out waiting for transform from base_footprint to odom to become available, tf error: Invalid frame ID "odom" passed to canTransform argument target_frame - frame does not exist
[controller_server-8] [INFO] [1789651620.576586590] [local_costmap.local_costmap]: Timed out waiting for transform from base_footprint to odom to become available, tf error: Invalid frame ID "odom" passed to canTransform argument target_frame - frame does not exist
[controller_server-8] [INFO] [1789651621.076141220] [local_costmap.local_costmap]: Timed out waiting for transform from base_footprint to odom to become available, tf error: Invalid frame ID "odom" passed to canTransform argument target_frame - frame does not exist
[controller_server-8] [INFO] [1789651621.576130069] [local_costmap.local_costmap]: Timed out waiting for transform from base_footprint to odom to become available, tf error: Invalid frame ID "odom" passed to canTransform argument target_frame - frame does not exist
[controller_server-8] [INFO] [1789651622.090122002] [local_costmap.local_costmap]: Timed out waiting for transform from base_footprint to odom to become available, tf error: Invalid frame ID "odom" passed to canTransform argument target_frame - frame does not exist
[controller_server-8] [INFO] [1789651622.576265006] [local_costmap.local_costmap]: Timed out waiting for transform from base_footprint to odom to become available, tf error: Invalid frame ID "odom" passed to canTransform argument target_frame - frame does not exist
[controller_server-8] [INFO] [1789651623.076179529] [local_costmap.local_costmap]: Timed out waiting for transform from base_footprint to odom to become available, tf error: Invalid frame ID "odom" passed to canTransform argument target_frame - frame does not exist
[controller_server-8] [INFO] [1789651623.576128496] [local_costmap.local_costmap]: Timed out waiting for transform from base_footprint to odom to become available, tf error: Invalid frame ID "odom" passed to canTransform argument target_frame - frame does not exist
[controller_server-8] [INFO] [1789651624.076752509] [local_costmap.local_costmap]: Timed out waiting for transform from base_footprint to odom to become available, tf error: Invalid frame ID "odom" passed to canTransform argument target_frame - frame does not exist
[controller_server-8] [INFO] [1789651624.576419337] [local_costmap.local_costmap]: Timed out waiting for transform from base_footprint to odom to become available, tf error: Invalid frame ID "odom" passed to canTransform argument target_frame - frame does not exist
[controller_server-8] [INFO] [1789651625.079769395] [local_costmap.local_costmap]: Timed out waiting for transform from base_footprint to odom to become available, tf error: Invalid frame ID "odom" passed to canTransform argument target_frame - frame does not exist
[controller_server-8] [INFO] [1789651625.582602297] [local_costmap.local_costmap]: Timed out waiting for transform from base_footprint to odom to become available, tf error: Invalid frame ID "odom" passed to canTransform argument target_frame - frame does not exist
[controller_server-8] [INFO] [1789651626.076175816] [local_costmap.local_costmap]: Timed out waiting for transform from base_footprint to odom to become available, tf error: Invalid frame ID "odom" passed to canTransform argument target_frame - frame does not exist
[controller_server-8] [INFO] [1789651626.576584421] [local_costmap.local_costmap]: Timed out waiting for transform from base_footprint to odom to become available, tf error: Invalid frame ID "odom" passed to canTransform argument target_frame - frame does not exist
[controller_server-8] [INFO] [1789651627.076066615] [local_costmap.local_costmap]: Timed out waiting for transform from base_footprint to odom to become available, tf error: Invalid frame ID "odom" passed to canTransform argument target_frame - frame does not exist
[controller_server-8] [INFO] [1789651627.576437522] [local_costmap.local_costmap]: Timed out waiting for transform from base_footprint to odom to become available, tf error: Invalid frame ID "odom" passed to canTransform argument target_frame - frame does not exist
[controller_server-8] [INFO] [1789651628.077643219] [local_costmap.local_costmap]: Timed out waiting for transform from base_footprint to odom to become available, tf error: Invalid frame ID "odom" passed to canTransform argument target_frame - frame does not exist
[controller_server-8] [INFO] [1789651628.578942287] [local_costmap.local_costmap]: Timed out waiting for transform from base_footprint to odom to become available, tf error: Invalid frame ID "odom" passed to canTransform argument target_frame - frame does not exist
[controller_server-8] [INFO] [1789651629.078499842] [local_costmap.local_costmap]: Timed out waiting for transform from base_footprint to odom to become available, tf error: Invalid frame ID "odom" passed to canTransform argument target_frame - frame does not exist
[controller_server-8] [INFO] [1789651629.576262052] [local_costmap.local_costmap]: Timed out waiting for transform from base_footprint to odom to become available, tf error: Invalid frame ID "odom" passed to canTransform argument target_frame - frame does not exist
[spawn_entity.py-3] [INFO] [1789651629.778929392] [spawn_swerve]: Spawn status: SpawnEntity: Successfully spawned entity [swerve_base]
[gzserver-1] [INFO] [1789651630.031648076] [gazebo_ros2_control]: Loading gazebo_ros2_control plugin
[controller_server-8] [INFO] [1789651630.077215839] [local_costmap.local_costmap]: Timed out waiting for transform from base_footprint to odom to become available, tf error: Invalid frame ID "odom" passed to canTransform argument target_frame - frame does not exist
[gzserver-1] [INFO] [1789651630.102015444] [gazebo_ros2_control]: Starting gazebo_ros2_control plugin in namespace: /
[gzserver-1] [INFO] [1789651630.102098829] [gazebo_ros2_control]: Starting gazebo_ros2_control plugin in ros 2 node: gazebo_ros2_control
[INFO] [spawn_entity.py-3]: process has finished cleanly [pid 203748]
[INFO] [spawner-15]: process started with pid [204267]
[gzserver-1] [INFO] [1789651630.154992161] [gazebo_ros2_control]: connected to service!! robot_state_publisher
[gzserver-1] [INFO] [1789651630.164835045] [gazebo_ros2_control]: Received urdf from param server, parsing...
[gzserver-1] [INFO] [1789651630.175044033] [gazebo_ros2_control]: Loading parameter files /home/yahboom/swerve_bringup/install/swerve_bringup/share/swerve_bringup/config/controllers.yaml
[gzserver-1] [INFO] [1789651630.223634031] [gazebo_ros2_control]: Loading joint: steer_front_joint
[gzserver-1] [INFO] [1789651630.223710976] [gazebo_ros2_control]: 	State:
[gzserver-1] [INFO] [1789651630.223726991] [gazebo_ros2_control]: 		 position
[gzserver-1] [INFO] [1789651630.223739342] [gazebo_ros2_control]: 		 velocity
[gzserver-1] [INFO] [1789651630.223749360] [gazebo_ros2_control]: 	Command:
[gzserver-1] [INFO] [1789651630.223758064] [gazebo_ros2_control]: 		 position
[gzserver-1] [INFO] [1789651630.230260198] [gazebo_ros2_control]: Loading joint: steer_rear_joint
[gzserver-1] [INFO] [1789651630.230310425] [gazebo_ros2_control]: 	State:
[gzserver-1] [INFO] [1789651630.230321916] [gazebo_ros2_control]: 		 position
[gzserver-1] [INFO] [1789651630.230332478] [gazebo_ros2_control]: 		 velocity
[gzserver-1] [INFO] [1789651630.230341359] [gazebo_ros2_control]: 	Command:
[gzserver-1] [INFO] [1789651630.230349759] [gazebo_ros2_control]: 		 position
[gzserver-1] [INFO] [1789651630.230458429] [gazebo_ros2_control]: Loading joint: wheel_front_drive_joint
[gzserver-1] [INFO] [1789651630.230473531] [gazebo_ros2_control]: 	State:
[gzserver-1] [INFO] [1789651630.230482818] [gazebo_ros2_control]: 		 position
[gzserver-1] [INFO] [1789651630.230491697] [gazebo_ros2_control]: 		 velocity
[gzserver-1] [INFO] [1789651630.230500060] [gazebo_ros2_control]: 	Command:
[gzserver-1] [INFO] [1789651630.230514080] [gazebo_ros2_control]: 		 velocity
[gzserver-1] [INFO] [1789651630.230607566] [gazebo_ros2_control]: Loading joint: wheel_rear_drive_joint
[gzserver-1] [INFO] [1789651630.230620895] [gazebo_ros2_control]: 	State:
[gzserver-1] [INFO] [1789651630.230629486] [gazebo_ros2_control]: 		 position
[gzserver-1] [INFO] [1789651630.230637898] [gazebo_ros2_control]: 		 velocity
[gzserver-1] [INFO] [1789651630.230646093] [gazebo_ros2_control]: 	Command:
[gzserver-1] [INFO] [1789651630.230659602] [gazebo_ros2_control]: 		 velocity
[gzserver-1] [INFO] [1789651630.231007723] [resource_manager]: Initialize hardware 'GazeboSystem' 
[gzserver-1] [INFO] [1789651630.231313220] [resource_manager]: Successful initialization of hardware 'GazeboSystem'
[gzserver-1] [INFO] [1789651630.231456456] [resource_manager]: 'configure' hardware 'GazeboSystem' 
[gzserver-1] [INFO] [1789651630.231470737] [resource_manager]: Successful 'configure' of hardware 'GazeboSystem'
[gzserver-1] [INFO] [1789651630.231478393] [resource_manager]: 'activate' hardware 'GazeboSystem' 
[gzserver-1] [INFO] [1789651630.231484629] [resource_manager]: Successful 'activate' of hardware 'GazeboSystem'
[gzserver-1] [INFO] [1789651630.231594693] [gazebo_ros2_control]: Loading controller_manager
[gzserver-1] [WARN] [1789651630.494452262] [gazebo_ros2_control]:  Desired controller update period (0.01 s) is slower than the gazebo simulation period (0.001 s).
[gzserver-1] [INFO] [1789651630.497792886] [gazebo_ros2_control]: Loaded gazebo_ros2_control.
[controller_server-8] [INFO] [1789651630.576390385] [local_costmap.local_costmap]: Timed out waiting for transform from base_footprint to odom to become available, tf error: Invalid frame ID "odom" passed to canTransform argument target_frame - frame does not exist
[controller_server-8] [INFO] [1789651631.076370147] [local_costmap.local_costmap]: start
[controller_server-8] [INFO] [1789651631.213465990] [controller_server]: Creating bond (controller_server) to lifecycle manager.
[lifecycle_manager-13] [INFO] [1789651631.337349190] [lifecycle_manager_navigation]: Server controller_server connected with bond.
[lifecycle_manager-13] [INFO] [1789651631.337448628] [lifecycle_manager_navigation]: [34m[1mActivating planner_server[0m[0m
[planner_server-9] [INFO] [1789651631.338106468] [planner_server]: Activating
[planner_server-9] [INFO] [1789651631.338199977] [global_costmap.global_costmap]: Activating
[planner_server-9] [INFO] [1789651631.338245253] [global_costmap.global_costmap]: Checking transform
[planner_server-9] [INFO] [1789651631.338413072] [global_costmap.global_costmap]: start
[planner_server-9] [INFO] [1789651631.896642704] [planner_server]: Activating plugin GridBased of type NavfnPlanner
[planner_server-9] [INFO] [1789651631.906600759] [planner_server]: Creating bond (planner_server) to lifecycle manager.
[gzserver-1] [INFO] [1789651631.995169458] [controller_manager]: Loading controller 'joint_state_broadcaster'
[lifecycle_manager-13] [INFO] [1789651632.040580198] [lifecycle_manager_navigation]: Server planner_server connected with bond.
[lifecycle_manager-13] [INFO] [1789651632.040651790] [lifecycle_manager_navigation]: [34m[1mActivating behavior_server[0m[0m
[behavior_server-10] [INFO] [1789651632.055777548] [behavior_server]: Activating
[behavior_server-10] [INFO] [1789651632.055851318] [behavior_server]: Activating spin
[behavior_server-10] [INFO] [1789651632.055869069] [behavior_server]: Activating backup
[behavior_server-10] [INFO] [1789651632.055881496] [behavior_server]: Activating drive_on_heading
[behavior_server-10] [INFO] [1789651632.055892228] [behavior_server]: Activating wait
[behavior_server-10] [INFO] [1789651632.055909592] [behavior_server]: Creating bond (behavior_server) to lifecycle manager.
[lifecycle_manager-13] [INFO] [1789651632.255265525] [lifecycle_manager_navigation]: Server behavior_server connected with bond.
[lifecycle_manager-13] [INFO] [1789651632.255338851] [lifecycle_manager_navigation]: [34m[1mActivating bt_navigator[0m[0m
[bt_navigator-11] [INFO] [1789651632.258677287] [bt_navigator]: Activating
[spawner-15] [INFO] [1789651632.433476536] [spawn_joint_state_broadcaster]: [94mLoaded [1mjoint_state_broadcaster[0m
[gzserver-1] [INFO] [1789651632.456181941] [controller_manager]: Configuring controller 'joint_state_broadcaster'
[gzserver-1] [INFO] [1789651632.456735009] [joint_state_broadcaster]: 'joints' or 'interfaces' parameter is empty. All available state interfaces will be published
[bt_navigator-11] [INFO] [1789651632.949910615] [bt_navigator]: Creating bond (bt_navigator) to lifecycle manager.
[spawner-15] [INFO] [1789651633.013060055] [spawn_joint_state_broadcaster]: [92mConfigured and activated [1mjoint_state_broadcaster[0m
[lifecycle_manager-13] [INFO] [1789651633.085386304] [lifecycle_manager_navigation]: Server bt_navigator connected with bond.
[lifecycle_manager-13] [INFO] [1789651633.085461074] [lifecycle_manager_navigation]: [34m[1mActivating waypoint_follower[0m[0m
[waypoint_follower-12] [INFO] [1789651633.090749207] [waypoint_follower]: Activating
[waypoint_follower-12] [INFO] [1789651633.090832381] [waypoint_follower]: Creating bond (waypoint_follower) to lifecycle manager.
[lifecycle_manager-13] [INFO] [1789651633.214935279] [lifecycle_manager_navigation]: Server waypoint_follower connected with bond.
[lifecycle_manager-13] [INFO] [1789651633.215000401] [lifecycle_manager_navigation]: [34m[1mManaged nodes are active[0m[0m
[lifecycle_manager-13] [INFO] [1789651633.215007806] [lifecycle_manager_navigation]: [34m[1mCreating bond timer...[0m[0m
[INFO] [spawner-15]: process has finished cleanly [pid 204267]
[INFO] [spawner-16]: process started with pid [204309]
[gzserver-1] [INFO] [1789651635.600886818] [controller_manager]: Loading controller 'steering_controller'
[spawner-16] [INFO] [1789651636.099502469] [spawn_steering_controller]: [94mLoaded [1msteering_controller[0m
[gzserver-1] [INFO] [1789651636.110018475] [controller_manager]: Configuring controller 'steering_controller'
[gzserver-1] [INFO] [1789651636.129166818] [steering_controller]: configure successful
[gzserver-1] [INFO] [1789651636.161176597] [steering_controller]: activate successful
[spawner-16] [INFO] [1789651636.174505838] [spawn_steering_controller]: [92mConfigured and activated [1msteering_controller[0m
[INFO] [spawner-16]: process has finished cleanly [pid 204309]
[INFO] [spawner-17]: process started with pid [204365]
[spawner-17] [INFO] [1789651637.654929912] [spawn_drive_controller]: waiting for service /controller_manager/list_controllers to become available...
[gzserver-1] [INFO] [1789651639.443747070] [controller_manager]: Loading controller 'drive_controller'
[spawner-17] [INFO] [1789651639.643806350] [spawn_drive_controller]: [94mLoaded [1mdrive_controller[0m
[gzserver-1] [INFO] [1789651639.656195635] [controller_manager]: Configuring controller 'drive_controller'
[gzserver-1] [INFO] [1789651639.668786055] [drive_controller]: configure successful
[gzserver-1] [INFO] [1789651639.718460734] [drive_controller]: activate successful
[spawner-17] [INFO] [1789651639.757656396] [spawn_drive_controller]: [92mConfigured and activated [1mdrive_controller[0m
[INFO] [spawner-17]: process has finished cleanly [pid 204365]
[INFO] [swerve_controller_node-18]: process started with pid [204450]
[INFO] [swerve_odometry_node-19]: process started with pid [204452]
[swerve_odometry_node-19] [INFO] [1789651641.950063582] [swerve_odometry]: Encoder odometry ready: radius=0.0637 m, velocity_sign=+1.0
[swerve_controller_node-18] [INFO] [1789651642.032517620] [swerve_controller]: Swerve controller ready: radius=0.0675 m, modules={'front': (0.300042, 0.0), 'rear': (-0.300042, 0.0)}
[WARNING] [launch]: user interrupted with ctrl-c (SIGINT)
[waypoint_follower-12] [INFO] [1789651694.071673827] [rclcpp]: signal_handler(signum=2)
[waypoint_follower-12] [INFO] [1789651694.073116501] [waypoint_follower]: Running Nav2 LifecycleNode rcl preshutdown (waypoint_follower)
[waypoint_follower-12] [INFO] [1789651694.073240561] [waypoint_follower]: Deactivating
[waypoint_follower-12] [INFO] [1789651694.073274076] [waypoint_follower]: Destroying bond (waypoint_follower) to lifecycle manager.
[map_server-7] [INFO] [1789651694.071736839] [rclcpp]: signal_handler(signum=2)
[map_server-7] [INFO] [1789651694.072165804] [map_server]: Running Nav2 LifecycleNode rcl preshutdown (map_server)
[map_server-7] [INFO] [1789651694.072280169] [map_server]: Deactivating
[map_server-7] [INFO] [1789651694.072371353] [map_server]: Destroying bond (map_server) to lifecycle manager.
[bt_navigator-11] [INFO] [1789651694.071746576] [rclcpp]: signal_handler(signum=2)
[bt_navigator-11] [INFO] [1789651694.072716515] [bt_navigator]: Running Nav2 LifecycleNode rcl preshutdown (bt_navigator)
[bt_navigator-11] [INFO] [1789651694.072802659] [bt_navigator]: Deactivating
[bt_navigator-11] [INFO] [1789651694.072838262] [bt_navigator]: Destroying bond (bt_navigator) to lifecycle manager.
[controller_server-8] [INFO] [1789651694.071750483] [rclcpp]: signal_handler(signum=2)
[controller_server-8] [INFO] [1789651694.072666386] [controller_server]: Running Nav2 LifecycleNode rcl preshutdown (controller_server)
[controller_server-8] [INFO] [1789651694.072746576] [controller_server]: Deactivating
[controller_server-8] [INFO] [1789651694.072802266] [local_costmap.local_costmap]: Deactivating
[behavior_server-10] [INFO] [1789651694.071895252] [rclcpp]: signal_handler(signum=2)
[behavior_server-10] [INFO] [1789651694.072021556] [behavior_server]: Running Nav2 LifecycleNode rcl preshutdown (behavior_server)
[behavior_server-10] [INFO] [1789651694.072137331] [behavior_server]: Deactivating
[behavior_server-10] [INFO] [1789651694.072184147] [behavior_server]: Destroying bond (behavior_server) to lifecycle manager.
[ekf_node-6] [INFO] [1789651694.071968977] [rclcpp]: signal_handler(signum=2)
[planner_server-9] [INFO] [1789651694.072460322] [rclcpp]: signal_handler(signum=2)
[lifecycle_manager-13] [INFO] [1789651694.072563270] [rclcpp]: signal_handler(signum=2)
[lifecycle_manager-13] [INFO] [1789651694.072933038] [lifecycle_manager_navigation]: Running Nav2 LifecycleManager rcl preshutdown (lifecycle_manager_navigation)
[lifecycle_manager-13] [INFO] [1789651694.072988168] [lifecycle_manager_navigation]: [34m[1mTerminating bond timer...[0m[0m
[INFO] [swerve_odometry_node-19]: sending signal 'SIGINT' to process[swerve_odometry_node-19]
[INFO] [swerve_controller_node-18]: sending signal 'SIGINT' to process[swerve_controller_node-18]
[INFO] [lifecycle_manager-13]: sending signal 'SIGINT' to process[lifecycle_manager-13]
[INFO] [waypoint_follower-12]: sending signal 'SIGINT' to process[waypoint_follower-12]
[INFO] [bt_navigator-11]: sending signal 'SIGINT' to process[bt_navigator-11]
[INFO] [behavior_server-10]: sending signal 'SIGINT' to process[behavior_server-10]
[INFO] [planner_server-9]: sending signal 'SIGINT' to process[planner_server-9]
[INFO] [controller_server-8]: sending signal 'SIGINT' to process[controller_server-8]
[INFO] [map_server-7]: sending signal 'SIGINT' to process[map_server-7]
[INFO] [ekf_node-6]: sending signal 'SIGINT' to process[ekf_node-6]
[INFO] [v30e_sim_node-5]: sending signal 'SIGINT' to process[v30e_sim_node-5]
[INFO] [ekf_node-4]: sending signal 'SIGINT' to process[ekf_node-4]
[INFO] [robot_state_publisher-2]: sending signal 'SIGINT' to process[robot_state_publisher-2]
[INFO] [gzserver-1]: sending signal 'SIGINT' to process[gzserver-1]
[ekf_node-4] [INFO] [1789651694.074877109] [rclcpp]: signal_handler(signum=2)
[ERROR] [ekf_node-4]: process has died [pid 203750, exit code -2, cmd '/opt/ros/humble/lib/robot_localization/ekf_node --ros-args -r __node:=ekf_filter_node --params-file /home/yahboom/swerve_bringup/install/swerve_bringup/share/swerve_bringup/config/ekf.yaml --params-file /tmp/launch_params_rq4uxka3 -r /odom:=/odom -r /imu/data:=/imu/data'].
[ERROR] [ekf_node-6]: process has died [pid 203754, exit code -2, cmd '/opt/ros/humble/lib/robot_localization/ekf_node --ros-args -r __node:=ekf_v30e --params-file /home/yahboom/swerve_bringup/install/swerve_bringup/share/swerve_bringup/config/v30e_localization_ekf.yaml --params-file /tmp/launch_params_3iirtni1 -r odometry/filtered:=/odometry/v30e'].
[robot_state_publisher-2] [INFO] [1789651694.074955498] [rclcpp]: signal_handler(signum=2)
[controller_server-8] [INFO] [1789651694.080135283] [controller_server]: Destroying bond (controller_server) to lifecycle manager.
[controller_server-8] [INFO] [1789651694.111437291] [controller_server]: Cleaning up
[controller_server-8] [INFO] [1789651694.111609212] [local_costmap.local_costmap]: Cleaning up
[planner_server-9] [INFO] [1789651694.081388172] [planner_server]: Running Nav2 LifecycleNode rcl preshutdown (planner_server)
[planner_server-9] [INFO] [1789651694.081480159] [planner_server]: Deactivating
[planner_server-9] [INFO] [1789651694.084973750] [global_costmap.global_costmap]: Deactivating
[behavior_server-10] [INFO] [1789651694.093690387] [behavior_server]: Cleaning up
[map_server-7] [INFO] [1789651694.097199104] [map_server]: Cleaning up
[map_server-7] [INFO] [1789651694.097301455] [map_server]: Destroying bond (map_server) to lifecycle manager.
[bt_navigator-11] [INFO] [1789651694.116884999] [bt_navigator]: Cleaning up
[waypoint_follower-12] [INFO] [1789651694.125211623] [waypoint_follower]: Cleaning up
[swerve_odometry_node-19] Traceback (most recent call last):
[swerve_odometry_node-19]   File "/home/yahboom/swerve_bringup/install/swerve_bringup/lib/swerve_bringup/swerve_odometry_node", line 221, in <module>
[swerve_odometry_node-19]     main()
[swerve_odometry_node-19]   File "/home/yahboom/swerve_bringup/install/swerve_bringup/lib/swerve_bringup/swerve_odometry_node", line 215, in main
[swerve_odometry_node-19]     node.destroy_node()
[swerve_odometry_node-19]   File "/opt/ros/humble/local/lib/python3.10/dist-packages/rclpy/node.py", line 1687, in destroy_node
[swerve_odometry_node-19]     self.destroy_subscription(self._subscriptions[0])
[swerve_odometry_node-19]   File "/opt/ros/humble/local/lib/python3.10/dist-packages/rclpy/node.py", line 1583, in destroy_subscription
[swerve_odometry_node-19]     subscription.destroy()
[swerve_odometry_node-19]   File "/opt/ros/humble/local/lib/python3.10/dist-packages/rclpy/subscription.py", line 80, in destroy
[swerve_odometry_node-19]     self.handle.destroy_when_not_in_use()
[swerve_odometry_node-19] KeyboardInterrupt
[swerve_controller_node-18] Traceback (most recent call last):
[swerve_controller_node-18]   File "/home/yahboom/swerve_bringup/install/swerve_bringup/lib/swerve_bringup/swerve_controller_node", line 192, in <module>
[swerve_controller_node-18]     main()
[swerve_controller_node-18]   File "/home/yahboom/swerve_bringup/install/swerve_bringup/lib/swerve_bringup/swerve_controller_node", line 184, in main
[swerve_controller_node-18]     node.steer_pub.publish(Float64MultiArray(data=[
[swerve_controller_node-18]   File "/opt/ros/humble/local/lib/python3.10/dist-packages/rclpy/publisher.py", line 70, in publish
[swerve_controller_node-18]     self.__publisher.publish(msg)
[swerve_controller_node-18] rclpy._rclpy_pybind11.RCLError: Failed to publish: publisher's context is invalid, at ./src/rcl/publisher.c:389
[swerve_controller_node-18] Error in sys.excepthook:
[swerve_controller_node-18] Traceback (most recent call last):
[swerve_controller_node-18]   File "/usr/lib/python3/dist-packages/apport_python_hook.py", line 72, in apport_excepthook
[swerve_controller_node-18]     from apport.fileutils import likely_packaged, get_recent_crashes
[swerve_controller_node-18]   File "/usr/lib/python3/dist-packages/apport/__init__.py", line 5, in <module>
[swerve_controller_node-18]     from apport.report import Report
[swerve_controller_node-18]   File "/usr/lib/python3/dist-packages/apport/report.py", line 21, in <module>
[swerve_controller_node-18]     from urllib.request import urlopen
[swerve_controller_node-18]   File "/usr/lib/python3.10/urllib/request.py", line 88, in <module>
[swerve_controller_node-18]     import http.client
[swerve_controller_node-18]   File "/usr/lib/python3.10/http/client.py", line 71, in <module>
[swerve_controller_node-18]     import email.parser
[swerve_controller_node-18]   File "/usr/lib/python3.10/email/parser.py", line 12, in <module>
[swerve_controller_node-18]     from email.feedparser import FeedParser, BytesFeedParser
[swerve_controller_node-18]   File "/usr/lib/python3.10/email/feedparser.py", line 27, in <module>
[swerve_controller_node-18]     from email._policybase import compat32
[swerve_controller_node-18]   File "/usr/lib/python3.10/email/_policybase.py", line 9, in <module>
[swerve_controller_node-18]     from email.utils import _has_surrogates
[swerve_controller_node-18]   File "/usr/lib/python3.10/email/utils.py", line 33, in <module>
[swerve_controller_node-18]     from email._parseaddr import quote
[swerve_controller_node-18]   File "/usr/lib/python3.10/email/_parseaddr.py", line 16, in <module>
[swerve_controller_node-18]     import time, calendar
[swerve_controller_node-18]   File "/usr/lib/python3.10/calendar.py", line 10, in <module>
[swerve_controller_node-18]     import locale as _locale
[swerve_controller_node-18]   File "/usr/lib/python3.10/locale.py", line 96, in <module>
[swerve_controller_node-18]     if 'strxfrm' not in globals():
[swerve_controller_node-18] KeyboardInterrupt
[swerve_controller_node-18] 
[swerve_controller_node-18] Original exception was:
[swerve_controller_node-18] Traceback (most recent call last):
[swerve_controller_node-18]   File "/home/yahboom/swerve_bringup/install/swerve_bringup/lib/swerve_bringup/swerve_controller_node", line 192, in <module>
[swerve_controller_node-18]     main()
[swerve_controller_node-18]   File "/home/yahboom/swerve_bringup/install/swerve_bringup/lib/swerve_bringup/swerve_controller_node", line 184, in main
[swerve_controller_node-18]     node.steer_pub.publish(Float64MultiArray(data=[
[swerve_controller_node-18]   File "/opt/ros/humble/local/lib/python3.10/dist-packages/rclpy/publisher.py", line 70, in publish
[swerve_controller_node-18]     self.__publisher.publish(msg)
[swerve_controller_node-18] rclpy._rclpy_pybind11.RCLError: Failed to publish: publisher's context is invalid, at ./src/rcl/publisher.c:389
[lifecycle_manager-13] [INFO] [1789651694.148280812] [rclcpp]: signal_handler(signum=2)
[waypoint_follower-12] [INFO] [1789651694.153047774] [rclcpp]: signal_handler(signum=2)
[bt_navigator-11] [INFO] [1789651694.162565542] [rclcpp]: signal_handler(signum=2)
[behavior_server-10] [INFO] [1789651694.167169899] [rclcpp]: signal_handler(signum=2)
[planner_server-9] [INFO] [1789651694.180258439] [rclcpp]: signal_handler(signum=2)
[controller_server-8] [INFO] [1789651694.190181590] [rclcpp]: signal_handler(signum=2)
[map_server-7] [INFO] [1789651694.194727056] [rclcpp]: signal_handler(signum=2)
[v30e_sim_node-5] Traceback (most recent call last):
[v30e_sim_node-5]   File "/home/yahboom/swerve_bringup/install/swerve_bringup/lib/swerve_bringup/v30e_sim_node", line 188, in <module>
[v30e_sim_node-5]     if __name__ == '__main__': main()
[v30e_sim_node-5]   File "/home/yahboom/swerve_bringup/install/swerve_bringup/lib/swerve_bringup/v30e_sim_node", line 185, in main
[v30e_sim_node-5]     node.destroy_node(); rclpy.shutdown()
[v30e_sim_node-5]   File "/opt/ros/humble/local/lib/python3.10/dist-packages/rclpy/node.py", line 1691, in destroy_node
[v30e_sim_node-5]     self.destroy_service(self._services[0])
[v30e_sim_node-5]   File "/opt/ros/humble/local/lib/python3.10/dist-packages/rclpy/node.py", line 1615, in destroy_service
[v30e_sim_node-5]     service.destroy()
[v30e_sim_node-5]   File "/opt/ros/humble/local/lib/python3.10/dist-packages/rclpy/service.py", line 93, in destroy
[v30e_sim_node-5]     self.__service.destroy_when_not_in_use()
[v30e_sim_node-5] KeyboardInterrupt
[robot_state_publisher-2] [INFO] [1789651694.232295834] [rclcpp]: signal_handler(signum=2)
[map_server-7] [INFO] [1789651694.249534073] [map_server]: Destroying
[waypoint_follower-12] [INFO] [1789651694.281627406] [waypoint_follower]: Destroying bond (waypoint_follower) to lifecycle manager.
[waypoint_follower-12] [INFO] [1789651694.334698004] [waypoint_follower]: Destroying
[behavior_server-10] [INFO] [1789651694.340065113] [behavior_server]: Destroying bond (behavior_server) to lifecycle manager.
[planner_server-9] [INFO] [1789651694.346815183] [planner_server]: Deactivating plugin GridBased of type NavfnPlanner
[planner_server-9] [INFO] [1789651694.346869302] [planner_server]: Destroying bond (planner_server) to lifecycle manager.
[planner_server-9] [INFO] [1789651694.378556648] [planner_server]: Cleaning up
[ERROR] [v30e_sim_node-5]: process has died [pid 203752, exit code -2, cmd '/home/yahboom/swerve_bringup/install/swerve_bringup/lib/swerve_bringup/v30e_sim_node --ros-args -r __node:=v30e_sim_node --params-file /home/yahboom/swerve_bringup/install/swerve_bringup/share/swerve_bringup/config/v30e_sim.yaml --params-file /tmp/launch_params_ng35155i'].
[behavior_server-10] [INFO] [1789651694.480057549] [behavior_server]: Destroying
[ERROR] [swerve_odometry_node-19]: process has died [pid 204452, exit code -2, cmd '/home/yahboom/swerve_bringup/install/swerve_bringup/lib/swerve_bringup/swerve_odometry_node --ros-args -r __node:=swerve_odometry --params-file /home/yahboom/swerve_bringup/install/swerve_bringup/share/swerve_bringup/config/swerve_odometry.yaml --params-file /tmp/launch_params_hvf_uf4z'].
[planner_server-9] [INFO] [1789651694.508509561] [global_costmap.global_costmap]: Cleaning up
[INFO] [map_server-7]: process has finished cleanly [pid 203756]
[lifecycle_manager-13] [INFO] [1789651694.532090620] [lifecycle_manager_navigation]: Destroying lifecycle_manager_navigation
[controller_server-8] [INFO] [1789651694.537219555] [controller_server]: Destroying bond (controller_server) to lifecycle manager.
[controller_server-8] [INFO] [1789651694.546108464] [local_costmap.local_costmap]: Destroying
[planner_server-9] [INFO] [1789651694.565465707] [planner_server]: Cleaning up plugin GridBased of type NavfnPlanner
[planner_server-9] [INFO] [1789651694.565550394] [planner_server]: Destroying plugin GridBased of type NavfnPlanner
[controller_server-8] [INFO] [1789651694.569021843] [controller_server]: Destroying
[INFO] [waypoint_follower-12]: process has finished cleanly [pid 203778]
[planner_server-9] [INFO] [1789651694.581133774] [planner_server]: Destroying bond (planner_server) to lifecycle manager.
[ERROR] [swerve_controller_node-18]: process has died [pid 204450, exit code 1, cmd '/home/yahboom/swerve_bringup/install/swerve_bringup/lib/swerve_bringup/swerve_controller_node --ros-args -r __node:=swerve_controller --params-file /home/yahboom/swerve_bringup/install/swerve_bringup/share/swerve_bringup/config/swerve_controller.yaml --params-file /tmp/launch_params_0qncqg3i'].
[planner_server-9] [INFO] [1789651694.594259731] [global_costmap.global_costmap]: Destroying
[INFO] [robot_state_publisher-2]: process has finished cleanly [pid 203746]
[planner_server-9] [INFO] [1789651694.627635581] [planner_server]: Destroying
[bt_navigator-11] [INFO] [1789651694.670206561] [bt_navigator]: Completed Cleaning up
[bt_navigator-11] [INFO] [1789651694.670290797] [bt_navigator]: Destroying bond (bt_navigator) to lifecycle manager.
[INFO] [lifecycle_manager-13]: process has finished cleanly [pid 203786]
[INFO] [behavior_server-10]: process has finished cleanly [pid 203765]
[bt_navigator-11] [INFO] [1789651694.699531798] [bt_navigator]: Destroying
[INFO] [controller_server-8]: process has finished cleanly [pid 203758]
[INFO] [planner_server-9]: process has finished cleanly [pid 203761]
[INFO] [bt_navigator-11]: process has finished cleanly [pid 203772]
[INFO] [gzserver-1]: process has finished cleanly [pid 203744]
