[0.093s] Invoking command in '/home/yahboom/swerve_bringup/build/swerve_bringup': CMAKE_PREFIX_PATH=/home/yahboom/cartoros2/install/yahboom_web_savmap_interfaces:/home/yahboom/cartoros2/install/yahboom_qrcode:/home/yahboom/cartoros2/install/yahboom_point:/home/yahboom/cartoros2/install/yahboom_nav2_send_goal:/home/yahboom/cartoros2/install/yahboom_msgs:/home/yahboom/cartoros2/install/yahboom_config:/home/yahboom/cartoros2/install/yahboom_color_identify_interfaces:/home/yahboom/cartoros2/install/yahboom_attitude_record_interfaces:/home/yahboom/cartoros2/install/turtlebot3_description:/home/yahboom/cartoros2/install/robot_pose_publisher_ros2:/home/yahboom/cartoros2/install/rf2o_laser_odometry:/home/yahboom/cartoros2/install/nav2_system_tests:/home/yahboom/cartoros2/install/nav2_bringup:/home/yahboom/cartoros2/install/navigation2:/home/yahboom/cartoros2/install/nav2_smoother:/home/yahboom/cartoros2/install/nav2_graceful_controller:/home/yahboom/cartoros2/install/nav2_dwb_controller:/home/yahboom/cartoros2/install/nav2_controller:/home/yahboom/cartoros2/install/dwb_plugins:/home/yahboom/cartoros2/install/dwb_critics:/home/yahboom/cartoros2/install/dwb_core:/home/yahboom/cartoros2/install/nav_2d_utils:/home/yahboom/cartoros2/install/dwb_msgs:/home/yahboom/cartoros2/install/nav_2d_msgs:/home/yahboom/cartoros2/install/nav2_waypoint_follower:/home/yahboom/cartoros2/install/nav2_theta_star_planner:/home/yahboom/cartoros2/install/nav2_smac_planner:/home/yahboom/cartoros2/install/nav2_rotation_shim_controller:/home/yahboom/cartoros2/install/nav2_regulated_pure_pursuit_controller:/home/yahboom/cartoros2/install/nav2_planner:/home/yahboom/cartoros2/install/nav2_navfn_planner:/home/yahboom/cartoros2/install/nav2_mppi_controller:/home/yahboom/cartoros2/install/nav2_constrained_smoother:/home/yahboom/cartoros2/install/nav2_bt_navigator:/home/yahboom/cartoros2/install/nav2_behaviors:/home/yahboom/cartoros2/install/nav2_core:/home/yahboom/cartoros2/install/nav2_collision_monitor:/home/yahboom/cartoros2/install/costmap_queue:/home/yahboom/cartoros2/install/nav2_costmap_2d:/home/yahboom/cartoros2/install/nav2_voxel_grid:/home/yahboom/cartoros2/install/nav2_velocity_smoother:/home/yahboom/cartoros2/install/nav2_rviz_plugins:/home/yahboom/cartoros2/install/nav2_map_server:/home/yahboom/cartoros2/install/nav2_lifecycle_manager:/home/yahboom/cartoros2/install/nav2_behavior_tree:/home/yahboom/cartoros2/install/nav2_amcl:/home/yahboom/cartoros2/install/nav2_util:/home/yahboom/cartoros2/install/nav2_msgs:/home/yahboom/cartoros2/install/nav2_common:/home/yahboom/cartoros2/install/image_color_lab:/home/yahboom/cartoros2/install/dynamixel_sdk_examples:/home/yahboom/cartoros2/install/dynamixel_sdk_custom_interfaces:/home/yahboom/cartoros2/install/dynamixel_sdk:/home/yahboom/cartoros2/install/csm:/home/yahboom/cartoros2/install/champ_msgs:/home/yahboom/cartoros2/install/champ:/home/yahboom/cartoros2/install/cartographer_ros_msgs:/home/yahboom/cartoros2/install/cartographer:/home/yahboom/yahboomcar_ws/install/yahboom_dog_node:/home/yahboom/yahboomcar_ws/install/yahboom_dog_navigation2:/home/yahboom/yahboomcar_ws/install/yahboom_dog_nav:/home/yahboom/yahboomcar_ws/install/yahboom_dog_msgs:/home/yahboom/yahboomcar_ws/install/yahboom_dog_cartographer:/home/yahboom/yahboomcar_ws/install/yahboom_dog:/home/yahboom/yahboomcar_ws/install/yahboom_dog_bringup:/home/yahboom/yahboomcar_ws/install/dynamixel_sdk_examples:/home/yahboom/yahboomcar_ws/install/dynamixel_sdk_custom_interfaces:/home/yahboom/yahboomcar_ws/install/dynamixel_sdk:/home/yahboom/yahboomcar_ws/install/champ_navigation:/home/yahboom/yahboomcar_ws/install/champ_msgs:/home/yahboom/cartoros2/install/yahboomcar_nav:/home/yahboom/cartoros2/install/yahboomcar_ctrl:/home/yahboom/cartoros2/install/yahboom_visual:/home/yahboom/cartoros2/install/yahboom_dog_joint_state:/home/yahboom/cartoros2/install/yahboom_description:/home/yahboom/cartoros2/install/yahboom_color_identify_server:/home/yahboom/cartoros2/install/yahboom_bringup:/home/yahboom/cartoros2/install/yahboom_base:/home/yahboom/cartoros2/install/yahboom_app_save_map:/home/yahboom/cartoros2/install/update_map:/home/yahboom/cartoros2/install/rosboard:/home/yahboom/cartoros2/install/path_planner_server:/home/yahboom/cartoros2/install/nav2_simple_commander:/home/yahboom/cartoros2/install/nav2_gazebo_spawner:/home/yahboom/cartoros2/install/localization_server:/home/yahboom/cartoros2/install/laserscan_to_point_pulisher:/home/yahboom/cartoros2/install/dogzilla_sim:/home/yahboom/yahboomcar_ws/install/yahboom_dog_example:/home/yahboom/ros2_ws/install/tb3_slam_viewer:/opt/ros/humble:/home/yahboom/yahboomcar_ws/install/champ_gazebo:/home/yahboom/yahboomcar_ws/install/champ_bringup:/home/yahboom/yahboomcar_ws/install/champ_description:/home/yahboom/yahboomcar_ws/install/champ_config:/home/yahboom/yahboomcar_ws/install/champ:/home/yahboom/ros2_ws/install/your_planner:/home/yahboom/ros2_ws/install/champ_description VIRTUAL_ENV_PROMPT=(.venv) /usr/bin/cmake --build /home/yahboom/swerve_bringup/build/swerve_bringup -- -j16 -l16
[0.354s] [  3%] Built target swerve_bringup__cpp
[0.606s] [  6%] Built target ament_cmake_python_symlink_swerve_bringup
[0.703s] Consolidate compiler generated dependencies of target swerve_bringup__rosidl_typesupport_introspection_cpp
[0.818s] [ 16%] Built target swerve_bringup__rosidl_typesupport_introspection_cpp
[2.329s] running egg_info
[2.329s] writing swerve_bringup.egg-info/PKG-INFO
[2.332s] writing dependency_links to swerve_bringup.egg-info/dependency_links.txt
[2.333s] writing top-level names to swerve_bringup.egg-info/top_level.txt
[2.351s] reading manifest file 'swerve_bringup.egg-info/SOURCES.txt'
[2.358s] writing manifest file 'swerve_bringup.egg-info/SOURCES.txt'
[2.500s] [ 25%] Built target ament_cmake_python_build_swerve_bringup_egg
[2.591s] Consolidate compiler generated dependencies of target swerve_bringup__rosidl_typesupport_fastrtps_cpp
[2.676s] [ 35%] Built target swerve_bringup__rosidl_typesupport_fastrtps_cpp
[2.756s] Consolidate compiler generated dependencies of target swerve_bringup__rosidl_typesupport_cpp
[2.838s] [ 45%] Built target swerve_bringup__rosidl_typesupport_cpp
[2.909s] Consolidate compiler generated dependencies of target swerve_bringup__rosidl_generator_c
[3.000s] [ 54%] Built target swerve_bringup__rosidl_generator_c
[3.111s] Consolidate compiler generated dependencies of target swerve_bringup__rosidl_typesupport_fastrtps_c
[3.226s] [ 67%] Built target swerve_bringup__rosidl_typesupport_fastrtps_c
[3.351s] Consolidate compiler generated dependencies of target swerve_bringup__rosidl_typesupport_c
[3.389s] [ 67%] Built target swerve_bringup__rosidl_typesupport_c
[3.497s] Consolidate compiler generated dependencies of target swerve_bringup__rosidl_typesupport_introspection_c
[3.606s] [ 70%] Linking C shared library libswerve_bringup__rosidl_typesupport_introspection_c.so
[3.791s] [ 70%] Built target swerve_bringup__rosidl_typesupport_introspection_c
[3.955s] [ 70%] Built target swerve_bringup
[4.092s] [ 74%] Generating Python code for ROS interfaces
[7.607s] [ 77%] Built target swerve_bringup__py
[7.836s] [ 77%] Building C object CMakeFiles/swerve_bringup__rosidl_generator_py.dir/rosidl_generator_py/swerve_bringup/action/_go_to_tag_s.c.o
[9.314s] [ 80%] Linking C shared library rosidl_generator_py/swerve_bringup/libswerve_bringup__rosidl_generator_py.so
[9.590s] [ 80%] Built target swerve_bringup__rosidl_generator_py
[9.738s] [ 83%] Building C object CMakeFiles/swerve_bringup__rosidl_typesupport_fastrtps_c__pyext.dir/rosidl_generator_py/swerve_bringup/_swerve_bringup_s.ep.rosidl_typesupport_fastrtps_c.c.o
[10.312s] [ 87%] Linking C shared library rosidl_generator_py/swerve_bringup/swerve_bringup_s__rosidl_typesupport_fastrtps_c.cpython-310-x86_64-linux-gnu.so
[10.575s] [ 87%] Built target swerve_bringup__rosidl_typesupport_fastrtps_c__pyext
[10.699s] [ 90%] Building C object CMakeFiles/swerve_bringup__rosidl_typesupport_c__pyext.dir/rosidl_generator_py/swerve_bringup/_swerve_bringup_s.ep.rosidl_typesupport_c.c.o
[11.350s] [ 93%] Linking C shared library rosidl_generator_py/swerve_bringup/swerve_bringup_s__rosidl_typesupport_c.cpython-310-x86_64-linux-gnu.so
[11.598s] [ 96%] Built target swerve_bringup__rosidl_typesupport_c__pyext
[11.775s] [ 96%] Building C object CMakeFiles/swerve_bringup__rosidl_typesupport_introspection_c__pyext.dir/rosidl_generator_py/swerve_bringup/_swerve_bringup_s.ep.rosidl_typesupport_introspection_c.c.o
[12.553s] [100%] Linking C shared library rosidl_generator_py/swerve_bringup/swerve_bringup_s__rosidl_typesupport_introspection_c.cpython-310-x86_64-linux-gnu.so
[12.799s] [100%] Built target swerve_bringup__rosidl_typesupport_introspection_c__pyext
[12.880s] Invoked command in '/home/yahboom/swerve_bringup/build/swerve_bringup' returned '0': CMAKE_PREFIX_PATH=/home/yahboom/cartoros2/install/yahboom_web_savmap_interfaces:/home/yahboom/cartoros2/install/yahboom_qrcode:/home/yahboom/cartoros2/install/yahboom_point:/home/yahboom/cartoros2/install/yahboom_nav2_send_goal:/home/yahboom/cartoros2/install/yahboom_msgs:/home/yahboom/cartoros2/install/yahboom_config:/home/yahboom/cartoros2/install/yahboom_color_identify_interfaces:/home/yahboom/cartoros2/install/yahboom_attitude_record_interfaces:/home/yahboom/cartoros2/install/turtlebot3_description:/home/yahboom/cartoros2/install/robot_pose_publisher_ros2:/home/yahboom/cartoros2/install/rf2o_laser_odometry:/home/yahboom/cartoros2/install/nav2_system_tests:/home/yahboom/cartoros2/install/nav2_bringup:/home/yahboom/cartoros2/install/navigation2:/home/yahboom/cartoros2/install/nav2_smoother:/home/yahboom/cartoros2/install/nav2_graceful_controller:/home/yahboom/cartoros2/install/nav2_dwb_controller:/home/yahboom/cartoros2/install/nav2_controller:/home/yahboom/cartoros2/install/dwb_plugins:/home/yahboom/cartoros2/install/dwb_critics:/home/yahboom/cartoros2/install/dwb_core:/home/yahboom/cartoros2/install/nav_2d_utils:/home/yahboom/cartoros2/install/dwb_msgs:/home/yahboom/cartoros2/install/nav_2d_msgs:/home/yahboom/cartoros2/install/nav2_waypoint_follower:/home/yahboom/cartoros2/install/nav2_theta_star_planner:/home/yahboom/cartoros2/install/nav2_smac_planner:/home/yahboom/cartoros2/install/nav2_rotation_shim_controller:/home/yahboom/cartoros2/install/nav2_regulated_pure_pursuit_controller:/home/yahboom/cartoros2/install/nav2_planner:/home/yahboom/cartoros2/install/nav2_navfn_planner:/home/yahboom/cartoros2/install/nav2_mppi_controller:/home/yahboom/cartoros2/install/nav2_constrained_smoother:/home/yahboom/cartoros2/install/nav2_bt_navigator:/home/yahboom/cartoros2/install/nav2_behaviors:/home/yahboom/cartoros2/install/nav2_core:/home/yahboom/cartoros2/install/nav2_collision_monitor:/home/yahboom/cartoros2/install/costmap_queue:/home/yahboom/cartoros2/install/nav2_costmap_2d:/home/yahboom/cartoros2/install/nav2_voxel_grid:/home/yahboom/cartoros2/install/nav2_velocity_smoother:/home/yahboom/cartoros2/install/nav2_rviz_plugins:/home/yahboom/cartoros2/install/nav2_map_server:/home/yahboom/cartoros2/install/nav2_lifecycle_manager:/home/yahboom/cartoros2/install/nav2_behavior_tree:/home/yahboom/cartoros2/install/nav2_amcl:/home/yahboom/cartoros2/install/nav2_util:/home/yahboom/cartoros2/install/nav2_msgs:/home/yahboom/cartoros2/install/nav2_common:/home/yahboom/cartoros2/install/image_color_lab:/home/yahboom/cartoros2/install/dynamixel_sdk_examples:/home/yahboom/cartoros2/install/dynamixel_sdk_custom_interfaces:/home/yahboom/cartoros2/install/dynamixel_sdk:/home/yahboom/cartoros2/install/csm:/home/yahboom/cartoros2/install/champ_msgs:/home/yahboom/cartoros2/install/champ:/home/yahboom/cartoros2/install/cartographer_ros_msgs:/home/yahboom/cartoros2/install/cartographer:/home/yahboom/yahboomcar_ws/install/yahboom_dog_node:/home/yahboom/yahboomcar_ws/install/yahboom_dog_navigation2:/home/yahboom/yahboomcar_ws/install/yahboom_dog_nav:/home/yahboom/yahboomcar_ws/install/yahboom_dog_msgs:/home/yahboom/yahboomcar_ws/install/yahboom_dog_cartographer:/home/yahboom/yahboomcar_ws/install/yahboom_dog:/home/yahboom/yahboomcar_ws/install/yahboom_dog_bringup:/home/yahboom/yahboomcar_ws/install/dynamixel_sdk_examples:/home/yahboom/yahboomcar_ws/install/dynamixel_sdk_custom_interfaces:/home/yahboom/yahboomcar_ws/install/dynamixel_sdk:/home/yahboom/yahboomcar_ws/install/champ_navigation:/home/yahboom/yahboomcar_ws/install/champ_msgs:/home/yahboom/cartoros2/install/yahboomcar_nav:/home/yahboom/cartoros2/install/yahboomcar_ctrl:/home/yahboom/cartoros2/install/yahboom_visual:/home/yahboom/cartoros2/install/yahboom_dog_joint_state:/home/yahboom/cartoros2/install/yahboom_description:/home/yahboom/cartoros2/install/yahboom_color_identify_server:/home/yahboom/cartoros2/install/yahboom_bringup:/home/yahboom/cartoros2/install/yahboom_base:/home/yahboom/cartoros2/install/yahboom_app_save_map:/home/yahboom/cartoros2/install/update_map:/home/yahboom/cartoros2/install/rosboard:/home/yahboom/cartoros2/install/path_planner_server:/home/yahboom/cartoros2/install/nav2_simple_commander:/home/yahboom/cartoros2/install/nav2_gazebo_spawner:/home/yahboom/cartoros2/install/localization_server:/home/yahboom/cartoros2/install/laserscan_to_point_pulisher:/home/yahboom/cartoros2/install/dogzilla_sim:/home/yahboom/yahboomcar_ws/install/yahboom_dog_example:/home/yahboom/ros2_ws/install/tb3_slam_viewer:/opt/ros/humble:/home/yahboom/yahboomcar_ws/install/champ_gazebo:/home/yahboom/yahboomcar_ws/install/champ_bringup:/home/yahboom/yahboomcar_ws/install/champ_description:/home/yahboom/yahboomcar_ws/install/champ_config:/home/yahboom/yahboomcar_ws/install/champ:/home/yahboom/ros2_ws/install/your_planner:/home/yahboom/ros2_ws/install/champ_description VIRTUAL_ENV_PROMPT=(.venv) /usr/bin/cmake --build /home/yahboom/swerve_bringup/build/swerve_bringup -- -j16 -l16
[12.940s] Invoking command in '/home/yahboom/swerve_bringup/build/swerve_bringup': CMAKE_PREFIX_PATH=/home/yahboom/cartoros2/install/yahboom_web_savmap_interfaces:/home/yahboom/cartoros2/install/yahboom_qrcode:/home/yahboom/cartoros2/install/yahboom_point:/home/yahboom/cartoros2/install/yahboom_nav2_send_goal:/home/yahboom/cartoros2/install/yahboom_msgs:/home/yahboom/cartoros2/install/yahboom_config:/home/yahboom/cartoros2/install/yahboom_color_identify_interfaces:/home/yahboom/cartoros2/install/yahboom_attitude_record_interfaces:/home/yahboom/cartoros2/install/turtlebot3_description:/home/yahboom/cartoros2/install/robot_pose_publisher_ros2:/home/yahboom/cartoros2/install/rf2o_laser_odometry:/home/yahboom/cartoros2/install/nav2_system_tests:/home/yahboom/cartoros2/install/nav2_bringup:/home/yahboom/cartoros2/install/navigation2:/home/yahboom/cartoros2/install/nav2_smoother:/home/yahboom/cartoros2/install/nav2_graceful_controller:/home/yahboom/cartoros2/install/nav2_dwb_controller:/home/yahboom/cartoros2/install/nav2_controller:/home/yahboom/cartoros2/install/dwb_plugins:/home/yahboom/cartoros2/install/dwb_critics:/home/yahboom/cartoros2/install/dwb_core:/home/yahboom/cartoros2/install/nav_2d_utils:/home/yahboom/cartoros2/install/dwb_msgs:/home/yahboom/cartoros2/install/nav_2d_msgs:/home/yahboom/cartoros2/install/nav2_waypoint_follower:/home/yahboom/cartoros2/install/nav2_theta_star_planner:/home/yahboom/cartoros2/install/nav2_smac_planner:/home/yahboom/cartoros2/install/nav2_rotation_shim_controller:/home/yahboom/cartoros2/install/nav2_regulated_pure_pursuit_controller:/home/yahboom/cartoros2/install/nav2_planner:/home/yahboom/cartoros2/install/nav2_navfn_planner:/home/yahboom/cartoros2/install/nav2_mppi_controller:/home/yahboom/cartoros2/install/nav2_constrained_smoother:/home/yahboom/cartoros2/install/nav2_bt_navigator:/home/yahboom/cartoros2/install/nav2_behaviors:/home/yahboom/cartoros2/install/nav2_core:/home/yahboom/cartoros2/install/nav2_collision_monitor:/home/yahboom/cartoros2/install/costmap_queue:/home/yahboom/cartoros2/install/nav2_costmap_2d:/home/yahboom/cartoros2/install/nav2_voxel_grid:/home/yahboom/cartoros2/install/nav2_velocity_smoother:/home/yahboom/cartoros2/install/nav2_rviz_plugins:/home/yahboom/cartoros2/install/nav2_map_server:/home/yahboom/cartoros2/install/nav2_lifecycle_manager:/home/yahboom/cartoros2/install/nav2_behavior_tree:/home/yahboom/cartoros2/install/nav2_amcl:/home/yahboom/cartoros2/install/nav2_util:/home/yahboom/cartoros2/install/nav2_msgs:/home/yahboom/cartoros2/install/nav2_common:/home/yahboom/cartoros2/install/image_color_lab:/home/yahboom/cartoros2/install/dynamixel_sdk_examples:/home/yahboom/cartoros2/install/dynamixel_sdk_custom_interfaces:/home/yahboom/cartoros2/install/dynamixel_sdk:/home/yahboom/cartoros2/install/csm:/home/yahboom/cartoros2/install/champ_msgs:/home/yahboom/cartoros2/install/champ:/home/yahboom/cartoros2/install/cartographer_ros_msgs:/home/yahboom/cartoros2/install/cartographer:/home/yahboom/yahboomcar_ws/install/yahboom_dog_node:/home/yahboom/yahboomcar_ws/install/yahboom_dog_navigation2:/home/yahboom/yahboomcar_ws/install/yahboom_dog_nav:/home/yahboom/yahboomcar_ws/install/yahboom_dog_msgs:/home/yahboom/yahboomcar_ws/install/yahboom_dog_cartographer:/home/yahboom/yahboomcar_ws/install/yahboom_dog:/home/yahboom/yahboomcar_ws/install/yahboom_dog_bringup:/home/yahboom/yahboomcar_ws/install/dynamixel_sdk_examples:/home/yahboom/yahboomcar_ws/install/dynamixel_sdk_custom_interfaces:/home/yahboom/yahboomcar_ws/install/dynamixel_sdk:/home/yahboom/yahboomcar_ws/install/champ_navigation:/home/yahboom/yahboomcar_ws/install/champ_msgs:/home/yahboom/cartoros2/install/yahboomcar_nav:/home/yahboom/cartoros2/install/yahboomcar_ctrl:/home/yahboom/cartoros2/install/yahboom_visual:/home/yahboom/cartoros2/install/yahboom_dog_joint_state:/home/yahboom/cartoros2/install/yahboom_description:/home/yahboom/cartoros2/install/yahboom_color_identify_server:/home/yahboom/cartoros2/install/yahboom_bringup:/home/yahboom/cartoros2/install/yahboom_base:/home/yahboom/cartoros2/install/yahboom_app_save_map:/home/yahboom/cartoros2/install/update_map:/home/yahboom/cartoros2/install/rosboard:/home/yahboom/cartoros2/install/path_planner_server:/home/yahboom/cartoros2/install/nav2_simple_commander:/home/yahboom/cartoros2/install/nav2_gazebo_spawner:/home/yahboom/cartoros2/install/localization_server:/home/yahboom/cartoros2/install/laserscan_to_point_pulisher:/home/yahboom/cartoros2/install/dogzilla_sim:/home/yahboom/yahboomcar_ws/install/yahboom_dog_example:/home/yahboom/ros2_ws/install/tb3_slam_viewer:/opt/ros/humble:/home/yahboom/yahboomcar_ws/install/champ_gazebo:/home/yahboom/yahboomcar_ws/install/champ_bringup:/home/yahboom/yahboomcar_ws/install/champ_description:/home/yahboom/yahboomcar_ws/install/champ_config:/home/yahboom/yahboomcar_ws/install/champ:/home/yahboom/ros2_ws/install/your_planner:/home/yahboom/ros2_ws/install/champ_description VIRTUAL_ENV_PROMPT=(.venv) /usr/bin/cmake --install /home/yahboom/swerve_bringup/build/swerve_bringup
[13.003s] -- Install configuration: ""
[13.003s] -- Execute custom install script
[13.003s] -- Symlinking: /home/yahboom/swerve_bringup/install/swerve_bringup/share/ament_index/resource_index/rosidl_interfaces/swerve_bringup
[13.064s] -- Symlinking: /home/yahboom/swerve_bringup/install/swerve_bringup/include/swerve_bringup/swerve_bringup/action/detail/go_to_tag__functions.h
[13.134s] -- Symlinking: /home/yahboom/swerve_bringup/install/swerve_bringup/include/swerve_bringup/swerve_bringup/action/detail/go_to_tag__struct.h
[13.183s] -- Symlinking: /home/yahboom/swerve_bringup/install/swerve_bringup/include/swerve_bringup/swerve_bringup/action/detail/go_to_tag__type_support.h
[13.263s] -- Symlinking: /home/yahboom/swerve_bringup/install/swerve_bringup/include/swerve_bringup/swerve_bringup/action/go_to_tag.h
[13.319s] -- Symlinking: /home/yahboom/swerve_bringup/install/swerve_bringup/include/swerve_bringup/swerve_bringup/msg/rosidl_generator_c__visibility_control.h
[13.385s] -- Symlinking: /home/yahboom/swerve_bringup/install/swerve_bringup/share/swerve_bringup/environment/library_path.sh
[13.462s] -- Symlinking: /home/yahboom/swerve_bringup/install/swerve_bringup/share/swerve_bringup/environment/library_path.dsv
[13.566s] -- Up-to-date symlink: /home/yahboom/swerve_bringup/install/swerve_bringup/include/swerve_bringup/swerve_bringup/action/detail/go_to_tag__rosidl_typesupport_fastrtps_c.h
[13.566s] -- Symlinking: /home/yahboom/swerve_bringup/install/swerve_bringup/include/swerve_bringup/swerve_bringup/msg/rosidl_typesupport_fastrtps_c__visibility_control.h
[13.627s] -- Symlinking: /home/yahboom/swerve_bringup/install/swerve_bringup/include/swerve_bringup/swerve_bringup/action/detail/go_to_tag__rosidl_typesupport_introspection_c.h
[13.662s] -- Symlinking: /home/yahboom/swerve_bringup/install/swerve_bringup/include/swerve_bringup/swerve_bringup/msg/rosidl_typesupport_introspection_c__visibility_control.h
[13.714s] -- Symlinking: /home/yahboom/swerve_bringup/install/swerve_bringup/include/swerve_bringup/swerve_bringup/action/detail/go_to_tag__builder.hpp
[13.760s] -- Symlinking: /home/yahboom/swerve_bringup/install/swerve_bringup/include/swerve_bringup/swerve_bringup/action/detail/go_to_tag__struct.hpp
[13.807s] -- Symlinking: /home/yahboom/swerve_bringup/install/swerve_bringup/include/swerve_bringup/swerve_bringup/action/detail/go_to_tag__traits.hpp
[13.821s] -- Symlinking: /home/yahboom/swerve_bringup/install/swerve_bringup/include/swerve_bringup/swerve_bringup/action/detail/go_to_tag__type_support.hpp
[13.879s] -- Symlinking: /home/yahboom/swerve_bringup/install/swerve_bringup/include/swerve_bringup/swerve_bringup/action/go_to_tag.hpp
[13.929s] -- Symlinking: /home/yahboom/swerve_bringup/install/swerve_bringup/include/swerve_bringup/swerve_bringup/msg/rosidl_generator_cpp__visibility_control.hpp
[13.975s] -- Symlinking: /home/yahboom/swerve_bringup/install/swerve_bringup/include/swerve_bringup/swerve_bringup/action/detail/go_to_tag__rosidl_typesupport_fastrtps_cpp.hpp
[14.030s] -- Symlinking: /home/yahboom/swerve_bringup/install/swerve_bringup/include/swerve_bringup/swerve_bringup/msg/rosidl_typesupport_fastrtps_cpp__visibility_control.h
[14.085s] -- Symlinking: /home/yahboom/swerve_bringup/install/swerve_bringup/include/swerve_bringup/swerve_bringup/action/detail/go_to_tag__rosidl_typesupport_introspection_cpp.hpp
[14.144s] -- Symlinking: /home/yahboom/swerve_bringup/install/swerve_bringup/share/swerve_bringup/environment/pythonpath.sh
[14.198s] -- Symlinking: /home/yahboom/swerve_bringup/install/swerve_bringup/share/swerve_bringup/environment/pythonpath.dsv
[14.258s] -- Up-to-date symlink: /home/yahboom/swerve_bringup/install/swerve_bringup/lib/python3.10/site-packages/swerve_bringup-0.1.0-py3.10.egg-info/PKG-INFO
[14.259s] -- Symlinking: /home/yahboom/swerve_bringup/install/swerve_bringup/lib/python3.10/site-packages/swerve_bringup-0.1.0-py3.10.egg-info/SOURCES.txt
[14.317s] -- Symlinking: /home/yahboom/swerve_bringup/install/swerve_bringup/lib/python3.10/site-packages/swerve_bringup-0.1.0-py3.10.egg-info/dependency_links.txt
[14.381s] -- Symlinking: /home/yahboom/swerve_bringup/install/swerve_bringup/lib/python3.10/site-packages/swerve_bringup-0.1.0-py3.10.egg-info/top_level.txt
[14.408s] -- Symlinking: /home/yahboom/swerve_bringup/install/swerve_bringup/lib/python3.10/site-packages/swerve_bringup/__init__.py
[14.466s] -- Symlinking: /home/yahboom/swerve_bringup/install/swerve_bringup/lib/python3.10/site-packages/swerve_bringup/_swerve_bringup_s.ep.rosidl_typesupport_c.c
[14.518s] -- Symlinking: /home/yahboom/swerve_bringup/install/swerve_bringup/lib/python3.10/site-packages/swerve_bringup/_swerve_bringup_s.ep.rosidl_typesupport_fastrtps_c.c
[14.592s] -- Symlinking: /home/yahboom/swerve_bringup/install/swerve_bringup/lib/python3.10/site-packages/swerve_bringup/_swerve_bringup_s.ep.rosidl_typesupport_introspection_c.c
[14.665s] -- Up-to-date symlink: /home/yahboom/swerve_bringup/install/swerve_bringup/lib/python3.10/site-packages/swerve_bringup/action/__init__.py
[14.665s] -- Symlinking: /home/yahboom/swerve_bringup/install/swerve_bringup/lib/python3.10/site-packages/swerve_bringup/action/_go_to_tag.py
[14.754s] -- Symlinking: /home/yahboom/swerve_bringup/install/swerve_bringup/lib/python3.10/site-packages/swerve_bringup/action/_go_to_tag_s.c
[14.837s] -- Symlinking: /home/yahboom/swerve_bringup/install/swerve_bringup/lib/python3.10/site-packages/swerve_bringup/libswerve_bringup__rosidl_generator_py.so
[14.910s] -- Symlinking: /home/yahboom/swerve_bringup/install/swerve_bringup/lib/python3.10/site-packages/swerve_bringup/swerve_bringup_s__rosidl_typesupport_c.cpython-310-x86_64-linux-gnu.so
[15.048s] -- Symlinking: /home/yahboom/swerve_bringup/install/swerve_bringup/lib/python3.10/site-packages/swerve_bringup/swerve_bringup_s__rosidl_typesupport_fastrtps_c.cpython-310-x86_64-linux-gnu.so
[15.180s] -- Up-to-date symlink: /home/yahboom/swerve_bringup/install/swerve_bringup/lib/python3.10/site-packages/swerve_bringup/swerve_bringup_s__rosidl_typesupport_introspection_c.cpython-310-x86_64-linux-gnu.so
[15.189s] -- Up-to-date symlink: /home/yahboom/swerve_bringup/install/swerve_bringup/lib/python3.10/site-packages/swerve_bringup/swerve_bringup_s__rosidl_typesupport_fastrtps_c.cpython-310-x86_64-linux-gnu.so
[15.189s] -- Up-to-date symlink: /home/yahboom/swerve_bringup/install/swerve_bringup/lib/python3.10/site-packages/swerve_bringup/swerve_bringup_s__rosidl_typesupport_introspection_c.cpython-310-x86_64-linux-gnu.so
[15.189s] -- Up-to-date symlink: /home/yahboom/swerve_bringup/install/swerve_bringup/lib/python3.10/site-packages/swerve_bringup/swerve_bringup_s__rosidl_typesupport_c.cpython-310-x86_64-linux-gnu.so
[15.189s] -- Symlinking: /home/yahboom/swerve_bringup/install/swerve_bringup/share/swerve_bringup/action/GoToTag.idl
[15.317s] -- Up-to-date symlink: /home/yahboom/swerve_bringup/install/swerve_bringup/share/swerve_bringup/action/GoToTag.action
[15.325s] -- Up-to-date symlink: /home/yahboom/swerve_bringup/install/swerve_bringup/share/swerve_bringup/urdf/swerve_base.urdf
[15.325s] -- Up-to-date symlink: /home/yahboom/swerve_bringup/install/swerve_bringup/share/swerve_bringup/meshes/base_frame.stl
[15.325s] -- Up-to-date symlink: /home/yahboom/swerve_bringup/install/swerve_bringup/share/swerve_bringup/meshes/steer_front_housing_v2.stl
[15.325s] -- Up-to-date symlink: /home/yahboom/swerve_bringup/install/swerve_bringup/share/swerve_bringup/meshes/steer_front_wheel_v2.stl
[15.325s] -- Up-to-date symlink: /home/yahboom/swerve_bringup/install/swerve_bringup/share/swerve_bringup/meshes/steer_rear_housing_v2.stl
[15.326s] -- Up-to-date symlink: /home/yahboom/swerve_bringup/install/swerve_bringup/share/swerve_bringup/meshes/steer_rear_wheel_v2.stl
[15.326s] -- Up-to-date symlink: /home/yahboom/swerve_bringup/install/swerve_bringup/share/swerve_bringup/launch/__pycache__/display.launch.cpython-310.pyc
[15.326s] -- Symlinking: /home/yahboom/swerve_bringup/install/swerve_bringup/share/swerve_bringup/launch/__pycache__/gazebo.launch.cpython-310.pyc
[15.424s] -- Up-to-date symlink: /home/yahboom/swerve_bringup/install/swerve_bringup/share/swerve_bringup/launch/__pycache__/slam.launch.cpython-310.pyc
[15.425s] -- Up-to-date symlink: /home/yahboom/swerve_bringup/install/swerve_bringup/share/swerve_bringup/launch/__pycache__/system.launch.cpython-310.pyc
[15.425s] -- Up-to-date symlink: /home/yahboom/swerve_bringup/install/swerve_bringup/share/swerve_bringup/launch/__pycache__/v30e_sim.launch.cpython-310.pyc
[15.425s] -- Up-to-date symlink: /home/yahboom/swerve_bringup/install/swerve_bringup/share/swerve_bringup/launch/display.launch.py
[15.425s] -- Up-to-date symlink: /home/yahboom/swerve_bringup/install/swerve_bringup/share/swerve_bringup/launch/gazebo.launch.py
[15.425s] -- Up-to-date symlink: /home/yahboom/swerve_bringup/install/swerve_bringup/share/swerve_bringup/launch/gazebo.launch.py.bak
[15.425s] -- Up-to-date symlink: /home/yahboom/swerve_bringup/install/swerve_bringup/share/swerve_bringup/launch/slam.launch.py
[15.425s] -- Up-to-date symlink: /home/yahboom/swerve_bringup/install/swerve_bringup/share/swerve_bringup/launch/system.launch.py
[15.425s] -- Up-to-date symlink: /home/yahboom/swerve_bringup/install/swerve_bringup/share/swerve_bringup/launch/v30e_sim.launch.py
[15.425s] -- Up-to-date symlink: /home/yahboom/swerve_bringup/install/swerve_bringup/share/swerve_bringup/rviz/swerve.rviz
[15.425s] -- Up-to-date symlink: /home/yahboom/swerve_bringup/install/swerve_bringup/share/swerve_bringup/worlds/test.world
[15.425s] -- Up-to-date symlink: /home/yahboom/swerve_bringup/install/swerve_bringup/share/swerve_bringup/worlds/warehouse.world
[15.426s] -- Up-to-date symlink: /home/yahboom/swerve_bringup/install/swerve_bringup/share/swerve_bringup/config/caster_geometry.yaml
[15.426s] -- Up-to-date symlink: /home/yahboom/swerve_bringup/install/swerve_bringup/share/swerve_bringup/config/caster_trail_sweep_test_only.yaml
[15.449s] -- Up-to-date symlink: /home/yahboom/swerve_bringup/install/swerve_bringup/share/swerve_bringup/config/controllers.yaml
[15.449s] -- Up-to-date symlink: /home/yahboom/swerve_bringup/install/swerve_bringup/share/swerve_bringup/config/datamatrix_map.yaml
[15.449s] -- Up-to-date symlink: /home/yahboom/swerve_bringup/install/swerve_bringup/share/swerve_bringup/config/ekf.yaml
[15.449s] -- Up-to-date symlink: /home/yahboom/swerve_bringup/install/swerve_bringup/share/swerve_bringup/config/imu.yaml
[15.449s] -- Up-to-date symlink: /home/yahboom/swerve_bringup/install/swerve_bringup/share/swerve_bringup/config/lidar.yaml
[15.449s] -- Up-to-date symlink: /home/yahboom/swerve_bringup/install/swerve_bringup/share/swerve_bringup/config/lidar_preprocessing.yaml
[15.450s] -- Up-to-date symlink: /home/yahboom/swerve_bringup/install/swerve_bringup/share/swerve_bringup/config/pointcloud_to_laserscan.yaml
[15.450s] -- Up-to-date symlink: /home/yahboom/swerve_bringup/install/swerve_bringup/share/swerve_bringup/config/sim_real_interface.yaml
[15.450s] -- Up-to-date symlink: /home/yahboom/swerve_bringup/install/swerve_bringup/share/swerve_bringup/config/slam_toolbox.yaml
[15.450s] -- Up-to-date symlink: /home/yahboom/swerve_bringup/install/swerve_bringup/share/swerve_bringup/config/swerve_controller.yaml
[15.450s] -- Up-to-date symlink: /home/yahboom/swerve_bringup/install/swerve_bringup/share/swerve_bringup/config/swerve_odometry.yaml
[15.450s] -- Symlinking: /home/yahboom/swerve_bringup/install/swerve_bringup/share/swerve_bringup/config/tag_graph.yaml
[15.498s] -- Symlinking: /home/yahboom/swerve_bringup/install/swerve_bringup/share/swerve_bringup/config/tag_navigation.yaml
[15.626s] -- Up-to-date symlink: /home/yahboom/swerve_bringup/install/swerve_bringup/share/swerve_bringup/config/v30e_localization_ekf.yaml
[15.626s] -- Up-to-date symlink: /home/yahboom/swerve_bringup/install/swerve_bringup/share/swerve_bringup/config/v30e_sim.yaml
[15.626s] -- Up-to-date symlink: /home/yahboom/swerve_bringup/install/swerve_bringup/share/swerve_bringup/models/datamatrix_marker/model.config
[15.626s] -- Up-to-date symlink: /home/yahboom/swerve_bringup/install/swerve_bringup/share/swerve_bringup/models/datamatrix_marker/model.sdf
[15.626s] -- Up-to-date symlink: /home/yahboom/swerve_bringup/install/swerve_bringup/share/swerve_bringup/swerve_navigation/config/nav2_params.yaml
[15.626s] -- Up-to-date symlink: /home/yahboom/swerve_bringup/install/swerve_bringup/share/swerve_bringup/swerve_navigation/maps/.gitkeep
[15.626s] -- Up-to-date symlink: /home/yahboom/swerve_bringup/install/swerve_bringup/share/swerve_bringup/swerve_navigation/maps/warehouse.pgm
[15.632s] -- Up-to-date symlink: /home/yahboom/swerve_bringup/install/swerve_bringup/share/swerve_bringup/swerve_navigation/maps/warehouse.yaml
[15.632s] -- Up-to-date symlink: /home/yahboom/swerve_bringup/install/swerve_bringup/share/swerve_bringup/launch/navigation.launch.py
[15.632s] -- Up-to-date symlink: /home/yahboom/swerve_bringup/install/swerve_bringup/share/ament_index/resource_index/package_run_dependencies/swerve_bringup
[15.632s] -- Up-to-date symlink: /home/yahboom/swerve_bringup/install/swerve_bringup/share/ament_index/resource_index/parent_prefix_path/swerve_bringup
[15.638s] -- Up-to-date symlink: /home/yahboom/swerve_bringup/install/swerve_bringup/share/swerve_bringup/environment/ament_prefix_path.sh
[15.638s] -- Up-to-date symlink: /home/yahboom/swerve_bringup/install/swerve_bringup/share/swerve_bringup/environment/ament_prefix_path.dsv
[15.638s] -- Up-to-date symlink: /home/yahboom/swerve_bringup/install/swerve_bringup/share/swerve_bringup/environment/path.sh
[15.638s] -- Up-to-date symlink: /home/yahboom/swerve_bringup/install/swerve_bringup/share/swerve_bringup/environment/path.dsv
[15.638s] -- Up-to-date symlink: /home/yahboom/swerve_bringup/install/swerve_bringup/share/swerve_bringup/local_setup.bash
[15.638s] -- Up-to-date symlink: /home/yahboom/swerve_bringup/install/swerve_bringup/share/swerve_bringup/local_setup.sh
[15.644s] -- Up-to-date symlink: /home/yahboom/swerve_bringup/install/swerve_bringup/share/swerve_bringup/local_setup.zsh
[15.644s] -- Up-to-date symlink: /home/yahboom/swerve_bringup/install/swerve_bringup/share/swerve_bringup/local_setup.dsv
[15.644s] -- Symlinking: /home/yahboom/swerve_bringup/install/swerve_bringup/share/swerve_bringup/package.dsv
[15.760s] -- Up-to-date symlink: /home/yahboom/swerve_bringup/install/swerve_bringup/share/ament_index/resource_index/packages/swerve_bringup
[15.760s] -- Symlinking: /home/yahboom/swerve_bringup/install/swerve_bringup/share/swerve_bringup/cmake/rosidl_cmake-extras.cmake
[15.840s] -- Symlinking: /home/yahboom/swerve_bringup/install/swerve_bringup/share/swerve_bringup/cmake/ament_cmake_export_dependencies-extras.cmake
[15.919s] -- Symlinking: /home/yahboom/swerve_bringup/install/swerve_bringup/share/swerve_bringup/cmake/ament_cmake_export_include_directories-extras.cmake
[16.042s] -- Symlinking: /home/yahboom/swerve_bringup/install/swerve_bringup/share/swerve_bringup/cmake/ament_cmake_export_libraries-extras.cmake
[16.152s] -- Symlinking: /home/yahboom/swerve_bringup/install/swerve_bringup/share/swerve_bringup/cmake/ament_cmake_export_targets-extras.cmake
[16.230s] -- Symlinking: /home/yahboom/swerve_bringup/install/swerve_bringup/share/swerve_bringup/cmake/rosidl_cmake_export_typesupport_targets-extras.cmake
[16.280s] -- Symlinking: /home/yahboom/swerve_bringup/install/swerve_bringup/share/swerve_bringup/cmake/rosidl_cmake_export_typesupport_libraries-extras.cmake
[16.361s] -- Up-to-date symlink: /home/yahboom/swerve_bringup/install/swerve_bringup/share/swerve_bringup/cmake/swerve_bringupConfig.cmake
[16.361s] -- Up-to-date symlink: /home/yahboom/swerve_bringup/install/swerve_bringup/share/swerve_bringup/cmake/swerve_bringupConfig-version.cmake
[16.362s] -- Up-to-date symlink: /home/yahboom/swerve_bringup/install/swerve_bringup/share/swerve_bringup/package.xml
[16.368s] -- Up-to-date: /home/yahboom/swerve_bringup/install/swerve_bringup/lib/libswerve_bringup__rosidl_generator_c.so
[16.368s] -- Up-to-date: /home/yahboom/swerve_bringup/install/swerve_bringup/lib/libswerve_bringup__rosidl_typesupport_fastrtps_c.so
[16.368s] -- Up-to-date: /home/yahboom/swerve_bringup/install/swerve_bringup/lib/libswerve_bringup__rosidl_typesupport_introspection_c.so
[16.368s] -- Up-to-date: /home/yahboom/swerve_bringup/install/swerve_bringup/lib/libswerve_bringup__rosidl_typesupport_c.so
[16.368s] -- Up-to-date: /home/yahboom/swerve_bringup/install/swerve_bringup/lib/libswerve_bringup__rosidl_typesupport_fastrtps_cpp.so
[16.369s] -- Up-to-date: /home/yahboom/swerve_bringup/install/swerve_bringup/lib/libswerve_bringup__rosidl_typesupport_introspection_cpp.so
[16.369s] -- Up-to-date: /home/yahboom/swerve_bringup/install/swerve_bringup/lib/libswerve_bringup__rosidl_typesupport_cpp.so
[16.676s] Listing '/home/yahboom/swerve_bringup/install/swerve_bringup/lib/python3.10/site-packages/swerve_bringup'...
[16.676s] Compiling '/home/yahboom/swerve_bringup/install/swerve_bringup/lib/python3.10/site-packages/swerve_bringup/__init__.py'...
[16.676s] Listing '/home/yahboom/swerve_bringup/install/swerve_bringup/lib/python3.10/site-packages/swerve_bringup/action'...
[16.677s] Compiling '/home/yahboom/swerve_bringup/install/swerve_bringup/lib/python3.10/site-packages/swerve_bringup/action/__init__.py'...
[16.677s] Compiling '/home/yahboom/swerve_bringup/install/swerve_bringup/lib/python3.10/site-packages/swerve_bringup/action/_go_to_tag.py'...
[16.719s] -- Installing: /home/yahboom/swerve_bringup/install/swerve_bringup/lib/libswerve_bringup__rosidl_generator_py.so
[16.719s] -- Set runtime path of "/home/yahboom/swerve_bringup/install/swerve_bringup/lib/libswerve_bringup__rosidl_generator_py.so" to ""
[16.719s] -- Up-to-date: /home/yahboom/swerve_bringup/install/swerve_bringup/lib/swerve_bringup/swerve_controller_node
[16.720s] -- Up-to-date: /home/yahboom/swerve_bringup/install/swerve_bringup/lib/swerve_bringup/swerve_odometry_node
[16.720s] -- Up-to-date: /home/yahboom/swerve_bringup/install/swerve_bringup/lib/swerve_bringup/lidar_preprocessor_node
[16.720s] -- Up-to-date: /home/yahboom/swerve_bringup/install/swerve_bringup/lib/swerve_bringup/v30e_sim_node
[16.720s] -- Installing: /home/yahboom/swerve_bringup/install/swerve_bringup/lib/swerve_bringup/tag_route_planner
[16.720s] -- Up-to-date: /home/yahboom/swerve_bringup/install/swerve_bringup/lib/swerve_bringup/test_navigation.py
[16.720s] -- Up-to-date: /home/yahboom/swerve_bringup/install/swerve_bringup/lib/swerve_bringup/accuracy_benchmark.py
[16.720s] -- Up-to-date: /home/yahboom/swerve_bringup/install/swerve_bringup/lib/swerve_bringup/navigation_readiness.py
[16.720s] -- Up-to-date: /home/yahboom/swerve_bringup/install/swerve_bringup/lib/swerve_bringup/run_acceptance.py
[16.720s] -- Up-to-date: /home/yahboom/swerve_bringup/install/swerve_bringup/lib/swerve_bringup/raw_motion.py
[16.727s] -- Up-to-date: /home/yahboom/swerve_bringup/install/swerve_bringup/lib/swerve_bringup/validate_caster_geometry.py
[16.727s] -- Up-to-date: /home/yahboom/swerve_bringup/install/swerve_bringup/lib/swerve_bringup/nav_accuracy_case.py
[16.727s] -- Up-to-date: /home/yahboom/swerve_bringup/install/swerve_bringup/lib/swerve_bringup/run_full_acceptance.py
[16.727s] -- Installing: /home/yahboom/swerve_bringup/install/swerve_bringup/share/swerve_bringup/cmake/export_swerve_bringup__rosidl_generator_cExport.cmake
[16.727s] -- Installing: /home/yahboom/swerve_bringup/install/swerve_bringup/share/swerve_bringup/cmake/export_swerve_bringup__rosidl_generator_cExport-noconfig.cmake
[16.734s] -- Installing: /home/yahboom/swerve_bringup/install/swerve_bringup/share/swerve_bringup/cmake/export_swerve_bringup__rosidl_typesupport_fastrtps_cExport.cmake
[16.744s] -- Installing: /home/yahboom/swerve_bringup/install/swerve_bringup/share/swerve_bringup/cmake/export_swerve_bringup__rosidl_typesupport_fastrtps_cExport-noconfig.cmake
[16.744s] -- Installing: /home/yahboom/swerve_bringup/install/swerve_bringup/share/swerve_bringup/cmake/swerve_bringup__rosidl_typesupport_introspection_cExport.cmake
[16.744s] -- Installing: /home/yahboom/swerve_bringup/install/swerve_bringup/share/swerve_bringup/cmake/swerve_bringup__rosidl_typesupport_introspection_cExport-noconfig.cmake
[16.744s] -- Installing: /home/yahboom/swerve_bringup/install/swerve_bringup/share/swerve_bringup/cmake/swerve_bringup__rosidl_typesupport_cExport.cmake
[16.745s] -- Installing: /home/yahboom/swerve_bringup/install/swerve_bringup/share/swerve_bringup/cmake/swerve_bringup__rosidl_typesupport_cExport-noconfig.cmake
[16.745s] -- Installing: /home/yahboom/swerve_bringup/install/swerve_bringup/share/swerve_bringup/cmake/export_swerve_bringup__rosidl_generator_cppExport.cmake
[16.745s] -- Installing: /home/yahboom/swerve_bringup/install/swerve_bringup/share/swerve_bringup/cmake/export_swerve_bringup__rosidl_typesupport_fastrtps_cppExport.cmake
[16.745s] -- Installing: /home/yahboom/swerve_bringup/install/swerve_bringup/share/swerve_bringup/cmake/export_swerve_bringup__rosidl_typesupport_fastrtps_cppExport-noconfig.cmake
[16.768s] -- Up-to-date: /home/yahboom/swerve_bringup/install/swerve_bringup/share/swerve_bringup/cmake/swerve_bringup__rosidl_typesupport_introspection_cppExport.cmake
[16.768s] -- Up-to-date: /home/yahboom/swerve_bringup/install/swerve_bringup/share/swerve_bringup/cmake/swerve_bringup__rosidl_typesupport_introspection_cppExport-noconfig.cmake
[16.768s] -- Up-to-date: /home/yahboom/swerve_bringup/install/swerve_bringup/share/swerve_bringup/cmake/swerve_bringup__rosidl_typesupport_cppExport.cmake
[16.768s] -- Installing: /home/yahboom/swerve_bringup/install/swerve_bringup/share/swerve_bringup/cmake/swerve_bringup__rosidl_typesupport_cppExport-noconfig.cmake
[16.768s] -- Installing: /home/yahboom/swerve_bringup/install/swerve_bringup/share/swerve_bringup/cmake/export_swerve_bringup__rosidl_generator_pyExport.cmake
[16.769s] -- Installing: /home/yahboom/swerve_bringup/install/swerve_bringup/share/swerve_bringup/cmake/export_swerve_bringup__rosidl_generator_pyExport-noconfig.cmake
[16.813s] Invoked command in '/home/yahboom/swerve_bringup/build/swerve_bringup' returned '0': CMAKE_PREFIX_PATH=/home/yahboom/cartoros2/install/yahboom_web_savmap_interfaces:/home/yahboom/cartoros2/install/yahboom_qrcode:/home/yahboom/cartoros2/install/yahboom_point:/home/yahboom/cartoros2/install/yahboom_nav2_send_goal:/home/yahboom/cartoros2/install/yahboom_msgs:/home/yahboom/cartoros2/install/yahboom_config:/home/yahboom/cartoros2/install/yahboom_color_identify_interfaces:/home/yahboom/cartoros2/install/yahboom_attitude_record_interfaces:/home/yahboom/cartoros2/install/turtlebot3_description:/home/yahboom/cartoros2/install/robot_pose_publisher_ros2:/home/yahboom/cartoros2/install/rf2o_laser_odometry:/home/yahboom/cartoros2/install/nav2_system_tests:/home/yahboom/cartoros2/install/nav2_bringup:/home/yahboom/cartoros2/install/navigation2:/home/yahboom/cartoros2/install/nav2_smoother:/home/yahboom/cartoros2/install/nav2_graceful_controller:/home/yahboom/cartoros2/install/nav2_dwb_controller:/home/yahboom/cartoros2/install/nav2_controller:/home/yahboom/cartoros2/install/dwb_plugins:/home/yahboom/cartoros2/install/dwb_critics:/home/yahboom/cartoros2/install/dwb_core:/home/yahboom/cartoros2/install/nav_2d_utils:/home/yahboom/cartoros2/install/dwb_msgs:/home/yahboom/cartoros2/install/nav_2d_msgs:/home/yahboom/cartoros2/install/nav2_waypoint_follower:/home/yahboom/cartoros2/install/nav2_theta_star_planner:/home/yahboom/cartoros2/install/nav2_smac_planner:/home/yahboom/cartoros2/install/nav2_rotation_shim_controller:/home/yahboom/cartoros2/install/nav2_regulated_pure_pursuit_controller:/home/yahboom/cartoros2/install/nav2_planner:/home/yahboom/cartoros2/install/nav2_navfn_planner:/home/yahboom/cartoros2/install/nav2_mppi_controller:/home/yahboom/cartoros2/install/nav2_constrained_smoother:/home/yahboom/cartoros2/install/nav2_bt_navigator:/home/yahboom/cartoros2/install/nav2_behaviors:/home/yahboom/cartoros2/install/nav2_core:/home/yahboom/cartoros2/install/nav2_collision_monitor:/home/yahboom/cartoros2/install/costmap_queue:/home/yahboom/cartoros2/install/nav2_costmap_2d:/home/yahboom/cartoros2/install/nav2_voxel_grid:/home/yahboom/cartoros2/install/nav2_velocity_smoother:/home/yahboom/cartoros2/install/nav2_rviz_plugins:/home/yahboom/cartoros2/install/nav2_map_server:/home/yahboom/cartoros2/install/nav2_lifecycle_manager:/home/yahboom/cartoros2/install/nav2_behavior_tree:/home/yahboom/cartoros2/install/nav2_amcl:/home/yahboom/cartoros2/install/nav2_util:/home/yahboom/cartoros2/install/nav2_msgs:/home/yahboom/cartoros2/install/nav2_common:/home/yahboom/cartoros2/install/image_color_lab:/home/yahboom/cartoros2/install/dynamixel_sdk_examples:/home/yahboom/cartoros2/install/dynamixel_sdk_custom_interfaces:/home/yahboom/cartoros2/install/dynamixel_sdk:/home/yahboom/cartoros2/install/csm:/home/yahboom/cartoros2/install/champ_msgs:/home/yahboom/cartoros2/install/champ:/home/yahboom/cartoros2/install/cartographer_ros_msgs:/home/yahboom/cartoros2/install/cartographer:/home/yahboom/yahboomcar_ws/install/yahboom_dog_node:/home/yahboom/yahboomcar_ws/install/yahboom_dog_navigation2:/home/yahboom/yahboomcar_ws/install/yahboom_dog_nav:/home/yahboom/yahboomcar_ws/install/yahboom_dog_msgs:/home/yahboom/yahboomcar_ws/install/yahboom_dog_cartographer:/home/yahboom/yahboomcar_ws/install/yahboom_dog:/home/yahboom/yahboomcar_ws/install/yahboom_dog_bringup:/home/yahboom/yahboomcar_ws/install/dynamixel_sdk_examples:/home/yahboom/yahboomcar_ws/install/dynamixel_sdk_custom_interfaces:/home/yahboom/yahboomcar_ws/install/dynamixel_sdk:/home/yahboom/yahboomcar_ws/install/champ_navigation:/home/yahboom/yahboomcar_ws/install/champ_msgs:/home/yahboom/cartoros2/install/yahboomcar_nav:/home/yahboom/cartoros2/install/yahboomcar_ctrl:/home/yahboom/cartoros2/install/yahboom_visual:/home/yahboom/cartoros2/install/yahboom_dog_joint_state:/home/yahboom/cartoros2/install/yahboom_description:/home/yahboom/cartoros2/install/yahboom_color_identify_server:/home/yahboom/cartoros2/install/yahboom_bringup:/home/yahboom/cartoros2/install/yahboom_base:/home/yahboom/cartoros2/install/yahboom_app_save_map:/home/yahboom/cartoros2/install/update_map:/home/yahboom/cartoros2/install/rosboard:/home/yahboom/cartoros2/install/path_planner_server:/home/yahboom/cartoros2/install/nav2_simple_commander:/home/yahboom/cartoros2/install/nav2_gazebo_spawner:/home/yahboom/cartoros2/install/localization_server:/home/yahboom/cartoros2/install/laserscan_to_point_pulisher:/home/yahboom/cartoros2/install/dogzilla_sim:/home/yahboom/yahboomcar_ws/install/yahboom_dog_example:/home/yahboom/ros2_ws/install/tb3_slam_viewer:/opt/ros/humble:/home/yahboom/yahboomcar_ws/install/champ_gazebo:/home/yahboom/yahboomcar_ws/install/champ_bringup:/home/yahboom/yahboomcar_ws/install/champ_description:/home/yahboom/yahboomcar_ws/install/champ_config:/home/yahboom/yahboomcar_ws/install/champ:/home/yahboom/ros2_ws/install/your_planner:/home/yahboom/ros2_ws/install/champ_description VIRTUAL_ENV_PROMPT=(.venv) /usr/bin/cmake --install /home/yahboom/swerve_bringup/build/swerve_bringup
