[INFO] [launch]: All log files can be found below /home/yahboom/.ros/log/2026-09-17-16-47-46-059070-yahboom-virtual-machine-149654
[INFO] [launch]: Default logging verbosity is set to INFO
[INFO] [gzserver-1]: process started with pid [149678]
[INFO] [robot_state_publisher-2]: process started with pid [149680]
[INFO] [spawn_entity.py-3]: process started with pid [149682]
[INFO] [ekf_node-4]: process started with pid [149684]
[INFO] [v30e_sim_node-5]: process started with pid [149686]
[INFO] [ekf_node-6]: process started with pid [149688]
[INFO] [map_server-7]: process started with pid [149691]
[INFO] [controller_server-8]: process started with pid [149693]
[INFO] [planner_server-9]: process started with pid [149695]
[INFO] [behavior_server-10]: process started with pid [149704]
[INFO] [bt_navigator-11]: process started with pid [149708]
[INFO] [waypoint_follower-12]: process started with pid [149718]
[INFO] [lifecycle_manager-13]: process started with pid [149727]
[INFO] [swerve_bridge_node-14]: process started with pid [149736]
[robot_state_publisher-2] [INFO] [1789634869.314716953] [robot_state_publisher]: got segment base_footprint
[robot_state_publisher-2] [INFO] [1789634869.314862173] [robot_state_publisher]: got segment base_link
[robot_state_publisher-2] [INFO] [1789634869.314877694] [robot_state_publisher]: got segment imu_link
[robot_state_publisher-2] [INFO] [1789634869.314886216] [robot_state_publisher]: got segment lidar_link
[robot_state_publisher-2] [INFO] [1789634869.314894027] [robot_state_publisher]: got segment steer_front_link
[robot_state_publisher-2] [INFO] [1789634869.314901287] [robot_state_publisher]: got segment steer_rear_link
[robot_state_publisher-2] [INFO] [1789634869.314911029] [robot_state_publisher]: got segment v30e_link
[robot_state_publisher-2] [INFO] [1789634869.314917922] [robot_state_publisher]: got segment wheel_front_drive_link
[robot_state_publisher-2] [INFO] [1789634869.314925393] [robot_state_publisher]: got segment wheel_front_left_link
[robot_state_publisher-2] [INFO] [1789634869.314932252] [robot_state_publisher]: got segment wheel_front_right_link
[robot_state_publisher-2] [INFO] [1789634869.314939598] [robot_state_publisher]: got segment wheel_rear_drive_link
[robot_state_publisher-2] [INFO] [1789634869.314946468] [robot_state_publisher]: got segment wheel_rear_left_link
[robot_state_publisher-2] [INFO] [1789634869.314953579] [robot_state_publisher]: got segment wheel_rear_right_link
[map_server-7] [INFO] [1789634869.495461489] [map_server]: 
[map_server-7] 	map_server lifecycle node launched. 
[map_server-7] 	Waiting on external lifecycle transitions to activate
[map_server-7] 	See https://design.ros2.org/articles/node_lifecycle.html for more information.
[map_server-7] [INFO] [1789634869.507192885] [map_server]: Creating
[planner_server-9] [INFO] [1789634869.530348962] [planner_server]: 
[planner_server-9] 	planner_server lifecycle node launched. 
[planner_server-9] 	Waiting on external lifecycle transitions to activate
[planner_server-9] 	See https://design.ros2.org/articles/node_lifecycle.html for more information.
[planner_server-9] [INFO] [1789634869.548912816] [planner_server]: Creating
[lifecycle_manager-13] [INFO] [1789634869.574090868] [lifecycle_manager_navigation]: Creating
[lifecycle_manager-13] [INFO] [1789634869.636280679] [lifecycle_manager_navigation]: [34m[1mCreating and initializing lifecycle service clients[0m[0m
[controller_server-8] [INFO] [1789634869.647801225] [controller_server]: 
[controller_server-8] 	controller_server lifecycle node launched. 
[controller_server-8] 	Waiting on external lifecycle transitions to activate
[controller_server-8] 	See https://design.ros2.org/articles/node_lifecycle.html for more information.
[controller_server-8] [INFO] [1789634869.663098813] [controller_server]: Creating controller server
[swerve_bridge_node-14] Traceback (most recent call last):
[swerve_bridge_node-14]   File "/home/yahboom/swerve_bringup/install/swerve_bridge/lib/swerve_bridge/swerve_bridge_node", line 33, in <module>
[swerve_bridge_node-14]     sys.exit(load_entry_point('swerve-bridge', 'console_scripts', 'swerve_bridge_node')())
[swerve_bridge_node-14]   File "/home/yahboom/swerve_bringup/install/swerve_bridge/lib/swerve_bridge/swerve_bridge_node", line 22, in importlib_load_entry_point
[swerve_bridge_node-14]     for entry_point in distribution(dist_name).entry_points
[swerve_bridge_node-14]   File "/usr/lib/python3.10/importlib/metadata/__init__.py", line 969, in distribution
[swerve_bridge_node-14]     return Distribution.from_name(distribution_name)
[swerve_bridge_node-14]   File "/usr/lib/python3.10/importlib/metadata/__init__.py", line 548, in from_name
[swerve_bridge_node-14]     raise PackageNotFoundError(name)
[swerve_bridge_node-14] importlib.metadata.PackageNotFoundError: No package metadata was found for swerve-bridge
[behavior_server-10] [INFO] [1789634869.720464866] [behavior_server]: 
[behavior_server-10] 	behavior_server lifecycle node launched. 
[behavior_server-10] 	Waiting on external lifecycle transitions to activate
[behavior_server-10] 	See https://design.ros2.org/articles/node_lifecycle.html for more information.
[ERROR] [swerve_bridge_node-14]: process has died [pid 149736, exit code 1, cmd '/home/yahboom/swerve_bringup/install/swerve_bridge/lib/swerve_bridge/swerve_bridge_node --ros-args -r __node:=swerve_bridge --params-file /home/yahboom/swerve_bringup/install/swerve_bridge/share/swerve_bridge/config/bridge.yaml --params-file /tmp/launch_params_a_jpc1l0'].
[waypoint_follower-12] [INFO] [1789634869.771332479] [waypoint_follower]: 
[waypoint_follower-12] 	waypoint_follower lifecycle node launched. 
[waypoint_follower-12] 	Waiting on external lifecycle transitions to activate
[waypoint_follower-12] 	See https://design.ros2.org/articles/node_lifecycle.html for more information.
[waypoint_follower-12] [INFO] [1789634869.771941822] [waypoint_follower]: Creating
[planner_server-9] [INFO] [1789634869.811058543] [global_costmap.global_costmap]: 
[planner_server-9] 	global_costmap lifecycle node launched. 
[planner_server-9] 	Waiting on external lifecycle transitions to activate
[planner_server-9] 	See https://design.ros2.org/articles/node_lifecycle.html for more information.
[planner_server-9] [INFO] [1789634869.816712323] [global_costmap.global_costmap]: Creating Costmap
[bt_navigator-11] [INFO] [1789634869.832406609] [bt_navigator]: 
[bt_navigator-11] 	bt_navigator lifecycle node launched. 
[bt_navigator-11] 	Waiting on external lifecycle transitions to activate
[bt_navigator-11] 	See https://design.ros2.org/articles/node_lifecycle.html for more information.
[bt_navigator-11] [INFO] [1789634869.832633144] [bt_navigator]: Creating
[controller_server-8] [INFO] [1789634869.894742292] [local_costmap.local_costmap]: 
[controller_server-8] 	local_costmap lifecycle node launched. 
[controller_server-8] 	Waiting on external lifecycle transitions to activate
[controller_server-8] 	See https://design.ros2.org/articles/node_lifecycle.html for more information.
[controller_server-8] [INFO] [1789634869.895454295] [local_costmap.local_costmap]: Creating Costmap
[lifecycle_manager-13] [INFO] [1789634869.911289041] [lifecycle_manager_navigation]: [34m[1mStarting managed nodes bringup...[0m[0m
[lifecycle_manager-13] [INFO] [1789634869.911356008] [lifecycle_manager_navigation]: [34m[1mConfiguring map_server[0m[0m
[map_server-7] [INFO] [1789634870.469842237] [map_server]: Configuring
[map_server-7] [INFO] [1789634870.469953193] [map_io]: Loading yaml file: /home/yahboom/swerve_bringup/install/swerve_bringup/share/swerve_bringup/swerve_navigation/maps/warehouse.yaml
[map_server-7] [INFO] [1789634870.470328954] [map_io]: resolution: 0.05
[map_server-7] [INFO] [1789634870.470348053] [map_io]: origin[0]: -17.2
[map_server-7] [INFO] [1789634870.470354496] [map_io]: origin[1]: -17.4
[map_server-7] [INFO] [1789634870.470359878] [map_io]: origin[2]: 0
[map_server-7] [INFO] [1789634870.470365505] [map_io]: free_thresh: 0.25
[map_server-7] [INFO] [1789634870.470371052] [map_io]: occupied_thresh: 0.65
[map_server-7] [INFO] [1789634870.470377061] [map_io]: mode: trinary
[map_server-7] [INFO] [1789634870.470382926] [map_io]: negate: 0
[map_server-7] [INFO] [1789634870.470635403] [map_io]: Loading image_file: /home/yahboom/swerve_bringup/install/swerve_bringup/share/swerve_bringup/swerve_navigation/maps/warehouse.pgm
[map_server-7] [INFO] [1789634870.561482223] [map_io]: Read map /home/yahboom/swerve_bringup/install/swerve_bringup/share/swerve_bringup/swerve_navigation/maps/warehouse.pgm: 676 X 680 map @ 0.05 m/cell
[lifecycle_manager-13] [INFO] [1789634870.590816698] [lifecycle_manager_navigation]: [34m[1mConfiguring controller_server[0m[0m
[controller_server-8] [INFO] [1789634870.593820004] [controller_server]: Configuring controller interface
[controller_server-8] [INFO] [1789634870.594808546] [controller_server]: getting goal checker plugins..
[controller_server-8] [INFO] [1789634870.594961935] [controller_server]: Controller frequency set to 10.0000Hz
[controller_server-8] [INFO] [1789634870.595016056] [local_costmap.local_costmap]: Configuring
[spawn_entity.py-3] [INFO] [1789634870.597293519] [spawn_swerve]: Spawn Entity started
[spawn_entity.py-3] [INFO] [1789634870.597991319] [spawn_swerve]: Loading entity published on topic robot_description
[spawn_entity.py-3] [INFO] [1789634870.606610494] [spawn_swerve]: Waiting for entity xml on robot_description
[controller_server-8] [INFO] [1789634870.638074489] [local_costmap.local_costmap]: Using plugin "voxel_layer"
[controller_server-8] [INFO] [1789634870.649656410] [local_costmap.local_costmap]: Subscribed to Topics: lidar3d scan
[controller_server-8] [INFO] [1789634870.688178075] [local_costmap.local_costmap]: Initialized plugin "voxel_layer"
[controller_server-8] [INFO] [1789634870.688260341] [local_costmap.local_costmap]: Using plugin "inflation_layer"
[controller_server-8] [INFO] [1789634870.704733332] [local_costmap.local_costmap]: Initialized plugin "inflation_layer"
[controller_server-8] [INFO] [1789634870.773811708] [controller_server]: Created progress_checker : progress_checker of type nav2_controller::SimpleProgressChecker
[controller_server-8] [INFO] [1789634870.778786238] [controller_server]: Created goal checker : general_goal_checker of type nav2_controller::SimpleGoalChecker
[controller_server-8] [INFO] [1789634870.786435015] [controller_server]: Controller Server has general_goal_checker  goal checkers available.
[controller_server-8] [INFO] [1789634870.792191621] [controller_server]: Created controller : FollowPath of type dwb_core::DWBLocalPlanner
[controller_server-8] [INFO] [1789634870.796513364] [controller_server]: Setting transform_tolerance to 0.200000
[spawn_entity.py-3] [INFO] [1789634871.123953709] [spawn_swerve]: Waiting for service /spawn_entity, timeout = 30
[spawn_entity.py-3] [INFO] [1789634871.124437198] [spawn_swerve]: Waiting for service /spawn_entity
[controller_server-8] [INFO] [1789634871.211670659] [controller_server]: Using critic "RotateToGoal" (dwb_critics::RotateToGoalCritic)
[controller_server-8] [INFO] [1789634871.248141402] [controller_server]: Critic plugin initialized
[controller_server-8] [INFO] [1789634871.248554193] [controller_server]: Using critic "Oscillation" (dwb_critics::OscillationCritic)
[controller_server-8] [INFO] [1789634871.248828147] [controller_server]: Critic plugin initialized
[controller_server-8] [INFO] [1789634871.248902315] [controller_server]: Using critic "BaseObstacle" (dwb_critics::BaseObstacleCritic)
[controller_server-8] [INFO] [1789634871.249006545] [controller_server]: Critic plugin initialized
[controller_server-8] [INFO] [1789634871.249069187] [controller_server]: Using critic "GoalAlign" (dwb_critics::GoalAlignCritic)
[controller_server-8] [INFO] [1789634871.272357097] [controller_server]: Critic plugin initialized
[controller_server-8] [INFO] [1789634871.278910320] [controller_server]: Using critic "PathAlign" (dwb_critics::PathAlignCritic)
[controller_server-8] [INFO] [1789634871.288212083] [controller_server]: Critic plugin initialized
[controller_server-8] [INFO] [1789634871.290065612] [controller_server]: Using critic "PathDist" (dwb_critics::PathDistCritic)
[controller_server-8] [INFO] [1789634871.294312280] [controller_server]: Critic plugin initialized
[controller_server-8] [INFO] [1789634871.300209697] [controller_server]: Using critic "GoalDist" (dwb_critics::GoalDistCritic)
[controller_server-8] [INFO] [1789634871.304102668] [controller_server]: Critic plugin initialized
[controller_server-8] [INFO] [1789634871.304174934] [controller_server]: Controller Server has FollowPath  controllers available.
[lifecycle_manager-13] [INFO] [1789634871.425034793] [lifecycle_manager_navigation]: [34m[1mConfiguring planner_server[0m[0m
[planner_server-9] [INFO] [1789634871.427402073] [planner_server]: Configuring
[planner_server-9] [INFO] [1789634871.427596658] [global_costmap.global_costmap]: Configuring
[planner_server-9] [INFO] [1789634871.485215533] [global_costmap.global_costmap]: Using plugin "static_layer"
[planner_server-9] [INFO] [1789634871.502303670] [global_costmap.global_costmap]: Subscribing to the map topic (/map) with transient local durability
[planner_server-9] [INFO] [1789634871.507266629] [global_costmap.global_costmap]: Initialized plugin "static_layer"
[planner_server-9] [INFO] [1789634871.507312095] [global_costmap.global_costmap]: Using plugin "obstacle_layer"
[planner_server-9] [INFO] [1789634871.507654575] [global_costmap.global_costmap]: Subscribed to Topics: scan
[planner_server-9] [INFO] [1789634871.530770229] [global_costmap.global_costmap]: Initialized plugin "obstacle_layer"
[planner_server-9] [INFO] [1789634871.530827743] [global_costmap.global_costmap]: Using plugin "inflation_layer"
[planner_server-9] [INFO] [1789634871.549964528] [global_costmap.global_costmap]: Initialized plugin "inflation_layer"
[v30e_sim_node-5] [INFO] [1789634871.592823425] [v30e_sim_node]: Using Gazebo /get_entity_state internally; odometry is not a V30E measurement input
[planner_server-9] [INFO] [1789634871.604770292] [planner_server]: Created global planner plugin GridBased of type nav2_navfn_planner/NavfnPlanner
[planner_server-9] [INFO] [1789634871.604823506] [planner_server]: Configuring plugin GridBased of type NavfnPlanner
[planner_server-9] [INFO] [1789634871.612637442] [planner_server]: Planner Server has GridBased  planners available.
[lifecycle_manager-13] [INFO] [1789634871.705766554] [lifecycle_manager_navigation]: [34m[1mConfiguring behavior_server[0m[0m
[behavior_server-10] [INFO] [1789634871.707286025] [behavior_server]: Configuring
[behavior_server-10] [INFO] [1789634871.772458635] [behavior_server]: Creating behavior plugin spin of type nav2_behaviors/Spin
[behavior_server-10] [INFO] [1789634871.773420542] [behavior_server]: Configuring spin
[behavior_server-10] [INFO] [1789634871.839204925] [behavior_server]: Creating behavior plugin backup of type nav2_behaviors/BackUp
[behavior_server-10] [INFO] [1789634871.840142131] [behavior_server]: Configuring backup
[behavior_server-10] [INFO] [1789634871.894906292] [behavior_server]: Creating behavior plugin drive_on_heading of type nav2_behaviors/DriveOnHeading
[behavior_server-10] [INFO] [1789634871.895777640] [behavior_server]: Configuring drive_on_heading
[behavior_server-10] [INFO] [1789634871.959555011] [behavior_server]: Creating behavior plugin wait of type nav2_behaviors/Wait
[behavior_server-10] [INFO] [1789634871.965085541] [behavior_server]: Configuring wait
[lifecycle_manager-13] [INFO] [1789634872.031073357] [lifecycle_manager_navigation]: [34m[1mConfiguring bt_navigator[0m[0m
[bt_navigator-11] [INFO] [1789634872.031658092] [bt_navigator]: Configuring
[lifecycle_manager-13] [INFO] [1789634872.383506010] [lifecycle_manager_navigation]: [34m[1mConfiguring waypoint_follower[0m[0m
[waypoint_follower-12] [INFO] [1789634872.384392030] [waypoint_follower]: Configuring
[waypoint_follower-12] [INFO] [1789634872.475915129] [waypoint_follower]: Created waypoint_task_executor : wait_at_waypoint of type nav2_waypoint_follower::WaitAtWaypoint
[waypoint_follower-12] [INFO] [1789634872.476111430] [waypoint_follower]: Waypoint pause duration is set to zero, disabling task executor plugin.
[lifecycle_manager-13] [INFO] [1789634872.481216871] [lifecycle_manager_navigation]: [34m[1mActivating map_server[0m[0m
[map_server-7] [INFO] [1789634872.481552521] [map_server]: Activating
[map_server-7] [INFO] [1789634872.482875775] [map_server]: Creating bond (map_server) to lifecycle manager.
[planner_server-9] [INFO] [1789634872.484738262] [global_costmap.global_costmap]: StaticLayer: Resizing costmap to 676 X 680 at 0.050000 m/pix
[lifecycle_manager-13] [INFO] [1789634872.602114235] [lifecycle_manager_navigation]: Server map_server connected with bond.
[lifecycle_manager-13] [INFO] [1789634872.602181065] [lifecycle_manager_navigation]: [34m[1mActivating controller_server[0m[0m
[controller_server-8] [INFO] [1789634872.602667000] [controller_server]: Activating
[controller_server-8] [INFO] [1789634872.602726114] [local_costmap.local_costmap]: Activating
[controller_server-8] [INFO] [1789634872.602744507] [local_costmap.local_costmap]: Checking transform
[controller_server-8] [INFO] [1789634872.602780309] [local_costmap.local_costmap]: Timed out waiting for transform from base_footprint to odom to become available, tf error: Invalid frame ID "odom" passed to canTransform argument target_frame - frame does not exist
[controller_server-8] [INFO] [1789634873.105589356] [local_costmap.local_costmap]: Timed out waiting for transform from base_footprint to odom to become available, tf error: Invalid frame ID "odom" passed to canTransform argument target_frame - frame does not exist
[controller_server-8] [INFO] [1789634873.602971639] [local_costmap.local_costmap]: Timed out waiting for transform from base_footprint to odom to become available, tf error: Invalid frame ID "odom" passed to canTransform argument target_frame - frame does not exist
[controller_server-8] [INFO] [1789634874.105911124] [local_costmap.local_costmap]: Timed out waiting for transform from base_footprint to odom to become available, tf error: Invalid frame ID "odom" passed to canTransform argument target_frame - frame does not exist
[controller_server-8] [INFO] [1789634874.612011359] [local_costmap.local_costmap]: Timed out waiting for transform from base_footprint to odom to become available, tf error: Invalid frame ID "odom" passed to canTransform argument target_frame - frame does not exist
[controller_server-8] [INFO] [1789634875.103461264] [local_costmap.local_costmap]: Timed out waiting for transform from base_footprint to odom to become available, tf error: Invalid frame ID "odom" passed to canTransform argument target_frame - frame does not exist
[controller_server-8] [INFO] [1789634875.603827383] [local_costmap.local_costmap]: Timed out waiting for transform from base_footprint to odom to become available, tf error: Invalid frame ID "odom" passed to canTransform argument target_frame - frame does not exist
[controller_server-8] [INFO] [1789634876.102983022] [local_costmap.local_costmap]: Timed out waiting for transform from base_footprint to odom to become available, tf error: Invalid frame ID "odom" passed to canTransform argument target_frame - frame does not exist
[controller_server-8] [INFO] [1789634876.603259854] [local_costmap.local_costmap]: Timed out waiting for transform from base_footprint to odom to become available, tf error: Invalid frame ID "odom" passed to canTransform argument target_frame - frame does not exist
[controller_server-8] [INFO] [1789634877.111294700] [local_costmap.local_costmap]: Timed out waiting for transform from base_footprint to odom to become available, tf error: Invalid frame ID "odom" passed to canTransform argument target_frame - frame does not exist
[spawn_entity.py-3] [INFO] [1789634877.516336844] [spawn_swerve]: Calling service /spawn_entity
[controller_server-8] [INFO] [1789634877.607766631] [local_costmap.local_costmap]: Timed out waiting for transform from base_footprint to odom to become available, tf error: Invalid frame ID "odom" passed to canTransform argument target_frame - frame does not exist
[gzserver-1] [INFO] [1789634877.769882941] [gazebo_ros_state]: Publishing states of gazebo models at [/model_states]
[gzserver-1] [INFO] [1789634877.790217220] [gazebo_ros_state]: Publishing states of gazebo links at [/link_states]
[controller_server-8] [INFO] [1789634878.103818097] [local_costmap.local_costmap]: Timed out waiting for transform from base_footprint to odom to become available, tf error: Invalid frame ID "odom" passed to canTransform argument target_frame - frame does not exist
[gzserver-1] [INFO] [1789634878.253769010] [imu.imu_ros]: <initial_orientation_as_reference> is unset, using default value of false to comply with REP 145 (world as orientation reference)
[controller_server-8] [INFO] [1789634878.602960590] [local_costmap.local_costmap]: Timed out waiting for transform from base_footprint to odom to become available, tf error: Invalid frame ID "odom" passed to canTransform argument target_frame - frame does not exist
[controller_server-8] [INFO] [1789634879.106991013] [local_costmap.local_costmap]: Timed out waiting for transform from base_footprint to odom to become available, tf error: Invalid frame ID "odom" passed to canTransform argument target_frame - frame does not exist
[controller_server-8] [INFO] [1789634879.604560892] [local_costmap.local_costmap]: Timed out waiting for transform from base_footprint to odom to become available, tf error: Invalid frame ID "odom" passed to canTransform argument target_frame - frame does not exist
[controller_server-8] [INFO] [1789634880.103193475] [local_costmap.local_costmap]: Timed out waiting for transform from base_footprint to odom to become available, tf error: Invalid frame ID "odom" passed to canTransform argument target_frame - frame does not exist
[controller_server-8] [INFO] [1789634880.604200949] [local_costmap.local_costmap]: Timed out waiting for transform from base_footprint to odom to become available, tf error: Invalid frame ID "odom" passed to canTransform argument target_frame - frame does not exist
[controller_server-8] [INFO] [1789634881.105611505] [local_costmap.local_costmap]: Timed out waiting for transform from base_footprint to odom to become available, tf error: Invalid frame ID "odom" passed to canTransform argument target_frame - frame does not exist
[controller_server-8] [INFO] [1789634881.606083154] [local_costmap.local_costmap]: Timed out waiting for transform from base_footprint to odom to become available, tf error: Invalid frame ID "odom" passed to canTransform argument target_frame - frame does not exist
[controller_server-8] [INFO] [1789634882.103020726] [local_costmap.local_costmap]: Timed out waiting for transform from base_footprint to odom to become available, tf error: Invalid frame ID "odom" passed to canTransform argument target_frame - frame does not exist
[controller_server-8] [INFO] [1789634882.603267554] [local_costmap.local_costmap]: Timed out waiting for transform from base_footprint to odom to become available, tf error: Invalid frame ID "odom" passed to canTransform argument target_frame - frame does not exist
[controller_server-8] [INFO] [1789634883.102932761] [local_costmap.local_costmap]: Timed out waiting for transform from base_footprint to odom to become available, tf error: Invalid frame ID "odom" passed to canTransform argument target_frame - frame does not exist
[controller_server-8] [INFO] [1789634883.610187354] [local_costmap.local_costmap]: Timed out waiting for transform from base_footprint to odom to become available, tf error: Invalid frame ID "odom" passed to canTransform argument target_frame - frame does not exist
[controller_server-8] [INFO] [1789634884.104277933] [local_costmap.local_costmap]: Timed out waiting for transform from base_footprint to odom to become available, tf error: Invalid frame ID "odom" passed to canTransform argument target_frame - frame does not exist
[controller_server-8] [INFO] [1789634884.605234174] [local_costmap.local_costmap]: Timed out waiting for transform from base_footprint to odom to become available, tf error: Invalid frame ID "odom" passed to canTransform argument target_frame - frame does not exist
[controller_server-8] [INFO] [1789634885.102864596] [local_costmap.local_costmap]: Timed out waiting for transform from base_footprint to odom to become available, tf error: Invalid frame ID "odom" passed to canTransform argument target_frame - frame does not exist
[controller_server-8] [INFO] [1789634885.603403484] [local_costmap.local_costmap]: Timed out waiting for transform from base_footprint to odom to become available, tf error: Invalid frame ID "odom" passed to canTransform argument target_frame - frame does not exist
[controller_server-8] [INFO] [1789634886.104315327] [local_costmap.local_costmap]: Timed out waiting for transform from base_footprint to odom to become available, tf error: Invalid frame ID "odom" passed to canTransform argument target_frame - frame does not exist
[controller_server-8] [INFO] [1789634886.604470352] [local_costmap.local_costmap]: Timed out waiting for transform from base_footprint to odom to become available, tf error: Invalid frame ID "odom" passed to canTransform argument target_frame - frame does not exist
[controller_server-8] [INFO] [1789634887.106248470] [local_costmap.local_costmap]: Timed out waiting for transform from base_footprint to odom to become available, tf error: Invalid frame ID "odom" passed to canTransform argument target_frame - frame does not exist
[controller_server-8] [INFO] [1789634887.604261673] [local_costmap.local_costmap]: Timed out waiting for transform from base_footprint to odom to become available, tf error: Invalid frame ID "odom" passed to canTransform argument target_frame - frame does not exist
[controller_server-8] [INFO] [1789634888.103737939] [local_costmap.local_costmap]: Timed out waiting for transform from base_footprint to odom to become available, tf error: Invalid frame ID "odom" passed to canTransform argument target_frame - frame does not exist
[controller_server-8] [INFO] [1789634888.607132494] [local_costmap.local_costmap]: Timed out waiting for transform from base_footprint to odom to become available, tf error: Invalid frame ID "odom" passed to canTransform argument target_frame - frame does not exist
[controller_server-8] [INFO] [1789634889.108582109] [local_costmap.local_costmap]: Timed out waiting for transform from base_footprint to odom to become available, tf error: Invalid frame ID "odom" passed to canTransform argument target_frame - frame does not exist
[controller_server-8] [INFO] [1789634889.604440583] [local_costmap.local_costmap]: Timed out waiting for transform from base_footprint to odom to become available, tf error: Invalid frame ID "odom" passed to canTransform argument target_frame - frame does not exist
[controller_server-8] [INFO] [1789634890.103190360] [local_costmap.local_costmap]: Timed out waiting for transform from base_footprint to odom to become available, tf error: Invalid frame ID "odom" passed to canTransform argument target_frame - frame does not exist
[controller_server-8] [INFO] [1789634890.602812662] [local_costmap.local_costmap]: Timed out waiting for transform from base_footprint to odom to become available, tf error: Invalid frame ID "odom" passed to canTransform argument target_frame - frame does not exist
[controller_server-8] [INFO] [1789634891.104486765] [local_costmap.local_costmap]: Timed out waiting for transform from base_footprint to odom to become available, tf error: Invalid frame ID "odom" passed to canTransform argument target_frame - frame does not exist
[spawn_entity.py-3] [INFO] [1789634891.507631607] [spawn_swerve]: Spawn status: SpawnEntity: Successfully spawned entity [swerve_base]
[controller_server-8] [INFO] [1789634891.604275298] [local_costmap.local_costmap]: Timed out waiting for transform from base_footprint to odom to become available, tf error: Invalid frame ID "odom" passed to canTransform argument target_frame - frame does not exist
[gzserver-1] [INFO] [1789634891.782599027] [gazebo_ros2_control]: Loading gazebo_ros2_control plugin
[INFO] [spawn_entity.py-3]: process has finished cleanly [pid 149682]
[INFO] [spawner-15]: process started with pid [150125]
[gzserver-1] [INFO] [1789634891.866366143] [gazebo_ros2_control]: Starting gazebo_ros2_control plugin in namespace: /
[gzserver-1] [INFO] [1789634891.866491891] [gazebo_ros2_control]: Starting gazebo_ros2_control plugin in ros 2 node: gazebo_ros2_control
[gzserver-1] [INFO] [1789634891.925491319] [gazebo_ros2_control]: connected to service!! robot_state_publisher
[gzserver-1] [INFO] [1789634891.928734825] [gazebo_ros2_control]: Received urdf from param server, parsing...
[gzserver-1] [INFO] [1789634891.928975689] [gazebo_ros2_control]: Loading parameter files /home/yahboom/swerve_bringup/install/swerve_bringup/share/swerve_bringup/config/controllers.yaml
[gzserver-1] [INFO] [1789634891.968490478] [gazebo_ros2_control]: Loading joint: steer_front_joint
[gzserver-1] [INFO] [1789634891.968561000] [gazebo_ros2_control]: 	State:
[gzserver-1] [INFO] [1789634891.968575260] [gazebo_ros2_control]: 		 position
[gzserver-1] [INFO] [1789634891.968586943] [gazebo_ros2_control]: 		 velocity
[gzserver-1] [INFO] [1789634891.968596421] [gazebo_ros2_control]: 	Command:
[gzserver-1] [INFO] [1789634891.968604804] [gazebo_ros2_control]: 		 position
[gzserver-1] [INFO] [1789634891.975821844] [gazebo_ros2_control]: Loading joint: steer_rear_joint
[gzserver-1] [INFO] [1789634891.975889430] [gazebo_ros2_control]: 	State:
[gzserver-1] [INFO] [1789634891.975901443] [gazebo_ros2_control]: 		 position
[gzserver-1] [INFO] [1789634891.975912467] [gazebo_ros2_control]: 		 velocity
[gzserver-1] [INFO] [1789634891.975921829] [gazebo_ros2_control]: 	Command:
[gzserver-1] [INFO] [1789634891.975930766] [gazebo_ros2_control]: 		 position
[gzserver-1] [INFO] [1789634891.976310429] [gazebo_ros2_control]: Loading joint: wheel_front_drive_joint
[gzserver-1] [INFO] [1789634891.976357415] [gazebo_ros2_control]: 	State:
[gzserver-1] [INFO] [1789634891.976371793] [gazebo_ros2_control]: 		 position
[gzserver-1] [INFO] [1789634891.976382095] [gazebo_ros2_control]: 		 velocity
[gzserver-1] [INFO] [1789634891.976391203] [gazebo_ros2_control]: 	Command:
[gzserver-1] [INFO] [1789634891.976408745] [gazebo_ros2_control]: 		 velocity
[gzserver-1] [INFO] [1789634891.982923202] [gazebo_ros2_control]: Loading joint: wheel_rear_drive_joint
[gzserver-1] [INFO] [1789634891.982962167] [gazebo_ros2_control]: 	State:
[gzserver-1] [INFO] [1789634891.982974750] [gazebo_ros2_control]: 		 position
[gzserver-1] [INFO] [1789634891.982984469] [gazebo_ros2_control]: 		 velocity
[gzserver-1] [INFO] [1789634891.982993764] [gazebo_ros2_control]: 	Command:
[gzserver-1] [INFO] [1789634891.983017952] [gazebo_ros2_control]: 		 velocity
[gzserver-1] [INFO] [1789634891.983372609] [resource_manager]: Initialize hardware 'GazeboSystem' 
[gzserver-1] [INFO] [1789634891.983632072] [resource_manager]: Successful initialization of hardware 'GazeboSystem'
[gzserver-1] [INFO] [1789634891.983787588] [resource_manager]: 'configure' hardware 'GazeboSystem' 
[gzserver-1] [INFO] [1789634891.983804667] [resource_manager]: Successful 'configure' of hardware 'GazeboSystem'
[gzserver-1] [INFO] [1789634891.983812246] [resource_manager]: 'activate' hardware 'GazeboSystem' 
[gzserver-1] [INFO] [1789634891.983819091] [resource_manager]: Successful 'activate' of hardware 'GazeboSystem'
[gzserver-1] [INFO] [1789634891.983929180] [gazebo_ros2_control]: Loading controller_manager
[controller_server-8] [INFO] [1789634892.103345438] [local_costmap.local_costmap]: Timed out waiting for transform from base_footprint to odom to become available, tf error: Invalid frame ID "odom" passed to canTransform argument target_frame - frame does not exist
[gzserver-1] [WARN] [1789634892.197860019] [gazebo_ros2_control]:  Desired controller update period (0.01 s) is slower than the gazebo simulation period (0.001 s).
[gzserver-1] [INFO] [1789634892.198122569] [gazebo_ros2_control]: Loaded gazebo_ros2_control.
[controller_server-8] [INFO] [1789634892.603271077] [local_costmap.local_costmap]: start
[controller_server-8] [INFO] [1789634892.812912019] [controller_server]: Creating bond (controller_server) to lifecycle manager.
[spawner-15] [INFO] [1789634892.951930942] [spawn_joint_state_broadcaster]: waiting for service /controller_manager/list_controllers to become available...
[lifecycle_manager-13] [INFO] [1789634892.988470737] [lifecycle_manager_navigation]: Server controller_server connected with bond.
[lifecycle_manager-13] [INFO] [1789634892.988529984] [lifecycle_manager_navigation]: [34m[1mActivating planner_server[0m[0m
[planner_server-9] [INFO] [1789634892.999863146] [planner_server]: Activating
[planner_server-9] [INFO] [1789634892.999965509] [global_costmap.global_costmap]: Activating
[planner_server-9] [INFO] [1789634892.999984394] [global_costmap.global_costmap]: Checking transform
[planner_server-9] [INFO] [1789634893.000020658] [global_costmap.global_costmap]: Timed out waiting for transform from base_footprint to map to become available, tf error: Invalid frame ID "map" passed to canTransform argument target_frame - frame does not exist
[gzserver-1] [INFO] [1789634893.232151561] [controller_manager]: Loading controller 'joint_state_broadcaster'
[spawner-15] [INFO] [1789634893.492185305] [spawn_joint_state_broadcaster]: [94mLoaded [1mjoint_state_broadcaster[0m
[planner_server-9] [INFO] [1789634893.500651953] [global_costmap.global_costmap]: start
[gzserver-1] [INFO] [1789634893.505793972] [controller_manager]: Configuring controller 'joint_state_broadcaster'
[gzserver-1] [INFO] [1789634893.506778846] [joint_state_broadcaster]: 'joints' or 'interfaces' parameter is empty. All available state interfaces will be published
[spawner-15] [INFO] [1789634893.983860926] [spawn_joint_state_broadcaster]: [92mConfigured and activated [1mjoint_state_broadcaster[0m
[planner_server-9] [INFO] [1789634894.056516216] [planner_server]: Activating plugin GridBased of type NavfnPlanner
[planner_server-9] [INFO] [1789634894.069705335] [planner_server]: Creating bond (planner_server) to lifecycle manager.
[lifecycle_manager-13] [INFO] [1789634894.202273310] [lifecycle_manager_navigation]: Server planner_server connected with bond.
[lifecycle_manager-13] [INFO] [1789634894.202363772] [lifecycle_manager_navigation]: [34m[1mActivating behavior_server[0m[0m
[behavior_server-10] [INFO] [1789634894.202791792] [behavior_server]: Activating
[behavior_server-10] [INFO] [1789634894.202836183] [behavior_server]: Activating spin
[behavior_server-10] [INFO] [1789634894.202868693] [behavior_server]: Activating backup
[behavior_server-10] [INFO] [1789634894.202888887] [behavior_server]: Activating drive_on_heading
[behavior_server-10] [INFO] [1789634894.202900109] [behavior_server]: Activating wait
[behavior_server-10] [INFO] [1789634894.202916445] [behavior_server]: Creating bond (behavior_server) to lifecycle manager.
[lifecycle_manager-13] [INFO] [1789634894.317958447] [lifecycle_manager_navigation]: Server behavior_server connected with bond.
[lifecycle_manager-13] [INFO] [1789634894.318023541] [lifecycle_manager_navigation]: [34m[1mActivating bt_navigator[0m[0m
[bt_navigator-11] [INFO] [1789634894.318801577] [bt_navigator]: Activating
[INFO] [spawner-15]: process has finished cleanly [pid 150125]
[INFO] [spawner-16]: process started with pid [150213]
[bt_navigator-11] [INFO] [1789634895.084643533] [bt_navigator]: Creating bond (bt_navigator) to lifecycle manager.
[lifecycle_manager-13] [INFO] [1789634895.222487149] [lifecycle_manager_navigation]: Server bt_navigator connected with bond.
[lifecycle_manager-13] [INFO] [1789634895.222550055] [lifecycle_manager_navigation]: [34m[1mActivating waypoint_follower[0m[0m
[waypoint_follower-12] [INFO] [1789634895.226080899] [waypoint_follower]: Activating
[waypoint_follower-12] [INFO] [1789634895.227058007] [waypoint_follower]: Creating bond (waypoint_follower) to lifecycle manager.
[lifecycle_manager-13] [INFO] [1789634895.388695342] [lifecycle_manager_navigation]: Server waypoint_follower connected with bond.
[lifecycle_manager-13] [INFO] [1789634895.388755530] [lifecycle_manager_navigation]: [34m[1mManaged nodes are active[0m[0m
[lifecycle_manager-13] [INFO] [1789634895.388770757] [lifecycle_manager_navigation]: [34m[1mCreating bond timer...[0m[0m
[gzserver-1] [INFO] [1789634896.492172550] [controller_manager]: Loading controller 'steering_controller'
[spawner-16] [INFO] [1789634896.677499936] [spawn_steering_controller]: [94mLoaded [1msteering_controller[0m
[gzserver-1] [INFO] [1789634896.699255228] [controller_manager]: Configuring controller 'steering_controller'
[gzserver-1] [INFO] [1789634896.713353392] [steering_controller]: configure successful
[gzserver-1] [INFO] [1789634897.186086660] [steering_controller]: activate successful
[spawner-16] [INFO] [1789634897.214639255] [spawn_steering_controller]: [92mConfigured and activated [1msteering_controller[0m
[INFO] [spawner-16]: process has finished cleanly [pid 150213]
[INFO] [spawner-17]: process started with pid [150231]
[spawner-17] [INFO] [1789634898.680494740] [spawn_drive_controller]: waiting for service /controller_manager/list_controllers to become available...
[gzserver-1] [INFO] [1789634901.969818499] [controller_manager]: Loading controller 'drive_controller'
[spawner-17] [INFO] [1789634902.372020072] [spawn_drive_controller]: [94mLoaded [1mdrive_controller[0m
[gzserver-1] [INFO] [1789634902.380732084] [controller_manager]: Configuring controller 'drive_controller'
[gzserver-1] [INFO] [1789634902.393822233] [drive_controller]: configure successful
[gzserver-1] [INFO] [1789634902.437719489] [drive_controller]: activate successful
[spawner-17] [INFO] [1789634902.463369241] [spawn_drive_controller]: [92mConfigured and activated [1mdrive_controller[0m
[INFO] [spawner-17]: process has finished cleanly [pid 150231]
[INFO] [swerve_controller_node-18]: process started with pid [150325]
[INFO] [swerve_odometry_node-19]: process started with pid [150327]
[swerve_controller_node-18] [INFO] [1789634904.687423317] [swerve_controller]: Swerve controller ready: radius=0.0675 m, modules={'front': (0.300042, 0.0), 'rear': (-0.300042, 0.0)}
[swerve_odometry_node-19] [INFO] [1789634904.757635975] [swerve_odometry]: Encoder odometry ready: radius=0.0637 m, velocity_sign=+1.0
[lifecycle_manager-13] [INFO] [1789634919.779365531] [rclcpp]: signal_handler(signum=2)
[bt_navigator-11] [INFO] [1789634919.781189285] [rclcpp]: signal_handler(signum=2)
[planner_server-9] [INFO] [1789634919.781253082] [rclcpp]: signal_handler(signum=2)
[WARNING] [launch]: user interrupted with ctrl-c (SIGINT)
[ekf_node-6] [INFO] [1789634919.781983925] [rclcpp]: signal_handler(signum=2)
[behavior_server-10] [INFO] [1789634919.782331322] [rclcpp]: signal_handler(signum=2)
[behavior_server-10] [INFO] [1789634919.782451950] [behavior_server]: Running Nav2 LifecycleNode rcl preshutdown (behavior_server)
[behavior_server-10] [INFO] [1789634919.782557185] [behavior_server]: Deactivating
[behavior_server-10] [INFO] [1789634919.782601643] [behavior_server]: Destroying bond (behavior_server) to lifecycle manager.
[lifecycle_manager-13] [INFO] [1789634919.782858224] [lifecycle_manager_navigation]: Running Nav2 LifecycleManager rcl preshutdown (lifecycle_manager_navigation)
[lifecycle_manager-13] [INFO] [1789634919.782931692] [lifecycle_manager_navigation]: [34m[1mTerminating bond timer...[0m[0m
[map_server-7] [INFO] [1789634919.784508323] [rclcpp]: signal_handler(signum=2)
[map_server-7] [INFO] [1789634919.784820517] [map_server]: Running Nav2 LifecycleNode rcl preshutdown (map_server)
[map_server-7] [INFO] [1789634919.784932159] [map_server]: Deactivating
[map_server-7] [INFO] [1789634919.784962340] [map_server]: Destroying bond (map_server) to lifecycle manager.
[planner_server-9] [INFO] [1789634919.784649367] [planner_server]: Running Nav2 LifecycleNode rcl preshutdown (planner_server)
[planner_server-9] [INFO] [1789634919.784742654] [planner_server]: Deactivating
[planner_server-9] [INFO] [1789634919.784785133] [global_costmap.global_costmap]: Deactivating
[waypoint_follower-12] [INFO] [1789634919.785252133] [rclcpp]: signal_handler(signum=2)
[controller_server-8] [INFO] [1789634919.785563626] [rclcpp]: signal_handler(signum=2)
[controller_server-8] [INFO] [1789634919.786653888] [controller_server]: Running Nav2 LifecycleNode rcl preshutdown (controller_server)
[bt_navigator-11] [INFO] [1789634919.787112727] [bt_navigator]: Running Nav2 LifecycleNode rcl preshutdown (bt_navigator)
[bt_navigator-11] [INFO] [1789634919.787198823] [bt_navigator]: Deactivating
[bt_navigator-11] [INFO] [1789634919.787238266] [bt_navigator]: Destroying bond (bt_navigator) to lifecycle manager.
[waypoint_follower-12] [INFO] [1789634919.787433092] [waypoint_follower]: Running Nav2 LifecycleNode rcl preshutdown (waypoint_follower)
[waypoint_follower-12] [INFO] [1789634919.787508309] [waypoint_follower]: Deactivating
[waypoint_follower-12] [INFO] [1789634919.787537501] [waypoint_follower]: Destroying bond (waypoint_follower) to lifecycle manager.
[INFO] [swerve_odometry_node-19]: sending signal 'SIGINT' to process[swerve_odometry_node-19]
[INFO] [swerve_controller_node-18]: sending signal 'SIGINT' to process[swerve_controller_node-18]
[INFO] [lifecycle_manager-13]: sending signal 'SIGINT' to process[lifecycle_manager-13]
[INFO] [waypoint_follower-12]: sending signal 'SIGINT' to process[waypoint_follower-12]
[INFO] [bt_navigator-11]: sending signal 'SIGINT' to process[bt_navigator-11]
[INFO] [behavior_server-10]: sending signal 'SIGINT' to process[behavior_server-10]
[INFO] [planner_server-9]: sending signal 'SIGINT' to process[planner_server-9]
[INFO] [controller_server-8]: sending signal 'SIGINT' to process[controller_server-8]
[INFO] [map_server-7]: sending signal 'SIGINT' to process[map_server-7]
[INFO] [ekf_node-6]: sending signal 'SIGINT' to process[ekf_node-6]
[INFO] [v30e_sim_node-5]: sending signal 'SIGINT' to process[v30e_sim_node-5]
[INFO] [ekf_node-4]: sending signal 'SIGINT' to process[ekf_node-4]
[INFO] [robot_state_publisher-2]: sending signal 'SIGINT' to process[robot_state_publisher-2]
[INFO] [gzserver-1]: sending signal 'SIGINT' to process[gzserver-1]
[ERROR] [map_server-7]: process has died [pid 149691, exit code -2, cmd '/home/yahboom/cartoros2/install/nav2_map_server/lib/nav2_map_server/map_server --ros-args -r __node:=map_server --params-file /tmp/launch_params_zr9fmciu'].
[ERROR] [ekf_node-6]: process has died [pid 149688, exit code -2, cmd '/opt/ros/humble/lib/robot_localization/ekf_node --ros-args -r __node:=ekf_v30e --params-file /home/yahboom/swerve_bringup/install/swerve_bringup/share/swerve_bringup/config/v30e_localization_ekf.yaml --params-file /tmp/launch_params_hpvo092g -r odometry/filtered:=/odometry/v30e'].
[controller_server-8] [INFO] [1789634919.789597571] [controller_server]: Deactivating
[controller_server-8] [INFO] [1789634919.789656754] [local_costmap.local_costmap]: Deactivating
[ERROR] [ekf_node-4]: process has died [pid 149684, exit code -2, cmd '/opt/ros/humble/lib/robot_localization/ekf_node --ros-args -r __node:=ekf_filter_node --params-file /home/yahboom/swerve_bringup/install/swerve_bringup/share/swerve_bringup/config/ekf.yaml --params-file /tmp/launch_params_snvyos4r -r /odom:=/odom -r /imu/data:=/imu/data'].
[robot_state_publisher-2] [INFO] [1789634919.789940719] [rclcpp]: signal_handler(signum=2)
[behavior_server-10] [INFO] [1789634919.794780458] [behavior_server]: Cleaning up
[map_server-7] [INFO] [1789634919.802875071] [map_server]: Cleaning up
[map_server-7] [INFO] [1789634919.805512633] [map_server]: Destroying bond (map_server) to lifecycle manager.
[bt_navigator-11] [INFO] [1789634919.805123129] [bt_navigator]: Cleaning up
[waypoint_follower-12] [INFO] [1789634919.810531244] [waypoint_follower]: Cleaning up
[swerve_controller_node-18] Traceback (most recent call last):
[swerve_controller_node-18]   File "/home/yahboom/swerve_bringup/install/swerve_bringup/lib/swerve_bringup/swerve_controller_node", line 192, in <module>
[swerve_controller_node-18]     main()
[swerve_controller_node-18]   File "/home/yahboom/swerve_bringup/install/swerve_bringup/lib/swerve_bringup/swerve_controller_node", line 184, in main
[swerve_controller_node-18]     node.steer_pub.publish(Float64MultiArray(data=[
[swerve_controller_node-18]   File "/opt/ros/humble/local/lib/python3.10/dist-packages/rclpy/publisher.py", line 70, in publish
[swerve_controller_node-18]     self.__publisher.publish(msg)
[swerve_controller_node-18] rclpy._rclpy_pybind11.RCLError: Failed to publish: publisher's context is invalid, at ./src/rcl/publisher.c:389
[swerve_controller_node-18] Error in sys.excepthook:
[swerve_controller_node-18] Traceback (most recent call last):
[swerve_controller_node-18]   File "/usr/lib/python3/dist-packages/apport_python_hook.py", line 72, in apport_excepthook
[swerve_controller_node-18]     from apport.fileutils import likely_packaged, get_recent_crashes
[swerve_controller_node-18]   File "/usr/lib/python3/dist-packages/apport/__init__.py", line 5, in <module>
[swerve_controller_node-18]     from apport.report import Report
[swerve_controller_node-18]   File "/usr/lib/python3/dist-packages/apport/report.py", line 21, in <module>
[swerve_controller_node-18]     from urllib.request import urlopen
[swerve_controller_node-18]   File "<frozen importlib._bootstrap>", line 1027, in _find_and_load
[swerve_controller_node-18]   File "<frozen importlib._bootstrap>", line 1006, in _find_and_load_unlocked
[swerve_controller_node-18]   File "<frozen importlib._bootstrap>", line 688, in _load_unlocked
[swerve_controller_node-18]   File "<frozen importlib._bootstrap_external>", line 879, in exec_module
[swerve_controller_node-18]   File "<frozen importlib._bootstrap_external>", line 1012, in get_code
[swerve_controller_node-18]   File "<frozen importlib._bootstrap_external>", line 672, in _compile_bytecode
[swerve_controller_node-18] KeyboardInterrupt
[swerve_controller_node-18] 
[swerve_controller_node-18] Original exception was:
[swerve_controller_node-18] Traceback (most recent call last):
[swerve_controller_node-18]   File "/home/yahboom/swerve_bringup/install/swerve_bringup/lib/swerve_bringup/swerve_controller_node", line 192, in <module>
[swerve_controller_node-18]     main()
[swerve_controller_node-18]   File "/home/yahboom/swerve_bringup/install/swerve_bringup/lib/swerve_bringup/swerve_controller_node", line 184, in main
[swerve_controller_node-18]     node.steer_pub.publish(Float64MultiArray(data=[
[swerve_controller_node-18]   File "/opt/ros/humble/local/lib/python3.10/dist-packages/rclpy/publisher.py", line 70, in publish
[swerve_controller_node-18]     self.__publisher.publish(msg)
[swerve_controller_node-18] rclpy._rclpy_pybind11.RCLError: Failed to publish: publisher's context is invalid, at ./src/rcl/publisher.c:389
[lifecycle_manager-13] [INFO] [1789634919.838323092] [rclcpp]: signal_handler(signum=2)
[waypoint_follower-12] [INFO] [1789634919.842864630] [rclcpp]: signal_handler(signum=2)
[bt_navigator-11] [INFO] [1789634919.846167772] [rclcpp]: signal_handler(signum=2)
[behavior_server-10] [INFO] [1789634919.850476979] [rclcpp]: signal_handler(signum=2)
[planner_server-9] [INFO] [1789634919.859990410] [rclcpp]: signal_handler(signum=2)
[controller_server-8] [INFO] [1789634919.867885090] [rclcpp]: signal_handler(signum=2)
[swerve_odometry_node-19] Traceback (most recent call last):
[swerve_odometry_node-19]   File "/home/yahboom/swerve_bringup/install/swerve_bringup/lib/swerve_bringup/swerve_odometry_node", line 221, in <module>
[swerve_odometry_node-19]     main()
[swerve_odometry_node-19]   File "/home/yahboom/swerve_bringup/install/swerve_bringup/lib/swerve_bringup/swerve_odometry_node", line 215, in main
[swerve_odometry_node-19]     node.destroy_node()
[swerve_odometry_node-19]   File "/opt/ros/humble/local/lib/python3.10/dist-packages/rclpy/node.py", line 1691, in destroy_node
[swerve_odometry_node-19]     self.destroy_service(self._services[0])
[swerve_odometry_node-19]   File "/opt/ros/humble/local/lib/python3.10/dist-packages/rclpy/node.py", line 1615, in destroy_service
[swerve_odometry_node-19]     service.destroy()
[swerve_odometry_node-19]   File "/opt/ros/humble/local/lib/python3.10/dist-packages/rclpy/service.py", line 93, in destroy
[swerve_odometry_node-19]     self.__service.destroy_when_not_in_use()
[swerve_odometry_node-19] KeyboardInterrupt
[controller_server-8] [INFO] [1789634919.897194610] [controller_server]: Destroying bond (controller_server) to lifecycle manager.
[v30e_sim_node-5] Traceback (most recent call last):
[v30e_sim_node-5]   File "/home/yahboom/swerve_bringup/install/swerve_bringup/lib/swerve_bringup/v30e_sim_node", line 188, in <module>
[v30e_sim_node-5]     if __name__ == '__main__': main()
[v30e_sim_node-5]   File "/home/yahboom/swerve_bringup/install/swerve_bringup/lib/swerve_bringup/v30e_sim_node", line 185, in main
[v30e_sim_node-5]     node.destroy_node(); rclpy.shutdown()
[v30e_sim_node-5]   File "/opt/ros/humble/local/lib/python3.10/dist-packages/rclpy/node.py", line 1691, in destroy_node
[v30e_sim_node-5]     self.destroy_service(self._services[0])
[v30e_sim_node-5]   File "/opt/ros/humble/local/lib/python3.10/dist-packages/rclpy/node.py", line 1615, in destroy_service
[v30e_sim_node-5]     service.destroy()
[v30e_sim_node-5]   File "/opt/ros/humble/local/lib/python3.10/dist-packages/rclpy/service.py", line 93, in destroy
[v30e_sim_node-5]     self.__service.destroy_when_not_in_use()
[v30e_sim_node-5] KeyboardInterrupt
[robot_state_publisher-2] [INFO] [1789634919.924800324] [rclcpp]: signal_handler(signum=2)
[controller_server-8] [INFO] [1789634919.978670246] [controller_server]: Cleaning up
[controller_server-8] [INFO] [1789634919.978918787] [local_costmap.local_costmap]: Cleaning up
[planner_server-9] [INFO] [1789634920.007024829] [planner_server]: Deactivating plugin GridBased of type NavfnPlanner
[planner_server-9] [INFO] [1789634920.007089499] [planner_server]: Destroying bond (planner_server) to lifecycle manager.
[planner_server-9] [INFO] [1789634920.023203103] [planner_server]: Cleaning up
[behavior_server-10] [INFO] [1789634920.023404558] [behavior_server]: Destroying bond (behavior_server) to lifecycle manager.
[waypoint_follower-12] [INFO] [1789634920.036498962] [waypoint_follower]: Destroying bond (waypoint_follower) to lifecycle manager.
[waypoint_follower-12] [INFO] [1789634920.048378512] [waypoint_follower]: Destroying
[ERROR] [v30e_sim_node-5]: process has died [pid 149686, exit code -2, cmd '/home/yahboom/swerve_bringup/install/swerve_bringup/lib/swerve_bringup/v30e_sim_node --ros-args -r __node:=v30e_sim_node --params-file /home/yahboom/swerve_bringup/install/swerve_bringup/share/swerve_bringup/config/v30e_sim.yaml --params-file /tmp/launch_params_9mv03in0'].
[ERROR] [swerve_odometry_node-19]: process has died [pid 150327, exit code -2, cmd '/home/yahboom/swerve_bringup/install/swerve_bringup/lib/swerve_bringup/swerve_odometry_node --ros-args -r __node:=swerve_odometry --params-file /home/yahboom/swerve_bringup/install/swerve_bringup/share/swerve_bringup/config/swerve_odometry.yaml --params-file /tmp/launch_params_6gdpk3po'].
[INFO] [robot_state_publisher-2]: process has finished cleanly [pid 149680]
[lifecycle_manager-13] [INFO] [1789634920.155618356] [lifecycle_manager_navigation]: Destroying lifecycle_manager_navigation
[behavior_server-10] [INFO] [1789634920.192123311] [behavior_server]: Destroying
[planner_server-9] [INFO] [1789634920.195017302] [global_costmap.global_costmap]: Cleaning up
[planner_server-9] [INFO] [1789634920.221737179] [planner_server]: Cleaning up plugin GridBased of type NavfnPlanner
[planner_server-9] [INFO] [1789634920.221859248] [planner_server]: Destroying plugin GridBased of type NavfnPlanner
[planner_server-9] [INFO] [1789634920.253334851] [planner_server]: Destroying bond (planner_server) to lifecycle manager.
[controller_server-8] [INFO] [1789634920.263479891] [controller_server]: Destroying bond (controller_server) to lifecycle manager.
[INFO] [waypoint_follower-12]: process has finished cleanly [pid 149718]
[planner_server-9] [INFO] [1789634920.284565661] [global_costmap.global_costmap]: Destroying
[ERROR] [swerve_controller_node-18]: process has died [pid 150325, exit code 1, cmd '/home/yahboom/swerve_bringup/install/swerve_bringup/lib/swerve_bringup/swerve_controller_node --ros-args -r __node:=swerve_controller --params-file /home/yahboom/swerve_bringup/install/swerve_bringup/share/swerve_bringup/config/swerve_controller.yaml --params-file /tmp/launch_params_et8seu5i'].
[controller_server-8] [INFO] [1789634920.298875120] [local_costmap.local_costmap]: Destroying
[planner_server-9] [INFO] [1789634920.310992496] [planner_server]: Destroying
[INFO] [lifecycle_manager-13]: process has finished cleanly [pid 149727]
[controller_server-8] [INFO] [1789634920.354959926] [controller_server]: Destroying
[bt_navigator-11] [INFO] [1789634920.358840043] [bt_navigator]: Completed Cleaning up
[bt_navigator-11] [INFO] [1789634920.358933864] [bt_navigator]: Destroying bond (bt_navigator) to lifecycle manager.
[bt_navigator-11] [INFO] [1789634920.388716447] [bt_navigator]: Destroying
[INFO] [behavior_server-10]: process has finished cleanly [pid 149704]
[INFO] [planner_server-9]: process has finished cleanly [pid 149695]
[INFO] [controller_server-8]: process has finished cleanly [pid 149693]
[INFO] [bt_navigator-11]: process has finished cleanly [pid 149708]
[INFO] [gzserver-1]: process has finished cleanly [pid 149678]
