-- The C compiler identification is GNU 11.4.0
-- The CXX compiler identification is GNU 11.4.0
-- Detecting C compiler ABI info
-- Detecting C compiler ABI info - done
-- Check for working C compiler: /usr/bin/cc - skipped
-- Detecting C compile features
-- Detecting C compile features - done
-- Detecting CXX compiler ABI info
-- Detecting CXX compiler ABI info - done
-- Check for working CXX compiler: /usr/bin/c++ - skipped
-- Detecting CXX compile features
-- Detecting CXX compile features - done
-- Found ament_cmake: 1.3.12 (/opt/ros/humble/share/ament_cmake/cmake)
-- Found Python3: /usr/bin/python3 (found version "3.10.12") found components: Interpreter 
-- Configuring done
-- Generating done
-- Build files have been written to: /tmp/swerve_phase5_build_final/swerve_bringup
-- Install configuration: ""
-- Installing: /tmp/swerve_phase5_install_final/swerve_bringup/share/swerve_bringup/urdf
-- Installing: /tmp/swerve_phase5_install_final/swerve_bringup/share/swerve_bringup/urdf/swerve_base.urdf
-- Installing: /tmp/swerve_phase5_install_final/swerve_bringup/share/swerve_bringup/meshes
-- Installing: /tmp/swerve_phase5_install_final/swerve_bringup/share/swerve_bringup/meshes/steer_front_wheel_v2.stl
-- Installing: /tmp/swerve_phase5_install_final/swerve_bringup/share/swerve_bringup/meshes/steer_front_housing_v2.stl
-- Installing: /tmp/swerve_phase5_install_final/swerve_bringup/share/swerve_bringup/meshes/base_frame.stl
-- Installing: /tmp/swerve_phase5_install_final/swerve_bringup/share/swerve_bringup/meshes/steer_rear_wheel_v2.stl
-- Installing: /tmp/swerve_phase5_install_final/swerve_bringup/share/swerve_bringup/meshes/steer_rear_housing_v2.stl
-- Installing: /tmp/swerve_phase5_install_final/swerve_bringup/share/swerve_bringup/launch
-- Installing: /tmp/swerve_phase5_install_final/swerve_bringup/share/swerve_bringup/launch/__pycache__
-- Installing: /tmp/swerve_phase5_install_final/swerve_bringup/share/swerve_bringup/launch/__pycache__/display.launch.cpython-310.pyc
-- Installing: /tmp/swerve_phase5_install_final/swerve_bringup/share/swerve_bringup/launch/__pycache__/gazebo.launch.cpython-310.pyc
-- Installing: /tmp/swerve_phase5_install_final/swerve_bringup/share/swerve_bringup/launch/display.launch.py
-- Installing: /tmp/swerve_phase5_install_final/swerve_bringup/share/swerve_bringup/launch/gazebo.launch.py
-- Installing: /tmp/swerve_phase5_install_final/swerve_bringup/share/swerve_bringup/rviz
-- Installing: /tmp/swerve_phase5_install_final/swerve_bringup/share/swerve_bringup/rviz/swerve.rviz
-- Installing: /tmp/swerve_phase5_install_final/swerve_bringup/share/swerve_bringup/worlds
-- Installing: /tmp/swerve_phase5_install_final/swerve_bringup/share/swerve_bringup/worlds/test.world
-- Installing: /tmp/swerve_phase5_install_final/swerve_bringup/share/swerve_bringup/config
-- Installing: /tmp/swerve_phase5_install_final/swerve_bringup/share/swerve_bringup/config/lidar.yaml
-- Installing: /tmp/swerve_phase5_install_final/swerve_bringup/share/swerve_bringup/config/controllers.yaml
-- Installing: /tmp/swerve_phase5_install_final/swerve_bringup/share/swerve_bringup/config/imu.yaml
-- Installing: /tmp/swerve_phase5_install_final/swerve_bringup/share/swerve_bringup/config/swerve_controller.yaml
-- Installing: /tmp/swerve_phase5_install_final/swerve_bringup/share/swerve_bringup/config/swerve_odometry.yaml
-- Installing: /tmp/swerve_phase5_install_final/swerve_bringup/lib/swerve_bringup/swerve_controller_node
-- Installing: /tmp/swerve_phase5_install_final/swerve_bringup/lib/swerve_bringup/swerve_odometry_node
-- Installing: /tmp/swerve_phase5_install_final/swerve_bringup/share/ament_index/resource_index/package_run_dependencies/swerve_bringup
-- Installing: /tmp/swerve_phase5_install_final/swerve_bringup/share/ament_index/resource_index/parent_prefix_path/swerve_bringup
-- Installing: /tmp/swerve_phase5_install_final/swerve_bringup/share/swerve_bringup/environment/ament_prefix_path.sh
-- Installing: /tmp/swerve_phase5_install_final/swerve_bringup/share/swerve_bringup/environment/ament_prefix_path.dsv
-- Installing: /tmp/swerve_phase5_install_final/swerve_bringup/share/swerve_bringup/environment/path.sh
-- Installing: /tmp/swerve_phase5_install_final/swerve_bringup/share/swerve_bringup/environment/path.dsv
-- Installing: /tmp/swerve_phase5_install_final/swerve_bringup/share/swerve_bringup/local_setup.bash
-- Installing: /tmp/swerve_phase5_install_final/swerve_bringup/share/swerve_bringup/local_setup.sh
-- Installing: /tmp/swerve_phase5_install_final/swerve_bringup/share/swerve_bringup/local_setup.zsh
-- Installing: /tmp/swerve_phase5_install_final/swerve_bringup/share/swerve_bringup/local_setup.dsv
-- Installing: /tmp/swerve_phase5_install_final/swerve_bringup/share/swerve_bringup/package.dsv
-- Installing: /tmp/swerve_phase5_install_final/swerve_bringup/share/ament_index/resource_index/packages/swerve_bringup
-- Installing: /tmp/swerve_phase5_install_final/swerve_bringup/share/swerve_bringup/cmake/swerve_bringupConfig.cmake
-- Installing: /tmp/swerve_phase5_install_final/swerve_bringup/share/swerve_bringup/cmake/swerve_bringupConfig-version.cmake
-- Installing: /tmp/swerve_phase5_install_final/swerve_bringup/share/swerve_bringup/package.xml
