[INFO] [launch]: All log files can be found below /home/yahboom/.ros/log/2026-09-17-16-28-28-816356-yahboom-virtual-machine-137248
[INFO] [launch]: Default logging verbosity is set to INFO
[INFO] [gzserver-1]: process started with pid [137263]
[INFO] [robot_state_publisher-2]: process started with pid [137265]
[INFO] [spawn_entity.py-3]: process started with pid [137267]
[INFO] [ekf_node-4]: process started with pid [137269]
[INFO] [v30e_sim_node-5]: process started with pid [137271]
[INFO] [ekf_node-6]: process started with pid [137273]
[INFO] [map_server-7]: process started with pid [137275]
[INFO] [controller_server-8]: process started with pid [137277]
[INFO] [planner_server-9]: process started with pid [137297]
[INFO] [behavior_server-10]: process started with pid [137302]
[INFO] [bt_navigator-11]: process started with pid [137308]
[INFO] [waypoint_follower-12]: process started with pid [137323]
[INFO] [lifecycle_manager-13]: process started with pid [137331]
[INFO] [swerve_bridge_node-14]: process started with pid [137336]
[controller_server-8] [INFO] [1789633711.889844625] [controller_server]: 
[controller_server-8] 	controller_server lifecycle node launched. 
[controller_server-8] 	Waiting on external lifecycle transitions to activate
[controller_server-8] 	See https://design.ros2.org/articles/node_lifecycle.html for more information.
[controller_server-8] [INFO] [1789633711.948118165] [controller_server]: Creating controller server
[map_server-7] [INFO] [1789633712.021133146] [map_server]: 
[map_server-7] 	map_server lifecycle node launched. 
[map_server-7] 	Waiting on external lifecycle transitions to activate
[map_server-7] 	See https://design.ros2.org/articles/node_lifecycle.html for more information.
[map_server-7] [INFO] [1789633712.025619407] [map_server]: Creating
[behavior_server-10] [INFO] [1789633712.072860175] [behavior_server]: 
[behavior_server-10] 	behavior_server lifecycle node launched. 
[behavior_server-10] 	Waiting on external lifecycle transitions to activate
[behavior_server-10] 	See https://design.ros2.org/articles/node_lifecycle.html for more information.
[lifecycle_manager-13] [INFO] [1789633712.087086585] [lifecycle_manager_navigation]: Creating
[robot_state_publisher-2] [INFO] [1789633712.096951504] [robot_state_publisher]: got segment base_footprint
[robot_state_publisher-2] [INFO] [1789633712.097076199] [robot_state_publisher]: got segment base_link
[robot_state_publisher-2] [INFO] [1789633712.097087552] [robot_state_publisher]: got segment imu_link
[robot_state_publisher-2] [INFO] [1789633712.097095374] [robot_state_publisher]: got segment lidar_link
[robot_state_publisher-2] [INFO] [1789633712.097102537] [robot_state_publisher]: got segment steer_front_link
[robot_state_publisher-2] [INFO] [1789633712.097109704] [robot_state_publisher]: got segment steer_rear_link
[robot_state_publisher-2] [INFO] [1789633712.097116514] [robot_state_publisher]: got segment v30e_link
[robot_state_publisher-2] [INFO] [1789633712.097123070] [robot_state_publisher]: got segment wheel_front_drive_link
[robot_state_publisher-2] [INFO] [1789633712.097130051] [robot_state_publisher]: got segment wheel_front_left_link
[robot_state_publisher-2] [INFO] [1789633712.097136837] [robot_state_publisher]: got segment wheel_front_right_link
[robot_state_publisher-2] [INFO] [1789633712.097143209] [robot_state_publisher]: got segment wheel_rear_drive_link
[robot_state_publisher-2] [INFO] [1789633712.097149504] [robot_state_publisher]: got segment wheel_rear_left_link
[robot_state_publisher-2] [INFO] [1789633712.097156014] [robot_state_publisher]: got segment wheel_rear_right_link
[planner_server-9] [INFO] [1789633712.171987418] [planner_server]: 
[planner_server-9] 	planner_server lifecycle node launched. 
[planner_server-9] 	Waiting on external lifecycle transitions to activate
[planner_server-9] 	See https://design.ros2.org/articles/node_lifecycle.html for more information.
[lifecycle_manager-13] [INFO] [1789633712.182218618] [lifecycle_manager_navigation]: [34m[1mCreating and initializing lifecycle service clients[0m[0m
[planner_server-9] [INFO] [1789633712.184831297] [planner_server]: Creating
[bt_navigator-11] [INFO] [1789633712.184999957] [bt_navigator]: 
[bt_navigator-11] 	bt_navigator lifecycle node launched. 
[bt_navigator-11] 	Waiting on external lifecycle transitions to activate
[bt_navigator-11] 	See https://design.ros2.org/articles/node_lifecycle.html for more information.
[bt_navigator-11] [INFO] [1789633712.185158795] [bt_navigator]: Creating
[controller_server-8] [INFO] [1789633712.287477175] [local_costmap.local_costmap]: 
[controller_server-8] 	local_costmap lifecycle node launched. 
[controller_server-8] 	Waiting on external lifecycle transitions to activate
[controller_server-8] 	See https://design.ros2.org/articles/node_lifecycle.html for more information.
[controller_server-8] [INFO] [1789633712.287998809] [local_costmap.local_costmap]: Creating Costmap
[waypoint_follower-12] [INFO] [1789633712.366402550] [waypoint_follower]: 
[waypoint_follower-12] 	waypoint_follower lifecycle node launched. 
[waypoint_follower-12] 	Waiting on external lifecycle transitions to activate
[waypoint_follower-12] 	See https://design.ros2.org/articles/node_lifecycle.html for more information.
[waypoint_follower-12] [INFO] [1789633712.376012226] [waypoint_follower]: Creating
[swerve_bridge_node-14] Traceback (most recent call last):
[swerve_bridge_node-14]   File "/home/yahboom/swerve_bringup/install/swerve_bridge/lib/swerve_bridge/swerve_bridge_node", line 33, in <module>
[swerve_bridge_node-14]     sys.exit(load_entry_point('swerve-bridge', 'console_scripts', 'swerve_bridge_node')())
[swerve_bridge_node-14]   File "/home/yahboom/swerve_bringup/install/swerve_bridge/lib/swerve_bridge/swerve_bridge_node", line 22, in importlib_load_entry_point
[swerve_bridge_node-14]     for entry_point in distribution(dist_name).entry_points
[swerve_bridge_node-14]   File "/usr/lib/python3.10/importlib/metadata/__init__.py", line 969, in distribution
[swerve_bridge_node-14]     return Distribution.from_name(distribution_name)
[swerve_bridge_node-14]   File "/usr/lib/python3.10/importlib/metadata/__init__.py", line 548, in from_name
[swerve_bridge_node-14]     raise PackageNotFoundError(name)
[swerve_bridge_node-14] importlib.metadata.PackageNotFoundError: No package metadata was found for swerve-bridge
[lifecycle_manager-13] [INFO] [1789633712.418472256] [lifecycle_manager_navigation]: [34m[1mStarting managed nodes bringup...[0m[0m
[lifecycle_manager-13] [INFO] [1789633712.418553314] [lifecycle_manager_navigation]: [34m[1mConfiguring map_server[0m[0m
[map_server-7] [INFO] [1789633712.423061372] [map_server]: Configuring
[map_server-7] [INFO] [1789633712.423187761] [map_io]: Loading yaml file: /home/yahboom/swerve_bringup/install/swerve_bringup/share/swerve_bringup/swerve_navigation/maps/warehouse.yaml
[map_server-7] [INFO] [1789633712.431901491] [map_io]: resolution: 0.05
[map_server-7] [INFO] [1789633712.432364075] [map_io]: origin[0]: -17.2
[map_server-7] [INFO] [1789633712.432725929] [map_io]: origin[1]: -17.4
[map_server-7] [INFO] [1789633712.433090582] [map_io]: origin[2]: 0
[map_server-7] [INFO] [1789633712.433441047] [map_io]: free_thresh: 0.25
[map_server-7] [INFO] [1789633712.433455156] [map_io]: occupied_thresh: 0.65
[map_server-7] [INFO] [1789633712.440809397] [map_io]: mode: trinary
[map_server-7] [INFO] [1789633712.440864121] [map_io]: negate: 0
[map_server-7] [INFO] [1789633712.457148445] [map_io]: Loading image_file: /home/yahboom/swerve_bringup/install/swerve_bringup/share/swerve_bringup/swerve_navigation/maps/warehouse.pgm
[ERROR] [swerve_bridge_node-14]: process has died [pid 137336, exit code 1, cmd '/home/yahboom/swerve_bringup/install/swerve_bridge/lib/swerve_bridge/swerve_bridge_node --ros-args -r __node:=swerve_bridge --params-file /home/yahboom/swerve_bringup/install/swerve_bridge/share/swerve_bridge/config/bridge.yaml --params-file /tmp/launch_params_nn2cg4pr'].
[planner_server-9] [INFO] [1789633712.500299027] [global_costmap.global_costmap]: 
[planner_server-9] 	global_costmap lifecycle node launched. 
[planner_server-9] 	Waiting on external lifecycle transitions to activate
[planner_server-9] 	See https://design.ros2.org/articles/node_lifecycle.html for more information.
[planner_server-9] [INFO] [1789633712.500869669] [global_costmap.global_costmap]: Creating Costmap
[map_server-7] [INFO] [1789633712.565659611] [map_io]: Read map /home/yahboom/swerve_bringup/install/swerve_bringup/share/swerve_bringup/swerve_navigation/maps/warehouse.pgm: 676 X 680 map @ 0.05 m/cell
[lifecycle_manager-13] [INFO] [1789633712.593301166] [lifecycle_manager_navigation]: [34m[1mConfiguring controller_server[0m[0m
[controller_server-8] [INFO] [1789633712.595818102] [controller_server]: Configuring controller interface
[controller_server-8] [INFO] [1789633712.599069135] [controller_server]: getting goal checker plugins..
[controller_server-8] [INFO] [1789633712.599289434] [controller_server]: Controller frequency set to 10.0000Hz
[controller_server-8] [INFO] [1789633712.599346190] [local_costmap.local_costmap]: Configuring
[controller_server-8] [INFO] [1789633712.632373519] [local_costmap.local_costmap]: Using plugin "voxel_layer"
[controller_server-8] [INFO] [1789633712.646675252] [local_costmap.local_costmap]: Subscribed to Topics: lidar3d scan
[controller_server-8] [INFO] [1789633712.728657079] [local_costmap.local_costmap]: Initialized plugin "voxel_layer"
[controller_server-8] [INFO] [1789633712.728717455] [local_costmap.local_costmap]: Using plugin "inflation_layer"
[controller_server-8] [INFO] [1789633712.731306148] [local_costmap.local_costmap]: Initialized plugin "inflation_layer"
[controller_server-8] [INFO] [1789633712.805983376] [controller_server]: Created progress_checker : progress_checker of type nav2_controller::SimpleProgressChecker
[controller_server-8] [INFO] [1789633712.825052681] [controller_server]: Created goal checker : general_goal_checker of type nav2_controller::SimpleGoalChecker
[controller_server-8] [INFO] [1789633712.860762278] [controller_server]: Controller Server has general_goal_checker  goal checkers available.
[controller_server-8] [INFO] [1789633712.866949391] [controller_server]: Created controller : FollowPath of type dwb_core::DWBLocalPlanner
[controller_server-8] [INFO] [1789633712.880412878] [controller_server]: Setting transform_tolerance to 0.200000
[controller_server-8] [INFO] [1789633712.948988161] [controller_server]: Using critic "RotateToGoal" (dwb_critics::RotateToGoalCritic)
[controller_server-8] [INFO] [1789633712.949328469] [controller_server]: Critic plugin initialized
[controller_server-8] [INFO] [1789633712.949408237] [controller_server]: Using critic "Oscillation" (dwb_critics::OscillationCritic)
[controller_server-8] [INFO] [1789633712.949683731] [controller_server]: Critic plugin initialized
[controller_server-8] [INFO] [1789633712.949774881] [controller_server]: Using critic "BaseObstacle" (dwb_critics::BaseObstacleCritic)
[controller_server-8] [INFO] [1789633712.949862283] [controller_server]: Critic plugin initialized
[controller_server-8] [INFO] [1789633712.949943553] [controller_server]: Using critic "GoalAlign" (dwb_critics::GoalAlignCritic)
[controller_server-8] [INFO] [1789633712.950346805] [controller_server]: Critic plugin initialized
[controller_server-8] [INFO] [1789633712.950429026] [controller_server]: Using critic "PathAlign" (dwb_critics::PathAlignCritic)
[controller_server-8] [INFO] [1789633712.956469284] [controller_server]: Critic plugin initialized
[controller_server-8] [INFO] [1789633712.956592547] [controller_server]: Using critic "PathDist" (dwb_critics::PathDistCritic)
[controller_server-8] [INFO] [1789633712.972741473] [controller_server]: Critic plugin initialized
[controller_server-8] [INFO] [1789633712.972963105] [controller_server]: Using critic "GoalDist" (dwb_critics::GoalDistCritic)
[controller_server-8] [INFO] [1789633712.973503449] [controller_server]: Critic plugin initialized
[controller_server-8] [INFO] [1789633712.973552720] [controller_server]: Controller Server has FollowPath  controllers available.
[lifecycle_manager-13] [INFO] [1789633713.245568238] [lifecycle_manager_navigation]: [34m[1mConfiguring planner_server[0m[0m
[planner_server-9] [INFO] [1789633713.261575193] [planner_server]: Configuring
[planner_server-9] [INFO] [1789633713.261637655] [global_costmap.global_costmap]: Configuring
[planner_server-9] [INFO] [1789633713.336306594] [global_costmap.global_costmap]: Using plugin "static_layer"
[planner_server-9] [INFO] [1789633713.345660614] [global_costmap.global_costmap]: Subscribing to the map topic (/map) with transient local durability
[planner_server-9] [INFO] [1789633713.351978932] [global_costmap.global_costmap]: Initialized plugin "static_layer"
[planner_server-9] [INFO] [1789633713.352066083] [global_costmap.global_costmap]: Using plugin "obstacle_layer"
[planner_server-9] [INFO] [1789633713.357582058] [global_costmap.global_costmap]: Subscribed to Topics: scan
[planner_server-9] [INFO] [1789633713.368384730] [global_costmap.global_costmap]: Initialized plugin "obstacle_layer"
[planner_server-9] [INFO] [1789633713.368442045] [global_costmap.global_costmap]: Using plugin "inflation_layer"
[planner_server-9] [INFO] [1789633713.369055773] [global_costmap.global_costmap]: Initialized plugin "inflation_layer"
[planner_server-9] [INFO] [1789633713.415631988] [planner_server]: Created global planner plugin GridBased of type nav2_navfn_planner/NavfnPlanner
[planner_server-9] [INFO] [1789633713.415692372] [planner_server]: Configuring plugin GridBased of type NavfnPlanner
[planner_server-9] [INFO] [1789633713.415999414] [planner_server]: Planner Server has GridBased  planners available.
[lifecycle_manager-13] [INFO] [1789633713.458572896] [lifecycle_manager_navigation]: [34m[1mConfiguring behavior_server[0m[0m
[behavior_server-10] [INFO] [1789633713.459099347] [behavior_server]: Configuring
[behavior_server-10] [INFO] [1789633713.499820417] [behavior_server]: Creating behavior plugin spin of type nav2_behaviors/Spin
[behavior_server-10] [INFO] [1789633713.500657162] [behavior_server]: Configuring spin
[spawn_entity.py-3] [INFO] [1789633713.697189171] [spawn_swerve]: Spawn Entity started
[spawn_entity.py-3] [INFO] [1789633713.697685250] [spawn_swerve]: Loading entity published on topic robot_description
[behavior_server-10] [INFO] [1789633713.767416260] [behavior_server]: Creating behavior plugin backup of type nav2_behaviors/BackUp
[behavior_server-10] [INFO] [1789633713.768321696] [behavior_server]: Configuring backup
[spawn_entity.py-3] [INFO] [1789633713.797747394] [spawn_swerve]: Waiting for entity xml on robot_description
[spawn_entity.py-3] [INFO] [1789633713.823003249] [spawn_swerve]: Waiting for service /spawn_entity, timeout = 30
[spawn_entity.py-3] [INFO] [1789633713.827102070] [spawn_swerve]: Waiting for service /spawn_entity
[behavior_server-10] [INFO] [1789633713.992498391] [behavior_server]: Creating behavior plugin drive_on_heading of type nav2_behaviors/DriveOnHeading
[behavior_server-10] [INFO] [1789633713.993681634] [behavior_server]: Configuring drive_on_heading
[v30e_sim_node-5] [INFO] [1789633714.061182442] [v30e_sim_node]: Using Gazebo /get_entity_state internally; odometry is not a V30E measurement input
[behavior_server-10] [INFO] [1789633714.064181804] [behavior_server]: Creating behavior plugin wait of type nav2_behaviors/Wait
[behavior_server-10] [INFO] [1789633714.065008553] [behavior_server]: Configuring wait
[lifecycle_manager-13] [INFO] [1789633714.129765092] [lifecycle_manager_navigation]: [34m[1mConfiguring bt_navigator[0m[0m
[bt_navigator-11] [INFO] [1789633714.131642093] [bt_navigator]: Configuring
[lifecycle_manager-13] [INFO] [1789633714.565576108] [lifecycle_manager_navigation]: [34m[1mConfiguring waypoint_follower[0m[0m
[waypoint_follower-12] [INFO] [1789633714.570394777] [waypoint_follower]: Configuring
[waypoint_follower-12] [INFO] [1789633714.632795978] [waypoint_follower]: Created waypoint_task_executor : wait_at_waypoint of type nav2_waypoint_follower::WaitAtWaypoint
[waypoint_follower-12] [INFO] [1789633714.633712835] [waypoint_follower]: Waypoint pause duration is set to zero, disabling task executor plugin.
[lifecycle_manager-13] [INFO] [1789633714.636393551] [lifecycle_manager_navigation]: [34m[1mActivating map_server[0m[0m
[map_server-7] [INFO] [1789633714.638629272] [map_server]: Activating
[map_server-7] [INFO] [1789633714.639509437] [map_server]: Creating bond (map_server) to lifecycle manager.
[planner_server-9] [INFO] [1789633714.641703668] [global_costmap.global_costmap]: StaticLayer: Resizing costmap to 676 X 680 at 0.050000 m/pix
[lifecycle_manager-13] [INFO] [1789633714.755595002] [lifecycle_manager_navigation]: Server map_server connected with bond.
[lifecycle_manager-13] [INFO] [1789633714.755669656] [lifecycle_manager_navigation]: [34m[1mActivating controller_server[0m[0m
[controller_server-8] [INFO] [1789633714.756198271] [controller_server]: Activating
[controller_server-8] [INFO] [1789633714.756259997] [local_costmap.local_costmap]: Activating
[controller_server-8] [INFO] [1789633714.756280631] [local_costmap.local_costmap]: Checking transform
[controller_server-8] [INFO] [1789633714.756317787] [local_costmap.local_costmap]: Timed out waiting for transform from base_footprint to odom to become available, tf error: Invalid frame ID "odom" passed to canTransform argument target_frame - frame does not exist
[controller_server-8] [INFO] [1789633715.256870505] [local_costmap.local_costmap]: Timed out waiting for transform from base_footprint to odom to become available, tf error: Invalid frame ID "odom" passed to canTransform argument target_frame - frame does not exist
[controller_server-8] [INFO] [1789633715.756763052] [local_costmap.local_costmap]: Timed out waiting for transform from base_footprint to odom to become available, tf error: Invalid frame ID "odom" passed to canTransform argument target_frame - frame does not exist
[controller_server-8] [INFO] [1789633716.263914711] [local_costmap.local_costmap]: Timed out waiting for transform from base_footprint to odom to become available, tf error: Invalid frame ID "odom" passed to canTransform argument target_frame - frame does not exist
[controller_server-8] [INFO] [1789633716.776186964] [local_costmap.local_costmap]: Timed out waiting for transform from base_footprint to odom to become available, tf error: Invalid frame ID "odom" passed to canTransform argument target_frame - frame does not exist
[controller_server-8] [INFO] [1789633717.283330085] [local_costmap.local_costmap]: Timed out waiting for transform from base_footprint to odom to become available, tf error: Invalid frame ID "odom" passed to canTransform argument target_frame - frame does not exist
[controller_server-8] [INFO] [1789633717.757939523] [local_costmap.local_costmap]: Timed out waiting for transform from base_footprint to odom to become available, tf error: Invalid frame ID "odom" passed to canTransform argument target_frame - frame does not exist
[controller_server-8] [INFO] [1789633718.259252820] [local_costmap.local_costmap]: Timed out waiting for transform from base_footprint to odom to become available, tf error: Invalid frame ID "odom" passed to canTransform argument target_frame - frame does not exist
[controller_server-8] [INFO] [1789633718.756450286] [local_costmap.local_costmap]: Timed out waiting for transform from base_footprint to odom to become available, tf error: Invalid frame ID "odom" passed to canTransform argument target_frame - frame does not exist
[controller_server-8] [INFO] [1789633719.256789550] [local_costmap.local_costmap]: Timed out waiting for transform from base_footprint to odom to become available, tf error: Invalid frame ID "odom" passed to canTransform argument target_frame - frame does not exist
[controller_server-8] [INFO] [1789633719.758387646] [local_costmap.local_costmap]: Timed out waiting for transform from base_footprint to odom to become available, tf error: Invalid frame ID "odom" passed to canTransform argument target_frame - frame does not exist
[controller_server-8] [INFO] [1789633720.260435530] [local_costmap.local_costmap]: Timed out waiting for transform from base_footprint to odom to become available, tf error: Invalid frame ID "odom" passed to canTransform argument target_frame - frame does not exist
[spawn_entity.py-3] [INFO] [1789633720.632527625] [spawn_swerve]: Calling service /spawn_entity
[controller_server-8] [INFO] [1789633720.765912902] [local_costmap.local_costmap]: Timed out waiting for transform from base_footprint to odom to become available, tf error: Invalid frame ID "odom" passed to canTransform argument target_frame - frame does not exist
[gzserver-1] [INFO] [1789633720.977277598] [gazebo_ros_state]: Publishing states of gazebo models at [/model_states]
[gzserver-1] [INFO] [1789633720.994459490] [gazebo_ros_state]: Publishing states of gazebo links at [/link_states]
[controller_server-8] [INFO] [1789633721.256404391] [local_costmap.local_costmap]: Timed out waiting for transform from base_footprint to odom to become available, tf error: Invalid frame ID "odom" passed to canTransform argument target_frame - frame does not exist
[gzserver-1] [INFO] [1789633721.514762903] [imu.imu_ros]: <initial_orientation_as_reference> is unset, using default value of false to comply with REP 145 (world as orientation reference)
[controller_server-8] [INFO] [1789633721.756901183] [local_costmap.local_costmap]: Timed out waiting for transform from base_footprint to odom to become available, tf error: Invalid frame ID "odom" passed to canTransform argument target_frame - frame does not exist
[controller_server-8] [INFO] [1789633722.256965681] [local_costmap.local_costmap]: Timed out waiting for transform from base_footprint to odom to become available, tf error: Invalid frame ID "odom" passed to canTransform argument target_frame - frame does not exist
[controller_server-8] [INFO] [1789633722.756885435] [local_costmap.local_costmap]: Timed out waiting for transform from base_footprint to odom to become available, tf error: Invalid frame ID "odom" passed to canTransform argument target_frame - frame does not exist
[controller_server-8] [INFO] [1789633723.263710428] [local_costmap.local_costmap]: Timed out waiting for transform from base_footprint to odom to become available, tf error: Invalid frame ID "odom" passed to canTransform argument target_frame - frame does not exist
[controller_server-8] [INFO] [1789633723.759082631] [local_costmap.local_costmap]: Timed out waiting for transform from base_footprint to odom to become available, tf error: Invalid frame ID "odom" passed to canTransform argument target_frame - frame does not exist
[controller_server-8] [INFO] [1789633724.259028071] [local_costmap.local_costmap]: Timed out waiting for transform from base_footprint to odom to become available, tf error: Invalid frame ID "odom" passed to canTransform argument target_frame - frame does not exist
[controller_server-8] [INFO] [1789633724.758160045] [local_costmap.local_costmap]: Timed out waiting for transform from base_footprint to odom to become available, tf error: Invalid frame ID "odom" passed to canTransform argument target_frame - frame does not exist
[controller_server-8] [INFO] [1789633725.257241396] [local_costmap.local_costmap]: Timed out waiting for transform from base_footprint to odom to become available, tf error: Invalid frame ID "odom" passed to canTransform argument target_frame - frame does not exist
[controller_server-8] [INFO] [1789633725.758948107] [local_costmap.local_costmap]: Timed out waiting for transform from base_footprint to odom to become available, tf error: Invalid frame ID "odom" passed to canTransform argument target_frame - frame does not exist
[controller_server-8] [INFO] [1789633726.258631893] [local_costmap.local_costmap]: Timed out waiting for transform from base_footprint to odom to become available, tf error: Invalid frame ID "odom" passed to canTransform argument target_frame - frame does not exist
[controller_server-8] [INFO] [1789633726.756434002] [local_costmap.local_costmap]: Timed out waiting for transform from base_footprint to odom to become available, tf error: Invalid frame ID "odom" passed to canTransform argument target_frame - frame does not exist
[controller_server-8] [INFO] [1789633727.261110456] [local_costmap.local_costmap]: Timed out waiting for transform from base_footprint to odom to become available, tf error: Invalid frame ID "odom" passed to canTransform argument target_frame - frame does not exist
[controller_server-8] [INFO] [1789633727.756378723] [local_costmap.local_costmap]: Timed out waiting for transform from base_footprint to odom to become available, tf error: Invalid frame ID "odom" passed to canTransform argument target_frame - frame does not exist
[controller_server-8] [INFO] [1789633728.256411287] [local_costmap.local_costmap]: Timed out waiting for transform from base_footprint to odom to become available, tf error: Invalid frame ID "odom" passed to canTransform argument target_frame - frame does not exist
[controller_server-8] [INFO] [1789633728.757747289] [local_costmap.local_costmap]: Timed out waiting for transform from base_footprint to odom to become available, tf error: Invalid frame ID "odom" passed to canTransform argument target_frame - frame does not exist
[controller_server-8] [INFO] [1789633729.257551572] [local_costmap.local_costmap]: Timed out waiting for transform from base_footprint to odom to become available, tf error: Invalid frame ID "odom" passed to canTransform argument target_frame - frame does not exist
[controller_server-8] [INFO] [1789633729.756959837] [local_costmap.local_costmap]: Timed out waiting for transform from base_footprint to odom to become available, tf error: Invalid frame ID "odom" passed to canTransform argument target_frame - frame does not exist
[controller_server-8] [INFO] [1789633730.260603372] [local_costmap.local_costmap]: Timed out waiting for transform from base_footprint to odom to become available, tf error: Invalid frame ID "odom" passed to canTransform argument target_frame - frame does not exist
[controller_server-8] [INFO] [1789633730.756834939] [local_costmap.local_costmap]: Timed out waiting for transform from base_footprint to odom to become available, tf error: Invalid frame ID "odom" passed to canTransform argument target_frame - frame does not exist
[controller_server-8] [INFO] [1789633731.256569080] [local_costmap.local_costmap]: Timed out waiting for transform from base_footprint to odom to become available, tf error: Invalid frame ID "odom" passed to canTransform argument target_frame - frame does not exist
[controller_server-8] [INFO] [1789633731.757458099] [local_costmap.local_costmap]: Timed out waiting for transform from base_footprint to odom to become available, tf error: Invalid frame ID "odom" passed to canTransform argument target_frame - frame does not exist
[controller_server-8] [INFO] [1789633732.256472619] [local_costmap.local_costmap]: Timed out waiting for transform from base_footprint to odom to become available, tf error: Invalid frame ID "odom" passed to canTransform argument target_frame - frame does not exist
[controller_server-8] [INFO] [1789633732.756497772] [local_costmap.local_costmap]: Timed out waiting for transform from base_footprint to odom to become available, tf error: Invalid frame ID "odom" passed to canTransform argument target_frame - frame does not exist
[controller_server-8] [INFO] [1789633733.256924272] [local_costmap.local_costmap]: Timed out waiting for transform from base_footprint to odom to become available, tf error: Invalid frame ID "odom" passed to canTransform argument target_frame - frame does not exist
[controller_server-8] [INFO] [1789633733.757501271] [local_costmap.local_costmap]: Timed out waiting for transform from base_footprint to odom to become available, tf error: Invalid frame ID "odom" passed to canTransform argument target_frame - frame does not exist
[controller_server-8] [INFO] [1789633734.256467613] [local_costmap.local_costmap]: Timed out waiting for transform from base_footprint to odom to become available, tf error: Invalid frame ID "odom" passed to canTransform argument target_frame - frame does not exist
[spawn_entity.py-3] [INFO] [1789633734.432635177] [spawn_swerve]: Spawn status: SpawnEntity: Successfully spawned entity [swerve_base]
[gzserver-1] [INFO] [1789633734.695298773] [gazebo_ros2_control]: Loading gazebo_ros2_control plugin
[controller_server-8] [INFO] [1789633734.756497947] [local_costmap.local_costmap]: Timed out waiting for transform from base_footprint to odom to become available, tf error: Invalid frame ID "odom" passed to canTransform argument target_frame - frame does not exist
[gzserver-1] [INFO] [1789633734.820094406] [gazebo_ros2_control]: Starting gazebo_ros2_control plugin in namespace: /
[gzserver-1] [INFO] [1789633734.820180989] [gazebo_ros2_control]: Starting gazebo_ros2_control plugin in ros 2 node: gazebo_ros2_control
[INFO] [spawn_entity.py-3]: process has finished cleanly [pid 137267]
[INFO] [spawner-15]: process started with pid [137750]
[gzserver-1] [INFO] [1789633734.876079817] [gazebo_ros2_control]: connected to service!! robot_state_publisher
[gzserver-1] [INFO] [1789633734.890480438] [gazebo_ros2_control]: Received urdf from param server, parsing...
[gzserver-1] [INFO] [1789633734.890642513] [gazebo_ros2_control]: Loading parameter files /home/yahboom/swerve_bringup/install/swerve_bringup/share/swerve_bringup/config/controllers.yaml
[gzserver-1] [INFO] [1789633734.925990852] [gazebo_ros2_control]: Loading joint: steer_front_joint
[gzserver-1] [INFO] [1789633734.926061743] [gazebo_ros2_control]: 	State:
[gzserver-1] [INFO] [1789633734.926076811] [gazebo_ros2_control]: 		 position
[gzserver-1] [INFO] [1789633734.926089684] [gazebo_ros2_control]: 		 velocity
[gzserver-1] [INFO] [1789633734.926100274] [gazebo_ros2_control]: 	Command:
[gzserver-1] [INFO] [1789633734.926109356] [gazebo_ros2_control]: 		 position
[gzserver-1] [INFO] [1789633734.932353862] [gazebo_ros2_control]: Loading joint: steer_rear_joint
[gzserver-1] [INFO] [1789633734.932410506] [gazebo_ros2_control]: 	State:
[gzserver-1] [INFO] [1789633734.932423559] [gazebo_ros2_control]: 		 position
[gzserver-1] [INFO] [1789633734.932435153] [gazebo_ros2_control]: 		 velocity
[gzserver-1] [INFO] [1789633734.932444446] [gazebo_ros2_control]: 	Command:
[gzserver-1] [INFO] [1789633734.932453391] [gazebo_ros2_control]: 		 position
[gzserver-1] [INFO] [1789633734.932692890] [gazebo_ros2_control]: Loading joint: wheel_front_drive_joint
[gzserver-1] [INFO] [1789633734.932732206] [gazebo_ros2_control]: 	State:
[gzserver-1] [INFO] [1789633734.932749542] [gazebo_ros2_control]: 		 position
[gzserver-1] [INFO] [1789633734.932759819] [gazebo_ros2_control]: 		 velocity
[gzserver-1] [INFO] [1789633734.932768767] [gazebo_ros2_control]: 	Command:
[gzserver-1] [INFO] [1789633734.932786357] [gazebo_ros2_control]: 		 velocity
[gzserver-1] [INFO] [1789633734.934393428] [gazebo_ros2_control]: Loading joint: wheel_rear_drive_joint
[gzserver-1] [INFO] [1789633734.934428292] [gazebo_ros2_control]: 	State:
[gzserver-1] [INFO] [1789633734.934438903] [gazebo_ros2_control]: 		 position
[gzserver-1] [INFO] [1789633734.934448139] [gazebo_ros2_control]: 		 velocity
[gzserver-1] [INFO] [1789633734.934456871] [gazebo_ros2_control]: 	Command:
[gzserver-1] [INFO] [1789633734.934476666] [gazebo_ros2_control]: 		 velocity
[gzserver-1] [INFO] [1789633734.934901329] [resource_manager]: Initialize hardware 'GazeboSystem' 
[gzserver-1] [INFO] [1789633734.935162438] [resource_manager]: Successful initialization of hardware 'GazeboSystem'
[gzserver-1] [INFO] [1789633734.935326180] [resource_manager]: 'configure' hardware 'GazeboSystem' 
[gzserver-1] [INFO] [1789633734.935343531] [resource_manager]: Successful 'configure' of hardware 'GazeboSystem'
[gzserver-1] [INFO] [1789633734.935352417] [resource_manager]: 'activate' hardware 'GazeboSystem' 
[gzserver-1] [INFO] [1789633734.935359583] [resource_manager]: Successful 'activate' of hardware 'GazeboSystem'
[gzserver-1] [INFO] [1789633734.935472284] [gazebo_ros2_control]: Loading controller_manager
[gzserver-1] [WARN] [1789633735.176465979] [gazebo_ros2_control]:  Desired controller update period (0.01 s) is slower than the gazebo simulation period (0.001 s).
[gzserver-1] [INFO] [1789633735.177010578] [gazebo_ros2_control]: Loaded gazebo_ros2_control.
[controller_server-8] [INFO] [1789633735.256529538] [local_costmap.local_costmap]: Timed out waiting for transform from base_footprint to odom to become available, tf error: Invalid frame ID "odom" passed to canTransform argument target_frame - frame does not exist
[controller_server-8] [INFO] [1789633735.763117726] [local_costmap.local_costmap]: start
[controller_server-8] [INFO] [1789633736.012861108] [controller_server]: Creating bond (controller_server) to lifecycle manager.
[spawner-15] [INFO] [1789633736.119710589] [spawn_joint_state_broadcaster]: waiting for service /controller_manager/list_controllers to become available...
[lifecycle_manager-13] [INFO] [1789633736.394528045] [lifecycle_manager_navigation]: Server controller_server connected with bond.
[lifecycle_manager-13] [INFO] [1789633736.399914133] [lifecycle_manager_navigation]: [34m[1mActivating planner_server[0m[0m
[planner_server-9] [INFO] [1789633736.403479281] [planner_server]: Activating
[planner_server-9] [INFO] [1789633736.403590226] [global_costmap.global_costmap]: Activating
[planner_server-9] [INFO] [1789633736.403614491] [global_costmap.global_costmap]: Checking transform
[planner_server-9] [INFO] [1789633736.403790576] [global_costmap.global_costmap]: start
[gzserver-1] [INFO] [1789633736.720555623] [controller_manager]: Loading controller 'joint_state_broadcaster'
[spawner-15] [INFO] [1789633736.901282328] [spawn_joint_state_broadcaster]: [94mLoaded [1mjoint_state_broadcaster[0m
[gzserver-1] [INFO] [1789633736.914641691] [controller_manager]: Configuring controller 'joint_state_broadcaster'
[gzserver-1] [INFO] [1789633736.915124618] [joint_state_broadcaster]: 'joints' or 'interfaces' parameter is empty. All available state interfaces will be published
[planner_server-9] [INFO] [1789633736.962149917] [planner_server]: Activating plugin GridBased of type NavfnPlanner
[planner_server-9] [INFO] [1789633736.967668867] [planner_server]: Creating bond (planner_server) to lifecycle manager.
[spawner-15] [INFO] [1789633737.027812189] [spawn_joint_state_broadcaster]: [92mConfigured and activated [1mjoint_state_broadcaster[0m
[lifecycle_manager-13] [INFO] [1789633737.100107367] [lifecycle_manager_navigation]: Server planner_server connected with bond.
[lifecycle_manager-13] [INFO] [1789633737.100189334] [lifecycle_manager_navigation]: [34m[1mActivating behavior_server[0m[0m
[behavior_server-10] [INFO] [1789633737.101858411] [behavior_server]: Activating
[behavior_server-10] [INFO] [1789633737.101941597] [behavior_server]: Activating spin
[behavior_server-10] [INFO] [1789633737.101966498] [behavior_server]: Activating backup
[behavior_server-10] [INFO] [1789633737.101979209] [behavior_server]: Activating drive_on_heading
[behavior_server-10] [INFO] [1789633737.101990101] [behavior_server]: Activating wait
[behavior_server-10] [INFO] [1789633737.102006916] [behavior_server]: Creating bond (behavior_server) to lifecycle manager.
[lifecycle_manager-13] [INFO] [1789633737.225596744] [lifecycle_manager_navigation]: Server behavior_server connected with bond.
[lifecycle_manager-13] [INFO] [1789633737.225681135] [lifecycle_manager_navigation]: [34m[1mActivating bt_navigator[0m[0m
[bt_navigator-11] [INFO] [1789633737.226918485] [bt_navigator]: Activating
[INFO] [spawner-15]: process has finished cleanly [pid 137750]
[INFO] [spawner-16]: process started with pid [137768]
[bt_navigator-11] [INFO] [1789633737.847943713] [bt_navigator]: Creating bond (bt_navigator) to lifecycle manager.
[lifecycle_manager-13] [INFO] [1789633737.969967743] [lifecycle_manager_navigation]: Server bt_navigator connected with bond.
[lifecycle_manager-13] [INFO] [1789633737.970074759] [lifecycle_manager_navigation]: [34m[1mActivating waypoint_follower[0m[0m
[waypoint_follower-12] [INFO] [1789633737.972492687] [waypoint_follower]: Activating
[waypoint_follower-12] [INFO] [1789633737.972576875] [waypoint_follower]: Creating bond (waypoint_follower) to lifecycle manager.
[lifecycle_manager-13] [INFO] [1789633738.087189018] [lifecycle_manager_navigation]: Server waypoint_follower connected with bond.
[lifecycle_manager-13] [INFO] [1789633738.087262409] [lifecycle_manager_navigation]: [34m[1mManaged nodes are active[0m[0m
[lifecycle_manager-13] [INFO] [1789633738.087280520] [lifecycle_manager_navigation]: [34m[1mCreating bond timer...[0m[0m
[spawner-16] [INFO] [1789633738.352132418] [spawn_steering_controller]: waiting for service /controller_manager/list_controllers to become available...
[gzserver-1] [INFO] [1789633741.648394320] [controller_manager]: Loading controller 'steering_controller'
[spawner-16] [INFO] [1789633742.122655470] [spawn_steering_controller]: [94mLoaded [1msteering_controller[0m
[gzserver-1] [INFO] [1789633742.136081751] [controller_manager]: Configuring controller 'steering_controller'
[gzserver-1] [INFO] [1789633742.154943413] [steering_controller]: configure successful
[gzserver-1] [INFO] [1789633742.186356432] [steering_controller]: activate successful
[spawner-16] [INFO] [1789633742.202051492] [spawn_steering_controller]: [92mConfigured and activated [1msteering_controller[0m
[INFO] [spawner-16]: process has finished cleanly [pid 137768]
[INFO] [spawner-17]: process started with pid [137859]
[spawner-17] [INFO] [1789633743.969004721] [spawn_drive_controller]: waiting for service /controller_manager/list_controllers to become available...
[gzserver-1] [INFO] [1789633743.994830354] [controller_manager]: Loading controller 'drive_controller'
[spawner-17] [INFO] [1789633744.262715754] [spawn_drive_controller]: [94mLoaded [1mdrive_controller[0m
[gzserver-1] [INFO] [1789633744.267803723] [controller_manager]: Configuring controller 'drive_controller'
[gzserver-1] [INFO] [1789633744.275157458] [drive_controller]: configure successful
[gzserver-1] [INFO] [1789633744.307838046] [drive_controller]: activate successful
[spawner-17] [INFO] [1789633744.327749900] [spawn_drive_controller]: [92mConfigured and activated [1mdrive_controller[0m
[INFO] [spawner-17]: process has finished cleanly [pid 137859]
[INFO] [swerve_controller_node-18]: process started with pid [137900]
[INFO] [swerve_odometry_node-19]: process started with pid [137905]
[swerve_controller_node-18] [INFO] [1789633746.129400373] [swerve_controller]: Swerve controller ready: radius=0.0675 m, modules={'front': (0.300042, 0.0), 'rear': (-0.300042, 0.0)}
[swerve_odometry_node-19] [INFO] [1789633746.615174102] [swerve_odometry]: Encoder odometry ready: radius=0.0637 m, velocity_sign=+1.0
[WARNING] [launch]: user interrupted with ctrl-c (SIGINT)
[ekf_node-4] [INFO] [1789633747.641600872] [rclcpp]: signal_handler(signum=2)
[ekf_node-6] [INFO] [1789633747.641713007] [rclcpp]: signal_handler(signum=2)
[map_server-7] [INFO] [1789633747.641752624] [rclcpp]: signal_handler(signum=2)
[behavior_server-10] [INFO] [1789633747.641829417] [rclcpp]: signal_handler(signum=2)
[lifecycle_manager-13] [INFO] [1789633747.641862773] [rclcpp]: signal_handler(signum=2)
[lifecycle_manager-13] [INFO] [1789633747.641999260] [lifecycle_manager_navigation]: Running Nav2 LifecycleManager rcl preshutdown (lifecycle_manager_navigation)
[lifecycle_manager-13] [INFO] [1789633747.642061196] [lifecycle_manager_navigation]: [34m[1mTerminating bond timer...[0m[0m
[robot_state_publisher-2] [INFO] [1789633747.641932383] [rclcpp]: signal_handler(signum=2)
[bt_navigator-11] [INFO] [1789633747.641931435] [rclcpp]: signal_handler(signum=2)
[bt_navigator-11] [INFO] [1789633747.642057204] [bt_navigator]: Running Nav2 LifecycleNode rcl preshutdown (bt_navigator)
[bt_navigator-11] [INFO] [1789633747.642144277] [bt_navigator]: Deactivating
[bt_navigator-11] [INFO] [1789633747.642184956] [bt_navigator]: Destroying bond (bt_navigator) to lifecycle manager.
[INFO] [swerve_odometry_node-19]: sending signal 'SIGINT' to process[swerve_odometry_node-19]
[INFO] [swerve_controller_node-18]: sending signal 'SIGINT' to process[swerve_controller_node-18]
[INFO] [lifecycle_manager-13]: sending signal 'SIGINT' to process[lifecycle_manager-13]
[INFO] [waypoint_follower-12]: sending signal 'SIGINT' to process[waypoint_follower-12]
[INFO] [bt_navigator-11]: sending signal 'SIGINT' to process[bt_navigator-11]
[INFO] [behavior_server-10]: sending signal 'SIGINT' to process[behavior_server-10]
[INFO] [planner_server-9]: sending signal 'SIGINT' to process[planner_server-9]
[INFO] [controller_server-8]: sending signal 'SIGINT' to process[controller_server-8]
[INFO] [map_server-7]: sending signal 'SIGINT' to process[map_server-7]
[INFO] [ekf_node-6]: sending signal 'SIGINT' to process[ekf_node-6]
[INFO] [v30e_sim_node-5]: sending signal 'SIGINT' to process[v30e_sim_node-5]
[INFO] [ekf_node-4]: sending signal 'SIGINT' to process[ekf_node-4]
[INFO] [robot_state_publisher-2]: sending signal 'SIGINT' to process[robot_state_publisher-2]
[INFO] [gzserver-1]: sending signal 'SIGINT' to process[gzserver-1]
[ERROR] [map_server-7]: process has died [pid 137275, exit code -2, cmd '/home/yahboom/cartoros2/install/nav2_map_server/lib/nav2_map_server/map_server --ros-args -r __node:=map_server --params-file /tmp/launch_params_y6deumaz'].
[ERROR] [ekf_node-6]: process has died [pid 137273, exit code -2, cmd '/opt/ros/humble/lib/robot_localization/ekf_node --ros-args -r __node:=ekf_v30e --params-file /home/yahboom/swerve_bringup/install/swerve_bringup/share/swerve_bringup/config/v30e_localization_ekf.yaml --params-file /tmp/launch_params_l6igu56_ -r odometry/filtered:=/odometry/v30e'].
[controller_server-8] [INFO] [1789633747.644779223] [rclcpp]: signal_handler(signum=2)
[controller_server-8] [INFO] [1789633747.645159268] [controller_server]: Running Nav2 LifecycleNode rcl preshutdown (controller_server)
[controller_server-8] [INFO] [1789633747.645235863] [controller_server]: Deactivating
[controller_server-8] [INFO] [1789633747.645286166] [local_costmap.local_costmap]: Deactivating
[map_server-7] [INFO] [1789633747.645426603] [map_server]: Running Nav2 LifecycleNode rcl preshutdown (map_server)
[map_server-7] [INFO] [1789633747.645518204] [map_server]: Deactivating
[map_server-7] [INFO] [1789633747.645545561] [map_server]: Destroying bond (map_server) to lifecycle manager.
[map_server-7] [INFO] [1789633747.657691754] [map_server]: Cleaning up
[map_server-7] [INFO] [1789633747.657809902] [map_server]: Destroying bond (map_server) to lifecycle manager.
[waypoint_follower-12] [INFO] [1789633747.648531912] [rclcpp]: signal_handler(signum=2)
[waypoint_follower-12] [INFO] [1789633747.653090179] [waypoint_follower]: Running Nav2 LifecycleNode rcl preshutdown (waypoint_follower)
[waypoint_follower-12] [INFO] [1789633747.653168284] [waypoint_follower]: Deactivating
[waypoint_follower-12] [INFO] [1789633747.653195355] [waypoint_follower]: Destroying bond (waypoint_follower) to lifecycle manager.
[waypoint_follower-12] [INFO] [1789633747.696609958] [waypoint_follower]: Cleaning up
[planner_server-9] [INFO] [1789633747.653811395] [rclcpp]: signal_handler(signum=2)
[planner_server-9] [INFO] [1789633747.655963925] [planner_server]: Running Nav2 LifecycleNode rcl preshutdown (planner_server)
[planner_server-9] [INFO] [1789633747.656196028] [planner_server]: Deactivating
[planner_server-9] [INFO] [1789633747.656245686] [global_costmap.global_costmap]: Deactivating
[behavior_server-10] [INFO] [1789633747.654121923] [behavior_server]: Running Nav2 LifecycleNode rcl preshutdown (behavior_server)
[behavior_server-10] [INFO] [1789633747.654196911] [behavior_server]: Deactivating
[behavior_server-10] [INFO] [1789633747.654237800] [behavior_server]: Destroying bond (behavior_server) to lifecycle manager.
[bt_navigator-11] [INFO] [1789633747.659962028] [bt_navigator]: Cleaning up
[behavior_server-10] [INFO] [1789633747.718817552] [behavior_server]: Cleaning up
[swerve_controller_node-18] Traceback (most recent call last):
[swerve_controller_node-18]   File "/home/yahboom/swerve_bringup/install/swerve_bringup/lib/swerve_bringup/swerve_controller_node", line 192, in <module>
[swerve_controller_node-18]     main()
[swerve_controller_node-18]   File "/home/yahboom/swerve_bringup/install/swerve_bringup/lib/swerve_bringup/swerve_controller_node", line 184, in main
[swerve_controller_node-18]     node.steer_pub.publish(Float64MultiArray(data=[
[swerve_controller_node-18]   File "/opt/ros/humble/local/lib/python3.10/dist-packages/rclpy/publisher.py", line 70, in publish
[swerve_controller_node-18]     self.__publisher.publish(msg)
[swerve_controller_node-18] rclpy._rclpy_pybind11.RCLError: Failed to publish: publisher's context is invalid, at ./src/rcl/publisher.c:389
[swerve_controller_node-18] Error in sys.excepthook:
[swerve_controller_node-18] Traceback (most recent call last):
[swerve_controller_node-18]   File "/usr/lib/python3/dist-packages/apport_python_hook.py", line 72, in apport_excepthook
[swerve_controller_node-18]     from apport.fileutils import likely_packaged, get_recent_crashes
[swerve_controller_node-18]   File "/usr/lib/python3/dist-packages/apport/__init__.py", line 5, in <module>
[swerve_controller_node-18]     from apport.report import Report
[swerve_controller_node-18]   File "/usr/lib/python3/dist-packages/apport/report.py", line 21, in <module>
[swerve_controller_node-18]     from urllib.request import urlopen
[swerve_controller_node-18]   File "/usr/lib/python3.10/urllib/request.py", line 88, in <module>
[swerve_controller_node-18]     import http.client
[swerve_controller_node-18]   File "/usr/lib/python3.10/http/client.py", line 1424, in <module>
[lifecycle_manager-13] [INFO] [1789633747.730807408] [rclcpp]: signal_handler(signum=2)
[swerve_controller_node-18]     import ssl
[swerve_controller_node-18]   File "/usr/lib/python3.10/ssl.py", line 99, in <module>
[waypoint_follower-12] [INFO] [1789633747.737218313] [rclcpp]: signal_handler(signum=2)
[swerve_controller_node-18]     import _ssl             # if we can't import it, let the error propagate
[swerve_controller_node-18] KeyboardInterrupt
[swerve_controller_node-18] 
[swerve_controller_node-18] Original exception was:
[swerve_controller_node-18] Traceback (most recent call last):
[swerve_controller_node-18]   File "/home/yahboom/swerve_bringup/install/swerve_bringup/lib/swerve_bringup/swerve_controller_node", line 192, in <module>
[swerve_controller_node-18]     main()
[swerve_controller_node-18]   File "/home/yahboom/swerve_bringup/install/swerve_bringup/lib/swerve_bringup/swerve_controller_node", line 184, in main
[swerve_controller_node-18]     node.steer_pub.publish(Float64MultiArray(data=[
[swerve_controller_node-18]   File "/opt/ros/humble/local/lib/python3.10/dist-packages/rclpy/publisher.py", line 70, in publish
[swerve_controller_node-18]     self.__publisher.publish(msg)
[swerve_controller_node-18] rclpy._rclpy_pybind11.RCLError: Failed to publish: publisher's context is invalid, at ./src/rcl/publisher.c:389
[bt_navigator-11] [INFO] [1789633747.741272727] [rclcpp]: signal_handler(signum=2)
[planner_server-9] [INFO] [1789633747.757044971] [rclcpp]: signal_handler(signum=2)
[behavior_server-10] [INFO] [1789633747.758098798] [rclcpp]: signal_handler(signum=2)
[swerve_odometry_node-19] Traceback (most recent call last):
[swerve_odometry_node-19]   File "/home/yahboom/swerve_bringup/install/swerve_bringup/lib/swerve_bringup/swerve_odometry_node", line 221, in <module>
[swerve_odometry_node-19]     main()
[swerve_odometry_node-19]   File "/home/yahboom/swerve_bringup/install/swerve_bringup/lib/swerve_bringup/swerve_odometry_node", line 215, in main
[swerve_odometry_node-19]     node.destroy_node()
[swerve_odometry_node-19]   File "/opt/ros/humble/local/lib/python3.10/dist-packages/rclpy/node.py", line 1696, in destroy_node
[swerve_odometry_node-19]     self.__node.destroy_when_not_in_use()
[swerve_odometry_node-19] KeyboardInterrupt
[map_server-7] [INFO] [1789633747.766485597] [map_server]: Destroying
[controller_server-8] [INFO] [1789633747.779568039] [rclcpp]: signal_handler(signum=2)
[controller_server-8] [INFO] [1789633747.803057911] [controller_server]: Destroying bond (controller_server) to lifecycle manager.
[ERROR] [ekf_node-4]: process has died [pid 137269, exit code -2, cmd '/opt/ros/humble/lib/robot_localization/ekf_node --ros-args -r __node:=ekf_filter_node --params-file /home/yahboom/swerve_bringup/install/swerve_bringup/share/swerve_bringup/config/ekf.yaml --params-file /tmp/launch_params_sjtzxh0h -r /odom:=/odom -r /imu/data:=/imu/data'].
[robot_state_publisher-2] [INFO] [1789633747.840724719] [rclcpp]: signal_handler(signum=2)
[v30e_sim_node-5] Traceback (most recent call last):
[v30e_sim_node-5]   File "/home/yahboom/swerve_bringup/install/swerve_bringup/lib/swerve_bringup/v30e_sim_node", line 188, in <module>
[v30e_sim_node-5]     if __name__ == '__main__': main()
[v30e_sim_node-5]   File "/home/yahboom/swerve_bringup/install/swerve_bringup/lib/swerve_bringup/v30e_sim_node", line 185, in main
[v30e_sim_node-5]     node.destroy_node(); rclpy.shutdown()
[v30e_sim_node-5]   File "/opt/ros/humble/local/lib/python3.10/dist-packages/rclpy/node.py", line 1691, in destroy_node
[v30e_sim_node-5]     self.destroy_service(self._services[0])
[v30e_sim_node-5]   File "/opt/ros/humble/local/lib/python3.10/dist-packages/rclpy/node.py", line 1615, in destroy_service
[v30e_sim_node-5]     service.destroy()
[v30e_sim_node-5]   File "/opt/ros/humble/local/lib/python3.10/dist-packages/rclpy/service.py", line 93, in destroy
[v30e_sim_node-5]     self.__service.destroy_when_not_in_use()
[v30e_sim_node-5] KeyboardInterrupt
[controller_server-8] [INFO] [1789633747.874004803] [controller_server]: Cleaning up
[controller_server-8] [INFO] [1789633747.874196084] [local_costmap.local_costmap]: Cleaning up
[waypoint_follower-12] [INFO] [1789633747.912312318] [waypoint_follower]: Destroying bond (waypoint_follower) to lifecycle manager.
[planner_server-9] [INFO] [1789633747.914058622] [planner_server]: Deactivating plugin GridBased of type NavfnPlanner
[planner_server-9] [INFO] [1789633747.914115600] [planner_server]: Destroying bond (planner_server) to lifecycle manager.
[ERROR] [swerve_odometry_node-19]: process has died [pid 137905, exit code -2, cmd '/home/yahboom/swerve_bringup/install/swerve_bringup/lib/swerve_bringup/swerve_odometry_node --ros-args -r __node:=swerve_odometry --params-file /home/yahboom/swerve_bringup/install/swerve_bringup/share/swerve_bringup/config/swerve_odometry.yaml --params-file /tmp/launch_params_h7g38nci'].
[planner_server-9] [INFO] [1789633747.957863882] [planner_server]: Cleaning up
[waypoint_follower-12] [INFO] [1789633747.970478404] [waypoint_follower]: Destroying
[lifecycle_manager-13] [INFO] [1789633748.062362328] [lifecycle_manager_navigation]: Destroying lifecycle_manager_navigation
[planner_server-9] [INFO] [1789633748.065504594] [global_costmap.global_costmap]: Cleaning up
[behavior_server-10] [INFO] [1789633748.094595560] [behavior_server]: Destroying bond (behavior_server) to lifecycle manager.
[ERROR] [v30e_sim_node-5]: process has died [pid 137271, exit code -2, cmd '/home/yahboom/swerve_bringup/install/swerve_bringup/lib/swerve_bringup/v30e_sim_node --ros-args -r __node:=v30e_sim_node --params-file /home/yahboom/swerve_bringup/install/swerve_bringup/share/swerve_bringup/config/v30e_sim.yaml --params-file /tmp/launch_params_34oklj18'].
[INFO] [robot_state_publisher-2]: process has finished cleanly [pid 137265]
[behavior_server-10] [INFO] [1789633748.130165363] [behavior_server]: Destroying
[planner_server-9] [INFO] [1789633748.157561702] [planner_server]: Cleaning up plugin GridBased of type NavfnPlanner
[planner_server-9] [INFO] [1789633748.157695352] [planner_server]: Destroying plugin GridBased of type NavfnPlanner
[planner_server-9] [INFO] [1789633748.185822470] [planner_server]: Destroying bond (planner_server) to lifecycle manager.
[controller_server-8] [INFO] [1789633748.204794928] [controller_server]: Destroying bond (controller_server) to lifecycle manager.
[planner_server-9] [INFO] [1789633748.211138268] [global_costmap.global_costmap]: Destroying
[controller_server-8] [INFO] [1789633748.217156225] [local_costmap.local_costmap]: Destroying
[planner_server-9] [INFO] [1789633748.225925250] [planner_server]: Destroying
[controller_server-8] [INFO] [1789633748.241071631] [controller_server]: Destroying
[ERROR] [swerve_controller_node-18]: process has died [pid 137900, exit code 1, cmd '/home/yahboom/swerve_bringup/install/swerve_bringup/lib/swerve_bringup/swerve_controller_node --ros-args -r __node:=swerve_controller --params-file /home/yahboom/swerve_bringup/install/swerve_bringup/share/swerve_bringup/config/swerve_controller.yaml --params-file /tmp/launch_params__t3g36oh'].
[INFO] [waypoint_follower-12]: process has finished cleanly [pid 137323]
[bt_navigator-11] [INFO] [1789633748.299199963] [bt_navigator]: Completed Cleaning up
[bt_navigator-11] [INFO] [1789633748.299287175] [bt_navigator]: Destroying bond (bt_navigator) to lifecycle manager.
[INFO] [behavior_server-10]: process has finished cleanly [pid 137302]
[bt_navigator-11] [INFO] [1789633748.313960669] [bt_navigator]: Destroying
[INFO] [lifecycle_manager-13]: process has finished cleanly [pid 137331]
[INFO] [controller_server-8]: process has finished cleanly [pid 137277]
[INFO] [planner_server-9]: process has finished cleanly [pid 137297]
[INFO] [bt_navigator-11]: process has finished cleanly [pid 137308]
[INFO] [gzserver-1]: process has finished cleanly [pid 137263]
