[INFO] [launch]: All log files can be found below /home/yahboom/.ros/log/2026-09-17-18-18-09-014049-yahboom-virtual-machine-170214
[INFO] [launch]: Default logging verbosity is set to INFO
[INFO] [gzserver-1]: process started with pid [170240]
[INFO] [robot_state_publisher-2]: process started with pid [170242]
[INFO] [spawn_entity.py-3]: process started with pid [170244]
[INFO] [ekf_node-4]: process started with pid [170246]
[INFO] [v30e_sim_node-5]: process started with pid [170248]
[INFO] [ekf_node-6]: process started with pid [170250]
[INFO] [map_server-7]: process started with pid [170253]
[INFO] [controller_server-8]: process started with pid [170255]
[INFO] [planner_server-9]: process started with pid [170262]
[INFO] [behavior_server-10]: process started with pid [170268]
[INFO] [bt_navigator-11]: process started with pid [170275]
[INFO] [waypoint_follower-12]: process started with pid [170279]
[INFO] [lifecycle_manager-13]: process started with pid [170292]
[INFO] [swerve_bridge_node-14]: process started with pid [170299]
[robot_state_publisher-2] [INFO] [1789640292.118901842] [robot_state_publisher]: got segment base_footprint
[robot_state_publisher-2] [INFO] [1789640292.122863753] [robot_state_publisher]: got segment base_link
[robot_state_publisher-2] [INFO] [1789640292.122879420] [robot_state_publisher]: got segment imu_link
[robot_state_publisher-2] [INFO] [1789640292.122887670] [robot_state_publisher]: got segment lidar_link
[robot_state_publisher-2] [INFO] [1789640292.122895357] [robot_state_publisher]: got segment steer_front_link
[robot_state_publisher-2] [INFO] [1789640292.122903629] [robot_state_publisher]: got segment steer_rear_link
[robot_state_publisher-2] [INFO] [1789640292.122910902] [robot_state_publisher]: got segment v30e_link
[robot_state_publisher-2] [INFO] [1789640292.122917822] [robot_state_publisher]: got segment wheel_front_drive_link
[robot_state_publisher-2] [INFO] [1789640292.122924931] [robot_state_publisher]: got segment wheel_front_left_link
[robot_state_publisher-2] [INFO] [1789640292.122931773] [robot_state_publisher]: got segment wheel_front_right_link
[robot_state_publisher-2] [INFO] [1789640292.122938215] [robot_state_publisher]: got segment wheel_rear_drive_link
[robot_state_publisher-2] [INFO] [1789640292.122944987] [robot_state_publisher]: got segment wheel_rear_left_link
[robot_state_publisher-2] [INFO] [1789640292.122952089] [robot_state_publisher]: got segment wheel_rear_right_link
[controller_server-8] [INFO] [1789640292.122942501] [controller_server]: 
[controller_server-8] 	controller_server lifecycle node launched. 
[controller_server-8] 	Waiting on external lifecycle transitions to activate
[controller_server-8] 	See https://design.ros2.org/articles/node_lifecycle.html for more information.
[controller_server-8] [INFO] [1789640292.152965767] [controller_server]: Creating controller server
[waypoint_follower-12] [INFO] [1789640292.179337281] [waypoint_follower]: 
[waypoint_follower-12] 	waypoint_follower lifecycle node launched. 
[waypoint_follower-12] 	Waiting on external lifecycle transitions to activate
[waypoint_follower-12] 	See https://design.ros2.org/articles/node_lifecycle.html for more information.
[waypoint_follower-12] [INFO] [1789640292.180026155] [waypoint_follower]: Creating
[behavior_server-10] [INFO] [1789640292.208383138] [behavior_server]: 
[behavior_server-10] 	behavior_server lifecycle node launched. 
[behavior_server-10] 	Waiting on external lifecycle transitions to activate
[behavior_server-10] 	See https://design.ros2.org/articles/node_lifecycle.html for more information.
[planner_server-9] [INFO] [1789640292.311792515] [planner_server]: 
[planner_server-9] 	planner_server lifecycle node launched. 
[planner_server-9] 	Waiting on external lifecycle transitions to activate
[planner_server-9] 	See https://design.ros2.org/articles/node_lifecycle.html for more information.
[planner_server-9] [INFO] [1789640292.316512991] [planner_server]: Creating
[bt_navigator-11] [INFO] [1789640292.355238478] [bt_navigator]: 
[bt_navigator-11] 	bt_navigator lifecycle node launched. 
[bt_navigator-11] 	Waiting on external lifecycle transitions to activate
[bt_navigator-11] 	See https://design.ros2.org/articles/node_lifecycle.html for more information.
[bt_navigator-11] [INFO] [1789640292.358846353] [bt_navigator]: Creating
[map_server-7] [INFO] [1789640292.435442942] [map_server]: 
[map_server-7] 	map_server lifecycle node launched. 
[map_server-7] 	Waiting on external lifecycle transitions to activate
[map_server-7] 	See https://design.ros2.org/articles/node_lifecycle.html for more information.
[map_server-7] [INFO] [1789640292.456408992] [map_server]: Creating
[swerve_bridge_node-14] Traceback (most recent call last):
[swerve_bridge_node-14]   File "/home/yahboom/swerve_bringup/install/swerve_bridge/lib/swerve_bridge/swerve_bridge_node", line 33, in <module>
[swerve_bridge_node-14]     sys.exit(load_entry_point('swerve-bridge', 'console_scripts', 'swerve_bridge_node')())
[swerve_bridge_node-14]   File "/home/yahboom/swerve_bringup/install/swerve_bridge/lib/swerve_bridge/swerve_bridge_node", line 22, in importlib_load_entry_point
[swerve_bridge_node-14]     for entry_point in distribution(dist_name).entry_points
[swerve_bridge_node-14]   File "/usr/lib/python3.10/importlib/metadata/__init__.py", line 969, in distribution
[swerve_bridge_node-14]     return Distribution.from_name(distribution_name)
[swerve_bridge_node-14]   File "/usr/lib/python3.10/importlib/metadata/__init__.py", line 548, in from_name
[swerve_bridge_node-14]     raise PackageNotFoundError(name)
[swerve_bridge_node-14] importlib.metadata.PackageNotFoundError: No package metadata was found for swerve-bridge
[ERROR] [swerve_bridge_node-14]: process has died [pid 170299, exit code 1, cmd '/home/yahboom/swerve_bringup/install/swerve_bridge/lib/swerve_bridge/swerve_bridge_node --ros-args -r __node:=swerve_bridge --params-file /home/yahboom/swerve_bringup/install/swerve_bridge/share/swerve_bridge/config/bridge.yaml --params-file /tmp/launch_params_t31rle78'].
[controller_server-8] [INFO] [1789640292.593953547] [local_costmap.local_costmap]: 
[controller_server-8] 	local_costmap lifecycle node launched. 
[controller_server-8] 	Waiting on external lifecycle transitions to activate
[controller_server-8] 	See https://design.ros2.org/articles/node_lifecycle.html for more information.
[controller_server-8] [INFO] [1789640292.594454910] [local_costmap.local_costmap]: Creating Costmap
[planner_server-9] [INFO] [1789640292.609838719] [global_costmap.global_costmap]: 
[planner_server-9] 	global_costmap lifecycle node launched. 
[planner_server-9] 	Waiting on external lifecycle transitions to activate
[planner_server-9] 	See https://design.ros2.org/articles/node_lifecycle.html for more information.
[planner_server-9] [INFO] [1789640292.610407946] [global_costmap.global_costmap]: Creating Costmap
[lifecycle_manager-13] [INFO] [1789640292.619083237] [lifecycle_manager_navigation]: Creating
[lifecycle_manager-13] [INFO] [1789640292.666690499] [lifecycle_manager_navigation]: [34m[1mCreating and initializing lifecycle service clients[0m[0m
[lifecycle_manager-13] [INFO] [1789640293.202983574] [lifecycle_manager_navigation]: [34m[1mStarting managed nodes bringup...[0m[0m
[lifecycle_manager-13] [INFO] [1789640293.203058428] [lifecycle_manager_navigation]: [34m[1mConfiguring map_server[0m[0m
[map_server-7] [INFO] [1789640293.206167935] [map_server]: Configuring
[map_server-7] [INFO] [1789640293.206278337] [map_io]: Loading yaml file: /home/yahboom/swerve_bringup/install/swerve_bringup/share/swerve_bringup/swerve_navigation/maps/warehouse.yaml
[map_server-7] [INFO] [1789640293.206605870] [map_io]: resolution: 0.05
[map_server-7] [INFO] [1789640293.206621653] [map_io]: origin[0]: -17.2
[map_server-7] [INFO] [1789640293.206627789] [map_io]: origin[1]: -17.4
[map_server-7] [INFO] [1789640293.206633142] [map_io]: origin[2]: 0
[map_server-7] [INFO] [1789640293.206638720] [map_io]: free_thresh: 0.25
[map_server-7] [INFO] [1789640293.206644190] [map_io]: occupied_thresh: 0.65
[map_server-7] [INFO] [1789640293.206649766] [map_io]: mode: trinary
[map_server-7] [INFO] [1789640293.206655767] [map_io]: negate: 0
[map_server-7] [INFO] [1789640293.207016351] [map_io]: Loading image_file: /home/yahboom/swerve_bringup/install/swerve_bringup/share/swerve_bringup/swerve_navigation/maps/warehouse.pgm
[map_server-7] [INFO] [1789640293.377455660] [map_io]: Read map /home/yahboom/swerve_bringup/install/swerve_bringup/share/swerve_bringup/swerve_navigation/maps/warehouse.pgm: 676 X 680 map @ 0.05 m/cell
[lifecycle_manager-13] [INFO] [1789640293.493337388] [lifecycle_manager_navigation]: [34m[1mConfiguring controller_server[0m[0m
[controller_server-8] [INFO] [1789640293.497435855] [controller_server]: Configuring controller interface
[controller_server-8] [INFO] [1789640293.503118763] [controller_server]: getting goal checker plugins..
[controller_server-8] [INFO] [1789640293.507309159] [controller_server]: Controller frequency set to 10.0000Hz
[controller_server-8] [INFO] [1789640293.507860106] [local_costmap.local_costmap]: Configuring
[controller_server-8] [INFO] [1789640293.567774214] [local_costmap.local_costmap]: Using plugin "voxel_layer"
[controller_server-8] [INFO] [1789640293.577600817] [local_costmap.local_costmap]: Subscribed to Topics: lidar3d scan
[controller_server-8] [INFO] [1789640293.640524253] [local_costmap.local_costmap]: Initialized plugin "voxel_layer"
[controller_server-8] [INFO] [1789640293.640577743] [local_costmap.local_costmap]: Using plugin "inflation_layer"
[controller_server-8] [INFO] [1789640293.650352606] [local_costmap.local_costmap]: Initialized plugin "inflation_layer"
[controller_server-8] [INFO] [1789640293.698151348] [controller_server]: Created progress_checker : progress_checker of type nav2_controller::SimpleProgressChecker
[controller_server-8] [INFO] [1789640293.706112057] [controller_server]: Created goal checker : general_goal_checker of type nav2_controller::SimpleGoalChecker
[controller_server-8] [INFO] [1789640293.710421155] [controller_server]: Controller Server has general_goal_checker  goal checkers available.
[controller_server-8] [INFO] [1789640293.714525016] [controller_server]: Created controller : FollowPath of type dwb_core::DWBLocalPlanner
[controller_server-8] [INFO] [1789640293.723397680] [controller_server]: Setting transform_tolerance to 0.200000
[controller_server-8] [INFO] [1789640294.011320992] [controller_server]: Using critic "RotateToGoal" (dwb_critics::RotateToGoalCritic)
[spawn_entity.py-3] [INFO] [1789640294.054347351] [spawn_swerve]: Spawn Entity started
[spawn_entity.py-3] [INFO] [1789640294.054816893] [spawn_swerve]: Loading entity published on topic robot_description
[spawn_entity.py-3] [INFO] [1789640294.084263924] [spawn_swerve]: Waiting for entity xml on robot_description
[controller_server-8] [INFO] [1789640294.087637375] [controller_server]: Critic plugin initialized
[controller_server-8] [INFO] [1789640294.087768538] [controller_server]: Using critic "Oscillation" (dwb_critics::OscillationCritic)
[controller_server-8] [INFO] [1789640294.107552410] [controller_server]: Critic plugin initialized
[spawn_entity.py-3] [INFO] [1789640294.111929062] [spawn_swerve]: Waiting for service /spawn_entity, timeout = 30
[spawn_entity.py-3] [INFO] [1789640294.116244767] [spawn_swerve]: Waiting for service /spawn_entity
[controller_server-8] [INFO] [1789640294.116485903] [controller_server]: Using critic "BaseObstacle" (dwb_critics::BaseObstacleCritic)
[controller_server-8] [INFO] [1789640294.120369597] [controller_server]: Critic plugin initialized
[controller_server-8] [INFO] [1789640294.120476622] [controller_server]: Using critic "GoalAlign" (dwb_critics::GoalAlignCritic)
[controller_server-8] [INFO] [1789640294.135753121] [controller_server]: Critic plugin initialized
[controller_server-8] [INFO] [1789640294.147264052] [controller_server]: Using critic "PathAlign" (dwb_critics::PathAlignCritic)
[controller_server-8] [INFO] [1789640294.147804664] [controller_server]: Critic plugin initialized
[controller_server-8] [INFO] [1789640294.147917021] [controller_server]: Using critic "PathDist" (dwb_critics::PathDistCritic)
[controller_server-8] [INFO] [1789640294.148322613] [controller_server]: Critic plugin initialized
[controller_server-8] [INFO] [1789640294.148388527] [controller_server]: Using critic "GoalDist" (dwb_critics::GoalDistCritic)
[controller_server-8] [INFO] [1789640294.181656347] [controller_server]: Critic plugin initialized
[controller_server-8] [INFO] [1789640294.181717689] [controller_server]: Controller Server has FollowPath  controllers available.
[lifecycle_manager-13] [INFO] [1789640294.346461868] [lifecycle_manager_navigation]: [34m[1mConfiguring planner_server[0m[0m
[planner_server-9] [INFO] [1789640294.349534907] [planner_server]: Configuring
[planner_server-9] [INFO] [1789640294.349605154] [global_costmap.global_costmap]: Configuring
[v30e_sim_node-5] [INFO] [1789640294.377707209] [v30e_sim_node]: Using Gazebo /get_entity_state internally; odometry is not a V30E measurement input
[planner_server-9] [INFO] [1789640294.401625768] [global_costmap.global_costmap]: Using plugin "static_layer"
[planner_server-9] [INFO] [1789640294.405426601] [global_costmap.global_costmap]: Subscribing to the map topic (/map) with transient local durability
[planner_server-9] [INFO] [1789640294.412498832] [global_costmap.global_costmap]: Initialized plugin "static_layer"
[planner_server-9] [INFO] [1789640294.412586699] [global_costmap.global_costmap]: Using plugin "obstacle_layer"
[planner_server-9] [INFO] [1789640294.420182699] [global_costmap.global_costmap]: Subscribed to Topics: scan
[planner_server-9] [INFO] [1789640294.448801467] [global_costmap.global_costmap]: Initialized plugin "obstacle_layer"
[planner_server-9] [INFO] [1789640294.448868749] [global_costmap.global_costmap]: Using plugin "inflation_layer"
[planner_server-9] [INFO] [1789640294.452343892] [global_costmap.global_costmap]: Initialized plugin "inflation_layer"
[planner_server-9] [INFO] [1789640294.523504099] [planner_server]: Created global planner plugin GridBased of type nav2_navfn_planner/NavfnPlanner
[planner_server-9] [INFO] [1789640294.523556950] [planner_server]: Configuring plugin GridBased of type NavfnPlanner
[planner_server-9] [INFO] [1789640294.529408770] [planner_server]: Planner Server has GridBased  planners available.
[lifecycle_manager-13] [INFO] [1789640294.612926927] [lifecycle_manager_navigation]: [34m[1mConfiguring behavior_server[0m[0m
[behavior_server-10] [INFO] [1789640294.615601647] [behavior_server]: Configuring
[behavior_server-10] [INFO] [1789640294.658657490] [behavior_server]: Creating behavior plugin spin of type nav2_behaviors/Spin
[behavior_server-10] [INFO] [1789640294.660637859] [behavior_server]: Configuring spin
[behavior_server-10] [INFO] [1789640294.696885971] [behavior_server]: Creating behavior plugin backup of type nav2_behaviors/BackUp
[behavior_server-10] [INFO] [1789640294.697769008] [behavior_server]: Configuring backup
[behavior_server-10] [INFO] [1789640294.740132688] [behavior_server]: Creating behavior plugin drive_on_heading of type nav2_behaviors/DriveOnHeading
[behavior_server-10] [INFO] [1789640294.740636829] [behavior_server]: Configuring drive_on_heading
[behavior_server-10] [INFO] [1789640294.789709305] [behavior_server]: Creating behavior plugin wait of type nav2_behaviors/Wait
[behavior_server-10] [INFO] [1789640294.792527343] [behavior_server]: Configuring wait
[lifecycle_manager-13] [INFO] [1789640294.819627854] [lifecycle_manager_navigation]: [34m[1mConfiguring bt_navigator[0m[0m
[bt_navigator-11] [INFO] [1789640294.821119867] [bt_navigator]: Configuring
[lifecycle_manager-13] [INFO] [1789640295.326767288] [lifecycle_manager_navigation]: [34m[1mConfiguring waypoint_follower[0m[0m
[waypoint_follower-12] [INFO] [1789640295.329057510] [waypoint_follower]: Configuring
[waypoint_follower-12] [INFO] [1789640295.417532460] [waypoint_follower]: Created waypoint_task_executor : wait_at_waypoint of type nav2_waypoint_follower::WaitAtWaypoint
[waypoint_follower-12] [INFO] [1789640295.421045627] [waypoint_follower]: Waypoint pause duration is set to zero, disabling task executor plugin.
[lifecycle_manager-13] [INFO] [1789640295.422538827] [lifecycle_manager_navigation]: [34m[1mActivating map_server[0m[0m
[map_server-7] [INFO] [1789640295.422791096] [map_server]: Activating
[map_server-7] [INFO] [1789640295.423707634] [map_server]: Creating bond (map_server) to lifecycle manager.
[planner_server-9] [INFO] [1789640295.424823145] [global_costmap.global_costmap]: StaticLayer: Resizing costmap to 676 X 680 at 0.050000 m/pix
[lifecycle_manager-13] [INFO] [1789640295.550914419] [lifecycle_manager_navigation]: Server map_server connected with bond.
[lifecycle_manager-13] [INFO] [1789640295.550978150] [lifecycle_manager_navigation]: [34m[1mActivating controller_server[0m[0m
[controller_server-8] [INFO] [1789640295.555729169] [controller_server]: Activating
[controller_server-8] [INFO] [1789640295.555815316] [local_costmap.local_costmap]: Activating
[controller_server-8] [INFO] [1789640295.555837517] [local_costmap.local_costmap]: Checking transform
[controller_server-8] [INFO] [1789640295.555872855] [local_costmap.local_costmap]: Timed out waiting for transform from base_footprint to odom to become available, tf error: Invalid frame ID "odom" passed to canTransform argument target_frame - frame does not exist
[controller_server-8] [INFO] [1789640296.060227525] [local_costmap.local_costmap]: Timed out waiting for transform from base_footprint to odom to become available, tf error: Invalid frame ID "odom" passed to canTransform argument target_frame - frame does not exist
[controller_server-8] [INFO] [1789640296.556250909] [local_costmap.local_costmap]: Timed out waiting for transform from base_footprint to odom to become available, tf error: Invalid frame ID "odom" passed to canTransform argument target_frame - frame does not exist
[controller_server-8] [INFO] [1789640297.057126440] [local_costmap.local_costmap]: Timed out waiting for transform from base_footprint to odom to become available, tf error: Invalid frame ID "odom" passed to canTransform argument target_frame - frame does not exist
[controller_server-8] [INFO] [1789640297.557662492] [local_costmap.local_costmap]: Timed out waiting for transform from base_footprint to odom to become available, tf error: Invalid frame ID "odom" passed to canTransform argument target_frame - frame does not exist
[controller_server-8] [INFO] [1789640298.057468566] [local_costmap.local_costmap]: Timed out waiting for transform from base_footprint to odom to become available, tf error: Invalid frame ID "odom" passed to canTransform argument target_frame - frame does not exist
[controller_server-8] [INFO] [1789640298.558210179] [local_costmap.local_costmap]: Timed out waiting for transform from base_footprint to odom to become available, tf error: Invalid frame ID "odom" passed to canTransform argument target_frame - frame does not exist
[controller_server-8] [INFO] [1789640299.056142622] [local_costmap.local_costmap]: Timed out waiting for transform from base_footprint to odom to become available, tf error: Invalid frame ID "odom" passed to canTransform argument target_frame - frame does not exist
[controller_server-8] [INFO] [1789640299.555964827] [local_costmap.local_costmap]: Timed out waiting for transform from base_footprint to odom to become available, tf error: Invalid frame ID "odom" passed to canTransform argument target_frame - frame does not exist
[spawn_entity.py-3] [INFO] [1789640299.966505353] [spawn_swerve]: Calling service /spawn_entity
[controller_server-8] [INFO] [1789640300.056233509] [local_costmap.local_costmap]: Timed out waiting for transform from base_footprint to odom to become available, tf error: Invalid frame ID "odom" passed to canTransform argument target_frame - frame does not exist
[gzserver-1] [INFO] [1789640300.126684955] [gazebo_ros_state]: Publishing states of gazebo models at [/model_states]
[gzserver-1] [INFO] [1789640300.127503511] [gazebo_ros_state]: Publishing states of gazebo links at [/link_states]
[controller_server-8] [INFO] [1789640300.559119629] [local_costmap.local_costmap]: Timed out waiting for transform from base_footprint to odom to become available, tf error: Invalid frame ID "odom" passed to canTransform argument target_frame - frame does not exist
[gzserver-1] [INFO] [1789640300.594467849] [imu.imu_ros]: <initial_orientation_as_reference> is unset, using default value of false to comply with REP 145 (world as orientation reference)
[controller_server-8] [INFO] [1789640301.055935204] [local_costmap.local_costmap]: Timed out waiting for transform from base_footprint to odom to become available, tf error: Invalid frame ID "odom" passed to canTransform argument target_frame - frame does not exist
[controller_server-8] [INFO] [1789640301.557017998] [local_costmap.local_costmap]: Timed out waiting for transform from base_footprint to odom to become available, tf error: Invalid frame ID "odom" passed to canTransform argument target_frame - frame does not exist
[controller_server-8] [INFO] [1789640302.056489312] [local_costmap.local_costmap]: Timed out waiting for transform from base_footprint to odom to become available, tf error: Invalid frame ID "odom" passed to canTransform argument target_frame - frame does not exist
[controller_server-8] [INFO] [1789640302.558497987] [local_costmap.local_costmap]: Timed out waiting for transform from base_footprint to odom to become available, tf error: Invalid frame ID "odom" passed to canTransform argument target_frame - frame does not exist
[controller_server-8] [INFO] [1789640303.056820006] [local_costmap.local_costmap]: Timed out waiting for transform from base_footprint to odom to become available, tf error: Invalid frame ID "odom" passed to canTransform argument target_frame - frame does not exist
[controller_server-8] [INFO] [1789640303.556513476] [local_costmap.local_costmap]: Timed out waiting for transform from base_footprint to odom to become available, tf error: Invalid frame ID "odom" passed to canTransform argument target_frame - frame does not exist
[controller_server-8] [INFO] [1789640304.057185863] [local_costmap.local_costmap]: Timed out waiting for transform from base_footprint to odom to become available, tf error: Invalid frame ID "odom" passed to canTransform argument target_frame - frame does not exist
[controller_server-8] [INFO] [1789640304.556820835] [local_costmap.local_costmap]: Timed out waiting for transform from base_footprint to odom to become available, tf error: Invalid frame ID "odom" passed to canTransform argument target_frame - frame does not exist
[controller_server-8] [INFO] [1789640305.059827483] [local_costmap.local_costmap]: Timed out waiting for transform from base_footprint to odom to become available, tf error: Invalid frame ID "odom" passed to canTransform argument target_frame - frame does not exist
[controller_server-8] [INFO] [1789640305.557420074] [local_costmap.local_costmap]: Timed out waiting for transform from base_footprint to odom to become available, tf error: Invalid frame ID "odom" passed to canTransform argument target_frame - frame does not exist
[controller_server-8] [INFO] [1789640306.056799119] [local_costmap.local_costmap]: Timed out waiting for transform from base_footprint to odom to become available, tf error: Invalid frame ID "odom" passed to canTransform argument target_frame - frame does not exist
[controller_server-8] [INFO] [1789640306.556095649] [local_costmap.local_costmap]: Timed out waiting for transform from base_footprint to odom to become available, tf error: Invalid frame ID "odom" passed to canTransform argument target_frame - frame does not exist
[controller_server-8] [INFO] [1789640307.056210872] [local_costmap.local_costmap]: Timed out waiting for transform from base_footprint to odom to become available, tf error: Invalid frame ID "odom" passed to canTransform argument target_frame - frame does not exist
[controller_server-8] [INFO] [1789640307.556015230] [local_costmap.local_costmap]: Timed out waiting for transform from base_footprint to odom to become available, tf error: Invalid frame ID "odom" passed to canTransform argument target_frame - frame does not exist
[controller_server-8] [INFO] [1789640308.058611366] [local_costmap.local_costmap]: Timed out waiting for transform from base_footprint to odom to become available, tf error: Invalid frame ID "odom" passed to canTransform argument target_frame - frame does not exist
[controller_server-8] [INFO] [1789640308.557171807] [local_costmap.local_costmap]: Timed out waiting for transform from base_footprint to odom to become available, tf error: Invalid frame ID "odom" passed to canTransform argument target_frame - frame does not exist
[controller_server-8] [INFO] [1789640309.056715772] [local_costmap.local_costmap]: Timed out waiting for transform from base_footprint to odom to become available, tf error: Invalid frame ID "odom" passed to canTransform argument target_frame - frame does not exist
[controller_server-8] [INFO] [1789640309.563095777] [local_costmap.local_costmap]: Timed out waiting for transform from base_footprint to odom to become available, tf error: Invalid frame ID "odom" passed to canTransform argument target_frame - frame does not exist
[controller_server-8] [INFO] [1789640310.056553365] [local_costmap.local_costmap]: Timed out waiting for transform from base_footprint to odom to become available, tf error: Invalid frame ID "odom" passed to canTransform argument target_frame - frame does not exist
[controller_server-8] [INFO] [1789640310.556706028] [local_costmap.local_costmap]: Timed out waiting for transform from base_footprint to odom to become available, tf error: Invalid frame ID "odom" passed to canTransform argument target_frame - frame does not exist
[controller_server-8] [INFO] [1789640311.056087264] [local_costmap.local_costmap]: Timed out waiting for transform from base_footprint to odom to become available, tf error: Invalid frame ID "odom" passed to canTransform argument target_frame - frame does not exist
[controller_server-8] [INFO] [1789640311.556745137] [local_costmap.local_costmap]: Timed out waiting for transform from base_footprint to odom to become available, tf error: Invalid frame ID "odom" passed to canTransform argument target_frame - frame does not exist
[controller_server-8] [INFO] [1789640312.056104510] [local_costmap.local_costmap]: Timed out waiting for transform from base_footprint to odom to become available, tf error: Invalid frame ID "odom" passed to canTransform argument target_frame - frame does not exist
[controller_server-8] [INFO] [1789640312.555994036] [local_costmap.local_costmap]: Timed out waiting for transform from base_footprint to odom to become available, tf error: Invalid frame ID "odom" passed to canTransform argument target_frame - frame does not exist
[controller_server-8] [INFO] [1789640313.055985706] [local_costmap.local_costmap]: Timed out waiting for transform from base_footprint to odom to become available, tf error: Invalid frame ID "odom" passed to canTransform argument target_frame - frame does not exist
[controller_server-8] [INFO] [1789640313.558840138] [local_costmap.local_costmap]: Timed out waiting for transform from base_footprint to odom to become available, tf error: Invalid frame ID "odom" passed to canTransform argument target_frame - frame does not exist
[controller_server-8] [INFO] [1789640314.056389163] [local_costmap.local_costmap]: Timed out waiting for transform from base_footprint to odom to become available, tf error: Invalid frame ID "odom" passed to canTransform argument target_frame - frame does not exist
[spawn_entity.py-3] [INFO] [1789640314.129393233] [spawn_swerve]: Spawn status: SpawnEntity: Successfully spawned entity [swerve_base]
[gzserver-1] [INFO] [1789640314.300330306] [gazebo_ros2_control]: Loading gazebo_ros2_control plugin
[gzserver-1] [INFO] [1789640314.379722670] [gazebo_ros2_control]: Starting gazebo_ros2_control plugin in namespace: /
[gzserver-1] [INFO] [1789640314.381007325] [gazebo_ros2_control]: Starting gazebo_ros2_control plugin in ros 2 node: gazebo_ros2_control
[INFO] [spawn_entity.py-3]: process has finished cleanly [pid 170244]
[gzserver-1] [INFO] [1789640314.459303496] [gazebo_ros2_control]: connected to service!! robot_state_publisher
[INFO] [spawner-15]: process started with pid [170509]
[gzserver-1] [INFO] [1789640314.464892104] [gazebo_ros2_control]: Received urdf from param server, parsing...
[gzserver-1] [INFO] [1789640314.473124776] [gazebo_ros2_control]: Loading parameter files /home/yahboom/swerve_bringup/install/swerve_bringup/share/swerve_bringup/config/controllers.yaml
[gzserver-1] [INFO] [1789640314.516376167] [gazebo_ros2_control]: Loading joint: steer_front_joint
[gzserver-1] [INFO] [1789640314.516436475] [gazebo_ros2_control]: 	State:
[gzserver-1] [INFO] [1789640314.516449897] [gazebo_ros2_control]: 		 position
[gzserver-1] [INFO] [1789640314.516462354] [gazebo_ros2_control]: 		 velocity
[gzserver-1] [INFO] [1789640314.516472762] [gazebo_ros2_control]: 	Command:
[gzserver-1] [INFO] [1789640314.516481432] [gazebo_ros2_control]: 		 position
[gzserver-1] [INFO] [1789640314.522204920] [gazebo_ros2_control]: Loading joint: steer_rear_joint
[gzserver-1] [INFO] [1789640314.522265892] [gazebo_ros2_control]: 	State:
[gzserver-1] [INFO] [1789640314.522279926] [gazebo_ros2_control]: 		 position
[gzserver-1] [INFO] [1789640314.522291927] [gazebo_ros2_control]: 		 velocity
[gzserver-1] [INFO] [1789640314.522303246] [gazebo_ros2_control]: 	Command:
[gzserver-1] [INFO] [1789640314.522312724] [gazebo_ros2_control]: 		 position
[gzserver-1] [INFO] [1789640314.522605528] [gazebo_ros2_control]: Loading joint: wheel_front_drive_joint
[gzserver-1] [INFO] [1789640314.524310744] [gazebo_ros2_control]: 	State:
[gzserver-1] [INFO] [1789640314.524341336] [gazebo_ros2_control]: 		 position
[gzserver-1] [INFO] [1789640314.524354787] [gazebo_ros2_control]: 		 velocity
[gzserver-1] [INFO] [1789640314.524365350] [gazebo_ros2_control]: 	Command:
[gzserver-1] [INFO] [1789640314.524390588] [gazebo_ros2_control]: 		 velocity
[gzserver-1] [INFO] [1789640314.530516117] [gazebo_ros2_control]: Loading joint: wheel_rear_drive_joint
[gzserver-1] [INFO] [1789640314.530591491] [gazebo_ros2_control]: 	State:
[gzserver-1] [INFO] [1789640314.530606597] [gazebo_ros2_control]: 		 position
[gzserver-1] [INFO] [1789640314.530617985] [gazebo_ros2_control]: 		 velocity
[gzserver-1] [INFO] [1789640314.530627550] [gazebo_ros2_control]: 	Command:
[gzserver-1] [INFO] [1789640314.530658593] [gazebo_ros2_control]: 		 velocity
[gzserver-1] [INFO] [1789640314.531200557] [resource_manager]: Initialize hardware 'GazeboSystem' 
[gzserver-1] [INFO] [1789640314.531501459] [resource_manager]: Successful initialization of hardware 'GazeboSystem'
[gzserver-1] [INFO] [1789640314.531667463] [resource_manager]: 'configure' hardware 'GazeboSystem' 
[gzserver-1] [INFO] [1789640314.531685700] [resource_manager]: Successful 'configure' of hardware 'GazeboSystem'
[gzserver-1] [INFO] [1789640314.531694918] [resource_manager]: 'activate' hardware 'GazeboSystem' 
[gzserver-1] [INFO] [1789640314.531702192] [resource_manager]: Successful 'activate' of hardware 'GazeboSystem'
[gzserver-1] [INFO] [1789640314.531824082] [gazebo_ros2_control]: Loading controller_manager
[controller_server-8] [INFO] [1789640314.556452113] [local_costmap.local_costmap]: Timed out waiting for transform from base_footprint to odom to become available, tf error: Invalid frame ID "odom" passed to canTransform argument target_frame - frame does not exist
[gzserver-1] [WARN] [1789640314.733105392] [gazebo_ros2_control]:  Desired controller update period (0.01 s) is slower than the gazebo simulation period (0.001 s).
[gzserver-1] [INFO] [1789640314.734798627] [gazebo_ros2_control]: Loaded gazebo_ros2_control.
[controller_server-8] [INFO] [1789640315.057259972] [local_costmap.local_costmap]: start
[controller_server-8] [INFO] [1789640315.229871925] [controller_server]: Creating bond (controller_server) to lifecycle manager.
[lifecycle_manager-13] [INFO] [1789640315.349739653] [lifecycle_manager_navigation]: Server controller_server connected with bond.
[lifecycle_manager-13] [INFO] [1789640315.349815889] [lifecycle_manager_navigation]: [34m[1mActivating planner_server[0m[0m
[planner_server-9] [INFO] [1789640315.358121932] [planner_server]: Activating
[planner_server-9] [INFO] [1789640315.364052167] [global_costmap.global_costmap]: Activating
[planner_server-9] [INFO] [1789640315.367462081] [global_costmap.global_costmap]: Checking transform
[planner_server-9] [INFO] [1789640315.367504301] [global_costmap.global_costmap]: Timed out waiting for transform from base_footprint to map to become available, tf error: Invalid frame ID "map" passed to canTransform argument target_frame - frame does not exist
[spawner-15] [INFO] [1789640315.804601743] [spawn_joint_state_broadcaster]: waiting for service /controller_manager/list_controllers to become available...
[planner_server-9] [INFO] [1789640315.869585869] [global_costmap.global_costmap]: start
[planner_server-9] [INFO] [1789640316.421975429] [planner_server]: Activating plugin GridBased of type NavfnPlanner
[planner_server-9] [INFO] [1789640316.440089404] [planner_server]: Creating bond (planner_server) to lifecycle manager.
[lifecycle_manager-13] [INFO] [1789640316.564315262] [lifecycle_manager_navigation]: Server planner_server connected with bond.
[lifecycle_manager-13] [INFO] [1789640316.565602243] [lifecycle_manager_navigation]: [34m[1mActivating behavior_server[0m[0m
[behavior_server-10] [INFO] [1789640316.566776815] [behavior_server]: Activating
[behavior_server-10] [INFO] [1789640316.566845864] [behavior_server]: Activating spin
[behavior_server-10] [INFO] [1789640316.566866830] [behavior_server]: Activating backup
[behavior_server-10] [INFO] [1789640316.566879386] [behavior_server]: Activating drive_on_heading
[behavior_server-10] [INFO] [1789640316.566889577] [behavior_server]: Activating wait
[behavior_server-10] [INFO] [1789640316.566905917] [behavior_server]: Creating bond (behavior_server) to lifecycle manager.
[lifecycle_manager-13] [INFO] [1789640316.694958925] [lifecycle_manager_navigation]: Server behavior_server connected with bond.
[lifecycle_manager-13] [INFO] [1789640316.695029343] [lifecycle_manager_navigation]: [34m[1mActivating bt_navigator[0m[0m
[bt_navigator-11] [INFO] [1789640316.696371164] [bt_navigator]: Activating
[gzserver-1] [INFO] [1789640316.795428279] [controller_manager]: Loading controller 'joint_state_broadcaster'
[spawner-15] [INFO] [1789640317.065724724] [spawn_joint_state_broadcaster]: [94mLoaded [1mjoint_state_broadcaster[0m
[gzserver-1] [INFO] [1789640317.077016933] [controller_manager]: Configuring controller 'joint_state_broadcaster'
[gzserver-1] [INFO] [1789640317.077670393] [joint_state_broadcaster]: 'joints' or 'interfaces' parameter is empty. All available state interfaces will be published
[spawner-15] [INFO] [1789640317.176391446] [spawn_joint_state_broadcaster]: [92mConfigured and activated [1mjoint_state_broadcaster[0m
[bt_navigator-11] [INFO] [1789640317.513053167] [bt_navigator]: Creating bond (bt_navigator) to lifecycle manager.
[lifecycle_manager-13] [INFO] [1789640317.628311168] [lifecycle_manager_navigation]: Server bt_navigator connected with bond.
[lifecycle_manager-13] [INFO] [1789640317.628390953] [lifecycle_manager_navigation]: [34m[1mActivating waypoint_follower[0m[0m
[waypoint_follower-12] [INFO] [1789640317.629491578] [waypoint_follower]: Activating
[waypoint_follower-12] [INFO] [1789640317.629567764] [waypoint_follower]: Creating bond (waypoint_follower) to lifecycle manager.
[INFO] [spawner-15]: process has finished cleanly [pid 170509]
[INFO] [spawner-16]: process started with pid [170528]
[lifecycle_manager-13] [INFO] [1789640317.760757077] [lifecycle_manager_navigation]: Server waypoint_follower connected with bond.
[lifecycle_manager-13] [INFO] [1789640317.760827835] [lifecycle_manager_navigation]: [34m[1mManaged nodes are active[0m[0m
[lifecycle_manager-13] [INFO] [1789640317.760844868] [lifecycle_manager_navigation]: [34m[1mCreating bond timer...[0m[0m
[spawner-16] [INFO] [1789640318.983453090] [spawn_steering_controller]: waiting for service /controller_manager/list_controllers to become available...
[gzserver-1] [INFO] [1789640321.778490125] [controller_manager]: Loading controller 'steering_controller'
[spawner-16] [INFO] [1789640322.209953479] [spawn_steering_controller]: [94mLoaded [1msteering_controller[0m
[gzserver-1] [INFO] [1789640322.222144419] [controller_manager]: Configuring controller 'steering_controller'
[gzserver-1] [INFO] [1789640322.228313711] [steering_controller]: configure successful
[gzserver-1] [INFO] [1789640322.273283689] [steering_controller]: activate successful
[spawner-16] [INFO] [1789640322.299224815] [spawn_steering_controller]: [92mConfigured and activated [1msteering_controller[0m
[INFO] [spawner-16]: process has finished cleanly [pid 170528]
[INFO] [spawner-17]: process started with pid [170540]
[spawner-17] [INFO] [1789640324.258279613] [spawn_drive_controller]: waiting for service /controller_manager/list_controllers to become available...
[gzserver-1] [INFO] [1789640324.836082658] [controller_manager]: Loading controller 'drive_controller'
[spawner-17] [INFO] [1789640325.204659094] [spawn_drive_controller]: [94mLoaded [1mdrive_controller[0m
[gzserver-1] [INFO] [1789640325.213560151] [controller_manager]: Configuring controller 'drive_controller'
[gzserver-1] [INFO] [1789640325.214437261] [drive_controller]: configure successful
[gzserver-1] [INFO] [1789640325.241331124] [drive_controller]: activate successful
[spawner-17] [INFO] [1789640325.255801075] [spawn_drive_controller]: [92mConfigured and activated [1mdrive_controller[0m
[INFO] [spawner-17]: process has finished cleanly [pid 170540]
[INFO] [swerve_controller_node-18]: process started with pid [170579]
[INFO] [swerve_odometry_node-19]: process started with pid [170581]
[swerve_odometry_node-19] [INFO] [1789640327.365939389] [swerve_odometry]: Encoder odometry ready: radius=0.0637 m, velocity_sign=+1.0
[swerve_controller_node-18] [INFO] [1789640327.402817923] [swerve_controller]: Swerve controller ready: radius=0.0675 m, modules={'front': (0.300042, 0.0), 'rear': (-0.300042, 0.0)}
[WARNING] [launch]: user interrupted with ctrl-c (SIGINT)
[ekf_node-6] [INFO] [1789640377.745255871] [rclcpp]: signal_handler(signum=2)
[planner_server-9] [INFO] [1789640377.745304987] [rclcpp]: signal_handler(signum=2)
[planner_server-9] [INFO] [1789640377.746357713] [planner_server]: Running Nav2 LifecycleNode rcl preshutdown (planner_server)
[planner_server-9] [INFO] [1789640377.746451903] [planner_server]: Deactivating
[planner_server-9] [INFO] [1789640377.746497138] [global_costmap.global_costmap]: Deactivating
[behavior_server-10] [INFO] [1789640377.745359185] [rclcpp]: signal_handler(signum=2)
[behavior_server-10] [INFO] [1789640377.745993992] [behavior_server]: Running Nav2 LifecycleNode rcl preshutdown (behavior_server)
[behavior_server-10] [INFO] [1789640377.748981015] [behavior_server]: Deactivating
[behavior_server-10] [INFO] [1789640377.749028130] [behavior_server]: Destroying bond (behavior_server) to lifecycle manager.
[bt_navigator-11] [INFO] [1789640377.745534374] [rclcpp]: signal_handler(signum=2)
[bt_navigator-11] [INFO] [1789640377.745921505] [bt_navigator]: Running Nav2 LifecycleNode rcl preshutdown (bt_navigator)
[bt_navigator-11] [INFO] [1789640377.746012023] [bt_navigator]: Deactivating
[bt_navigator-11] [INFO] [1789640377.746047677] [bt_navigator]: Destroying bond (bt_navigator) to lifecycle manager.
[robot_state_publisher-2] [INFO] [1789640377.745578304] [rclcpp]: signal_handler(signum=2)
[ekf_node-4] [INFO] [1789640377.745610611] [rclcpp]: signal_handler(signum=2)
[waypoint_follower-12] [INFO] [1789640377.745708540] [rclcpp]: signal_handler(signum=2)
[waypoint_follower-12] [INFO] [1789640377.748220154] [waypoint_follower]: Running Nav2 LifecycleNode rcl preshutdown (waypoint_follower)
[waypoint_follower-12] [INFO] [1789640377.748301797] [waypoint_follower]: Deactivating
[waypoint_follower-12] [INFO] [1789640377.748330981] [waypoint_follower]: Destroying bond (waypoint_follower) to lifecycle manager.
[lifecycle_manager-13] [INFO] [1789640377.745780530] [rclcpp]: signal_handler(signum=2)
[lifecycle_manager-13] [INFO] [1789640377.748774811] [lifecycle_manager_navigation]: Running Nav2 LifecycleManager rcl preshutdown (lifecycle_manager_navigation)
[lifecycle_manager-13] [INFO] [1789640377.748854425] [lifecycle_manager_navigation]: [34m[1mTerminating bond timer...[0m[0m
[INFO] [swerve_odometry_node-19]: sending signal 'SIGINT' to process[swerve_odometry_node-19]
[INFO] [swerve_controller_node-18]: sending signal 'SIGINT' to process[swerve_controller_node-18]
[INFO] [lifecycle_manager-13]: sending signal 'SIGINT' to process[lifecycle_manager-13]
[INFO] [waypoint_follower-12]: sending signal 'SIGINT' to process[waypoint_follower-12]
[INFO] [bt_navigator-11]: sending signal 'SIGINT' to process[bt_navigator-11]
[INFO] [behavior_server-10]: sending signal 'SIGINT' to process[behavior_server-10]
[INFO] [planner_server-9]: sending signal 'SIGINT' to process[planner_server-9]
[INFO] [controller_server-8]: sending signal 'SIGINT' to process[controller_server-8]
[INFO] [map_server-7]: sending signal 'SIGINT' to process[map_server-7]
[INFO] [ekf_node-6]: sending signal 'SIGINT' to process[ekf_node-6]
[INFO] [v30e_sim_node-5]: sending signal 'SIGINT' to process[v30e_sim_node-5]
[INFO] [ekf_node-4]: sending signal 'SIGINT' to process[ekf_node-4]
[INFO] [robot_state_publisher-2]: sending signal 'SIGINT' to process[robot_state_publisher-2]
[INFO] [gzserver-1]: sending signal 'SIGINT' to process[gzserver-1]
[ERROR] [ekf_node-6]: process has died [pid 170250, exit code -2, cmd '/opt/ros/humble/lib/robot_localization/ekf_node --ros-args -r __node:=ekf_v30e --params-file /home/yahboom/swerve_bringup/install/swerve_bringup/share/swerve_bringup/config/v30e_localization_ekf.yaml --params-file /tmp/launch_params_pfjngr5r -r odometry/filtered:=/odometry/v30e'].
[map_server-7] [INFO] [1789640377.753780588] [rclcpp]: signal_handler(signum=2)
[map_server-7] [INFO] [1789640377.754840991] [map_server]: Running Nav2 LifecycleNode rcl preshutdown (map_server)
[map_server-7] [INFO] [1789640377.754941111] [map_server]: Deactivating
[map_server-7] [INFO] [1789640377.754975099] [map_server]: Destroying bond (map_server) to lifecycle manager.
[controller_server-8] [INFO] [1789640377.754991134] [rclcpp]: signal_handler(signum=2)
[controller_server-8] [INFO] [1789640377.757150909] [controller_server]: Running Nav2 LifecycleNode rcl preshutdown (controller_server)
[controller_server-8] [INFO] [1789640377.757230341] [controller_server]: Deactivating
[controller_server-8] [INFO] [1789640377.757278217] [local_costmap.local_costmap]: Deactivating
[bt_navigator-11] [INFO] [1789640377.776027365] [bt_navigator]: Cleaning up
[waypoint_follower-12] [INFO] [1789640377.792122062] [waypoint_follower]: Cleaning up
[swerve_odometry_node-19] Traceback (most recent call last):
[swerve_odometry_node-19]   File "/home/yahboom/swerve_bringup/install/swerve_bringup/lib/swerve_bringup/swerve_odometry_node", line 221, in <module>
[swerve_odometry_node-19]     main()
[swerve_odometry_node-19]   File "/home/yahboom/swerve_bringup/install/swerve_bringup/lib/swerve_bringup/swerve_odometry_node", line 215, in main
[swerve_controller_node-18] Traceback (most recent call last):
[swerve_controller_node-18]   File "/home/yahboom/swerve_bringup/install/swerve_bringup/lib/swerve_bringup/swerve_controller_node", line 192, in <module>
[swerve_controller_node-18]     main()
[swerve_controller_node-18]   File "/home/yahboom/swerve_bringup/install/swerve_bringup/lib/swerve_bringup/swerve_controller_node", line 184, in main
[swerve_controller_node-18]     node.steer_pub.publish(Float64MultiArray(data=[
[swerve_controller_node-18]   File "/opt/ros/humble/local/lib/python3.10/dist-packages/rclpy/publisher.py", line 70, in publish
[swerve_controller_node-18]     self.__publisher.publish(msg)
[swerve_controller_node-18] rclpy._rclpy_pybind11.RCLError: Failed to publish: publisher's context is invalid, at ./src/rcl/publisher.c:389
[swerve_controller_node-18] Error in sys.excepthook:
[swerve_controller_node-18] Traceback (most recent call last):
[swerve_controller_node-18]   File "/usr/lib/python3/dist-packages/apport_python_hook.py", line 72, in apport_excepthook
[swerve_controller_node-18]     from apport.fileutils import likely_packaged, get_recent_crashes
[swerve_controller_node-18]   File "/usr/lib/python3/dist-packages/apport/__init__.py", line 5, in <module>
[swerve_controller_node-18]     from apport.report import Report
[swerve_controller_node-18]   File "/usr/lib/python3/dist-packages/apport/report.py", line 16, in <module>
[swerve_controller_node-18]     from xml.parsers.expat import ExpatError
[swerve_controller_node-18]   File "<frozen importlib._bootstrap>", line 1027, in _find_and_load
[swerve_controller_node-18]   File "<frozen importlib._bootstrap>", line 1006, in _find_and_load_unlocked
[swerve_controller_node-18]   File "<frozen importlib._bootstrap>", line 688, in _load_unlocked
[swerve_controller_node-18]   File "<frozen importlib._bootstrap_external>", line 879, in exec_module
[swerve_controller_node-18]   File "<frozen importlib._bootstrap_external>", line 984, in get_code
[swerve_controller_node-18]   File "<frozen importlib._bootstrap_external>", line 602, in _classify_pyc
[swerve_controller_node-18] KeyboardInterrupt
[swerve_controller_node-18] 
[swerve_controller_node-18] Original exception was:
[swerve_controller_node-18] Traceback (most recent call last):
[swerve_controller_node-18]   File "/home/yahboom/swerve_bringup/install/swerve_bringup/lib/swerve_bringup/swerve_controller_node", line 192, in <module>
[swerve_controller_node-18]     main()
[swerve_controller_node-18]   File "/home/yahboom/swerve_bringup/install/swerve_bringup/lib/swerve_bringup/swerve_controller_node", line 184, in main
[swerve_controller_node-18]     node.steer_pub.publish(Float64MultiArray(data=[
[swerve_controller_node-18]   File "/opt/ros/humble/local/lib/python3.10/dist-packages/rclpy/publisher.py", line 70, in publish
[swerve_controller_node-18]     self.__publisher.publish(msg)
[swerve_controller_node-18] rclpy._rclpy_pybind11.RCLError: Failed to publish: publisher's context is invalid, at ./src/rcl/publisher.c:389
[swerve_odometry_node-19]     node.destroy_node()
[swerve_odometry_node-19]   File "/opt/ros/humble/local/lib/python3.10/dist-packages/rclpy/node.py", line 1685, in destroy_node
[swerve_odometry_node-19]     self.destroy_publisher(self._publishers[0])
[swerve_odometry_node-19]   File "/opt/ros/humble/local/lib/python3.10/dist-packages/rclpy/node.py", line 1565, in destroy_publisher
[swerve_odometry_node-19]     publisher.destroy()
[swerve_odometry_node-19]   File "/opt/ros/humble/local/lib/python3.10/dist-packages/rclpy/publisher.py", line 99, in destroy
[swerve_odometry_node-19]     self.__publisher.destroy_when_not_in_use()
[swerve_odometry_node-19] KeyboardInterrupt
[behavior_server-10] [INFO] [1789640377.813123225] [behavior_server]: Cleaning up
[lifecycle_manager-13] [INFO] [1789640377.813967262] [rclcpp]: signal_handler(signum=2)
[map_server-7] [INFO] [1789640377.814617079] [map_server]: Cleaning up
[map_server-7] [INFO] [1789640377.814754879] [map_server]: Destroying bond (map_server) to lifecycle manager.
[controller_server-8] [INFO] [1789640377.816695989] [controller_server]: Destroying bond (controller_server) to lifecycle manager.
[waypoint_follower-12] [INFO] [1789640377.820313732] [rclcpp]: signal_handler(signum=2)
[bt_navigator-11] [INFO] [1789640377.830085339] [rclcpp]: signal_handler(signum=2)
[behavior_server-10] [INFO] [1789640377.843809689] [rclcpp]: signal_handler(signum=2)
[planner_server-9] [INFO] [1789640377.853944000] [rclcpp]: signal_handler(signum=2)
[controller_server-8] [INFO] [1789640377.860059422] [controller_server]: Cleaning up
[controller_server-8] [INFO] [1789640377.860244724] [local_costmap.local_costmap]: Cleaning up
[controller_server-8] [INFO] [1789640377.860471546] [rclcpp]: signal_handler(signum=2)
[planner_server-9] [INFO] [1789640377.882975009] [planner_server]: Deactivating plugin GridBased of type NavfnPlanner
[planner_server-9] [INFO] [1789640377.883030677] [planner_server]: Destroying bond (planner_server) to lifecycle manager.
[map_server-7] [INFO] [1789640377.888258418] [rclcpp]: signal_handler(signum=2)
[ERROR] [ekf_node-4]: process has died [pid 170246, exit code -2, cmd '/opt/ros/humble/lib/robot_localization/ekf_node --ros-args -r __node:=ekf_filter_node --params-file /home/yahboom/swerve_bringup/install/swerve_bringup/share/swerve_bringup/config/ekf.yaml --params-file /tmp/launch_params_r6bvzy_a -r /odom:=/odom -r /imu/data:=/imu/data'].
[map_server-7] [INFO] [1789640377.902933356] [map_server]: Destroying
[robot_state_publisher-2] [INFO] [1789640377.916493916] [rclcpp]: signal_handler(signum=2)
[v30e_sim_node-5] Traceback (most recent call last):
[v30e_sim_node-5]   File "/home/yahboom/swerve_bringup/install/swerve_bringup/lib/swerve_bringup/v30e_sim_node", line 188, in <module>
[v30e_sim_node-5]     if __name__ == '__main__': main()
[v30e_sim_node-5]   File "/home/yahboom/swerve_bringup/install/swerve_bringup/lib/swerve_bringup/v30e_sim_node", line 185, in main
[v30e_sim_node-5]     node.destroy_node(); rclpy.shutdown()
[v30e_sim_node-5]   File "/opt/ros/humble/local/lib/python3.10/dist-packages/rclpy/node.py", line 1687, in destroy_node
[v30e_sim_node-5]     self.destroy_subscription(self._subscriptions[0])
[v30e_sim_node-5]   File "/opt/ros/humble/local/lib/python3.10/dist-packages/rclpy/node.py", line 1583, in destroy_subscription
[v30e_sim_node-5]     subscription.destroy()
[v30e_sim_node-5]   File "/opt/ros/humble/local/lib/python3.10/dist-packages/rclpy/subscription.py", line 80, in destroy
[v30e_sim_node-5]     self.handle.destroy_when_not_in_use()
[v30e_sim_node-5] KeyboardInterrupt
[planner_server-9] [INFO] [1789640377.973480498] [planner_server]: Cleaning up
[behavior_server-10] [INFO] [1789640378.012588240] [behavior_server]: Destroying bond (behavior_server) to lifecycle manager.
[waypoint_follower-12] [INFO] [1789640378.038669923] [waypoint_follower]: Destroying bond (waypoint_follower) to lifecycle manager.
[waypoint_follower-12] [INFO] [1789640378.043624159] [waypoint_follower]: Destroying
[INFO] [robot_state_publisher-2]: process has finished cleanly [pid 170242]
[planner_server-9] [INFO] [1789640378.151758943] [global_costmap.global_costmap]: Cleaning up
[INFO] [map_server-7]: process has finished cleanly [pid 170253]
[behavior_server-10] [INFO] [1789640378.181275243] [behavior_server]: Destroying
[lifecycle_manager-13] [INFO] [1789640378.187001007] [lifecycle_manager_navigation]: Destroying lifecycle_manager_navigation
[controller_server-8] [INFO] [1789640378.198738064] [controller_server]: Destroying bond (controller_server) to lifecycle manager.
[planner_server-9] [INFO] [1789640378.210277577] [planner_server]: Cleaning up plugin GridBased of type NavfnPlanner
[planner_server-9] [INFO] [1789640378.210417228] [planner_server]: Destroying plugin GridBased of type NavfnPlanner
[ERROR] [v30e_sim_node-5]: process has died [pid 170248, exit code -2, cmd '/home/yahboom/swerve_bringup/install/swerve_bringup/lib/swerve_bringup/v30e_sim_node --ros-args -r __node:=v30e_sim_node --params-file /home/yahboom/swerve_bringup/install/swerve_bringup/share/swerve_bringup/config/v30e_sim.yaml --params-file /tmp/launch_params_aq6rqd6v'].
[controller_server-8] [INFO] [1789640378.245775003] [local_costmap.local_costmap]: Destroying
[ERROR] [swerve_controller_node-18]: process has died [pid 170579, exit code 1, cmd '/home/yahboom/swerve_bringup/install/swerve_bringup/lib/swerve_bringup/swerve_controller_node --ros-args -r __node:=swerve_controller --params-file /home/yahboom/swerve_bringup/install/swerve_bringup/share/swerve_bringup/config/swerve_controller.yaml --params-file /tmp/launch_params_acq81ub5'].
[planner_server-9] [INFO] [1789640378.262965926] [planner_server]: Destroying bond (planner_server) to lifecycle manager.
[ERROR] [swerve_odometry_node-19]: process has died [pid 170581, exit code -2, cmd '/home/yahboom/swerve_bringup/install/swerve_bringup/lib/swerve_bringup/swerve_odometry_node --ros-args -r __node:=swerve_odometry --params-file /home/yahboom/swerve_bringup/install/swerve_bringup/share/swerve_bringup/config/swerve_odometry.yaml --params-file /tmp/launch_params_zzcbewh5'].
[planner_server-9] [INFO] [1789640378.275795524] [global_costmap.global_costmap]: Destroying
[controller_server-8] [INFO] [1789640378.292863183] [controller_server]: Destroying
[INFO] [waypoint_follower-12]: process has finished cleanly [pid 170279]
[planner_server-9] [INFO] [1789640378.309598765] [planner_server]: Destroying
[INFO] [lifecycle_manager-13]: process has finished cleanly [pid 170292]
[INFO] [behavior_server-10]: process has finished cleanly [pid 170268]
[bt_navigator-11] [INFO] [1789640378.399546298] [bt_navigator]: Completed Cleaning up
[bt_navigator-11] [INFO] [1789640378.399639965] [bt_navigator]: Destroying bond (bt_navigator) to lifecycle manager.
[bt_navigator-11] [INFO] [1789640378.410535603] [bt_navigator]: Destroying
[INFO] [controller_server-8]: process has finished cleanly [pid 170255]
[INFO] [planner_server-9]: process has finished cleanly [pid 170262]
[INFO] [bt_navigator-11]: process has finished cleanly [pid 170275]
[INFO] [gzserver-1]: process has finished cleanly [pid 170240]
