[INFO] [launch]: All log files can be found below /home/yahboom/.ros/log/2026-09-17-23-44-14-053763-yahboom-virtual-machine-227293
[INFO] [launch]: Default logging verbosity is set to INFO
[INFO] [launch.user]: CONTACT_DIAGNOSTICS=true
[INFO] [gzserver-1]: process started with pid [227355]
[INFO] [robot_state_publisher-2]: process started with pid [227357]
[INFO] [spawn_entity.py-3]: process started with pid [227359]
[INFO] [ekf_node-4]: process started with pid [227361]
[INFO] [v30e_sim_node-5]: process started with pid [227363]
[INFO] [ekf_node-6]: process started with pid [227365]
[INFO] [map_server-7]: process started with pid [227368]
[INFO] [controller_server-8]: process started with pid [227378]
[INFO] [planner_server-9]: process started with pid [227387]
[INFO] [behavior_server-10]: process started with pid [227390]
[INFO] [bt_navigator-11]: process started with pid [227392]
[INFO] [waypoint_follower-12]: process started with pid [227398]
[INFO] [lifecycle_manager-13]: process started with pid [227406]
[INFO] [swerve_bridge_node-14]: process started with pid [227416]
[robot_state_publisher-2] [INFO] [1789659857.404047492] [robot_state_publisher]: got segment base_footprint
[robot_state_publisher-2] [INFO] [1789659857.404257018] [robot_state_publisher]: got segment base_link
[robot_state_publisher-2] [INFO] [1789659857.404281258] [robot_state_publisher]: got segment imu_link
[robot_state_publisher-2] [INFO] [1789659857.404290074] [robot_state_publisher]: got segment lidar_link
[robot_state_publisher-2] [INFO] [1789659857.404297635] [robot_state_publisher]: got segment steer_front_link
[robot_state_publisher-2] [INFO] [1789659857.404305292] [robot_state_publisher]: got segment steer_rear_link
[robot_state_publisher-2] [INFO] [1789659857.404312368] [robot_state_publisher]: got segment v30e_link
[robot_state_publisher-2] [INFO] [1789659857.404319200] [robot_state_publisher]: got segment wheel_front_drive_link
[robot_state_publisher-2] [INFO] [1789659857.404326800] [robot_state_publisher]: got segment wheel_front_left_fork_link
[robot_state_publisher-2] [INFO] [1789659857.404334189] [robot_state_publisher]: got segment wheel_front_left_link
[robot_state_publisher-2] [INFO] [1789659857.404341118] [robot_state_publisher]: got segment wheel_front_right_fork_link
[robot_state_publisher-2] [INFO] [1789659857.404347766] [robot_state_publisher]: got segment wheel_front_right_link
[robot_state_publisher-2] [INFO] [1789659857.404354746] [robot_state_publisher]: got segment wheel_rear_drive_link
[robot_state_publisher-2] [INFO] [1789659857.404361302] [robot_state_publisher]: got segment wheel_rear_left_fork_link
[robot_state_publisher-2] [INFO] [1789659857.404368200] [robot_state_publisher]: got segment wheel_rear_left_link
[robot_state_publisher-2] [INFO] [1789659857.404374891] [robot_state_publisher]: got segment wheel_rear_right_fork_link
[robot_state_publisher-2] [INFO] [1789659857.404381477] [robot_state_publisher]: got segment wheel_rear_right_link
[swerve_bridge_node-14] Traceback (most recent call last):
[swerve_bridge_node-14]   File "/home/yahboom/swerve_bringup/install/swerve_bridge/lib/swerve_bridge/swerve_bridge_node", line 33, in <module>
[swerve_bridge_node-14]     sys.exit(load_entry_point('swerve-bridge', 'console_scripts', 'swerve_bridge_node')())
[swerve_bridge_node-14]   File "/home/yahboom/swerve_bringup/install/swerve_bridge/lib/swerve_bridge/swerve_bridge_node", line 22, in importlib_load_entry_point
[swerve_bridge_node-14]     for entry_point in distribution(dist_name).entry_points
[swerve_bridge_node-14]   File "/usr/lib/python3.10/importlib/metadata/__init__.py", line 969, in distribution
[swerve_bridge_node-14]     return Distribution.from_name(distribution_name)
[swerve_bridge_node-14]   File "/usr/lib/python3.10/importlib/metadata/__init__.py", line 548, in from_name
[swerve_bridge_node-14]     raise PackageNotFoundError(name)
[swerve_bridge_node-14] importlib.metadata.PackageNotFoundError: No package metadata was found for swerve-bridge
[map_server-7] [INFO] [1789659857.893282270] [map_server]: 
[map_server-7] 	map_server lifecycle node launched. 
[map_server-7] 	Waiting on external lifecycle transitions to activate
[map_server-7] 	See https://design.ros2.org/articles/node_lifecycle.html for more information.
[map_server-7] [INFO] [1789659857.893481623] [map_server]: Creating
[ERROR] [swerve_bridge_node-14]: process has died [pid 227416, exit code 1, cmd '/home/yahboom/swerve_bringup/install/swerve_bridge/lib/swerve_bridge/swerve_bridge_node --ros-args -r __node:=swerve_bridge --params-file /home/yahboom/swerve_bringup/install/swerve_bridge/share/swerve_bridge/config/bridge.yaml --params-file /tmp/launch_params_aoog6_od'].
[bt_navigator-11] [INFO] [1789659857.929753960] [bt_navigator]: 
[bt_navigator-11] 	bt_navigator lifecycle node launched. 
[bt_navigator-11] 	Waiting on external lifecycle transitions to activate
[bt_navigator-11] 	See https://design.ros2.org/articles/node_lifecycle.html for more information.
[bt_navigator-11] [INFO] [1789659857.929932190] [bt_navigator]: Creating
[behavior_server-10] [INFO] [1789659857.948851153] [behavior_server]: 
[behavior_server-10] 	behavior_server lifecycle node launched. 
[behavior_server-10] 	Waiting on external lifecycle transitions to activate
[behavior_server-10] 	See https://design.ros2.org/articles/node_lifecycle.html for more information.
[controller_server-8] [INFO] [1789659857.998191591] [controller_server]: 
[controller_server-8] 	controller_server lifecycle node launched. 
[controller_server-8] 	Waiting on external lifecycle transitions to activate
[controller_server-8] 	See https://design.ros2.org/articles/node_lifecycle.html for more information.
[controller_server-8] [INFO] [1789659858.004996941] [controller_server]: Creating controller server
[waypoint_follower-12] [INFO] [1789659858.007968700] [waypoint_follower]: 
[waypoint_follower-12] 	waypoint_follower lifecycle node launched. 
[waypoint_follower-12] 	Waiting on external lifecycle transitions to activate
[waypoint_follower-12] 	See https://design.ros2.org/articles/node_lifecycle.html for more information.
[waypoint_follower-12] [INFO] [1789659858.013971956] [waypoint_follower]: Creating
[planner_server-9] [INFO] [1789659858.081455248] [planner_server]: 
[planner_server-9] 	planner_server lifecycle node launched. 
[planner_server-9] 	Waiting on external lifecycle transitions to activate
[planner_server-9] 	See https://design.ros2.org/articles/node_lifecycle.html for more information.
[lifecycle_manager-13] [INFO] [1789659858.090343595] [lifecycle_manager_navigation]: Creating
[planner_server-9] [INFO] [1789659858.095099973] [planner_server]: Creating
[lifecycle_manager-13] [INFO] [1789659858.097473595] [lifecycle_manager_navigation]: [34m[1mCreating and initializing lifecycle service clients[0m[0m
[planner_server-9] [INFO] [1789659858.333066448] [global_costmap.global_costmap]: 
[planner_server-9] 	global_costmap lifecycle node launched. 
[planner_server-9] 	Waiting on external lifecycle transitions to activate
[planner_server-9] 	See https://design.ros2.org/articles/node_lifecycle.html for more information.
[planner_server-9] [INFO] [1789659858.333656304] [global_costmap.global_costmap]: Creating Costmap
[controller_server-8] [INFO] [1789659858.343619027] [local_costmap.local_costmap]: 
[controller_server-8] 	local_costmap lifecycle node launched. 
[controller_server-8] 	Waiting on external lifecycle transitions to activate
[controller_server-8] 	See https://design.ros2.org/articles/node_lifecycle.html for more information.
[controller_server-8] [INFO] [1789659858.344172345] [local_costmap.local_costmap]: Creating Costmap
[lifecycle_manager-13] [INFO] [1789659858.878327122] [lifecycle_manager_navigation]: [34m[1mStarting managed nodes bringup...[0m[0m
[lifecycle_manager-13] [INFO] [1789659858.878412261] [lifecycle_manager_navigation]: [34m[1mConfiguring map_server[0m[0m
[map_server-7] [INFO] [1789659858.878916880] [map_server]: Configuring
[map_server-7] [INFO] [1789659858.879015261] [map_io]: Loading yaml file: /home/yahboom/swerve_bringup/install/swerve_bringup/share/swerve_bringup/swerve_navigation/maps/warehouse.yaml
[map_server-7] [INFO] [1789659858.879364629] [map_io]: resolution: 0.05
[map_server-7] [INFO] [1789659858.879379487] [map_io]: origin[0]: -17.2
[map_server-7] [INFO] [1789659858.879385828] [map_io]: origin[1]: -17.4
[map_server-7] [INFO] [1789659858.879391284] [map_io]: origin[2]: 0
[map_server-7] [INFO] [1789659858.879397088] [map_io]: free_thresh: 0.25
[map_server-7] [INFO] [1789659858.879402591] [map_io]: occupied_thresh: 0.65
[map_server-7] [INFO] [1789659858.879409240] [map_io]: mode: trinary
[map_server-7] [INFO] [1789659858.879415433] [map_io]: negate: 0
[map_server-7] [INFO] [1789659858.879711487] [map_io]: Loading image_file: /home/yahboom/swerve_bringup/install/swerve_bringup/share/swerve_bringup/swerve_navigation/maps/warehouse.pgm
[map_server-7] [INFO] [1789659858.985978600] [map_io]: Read map /home/yahboom/swerve_bringup/install/swerve_bringup/share/swerve_bringup/swerve_navigation/maps/warehouse.pgm: 676 X 680 map @ 0.05 m/cell
[spawn_entity.py-3] [INFO] [1789659859.003615247] [spawn_swerve]: Spawn Entity started
[spawn_entity.py-3] [INFO] [1789659859.004086442] [spawn_swerve]: Loading entity published on topic robot_description
[spawn_entity.py-3] [INFO] [1789659859.024549676] [spawn_swerve]: Waiting for entity xml on robot_description
[lifecycle_manager-13] [INFO] [1789659859.030003730] [lifecycle_manager_navigation]: [34m[1mConfiguring controller_server[0m[0m
[controller_server-8] [INFO] [1789659859.032692467] [controller_server]: Configuring controller interface
[controller_server-8] [INFO] [1789659859.032916408] [controller_server]: getting goal checker plugins..
[controller_server-8] [INFO] [1789659859.032990723] [controller_server]: Controller frequency set to 10.0000Hz
[controller_server-8] [INFO] [1789659859.033030073] [local_costmap.local_costmap]: Configuring
[controller_server-8] [INFO] [1789659859.104185184] [local_costmap.local_costmap]: Using plugin "voxel_layer"
[controller_server-8] [INFO] [1789659859.132637448] [local_costmap.local_costmap]: Subscribed to Topics: lidar3d scan
[controller_server-8] [INFO] [1789659859.316121279] [local_costmap.local_costmap]: Initialized plugin "voxel_layer"
[controller_server-8] [INFO] [1789659859.316204967] [local_costmap.local_costmap]: Using plugin "inflation_layer"
[v30e_sim_node-5] [INFO] [1789659859.330535437] [v30e_sim_node]: Using Gazebo /get_entity_state internally; odometry is not a V30E measurement input
[controller_server-8] [INFO] [1789659859.339011141] [local_costmap.local_costmap]: Initialized plugin "inflation_layer"
[controller_server-8] [INFO] [1789659859.415633294] [controller_server]: Created progress_checker : progress_checker of type nav2_controller::SimpleProgressChecker
[controller_server-8] [INFO] [1789659859.416382636] [controller_server]: Created goal checker : general_goal_checker of type nav2_controller::SimpleGoalChecker
[controller_server-8] [INFO] [1789659859.423414967] [controller_server]: Controller Server has general_goal_checker  goal checkers available.
[controller_server-8] [INFO] [1789659859.425164739] [controller_server]: Created controller : FollowPath of type dwb_core::DWBLocalPlanner
[controller_server-8] [INFO] [1789659859.453299848] [controller_server]: Setting transform_tolerance to 0.200000
[spawn_entity.py-3] [INFO] [1789659859.569311220] [spawn_swerve]: Waiting for service /spawn_entity, timeout = 30
[spawn_entity.py-3] [INFO] [1789659859.613498804] [spawn_swerve]: Waiting for service /spawn_entity
[controller_server-8] [INFO] [1789659859.615965055] [controller_server]: Using critic "RotateToGoal" (dwb_critics::RotateToGoalCritic)
[controller_server-8] [INFO] [1789659859.616727265] [controller_server]: Critic plugin initialized
[controller_server-8] [INFO] [1789659859.616824269] [controller_server]: Using critic "Oscillation" (dwb_critics::OscillationCritic)
[controller_server-8] [INFO] [1789659859.617090345] [controller_server]: Critic plugin initialized
[controller_server-8] [INFO] [1789659859.617156232] [controller_server]: Using critic "BaseObstacle" (dwb_critics::BaseObstacleCritic)
[controller_server-8] [INFO] [1789659859.617226914] [controller_server]: Critic plugin initialized
[controller_server-8] [INFO] [1789659859.617300212] [controller_server]: Using critic "GoalAlign" (dwb_critics::GoalAlignCritic)
[controller_server-8] [INFO] [1789659859.635052949] [controller_server]: Critic plugin initialized
[controller_server-8] [INFO] [1789659859.635185380] [controller_server]: Using critic "PathAlign" (dwb_critics::PathAlignCritic)
[controller_server-8] [INFO] [1789659859.635538017] [controller_server]: Critic plugin initialized
[controller_server-8] [INFO] [1789659859.635609031] [controller_server]: Using critic "PathDist" (dwb_critics::PathDistCritic)
[controller_server-8] [INFO] [1789659859.635938382] [controller_server]: Critic plugin initialized
[controller_server-8] [INFO] [1789659859.636005340] [controller_server]: Using critic "GoalDist" (dwb_critics::GoalDistCritic)
[controller_server-8] [INFO] [1789659859.636273263] [controller_server]: Critic plugin initialized
[controller_server-8] [INFO] [1789659859.636292761] [controller_server]: Controller Server has FollowPath  controllers available.
[lifecycle_manager-13] [INFO] [1789659859.704622297] [lifecycle_manager_navigation]: [34m[1mConfiguring planner_server[0m[0m
[planner_server-9] [INFO] [1789659859.706382340] [planner_server]: Configuring
[planner_server-9] [INFO] [1789659859.707147083] [global_costmap.global_costmap]: Configuring
[planner_server-9] [INFO] [1789659859.741344713] [global_costmap.global_costmap]: Using plugin "static_layer"
[planner_server-9] [INFO] [1789659859.754223164] [global_costmap.global_costmap]: Subscribing to the map topic (/map) with transient local durability
[planner_server-9] [INFO] [1789659859.759759212] [global_costmap.global_costmap]: Initialized plugin "static_layer"
[planner_server-9] [INFO] [1789659859.759790635] [global_costmap.global_costmap]: Using plugin "obstacle_layer"
[planner_server-9] [INFO] [1789659859.760065355] [global_costmap.global_costmap]: Subscribed to Topics: scan
[planner_server-9] [INFO] [1789659859.771793438] [global_costmap.global_costmap]: Initialized plugin "obstacle_layer"
[planner_server-9] [INFO] [1789659859.771835738] [global_costmap.global_costmap]: Using plugin "inflation_layer"
[planner_server-9] [INFO] [1789659859.778566047] [global_costmap.global_costmap]: Initialized plugin "inflation_layer"
[planner_server-9] [INFO] [1789659859.838097562] [planner_server]: Created global planner plugin GridBased of type nav2_navfn_planner/NavfnPlanner
[planner_server-9] [INFO] [1789659859.838955649] [planner_server]: Configuring plugin GridBased of type NavfnPlanner
[planner_server-9] [INFO] [1789659859.846654941] [planner_server]: Planner Server has GridBased  planners available.
[lifecycle_manager-13] [INFO] [1789659859.903191820] [lifecycle_manager_navigation]: [34m[1mConfiguring behavior_server[0m[0m
[behavior_server-10] [INFO] [1789659859.904638658] [behavior_server]: Configuring
[behavior_server-10] [INFO] [1789659859.968611254] [behavior_server]: Creating behavior plugin spin of type nav2_behaviors/Spin
[behavior_server-10] [INFO] [1789659859.970843049] [behavior_server]: Configuring spin
[behavior_server-10] [INFO] [1789659860.007728581] [behavior_server]: Creating behavior plugin backup of type nav2_behaviors/BackUp
[behavior_server-10] [INFO] [1789659860.008602296] [behavior_server]: Configuring backup
[behavior_server-10] [INFO] [1789659860.045701152] [behavior_server]: Creating behavior plugin drive_on_heading of type nav2_behaviors/DriveOnHeading
[behavior_server-10] [INFO] [1789659860.053115747] [behavior_server]: Configuring drive_on_heading
[behavior_server-10] [INFO] [1789659860.092696298] [behavior_server]: Creating behavior plugin wait of type nav2_behaviors/Wait
[behavior_server-10] [INFO] [1789659860.097914790] [behavior_server]: Configuring wait
[lifecycle_manager-13] [INFO] [1789659860.128006455] [lifecycle_manager_navigation]: [34m[1mConfiguring bt_navigator[0m[0m
[bt_navigator-11] [INFO] [1789659860.129700562] [bt_navigator]: Configuring
[lifecycle_manager-13] [INFO] [1789659860.549030081] [lifecycle_manager_navigation]: [34m[1mConfiguring waypoint_follower[0m[0m
[waypoint_follower-12] [INFO] [1789659860.550776687] [waypoint_follower]: Configuring
[waypoint_follower-12] [INFO] [1789659860.612966427] [waypoint_follower]: Created waypoint_task_executor : wait_at_waypoint of type nav2_waypoint_follower::WaitAtWaypoint
[waypoint_follower-12] [INFO] [1789659860.613220951] [waypoint_follower]: Waypoint pause duration is set to zero, disabling task executor plugin.
[lifecycle_manager-13] [INFO] [1789659860.617659250] [lifecycle_manager_navigation]: [34m[1mActivating map_server[0m[0m
[map_server-7] [INFO] [1789659860.619612444] [map_server]: Activating
[map_server-7] [INFO] [1789659860.623690220] [map_server]: Creating bond (map_server) to lifecycle manager.
[planner_server-9] [INFO] [1789659860.629174580] [global_costmap.global_costmap]: StaticLayer: Resizing costmap to 676 X 680 at 0.050000 m/pix
[lifecycle_manager-13] [INFO] [1789659860.743920219] [lifecycle_manager_navigation]: Server map_server connected with bond.
[lifecycle_manager-13] [INFO] [1789659860.744087694] [lifecycle_manager_navigation]: [34m[1mActivating controller_server[0m[0m
[controller_server-8] [INFO] [1789659860.744637421] [controller_server]: Activating
[controller_server-8] [INFO] [1789659860.744700431] [local_costmap.local_costmap]: Activating
[controller_server-8] [INFO] [1789659860.744718464] [local_costmap.local_costmap]: Checking transform
[controller_server-8] [INFO] [1789659860.744752737] [local_costmap.local_costmap]: Timed out waiting for transform from base_footprint to odom to become available, tf error: Invalid frame ID "odom" passed to canTransform argument target_frame - frame does not exist
[controller_server-8] [INFO] [1789659861.246241720] [local_costmap.local_costmap]: Timed out waiting for transform from base_footprint to odom to become available, tf error: Invalid frame ID "odom" passed to canTransform argument target_frame - frame does not exist
[controller_server-8] [INFO] [1789659861.745528625] [local_costmap.local_costmap]: Timed out waiting for transform from base_footprint to odom to become available, tf error: Invalid frame ID "odom" passed to canTransform argument target_frame - frame does not exist
[controller_server-8] [INFO] [1789659862.247465032] [local_costmap.local_costmap]: Timed out waiting for transform from base_footprint to odom to become available, tf error: Invalid frame ID "odom" passed to canTransform argument target_frame - frame does not exist
[controller_server-8] [INFO] [1789659862.746774804] [local_costmap.local_costmap]: Timed out waiting for transform from base_footprint to odom to become available, tf error: Invalid frame ID "odom" passed to canTransform argument target_frame - frame does not exist
[controller_server-8] [INFO] [1789659863.247265291] [local_costmap.local_costmap]: Timed out waiting for transform from base_footprint to odom to become available, tf error: Invalid frame ID "odom" passed to canTransform argument target_frame - frame does not exist
[controller_server-8] [INFO] [1789659863.745098842] [local_costmap.local_costmap]: Timed out waiting for transform from base_footprint to odom to become available, tf error: Invalid frame ID "odom" passed to canTransform argument target_frame - frame does not exist
[controller_server-8] [INFO] [1789659864.247041502] [local_costmap.local_costmap]: Timed out waiting for transform from base_footprint to odom to become available, tf error: Invalid frame ID "odom" passed to canTransform argument target_frame - frame does not exist
[controller_server-8] [INFO] [1789659864.745137133] [local_costmap.local_costmap]: Timed out waiting for transform from base_footprint to odom to become available, tf error: Invalid frame ID "odom" passed to canTransform argument target_frame - frame does not exist
[spawn_entity.py-3] [INFO] [1789659864.937937784] [spawn_swerve]: Calling service /spawn_entity
[gzserver-1] [INFO] [1789659865.044475651] [gazebo_ros_state]: Publishing states of gazebo models at [/model_states]
[gzserver-1] [INFO] [1789659865.052167762] [gazebo_ros_state]: Publishing states of gazebo links at [/link_states]
[controller_server-8] [INFO] [1789659865.245260224] [local_costmap.local_costmap]: Timed out waiting for transform from base_footprint to odom to become available, tf error: Invalid frame ID "odom" passed to canTransform argument target_frame - frame does not exist
[controller_server-8] [INFO] [1789659865.746104958] [local_costmap.local_costmap]: Timed out waiting for transform from base_footprint to odom to become available, tf error: Invalid frame ID "odom" passed to canTransform argument target_frame - frame does not exist
[gzserver-1] [INFO] [1789659865.876724665] [imu.imu_ros]: <initial_orientation_as_reference> is unset, using default value of false to comply with REP 145 (world as orientation reference)
[controller_server-8] [INFO] [1789659866.246655429] [local_costmap.local_costmap]: Timed out waiting for transform from base_footprint to odom to become available, tf error: Invalid frame ID "odom" passed to canTransform argument target_frame - frame does not exist
[controller_server-8] [INFO] [1789659866.745212451] [local_costmap.local_costmap]: Timed out waiting for transform from base_footprint to odom to become available, tf error: Invalid frame ID "odom" passed to canTransform argument target_frame - frame does not exist
[controller_server-8] [INFO] [1789659867.244834041] [local_costmap.local_costmap]: Timed out waiting for transform from base_footprint to odom to become available, tf error: Invalid frame ID "odom" passed to canTransform argument target_frame - frame does not exist
[controller_server-8] [INFO] [1789659867.744915911] [local_costmap.local_costmap]: Timed out waiting for transform from base_footprint to odom to become available, tf error: Invalid frame ID "odom" passed to canTransform argument target_frame - frame does not exist
[controller_server-8] [INFO] [1789659868.244826836] [local_costmap.local_costmap]: Timed out waiting for transform from base_footprint to odom to become available, tf error: Invalid frame ID "odom" passed to canTransform argument target_frame - frame does not exist
[controller_server-8] [INFO] [1789659868.745094254] [local_costmap.local_costmap]: Timed out waiting for transform from base_footprint to odom to become available, tf error: Invalid frame ID "odom" passed to canTransform argument target_frame - frame does not exist
[controller_server-8] [INFO] [1789659869.244802933] [local_costmap.local_costmap]: Timed out waiting for transform from base_footprint to odom to become available, tf error: Invalid frame ID "odom" passed to canTransform argument target_frame - frame does not exist
[controller_server-8] [INFO] [1789659869.746420350] [local_costmap.local_costmap]: Timed out waiting for transform from base_footprint to odom to become available, tf error: Invalid frame ID "odom" passed to canTransform argument target_frame - frame does not exist
[controller_server-8] [INFO] [1789659870.248180057] [local_costmap.local_costmap]: Timed out waiting for transform from base_footprint to odom to become available, tf error: Invalid frame ID "odom" passed to canTransform argument target_frame - frame does not exist
[controller_server-8] [INFO] [1789659870.748180958] [local_costmap.local_costmap]: Timed out waiting for transform from base_footprint to odom to become available, tf error: Invalid frame ID "odom" passed to canTransform argument target_frame - frame does not exist
[controller_server-8] [INFO] [1789659871.248287855] [local_costmap.local_costmap]: Timed out waiting for transform from base_footprint to odom to become available, tf error: Invalid frame ID "odom" passed to canTransform argument target_frame - frame does not exist
[controller_server-8] [INFO] [1789659871.746124856] [local_costmap.local_costmap]: Timed out waiting for transform from base_footprint to odom to become available, tf error: Invalid frame ID "odom" passed to canTransform argument target_frame - frame does not exist
[controller_server-8] [INFO] [1789659872.245645148] [local_costmap.local_costmap]: Timed out waiting for transform from base_footprint to odom to become available, tf error: Invalid frame ID "odom" passed to canTransform argument target_frame - frame does not exist
[controller_server-8] [INFO] [1789659872.746085362] [local_costmap.local_costmap]: Timed out waiting for transform from base_footprint to odom to become available, tf error: Invalid frame ID "odom" passed to canTransform argument target_frame - frame does not exist
[controller_server-8] [INFO] [1789659873.246990073] [local_costmap.local_costmap]: Timed out waiting for transform from base_footprint to odom to become available, tf error: Invalid frame ID "odom" passed to canTransform argument target_frame - frame does not exist
[controller_server-8] [INFO] [1789659873.745045151] [local_costmap.local_costmap]: Timed out waiting for transform from base_footprint to odom to become available, tf error: Invalid frame ID "odom" passed to canTransform argument target_frame - frame does not exist
[controller_server-8] [INFO] [1789659874.244823807] [local_costmap.local_costmap]: Timed out waiting for transform from base_footprint to odom to become available, tf error: Invalid frame ID "odom" passed to canTransform argument target_frame - frame does not exist
[controller_server-8] [INFO] [1789659874.744872840] [local_costmap.local_costmap]: Timed out waiting for transform from base_footprint to odom to become available, tf error: Invalid frame ID "odom" passed to canTransform argument target_frame - frame does not exist
[controller_server-8] [INFO] [1789659875.246775728] [local_costmap.local_costmap]: Timed out waiting for transform from base_footprint to odom to become available, tf error: Invalid frame ID "odom" passed to canTransform argument target_frame - frame does not exist
[controller_server-8] [INFO] [1789659875.747130624] [local_costmap.local_costmap]: Timed out waiting for transform from base_footprint to odom to become available, tf error: Invalid frame ID "odom" passed to canTransform argument target_frame - frame does not exist
[controller_server-8] [INFO] [1789659876.245486326] [local_costmap.local_costmap]: Timed out waiting for transform from base_footprint to odom to become available, tf error: Invalid frame ID "odom" passed to canTransform argument target_frame - frame does not exist
[controller_server-8] [INFO] [1789659876.745170434] [local_costmap.local_costmap]: Timed out waiting for transform from base_footprint to odom to become available, tf error: Invalid frame ID "odom" passed to canTransform argument target_frame - frame does not exist
[controller_server-8] [INFO] [1789659877.245742279] [local_costmap.local_costmap]: Timed out waiting for transform from base_footprint to odom to become available, tf error: Invalid frame ID "odom" passed to canTransform argument target_frame - frame does not exist
[controller_server-8] [INFO] [1789659877.745309131] [local_costmap.local_costmap]: Timed out waiting for transform from base_footprint to odom to become available, tf error: Invalid frame ID "odom" passed to canTransform argument target_frame - frame does not exist
[controller_server-8] [INFO] [1789659878.247479175] [local_costmap.local_costmap]: Timed out waiting for transform from base_footprint to odom to become available, tf error: Invalid frame ID "odom" passed to canTransform argument target_frame - frame does not exist
[controller_server-8] [INFO] [1789659878.745429276] [local_costmap.local_costmap]: Timed out waiting for transform from base_footprint to odom to become available, tf error: Invalid frame ID "odom" passed to canTransform argument target_frame - frame does not exist
[gzserver-1] [INFO] [1789659878.902088496] [contact_load.wheel_front_drive_link_contact_plugin]: Publishing contact states to [/contact_load/wheel_front_drive_link]
[gzserver-1] [INFO] [1789659879.018143385] [contact_load.wheel_rear_drive_link_contact_plugin]: Publishing contact states to [/contact_load/wheel_rear_drive_link]
[gzserver-1] [INFO] [1789659879.108468993] [contact_load.wheel_front_left_link_contact_plugin]: Publishing contact states to [/contact_load/wheel_front_left_link]
[controller_server-8] [INFO] [1789659879.244809191] [local_costmap.local_costmap]: Timed out waiting for transform from base_footprint to odom to become available, tf error: Invalid frame ID "odom" passed to canTransform argument target_frame - frame does not exist
[gzserver-1] [INFO] [1789659879.277934549] [contact_load.wheel_front_right_link_contact_plugin]: Publishing contact states to [/contact_load/wheel_front_right_link]
[gzserver-1] [INFO] [1789659879.375205273] [contact_load.wheel_rear_left_link_contact_plugin]: Publishing contact states to [/contact_load/wheel_rear_left_link]
[spawn_entity.py-3] [INFO] [1789659879.402391427] [spawn_swerve]: Spawn status: SpawnEntity: Successfully spawned entity [swerve_base]
[gzserver-1] [INFO] [1789659879.529485397] [contact_load.wheel_rear_right_link_contact_plugin]: Publishing contact states to [/contact_load/wheel_rear_right_link]
[gzserver-1] [INFO] [1789659879.667294043] [gazebo_ros2_control]: Loading gazebo_ros2_control plugin
[controller_server-8] [INFO] [1789659879.745682662] [local_costmap.local_costmap]: Timed out waiting for transform from base_footprint to odom to become available, tf error: Invalid frame ID "odom" passed to canTransform argument target_frame - frame does not exist
[INFO] [spawn_entity.py-3]: process has finished cleanly [pid 227359]
[INFO] [spawner-15]: process started with pid [227630]
[gzserver-1] [INFO] [1789659879.788423803] [gazebo_ros2_control]: Starting gazebo_ros2_control plugin in namespace: /
[gzserver-1] [INFO] [1789659879.788519927] [gazebo_ros2_control]: Starting gazebo_ros2_control plugin in ros 2 node: gazebo_ros2_control
[gzserver-1] [INFO] [1789659879.852771193] [gazebo_ros2_control]: connected to service!! robot_state_publisher
[gzserver-1] [INFO] [1789659879.858980796] [gazebo_ros2_control]: Received urdf from param server, parsing...
[gzserver-1] [INFO] [1789659879.859175240] [gazebo_ros2_control]: Loading parameter files /home/yahboom/swerve_bringup/install/swerve_bringup/share/swerve_bringup/config/controllers.yaml
[gzserver-1] [INFO] [1789659879.910156765] [gazebo_ros2_control]: Loading joint: steer_front_joint
[gzserver-1] [INFO] [1789659879.910248599] [gazebo_ros2_control]: 	State:
[gzserver-1] [INFO] [1789659879.910264598] [gazebo_ros2_control]: 		 position
[gzserver-1] [INFO] [1789659879.910281812] [gazebo_ros2_control]: 		 velocity
[gzserver-1] [INFO] [1789659879.910291755] [gazebo_ros2_control]: 	Command:
[gzserver-1] [INFO] [1789659879.910300360] [gazebo_ros2_control]: 		 position
[gzserver-1] [INFO] [1789659879.920438385] [gazebo_ros2_control]: Loading joint: steer_rear_joint
[gzserver-1] [INFO] [1789659879.920665278] [gazebo_ros2_control]: 	State:
[gzserver-1] [INFO] [1789659879.920704608] [gazebo_ros2_control]: 		 position
[gzserver-1] [INFO] [1789659879.920718531] [gazebo_ros2_control]: 		 velocity
[gzserver-1] [INFO] [1789659879.920728783] [gazebo_ros2_control]: 	Command:
[gzserver-1] [INFO] [1789659879.920737863] [gazebo_ros2_control]: 		 position
[gzserver-1] [INFO] [1789659879.929837303] [gazebo_ros2_control]: Loading joint: wheel_front_drive_joint
[gzserver-1] [INFO] [1789659879.929932542] [gazebo_ros2_control]: 	State:
[gzserver-1] [INFO] [1789659879.929948270] [gazebo_ros2_control]: 		 position
[gzserver-1] [INFO] [1789659879.929960129] [gazebo_ros2_control]: 		 velocity
[gzserver-1] [INFO] [1789659879.929969617] [gazebo_ros2_control]: 	Command:
[gzserver-1] [INFO] [1789659879.929992012] [gazebo_ros2_control]: 		 velocity
[gzserver-1] [INFO] [1789659879.948423490] [gazebo_ros2_control]: Loading joint: wheel_rear_drive_joint
[gzserver-1] [INFO] [1789659879.948487023] [gazebo_ros2_control]: 	State:
[gzserver-1] [INFO] [1789659879.948499594] [gazebo_ros2_control]: 		 position
[gzserver-1] [INFO] [1789659879.948511138] [gazebo_ros2_control]: 		 velocity
[gzserver-1] [INFO] [1789659879.948521526] [gazebo_ros2_control]: 	Command:
[gzserver-1] [INFO] [1789659879.948550922] [gazebo_ros2_control]: 		 velocity
[gzserver-1] [INFO] [1789659879.961561469] [resource_manager]: Initialize hardware 'GazeboSystem' 
[gzserver-1] [INFO] [1789659879.961939696] [resource_manager]: Successful initialization of hardware 'GazeboSystem'
[gzserver-1] [INFO] [1789659879.962095536] [resource_manager]: 'configure' hardware 'GazeboSystem' 
[gzserver-1] [INFO] [1789659879.962113011] [resource_manager]: Successful 'configure' of hardware 'GazeboSystem'
[gzserver-1] [INFO] [1789659879.962121820] [resource_manager]: 'activate' hardware 'GazeboSystem' 
[gzserver-1] [INFO] [1789659879.962128918] [resource_manager]: Successful 'activate' of hardware 'GazeboSystem'
[gzserver-1] [INFO] [1789659879.962286519] [gazebo_ros2_control]: Loading controller_manager
[controller_server-8] [INFO] [1789659880.245078519] [local_costmap.local_costmap]: Timed out waiting for transform from base_footprint to odom to become available, tf error: Invalid frame ID "odom" passed to canTransform argument target_frame - frame does not exist
[gzserver-1] [WARN] [1789659880.257368338] [gazebo_ros2_control]:  Desired controller update period (0.01 s) is slower than the gazebo simulation period (0.001 s).
[gzserver-1] [INFO] [1789659880.261200901] [gazebo_ros2_control]: Loaded gazebo_ros2_control.
[controller_server-8] [INFO] [1789659880.745896412] [local_costmap.local_costmap]: start
[spawner-15] [INFO] [1789659880.831646957] [spawn_joint_state_broadcaster]: waiting for service /controller_manager/list_controllers to become available...
[controller_server-8] [INFO] [1789659880.906762996] [controller_server]: Creating bond (controller_server) to lifecycle manager.
[lifecycle_manager-13] [INFO] [1789659881.049236107] [lifecycle_manager_navigation]: Server controller_server connected with bond.
[lifecycle_manager-13] [INFO] [1789659881.049360254] [lifecycle_manager_navigation]: [34m[1mActivating planner_server[0m[0m
[planner_server-9] [INFO] [1789659881.050854742] [planner_server]: Activating
[planner_server-9] [INFO] [1789659881.050933697] [global_costmap.global_costmap]: Activating
[planner_server-9] [INFO] [1789659881.050952765] [global_costmap.global_costmap]: Checking transform
[planner_server-9] [INFO] [1789659881.051161214] [global_costmap.global_costmap]: start
[planner_server-9] [INFO] [1789659881.614026583] [planner_server]: Activating plugin GridBased of type NavfnPlanner
[planner_server-9] [INFO] [1789659881.646811753] [planner_server]: Creating bond (planner_server) to lifecycle manager.
[lifecycle_manager-13] [INFO] [1789659881.773017827] [lifecycle_manager_navigation]: Server planner_server connected with bond.
[lifecycle_manager-13] [INFO] [1789659881.773128559] [lifecycle_manager_navigation]: [34m[1mActivating behavior_server[0m[0m
[behavior_server-10] [INFO] [1789659881.777238561] [behavior_server]: Activating
[behavior_server-10] [INFO] [1789659881.777329401] [behavior_server]: Activating spin
[behavior_server-10] [INFO] [1789659881.777353521] [behavior_server]: Activating backup
[behavior_server-10] [INFO] [1789659881.777369888] [behavior_server]: Activating drive_on_heading
[behavior_server-10] [INFO] [1789659881.777381431] [behavior_server]: Activating wait
[behavior_server-10] [INFO] [1789659881.777400642] [behavior_server]: Creating bond (behavior_server) to lifecycle manager.
[lifecycle_manager-13] [INFO] [1789659881.894261364] [lifecycle_manager_navigation]: Server behavior_server connected with bond.
[lifecycle_manager-13] [INFO] [1789659881.894337761] [lifecycle_manager_navigation]: [34m[1mActivating bt_navigator[0m[0m
[bt_navigator-11] [INFO] [1789659881.895726452] [bt_navigator]: Activating
[bt_navigator-11] [INFO] [1789659882.657632989] [bt_navigator]: Creating bond (bt_navigator) to lifecycle manager.
[lifecycle_manager-13] [INFO] [1789659882.833611994] [lifecycle_manager_navigation]: Server bt_navigator connected with bond.
[lifecycle_manager-13] [INFO] [1789659882.833691284] [lifecycle_manager_navigation]: [34m[1mActivating waypoint_follower[0m[0m
[waypoint_follower-12] [INFO] [1789659882.841248768] [waypoint_follower]: Activating
[waypoint_follower-12] [INFO] [1789659882.841319252] [waypoint_follower]: Creating bond (waypoint_follower) to lifecycle manager.
[lifecycle_manager-13] [INFO] [1789659882.995742301] [lifecycle_manager_navigation]: Server waypoint_follower connected with bond.
[lifecycle_manager-13] [INFO] [1789659883.000107576] [lifecycle_manager_navigation]: [34m[1mManaged nodes are active[0m[0m
[lifecycle_manager-13] [INFO] [1789659883.000132258] [lifecycle_manager_navigation]: [34m[1mCreating bond timer...[0m[0m
[gzserver-1] [INFO] [1789659883.878602755] [controller_manager]: Loading controller 'joint_state_broadcaster'
[spawner-15] [INFO] [1789659884.548603162] [spawn_joint_state_broadcaster]: [94mLoaded [1mjoint_state_broadcaster[0m
[gzserver-1] [INFO] [1789659884.556689395] [controller_manager]: Configuring controller 'joint_state_broadcaster'
[gzserver-1] [INFO] [1789659884.557251610] [joint_state_broadcaster]: 'joints' or 'interfaces' parameter is empty. All available state interfaces will be published
[spawner-15] [INFO] [1789659884.695759090] [spawn_joint_state_broadcaster]: [92mConfigured and activated [1mjoint_state_broadcaster[0m
[INFO] [spawner-15]: process has finished cleanly [pid 227630]
[INFO] [spawner-16]: process started with pid [227656]
[spawner-16] [INFO] [1789659886.582756642] [spawn_steering_controller]: waiting for service /controller_manager/list_controllers to become available...
[gzserver-1] [INFO] [1789659889.615493457] [controller_manager]: Loading controller 'steering_controller'
[spawner-16] [INFO] [1789659890.139885687] [spawn_steering_controller]: [94mLoaded [1msteering_controller[0m
[gzserver-1] [INFO] [1789659890.156580014] [controller_manager]: Configuring controller 'steering_controller'
[gzserver-1] [INFO] [1789659890.164600973] [steering_controller]: configure successful
[gzserver-1] [INFO] [1789659890.216134252] [steering_controller]: activate successful
[spawner-16] [INFO] [1789659890.241958346] [spawn_steering_controller]: [92mConfigured and activated [1msteering_controller[0m
[INFO] [spawner-16]: process has finished cleanly [pid 227656]
[INFO] [spawner-17]: process started with pid [227677]
[spawner-17] [INFO] [1789659891.780309318] [spawn_drive_controller]: waiting for service /controller_manager/list_controllers to become available...
[gzserver-1] [INFO] [1789659892.292514779] [controller_manager]: Loading controller 'drive_controller'
[spawner-17] [INFO] [1789659892.479409891] [spawn_drive_controller]: [94mLoaded [1mdrive_controller[0m
[gzserver-1] [INFO] [1789659892.490614410] [controller_manager]: Configuring controller 'drive_controller'
[gzserver-1] [INFO] [1789659892.508516024] [drive_controller]: configure successful
[gzserver-1] [INFO] [1789659893.035769250] [drive_controller]: activate successful
[spawner-17] [INFO] [1789659893.056469855] [spawn_drive_controller]: [92mConfigured and activated [1mdrive_controller[0m
[INFO] [spawner-17]: process has finished cleanly [pid 227677]
[INFO] [swerve_controller_node-18]: process started with pid [227692]
[INFO] [swerve_odometry_node-19]: process started with pid [227694]
[swerve_odometry_node-19] [INFO] [1789659895.001683410] [swerve_odometry]: Encoder odometry ready: radius=0.0637 m, velocity_sign=+1.0
[swerve_controller_node-18] [INFO] [1789659895.036183092] [swerve_controller]: Swerve controller ready: radius=0.0675 m, modules={'front': (0.300042, 0.0), 'rear': (-0.300042, 0.0)}
[WARNING] [launch]: user interrupted with ctrl-c (SIGINT)
[INFO] [swerve_odometry_node-19]: sending signal 'SIGINT' to process[swerve_odometry_node-19]
[INFO] [swerve_controller_node-18]: sending signal 'SIGINT' to process[swerve_controller_node-18]
[INFO] [lifecycle_manager-13]: sending signal 'SIGINT' to process[lifecycle_manager-13]
[INFO] [waypoint_follower-12]: sending signal 'SIGINT' to process[waypoint_follower-12]
[INFO] [bt_navigator-11]: sending signal 'SIGINT' to process[bt_navigator-11]
[INFO] [behavior_server-10]: sending signal 'SIGINT' to process[behavior_server-10]
[INFO] [planner_server-9]: sending signal 'SIGINT' to process[planner_server-9]
[INFO] [controller_server-8]: sending signal 'SIGINT' to process[controller_server-8]
[INFO] [map_server-7]: sending signal 'SIGINT' to process[map_server-7]
[INFO] [ekf_node-6]: sending signal 'SIGINT' to process[ekf_node-6]
[INFO] [v30e_sim_node-5]: sending signal 'SIGINT' to process[v30e_sim_node-5]
[INFO] [ekf_node-4]: sending signal 'SIGINT' to process[ekf_node-4]
[INFO] [robot_state_publisher-2]: sending signal 'SIGINT' to process[robot_state_publisher-2]
[INFO] [gzserver-1]: sending signal 'SIGINT' to process[gzserver-1]
[ERROR] [ekf_node-6]: process has died [pid 227365, exit code -2, cmd '/opt/ros/humble/lib/robot_localization/ekf_node --ros-args -r __node:=ekf_v30e --params-file /home/yahboom/swerve_bringup/install/swerve_bringup/share/swerve_bringup/config/v30e_localization_ekf.yaml --params-file /tmp/launch_params_6z9csxgb -r odometry/filtered:=/odometry/v30e'].
[ERROR] [ekf_node-4]: process has died [pid 227361, exit code -2, cmd '/opt/ros/humble/lib/robot_localization/ekf_node --ros-args -r __node:=ekf_filter_node --params-file /home/yahboom/swerve_bringup/install/swerve_bringup/share/swerve_bringup/config/ekf.yaml --params-file /tmp/launch_params_i6porjov -r /odom:=/odom -r /imu/data:=/imu/data'].
[ekf_node-6] [INFO] [1789659941.742394683] [rclcpp]: signal_handler(signum=2)
[planner_server-9] [INFO] [1789659941.742522183] [rclcpp]: signal_handler(signum=2)
[controller_server-8] [INFO] [1789659941.742823210] [rclcpp]: signal_handler(signum=2)
[controller_server-8] [INFO] [1789659941.743326379] [controller_server]: Running Nav2 LifecycleNode rcl preshutdown (controller_server)
[controller_server-8] [INFO] [1789659941.743471651] [controller_server]: Deactivating
[controller_server-8] [INFO] [1789659941.743544212] [local_costmap.local_costmap]: Deactivating
[controller_server-8] [INFO] [1789659941.758842697] [controller_server]: Destroying bond (controller_server) to lifecycle manager.
[planner_server-9] [INFO] [1789659941.743074330] [planner_server]: Running Nav2 LifecycleNode rcl preshutdown (planner_server)
[planner_server-9] [INFO] [1789659941.743166063] [planner_server]: Deactivating
[planner_server-9] [INFO] [1789659941.743208255] [global_costmap.global_costmap]: Deactivating
[bt_navigator-11] [INFO] [1789659941.743732831] [rclcpp]: signal_handler(signum=2)
[bt_navigator-11] [INFO] [1789659941.743862517] [bt_navigator]: Running Nav2 LifecycleNode rcl preshutdown (bt_navigator)
[bt_navigator-11] [INFO] [1789659941.743969186] [bt_navigator]: Deactivating
[bt_navigator-11] [INFO] [1789659941.744011520] [bt_navigator]: Destroying bond (bt_navigator) to lifecycle manager.
[behavior_server-10] [INFO] [1789659941.743740391] [rclcpp]: signal_handler(signum=2)
[behavior_server-10] [INFO] [1789659941.744604956] [behavior_server]: Running Nav2 LifecycleNode rcl preshutdown (behavior_server)
[behavior_server-10] [INFO] [1789659941.744669673] [behavior_server]: Deactivating
[behavior_server-10] [INFO] [1789659941.744704937] [behavior_server]: Destroying bond (behavior_server) to lifecycle manager.
[behavior_server-10] [INFO] [1789659941.767230143] [behavior_server]: Cleaning up
[ekf_node-4] [INFO] [1789659941.743734348] [rclcpp]: signal_handler(signum=2)
[waypoint_follower-12] [INFO] [1789659941.744248033] [rclcpp]: signal_handler(signum=2)
[waypoint_follower-12] [INFO] [1789659941.746274458] [waypoint_follower]: Running Nav2 LifecycleNode rcl preshutdown (waypoint_follower)
[waypoint_follower-12] [INFO] [1789659941.746351934] [waypoint_follower]: Deactivating
[waypoint_follower-12] [INFO] [1789659941.746383476] [waypoint_follower]: Destroying bond (waypoint_follower) to lifecycle manager.
[waypoint_follower-12] [INFO] [1789659941.765712080] [waypoint_follower]: Cleaning up
[lifecycle_manager-13] [INFO] [1789659941.745747805] [rclcpp]: signal_handler(signum=2)
[lifecycle_manager-13] [INFO] [1789659941.747193259] [lifecycle_manager_navigation]: Running Nav2 LifecycleManager rcl preshutdown (lifecycle_manager_navigation)
[lifecycle_manager-13] [INFO] [1789659941.747243889] [lifecycle_manager_navigation]: [34m[1mTerminating bond timer...[0m[0m
[robot_state_publisher-2] [INFO] [1789659941.746309852] [rclcpp]: signal_handler(signum=2)
[map_server-7] [INFO] [1789659941.746720140] [rclcpp]: signal_handler(signum=2)
[map_server-7] [INFO] [1789659941.755029303] [map_server]: Running Nav2 LifecycleNode rcl preshutdown (map_server)
[map_server-7] [INFO] [1789659941.755126375] [map_server]: Deactivating
[map_server-7] [INFO] [1789659941.755156031] [map_server]: Destroying bond (map_server) to lifecycle manager.
[swerve_odometry_node-19] Traceback (most recent call last):
[swerve_odometry_node-19]   File "/home/yahboom/swerve_bringup/install/swerve_bringup/lib/swerve_bringup/swerve_odometry_node", line 221, in <module>
[swerve_odometry_node-19]     main()
[swerve_odometry_node-19]   File "/home/yahboom/swerve_bringup/install/swerve_bringup/lib/swerve_bringup/swerve_odometry_node", line 215, in main
[swerve_odometry_node-19]     node.destroy_node()
[swerve_odometry_node-19]   File "/opt/ros/humble/local/lib/python3.10/dist-packages/rclpy/node.py", line 1685, in destroy_node
[swerve_odometry_node-19]     self.destroy_publisher(self._publishers[0])
[swerve_odometry_node-19]   File "/opt/ros/humble/local/lib/python3.10/dist-packages/rclpy/node.py", line 1565, in destroy_publisher
[swerve_odometry_node-19]     publisher.destroy()
[swerve_odometry_node-19]   File "/opt/ros/humble/local/lib/python3.10/dist-packages/rclpy/publisher.py", line 99, in destroy
[swerve_odometry_node-19]     self.__publisher.destroy_when_not_in_use()
[swerve_odometry_node-19] KeyboardInterrupt
[swerve_controller_node-18] Traceback (most recent call last):
[swerve_controller_node-18]   File "/home/yahboom/swerve_bringup/install/swerve_bringup/lib/swerve_bringup/swerve_controller_node", line 192, in <module>
[swerve_controller_node-18]     main()
[swerve_controller_node-18]   File "/home/yahboom/swerve_bringup/install/swerve_bringup/lib/swerve_bringup/swerve_controller_node", line 184, in main
[swerve_controller_node-18]     node.steer_pub.publish(Float64MultiArray(data=[
[swerve_controller_node-18]   File "/opt/ros/humble/local/lib/python3.10/dist-packages/rclpy/publisher.py", line 70, in publish
[swerve_controller_node-18]     self.__publisher.publish(msg)
[swerve_controller_node-18] rclpy._rclpy_pybind11.RCLError: Failed to publish: publisher's context is invalid, at ./src/rcl/publisher.c:389
[swerve_controller_node-18] Error in sys.excepthook:
[swerve_controller_node-18] Traceback (most recent call last):
[swerve_controller_node-18]   File "/usr/lib/python3/dist-packages/apport_python_hook.py", line 72, in apport_excepthook
[swerve_controller_node-18]     from apport.fileutils import likely_packaged, get_recent_crashes
[swerve_controller_node-18]   File "/usr/lib/python3/dist-packages/apport/__init__.py", line 5, in <module>
[swerve_controller_node-18]     from apport.report import Report
[swerve_controller_node-18]   File "/usr/lib/python3/dist-packages/apport/report.py", line 21, in <module>
[swerve_controller_node-18]     from urllib.request import urlopen
[swerve_controller_node-18]   File "/usr/lib/python3.10/urllib/request.py", line 86, in <module>
[swerve_controller_node-18]     import email
[swerve_controller_node-18]   File "<frozen importlib._bootstrap>", line 1027, in _find_and_load
[swerve_controller_node-18]   File "<frozen importlib._bootstrap>", line 1002, in _find_and_load_unlocked
[swerve_controller_node-18]   File "<frozen importlib._bootstrap>", line 945, in _find_spec
[swerve_controller_node-18]   File "<frozen importlib._bootstrap_external>", line 1439, in find_spec
[swerve_controller_node-18]   File "<frozen importlib._bootstrap_external>", line 1411, in _get_spec
[swerve_controller_node-18]   File "<frozen importlib._bootstrap_external>", line 1544, in find_spec
[map_server-7] [INFO] [1789659941.807832409] [map_server]: Cleaning up
[map_server-7] [INFO] [1789659941.807983975] [map_server]: Destroying bond (map_server) to lifecycle manager.
[swerve_controller_node-18]   File "<frozen importlib._bootstrap_external>", line 147, in _path_stat
[swerve_controller_node-18] KeyboardInterrupt
[swerve_controller_node-18] 
[swerve_controller_node-18] Original exception was:
[swerve_controller_node-18] Traceback (most recent call last):
[swerve_controller_node-18]   File "/home/yahboom/swerve_bringup/install/swerve_bringup/lib/swerve_bringup/swerve_controller_node", line 192, in <module>
[swerve_controller_node-18]     main()
[swerve_controller_node-18]   File "/home/yahboom/swerve_bringup/install/swerve_bringup/lib/swerve_bringup/swerve_controller_node", line 184, in main
[swerve_controller_node-18]     node.steer_pub.publish(Float64MultiArray(data=[
[swerve_controller_node-18]   File "/opt/ros/humble/local/lib/python3.10/dist-packages/rclpy/publisher.py", line 70, in publish
[swerve_controller_node-18]     self.__publisher.publish(msg)
[swerve_controller_node-18] rclpy._rclpy_pybind11.RCLError: Failed to publish: publisher's context is invalid, at ./src/rcl/publisher.c:389
[lifecycle_manager-13] [INFO] [1789659941.819053706] [rclcpp]: signal_handler(signum=2)
[waypoint_follower-12] [INFO] [1789659941.827932251] [rclcpp]: signal_handler(signum=2)
[bt_navigator-11] [INFO] [1789659941.837125103] [rclcpp]: signal_handler(signum=2)
[bt_navigator-11] [INFO] [1789659941.840457323] [bt_navigator]: Cleaning up
[controller_server-8] [INFO] [1789659941.844539609] [controller_server]: Cleaning up
[controller_server-8] [INFO] [1789659941.844712986] [local_costmap.local_costmap]: Cleaning up
[behavior_server-10] [INFO] [1789659941.849396878] [rclcpp]: signal_handler(signum=2)
[planner_server-9] [INFO] [1789659941.857360371] [rclcpp]: signal_handler(signum=2)
[controller_server-8] [INFO] [1789659941.870425481] [rclcpp]: signal_handler(signum=2)
[map_server-7] [INFO] [1789659941.893641591] [rclcpp]: signal_handler(signum=2)
[robot_state_publisher-2] [INFO] [1789659941.908356997] [rclcpp]: signal_handler(signum=2)
[controller_server-8] [INFO] [1789659941.937153112] [controller_server]: Destroying bond (controller_server) to lifecycle manager.
[controller_server-8] [INFO] [1789659941.950758981] [local_costmap.local_costmap]: Destroying
[controller_server-8] [INFO] [1789659941.965877777] [controller_server]: Destroying
[planner_server-9] [INFO] [1789659942.052984602] [planner_server]: Deactivating plugin GridBased of type NavfnPlanner
[planner_server-9] [INFO] [1789659942.053059846] [planner_server]: Destroying bond (planner_server) to lifecycle manager.
[v30e_sim_node-5] Traceback (most recent call last):
[v30e_sim_node-5]   File "/home/yahboom/swerve_bringup/install/swerve_bringup/lib/swerve_bringup/v30e_sim_node", line 188, in <module>
[v30e_sim_node-5]     if __name__ == '__main__': main()
[v30e_sim_node-5]   File "/home/yahboom/swerve_bringup/install/swerve_bringup/lib/swerve_bringup/v30e_sim_node", line 185, in main
[v30e_sim_node-5]     node.destroy_node(); rclpy.shutdown()
[v30e_sim_node-5]   File "/opt/ros/humble/local/lib/python3.10/dist-packages/rclpy/node.py", line 1689, in destroy_node
[v30e_sim_node-5]     self.destroy_client(self._clients[0])
[v30e_sim_node-5]   File "/opt/ros/humble/local/lib/python3.10/dist-packages/rclpy/node.py", line 1599, in destroy_client
[v30e_sim_node-5]     client.destroy()
[v30e_sim_node-5]   File "/opt/ros/humble/local/lib/python3.10/dist-packages/rclpy/client.py", line 187, in destroy
[v30e_sim_node-5]     self.__client.destroy_when_not_in_use()
[v30e_sim_node-5] KeyboardInterrupt
[map_server-7] [INFO] [1789659943.640553875] [map_server]: Destroying
[waypoint_follower-12] [INFO] [1789659943.645599465] [waypoint_follower]: Destroying bond (waypoint_follower) to lifecycle manager.
[behavior_server-10] [INFO] [1789659943.655230309] [behavior_server]: Destroying bond (behavior_server) to lifecycle manager.
[waypoint_follower-12] [INFO] [1789659943.669511731] [waypoint_follower]: Destroying
[ERROR] [swerve_controller_node-18]: process has died [pid 227692, exit code 1, cmd '/home/yahboom/swerve_bringup/install/swerve_bringup/lib/swerve_bringup/swerve_controller_node --ros-args -r __node:=swerve_controller --params-file /home/yahboom/swerve_bringup/install/swerve_bringup/share/swerve_bringup/config/swerve_controller.yaml --params-file /tmp/launch_params_9lnooz0w'].
[behavior_server-10] [INFO] [1789659943.750684738] [behavior_server]: Destroying
[ERROR] [swerve_odometry_node-19]: process has died [pid 227694, exit code -2, cmd '/home/yahboom/swerve_bringup/install/swerve_bringup/lib/swerve_bringup/swerve_odometry_node --ros-args -r __node:=swerve_odometry --params-file /home/yahboom/swerve_bringup/install/swerve_bringup/share/swerve_bringup/config/swerve_odometry.yaml --params-file /tmp/launch_params_afabd66_'].
[planner_server-9] [INFO] [1789659943.795106407] [planner_server]: Cleaning up
[INFO] [robot_state_publisher-2]: process has finished cleanly [pid 227357]
[ERROR] [v30e_sim_node-5]: process has died [pid 227363, exit code -2, cmd '/home/yahboom/swerve_bringup/install/swerve_bringup/lib/swerve_bringup/v30e_sim_node --ros-args -r __node:=v30e_sim_node --params-file /home/yahboom/swerve_bringup/install/swerve_bringup/share/swerve_bringup/config/v30e_sim.yaml --params-file /tmp/launch_params_ptrkwxzx'].
[planner_server-9] [INFO] [1789659943.842606158] [global_costmap.global_costmap]: Cleaning up
[INFO] [map_server-7]: process has finished cleanly [pid 227368]
[INFO] [waypoint_follower-12]: process has finished cleanly [pid 227398]
[planner_server-9] [INFO] [1789659943.887825543] [planner_server]: Cleaning up plugin GridBased of type NavfnPlanner
[planner_server-9] [INFO] [1789659943.887957953] [planner_server]: Destroying plugin GridBased of type NavfnPlanner
[lifecycle_manager-13] [INFO] [1789659943.888976962] [lifecycle_manager_navigation]: Destroying lifecycle_manager_navigation
[INFO] [behavior_server-10]: process has finished cleanly [pid 227390]
[planner_server-9] [INFO] [1789659943.953011254] [planner_server]: Destroying bond (planner_server) to lifecycle manager.
[planner_server-9] [INFO] [1789659943.957465923] [global_costmap.global_costmap]: Destroying
[planner_server-9] [INFO] [1789659943.983556469] [planner_server]: Destroying
[bt_navigator-11] [INFO] [1789659944.005115715] [bt_navigator]: Completed Cleaning up
[bt_navigator-11] [INFO] [1789659944.005207036] [bt_navigator]: Destroying bond (bt_navigator) to lifecycle manager.
[bt_navigator-11] [INFO] [1789659944.021802408] [bt_navigator]: Destroying
[INFO] [lifecycle_manager-13]: process has finished cleanly [pid 227406]
[INFO] [planner_server-9]: process has finished cleanly [pid 227387]
[INFO] [bt_navigator-11]: process has finished cleanly [pid 227392]
[ERROR] [controller_server-8]: process has died [pid 227378, exit code -11, cmd '/opt/ros/humble/lib/nav2_controller/controller_server --ros-args -r __node:=controller_server --params-file /home/yahboom/swerve_bringup/install/swerve_bringup/share/swerve_bringup/swerve_navigation/config/nav2_params.yaml --params-file /tmp/launch_params_9nyxon11'].
[INFO] [gzserver-1]: process has finished cleanly [pid 227355]
