[INFO] [launch]: All log files can be found below /home/yahboom/.ros/log/2026-09-17-16-45-02-538299-yahboom-virtual-machine-147429
[INFO] [launch]: Default logging verbosity is set to INFO
[INFO] [gzserver-1]: process started with pid [147486]
[INFO] [robot_state_publisher-2]: process started with pid [147488]
[INFO] [spawn_entity.py-3]: process started with pid [147490]
[INFO] [ekf_node-4]: process started with pid [147492]
[INFO] [v30e_sim_node-5]: process started with pid [147494]
[INFO] [ekf_node-6]: process started with pid [147496]
[INFO] [map_server-7]: process started with pid [147499]
[INFO] [controller_server-8]: process started with pid [147505]
[INFO] [planner_server-9]: process started with pid [147510]
[INFO] [behavior_server-10]: process started with pid [147513]
[INFO] [bt_navigator-11]: process started with pid [147519]
[INFO] [waypoint_follower-12]: process started with pid [147532]
[INFO] [lifecycle_manager-13]: process started with pid [147541]
[INFO] [swerve_bridge_node-14]: process started with pid [147546]
[lifecycle_manager-13] [INFO] [1789634705.791511341] [lifecycle_manager_navigation]: Creating
[map_server-7] [INFO] [1789634705.807528499] [map_server]: 
[map_server-7] 	map_server lifecycle node launched. 
[map_server-7] 	Waiting on external lifecycle transitions to activate
[map_server-7] 	See https://design.ros2.org/articles/node_lifecycle.html for more information.
[map_server-7] [INFO] [1789634705.813942516] [map_server]: Creating
[robot_state_publisher-2] [INFO] [1789634705.811518050] [robot_state_publisher]: got segment base_footprint
[robot_state_publisher-2] [INFO] [1789634705.818727031] [robot_state_publisher]: got segment base_link
[robot_state_publisher-2] [INFO] [1789634705.818755233] [robot_state_publisher]: got segment imu_link
[robot_state_publisher-2] [INFO] [1789634705.818764367] [robot_state_publisher]: got segment lidar_link
[robot_state_publisher-2] [INFO] [1789634705.818771956] [robot_state_publisher]: got segment steer_front_link
[robot_state_publisher-2] [INFO] [1789634705.818779254] [robot_state_publisher]: got segment steer_rear_link
[robot_state_publisher-2] [INFO] [1789634705.818786604] [robot_state_publisher]: got segment v30e_link
[robot_state_publisher-2] [INFO] [1789634705.818793969] [robot_state_publisher]: got segment wheel_front_drive_link
[robot_state_publisher-2] [INFO] [1789634705.818801619] [robot_state_publisher]: got segment wheel_front_left_link
[robot_state_publisher-2] [INFO] [1789634705.818808816] [robot_state_publisher]: got segment wheel_front_right_link
[robot_state_publisher-2] [INFO] [1789634705.818816378] [robot_state_publisher]: got segment wheel_rear_drive_link
[robot_state_publisher-2] [INFO] [1789634705.818823216] [robot_state_publisher]: got segment wheel_rear_left_link
[robot_state_publisher-2] [INFO] [1789634705.818830365] [robot_state_publisher]: got segment wheel_rear_right_link
[controller_server-8] [INFO] [1789634705.841761119] [controller_server]: 
[controller_server-8] 	controller_server lifecycle node launched. 
[controller_server-8] 	Waiting on external lifecycle transitions to activate
[controller_server-8] 	See https://design.ros2.org/articles/node_lifecycle.html for more information.
[controller_server-8] [INFO] [1789634705.857171665] [controller_server]: Creating controller server
[lifecycle_manager-13] [INFO] [1789634705.912611400] [lifecycle_manager_navigation]: [34m[1mCreating and initializing lifecycle service clients[0m[0m
[behavior_server-10] [INFO] [1789634705.992962141] [behavior_server]: 
[behavior_server-10] 	behavior_server lifecycle node launched. 
[behavior_server-10] 	Waiting on external lifecycle transitions to activate
[behavior_server-10] 	See https://design.ros2.org/articles/node_lifecycle.html for more information.
[swerve_bridge_node-14] Traceback (most recent call last):
[swerve_bridge_node-14]   File "/home/yahboom/swerve_bringup/install/swerve_bridge/lib/swerve_bridge/swerve_bridge_node", line 33, in <module>
[swerve_bridge_node-14]     sys.exit(load_entry_point('swerve-bridge', 'console_scripts', 'swerve_bridge_node')())
[swerve_bridge_node-14]   File "/home/yahboom/swerve_bringup/install/swerve_bridge/lib/swerve_bridge/swerve_bridge_node", line 22, in importlib_load_entry_point
[swerve_bridge_node-14]     for entry_point in distribution(dist_name).entry_points
[swerve_bridge_node-14]   File "/usr/lib/python3.10/importlib/metadata/__init__.py", line 969, in distribution
[swerve_bridge_node-14]     return Distribution.from_name(distribution_name)
[swerve_bridge_node-14]   File "/usr/lib/python3.10/importlib/metadata/__init__.py", line 548, in from_name
[swerve_bridge_node-14]     raise PackageNotFoundError(name)
[swerve_bridge_node-14] importlib.metadata.PackageNotFoundError: No package metadata was found for swerve-bridge
[waypoint_follower-12] [INFO] [1789634706.072890542] [waypoint_follower]: 
[waypoint_follower-12] 	waypoint_follower lifecycle node launched. 
[waypoint_follower-12] 	Waiting on external lifecycle transitions to activate
[waypoint_follower-12] 	See https://design.ros2.org/articles/node_lifecycle.html for more information.
[waypoint_follower-12] [INFO] [1789634706.073606752] [waypoint_follower]: Creating
[planner_server-9] [INFO] [1789634706.085193617] [planner_server]: 
[planner_server-9] 	planner_server lifecycle node launched. 
[planner_server-9] 	Waiting on external lifecycle transitions to activate
[planner_server-9] 	See https://design.ros2.org/articles/node_lifecycle.html for more information.
[planner_server-9] [INFO] [1789634706.086605317] [planner_server]: Creating
[ERROR] [swerve_bridge_node-14]: process has died [pid 147546, exit code 1, cmd '/home/yahboom/swerve_bringup/install/swerve_bridge/lib/swerve_bridge/swerve_bridge_node --ros-args -r __node:=swerve_bridge --params-file /home/yahboom/swerve_bringup/install/swerve_bridge/share/swerve_bridge/config/bridge.yaml --params-file /tmp/launch_params_zrfcaiu5'].
[bt_navigator-11] [INFO] [1789634706.210288144] [bt_navigator]: 
[bt_navigator-11] 	bt_navigator lifecycle node launched. 
[bt_navigator-11] 	Waiting on external lifecycle transitions to activate
[bt_navigator-11] 	See https://design.ros2.org/articles/node_lifecycle.html for more information.
[bt_navigator-11] [INFO] [1789634706.210492904] [bt_navigator]: Creating
[controller_server-8] [INFO] [1789634706.242130500] [local_costmap.local_costmap]: 
[controller_server-8] 	local_costmap lifecycle node launched. 
[controller_server-8] 	Waiting on external lifecycle transitions to activate
[controller_server-8] 	See https://design.ros2.org/articles/node_lifecycle.html for more information.
[controller_server-8] [INFO] [1789634706.242676471] [local_costmap.local_costmap]: Creating Costmap
[lifecycle_manager-13] [INFO] [1789634706.280834932] [lifecycle_manager_navigation]: [34m[1mStarting managed nodes bringup...[0m[0m
[lifecycle_manager-13] [INFO] [1789634706.280930697] [lifecycle_manager_navigation]: [34m[1mConfiguring map_server[0m[0m
[map_server-7] [INFO] [1789634706.287696848] [map_server]: Configuring
[map_server-7] [INFO] [1789634706.288556212] [map_io]: Loading yaml file: /home/yahboom/swerve_bringup/install/swerve_bringup/share/swerve_bringup/swerve_navigation/maps/warehouse.yaml
[map_server-7] [INFO] [1789634706.288895709] [map_io]: resolution: 0.05
[map_server-7] [INFO] [1789634706.288912352] [map_io]: origin[0]: -17.2
[map_server-7] [INFO] [1789634706.288918867] [map_io]: origin[1]: -17.4
[map_server-7] [INFO] [1789634706.288924217] [map_io]: origin[2]: 0
[map_server-7] [INFO] [1789634706.288929926] [map_io]: free_thresh: 0.25
[map_server-7] [INFO] [1789634706.288935380] [map_io]: occupied_thresh: 0.65
[map_server-7] [INFO] [1789634706.288940996] [map_io]: mode: trinary
[map_server-7] [INFO] [1789634706.288946795] [map_io]: negate: 0
[map_server-7] [INFO] [1789634706.289206505] [map_io]: Loading image_file: /home/yahboom/swerve_bringup/install/swerve_bringup/share/swerve_bringup/swerve_navigation/maps/warehouse.pgm
[planner_server-9] [INFO] [1789634706.301084276] [global_costmap.global_costmap]: 
[planner_server-9] 	global_costmap lifecycle node launched. 
[planner_server-9] 	Waiting on external lifecycle transitions to activate
[planner_server-9] 	See https://design.ros2.org/articles/node_lifecycle.html for more information.
[planner_server-9] [INFO] [1789634706.301639053] [global_costmap.global_costmap]: Creating Costmap
[map_server-7] [INFO] [1789634706.384812559] [map_io]: Read map /home/yahboom/swerve_bringup/install/swerve_bringup/share/swerve_bringup/swerve_navigation/maps/warehouse.pgm: 676 X 680 map @ 0.05 m/cell
[lifecycle_manager-13] [INFO] [1789634706.430414361] [lifecycle_manager_navigation]: [34m[1mConfiguring controller_server[0m[0m
[controller_server-8] [INFO] [1789634706.431292892] [controller_server]: Configuring controller interface
[controller_server-8] [INFO] [1789634706.431475273] [controller_server]: getting goal checker plugins..
[controller_server-8] [INFO] [1789634706.431540054] [controller_server]: Controller frequency set to 10.0000Hz
[controller_server-8] [INFO] [1789634706.431576038] [local_costmap.local_costmap]: Configuring
[controller_server-8] [INFO] [1789634706.490542048] [local_costmap.local_costmap]: Using plugin "voxel_layer"
[controller_server-8] [INFO] [1789634706.503684368] [local_costmap.local_costmap]: Subscribed to Topics: lidar3d scan
[controller_server-8] [INFO] [1789634706.596049526] [local_costmap.local_costmap]: Initialized plugin "voxel_layer"
[controller_server-8] [INFO] [1789634706.596100228] [local_costmap.local_costmap]: Using plugin "inflation_layer"
[controller_server-8] [INFO] [1789634706.602576903] [local_costmap.local_costmap]: Initialized plugin "inflation_layer"
[controller_server-8] [INFO] [1789634706.787977213] [controller_server]: Created progress_checker : progress_checker of type nav2_controller::SimpleProgressChecker
[controller_server-8] [INFO] [1789634706.819558759] [controller_server]: Created goal checker : general_goal_checker of type nav2_controller::SimpleGoalChecker
[controller_server-8] [INFO] [1789634706.867070874] [controller_server]: Controller Server has general_goal_checker  goal checkers available.
[controller_server-8] [INFO] [1789634706.868889992] [controller_server]: Created controller : FollowPath of type dwb_core::DWBLocalPlanner
[controller_server-8] [INFO] [1789634706.893586600] [controller_server]: Setting transform_tolerance to 0.200000
[spawn_entity.py-3] [INFO] [1789634707.110688607] [spawn_swerve]: Spawn Entity started
[spawn_entity.py-3] [INFO] [1789634707.112206838] [spawn_swerve]: Loading entity published on topic robot_description
[spawn_entity.py-3] [INFO] [1789634707.127171752] [spawn_swerve]: Waiting for entity xml on robot_description
[spawn_entity.py-3] [INFO] [1789634707.145517574] [spawn_swerve]: Waiting for service /spawn_entity, timeout = 30
[spawn_entity.py-3] [INFO] [1789634707.150126534] [spawn_swerve]: Waiting for service /spawn_entity
[controller_server-8] [INFO] [1789634707.186546668] [controller_server]: Using critic "RotateToGoal" (dwb_critics::RotateToGoalCritic)
[controller_server-8] [INFO] [1789634707.190309437] [controller_server]: Critic plugin initialized
[controller_server-8] [INFO] [1789634707.190430745] [controller_server]: Using critic "Oscillation" (dwb_critics::OscillationCritic)
[controller_server-8] [INFO] [1789634707.190868083] [controller_server]: Critic plugin initialized
[controller_server-8] [INFO] [1789634707.195921479] [controller_server]: Using critic "BaseObstacle" (dwb_critics::BaseObstacleCritic)
[controller_server-8] [INFO] [1789634707.196225839] [controller_server]: Critic plugin initialized
[controller_server-8] [INFO] [1789634707.196298358] [controller_server]: Using critic "GoalAlign" (dwb_critics::GoalAlignCritic)
[controller_server-8] [INFO] [1789634707.196712713] [controller_server]: Critic plugin initialized
[controller_server-8] [INFO] [1789634707.199099545] [controller_server]: Using critic "PathAlign" (dwb_critics::PathAlignCritic)
[controller_server-8] [INFO] [1789634707.200927028] [controller_server]: Critic plugin initialized
[controller_server-8] [INFO] [1789634707.203237406] [controller_server]: Using critic "PathDist" (dwb_critics::PathDistCritic)
[controller_server-8] [INFO] [1789634707.203669914] [controller_server]: Critic plugin initialized
[controller_server-8] [INFO] [1789634707.203739470] [controller_server]: Using critic "GoalDist" (dwb_critics::GoalDistCritic)
[controller_server-8] [INFO] [1789634707.204137713] [controller_server]: Critic plugin initialized
[controller_server-8] [INFO] [1789634707.204176480] [controller_server]: Controller Server has FollowPath  controllers available.
[lifecycle_manager-13] [INFO] [1789634707.263966016] [lifecycle_manager_navigation]: [34m[1mConfiguring planner_server[0m[0m
[planner_server-9] [INFO] [1789634707.264358125] [planner_server]: Configuring
[planner_server-9] [INFO] [1789634707.264409383] [global_costmap.global_costmap]: Configuring
[v30e_sim_node-5] [INFO] [1789634707.326337872] [v30e_sim_node]: Using Gazebo /get_entity_state internally; odometry is not a V30E measurement input
[planner_server-9] [INFO] [1789634707.350811823] [global_costmap.global_costmap]: Using plugin "static_layer"
[planner_server-9] [INFO] [1789634707.365940613] [global_costmap.global_costmap]: Subscribing to the map topic (/map) with transient local durability
[planner_server-9] [INFO] [1789634707.370386128] [global_costmap.global_costmap]: Initialized plugin "static_layer"
[planner_server-9] [INFO] [1789634707.370429400] [global_costmap.global_costmap]: Using plugin "obstacle_layer"
[planner_server-9] [INFO] [1789634707.370774517] [global_costmap.global_costmap]: Subscribed to Topics: scan
[planner_server-9] [INFO] [1789634707.378488676] [global_costmap.global_costmap]: Initialized plugin "obstacle_layer"
[planner_server-9] [INFO] [1789634707.378532391] [global_costmap.global_costmap]: Using plugin "inflation_layer"
[planner_server-9] [INFO] [1789634707.393512587] [global_costmap.global_costmap]: Initialized plugin "inflation_layer"
[planner_server-9] [INFO] [1789634707.463313428] [planner_server]: Created global planner plugin GridBased of type nav2_navfn_planner/NavfnPlanner
[planner_server-9] [INFO] [1789634707.463372281] [planner_server]: Configuring plugin GridBased of type NavfnPlanner
[planner_server-9] [INFO] [1789634707.467810757] [planner_server]: Planner Server has GridBased  planners available.
[lifecycle_manager-13] [INFO] [1789634707.571262120] [lifecycle_manager_navigation]: [34m[1mConfiguring behavior_server[0m[0m
[behavior_server-10] [INFO] [1789634707.573699589] [behavior_server]: Configuring
[behavior_server-10] [INFO] [1789634707.658959333] [behavior_server]: Creating behavior plugin spin of type nav2_behaviors/Spin
[behavior_server-10] [INFO] [1789634707.659862401] [behavior_server]: Configuring spin
[behavior_server-10] [INFO] [1789634707.707907132] [behavior_server]: Creating behavior plugin backup of type nav2_behaviors/BackUp
[behavior_server-10] [INFO] [1789634707.711778153] [behavior_server]: Configuring backup
[behavior_server-10] [INFO] [1789634707.763896705] [behavior_server]: Creating behavior plugin drive_on_heading of type nav2_behaviors/DriveOnHeading
[behavior_server-10] [INFO] [1789634707.764760625] [behavior_server]: Configuring drive_on_heading
[behavior_server-10] [INFO] [1789634707.816315810] [behavior_server]: Creating behavior plugin wait of type nav2_behaviors/Wait
[behavior_server-10] [INFO] [1789634707.817361334] [behavior_server]: Configuring wait
[lifecycle_manager-13] [INFO] [1789634707.859540100] [lifecycle_manager_navigation]: [34m[1mConfiguring bt_navigator[0m[0m
[bt_navigator-11] [INFO] [1789634707.860058707] [bt_navigator]: Configuring
[lifecycle_manager-13] [INFO] [1789634708.407712468] [lifecycle_manager_navigation]: [34m[1mConfiguring waypoint_follower[0m[0m
[waypoint_follower-12] [INFO] [1789634708.410613620] [waypoint_follower]: Configuring
[waypoint_follower-12] [INFO] [1789634708.494688397] [waypoint_follower]: Created waypoint_task_executor : wait_at_waypoint of type nav2_waypoint_follower::WaitAtWaypoint
[waypoint_follower-12] [INFO] [1789634708.498507971] [waypoint_follower]: Waypoint pause duration is set to zero, disabling task executor plugin.
[lifecycle_manager-13] [INFO] [1789634708.502843828] [lifecycle_manager_navigation]: [34m[1mActivating map_server[0m[0m
[map_server-7] [INFO] [1789634708.503493290] [map_server]: Activating
[map_server-7] [INFO] [1789634708.504490183] [map_server]: Creating bond (map_server) to lifecycle manager.
[planner_server-9] [INFO] [1789634708.506895518] [global_costmap.global_costmap]: StaticLayer: Resizing costmap to 676 X 680 at 0.050000 m/pix
[lifecycle_manager-13] [INFO] [1789634708.625048213] [lifecycle_manager_navigation]: Server map_server connected with bond.
[lifecycle_manager-13] [INFO] [1789634708.625129019] [lifecycle_manager_navigation]: [34m[1mActivating controller_server[0m[0m
[controller_server-8] [INFO] [1789634708.625475089] [controller_server]: Activating
[controller_server-8] [INFO] [1789634708.625528433] [local_costmap.local_costmap]: Activating
[controller_server-8] [INFO] [1789634708.625547136] [local_costmap.local_costmap]: Checking transform
[controller_server-8] [INFO] [1789634708.625580420] [local_costmap.local_costmap]: Timed out waiting for transform from base_footprint to odom to become available, tf error: Invalid frame ID "odom" passed to canTransform argument target_frame - frame does not exist
[controller_server-8] [INFO] [1789634709.126846596] [local_costmap.local_costmap]: Timed out waiting for transform from base_footprint to odom to become available, tf error: Invalid frame ID "odom" passed to canTransform argument target_frame - frame does not exist
[controller_server-8] [INFO] [1789634709.626047168] [local_costmap.local_costmap]: Timed out waiting for transform from base_footprint to odom to become available, tf error: Invalid frame ID "odom" passed to canTransform argument target_frame - frame does not exist
[controller_server-8] [INFO] [1789634710.126248784] [local_costmap.local_costmap]: Timed out waiting for transform from base_footprint to odom to become available, tf error: Invalid frame ID "odom" passed to canTransform argument target_frame - frame does not exist
[controller_server-8] [INFO] [1789634710.625686292] [local_costmap.local_costmap]: Timed out waiting for transform from base_footprint to odom to become available, tf error: Invalid frame ID "odom" passed to canTransform argument target_frame - frame does not exist
[controller_server-8] [INFO] [1789634711.125706537] [local_costmap.local_costmap]: Timed out waiting for transform from base_footprint to odom to become available, tf error: Invalid frame ID "odom" passed to canTransform argument target_frame - frame does not exist
[controller_server-8] [INFO] [1789634711.626320720] [local_costmap.local_costmap]: Timed out waiting for transform from base_footprint to odom to become available, tf error: Invalid frame ID "odom" passed to canTransform argument target_frame - frame does not exist
[controller_server-8] [INFO] [1789634712.125866484] [local_costmap.local_costmap]: Timed out waiting for transform from base_footprint to odom to become available, tf error: Invalid frame ID "odom" passed to canTransform argument target_frame - frame does not exist
[controller_server-8] [INFO] [1789634712.626534294] [local_costmap.local_costmap]: Timed out waiting for transform from base_footprint to odom to become available, tf error: Invalid frame ID "odom" passed to canTransform argument target_frame - frame does not exist
[controller_server-8] [INFO] [1789634713.128842077] [local_costmap.local_costmap]: Timed out waiting for transform from base_footprint to odom to become available, tf error: Invalid frame ID "odom" passed to canTransform argument target_frame - frame does not exist
[spawn_entity.py-3] [INFO] [1789634713.219071669] [spawn_swerve]: Calling service /spawn_entity
[gzserver-1] [INFO] [1789634713.482956747] [gazebo_ros_state]: Publishing states of gazebo models at [/model_states]
[gzserver-1] [INFO] [1789634713.489537497] [gazebo_ros_state]: Publishing states of gazebo links at [/link_states]
[controller_server-8] [INFO] [1789634713.627029632] [local_costmap.local_costmap]: Timed out waiting for transform from base_footprint to odom to become available, tf error: Invalid frame ID "odom" passed to canTransform argument target_frame - frame does not exist
[gzserver-1] [INFO] [1789634714.098097584] [imu.imu_ros]: <initial_orientation_as_reference> is unset, using default value of false to comply with REP 145 (world as orientation reference)
[controller_server-8] [INFO] [1789634714.125750445] [local_costmap.local_costmap]: Timed out waiting for transform from base_footprint to odom to become available, tf error: Invalid frame ID "odom" passed to canTransform argument target_frame - frame does not exist
[controller_server-8] [INFO] [1789634714.625819875] [local_costmap.local_costmap]: Timed out waiting for transform from base_footprint to odom to become available, tf error: Invalid frame ID "odom" passed to canTransform argument target_frame - frame does not exist
[controller_server-8] [INFO] [1789634715.126090495] [local_costmap.local_costmap]: Timed out waiting for transform from base_footprint to odom to become available, tf error: Invalid frame ID "odom" passed to canTransform argument target_frame - frame does not exist
[controller_server-8] [INFO] [1789634715.627668522] [local_costmap.local_costmap]: Timed out waiting for transform from base_footprint to odom to become available, tf error: Invalid frame ID "odom" passed to canTransform argument target_frame - frame does not exist
[controller_server-8] [INFO] [1789634716.125690679] [local_costmap.local_costmap]: Timed out waiting for transform from base_footprint to odom to become available, tf error: Invalid frame ID "odom" passed to canTransform argument target_frame - frame does not exist
[controller_server-8] [INFO] [1789634716.625792265] [local_costmap.local_costmap]: Timed out waiting for transform from base_footprint to odom to become available, tf error: Invalid frame ID "odom" passed to canTransform argument target_frame - frame does not exist
[controller_server-8] [INFO] [1789634717.125697134] [local_costmap.local_costmap]: Timed out waiting for transform from base_footprint to odom to become available, tf error: Invalid frame ID "odom" passed to canTransform argument target_frame - frame does not exist
[controller_server-8] [INFO] [1789634717.625908701] [local_costmap.local_costmap]: Timed out waiting for transform from base_footprint to odom to become available, tf error: Invalid frame ID "odom" passed to canTransform argument target_frame - frame does not exist
[controller_server-8] [INFO] [1789634718.125768160] [local_costmap.local_costmap]: Timed out waiting for transform from base_footprint to odom to become available, tf error: Invalid frame ID "odom" passed to canTransform argument target_frame - frame does not exist
[controller_server-8] [INFO] [1789634718.625835671] [local_costmap.local_costmap]: Timed out waiting for transform from base_footprint to odom to become available, tf error: Invalid frame ID "odom" passed to canTransform argument target_frame - frame does not exist
[controller_server-8] [INFO] [1789634719.126118370] [local_costmap.local_costmap]: Timed out waiting for transform from base_footprint to odom to become available, tf error: Invalid frame ID "odom" passed to canTransform argument target_frame - frame does not exist
[controller_server-8] [INFO] [1789634719.626610307] [local_costmap.local_costmap]: Timed out waiting for transform from base_footprint to odom to become available, tf error: Invalid frame ID "odom" passed to canTransform argument target_frame - frame does not exist
[controller_server-8] [INFO] [1789634720.125758552] [local_costmap.local_costmap]: Timed out waiting for transform from base_footprint to odom to become available, tf error: Invalid frame ID "odom" passed to canTransform argument target_frame - frame does not exist
[controller_server-8] [INFO] [1789634720.625689994] [local_costmap.local_costmap]: Timed out waiting for transform from base_footprint to odom to become available, tf error: Invalid frame ID "odom" passed to canTransform argument target_frame - frame does not exist
[controller_server-8] [INFO] [1789634721.125890978] [local_costmap.local_costmap]: Timed out waiting for transform from base_footprint to odom to become available, tf error: Invalid frame ID "odom" passed to canTransform argument target_frame - frame does not exist
[controller_server-8] [INFO] [1789634721.627386560] [local_costmap.local_costmap]: Timed out waiting for transform from base_footprint to odom to become available, tf error: Invalid frame ID "odom" passed to canTransform argument target_frame - frame does not exist
[controller_server-8] [INFO] [1789634722.127462181] [local_costmap.local_costmap]: Timed out waiting for transform from base_footprint to odom to become available, tf error: Invalid frame ID "odom" passed to canTransform argument target_frame - frame does not exist
[controller_server-8] [INFO] [1789634722.627293686] [local_costmap.local_costmap]: Timed out waiting for transform from base_footprint to odom to become available, tf error: Invalid frame ID "odom" passed to canTransform argument target_frame - frame does not exist
[controller_server-8] [INFO] [1789634723.125959514] [local_costmap.local_costmap]: Timed out waiting for transform from base_footprint to odom to become available, tf error: Invalid frame ID "odom" passed to canTransform argument target_frame - frame does not exist
[controller_server-8] [INFO] [1789634723.625716231] [local_costmap.local_costmap]: Timed out waiting for transform from base_footprint to odom to become available, tf error: Invalid frame ID "odom" passed to canTransform argument target_frame - frame does not exist
[controller_server-8] [INFO] [1789634724.126526020] [local_costmap.local_costmap]: Timed out waiting for transform from base_footprint to odom to become available, tf error: Invalid frame ID "odom" passed to canTransform argument target_frame - frame does not exist
[controller_server-8] [INFO] [1789634724.625712584] [local_costmap.local_costmap]: Timed out waiting for transform from base_footprint to odom to become available, tf error: Invalid frame ID "odom" passed to canTransform argument target_frame - frame does not exist
[controller_server-8] [INFO] [1789634725.125837296] [local_costmap.local_costmap]: Timed out waiting for transform from base_footprint to odom to become available, tf error: Invalid frame ID "odom" passed to canTransform argument target_frame - frame does not exist
[controller_server-8] [INFO] [1789634725.627819119] [local_costmap.local_costmap]: Timed out waiting for transform from base_footprint to odom to become available, tf error: Invalid frame ID "odom" passed to canTransform argument target_frame - frame does not exist
[controller_server-8] [INFO] [1789634726.126327906] [local_costmap.local_costmap]: Timed out waiting for transform from base_footprint to odom to become available, tf error: Invalid frame ID "odom" passed to canTransform argument target_frame - frame does not exist
[controller_server-8] [INFO] [1789634726.625681560] [local_costmap.local_costmap]: Timed out waiting for transform from base_footprint to odom to become available, tf error: Invalid frame ID "odom" passed to canTransform argument target_frame - frame does not exist
[spawn_entity.py-3] [INFO] [1789634726.895157029] [spawn_swerve]: Spawn status: SpawnEntity: Successfully spawned entity [swerve_base]
[controller_server-8] [INFO] [1789634727.126852048] [local_costmap.local_costmap]: Timed out waiting for transform from base_footprint to odom to become available, tf error: Invalid frame ID "odom" passed to canTransform argument target_frame - frame does not exist
[gzserver-1] [INFO] [1789634727.158720461] [gazebo_ros2_control]: Loading gazebo_ros2_control plugin
[INFO] [spawn_entity.py-3]: process has finished cleanly [pid 147490]
[INFO] [spawner-15]: process started with pid [147855]
[gzserver-1] [INFO] [1789634727.299975622] [gazebo_ros2_control]: Starting gazebo_ros2_control plugin in namespace: /
[gzserver-1] [INFO] [1789634727.300059949] [gazebo_ros2_control]: Starting gazebo_ros2_control plugin in ros 2 node: gazebo_ros2_control
[gzserver-1] [INFO] [1789634727.398987106] [gazebo_ros2_control]: connected to service!! robot_state_publisher
[gzserver-1] [INFO] [1789634727.402419490] [gazebo_ros2_control]: Received urdf from param server, parsing...
[gzserver-1] [INFO] [1789634727.402664643] [gazebo_ros2_control]: Loading parameter files /home/yahboom/swerve_bringup/install/swerve_bringup/share/swerve_bringup/config/controllers.yaml
[gzserver-1] [INFO] [1789634727.451032605] [gazebo_ros2_control]: Loading joint: steer_front_joint
[gzserver-1] [INFO] [1789634727.451093336] [gazebo_ros2_control]: 	State:
[gzserver-1] [INFO] [1789634727.451107234] [gazebo_ros2_control]: 		 position
[gzserver-1] [INFO] [1789634727.451119928] [gazebo_ros2_control]: 		 velocity
[gzserver-1] [INFO] [1789634727.451130268] [gazebo_ros2_control]: 	Command:
[gzserver-1] [INFO] [1789634727.451139293] [gazebo_ros2_control]: 		 position
[gzserver-1] [INFO] [1789634727.451443057] [gazebo_ros2_control]: Loading joint: steer_rear_joint
[gzserver-1] [INFO] [1789634727.451471300] [gazebo_ros2_control]: 	State:
[gzserver-1] [INFO] [1789634727.451482052] [gazebo_ros2_control]: 		 position
[gzserver-1] [INFO] [1789634727.451492018] [gazebo_ros2_control]: 		 velocity
[gzserver-1] [INFO] [1789634727.451501019] [gazebo_ros2_control]: 	Command:
[gzserver-1] [INFO] [1789634727.451509622] [gazebo_ros2_control]: 		 position
[gzserver-1] [INFO] [1789634727.451643310] [gazebo_ros2_control]: Loading joint: wheel_front_drive_joint
[gzserver-1] [INFO] [1789634727.451662724] [gazebo_ros2_control]: 	State:
[gzserver-1] [INFO] [1789634727.451673200] [gazebo_ros2_control]: 		 position
[gzserver-1] [INFO] [1789634727.451682859] [gazebo_ros2_control]: 		 velocity
[gzserver-1] [INFO] [1789634727.451691878] [gazebo_ros2_control]: 	Command:
[gzserver-1] [INFO] [1789634727.451705442] [gazebo_ros2_control]: 		 velocity
[gzserver-1] [INFO] [1789634727.454859644] [gazebo_ros2_control]: Loading joint: wheel_rear_drive_joint
[gzserver-1] [INFO] [1789634727.454897235] [gazebo_ros2_control]: 	State:
[gzserver-1] [INFO] [1789634727.454908829] [gazebo_ros2_control]: 		 position
[gzserver-1] [INFO] [1789634727.454919899] [gazebo_ros2_control]: 		 velocity
[gzserver-1] [INFO] [1789634727.454929669] [gazebo_ros2_control]: 	Command:
[gzserver-1] [INFO] [1789634727.454954278] [gazebo_ros2_control]: 		 velocity
[gzserver-1] [INFO] [1789634727.455309037] [resource_manager]: Initialize hardware 'GazeboSystem' 
[gzserver-1] [INFO] [1789634727.455548277] [resource_manager]: Successful initialization of hardware 'GazeboSystem'
[gzserver-1] [INFO] [1789634727.455698686] [resource_manager]: 'configure' hardware 'GazeboSystem' 
[gzserver-1] [INFO] [1789634727.455713271] [resource_manager]: Successful 'configure' of hardware 'GazeboSystem'
[gzserver-1] [INFO] [1789634727.455720678] [resource_manager]: 'activate' hardware 'GazeboSystem' 
[gzserver-1] [INFO] [1789634727.455726788] [resource_manager]: Successful 'activate' of hardware 'GazeboSystem'
[gzserver-1] [INFO] [1789634727.455934282] [gazebo_ros2_control]: Loading controller_manager
[controller_server-8] [INFO] [1789634727.626425065] [local_costmap.local_costmap]: Timed out waiting for transform from base_footprint to odom to become available, tf error: Invalid frame ID "odom" passed to canTransform argument target_frame - frame does not exist
[gzserver-1] [WARN] [1789634727.714885890] [gazebo_ros2_control]:  Desired controller update period (0.01 s) is slower than the gazebo simulation period (0.001 s).
[gzserver-1] [INFO] [1789634727.719625812] [gazebo_ros2_control]: Loaded gazebo_ros2_control.
[controller_server-8] [INFO] [1789634728.128017541] [local_costmap.local_costmap]: start
[controller_server-8] [INFO] [1789634728.286255054] [controller_server]: Creating bond (controller_server) to lifecycle manager.
[lifecycle_manager-13] [INFO] [1789634728.421737456] [lifecycle_manager_navigation]: Server controller_server connected with bond.
[lifecycle_manager-13] [INFO] [1789634728.421820628] [lifecycle_manager_navigation]: [34m[1mActivating planner_server[0m[0m
[planner_server-9] [INFO] [1789634728.422494216] [planner_server]: Activating
[planner_server-9] [INFO] [1789634728.422622362] [global_costmap.global_costmap]: Activating
[planner_server-9] [INFO] [1789634728.422673833] [global_costmap.global_costmap]: Checking transform
[planner_server-9] [INFO] [1789634728.422718899] [global_costmap.global_costmap]: Timed out waiting for transform from base_footprint to map to become available, tf error: Invalid frame ID "map" passed to canTransform argument target_frame - frame does not exist
[spawner-15] [INFO] [1789634728.476015309] [spawn_joint_state_broadcaster]: waiting for service /controller_manager/list_controllers to become available...
[gzserver-1] [INFO] [1789634728.741060436] [controller_manager]: Loading controller 'joint_state_broadcaster'
[planner_server-9] [INFO] [1789634728.922976244] [global_costmap.global_costmap]: start
[spawner-15] [INFO] [1789634728.956110439] [spawn_joint_state_broadcaster]: [94mLoaded [1mjoint_state_broadcaster[0m
[gzserver-1] [INFO] [1789634729.048445631] [controller_manager]: Configuring controller 'joint_state_broadcaster'
[gzserver-1] [INFO] [1789634729.048946299] [joint_state_broadcaster]: 'joints' or 'interfaces' parameter is empty. All available state interfaces will be published
[planner_server-9] [INFO] [1789634729.488246384] [planner_server]: Activating plugin GridBased of type NavfnPlanner
[planner_server-9] [INFO] [1789634729.494199104] [planner_server]: Creating bond (planner_server) to lifecycle manager.
[spawner-15] [INFO] [1789634729.583150850] [spawn_joint_state_broadcaster]: [92mConfigured and activated [1mjoint_state_broadcaster[0m
[lifecycle_manager-13] [INFO] [1789634729.605054186] [lifecycle_manager_navigation]: Server planner_server connected with bond.
[lifecycle_manager-13] [INFO] [1789634729.605135055] [lifecycle_manager_navigation]: [34m[1mActivating behavior_server[0m[0m
[behavior_server-10] [INFO] [1789634729.607809446] [behavior_server]: Activating
[behavior_server-10] [INFO] [1789634729.607864990] [behavior_server]: Activating spin
[behavior_server-10] [INFO] [1789634729.607884762] [behavior_server]: Activating backup
[behavior_server-10] [INFO] [1789634729.607898676] [behavior_server]: Activating drive_on_heading
[behavior_server-10] [INFO] [1789634729.607909629] [behavior_server]: Activating wait
[behavior_server-10] [INFO] [1789634729.607926914] [behavior_server]: Creating bond (behavior_server) to lifecycle manager.
[lifecycle_manager-13] [INFO] [1789634729.738682240] [lifecycle_manager_navigation]: Server behavior_server connected with bond.
[lifecycle_manager-13] [INFO] [1789634729.738760697] [lifecycle_manager_navigation]: [34m[1mActivating bt_navigator[0m[0m
[bt_navigator-11] [INFO] [1789634729.739527951] [bt_navigator]: Activating
[INFO] [spawner-15]: process has finished cleanly [pid 147855]
[INFO] [spawner-16]: process started with pid [147877]
[bt_navigator-11] [INFO] [1789634730.364393165] [bt_navigator]: Creating bond (bt_navigator) to lifecycle manager.
[lifecycle_manager-13] [INFO] [1789634730.499186343] [lifecycle_manager_navigation]: Server bt_navigator connected with bond.
[lifecycle_manager-13] [INFO] [1789634730.499279595] [lifecycle_manager_navigation]: [34m[1mActivating waypoint_follower[0m[0m
[waypoint_follower-12] [INFO] [1789634730.499730124] [waypoint_follower]: Activating
[waypoint_follower-12] [INFO] [1789634730.499788594] [waypoint_follower]: Creating bond (waypoint_follower) to lifecycle manager.
[lifecycle_manager-13] [INFO] [1789634730.623114969] [lifecycle_manager_navigation]: Server waypoint_follower connected with bond.
[lifecycle_manager-13] [INFO] [1789634730.623189418] [lifecycle_manager_navigation]: [34m[1mManaged nodes are active[0m[0m
[lifecycle_manager-13] [INFO] [1789634730.623206409] [lifecycle_manager_navigation]: [34m[1mCreating bond timer...[0m[0m
[spawner-16] [INFO] [1789634731.058268409] [spawn_steering_controller]: waiting for service /controller_manager/list_controllers to become available...
[gzserver-1] [INFO] [1789634731.794637852] [controller_manager]: Loading controller 'steering_controller'
[spawner-16] [INFO] [1789634732.016625785] [spawn_steering_controller]: [94mLoaded [1msteering_controller[0m
[gzserver-1] [INFO] [1789634732.109767005] [controller_manager]: Configuring controller 'steering_controller'
[gzserver-1] [INFO] [1789634732.128928710] [steering_controller]: configure successful
[gzserver-1] [INFO] [1789634732.452188995] [steering_controller]: activate successful
[spawner-16] [INFO] [1789634732.469663325] [spawn_steering_controller]: [92mConfigured and activated [1msteering_controller[0m
[INFO] [spawner-16]: process has finished cleanly [pid 147877]
[INFO] [spawner-17]: process started with pid [147895]
[spawner-17] [INFO] [1789634734.101188467] [spawn_drive_controller]: waiting for service /controller_manager/list_controllers to become available...
[gzserver-1] [INFO] [1789634734.710267833] [controller_manager]: Loading controller 'drive_controller'
[spawner-17] [INFO] [1789634734.905978278] [spawn_drive_controller]: [94mLoaded [1mdrive_controller[0m
[gzserver-1] [INFO] [1789634735.013414197] [controller_manager]: Configuring controller 'drive_controller'
[gzserver-1] [INFO] [1789634735.026131134] [drive_controller]: configure successful
[gzserver-1] [INFO] [1789634735.074183525] [drive_controller]: activate successful
[spawner-17] [INFO] [1789634735.380605429] [spawn_drive_controller]: [92mConfigured and activated [1mdrive_controller[0m
[INFO] [spawner-17]: process has finished cleanly [pid 147895]
[INFO] [swerve_controller_node-18]: process started with pid [147910]
[INFO] [swerve_odometry_node-19]: process started with pid [147912]
[swerve_odometry_node-19] [INFO] [1789634737.484116995] [swerve_odometry]: Encoder odometry ready: radius=0.0637 m, velocity_sign=+1.0
[swerve_controller_node-18] [INFO] [1789634737.554536975] [swerve_controller]: Swerve controller ready: radius=0.0675 m, modules={'front': (0.300042, 0.0), 'rear': (-0.300042, 0.0)}
[WARNING] [launch]: user interrupted with ctrl-c (SIGINT)
[lifecycle_manager-13] [INFO] [1789634750.516489775] [rclcpp]: signal_handler(signum=2)
[lifecycle_manager-13] [INFO] [1789634750.516732988] [lifecycle_manager_navigation]: Running Nav2 LifecycleManager rcl preshutdown (lifecycle_manager_navigation)
[lifecycle_manager-13] [INFO] [1789634750.517615712] [lifecycle_manager_navigation]: [34m[1mTerminating bond timer...[0m[0m
[waypoint_follower-12] [INFO] [1789634750.516613963] [rclcpp]: signal_handler(signum=2)
[waypoint_follower-12] [INFO] [1789634750.517678779] [waypoint_follower]: Running Nav2 LifecycleNode rcl preshutdown (waypoint_follower)
[waypoint_follower-12] [INFO] [1789634750.517752411] [waypoint_follower]: Deactivating
[waypoint_follower-12] [INFO] [1789634750.517784921] [waypoint_follower]: Destroying bond (waypoint_follower) to lifecycle manager.
[bt_navigator-11] [INFO] [1789634750.516940020] [rclcpp]: signal_handler(signum=2)
[bt_navigator-11] [INFO] [1789634750.517270853] [bt_navigator]: Running Nav2 LifecycleNode rcl preshutdown (bt_navigator)
[bt_navigator-11] [INFO] [1789634750.517371741] [bt_navigator]: Deactivating
[bt_navigator-11] [INFO] [1789634750.517409674] [bt_navigator]: Destroying bond (bt_navigator) to lifecycle manager.
[controller_server-8] [INFO] [1789634750.517457732] [rclcpp]: signal_handler(signum=2)
[controller_server-8] [INFO] [1789634750.518332689] [controller_server]: Running Nav2 LifecycleNode rcl preshutdown (controller_server)
[controller_server-8] [INFO] [1789634750.518432299] [controller_server]: Deactivating
[controller_server-8] [INFO] [1789634750.518489415] [local_costmap.local_costmap]: Deactivating
[robot_state_publisher-2] [INFO] [1789634750.517794590] [rclcpp]: signal_handler(signum=2)
[ekf_node-4] [INFO] [1789634750.517853901] [rclcpp]: signal_handler(signum=2)
[INFO] [swerve_odometry_node-19]: sending signal 'SIGINT' to process[swerve_odometry_node-19]
[INFO] [swerve_controller_node-18]: sending signal 'SIGINT' to process[swerve_controller_node-18]
[INFO] [lifecycle_manager-13]: sending signal 'SIGINT' to process[lifecycle_manager-13]
[INFO] [waypoint_follower-12]: sending signal 'SIGINT' to process[waypoint_follower-12]
[INFO] [bt_navigator-11]: sending signal 'SIGINT' to process[bt_navigator-11]
[INFO] [behavior_server-10]: sending signal 'SIGINT' to process[behavior_server-10]
[INFO] [planner_server-9]: sending signal 'SIGINT' to process[planner_server-9]
[INFO] [controller_server-8]: sending signal 'SIGINT' to process[controller_server-8]
[INFO] [map_server-7]: sending signal 'SIGINT' to process[map_server-7]
[INFO] [ekf_node-6]: sending signal 'SIGINT' to process[ekf_node-6]
[INFO] [v30e_sim_node-5]: sending signal 'SIGINT' to process[v30e_sim_node-5]
[INFO] [ekf_node-4]: sending signal 'SIGINT' to process[ekf_node-4]
[INFO] [robot_state_publisher-2]: sending signal 'SIGINT' to process[robot_state_publisher-2]
[ERROR] [ekf_node-6]: process has died [pid 147496, exit code -2, cmd '/opt/ros/humble/lib/robot_localization/ekf_node --ros-args -r __node:=ekf_v30e --params-file /home/yahboom/swerve_bringup/install/swerve_bringup/share/swerve_bringup/config/v30e_localization_ekf.yaml --params-file /tmp/launch_params_gk40uu_n -r odometry/filtered:=/odometry/v30e'].
[INFO] [gzserver-1]: sending signal 'SIGINT' to process[gzserver-1]
[behavior_server-10] [INFO] [1789634750.519619675] [rclcpp]: signal_handler(signum=2)
[behavior_server-10] [INFO] [1789634750.523137098] [behavior_server]: Running Nav2 LifecycleNode rcl preshutdown (behavior_server)
[behavior_server-10] [INFO] [1789634750.533644425] [behavior_server]: Deactivating
[behavior_server-10] [INFO] [1789634750.533754786] [behavior_server]: Destroying bond (behavior_server) to lifecycle manager.
[ekf_node-6] [INFO] [1789634750.519946337] [rclcpp]: signal_handler(signum=2)
[planner_server-9] [INFO] [1789634750.520490624] [rclcpp]: signal_handler(signum=2)
[planner_server-9] [INFO] [1789634750.521411683] [planner_server]: Running Nav2 LifecycleNode rcl preshutdown (planner_server)
[planner_server-9] [INFO] [1789634750.521508098] [planner_server]: Deactivating
[planner_server-9] [INFO] [1789634750.521550796] [global_costmap.global_costmap]: Deactivating
[map_server-7] [INFO] [1789634750.522542544] [rclcpp]: signal_handler(signum=2)
[map_server-7] [INFO] [1789634750.522707744] [map_server]: Running Nav2 LifecycleNode rcl preshutdown (map_server)
[map_server-7] [INFO] [1789634750.522786737] [map_server]: Deactivating
[map_server-7] [INFO] [1789634750.522813838] [map_server]: Destroying bond (map_server) to lifecycle manager.
[ERROR] [ekf_node-4]: process has died [pid 147492, exit code -2, cmd '/opt/ros/humble/lib/robot_localization/ekf_node --ros-args -r __node:=ekf_filter_node --params-file /home/yahboom/swerve_bringup/install/swerve_bringup/share/swerve_bringup/config/ekf.yaml --params-file /tmp/launch_params_hx39z8o_ -r /odom:=/odom -r /imu/data:=/imu/data'].
[bt_navigator-11] [INFO] [1789634750.529580777] [bt_navigator]: Cleaning up
[behavior_server-10] [INFO] [1789634750.594114364] [behavior_server]: Cleaning up
[swerve_controller_node-18] Traceback (most recent call last):
[swerve_controller_node-18]   File "/home/yahboom/swerve_bringup/install/swerve_bringup/lib/swerve_bringup/swerve_controller_node", line 192, in <module>
[swerve_controller_node-18]     main()
[swerve_controller_node-18]   File "/home/yahboom/swerve_bringup/install/swerve_bringup/lib/swerve_bringup/swerve_controller_node", line 184, in main
[swerve_controller_node-18]     node.steer_pub.publish(Float64MultiArray(data=[
[swerve_controller_node-18]   File "/opt/ros/humble/local/lib/python3.10/dist-packages/rclpy/publisher.py", line 70, in publish
[swerve_controller_node-18]     self.__publisher.publish(msg)
[swerve_controller_node-18] rclpy._rclpy_pybind11.RCLError: Failed to publish: publisher's context is invalid, at ./src/rcl/publisher.c:389
[swerve_controller_node-18] Error in sys.excepthook:
[swerve_controller_node-18] Traceback (most recent call last):
[swerve_controller_node-18]   File "/usr/lib/python3/dist-packages/apport_python_hook.py", line 72, in apport_excepthook
[swerve_controller_node-18]     from apport.fileutils import likely_packaged, get_recent_crashes
[swerve_controller_node-18]   File "/usr/lib/python3/dist-packages/apport/__init__.py", line 5, in <module>
[swerve_controller_node-18]     from apport.report import Report
[swerve_controller_node-18]   File "/usr/lib/python3/dist-packages/apport/report.py", line 21, in <module>
[swerve_controller_node-18]     from urllib.request import urlopen
[swerve_controller_node-18]   File "/usr/lib/python3.10/urllib/request.py", line 88, in <module>
[swerve_controller_node-18]     import http.client
[swerve_controller_node-18]   File "/usr/lib/python3.10/http/client.py", line 71, in <module>
[swerve_controller_node-18]     import email.parser
[swerve_controller_node-18]   File "/usr/lib/python3.10/email/parser.py", line 12, in <module>
[swerve_controller_node-18]     from email.feedparser import FeedParser, BytesFeedParser
[swerve_controller_node-18]   File "/usr/lib/python3.10/email/feedparser.py", line 27, in <module>
[swerve_controller_node-18]     from email._policybase import compat32
[swerve_controller_node-18]   File "/usr/lib/python3.10/email/_policybase.py", line 7, in <module>
[swerve_controller_node-18]     from email import header
[swerve_controller_node-18]   File "<frozen importlib._bootstrap>", line 1027, in _find_and_load
[swerve_controller_node-18]   File "<frozen importlib._bootstrap>", line 1002, in _find_and_load_unlocked
[swerve_controller_node-18]   File "<frozen importlib._bootstrap>", line 937, in _find_spec
[swerve_controller_node-18]   File "<frozen importlib._bootstrap>", line 893, in __enter__
[swerve_controller_node-18] KeyboardInterrupt
[swerve_controller_node-18] 
[swerve_controller_node-18] Original exception was:
[swerve_controller_node-18] Traceback (most recent call last):
[swerve_controller_node-18]   File "/home/yahboom/swerve_bringup/install/swerve_bringup/lib/swerve_bringup/swerve_controller_node", line 192, in <module>
[swerve_controller_node-18]     main()
[swerve_controller_node-18]   File "/home/yahboom/swerve_bringup/install/swerve_bringup/lib/swerve_bringup/swerve_controller_node", line 184, in main
[swerve_controller_node-18]     node.steer_pub.publish(Float64MultiArray(data=[
[swerve_controller_node-18]   File "/opt/ros/humble/local/lib/python3.10/dist-packages/rclpy/publisher.py", line 70, in publish
[swerve_controller_node-18]     self.__publisher.publish(msg)
[swerve_controller_node-18] rclpy._rclpy_pybind11.RCLError: Failed to publish: publisher's context is invalid, at ./src/rcl/publisher.c:389
[waypoint_follower-12] [INFO] [1789634750.605824672] [waypoint_follower]: Cleaning up
[swerve_odometry_node-19] Traceback (most recent call last):
[swerve_odometry_node-19]   File "/home/yahboom/swerve_bringup/install/swerve_bringup/lib/swerve_bringup/swerve_odometry_node", line 221, in <module>
[swerve_odometry_node-19]     main()
[swerve_odometry_node-19]   File "/home/yahboom/swerve_bringup/install/swerve_bringup/lib/swerve_bringup/swerve_odometry_node", line 215, in main
[swerve_odometry_node-19]     node.destroy_node()
[swerve_odometry_node-19]   File "/opt/ros/humble/local/lib/python3.10/dist-packages/rclpy/node.py", line 1687, in destroy_node
[swerve_odometry_node-19]     self.destroy_subscription(self._subscriptions[0])
[swerve_odometry_node-19]   File "/opt/ros/humble/local/lib/python3.10/dist-packages/rclpy/node.py", line 1583, in destroy_subscription
[swerve_odometry_node-19]     subscription.destroy()
[swerve_odometry_node-19]   File "/opt/ros/humble/local/lib/python3.10/dist-packages/rclpy/subscription.py", line 80, in destroy
[swerve_odometry_node-19]     self.handle.destroy_when_not_in_use()
[swerve_odometry_node-19] KeyboardInterrupt
[lifecycle_manager-13] [INFO] [1789634750.613810115] [rclcpp]: signal_handler(signum=2)
[waypoint_follower-12] [INFO] [1789634750.624756200] [rclcpp]: signal_handler(signum=2)
[map_server-7] [INFO] [1789634750.634443399] [map_server]: Cleaning up
[behavior_server-10] [INFO] [1789634750.636348507] [rclcpp]: signal_handler(signum=2)
[bt_navigator-11] [INFO] [1789634750.645521971] [rclcpp]: signal_handler(signum=2)
[controller_server-8] [INFO] [1789634750.648766602] [controller_server]: Destroying bond (controller_server) to lifecycle manager.
[map_server-7] [INFO] [1789634750.649547192] [map_server]: Destroying bond (map_server) to lifecycle manager.
[controller_server-8] [INFO] [1789634750.653017079] [rclcpp]: signal_handler(signum=2)
[planner_server-9] [INFO] [1789634750.653438459] [rclcpp]: signal_handler(signum=2)
[map_server-7] [INFO] [1789634750.657166648] [rclcpp]: signal_handler(signum=2)
[controller_server-8] [INFO] [1789634750.682171079] [controller_server]: Cleaning up
[controller_server-8] [INFO] [1789634750.682457418] [local_costmap.local_costmap]: Cleaning up
[v30e_sim_node-5] Traceback (most recent call last):
[v30e_sim_node-5]   File "/home/yahboom/swerve_bringup/install/swerve_bringup/lib/swerve_bringup/v30e_sim_node", line 188, in <module>
[v30e_sim_node-5]     if __name__ == '__main__': main()
[v30e_sim_node-5]   File "/home/yahboom/swerve_bringup/install/swerve_bringup/lib/swerve_bringup/v30e_sim_node", line 185, in main
[v30e_sim_node-5]     node.destroy_node(); rclpy.shutdown()
[v30e_sim_node-5]   File "/opt/ros/humble/local/lib/python3.10/dist-packages/rclpy/node.py", line 1691, in destroy_node
[v30e_sim_node-5]     self.destroy_service(self._services[0])
[v30e_sim_node-5]   File "/opt/ros/humble/local/lib/python3.10/dist-packages/rclpy/node.py", line 1615, in destroy_service
[v30e_sim_node-5]     service.destroy()
[v30e_sim_node-5]   File "/opt/ros/humble/local/lib/python3.10/dist-packages/rclpy/service.py", line 93, in destroy
[v30e_sim_node-5]     self.__service.destroy_when_not_in_use()
[v30e_sim_node-5] KeyboardInterrupt
[robot_state_publisher-2] [INFO] [1789634750.706862501] [rclcpp]: signal_handler(signum=2)
[waypoint_follower-12] [INFO] [1789634750.750760544] [waypoint_follower]: Destroying bond (waypoint_follower) to lifecycle manager.
[waypoint_follower-12] [INFO] [1789634750.757281227] [waypoint_follower]: Destroying
[behavior_server-10] [INFO] [1789634750.824976454] [behavior_server]: Destroying bond (behavior_server) to lifecycle manager.
[map_server-7] [INFO] [1789634750.841511871] [map_server]: Destroying
[INFO] [robot_state_publisher-2]: process has finished cleanly [pid 147488]
[planner_server-9] [INFO] [1789634750.930318483] [planner_server]: Deactivating plugin GridBased of type NavfnPlanner
[planner_server-9] [INFO] [1789634750.930397796] [planner_server]: Destroying bond (planner_server) to lifecycle manager.
[planner_server-9] [INFO] [1789634750.940800482] [planner_server]: Cleaning up
[ERROR] [swerve_odometry_node-19]: process has died [pid 147912, exit code -2, cmd '/home/yahboom/swerve_bringup/install/swerve_bringup/lib/swerve_bringup/swerve_odometry_node --ros-args -r __node:=swerve_odometry --params-file /home/yahboom/swerve_bringup/install/swerve_bringup/share/swerve_bringup/config/swerve_odometry.yaml --params-file /tmp/launch_params_p46tvucg'].
[ERROR] [v30e_sim_node-5]: process has died [pid 147494, exit code -2, cmd '/home/yahboom/swerve_bringup/install/swerve_bringup/lib/swerve_bringup/v30e_sim_node --ros-args -r __node:=v30e_sim_node --params-file /home/yahboom/swerve_bringup/install/swerve_bringup/share/swerve_bringup/config/v30e_sim.yaml --params-file /tmp/launch_params_fmglakg_'].
[planner_server-9] [INFO] [1789634750.995891395] [global_costmap.global_costmap]: Cleaning up
[lifecycle_manager-13] [INFO] [1789634751.022652874] [lifecycle_manager_navigation]: Destroying lifecycle_manager_navigation
[behavior_server-10] [INFO] [1789634751.023755619] [behavior_server]: Destroying
[controller_server-8] [INFO] [1789634751.050612038] [controller_server]: Destroying bond (controller_server) to lifecycle manager.
[ERROR] [swerve_controller_node-18]: process has died [pid 147910, exit code 1, cmd '/home/yahboom/swerve_bringup/install/swerve_bringup/lib/swerve_bringup/swerve_controller_node --ros-args -r __node:=swerve_controller --params-file /home/yahboom/swerve_bringup/install/swerve_bringup/share/swerve_bringup/config/swerve_controller.yaml --params-file /tmp/launch_params_h6sgpm_v'].
[planner_server-9] [INFO] [1789634751.060499336] [planner_server]: Cleaning up plugin GridBased of type NavfnPlanner
[planner_server-9] [INFO] [1789634751.061161206] [planner_server]: Destroying plugin GridBased of type NavfnPlanner
[INFO] [waypoint_follower-12]: process has finished cleanly [pid 147532]
[controller_server-8] [INFO] [1789634751.091533949] [local_costmap.local_costmap]: Destroying
[planner_server-9] [INFO] [1789634751.137240959] [planner_server]: Destroying bond (planner_server) to lifecycle manager.
[controller_server-8] [INFO] [1789634751.158356327] [controller_server]: Destroying
[planner_server-9] [INFO] [1789634751.159150618] [global_costmap.global_costmap]: Destroying
[planner_server-9] [INFO] [1789634751.198574136] [planner_server]: Destroying
[INFO] [map_server-7]: process has finished cleanly [pid 147499]
[INFO] [behavior_server-10]: process has finished cleanly [pid 147513]
[bt_navigator-11] [INFO] [1789634751.242026860] [bt_navigator]: Completed Cleaning up
[bt_navigator-11] [INFO] [1789634751.242094855] [bt_navigator]: Destroying bond (bt_navigator) to lifecycle manager.
[bt_navigator-11] [INFO] [1789634751.258531154] [bt_navigator]: Destroying
[INFO] [lifecycle_manager-13]: process has finished cleanly [pid 147541]
[INFO] [controller_server-8]: process has finished cleanly [pid 147505]
[INFO] [planner_server-9]: process has finished cleanly [pid 147510]
[INFO] [bt_navigator-11]: process has finished cleanly [pid 147519]
[INFO] [gzserver-1]: process has finished cleanly [pid 147486]
