[INFO] [launch]: All log files can be found below /home/yahboom/.ros/log/2026-09-18-00-13-35-022576-yahboom-virtual-machine-236805
[INFO] [launch]: Default logging verbosity is set to INFO
[INFO] [launch.user]: CONTACT_DIAGNOSTICS=true
[INFO] [gzserver-1]: process started with pid [236821]
[INFO] [robot_state_publisher-2]: process started with pid [236823]
[INFO] [spawn_entity.py-3]: process started with pid [236825]
[INFO] [ekf_node-4]: process started with pid [236827]
[INFO] [v30e_sim_node-5]: process started with pid [236829]
[INFO] [ekf_node-6]: process started with pid [236831]
[INFO] [map_server-7]: process started with pid [236833]
[INFO] [controller_server-8]: process started with pid [236835]
[INFO] [planner_server-9]: process started with pid [236837]
[INFO] [behavior_server-10]: process started with pid [236839]
[INFO] [bt_navigator-11]: process started with pid [236841]
[INFO] [waypoint_follower-12]: process started with pid [236843]
[INFO] [lifecycle_manager-13]: process started with pid [236845]
[INFO] [swerve_bridge_node-14]: process started with pid [236847]
[lifecycle_manager-13] [INFO] [1789661618.225989328] [lifecycle_manager_navigation]: Creating
[lifecycle_manager-13] [INFO] [1789661618.300035044] [lifecycle_manager_navigation]: [34m[1mCreating and initializing lifecycle service clients[0m[0m
[controller_server-8] [INFO] [1789661618.321597037] [controller_server]: 
[controller_server-8] 	controller_server lifecycle node launched. 
[controller_server-8] 	Waiting on external lifecycle transitions to activate
[controller_server-8] 	See https://design.ros2.org/articles/node_lifecycle.html for more information.
[controller_server-8] [INFO] [1789661618.329954096] [controller_server]: Creating controller server
[planner_server-9] [INFO] [1789661618.415432808] [planner_server]: 
[planner_server-9] 	planner_server lifecycle node launched. 
[planner_server-9] 	Waiting on external lifecycle transitions to activate
[planner_server-9] 	See https://design.ros2.org/articles/node_lifecycle.html for more information.
[planner_server-9] [INFO] [1789661618.429986072] [planner_server]: Creating
[robot_state_publisher-2] [INFO] [1789661618.432949999] [robot_state_publisher]: got segment base_footprint
[robot_state_publisher-2] [INFO] [1789661618.433110458] [robot_state_publisher]: got segment base_link
[robot_state_publisher-2] [INFO] [1789661618.433123560] [robot_state_publisher]: got segment imu_link
[robot_state_publisher-2] [INFO] [1789661618.433131526] [robot_state_publisher]: got segment lidar_link
[robot_state_publisher-2] [INFO] [1789661618.433139253] [robot_state_publisher]: got segment steer_front_link
[robot_state_publisher-2] [INFO] [1789661618.433146344] [robot_state_publisher]: got segment steer_rear_link
[robot_state_publisher-2] [INFO] [1789661618.433157238] [robot_state_publisher]: got segment v30e_link
[robot_state_publisher-2] [INFO] [1789661618.433164001] [robot_state_publisher]: got segment wheel_front_drive_link
[robot_state_publisher-2] [INFO] [1789661618.433170944] [robot_state_publisher]: got segment wheel_front_left_fork_link
[robot_state_publisher-2] [INFO] [1789661618.433177563] [robot_state_publisher]: got segment wheel_front_left_link
[robot_state_publisher-2] [INFO] [1789661618.437213440] [robot_state_publisher]: got segment wheel_front_right_fork_link
[robot_state_publisher-2] [INFO] [1789661618.437257674] [robot_state_publisher]: got segment wheel_front_right_link
[robot_state_publisher-2] [INFO] [1789661618.437267866] [robot_state_publisher]: got segment wheel_rear_drive_link
[robot_state_publisher-2] [INFO] [1789661618.437275290] [robot_state_publisher]: got segment wheel_rear_left_fork_link
[robot_state_publisher-2] [INFO] [1789661618.437282609] [robot_state_publisher]: got segment wheel_rear_left_link
[robot_state_publisher-2] [INFO] [1789661618.437290089] [robot_state_publisher]: got segment wheel_rear_right_fork_link
[robot_state_publisher-2] [INFO] [1789661618.437297215] [robot_state_publisher]: got segment wheel_rear_right_link
[bt_navigator-11] [INFO] [1789661618.442293251] [bt_navigator]: 
[bt_navigator-11] 	bt_navigator lifecycle node launched. 
[bt_navigator-11] 	Waiting on external lifecycle transitions to activate
[bt_navigator-11] 	See https://design.ros2.org/articles/node_lifecycle.html for more information.
[bt_navigator-11] [INFO] [1789661618.442464154] [bt_navigator]: Creating
[map_server-7] [INFO] [1789661618.456039996] [map_server]: 
[map_server-7] 	map_server lifecycle node launched. 
[map_server-7] 	Waiting on external lifecycle transitions to activate
[map_server-7] 	See https://design.ros2.org/articles/node_lifecycle.html for more information.
[map_server-7] [INFO] [1789661618.456308678] [map_server]: Creating
[behavior_server-10] [INFO] [1789661618.512433318] [behavior_server]: 
[behavior_server-10] 	behavior_server lifecycle node launched. 
[behavior_server-10] 	Waiting on external lifecycle transitions to activate
[behavior_server-10] 	See https://design.ros2.org/articles/node_lifecycle.html for more information.
[waypoint_follower-12] [INFO] [1789661618.572904875] [waypoint_follower]: 
[waypoint_follower-12] 	waypoint_follower lifecycle node launched. 
[waypoint_follower-12] 	Waiting on external lifecycle transitions to activate
[waypoint_follower-12] 	See https://design.ros2.org/articles/node_lifecycle.html for more information.
[waypoint_follower-12] [INFO] [1789661618.573534797] [waypoint_follower]: Creating
[swerve_bridge_node-14] Traceback (most recent call last):
[swerve_bridge_node-14]   File "/home/yahboom/swerve_bringup/install/swerve_bridge/lib/swerve_bridge/swerve_bridge_node", line 33, in <module>
[swerve_bridge_node-14]     sys.exit(load_entry_point('swerve-bridge', 'console_scripts', 'swerve_bridge_node')())
[swerve_bridge_node-14]   File "/home/yahboom/swerve_bringup/install/swerve_bridge/lib/swerve_bridge/swerve_bridge_node", line 22, in importlib_load_entry_point
[swerve_bridge_node-14]     for entry_point in distribution(dist_name).entry_points
[swerve_bridge_node-14]   File "/usr/lib/python3.10/importlib/metadata/__init__.py", line 969, in distribution
[swerve_bridge_node-14]     return Distribution.from_name(distribution_name)
[swerve_bridge_node-14]   File "/usr/lib/python3.10/importlib/metadata/__init__.py", line 548, in from_name
[swerve_bridge_node-14]     raise PackageNotFoundError(name)
[swerve_bridge_node-14] importlib.metadata.PackageNotFoundError: No package metadata was found for swerve-bridge
[controller_server-8] [INFO] [1789661618.764295583] [local_costmap.local_costmap]: 
[controller_server-8] 	local_costmap lifecycle node launched. 
[controller_server-8] 	Waiting on external lifecycle transitions to activate
[controller_server-8] 	See https://design.ros2.org/articles/node_lifecycle.html for more information.
[controller_server-8] [INFO] [1789661618.764956072] [local_costmap.local_costmap]: Creating Costmap
[ERROR] [swerve_bridge_node-14]: process has died [pid 236847, exit code 1, cmd '/home/yahboom/swerve_bringup/install/swerve_bridge/lib/swerve_bridge/swerve_bridge_node --ros-args -r __node:=swerve_bridge --params-file /home/yahboom/swerve_bringup/install/swerve_bridge/share/swerve_bridge/config/bridge.yaml --params-file /tmp/launch_params_d5bo32p3'].
[planner_server-9] [INFO] [1789661618.772918887] [global_costmap.global_costmap]: 
[planner_server-9] 	global_costmap lifecycle node launched. 
[planner_server-9] 	Waiting on external lifecycle transitions to activate
[planner_server-9] 	See https://design.ros2.org/articles/node_lifecycle.html for more information.
[planner_server-9] [INFO] [1789661618.773455702] [global_costmap.global_costmap]: Creating Costmap
[lifecycle_manager-13] [INFO] [1789661619.206371693] [lifecycle_manager_navigation]: [34m[1mStarting managed nodes bringup...[0m[0m
[lifecycle_manager-13] [INFO] [1789661619.206447320] [lifecycle_manager_navigation]: [34m[1mConfiguring map_server[0m[0m
[map_server-7] [INFO] [1789661619.210255898] [map_server]: Configuring
[map_server-7] [INFO] [1789661619.210386731] [map_io]: Loading yaml file: /home/yahboom/swerve_bringup/install/swerve_bringup/share/swerve_bringup/swerve_navigation/maps/warehouse.yaml
[map_server-7] [INFO] [1789661619.210771556] [map_io]: resolution: 0.05
[map_server-7] [INFO] [1789661619.210788604] [map_io]: origin[0]: -17.2
[map_server-7] [INFO] [1789661619.210795007] [map_io]: origin[1]: -17.4
[map_server-7] [INFO] [1789661619.210800496] [map_io]: origin[2]: 0
[map_server-7] [INFO] [1789661619.210806085] [map_io]: free_thresh: 0.25
[map_server-7] [INFO] [1789661619.210811781] [map_io]: occupied_thresh: 0.65
[map_server-7] [INFO] [1789661619.210818163] [map_io]: mode: trinary
[map_server-7] [INFO] [1789661619.210825108] [map_io]: negate: 0
[map_server-7] [INFO] [1789661619.211102492] [map_io]: Loading image_file: /home/yahboom/swerve_bringup/install/swerve_bringup/share/swerve_bringup/swerve_navigation/maps/warehouse.pgm
[map_server-7] [INFO] [1789661619.291004166] [map_io]: Read map /home/yahboom/swerve_bringup/install/swerve_bringup/share/swerve_bringup/swerve_navigation/maps/warehouse.pgm: 676 X 680 map @ 0.05 m/cell
[lifecycle_manager-13] [INFO] [1789661619.320623714] [lifecycle_manager_navigation]: [34m[1mConfiguring controller_server[0m[0m
[controller_server-8] [INFO] [1789661619.321784380] [controller_server]: Configuring controller interface
[controller_server-8] [INFO] [1789661619.322034388] [controller_server]: getting goal checker plugins..
[controller_server-8] [INFO] [1789661619.323682466] [controller_server]: Controller frequency set to 10.0000Hz
[controller_server-8] [INFO] [1789661619.323770814] [local_costmap.local_costmap]: Configuring
[controller_server-8] [INFO] [1789661619.342950919] [local_costmap.local_costmap]: Using plugin "voxel_layer"
[controller_server-8] [INFO] [1789661619.347260086] [local_costmap.local_costmap]: Subscribed to Topics: lidar3d scan
[controller_server-8] [INFO] [1789661619.378123422] [local_costmap.local_costmap]: Initialized plugin "voxel_layer"
[controller_server-8] [INFO] [1789661619.378182716] [local_costmap.local_costmap]: Using plugin "inflation_layer"
[controller_server-8] [INFO] [1789661619.378733451] [local_costmap.local_costmap]: Initialized plugin "inflation_layer"
[controller_server-8] [INFO] [1789661619.425781034] [controller_server]: Created progress_checker : progress_checker of type nav2_controller::SimpleProgressChecker
[controller_server-8] [INFO] [1789661619.427395745] [controller_server]: Created goal checker : general_goal_checker of type nav2_controller::SimpleGoalChecker
[controller_server-8] [INFO] [1789661619.428249370] [controller_server]: Controller Server has general_goal_checker  goal checkers available.
[controller_server-8] [INFO] [1789661619.432012001] [controller_server]: Created controller : FollowPath of type dwb_core::DWBLocalPlanner
[controller_server-8] [INFO] [1789661619.432434940] [controller_server]: Setting transform_tolerance to 0.200000
[controller_server-8] [INFO] [1789661619.619778521] [controller_server]: Using critic "RotateToGoal" (dwb_critics::RotateToGoalCritic)
[controller_server-8] [INFO] [1789661619.620128631] [controller_server]: Critic plugin initialized
[controller_server-8] [INFO] [1789661619.620195055] [controller_server]: Using critic "Oscillation" (dwb_critics::OscillationCritic)
[controller_server-8] [INFO] [1789661619.620386416] [controller_server]: Critic plugin initialized
[controller_server-8] [INFO] [1789661619.620445465] [controller_server]: Using critic "BaseObstacle" (dwb_critics::BaseObstacleCritic)
[controller_server-8] [INFO] [1789661619.633646042] [controller_server]: Critic plugin initialized
[controller_server-8] [INFO] [1789661619.633846725] [controller_server]: Using critic "GoalAlign" (dwb_critics::GoalAlignCritic)
[controller_server-8] [INFO] [1789661619.634220336] [controller_server]: Critic plugin initialized
[controller_server-8] [INFO] [1789661619.634274165] [controller_server]: Using critic "PathAlign" (dwb_critics::PathAlignCritic)
[controller_server-8] [INFO] [1789661619.634709680] [controller_server]: Critic plugin initialized
[controller_server-8] [INFO] [1789661619.634772962] [controller_server]: Using critic "PathDist" (dwb_critics::PathDistCritic)
[controller_server-8] [INFO] [1789661619.659421176] [controller_server]: Critic plugin initialized
[controller_server-8] [INFO] [1789661619.711866400] [controller_server]: Using critic "GoalDist" (dwb_critics::GoalDistCritic)
[controller_server-8] [INFO] [1789661619.731713781] [controller_server]: Critic plugin initialized
[controller_server-8] [INFO] [1789661619.731784881] [controller_server]: Controller Server has FollowPath  controllers available.
[spawn_entity.py-3] [INFO] [1789661620.060118070] [spawn_swerve]: Spawn Entity started
[spawn_entity.py-3] [INFO] [1789661620.060616771] [spawn_swerve]: Loading entity published on topic robot_description
[spawn_entity.py-3] [INFO] [1789661620.081473804] [spawn_swerve]: Waiting for entity xml on robot_description
[lifecycle_manager-13] [INFO] [1789661620.177775811] [lifecycle_manager_navigation]: [34m[1mConfiguring planner_server[0m[0m
[planner_server-9] [INFO] [1789661620.180178112] [planner_server]: Configuring
[planner_server-9] [INFO] [1789661620.180246470] [global_costmap.global_costmap]: Configuring
[planner_server-9] [INFO] [1789661620.256185903] [global_costmap.global_costmap]: Using plugin "static_layer"
[planner_server-9] [INFO] [1789661620.276896090] [global_costmap.global_costmap]: Subscribing to the map topic (/map) with transient local durability
[spawn_entity.py-3] [INFO] [1789661620.286066195] [spawn_swerve]: Waiting for service /spawn_entity, timeout = 30
[spawn_entity.py-3] [INFO] [1789661620.286485606] [spawn_swerve]: Waiting for service /spawn_entity
[planner_server-9] [INFO] [1789661620.289180641] [global_costmap.global_costmap]: Initialized plugin "static_layer"
[planner_server-9] [INFO] [1789661620.289226452] [global_costmap.global_costmap]: Using plugin "obstacle_layer"
[planner_server-9] [INFO] [1789661620.297748600] [global_costmap.global_costmap]: Subscribed to Topics: scan
[planner_server-9] [INFO] [1789661620.336742308] [global_costmap.global_costmap]: Initialized plugin "obstacle_layer"
[planner_server-9] [INFO] [1789661620.336814359] [global_costmap.global_costmap]: Using plugin "inflation_layer"
[planner_server-9] [INFO] [1789661620.344931875] [global_costmap.global_costmap]: Initialized plugin "inflation_layer"
[v30e_sim_node-5] [INFO] [1789661620.421793589] [v30e_sim_node]: Using Gazebo /get_entity_state internally; odometry is not a V30E measurement input
[planner_server-9] [INFO] [1789661620.426143599] [planner_server]: Created global planner plugin GridBased of type nav2_navfn_planner/NavfnPlanner
[planner_server-9] [INFO] [1789661620.426201838] [planner_server]: Configuring plugin GridBased of type NavfnPlanner
[planner_server-9] [INFO] [1789661620.433176059] [planner_server]: Planner Server has GridBased  planners available.
[lifecycle_manager-13] [INFO] [1789661620.495800504] [lifecycle_manager_navigation]: [34m[1mConfiguring behavior_server[0m[0m
[behavior_server-10] [INFO] [1789661620.497796212] [behavior_server]: Configuring
[behavior_server-10] [INFO] [1789661620.571660192] [behavior_server]: Creating behavior plugin spin of type nav2_behaviors/Spin
[behavior_server-10] [INFO] [1789661620.572572864] [behavior_server]: Configuring spin
[behavior_server-10] [INFO] [1789661620.618127330] [behavior_server]: Creating behavior plugin backup of type nav2_behaviors/BackUp
[behavior_server-10] [INFO] [1789661620.619039686] [behavior_server]: Configuring backup
[behavior_server-10] [INFO] [1789661620.673170575] [behavior_server]: Creating behavior plugin drive_on_heading of type nav2_behaviors/DriveOnHeading
[behavior_server-10] [INFO] [1789661620.675234179] [behavior_server]: Configuring drive_on_heading
[behavior_server-10] [INFO] [1789661620.695980161] [behavior_server]: Creating behavior plugin wait of type nav2_behaviors/Wait
[behavior_server-10] [INFO] [1789661620.699036093] [behavior_server]: Configuring wait
[lifecycle_manager-13] [INFO] [1789661620.733966431] [lifecycle_manager_navigation]: [34m[1mConfiguring bt_navigator[0m[0m
[bt_navigator-11] [INFO] [1789661620.735447615] [bt_navigator]: Configuring
[lifecycle_manager-13] [INFO] [1789661621.091424853] [lifecycle_manager_navigation]: [34m[1mConfiguring waypoint_follower[0m[0m
[waypoint_follower-12] [INFO] [1789661621.093001700] [waypoint_follower]: Configuring
[waypoint_follower-12] [INFO] [1789661621.168878971] [waypoint_follower]: Created waypoint_task_executor : wait_at_waypoint of type nav2_waypoint_follower::WaitAtWaypoint
[waypoint_follower-12] [INFO] [1789661621.173624984] [waypoint_follower]: Waypoint pause duration is set to zero, disabling task executor plugin.
[lifecycle_manager-13] [INFO] [1789661621.178101829] [lifecycle_manager_navigation]: [34m[1mActivating map_server[0m[0m
[map_server-7] [INFO] [1789661621.179541753] [map_server]: Activating
[map_server-7] [INFO] [1789661621.180432648] [map_server]: Creating bond (map_server) to lifecycle manager.
[planner_server-9] [INFO] [1789661621.185443545] [global_costmap.global_costmap]: StaticLayer: Resizing costmap to 676 X 680 at 0.050000 m/pix
[lifecycle_manager-13] [INFO] [1789661621.302630383] [lifecycle_manager_navigation]: Server map_server connected with bond.
[lifecycle_manager-13] [INFO] [1789661621.302704254] [lifecycle_manager_navigation]: [34m[1mActivating controller_server[0m[0m
[controller_server-8] [INFO] [1789661621.306008348] [controller_server]: Activating
[controller_server-8] [INFO] [1789661621.307259363] [local_costmap.local_costmap]: Activating
[controller_server-8] [INFO] [1789661621.307291330] [local_costmap.local_costmap]: Checking transform
[controller_server-8] [INFO] [1789661621.307327169] [local_costmap.local_costmap]: Timed out waiting for transform from base_footprint to odom to become available, tf error: Invalid frame ID "odom" passed to canTransform argument target_frame - frame does not exist
[controller_server-8] [INFO] [1789661621.809897560] [local_costmap.local_costmap]: Timed out waiting for transform from base_footprint to odom to become available, tf error: Invalid frame ID "odom" passed to canTransform argument target_frame - frame does not exist
[controller_server-8] [INFO] [1789661622.308078695] [local_costmap.local_costmap]: Timed out waiting for transform from base_footprint to odom to become available, tf error: Invalid frame ID "odom" passed to canTransform argument target_frame - frame does not exist
[controller_server-8] [INFO] [1789661622.807352638] [local_costmap.local_costmap]: Timed out waiting for transform from base_footprint to odom to become available, tf error: Invalid frame ID "odom" passed to canTransform argument target_frame - frame does not exist
[controller_server-8] [INFO] [1789661623.308779010] [local_costmap.local_costmap]: Timed out waiting for transform from base_footprint to odom to become available, tf error: Invalid frame ID "odom" passed to canTransform argument target_frame - frame does not exist
[controller_server-8] [INFO] [1789661623.809271183] [local_costmap.local_costmap]: Timed out waiting for transform from base_footprint to odom to become available, tf error: Invalid frame ID "odom" passed to canTransform argument target_frame - frame does not exist
[controller_server-8] [INFO] [1789661624.307523511] [local_costmap.local_costmap]: Timed out waiting for transform from base_footprint to odom to become available, tf error: Invalid frame ID "odom" passed to canTransform argument target_frame - frame does not exist
[controller_server-8] [INFO] [1789661624.807632390] [local_costmap.local_costmap]: Timed out waiting for transform from base_footprint to odom to become available, tf error: Invalid frame ID "odom" passed to canTransform argument target_frame - frame does not exist
[controller_server-8] [INFO] [1789661625.307695617] [local_costmap.local_costmap]: Timed out waiting for transform from base_footprint to odom to become available, tf error: Invalid frame ID "odom" passed to canTransform argument target_frame - frame does not exist
[controller_server-8] [INFO] [1789661625.807484607] [local_costmap.local_costmap]: Timed out waiting for transform from base_footprint to odom to become available, tf error: Invalid frame ID "odom" passed to canTransform argument target_frame - frame does not exist
[spawn_entity.py-3] [INFO] [1789661626.113953892] [spawn_swerve]: Calling service /spawn_entity
[controller_server-8] [INFO] [1789661626.307415300] [local_costmap.local_costmap]: Timed out waiting for transform from base_footprint to odom to become available, tf error: Invalid frame ID "odom" passed to canTransform argument target_frame - frame does not exist
[gzserver-1] [INFO] [1789661626.362012756] [gazebo_ros_state]: Publishing states of gazebo models at [/model_states]
[gzserver-1] [INFO] [1789661626.371536311] [gazebo_ros_state]: Publishing states of gazebo links at [/link_states]
[controller_server-8] [INFO] [1789661626.808279026] [local_costmap.local_costmap]: Timed out waiting for transform from base_footprint to odom to become available, tf error: Invalid frame ID "odom" passed to canTransform argument target_frame - frame does not exist
[gzserver-1] [INFO] [1789661627.125358403] [imu.imu_ros]: <initial_orientation_as_reference> is unset, using default value of false to comply with REP 145 (world as orientation reference)
[controller_server-8] [INFO] [1789661627.308413175] [local_costmap.local_costmap]: Timed out waiting for transform from base_footprint to odom to become available, tf error: Invalid frame ID "odom" passed to canTransform argument target_frame - frame does not exist
[controller_server-8] [INFO] [1789661627.809433989] [local_costmap.local_costmap]: Timed out waiting for transform from base_footprint to odom to become available, tf error: Invalid frame ID "odom" passed to canTransform argument target_frame - frame does not exist
[controller_server-8] [INFO] [1789661628.308295856] [local_costmap.local_costmap]: Timed out waiting for transform from base_footprint to odom to become available, tf error: Invalid frame ID "odom" passed to canTransform argument target_frame - frame does not exist
[controller_server-8] [INFO] [1789661628.807535854] [local_costmap.local_costmap]: Timed out waiting for transform from base_footprint to odom to become available, tf error: Invalid frame ID "odom" passed to canTransform argument target_frame - frame does not exist
[controller_server-8] [INFO] [1789661629.308187426] [local_costmap.local_costmap]: Timed out waiting for transform from base_footprint to odom to become available, tf error: Invalid frame ID "odom" passed to canTransform argument target_frame - frame does not exist
[controller_server-8] [INFO] [1789661629.808798741] [local_costmap.local_costmap]: Timed out waiting for transform from base_footprint to odom to become available, tf error: Invalid frame ID "odom" passed to canTransform argument target_frame - frame does not exist
[controller_server-8] [INFO] [1789661630.307384093] [local_costmap.local_costmap]: Timed out waiting for transform from base_footprint to odom to become available, tf error: Invalid frame ID "odom" passed to canTransform argument target_frame - frame does not exist
[controller_server-8] [INFO] [1789661630.809534659] [local_costmap.local_costmap]: Timed out waiting for transform from base_footprint to odom to become available, tf error: Invalid frame ID "odom" passed to canTransform argument target_frame - frame does not exist
[controller_server-8] [INFO] [1789661631.307427740] [local_costmap.local_costmap]: Timed out waiting for transform from base_footprint to odom to become available, tf error: Invalid frame ID "odom" passed to canTransform argument target_frame - frame does not exist
[controller_server-8] [INFO] [1789661631.807587672] [local_costmap.local_costmap]: Timed out waiting for transform from base_footprint to odom to become available, tf error: Invalid frame ID "odom" passed to canTransform argument target_frame - frame does not exist
[controller_server-8] [INFO] [1789661632.307368281] [local_costmap.local_costmap]: Timed out waiting for transform from base_footprint to odom to become available, tf error: Invalid frame ID "odom" passed to canTransform argument target_frame - frame does not exist
[controller_server-8] [INFO] [1789661632.807604325] [local_costmap.local_costmap]: Timed out waiting for transform from base_footprint to odom to become available, tf error: Invalid frame ID "odom" passed to canTransform argument target_frame - frame does not exist
[controller_server-8] [INFO] [1789661633.307638690] [local_costmap.local_costmap]: Timed out waiting for transform from base_footprint to odom to become available, tf error: Invalid frame ID "odom" passed to canTransform argument target_frame - frame does not exist
[controller_server-8] [INFO] [1789661633.808383444] [local_costmap.local_costmap]: Timed out waiting for transform from base_footprint to odom to become available, tf error: Invalid frame ID "odom" passed to canTransform argument target_frame - frame does not exist
[controller_server-8] [INFO] [1789661634.308727352] [local_costmap.local_costmap]: Timed out waiting for transform from base_footprint to odom to become available, tf error: Invalid frame ID "odom" passed to canTransform argument target_frame - frame does not exist
[controller_server-8] [INFO] [1789661634.809157037] [local_costmap.local_costmap]: Timed out waiting for transform from base_footprint to odom to become available, tf error: Invalid frame ID "odom" passed to canTransform argument target_frame - frame does not exist
[controller_server-8] [INFO] [1789661635.308260896] [local_costmap.local_costmap]: Timed out waiting for transform from base_footprint to odom to become available, tf error: Invalid frame ID "odom" passed to canTransform argument target_frame - frame does not exist
[controller_server-8] [INFO] [1789661635.807511425] [local_costmap.local_costmap]: Timed out waiting for transform from base_footprint to odom to become available, tf error: Invalid frame ID "odom" passed to canTransform argument target_frame - frame does not exist
[controller_server-8] [INFO] [1789661636.307805515] [local_costmap.local_costmap]: Timed out waiting for transform from base_footprint to odom to become available, tf error: Invalid frame ID "odom" passed to canTransform argument target_frame - frame does not exist
[controller_server-8] [INFO] [1789661636.813797972] [local_costmap.local_costmap]: Timed out waiting for transform from base_footprint to odom to become available, tf error: Invalid frame ID "odom" passed to canTransform argument target_frame - frame does not exist
[controller_server-8] [INFO] [1789661637.307727998] [local_costmap.local_costmap]: Timed out waiting for transform from base_footprint to odom to become available, tf error: Invalid frame ID "odom" passed to canTransform argument target_frame - frame does not exist
[controller_server-8] [INFO] [1789661637.808651717] [local_costmap.local_costmap]: Timed out waiting for transform from base_footprint to odom to become available, tf error: Invalid frame ID "odom" passed to canTransform argument target_frame - frame does not exist
[controller_server-8] [INFO] [1789661638.308631548] [local_costmap.local_costmap]: Timed out waiting for transform from base_footprint to odom to become available, tf error: Invalid frame ID "odom" passed to canTransform argument target_frame - frame does not exist
[controller_server-8] [INFO] [1789661638.808369263] [local_costmap.local_costmap]: Timed out waiting for transform from base_footprint to odom to become available, tf error: Invalid frame ID "odom" passed to canTransform argument target_frame - frame does not exist
[controller_server-8] [INFO] [1789661639.308394445] [local_costmap.local_costmap]: Timed out waiting for transform from base_footprint to odom to become available, tf error: Invalid frame ID "odom" passed to canTransform argument target_frame - frame does not exist
[controller_server-8] [INFO] [1789661639.807732919] [local_costmap.local_costmap]: Timed out waiting for transform from base_footprint to odom to become available, tf error: Invalid frame ID "odom" passed to canTransform argument target_frame - frame does not exist
[controller_server-8] [INFO] [1789661640.307810093] [local_costmap.local_costmap]: Timed out waiting for transform from base_footprint to odom to become available, tf error: Invalid frame ID "odom" passed to canTransform argument target_frame - frame does not exist
[gzserver-1] [INFO] [1789661640.482193382] [contact_load.wheel_front_drive_link_contact_plugin]: Publishing contact states to [/contact_load/wheel_front_drive_link]
[gzserver-1] [INFO] [1789661640.594316695] [contact_load.wheel_rear_drive_link_contact_plugin]: Publishing contact states to [/contact_load/wheel_rear_drive_link]
[gzserver-1] [INFO] [1789661640.703886759] [contact_load.wheel_front_left_link_contact_plugin]: Publishing contact states to [/contact_load/wheel_front_left_link]
[controller_server-8] [INFO] [1789661640.810319064] [local_costmap.local_costmap]: Timed out waiting for transform from base_footprint to odom to become available, tf error: Invalid frame ID "odom" passed to canTransform argument target_frame - frame does not exist
[gzserver-1] [INFO] [1789661640.871645398] [contact_load.wheel_front_right_link_contact_plugin]: Publishing contact states to [/contact_load/wheel_front_right_link]
[gzserver-1] [INFO] [1789661640.994761579] [contact_load.wheel_rear_left_link_contact_plugin]: Publishing contact states to [/contact_load/wheel_rear_left_link]
[spawn_entity.py-3] [INFO] [1789661641.023992329] [spawn_swerve]: Spawn status: SpawnEntity: Successfully spawned entity [swerve_base]
[gzserver-1] [INFO] [1789661641.127138775] [contact_load.wheel_rear_right_link_contact_plugin]: Publishing contact states to [/contact_load/wheel_rear_right_link]
[gzserver-1] [INFO] [1789661641.280255377] [gazebo_ros2_control]: Loading gazebo_ros2_control plugin
[controller_server-8] [INFO] [1789661641.308238764] [local_costmap.local_costmap]: Timed out waiting for transform from base_footprint to odom to become available, tf error: Invalid frame ID "odom" passed to canTransform argument target_frame - frame does not exist
[INFO] [spawn_entity.py-3]: process has finished cleanly [pid 236825]
[INFO] [spawner-15]: process started with pid [237157]
[gzserver-1] [INFO] [1789661641.374893467] [gazebo_ros2_control]: Starting gazebo_ros2_control plugin in namespace: /
[gzserver-1] [INFO] [1789661641.375041063] [gazebo_ros2_control]: Starting gazebo_ros2_control plugin in ros 2 node: gazebo_ros2_control
[gzserver-1] [INFO] [1789661641.443914426] [gazebo_ros2_control]: connected to service!! robot_state_publisher
[gzserver-1] [INFO] [1789661641.452892277] [gazebo_ros2_control]: Received urdf from param server, parsing...
[gzserver-1] [INFO] [1789661641.453023982] [gazebo_ros2_control]: Loading parameter files /home/yahboom/swerve_bringup/install/swerve_bringup/share/swerve_bringup/config/controllers.yaml
[gzserver-1] [INFO] [1789661641.493713881] [gazebo_ros2_control]: Loading joint: steer_front_joint
[gzserver-1] [INFO] [1789661641.493784439] [gazebo_ros2_control]: 	State:
[gzserver-1] [INFO] [1789661641.493799914] [gazebo_ros2_control]: 		 position
[gzserver-1] [INFO] [1789661641.493811710] [gazebo_ros2_control]: 		 velocity
[gzserver-1] [INFO] [1789661641.493820766] [gazebo_ros2_control]: 	Command:
[gzserver-1] [INFO] [1789661641.493829657] [gazebo_ros2_control]: 		 position
[gzserver-1] [INFO] [1789661641.506888840] [gazebo_ros2_control]: Loading joint: steer_rear_joint
[gzserver-1] [INFO] [1789661641.506952166] [gazebo_ros2_control]: 	State:
[gzserver-1] [INFO] [1789661641.506967151] [gazebo_ros2_control]: 		 position
[gzserver-1] [INFO] [1789661641.506980569] [gazebo_ros2_control]: 		 velocity
[gzserver-1] [INFO] [1789661641.506990302] [gazebo_ros2_control]: 	Command:
[gzserver-1] [INFO] [1789661641.506999556] [gazebo_ros2_control]: 		 position
[gzserver-1] [INFO] [1789661641.513578864] [gazebo_ros2_control]: Loading joint: wheel_front_drive_joint
[gzserver-1] [INFO] [1789661641.513657664] [gazebo_ros2_control]: 	State:
[gzserver-1] [INFO] [1789661641.513674169] [gazebo_ros2_control]: 		 position
[gzserver-1] [INFO] [1789661641.513685191] [gazebo_ros2_control]: 		 velocity
[gzserver-1] [INFO] [1789661641.513694709] [gazebo_ros2_control]: 	Command:
[gzserver-1] [INFO] [1789661641.513717061] [gazebo_ros2_control]: 		 velocity
[gzserver-1] [INFO] [1789661641.516349439] [gazebo_ros2_control]: Loading joint: wheel_rear_drive_joint
[gzserver-1] [INFO] [1789661641.516411222] [gazebo_ros2_control]: 	State:
[gzserver-1] [INFO] [1789661641.516424787] [gazebo_ros2_control]: 		 position
[gzserver-1] [INFO] [1789661641.516434716] [gazebo_ros2_control]: 		 velocity
[gzserver-1] [INFO] [1789661641.516443888] [gazebo_ros2_control]: 	Command:
[gzserver-1] [INFO] [1789661641.516469070] [gazebo_ros2_control]: 		 velocity
[gzserver-1] [INFO] [1789661641.517106273] [resource_manager]: Initialize hardware 'GazeboSystem' 
[gzserver-1] [INFO] [1789661641.517357827] [resource_manager]: Successful initialization of hardware 'GazeboSystem'
[gzserver-1] [INFO] [1789661641.517515952] [resource_manager]: 'configure' hardware 'GazeboSystem' 
[gzserver-1] [INFO] [1789661641.517533301] [resource_manager]: Successful 'configure' of hardware 'GazeboSystem'
[gzserver-1] [INFO] [1789661641.517542457] [resource_manager]: 'activate' hardware 'GazeboSystem' 
[gzserver-1] [INFO] [1789661641.517553335] [resource_manager]: Successful 'activate' of hardware 'GazeboSystem'
[gzserver-1] [INFO] [1789661641.517862068] [gazebo_ros2_control]: Loading controller_manager
[gzserver-1] [WARN] [1789661641.790056715] [gazebo_ros2_control]:  Desired controller update period (0.01 s) is slower than the gazebo simulation period (0.001 s).
[gzserver-1] [INFO] [1789661641.790470907] [gazebo_ros2_control]: Loaded gazebo_ros2_control.
[controller_server-8] [INFO] [1789661641.807857766] [local_costmap.local_costmap]: Timed out waiting for transform from base_footprint to odom to become available, tf error: Invalid frame ID "odom" passed to canTransform argument target_frame - frame does not exist
[spawner-15] [INFO] [1789661642.293590656] [spawn_joint_state_broadcaster]: waiting for service /controller_manager/list_controllers to become available...
[controller_server-8] [INFO] [1789661642.307571690] [local_costmap.local_costmap]: start
[controller_server-8] [INFO] [1789661642.477013479] [controller_server]: Creating bond (controller_server) to lifecycle manager.
[lifecycle_manager-13] [INFO] [1789661642.591336103] [lifecycle_manager_navigation]: Server controller_server connected with bond.
[lifecycle_manager-13] [INFO] [1789661642.591406924] [lifecycle_manager_navigation]: [34m[1mActivating planner_server[0m[0m
[planner_server-9] [INFO] [1789661642.593529300] [planner_server]: Activating
[planner_server-9] [INFO] [1789661642.593630435] [global_costmap.global_costmap]: Activating
[planner_server-9] [INFO] [1789661642.593668250] [global_costmap.global_costmap]: Checking transform
[planner_server-9] [INFO] [1789661642.593825504] [global_costmap.global_costmap]: start
[planner_server-9] [INFO] [1789661643.145746762] [planner_server]: Activating plugin GridBased of type NavfnPlanner
[planner_server-9] [INFO] [1789661643.152814142] [planner_server]: Creating bond (planner_server) to lifecycle manager.
[lifecycle_manager-13] [INFO] [1789661643.283281578] [lifecycle_manager_navigation]: Server planner_server connected with bond.
[lifecycle_manager-13] [INFO] [1789661643.283359276] [lifecycle_manager_navigation]: [34m[1mActivating behavior_server[0m[0m
[behavior_server-10] [INFO] [1789661643.284856779] [behavior_server]: Activating
[behavior_server-10] [INFO] [1789661643.284958397] [behavior_server]: Activating spin
[behavior_server-10] [INFO] [1789661643.284983981] [behavior_server]: Activating backup
[behavior_server-10] [INFO] [1789661643.284996005] [behavior_server]: Activating drive_on_heading
[behavior_server-10] [INFO] [1789661643.285007558] [behavior_server]: Activating wait
[behavior_server-10] [INFO] [1789661643.285024610] [behavior_server]: Creating bond (behavior_server) to lifecycle manager.
[lifecycle_manager-13] [INFO] [1789661643.408936177] [lifecycle_manager_navigation]: Server behavior_server connected with bond.
[lifecycle_manager-13] [INFO] [1789661643.409018937] [lifecycle_manager_navigation]: [34m[1mActivating bt_navigator[0m[0m
[bt_navigator-11] [INFO] [1789661643.410025591] [bt_navigator]: Activating
[bt_navigator-11] [INFO] [1789661644.109530473] [bt_navigator]: Creating bond (bt_navigator) to lifecycle manager.
[lifecycle_manager-13] [INFO] [1789661644.246962543] [lifecycle_manager_navigation]: Server bt_navigator connected with bond.
[lifecycle_manager-13] [INFO] [1789661644.247040672] [lifecycle_manager_navigation]: [34m[1mActivating waypoint_follower[0m[0m
[waypoint_follower-12] [INFO] [1789661644.247646208] [waypoint_follower]: Activating
[waypoint_follower-12] [INFO] [1789661644.247708431] [waypoint_follower]: Creating bond (waypoint_follower) to lifecycle manager.
[lifecycle_manager-13] [INFO] [1789661644.385156749] [lifecycle_manager_navigation]: Server waypoint_follower connected with bond.
[lifecycle_manager-13] [INFO] [1789661644.385234012] [lifecycle_manager_navigation]: [34m[1mManaged nodes are active[0m[0m
[lifecycle_manager-13] [INFO] [1789661644.385250918] [lifecycle_manager_navigation]: [34m[1mCreating bond timer...[0m[0m
[gzserver-1] [INFO] [1789661644.586701090] [controller_manager]: Loading controller 'joint_state_broadcaster'
[spawner-15] [INFO] [1789661644.931109398] [spawn_joint_state_broadcaster]: [94mLoaded [1mjoint_state_broadcaster[0m
[gzserver-1] [INFO] [1789661644.950952819] [controller_manager]: Configuring controller 'joint_state_broadcaster'
[gzserver-1] [INFO] [1789661644.955555043] [joint_state_broadcaster]: 'joints' or 'interfaces' parameter is empty. All available state interfaces will be published
[spawner-15] [INFO] [1789661645.047138917] [spawn_joint_state_broadcaster]: [92mConfigured and activated [1mjoint_state_broadcaster[0m
[INFO] [spawner-15]: process has finished cleanly [pid 237157]
[INFO] [spawner-16]: process started with pid [237215]
[spawner-16] [INFO] [1789661646.798430282] [spawn_steering_controller]: waiting for service /controller_manager/list_controllers to become available...
[gzserver-1] [WARN] [1789661647.513172987] [controller_manager.rclcpp]: failed to send response to /controller_manager/list_controllers (timeout): client will not receive response, at ./src/rmw_response.cpp:154, at ./src/rcl/service.c:314
[spawner-16] [WARN] [1789661677.051269488] [spawn_steering_controller]: Failed getting a result from calling /controller_manager/list_controllers in 30.0. (Attempt 1 of 3.)
[gzserver-1] [INFO] [1789661677.067406172] [controller_manager]: Loading controller 'steering_controller'
[spawner-16] [INFO] [1789661677.547092122] [spawn_steering_controller]: [94mLoaded [1msteering_controller[0m
[gzserver-1] [INFO] [1789661677.552622532] [controller_manager]: Configuring controller 'steering_controller'
[gzserver-1] [INFO] [1789661677.565240687] [steering_controller]: configure successful
[gzserver-1] [INFO] [1789661677.590819153] [steering_controller]: activate successful
[spawner-16] [INFO] [1789661677.613821516] [spawn_steering_controller]: [92mConfigured and activated [1msteering_controller[0m
[INFO] [spawner-16]: process has finished cleanly [pid 237215]
[INFO] [spawner-17]: process started with pid [237704]
[spawner-17] [INFO] [1789661679.229201092] [spawn_drive_controller]: waiting for service /controller_manager/list_controllers to become available...
[gzserver-1] [INFO] [1789661680.789647236] [controller_manager]: Loading controller 'drive_controller'
[spawner-17] [INFO] [1789661681.335488594] [spawn_drive_controller]: [94mLoaded [1mdrive_controller[0m
[gzserver-1] [INFO] [1789661681.349804952] [controller_manager]: Configuring controller 'drive_controller'
[gzserver-1] [INFO] [1789661681.359112788] [drive_controller]: configure successful
[gzserver-1] [INFO] [1789661681.395048745] [drive_controller]: activate successful
[spawner-17] [INFO] [1789661681.412881208] [spawn_drive_controller]: [92mConfigured and activated [1mdrive_controller[0m
[INFO] [spawner-17]: process has finished cleanly [pid 237704]
[INFO] [swerve_controller_node-18]: process started with pid [237725]
[INFO] [swerve_odometry_node-19]: process started with pid [237727]
[swerve_odometry_node-19] [INFO] [1789661683.501987096] [swerve_odometry]: Encoder odometry ready: radius=0.0637 m, velocity_sign=+1.0
[swerve_controller_node-18] [INFO] [1789661684.076382440] [swerve_controller]: Swerve controller ready: radius=0.0675 m, modules={'front': (0.300042, 0.0), 'rear': (-0.300042, 0.0)}
[WARNING] [launch]: user interrupted with ctrl-c (SIGINT)
[controller_server-8] [INFO] [1789661730.193257877] [rclcpp]: signal_handler(signum=2)
[controller_server-8] [INFO] [1789661730.193663497] [controller_server]: Running Nav2 LifecycleNode rcl preshutdown (controller_server)
[controller_server-8] [INFO] [1789661730.193773155] [controller_server]: Deactivating
[controller_server-8] [INFO] [1789661730.193834382] [local_costmap.local_costmap]: Deactivating
[ekf_node-4] [INFO] [1789661730.193298161] [rclcpp]: signal_handler(signum=2)
[ekf_node-6] [INFO] [1789661730.193394346] [rclcpp]: signal_handler(signum=2)
[waypoint_follower-12] [INFO] [1789661730.194419183] [rclcpp]: signal_handler(signum=2)
[behavior_server-10] [INFO] [1789661730.194460816] [rclcpp]: signal_handler(signum=2)
[behavior_server-10] [INFO] [1789661730.194971819] [behavior_server]: Running Nav2 LifecycleNode rcl preshutdown (behavior_server)
[behavior_server-10] [INFO] [1789661730.195046324] [behavior_server]: Deactivating
[behavior_server-10] [INFO] [1789661730.195156909] [behavior_server]: Destroying bond (behavior_server) to lifecycle manager.
[planner_server-9] [INFO] [1789661730.195382341] [rclcpp]: signal_handler(signum=2)
[INFO] [swerve_odometry_node-19]: sending signal 'SIGINT' to process[swerve_odometry_node-19]
[INFO] [swerve_controller_node-18]: sending signal 'SIGINT' to process[swerve_controller_node-18]
[INFO] [lifecycle_manager-13]: sending signal 'SIGINT' to process[lifecycle_manager-13]
[INFO] [waypoint_follower-12]: sending signal 'SIGINT' to process[waypoint_follower-12]
[INFO] [bt_navigator-11]: sending signal 'SIGINT' to process[bt_navigator-11]
[INFO] [behavior_server-10]: sending signal 'SIGINT' to process[behavior_server-10]
[INFO] [planner_server-9]: sending signal 'SIGINT' to process[planner_server-9]
[INFO] [controller_server-8]: sending signal 'SIGINT' to process[controller_server-8]
[INFO] [map_server-7]: sending signal 'SIGINT' to process[map_server-7]
[INFO] [ekf_node-6]: sending signal 'SIGINT' to process[ekf_node-6]
[INFO] [v30e_sim_node-5]: sending signal 'SIGINT' to process[v30e_sim_node-5]
[INFO] [ekf_node-4]: sending signal 'SIGINT' to process[ekf_node-4]
[INFO] [robot_state_publisher-2]: sending signal 'SIGINT' to process[robot_state_publisher-2]
[INFO] [gzserver-1]: sending signal 'SIGINT' to process[gzserver-1]
[waypoint_follower-12] [INFO] [1789661730.197063805] [waypoint_follower]: Running Nav2 LifecycleNode rcl preshutdown (waypoint_follower)
[waypoint_follower-12] [INFO] [1789661730.197192043] [waypoint_follower]: Deactivating
[waypoint_follower-12] [INFO] [1789661730.197230124] [waypoint_follower]: Destroying bond (waypoint_follower) to lifecycle manager.
[ERROR] [ekf_node-6]: process has died [pid 236831, exit code -2, cmd '/opt/ros/humble/lib/robot_localization/ekf_node --ros-args -r __node:=ekf_v30e --params-file /home/yahboom/swerve_bringup/install/swerve_bringup/share/swerve_bringup/config/v30e_localization_ekf.yaml --params-file /tmp/launch_params_di2d3xt6 -r odometry/filtered:=/odometry/v30e'].
[planner_server-9] [INFO] [1789661730.198755365] [planner_server]: Running Nav2 LifecycleNode rcl preshutdown (planner_server)
[planner_server-9] [INFO] [1789661730.198847425] [planner_server]: Deactivating
[planner_server-9] [INFO] [1789661730.198887094] [global_costmap.global_costmap]: Deactivating
[bt_navigator-11] [INFO] [1789661730.199503278] [rclcpp]: signal_handler(signum=2)
[bt_navigator-11] [INFO] [1789661730.199712342] [bt_navigator]: Running Nav2 LifecycleNode rcl preshutdown (bt_navigator)
[bt_navigator-11] [INFO] [1789661730.199787813] [bt_navigator]: Deactivating
[bt_navigator-11] [INFO] [1789661730.199822839] [bt_navigator]: Destroying bond (bt_navigator) to lifecycle manager.
[robot_state_publisher-2] [INFO] [1789661730.200007742] [rclcpp]: signal_handler(signum=2)
[map_server-7] [INFO] [1789661730.200918402] [rclcpp]: signal_handler(signum=2)
[map_server-7] [INFO] [1789661730.202959874] [map_server]: Running Nav2 LifecycleNode rcl preshutdown (map_server)
[map_server-7] [INFO] [1789661730.203042005] [map_server]: Deactivating
[map_server-7] [INFO] [1789661730.203071715] [map_server]: Destroying bond (map_server) to lifecycle manager.
[map_server-7] [INFO] [1789661730.227268803] [map_server]: Cleaning up
[map_server-7] [INFO] [1789661730.227375778] [map_server]: Destroying bond (map_server) to lifecycle manager.
[lifecycle_manager-13] [INFO] [1789661730.204078807] [rclcpp]: signal_handler(signum=2)
[lifecycle_manager-13] [INFO] [1789661730.206830908] [lifecycle_manager_navigation]: Running Nav2 LifecycleManager rcl preshutdown (lifecycle_manager_navigation)
[lifecycle_manager-13] [INFO] [1789661730.206900860] [lifecycle_manager_navigation]: [34m[1mTerminating bond timer...[0m[0m
[behavior_server-10] [INFO] [1789661730.225869509] [behavior_server]: Cleaning up
[ERROR] [ekf_node-4]: process has died [pid 236827, exit code -2, cmd '/opt/ros/humble/lib/robot_localization/ekf_node --ros-args -r __node:=ekf_filter_node --params-file /home/yahboom/swerve_bringup/install/swerve_bringup/share/swerve_bringup/config/ekf.yaml --params-file /tmp/launch_params_habu_5bq -r /odom:=/odom -r /imu/data:=/imu/data'].
[waypoint_follower-12] [INFO] [1789661730.231016856] [waypoint_follower]: Cleaning up
[swerve_controller_node-18] Traceback (most recent call last):
[swerve_controller_node-18]   File "/home/yahboom/swerve_bringup/install/swerve_bringup/lib/swerve_bringup/swerve_controller_node", line 192, in <module>
[swerve_controller_node-18]     main()
[swerve_controller_node-18]   File "/home/yahboom/swerve_bringup/install/swerve_bringup/lib/swerve_bringup/swerve_controller_node", line 184, in main
[swerve_controller_node-18]     node.steer_pub.publish(Float64MultiArray(data=[
[swerve_controller_node-18]   File "/opt/ros/humble/local/lib/python3.10/dist-packages/rclpy/publisher.py", line 70, in publish
[swerve_controller_node-18]     self.__publisher.publish(msg)
[swerve_controller_node-18] rclpy._rclpy_pybind11.RCLError: Failed to publish: publisher's context is invalid, at ./src/rcl/publisher.c:389
[swerve_controller_node-18] Error in sys.excepthook:
[swerve_controller_node-18] Traceback (most recent call last):
[swerve_controller_node-18]   File "/usr/lib/python3/dist-packages/apport_python_hook.py", line 72, in apport_excepthook
[swerve_controller_node-18]     from apport.fileutils import likely_packaged, get_recent_crashes
[swerve_controller_node-18]   File "/usr/lib/python3/dist-packages/apport/__init__.py", line 5, in <module>
[swerve_controller_node-18]     from apport.report import Report
[swerve_controller_node-18]   File "/usr/lib/python3/dist-packages/apport/report.py", line 21, in <module>
[swerve_controller_node-18]     from urllib.request import urlopen
[swerve_controller_node-18]   File "/usr/lib/python3.10/urllib/request.py", line 88, in <module>
[swerve_controller_node-18]     import http.client
[swerve_controller_node-18]   File "/usr/lib/python3.10/http/client.py", line 71, in <module>
[swerve_controller_node-18]     import email.parser
[swerve_controller_node-18]   File "/usr/lib/python3.10/email/parser.py", line 12, in <module>
[swerve_controller_node-18]     from email.feedparser import FeedParser, BytesFeedParser
[swerve_controller_node-18]   File "/usr/lib/python3.10/email/feedparser.py", line 27, in <module>
[swerve_controller_node-18]     from email._policybase import compat32
[swerve_controller_node-18]   File "/usr/lib/python3.10/email/_policybase.py", line 112, in <module>
[swerve_controller_node-18]     class Policy(_PolicyBase, metaclass=abc.ABCMeta):
[swerve_controller_node-18]   File "/usr/lib/python3.10/abc.py", line 106, in __new__
[swerve_controller_node-18]     cls = super().__new__(mcls, name, bases, namespace, **kwargs)
[swerve_controller_node-18] KeyboardInterrupt
[swerve_controller_node-18] 
[swerve_controller_node-18] Original exception was:
[swerve_controller_node-18] Traceback (most recent call last):
[swerve_controller_node-18]   File "/home/yahboom/swerve_bringup/install/swerve_bringup/lib/swerve_bringup/swerve_controller_node", line 192, in <module>
[swerve_controller_node-18]     main()
[swerve_controller_node-18]   File "/home/yahboom/swerve_bringup/install/swerve_bringup/lib/swerve_bringup/swerve_controller_node", line 184, in main
[swerve_controller_node-18]     node.steer_pub.publish(Float64MultiArray(data=[
[swerve_controller_node-18]   File "/opt/ros/humble/local/lib/python3.10/dist-packages/rclpy/publisher.py", line 70, in publish
[swerve_controller_node-18]     self.__publisher.publish(msg)
[swerve_controller_node-18] rclpy._rclpy_pybind11.RCLError: Failed to publish: publisher's context is invalid, at ./src/rcl/publisher.c:389
[lifecycle_manager-13] [INFO] [1789661730.251019282] [rclcpp]: signal_handler(signum=2)
[bt_navigator-11] [INFO] [1789661730.257527401] [bt_navigator]: Cleaning up
[bt_navigator-11] [INFO] [1789661730.262801206] [rclcpp]: signal_handler(signum=2)
[waypoint_follower-12] [INFO] [1789661730.263055231] [rclcpp]: signal_handler(signum=2)
[swerve_odometry_node-19] Traceback (most recent call last):
[swerve_odometry_node-19]   File "/home/yahboom/swerve_bringup/install/swerve_bringup/lib/swerve_bringup/swerve_odometry_node", line 221, in <module>
[swerve_odometry_node-19]     main()
[swerve_odometry_node-19]   File "/home/yahboom/swerve_bringup/install/swerve_bringup/lib/swerve_bringup/swerve_odometry_node", line 215, in main
[swerve_odometry_node-19]     node.destroy_node()
[swerve_odometry_node-19]   File "/opt/ros/humble/local/lib/python3.10/dist-packages/rclpy/node.py", line 1685, in destroy_node
[swerve_odometry_node-19]     self.destroy_publisher(self._publishers[0])
[swerve_odometry_node-19]   File "/opt/ros/humble/local/lib/python3.10/dist-packages/rclpy/node.py", line 1565, in destroy_publisher
[swerve_odometry_node-19]     publisher.destroy()
[swerve_odometry_node-19]   File "/opt/ros/humble/local/lib/python3.10/dist-packages/rclpy/publisher.py", line 99, in destroy
[swerve_odometry_node-19]     self.__publisher.destroy_when_not_in_use()
[swerve_odometry_node-19] KeyboardInterrupt
[behavior_server-10] [INFO] [1789661730.287145484] [rclcpp]: signal_handler(signum=2)
[planner_server-9] [INFO] [1789661730.299154411] [rclcpp]: signal_handler(signum=2)
[controller_server-8] [INFO] [1789661730.301452563] [rclcpp]: signal_handler(signum=2)
[controller_server-8] [INFO] [1789661730.309725327] [controller_server]: Destroying bond (controller_server) to lifecycle manager.
[map_server-7] [INFO] [1789661730.319350259] [rclcpp]: signal_handler(signum=2)
[v30e_sim_node-5] Traceback (most recent call last):
[v30e_sim_node-5]   File "/home/yahboom/swerve_bringup/install/swerve_bringup/lib/swerve_bringup/v30e_sim_node", line 188, in <module>
[v30e_sim_node-5]     if __name__ == '__main__': main()
[v30e_sim_node-5]   File "/home/yahboom/swerve_bringup/install/swerve_bringup/lib/swerve_bringup/v30e_sim_node", line 185, in main
[v30e_sim_node-5]     node.destroy_node(); rclpy.shutdown()
[v30e_sim_node-5]   File "/opt/ros/humble/local/lib/python3.10/dist-packages/rclpy/node.py", line 1691, in destroy_node
[robot_state_publisher-2] [INFO] [1789661730.357246085] [rclcpp]: signal_handler(signum=2)
[v30e_sim_node-5]     self.destroy_service(self._services[0])
[v30e_sim_node-5]   File "/opt/ros/humble/local/lib/python3.10/dist-packages/rclpy/node.py", line 1615, in destroy_service
[v30e_sim_node-5]     service.destroy()
[v30e_sim_node-5]   File "/opt/ros/humble/local/lib/python3.10/dist-packages/rclpy/service.py", line 93, in destroy
[v30e_sim_node-5]     self.__service.destroy_when_not_in_use()
[v30e_sim_node-5] KeyboardInterrupt
[controller_server-8] [INFO] [1789661730.410471488] [controller_server]: Cleaning up
[controller_server-8] [INFO] [1789661730.410643682] [local_costmap.local_costmap]: Cleaning up
[map_server-7] [INFO] [1789661730.468205444] [map_server]: Destroying
[waypoint_follower-12] [INFO] [1789661730.556537966] [waypoint_follower]: Destroying bond (waypoint_follower) to lifecycle manager.
[planner_server-9] [INFO] [1789661730.608106421] [planner_server]: Deactivating plugin GridBased of type NavfnPlanner
[planner_server-9] [INFO] [1789661730.608179689] [planner_server]: Destroying bond (planner_server) to lifecycle manager.
[waypoint_follower-12] [INFO] [1789661730.609085414] [waypoint_follower]: Destroying
[behavior_server-10] [INFO] [1789661730.625912134] [behavior_server]: Destroying bond (behavior_server) to lifecycle manager.
[ERROR] [swerve_odometry_node-19]: process has died [pid 237727, exit code -2, cmd '/home/yahboom/swerve_bringup/install/swerve_bringup/lib/swerve_bringup/swerve_odometry_node --ros-args -r __node:=swerve_odometry --params-file /home/yahboom/swerve_bringup/install/swerve_bringup/share/swerve_bringup/config/swerve_odometry.yaml --params-file /tmp/launch_params_pzx1at90'].
[planner_server-9] [INFO] [1789661730.657990407] [planner_server]: Cleaning up
[ERROR] [v30e_sim_node-5]: process has died [pid 236829, exit code -2, cmd '/home/yahboom/swerve_bringup/install/swerve_bringup/lib/swerve_bringup/v30e_sim_node --ros-args -r __node:=v30e_sim_node --params-file /home/yahboom/swerve_bringup/install/swerve_bringup/share/swerve_bringup/config/v30e_sim.yaml --params-file /tmp/launch_params_pz81ijui'].
[ERROR] [swerve_controller_node-18]: process has died [pid 237725, exit code 1, cmd '/home/yahboom/swerve_bringup/install/swerve_bringup/lib/swerve_bringup/swerve_controller_node --ros-args -r __node:=swerve_controller --params-file /home/yahboom/swerve_bringup/install/swerve_bringup/share/swerve_bringup/config/swerve_controller.yaml --params-file /tmp/launch_params_k3jwqgga'].
[behavior_server-10] [INFO] [1789661730.715535705] [behavior_server]: Destroying
[planner_server-9] [INFO] [1789661730.732197262] [global_costmap.global_costmap]: Cleaning up
[INFO] [robot_state_publisher-2]: process has finished cleanly [pid 236823]
[controller_server-8] [INFO] [1789661730.748221750] [controller_server]: Destroying bond (controller_server) to lifecycle manager.
[controller_server-8] [INFO] [1789661730.759268241] [local_costmap.local_costmap]: Destroying
[planner_server-9] [INFO] [1789661730.774825858] [planner_server]: Cleaning up plugin GridBased of type NavfnPlanner
[planner_server-9] [INFO] [1789661730.774897034] [planner_server]: Destroying plugin GridBased of type NavfnPlanner
[lifecycle_manager-13] [INFO] [1789661730.791589964] [lifecycle_manager_navigation]: Destroying lifecycle_manager_navigation
[planner_server-9] [INFO] [1789661730.813197637] [planner_server]: Destroying bond (planner_server) to lifecycle manager.
[controller_server-8] [INFO] [1789661730.817842194] [controller_server]: Destroying
[planner_server-9] [INFO] [1789661730.835585148] [global_costmap.global_costmap]: Destroying
[INFO] [map_server-7]: process has finished cleanly [pid 236833]
[INFO] [waypoint_follower-12]: process has finished cleanly [pid 236843]
[planner_server-9] [INFO] [1789661730.936516456] [planner_server]: Destroying
[INFO] [behavior_server-10]: process has finished cleanly [pid 236839]
[bt_navigator-11] [INFO] [1789661731.015845477] [bt_navigator]: Completed Cleaning up
[bt_navigator-11] [INFO] [1789661731.015969014] [bt_navigator]: Destroying bond (bt_navigator) to lifecycle manager.
[INFO] [lifecycle_manager-13]: process has finished cleanly [pid 236845]
[bt_navigator-11] [INFO] [1789661731.036455719] [bt_navigator]: Destroying
[INFO] [controller_server-8]: process has finished cleanly [pid 236835]
[INFO] [planner_server-9]: process has finished cleanly [pid 236837]
[INFO] [bt_navigator-11]: process has finished cleanly [pid 236841]
[INFO] [gzserver-1]: process has finished cleanly [pid 236821]
