{
  "case": "yaw-",
  "samples": 54,
  "sim_duration": 8.0,
  "clock_verified": true,
  "telemetry_valid": true,
  "joint_properties_service": "/get_joint_properties",
  "classification": "NOT PHYSICAL CALIBRATION",
  "simulation_assumption_caster_trail_m": 0.02,
  "caster_axle_offset_x_m": "-0.020",
  "caster_axle_offset_y_m": "0.0",
  "real_measurement_required": true,
  "integrated_gt_yaw": -0.1204925415600675,
  "integrated_encoder_yaw": -1.160580010466625,
  "integrated_odom_yaw": -1.1037064241594123,
  "integrated_imu_yaw": -0.16549917842619363,
  "encoder_to_gt_yaw_ratio": 9.631965559362502,
  "direction_correct": true,
  "physics_acceptance_pass": false,
  "mean_gt_wz": -0.0207139279380471,
  "mean_encoder_wz": -0.14457419263268032,
  "mean_odom_wz": -0.13659330148648885,
  "mean_imu_wz": -0.02002143824221619,
  "drive_load_share": 0.40453288375184243,
  "casters": {
    "FL": {
      "initial_swivel": 0.013343797338441377,
      "desired_heading": 0.32868267427903375,
      "actual_heading": -0.02944486223329701,
      "mean_equivalent_heading_error": 0.610141464978851,
      "p95_heading_error": 1.2930117772812986,
      "final_heading_error": 0.35812753651233065,
      "swivel_travel": 0.1301713186689133,
      "mean_abs_swivel_velocity": 0.01134843710461353,
      "mean_abs_roll_velocity": 0.3473329424748219,
      "mean_tangential_metric": 297.05363509352566,
      "p95_tangential_metric": 570.140488668567
    },
    "FR": {
      "initial_swivel": 0.012111695352690965,
      "desired_heading": 0.31489498278229894,
      "actual_heading": -0.2663997803260969,
      "mean_equivalent_heading_error": 0.9918779686967567,
      "p95_heading_error": 1.5018019049325426,
      "final_heading_error": 0.5812947631083958,
      "swivel_travel": 0.4655640197990527,
      "mean_abs_swivel_velocity": 0.03527224681748361,
      "mean_abs_roll_velocity": 0.1293959297971938,
      "mean_tangential_metric": 1459.490123501272,
      "p95_tangential_metric": 1942.7742638766047
    },
    "RL": {
      "initial_swivel": -0.010533837562569204,
      "desired_heading": 0.21583384548900453,
      "actual_heading": 0.07736011939606513,
      "mean_equivalent_heading_error": 0.8971968771034606,
      "p95_heading_error": 1.2846255770694261,
      "final_heading_error": 0.1384737260929394,
      "swivel_travel": 0.20831393487043925,
      "mean_abs_swivel_velocity": 0.006947640378209941,
      "mean_abs_roll_velocity": 0.4735183238273648,
      "mean_tangential_metric": 452.2278971554351,
      "p95_tangential_metric": 744.9291760618376
    },
    "RR": {
      "initial_swivel": -0.002488364516530339,
      "desired_heading": 0.20641762294878033,
      "actual_heading": 0.06747084335017028,
      "mean_equivalent_heading_error": 1.139860683397266,
      "p95_heading_error": 1.5273553040337664,
      "final_heading_error": 0.13894677959861013,
      "swivel_travel": 0.21357686773726137,
      "mean_abs_swivel_velocity": 0.03149119206775427,
      "mean_abs_roll_velocity": 0.7151567865041963,
      "mean_tangential_metric": 1976.0614939032205,
      "p95_tangential_metric": 2742.366428147383
    }
  },
  "t_stall": 1.9000000000000004,
  "at_stall": {
    "FL": {
      "heading_error": 0.8016734976735393,
      "tangential_metric": 148.31325898680504
    },
    "FR": {
      "heading_error": 1.5007105471479996,
      "tangential_metric": 1760.2256151248823
    },
    "RL": {
      "heading_error": 0.9852005327530986,
      "tangential_metric": 340.7503309145548
    },
    "RR": {
      "heading_error": 1.5497299117642218,
      "tangential_metric": 2015.9718282211659
    }
  },
  "zero_trail_confirmed_as_blocker": false,
  "evidence": {
    "caster_heading_error_large": true,
    "caster_swivel_nearly_stationary": false,
    "drive_wheels_active": true,
    "gt_stall_detected": true
  }
}
