[INFO] [launch]: All log files can be found below /home/yahboom/.ros/log/2026-09-18-00-06-36-568947-yahboom-virtual-machine-233592
[INFO] [launch]: Default logging verbosity is set to INFO
[INFO] [launch.user]: CONTACT_DIAGNOSTICS=true
[INFO] [gzserver-1]: process started with pid [233613]
[INFO] [robot_state_publisher-2]: process started with pid [233615]
[INFO] [spawn_entity.py-3]: process started with pid [233617]
[INFO] [ekf_node-4]: process started with pid [233619]
[INFO] [v30e_sim_node-5]: process started with pid [233621]
[INFO] [ekf_node-6]: process started with pid [233623]
[INFO] [map_server-7]: process started with pid [233625]
[INFO] [controller_server-8]: process started with pid [233627]
[INFO] [planner_server-9]: process started with pid [233629]
[INFO] [behavior_server-10]: process started with pid [233631]
[INFO] [bt_navigator-11]: process started with pid [233641]
[INFO] [waypoint_follower-12]: process started with pid [233644]
[INFO] [lifecycle_manager-13]: process started with pid [233649]
[INFO] [swerve_bridge_node-14]: process started with pid [233679]
[controller_server-8] [INFO] [1789661199.521641348] [controller_server]: 
[controller_server-8] 	controller_server lifecycle node launched. 
[controller_server-8] 	Waiting on external lifecycle transitions to activate
[controller_server-8] 	See https://design.ros2.org/articles/node_lifecycle.html for more information.
[controller_server-8] [INFO] [1789661199.535424493] [controller_server]: Creating controller server
[planner_server-9] [INFO] [1789661199.680172722] [planner_server]: 
[planner_server-9] 	planner_server lifecycle node launched. 
[planner_server-9] 	Waiting on external lifecycle transitions to activate
[planner_server-9] 	See https://design.ros2.org/articles/node_lifecycle.html for more information.
[planner_server-9] [INFO] [1789661199.685687417] [planner_server]: Creating
[controller_server-8] [INFO] [1789661199.812940411] [local_costmap.local_costmap]: 
[controller_server-8] 	local_costmap lifecycle node launched. 
[controller_server-8] 	Waiting on external lifecycle transitions to activate
[controller_server-8] 	See https://design.ros2.org/articles/node_lifecycle.html for more information.
[controller_server-8] [INFO] [1789661199.825366690] [local_costmap.local_costmap]: Creating Costmap
[behavior_server-10] [INFO] [1789661199.847794841] [behavior_server]: 
[behavior_server-10] 	behavior_server lifecycle node launched. 
[behavior_server-10] 	Waiting on external lifecycle transitions to activate
[behavior_server-10] 	See https://design.ros2.org/articles/node_lifecycle.html for more information.
[bt_navigator-11] [INFO] [1789661199.952136120] [bt_navigator]: 
[bt_navigator-11] 	bt_navigator lifecycle node launched. 
[bt_navigator-11] 	Waiting on external lifecycle transitions to activate
[bt_navigator-11] 	See https://design.ros2.org/articles/node_lifecycle.html for more information.
[bt_navigator-11] [INFO] [1789661199.952359045] [bt_navigator]: Creating
[robot_state_publisher-2] [INFO] [1789661200.012980803] [robot_state_publisher]: got segment base_footprint
[robot_state_publisher-2] [INFO] [1789661200.018022577] [robot_state_publisher]: got segment base_link
[robot_state_publisher-2] [INFO] [1789661200.018072544] [robot_state_publisher]: got segment imu_link
[robot_state_publisher-2] [INFO] [1789661200.018083005] [robot_state_publisher]: got segment lidar_link
[robot_state_publisher-2] [INFO] [1789661200.018090927] [robot_state_publisher]: got segment steer_front_link
[robot_state_publisher-2] [INFO] [1789661200.018098188] [robot_state_publisher]: got segment steer_rear_link
[robot_state_publisher-2] [INFO] [1789661200.018105131] [robot_state_publisher]: got segment v30e_link
[robot_state_publisher-2] [INFO] [1789661200.018111853] [robot_state_publisher]: got segment wheel_front_drive_link
[robot_state_publisher-2] [INFO] [1789661200.018119136] [robot_state_publisher]: got segment wheel_front_left_fork_link
[robot_state_publisher-2] [INFO] [1789661200.018126376] [robot_state_publisher]: got segment wheel_front_left_link
[robot_state_publisher-2] [INFO] [1789661200.018133250] [robot_state_publisher]: got segment wheel_front_right_fork_link
[robot_state_publisher-2] [INFO] [1789661200.018139712] [robot_state_publisher]: got segment wheel_front_right_link
[robot_state_publisher-2] [INFO] [1789661200.018146079] [robot_state_publisher]: got segment wheel_rear_drive_link
[robot_state_publisher-2] [INFO] [1789661200.018152698] [robot_state_publisher]: got segment wheel_rear_left_fork_link
[robot_state_publisher-2] [INFO] [1789661200.018159044] [robot_state_publisher]: got segment wheel_rear_left_link
[robot_state_publisher-2] [INFO] [1789661200.018165836] [robot_state_publisher]: got segment wheel_rear_right_fork_link
[robot_state_publisher-2] [INFO] [1789661200.018172217] [robot_state_publisher]: got segment wheel_rear_right_link
[lifecycle_manager-13] [INFO] [1789661200.022304081] [lifecycle_manager_navigation]: Creating
[swerve_bridge_node-14] Traceback (most recent call last):
[swerve_bridge_node-14]   File "/home/yahboom/swerve_bringup/install/swerve_bridge/lib/swerve_bridge/swerve_bridge_node", line 33, in <module>
[swerve_bridge_node-14]     sys.exit(load_entry_point('swerve-bridge', 'console_scripts', 'swerve_bridge_node')())
[swerve_bridge_node-14]   File "/home/yahboom/swerve_bringup/install/swerve_bridge/lib/swerve_bridge/swerve_bridge_node", line 22, in importlib_load_entry_point
[swerve_bridge_node-14]     for entry_point in distribution(dist_name).entry_points
[swerve_bridge_node-14]   File "/usr/lib/python3.10/importlib/metadata/__init__.py", line 969, in distribution
[swerve_bridge_node-14]     return Distribution.from_name(distribution_name)
[swerve_bridge_node-14]   File "/usr/lib/python3.10/importlib/metadata/__init__.py", line 548, in from_name
[swerve_bridge_node-14]     raise PackageNotFoundError(name)
[swerve_bridge_node-14] importlib.metadata.PackageNotFoundError: No package metadata was found for swerve-bridge
[lifecycle_manager-13] [INFO] [1789661200.087354140] [lifecycle_manager_navigation]: [34m[1mCreating and initializing lifecycle service clients[0m[0m
[waypoint_follower-12] [INFO] [1789661200.090020223] [waypoint_follower]: 
[waypoint_follower-12] 	waypoint_follower lifecycle node launched. 
[waypoint_follower-12] 	Waiting on external lifecycle transitions to activate
[waypoint_follower-12] 	See https://design.ros2.org/articles/node_lifecycle.html for more information.
[waypoint_follower-12] [INFO] [1789661200.090646249] [waypoint_follower]: Creating
[map_server-7] [INFO] [1789661200.122800426] [map_server]: 
[map_server-7] 	map_server lifecycle node launched. 
[map_server-7] 	Waiting on external lifecycle transitions to activate
[map_server-7] 	See https://design.ros2.org/articles/node_lifecycle.html for more information.
[map_server-7] [INFO] [1789661200.122976303] [map_server]: Creating
[ERROR] [swerve_bridge_node-14]: process has died [pid 233679, exit code 1, cmd '/home/yahboom/swerve_bringup/install/swerve_bridge/lib/swerve_bridge/swerve_bridge_node --ros-args -r __node:=swerve_bridge --params-file /home/yahboom/swerve_bringup/install/swerve_bridge/share/swerve_bridge/config/bridge.yaml --params-file /tmp/launch_params_3rbpgo3b'].
[planner_server-9] [INFO] [1789661200.154985475] [global_costmap.global_costmap]: 
[planner_server-9] 	global_costmap lifecycle node launched. 
[planner_server-9] 	Waiting on external lifecycle transitions to activate
[planner_server-9] 	See https://design.ros2.org/articles/node_lifecycle.html for more information.
[planner_server-9] [INFO] [1789661200.155652691] [global_costmap.global_costmap]: Creating Costmap
[lifecycle_manager-13] [INFO] [1789661200.645977125] [lifecycle_manager_navigation]: [34m[1mStarting managed nodes bringup...[0m[0m
[lifecycle_manager-13] [INFO] [1789661200.647380684] [lifecycle_manager_navigation]: [34m[1mConfiguring map_server[0m[0m
[map_server-7] [INFO] [1789661200.656286401] [map_server]: Configuring
[map_server-7] [INFO] [1789661200.656400102] [map_io]: Loading yaml file: /home/yahboom/swerve_bringup/install/swerve_bringup/share/swerve_bringup/swerve_navigation/maps/warehouse.yaml
[map_server-7] [INFO] [1789661200.656741994] [map_io]: resolution: 0.05
[map_server-7] [INFO] [1789661200.656759600] [map_io]: origin[0]: -17.2
[map_server-7] [INFO] [1789661200.656765877] [map_io]: origin[1]: -17.4
[map_server-7] [INFO] [1789661200.656771376] [map_io]: origin[2]: 0
[map_server-7] [INFO] [1789661200.656776831] [map_io]: free_thresh: 0.25
[map_server-7] [INFO] [1789661200.656782398] [map_io]: occupied_thresh: 0.65
[map_server-7] [INFO] [1789661200.656788191] [map_io]: mode: trinary
[map_server-7] [INFO] [1789661200.656794380] [map_io]: negate: 0
[map_server-7] [INFO] [1789661200.661380967] [map_io]: Loading image_file: /home/yahboom/swerve_bringup/install/swerve_bringup/share/swerve_bringup/swerve_navigation/maps/warehouse.pgm
[map_server-7] [INFO] [1789661200.816770094] [map_io]: Read map /home/yahboom/swerve_bringup/install/swerve_bringup/share/swerve_bringup/swerve_navigation/maps/warehouse.pgm: 676 X 680 map @ 0.05 m/cell
[lifecycle_manager-13] [INFO] [1789661201.085656457] [lifecycle_manager_navigation]: [34m[1mConfiguring controller_server[0m[0m
[controller_server-8] [INFO] [1789661201.087664575] [controller_server]: Configuring controller interface
[controller_server-8] [INFO] [1789661201.108491426] [controller_server]: getting goal checker plugins..
[controller_server-8] [INFO] [1789661201.109379068] [controller_server]: Controller frequency set to 10.0000Hz
[controller_server-8] [INFO] [1789661201.109443787] [local_costmap.local_costmap]: Configuring
[controller_server-8] [INFO] [1789661201.284725470] [local_costmap.local_costmap]: Using plugin "voxel_layer"
[controller_server-8] [INFO] [1789661201.294160260] [local_costmap.local_costmap]: Subscribed to Topics: lidar3d scan
[spawn_entity.py-3] [INFO] [1789661201.314106026] [spawn_swerve]: Spawn Entity started
[spawn_entity.py-3] [INFO] [1789661201.314641498] [spawn_swerve]: Loading entity published on topic robot_description
[spawn_entity.py-3] [INFO] [1789661201.326584628] [spawn_swerve]: Waiting for entity xml on robot_description
[controller_server-8] [INFO] [1789661201.388056478] [local_costmap.local_costmap]: Initialized plugin "voxel_layer"
[controller_server-8] [INFO] [1789661201.388119229] [local_costmap.local_costmap]: Using plugin "inflation_layer"
[controller_server-8] [INFO] [1789661201.391499582] [local_costmap.local_costmap]: Initialized plugin "inflation_layer"
[controller_server-8] [INFO] [1789661201.484541767] [controller_server]: Created progress_checker : progress_checker of type nav2_controller::SimpleProgressChecker
[controller_server-8] [INFO] [1789661201.490582782] [controller_server]: Created goal checker : general_goal_checker of type nav2_controller::SimpleGoalChecker
[controller_server-8] [INFO] [1789661201.490758238] [controller_server]: Controller Server has general_goal_checker  goal checkers available.
[controller_server-8] [INFO] [1789661201.493121185] [controller_server]: Created controller : FollowPath of type dwb_core::DWBLocalPlanner
[controller_server-8] [INFO] [1789661201.499043982] [controller_server]: Setting transform_tolerance to 0.200000
[controller_server-8] [INFO] [1789661201.568370597] [controller_server]: Using critic "RotateToGoal" (dwb_critics::RotateToGoalCritic)
[controller_server-8] [INFO] [1789661201.571970788] [controller_server]: Critic plugin initialized
[controller_server-8] [INFO] [1789661201.572111943] [controller_server]: Using critic "Oscillation" (dwb_critics::OscillationCritic)
[controller_server-8] [INFO] [1789661201.585635713] [controller_server]: Critic plugin initialized
[controller_server-8] [INFO] [1789661201.585809089] [controller_server]: Using critic "BaseObstacle" (dwb_critics::BaseObstacleCritic)
[controller_server-8] [INFO] [1789661201.585949007] [controller_server]: Critic plugin initialized
[controller_server-8] [INFO] [1789661201.586036735] [controller_server]: Using critic "GoalAlign" (dwb_critics::GoalAlignCritic)
[controller_server-8] [INFO] [1789661201.596191125] [controller_server]: Critic plugin initialized
[controller_server-8] [INFO] [1789661201.601901675] [controller_server]: Using critic "PathAlign" (dwb_critics::PathAlignCritic)
[controller_server-8] [INFO] [1789661201.602581012] [controller_server]: Critic plugin initialized
[controller_server-8] [INFO] [1789661201.602748864] [controller_server]: Using critic "PathDist" (dwb_critics::PathDistCritic)
[controller_server-8] [INFO] [1789661201.603279717] [controller_server]: Critic plugin initialized
[controller_server-8] [INFO] [1789661201.603407718] [controller_server]: Using critic "GoalDist" (dwb_critics::GoalDistCritic)
[controller_server-8] [INFO] [1789661201.610040318] [controller_server]: Critic plugin initialized
[controller_server-8] [INFO] [1789661201.610113918] [controller_server]: Controller Server has FollowPath  controllers available.
[v30e_sim_node-5] [INFO] [1789661201.660336190] [v30e_sim_node]: Using Gazebo /get_entity_state internally; odometry is not a V30E measurement input
[lifecycle_manager-13] [INFO] [1789661201.686005941] [lifecycle_manager_navigation]: [34m[1mConfiguring planner_server[0m[0m
[planner_server-9] [INFO] [1789661201.688523998] [planner_server]: Configuring
[planner_server-9] [INFO] [1789661201.688578782] [global_costmap.global_costmap]: Configuring
[planner_server-9] [INFO] [1789661201.742059615] [global_costmap.global_costmap]: Using plugin "static_layer"
[planner_server-9] [INFO] [1789661201.763039330] [global_costmap.global_costmap]: Subscribing to the map topic (/map) with transient local durability
[planner_server-9] [INFO] [1789661201.772399154] [global_costmap.global_costmap]: Initialized plugin "static_layer"
[planner_server-9] [INFO] [1789661201.772471286] [global_costmap.global_costmap]: Using plugin "obstacle_layer"
[planner_server-9] [INFO] [1789661201.780636200] [global_costmap.global_costmap]: Subscribed to Topics: scan
[planner_server-9] [INFO] [1789661201.804316019] [global_costmap.global_costmap]: Initialized plugin "obstacle_layer"
[planner_server-9] [INFO] [1789661201.804374776] [global_costmap.global_costmap]: Using plugin "inflation_layer"
[planner_server-9] [INFO] [1789661201.816843803] [global_costmap.global_costmap]: Initialized plugin "inflation_layer"
[spawn_entity.py-3] [INFO] [1789661201.826872934] [spawn_swerve]: Waiting for service /spawn_entity, timeout = 30
[spawn_entity.py-3] [INFO] [1789661201.827388818] [spawn_swerve]: Waiting for service /spawn_entity
[planner_server-9] [INFO] [1789661201.910455812] [planner_server]: Created global planner plugin GridBased of type nav2_navfn_planner/NavfnPlanner
[planner_server-9] [INFO] [1789661201.910525175] [planner_server]: Configuring plugin GridBased of type NavfnPlanner
[planner_server-9] [INFO] [1789661201.920165934] [planner_server]: Planner Server has GridBased  planners available.
[lifecycle_manager-13] [INFO] [1789661201.979441502] [lifecycle_manager_navigation]: [34m[1mConfiguring behavior_server[0m[0m
[behavior_server-10] [INFO] [1789661201.981624581] [behavior_server]: Configuring
[behavior_server-10] [INFO] [1789661202.049789909] [behavior_server]: Creating behavior plugin spin of type nav2_behaviors/Spin
[behavior_server-10] [INFO] [1789661202.054569339] [behavior_server]: Configuring spin
[behavior_server-10] [INFO] [1789661202.093734738] [behavior_server]: Creating behavior plugin backup of type nav2_behaviors/BackUp
[behavior_server-10] [INFO] [1789661202.094707270] [behavior_server]: Configuring backup
[behavior_server-10] [INFO] [1789661202.127440765] [behavior_server]: Creating behavior plugin drive_on_heading of type nav2_behaviors/DriveOnHeading
[behavior_server-10] [INFO] [1789661202.130979053] [behavior_server]: Configuring drive_on_heading
[behavior_server-10] [INFO] [1789661202.168060251] [behavior_server]: Creating behavior plugin wait of type nav2_behaviors/Wait
[behavior_server-10] [INFO] [1789661202.168942274] [behavior_server]: Configuring wait
[lifecycle_manager-13] [INFO] [1789661202.190377916] [lifecycle_manager_navigation]: [34m[1mConfiguring bt_navigator[0m[0m
[bt_navigator-11] [INFO] [1789661202.191071780] [bt_navigator]: Configuring
[lifecycle_manager-13] [INFO] [1789661202.525297545] [lifecycle_manager_navigation]: [34m[1mConfiguring waypoint_follower[0m[0m
[waypoint_follower-12] [INFO] [1789661202.525722977] [waypoint_follower]: Configuring
[waypoint_follower-12] [INFO] [1789661202.573169122] [waypoint_follower]: Created waypoint_task_executor : wait_at_waypoint of type nav2_waypoint_follower::WaitAtWaypoint
[waypoint_follower-12] [INFO] [1789661202.574703823] [waypoint_follower]: Waypoint pause duration is set to zero, disabling task executor plugin.
[lifecycle_manager-13] [INFO] [1789661202.581260211] [lifecycle_manager_navigation]: [34m[1mActivating map_server[0m[0m
[map_server-7] [INFO] [1789661202.583666196] [map_server]: Activating
[map_server-7] [INFO] [1789661202.584936870] [map_server]: Creating bond (map_server) to lifecycle manager.
[planner_server-9] [INFO] [1789661202.587168880] [global_costmap.global_costmap]: StaticLayer: Resizing costmap to 676 X 680 at 0.050000 m/pix
[lifecycle_manager-13] [INFO] [1789661202.707120898] [lifecycle_manager_navigation]: Server map_server connected with bond.
[lifecycle_manager-13] [INFO] [1789661202.707186774] [lifecycle_manager_navigation]: [34m[1mActivating controller_server[0m[0m
[controller_server-8] [INFO] [1789661202.707700094] [controller_server]: Activating
[controller_server-8] [INFO] [1789661202.707754563] [local_costmap.local_costmap]: Activating
[controller_server-8] [INFO] [1789661202.707771662] [local_costmap.local_costmap]: Checking transform
[controller_server-8] [INFO] [1789661202.707805841] [local_costmap.local_costmap]: Timed out waiting for transform from base_footprint to odom to become available, tf error: Invalid frame ID "odom" passed to canTransform argument target_frame - frame does not exist
[controller_server-8] [INFO] [1789661203.213150153] [local_costmap.local_costmap]: Timed out waiting for transform from base_footprint to odom to become available, tf error: Invalid frame ID "odom" passed to canTransform argument target_frame - frame does not exist
[controller_server-8] [INFO] [1789661203.708069136] [local_costmap.local_costmap]: Timed out waiting for transform from base_footprint to odom to become available, tf error: Invalid frame ID "odom" passed to canTransform argument target_frame - frame does not exist
[controller_server-8] [INFO] [1789661204.208484447] [local_costmap.local_costmap]: Timed out waiting for transform from base_footprint to odom to become available, tf error: Invalid frame ID "odom" passed to canTransform argument target_frame - frame does not exist
[controller_server-8] [INFO] [1789661204.708499841] [local_costmap.local_costmap]: Timed out waiting for transform from base_footprint to odom to become available, tf error: Invalid frame ID "odom" passed to canTransform argument target_frame - frame does not exist
[controller_server-8] [INFO] [1789661205.208042743] [local_costmap.local_costmap]: Timed out waiting for transform from base_footprint to odom to become available, tf error: Invalid frame ID "odom" passed to canTransform argument target_frame - frame does not exist
[controller_server-8] [INFO] [1789661205.709036699] [local_costmap.local_costmap]: Timed out waiting for transform from base_footprint to odom to become available, tf error: Invalid frame ID "odom" passed to canTransform argument target_frame - frame does not exist
[controller_server-8] [INFO] [1789661206.209463727] [local_costmap.local_costmap]: Timed out waiting for transform from base_footprint to odom to become available, tf error: Invalid frame ID "odom" passed to canTransform argument target_frame - frame does not exist
[controller_server-8] [INFO] [1789661206.708309737] [local_costmap.local_costmap]: Timed out waiting for transform from base_footprint to odom to become available, tf error: Invalid frame ID "odom" passed to canTransform argument target_frame - frame does not exist
[spawn_entity.py-3] [INFO] [1789661207.125961635] [spawn_swerve]: Calling service /spawn_entity
[controller_server-8] [INFO] [1789661207.208827210] [local_costmap.local_costmap]: Timed out waiting for transform from base_footprint to odom to become available, tf error: Invalid frame ID "odom" passed to canTransform argument target_frame - frame does not exist
[gzserver-1] [INFO] [1789661207.291204695] [gazebo_ros_state]: Publishing states of gazebo models at [/model_states]
[gzserver-1] [INFO] [1789661207.305489892] [gazebo_ros_state]: Publishing states of gazebo links at [/link_states]
[controller_server-8] [INFO] [1789661207.708251999] [local_costmap.local_costmap]: Timed out waiting for transform from base_footprint to odom to become available, tf error: Invalid frame ID "odom" passed to canTransform argument target_frame - frame does not exist
[gzserver-1] [INFO] [1789661208.013870815] [imu.imu_ros]: <initial_orientation_as_reference> is unset, using default value of false to comply with REP 145 (world as orientation reference)
[controller_server-8] [INFO] [1789661208.208474517] [local_costmap.local_costmap]: Timed out waiting for transform from base_footprint to odom to become available, tf error: Invalid frame ID "odom" passed to canTransform argument target_frame - frame does not exist
[controller_server-8] [INFO] [1789661208.708846622] [local_costmap.local_costmap]: Timed out waiting for transform from base_footprint to odom to become available, tf error: Invalid frame ID "odom" passed to canTransform argument target_frame - frame does not exist
[controller_server-8] [INFO] [1789661209.208023454] [local_costmap.local_costmap]: Timed out waiting for transform from base_footprint to odom to become available, tf error: Invalid frame ID "odom" passed to canTransform argument target_frame - frame does not exist
[controller_server-8] [INFO] [1789661209.708458358] [local_costmap.local_costmap]: Timed out waiting for transform from base_footprint to odom to become available, tf error: Invalid frame ID "odom" passed to canTransform argument target_frame - frame does not exist
[controller_server-8] [INFO] [1789661210.208545500] [local_costmap.local_costmap]: Timed out waiting for transform from base_footprint to odom to become available, tf error: Invalid frame ID "odom" passed to canTransform argument target_frame - frame does not exist
[controller_server-8] [INFO] [1789661210.708446664] [local_costmap.local_costmap]: Timed out waiting for transform from base_footprint to odom to become available, tf error: Invalid frame ID "odom" passed to canTransform argument target_frame - frame does not exist
[controller_server-8] [INFO] [1789661211.208908505] [local_costmap.local_costmap]: Timed out waiting for transform from base_footprint to odom to become available, tf error: Invalid frame ID "odom" passed to canTransform argument target_frame - frame does not exist
[controller_server-8] [INFO] [1789661211.708075637] [local_costmap.local_costmap]: Timed out waiting for transform from base_footprint to odom to become available, tf error: Invalid frame ID "odom" passed to canTransform argument target_frame - frame does not exist
[controller_server-8] [INFO] [1789661212.208353071] [local_costmap.local_costmap]: Timed out waiting for transform from base_footprint to odom to become available, tf error: Invalid frame ID "odom" passed to canTransform argument target_frame - frame does not exist
[controller_server-8] [INFO] [1789661212.708154606] [local_costmap.local_costmap]: Timed out waiting for transform from base_footprint to odom to become available, tf error: Invalid frame ID "odom" passed to canTransform argument target_frame - frame does not exist
[controller_server-8] [INFO] [1789661213.208949103] [local_costmap.local_costmap]: Timed out waiting for transform from base_footprint to odom to become available, tf error: Invalid frame ID "odom" passed to canTransform argument target_frame - frame does not exist
[controller_server-8] [INFO] [1789661213.709062139] [local_costmap.local_costmap]: Timed out waiting for transform from base_footprint to odom to become available, tf error: Invalid frame ID "odom" passed to canTransform argument target_frame - frame does not exist
[controller_server-8] [INFO] [1789661214.208303025] [local_costmap.local_costmap]: Timed out waiting for transform from base_footprint to odom to become available, tf error: Invalid frame ID "odom" passed to canTransform argument target_frame - frame does not exist
[controller_server-8] [INFO] [1789661214.707973319] [local_costmap.local_costmap]: Timed out waiting for transform from base_footprint to odom to become available, tf error: Invalid frame ID "odom" passed to canTransform argument target_frame - frame does not exist
[controller_server-8] [INFO] [1789661215.209476689] [local_costmap.local_costmap]: Timed out waiting for transform from base_footprint to odom to become available, tf error: Invalid frame ID "odom" passed to canTransform argument target_frame - frame does not exist
[controller_server-8] [INFO] [1789661215.708022708] [local_costmap.local_costmap]: Timed out waiting for transform from base_footprint to odom to become available, tf error: Invalid frame ID "odom" passed to canTransform argument target_frame - frame does not exist
[controller_server-8] [INFO] [1789661216.208866425] [local_costmap.local_costmap]: Timed out waiting for transform from base_footprint to odom to become available, tf error: Invalid frame ID "odom" passed to canTransform argument target_frame - frame does not exist
[controller_server-8] [INFO] [1789661216.712216036] [local_costmap.local_costmap]: Timed out waiting for transform from base_footprint to odom to become available, tf error: Invalid frame ID "odom" passed to canTransform argument target_frame - frame does not exist
[controller_server-8] [INFO] [1789661217.208228074] [local_costmap.local_costmap]: Timed out waiting for transform from base_footprint to odom to become available, tf error: Invalid frame ID "odom" passed to canTransform argument target_frame - frame does not exist
[controller_server-8] [INFO] [1789661217.708337085] [local_costmap.local_costmap]: Timed out waiting for transform from base_footprint to odom to become available, tf error: Invalid frame ID "odom" passed to canTransform argument target_frame - frame does not exist
[controller_server-8] [INFO] [1789661218.208236772] [local_costmap.local_costmap]: Timed out waiting for transform from base_footprint to odom to become available, tf error: Invalid frame ID "odom" passed to canTransform argument target_frame - frame does not exist
[controller_server-8] [INFO] [1789661218.707958058] [local_costmap.local_costmap]: Timed out waiting for transform from base_footprint to odom to become available, tf error: Invalid frame ID "odom" passed to canTransform argument target_frame - frame does not exist
[controller_server-8] [INFO] [1789661219.208352581] [local_costmap.local_costmap]: Timed out waiting for transform from base_footprint to odom to become available, tf error: Invalid frame ID "odom" passed to canTransform argument target_frame - frame does not exist
[controller_server-8] [INFO] [1789661219.708068642] [local_costmap.local_costmap]: Timed out waiting for transform from base_footprint to odom to become available, tf error: Invalid frame ID "odom" passed to canTransform argument target_frame - frame does not exist
[controller_server-8] [INFO] [1789661220.209117652] [local_costmap.local_costmap]: Timed out waiting for transform from base_footprint to odom to become available, tf error: Invalid frame ID "odom" passed to canTransform argument target_frame - frame does not exist
[controller_server-8] [INFO] [1789661220.708072245] [local_costmap.local_costmap]: Timed out waiting for transform from base_footprint to odom to become available, tf error: Invalid frame ID "odom" passed to canTransform argument target_frame - frame does not exist
[gzserver-1] [INFO] [1789661220.898094313] [contact_load.wheel_front_drive_link_contact_plugin]: Publishing contact states to [/contact_load/wheel_front_drive_link]
[gzserver-1] [INFO] [1789661220.997403455] [contact_load.wheel_rear_drive_link_contact_plugin]: Publishing contact states to [/contact_load/wheel_rear_drive_link]
[gzserver-1] [INFO] [1789661221.174864605] [contact_load.wheel_front_left_link_contact_plugin]: Publishing contact states to [/contact_load/wheel_front_left_link]
[controller_server-8] [INFO] [1789661221.209511860] [local_costmap.local_costmap]: Timed out waiting for transform from base_footprint to odom to become available, tf error: Invalid frame ID "odom" passed to canTransform argument target_frame - frame does not exist
[gzserver-1] [INFO] [1789661221.309960551] [contact_load.wheel_front_right_link_contact_plugin]: Publishing contact states to [/contact_load/wheel_front_right_link]
[gzserver-1] [INFO] [1789661221.471431973] [contact_load.wheel_rear_left_link_contact_plugin]: Publishing contact states to [/contact_load/wheel_rear_left_link]
[spawn_entity.py-3] [INFO] [1789661221.496838995] [spawn_swerve]: Spawn status: SpawnEntity: Successfully spawned entity [swerve_base]
[gzserver-1] [INFO] [1789661221.678036094] [contact_load.wheel_rear_right_link_contact_plugin]: Publishing contact states to [/contact_load/wheel_rear_right_link]
[controller_server-8] [INFO] [1789661221.708034732] [local_costmap.local_costmap]: Timed out waiting for transform from base_footprint to odom to become available, tf error: Invalid frame ID "odom" passed to canTransform argument target_frame - frame does not exist
[gzserver-1] [INFO] [1789661221.770884390] [gazebo_ros2_control]: Loading gazebo_ros2_control plugin
[gzserver-1] [INFO] [1789661221.857046130] [gazebo_ros2_control]: Starting gazebo_ros2_control plugin in namespace: /
[gzserver-1] [INFO] [1789661221.857168700] [gazebo_ros2_control]: Starting gazebo_ros2_control plugin in ros 2 node: gazebo_ros2_control
[INFO] [spawn_entity.py-3]: process has finished cleanly [pid 233617]
[INFO] [spawner-15]: process started with pid [233889]
[gzserver-1] [INFO] [1789661221.946247907] [gazebo_ros2_control]: connected to service!! robot_state_publisher
[gzserver-1] [INFO] [1789661221.957739131] [gazebo_ros2_control]: Received urdf from param server, parsing...
[gzserver-1] [INFO] [1789661221.958915473] [gazebo_ros2_control]: Loading parameter files /home/yahboom/swerve_bringup/install/swerve_bringup/share/swerve_bringup/config/controllers.yaml
[gzserver-1] [INFO] [1789661221.992250490] [gazebo_ros2_control]: Loading joint: steer_front_joint
[gzserver-1] [INFO] [1789661221.992334784] [gazebo_ros2_control]: 	State:
[gzserver-1] [INFO] [1789661221.992352055] [gazebo_ros2_control]: 		 position
[gzserver-1] [INFO] [1789661221.992364683] [gazebo_ros2_control]: 		 velocity
[gzserver-1] [INFO] [1789661221.992374758] [gazebo_ros2_control]: 	Command:
[gzserver-1] [INFO] [1789661221.992383923] [gazebo_ros2_control]: 		 position
[gzserver-1] [INFO] [1789661221.994856880] [gazebo_ros2_control]: Loading joint: steer_rear_joint
[gzserver-1] [INFO] [1789661221.994898717] [gazebo_ros2_control]: 	State:
[gzserver-1] [INFO] [1789661221.994910949] [gazebo_ros2_control]: 		 position
[gzserver-1] [INFO] [1789661221.994921962] [gazebo_ros2_control]: 		 velocity
[gzserver-1] [INFO] [1789661221.994931463] [gazebo_ros2_control]: 	Command:
[gzserver-1] [INFO] [1789661221.994940674] [gazebo_ros2_control]: 		 position
[gzserver-1] [INFO] [1789661221.995337228] [gazebo_ros2_control]: Loading joint: wheel_front_drive_joint
[gzserver-1] [INFO] [1789661221.995367651] [gazebo_ros2_control]: 	State:
[gzserver-1] [INFO] [1789661221.995379229] [gazebo_ros2_control]: 		 position
[gzserver-1] [INFO] [1789661221.995388878] [gazebo_ros2_control]: 		 velocity
[gzserver-1] [INFO] [1789661221.995397566] [gazebo_ros2_control]: 	Command:
[gzserver-1] [INFO] [1789661221.995411180] [gazebo_ros2_control]: 		 velocity
[gzserver-1] [INFO] [1789661221.995766940] [gazebo_ros2_control]: Loading joint: wheel_rear_drive_joint
[gzserver-1] [INFO] [1789661221.995794428] [gazebo_ros2_control]: 	State:
[gzserver-1] [INFO] [1789661221.995804401] [gazebo_ros2_control]: 		 position
[gzserver-1] [INFO] [1789661221.995814215] [gazebo_ros2_control]: 		 velocity
[gzserver-1] [INFO] [1789661221.995823049] [gazebo_ros2_control]: 	Command:
[gzserver-1] [INFO] [1789661221.995841784] [gazebo_ros2_control]: 		 velocity
[gzserver-1] [INFO] [1789661222.002732198] [resource_manager]: Initialize hardware 'GazeboSystem' 
[gzserver-1] [INFO] [1789661222.003078821] [resource_manager]: Successful initialization of hardware 'GazeboSystem'
[gzserver-1] [INFO] [1789661222.003462401] [resource_manager]: 'configure' hardware 'GazeboSystem' 
[gzserver-1] [INFO] [1789661222.003490442] [resource_manager]: Successful 'configure' of hardware 'GazeboSystem'
[gzserver-1] [INFO] [1789661222.003500915] [resource_manager]: 'activate' hardware 'GazeboSystem' 
[gzserver-1] [INFO] [1789661222.003508840] [resource_manager]: Successful 'activate' of hardware 'GazeboSystem'
[gzserver-1] [INFO] [1789661222.003739666] [gazebo_ros2_control]: Loading controller_manager
[controller_server-8] [INFO] [1789661222.210767490] [local_costmap.local_costmap]: Timed out waiting for transform from base_footprint to odom to become available, tf error: Invalid frame ID "odom" passed to canTransform argument target_frame - frame does not exist
[gzserver-1] [WARN] [1789661222.302026220] [gazebo_ros2_control]:  Desired controller update period (0.01 s) is slower than the gazebo simulation period (0.001 s).
[gzserver-1] [INFO] [1789661222.304434711] [gazebo_ros2_control]: Loaded gazebo_ros2_control.
[controller_server-8] [INFO] [1789661222.708255223] [local_costmap.local_costmap]: start
[controller_server-8] [INFO] [1789661222.892819852] [controller_server]: Creating bond (controller_server) to lifecycle manager.
[spawner-15] [INFO] [1789661223.138882083] [spawn_joint_state_broadcaster]: waiting for service /controller_manager/list_controllers to become available...
[lifecycle_manager-13] [INFO] [1789661223.202265528] [lifecycle_manager_navigation]: Server controller_server connected with bond.
[lifecycle_manager-13] [INFO] [1789661223.202364893] [lifecycle_manager_navigation]: [34m[1mActivating planner_server[0m[0m
[planner_server-9] [INFO] [1789661223.202799727] [planner_server]: Activating
[planner_server-9] [INFO] [1789661223.202882345] [global_costmap.global_costmap]: Activating
[planner_server-9] [INFO] [1789661223.202905214] [global_costmap.global_costmap]: Checking transform
[planner_server-9] [INFO] [1789661223.203086657] [global_costmap.global_costmap]: start
[planner_server-9] [INFO] [1789661223.759291194] [planner_server]: Activating plugin GridBased of type NavfnPlanner
[planner_server-9] [INFO] [1789661223.764044959] [planner_server]: Creating bond (planner_server) to lifecycle manager.
[lifecycle_manager-13] [INFO] [1789661223.910894761] [lifecycle_manager_navigation]: Server planner_server connected with bond.
[lifecycle_manager-13] [INFO] [1789661223.910949495] [lifecycle_manager_navigation]: [34m[1mActivating behavior_server[0m[0m
[behavior_server-10] [INFO] [1789661223.912083678] [behavior_server]: Activating
[behavior_server-10] [INFO] [1789661223.912124888] [behavior_server]: Activating spin
[behavior_server-10] [INFO] [1789661223.912134189] [behavior_server]: Activating backup
[behavior_server-10] [INFO] [1789661223.912140786] [behavior_server]: Activating drive_on_heading
[behavior_server-10] [INFO] [1789661223.912146174] [behavior_server]: Activating wait
[behavior_server-10] [INFO] [1789661223.912154854] [behavior_server]: Creating bond (behavior_server) to lifecycle manager.
[lifecycle_manager-13] [INFO] [1789661224.050430481] [lifecycle_manager_navigation]: Server behavior_server connected with bond.
[lifecycle_manager-13] [INFO] [1789661224.050512468] [lifecycle_manager_navigation]: [34m[1mActivating bt_navigator[0m[0m
[bt_navigator-11] [INFO] [1789661224.051120469] [bt_navigator]: Activating
[bt_navigator-11] [INFO] [1789661224.757220796] [bt_navigator]: Creating bond (bt_navigator) to lifecycle manager.
[lifecycle_manager-13] [INFO] [1789661224.889939144] [lifecycle_manager_navigation]: Server bt_navigator connected with bond.
[lifecycle_manager-13] [INFO] [1789661224.890018227] [lifecycle_manager_navigation]: [34m[1mActivating waypoint_follower[0m[0m
[waypoint_follower-12] [INFO] [1789661224.890678149] [waypoint_follower]: Activating
[waypoint_follower-12] [INFO] [1789661224.890757509] [waypoint_follower]: Creating bond (waypoint_follower) to lifecycle manager.
[lifecycle_manager-13] [INFO] [1789661225.023811170] [lifecycle_manager_navigation]: Server waypoint_follower connected with bond.
[lifecycle_manager-13] [INFO] [1789661225.023876403] [lifecycle_manager_navigation]: [34m[1mManaged nodes are active[0m[0m
[lifecycle_manager-13] [INFO] [1789661225.023892324] [lifecycle_manager_navigation]: [34m[1mCreating bond timer...[0m[0m
[gzserver-1] [INFO] [1789661225.676183214] [controller_manager]: Loading controller 'joint_state_broadcaster'
[spawner-15] [INFO] [1789661226.012358141] [spawn_joint_state_broadcaster]: [94mLoaded [1mjoint_state_broadcaster[0m
[gzserver-1] [INFO] [1789661226.028838769] [controller_manager]: Configuring controller 'joint_state_broadcaster'
[gzserver-1] [INFO] [1789661226.030307398] [joint_state_broadcaster]: 'joints' or 'interfaces' parameter is empty. All available state interfaces will be published
[spawner-15] [INFO] [1789661226.116373427] [spawn_joint_state_broadcaster]: [92mConfigured and activated [1mjoint_state_broadcaster[0m
[INFO] [spawner-15]: process has finished cleanly [pid 233889]
[INFO] [spawner-16]: process started with pid [233907]
[spawner-16] [INFO] [1789661228.279133503] [spawn_steering_controller]: waiting for service /controller_manager/list_controllers to become available...
[gzserver-1] [INFO] [1789661228.792784015] [controller_manager]: Loading controller 'steering_controller'
[spawner-16] [INFO] [1789661228.989410780] [spawn_steering_controller]: [94mLoaded [1msteering_controller[0m
[gzserver-1] [INFO] [1789661229.012781833] [controller_manager]: Configuring controller 'steering_controller'
[gzserver-1] [INFO] [1789661229.025478401] [steering_controller]: configure successful
[gzserver-1] [INFO] [1789661229.063878904] [steering_controller]: activate successful
[spawner-16] [INFO] [1789661229.298386255] [spawn_steering_controller]: [92mConfigured and activated [1msteering_controller[0m
[INFO] [spawner-16]: process has finished cleanly [pid 233907]
[INFO] [spawner-17]: process started with pid [233919]
[spawner-17] [INFO] [1789661230.910722233] [spawn_drive_controller]: waiting for service /controller_manager/list_controllers to become available...
[gzserver-1] [INFO] [1789661231.937041024] [controller_manager]: Loading controller 'drive_controller'
[spawner-17] [INFO] [1789661232.198727426] [spawn_drive_controller]: [94mLoaded [1mdrive_controller[0m
[gzserver-1] [INFO] [1789661232.208491660] [controller_manager]: Configuring controller 'drive_controller'
[gzserver-1] [INFO] [1789661232.223184233] [drive_controller]: configure successful
[gzserver-1] [INFO] [1789661232.249548180] [drive_controller]: activate successful
[spawner-17] [INFO] [1789661232.274649549] [spawn_drive_controller]: [92mConfigured and activated [1mdrive_controller[0m
[INFO] [spawner-17]: process has finished cleanly [pid 233919]
[INFO] [swerve_controller_node-18]: process started with pid [233931]
[INFO] [swerve_odometry_node-19]: process started with pid [233933]
[swerve_controller_node-18] [INFO] [1789661234.361940977] [swerve_controller]: Swerve controller ready: radius=0.0675 m, modules={'front': (0.300042, 0.0), 'rear': (-0.300042, 0.0)}
[swerve_odometry_node-19] [INFO] [1789661234.497028868] [swerve_odometry]: Encoder odometry ready: radius=0.0637 m, velocity_sign=+1.0
[WARNING] [launch]: user interrupted with ctrl-c (SIGINT)
[lifecycle_manager-13] [INFO] [1789661281.482154631] [rclcpp]: signal_handler(signum=2)
[INFO] [swerve_odometry_node-19]: sending signal 'SIGINT' to process[swerve_odometry_node-19]
[INFO] [swerve_controller_node-18]: sending signal 'SIGINT' to process[swerve_controller_node-18]
[INFO] [lifecycle_manager-13]: sending signal 'SIGINT' to process[lifecycle_manager-13]
[INFO] [waypoint_follower-12]: sending signal 'SIGINT' to process[waypoint_follower-12]
[INFO] [bt_navigator-11]: sending signal 'SIGINT' to process[bt_navigator-11]
[INFO] [behavior_server-10]: sending signal 'SIGINT' to process[behavior_server-10]
[INFO] [planner_server-9]: sending signal 'SIGINT' to process[planner_server-9]
[INFO] [controller_server-8]: sending signal 'SIGINT' to process[controller_server-8]
[INFO] [map_server-7]: sending signal 'SIGINT' to process[map_server-7]
[INFO] [ekf_node-6]: sending signal 'SIGINT' to process[ekf_node-6]
[INFO] [v30e_sim_node-5]: sending signal 'SIGINT' to process[v30e_sim_node-5]
[INFO] [ekf_node-4]: sending signal 'SIGINT' to process[ekf_node-4]
[INFO] [robot_state_publisher-2]: sending signal 'SIGINT' to process[robot_state_publisher-2]
[ERROR] [ekf_node-6]: process has died [pid 233623, exit code -2, cmd '/opt/ros/humble/lib/robot_localization/ekf_node --ros-args -r __node:=ekf_v30e --params-file /home/yahboom/swerve_bringup/install/swerve_bringup/share/swerve_bringup/config/v30e_localization_ekf.yaml --params-file /tmp/launch_params_faafnjnx -r odometry/filtered:=/odometry/v30e'].
[INFO] [gzserver-1]: sending signal 'SIGINT' to process[gzserver-1]
[bt_navigator-11] [INFO] [1789661281.482237077] [rclcpp]: signal_handler(signum=2)
[bt_navigator-11] [INFO] [1789661281.482503946] [bt_navigator]: Running Nav2 LifecycleNode rcl preshutdown (bt_navigator)
[bt_navigator-11] [INFO] [1789661281.482600365] [bt_navigator]: Deactivating
[bt_navigator-11] [INFO] [1789661281.482636054] [bt_navigator]: Destroying bond (bt_navigator) to lifecycle manager.
[planner_server-9] [INFO] [1789661281.482262146] [rclcpp]: signal_handler(signum=2)
[robot_state_publisher-2] [INFO] [1789661281.482320786] [rclcpp]: signal_handler(signum=2)
[ekf_node-4] [INFO] [1789661281.482325965] [rclcpp]: signal_handler(signum=2)
[ERROR] [ekf_node-4]: process has died [pid 233619, exit code -2, cmd '/opt/ros/humble/lib/robot_localization/ekf_node --ros-args -r __node:=ekf_filter_node --params-file /home/yahboom/swerve_bringup/install/swerve_bringup/share/swerve_bringup/config/ekf.yaml --params-file /tmp/launch_params_7c1hh6rr -r /odom:=/odom -r /imu/data:=/imu/data'].
[behavior_server-10] [INFO] [1789661281.482374922] [rclcpp]: signal_handler(signum=2)
[behavior_server-10] [INFO] [1789661281.482503860] [behavior_server]: Running Nav2 LifecycleNode rcl preshutdown (behavior_server)
[behavior_server-10] [INFO] [1789661281.482599555] [behavior_server]: Deactivating
[behavior_server-10] [INFO] [1789661281.482639646] [behavior_server]: Destroying bond (behavior_server) to lifecycle manager.
[map_server-7] [INFO] [1789661281.483287418] [rclcpp]: signal_handler(signum=2)
[map_server-7] [INFO] [1789661281.483453663] [map_server]: Running Nav2 LifecycleNode rcl preshutdown (map_server)
[map_server-7] [INFO] [1789661281.483542509] [map_server]: Deactivating
[map_server-7] [INFO] [1789661281.483571676] [map_server]: Destroying bond (map_server) to lifecycle manager.
[planner_server-9] [INFO] [1789661281.484420588] [planner_server]: Running Nav2 LifecycleNode rcl preshutdown (planner_server)
[planner_server-9] [INFO] [1789661281.484494893] [planner_server]: Deactivating
[planner_server-9] [INFO] [1789661281.484537204] [global_costmap.global_costmap]: Deactivating
[lifecycle_manager-13] [INFO] [1789661281.484749652] [lifecycle_manager_navigation]: Running Nav2 LifecycleManager rcl preshutdown (lifecycle_manager_navigation)
[lifecycle_manager-13] [INFO] [1789661281.484825255] [lifecycle_manager_navigation]: [34m[1mTerminating bond timer...[0m[0m
[waypoint_follower-12] [INFO] [1789661281.484783222] [rclcpp]: signal_handler(signum=2)
[waypoint_follower-12] [INFO] [1789661281.485557354] [waypoint_follower]: Running Nav2 LifecycleNode rcl preshutdown (waypoint_follower)
[waypoint_follower-12] [INFO] [1789661281.485646888] [waypoint_follower]: Deactivating
[waypoint_follower-12] [INFO] [1789661281.485737493] [waypoint_follower]: Destroying bond (waypoint_follower) to lifecycle manager.
[controller_server-8] [INFO] [1789661281.484953821] [rclcpp]: signal_handler(signum=2)
[controller_server-8] [INFO] [1789661281.485099984] [controller_server]: Running Nav2 LifecycleNode rcl preshutdown (controller_server)
[controller_server-8] [INFO] [1789661281.485199685] [controller_server]: Deactivating
[controller_server-8] [INFO] [1789661281.485273997] [local_costmap.local_costmap]: Deactivating
[ekf_node-6] [INFO] [1789661281.485780204] [rclcpp]: signal_handler(signum=2)
[swerve_odometry_node-19] Traceback (most recent call last):
[swerve_odometry_node-19]   File "/home/yahboom/swerve_bringup/install/swerve_bringup/lib/swerve_bringup/swerve_odometry_node", line 221, in <module>
[swerve_odometry_node-19]     main()
[swerve_odometry_node-19]   File "/home/yahboom/swerve_bringup/install/swerve_bringup/lib/swerve_bringup/swerve_odometry_node", line 215, in main
[swerve_odometry_node-19]     node.destroy_node()
[swerve_odometry_node-19]   File "/opt/ros/humble/local/lib/python3.10/dist-packages/rclpy/node.py", line 1685, in destroy_node
[swerve_odometry_node-19]     self.destroy_publisher(self._publishers[0])
[swerve_odometry_node-19]   File "/opt/ros/humble/local/lib/python3.10/dist-packages/rclpy/node.py", line 1565, in destroy_publisher
[swerve_odometry_node-19]     publisher.destroy()
[swerve_odometry_node-19]   File "/opt/ros/humble/local/lib/python3.10/dist-packages/rclpy/publisher.py", line 99, in destroy
[swerve_odometry_node-19]     self.__publisher.destroy_when_not_in_use()
[swerve_odometry_node-19] KeyboardInterrupt
[behavior_server-10] [INFO] [1789661281.526001930] [behavior_server]: Cleaning up
[lifecycle_manager-13] [INFO] [1789661281.530817134] [rclcpp]: signal_handler(signum=2)
[waypoint_follower-12] [INFO] [1789661281.533143930] [waypoint_follower]: Cleaning up
[bt_navigator-11] [INFO] [1789661281.533752209] [bt_navigator]: Cleaning up
[waypoint_follower-12] [INFO] [1789661281.537877251] [rclcpp]: signal_handler(signum=2)
[bt_navigator-11] [INFO] [1789661281.542487595] [rclcpp]: signal_handler(signum=2)
[behavior_server-10] [INFO] [1789661281.547120191] [rclcpp]: signal_handler(signum=2)
[map_server-7] [INFO] [1789661281.549274730] [map_server]: Cleaning up
[map_server-7] [INFO] [1789661281.549442182] [map_server]: Destroying bond (map_server) to lifecycle manager.
[planner_server-9] [INFO] [1789661281.553109706] [rclcpp]: signal_handler(signum=2)
[controller_server-8] [INFO] [1789661281.561943355] [rclcpp]: signal_handler(signum=2)
[map_server-7] [INFO] [1789661281.564120897] [rclcpp]: signal_handler(signum=2)
[swerve_controller_node-18] Traceback (most recent call last):
[swerve_controller_node-18]   File "/home/yahboom/swerve_bringup/install/swerve_bringup/lib/swerve_bringup/swerve_controller_node", line 192, in <module>
[swerve_controller_node-18]     main()
[swerve_controller_node-18]   File "/home/yahboom/swerve_bringup/install/swerve_bringup/lib/swerve_bringup/swerve_controller_node", line 187, in main
[swerve_controller_node-18]     node.destroy_node()
[swerve_controller_node-18]   File "/opt/ros/humble/local/lib/python3.10/dist-packages/rclpy/node.py", line 1685, in destroy_node
[swerve_controller_node-18]     self.destroy_publisher(self._publishers[0])
[swerve_controller_node-18]   File "/opt/ros/humble/local/lib/python3.10/dist-packages/rclpy/node.py", line 1565, in destroy_publisher
[swerve_controller_node-18]     publisher.destroy()
[swerve_controller_node-18]   File "/opt/ros/humble/local/lib/python3.10/dist-packages/rclpy/publisher.py", line 99, in destroy
[swerve_controller_node-18]     self.__publisher.destroy_when_not_in_use()
[swerve_controller_node-18] KeyboardInterrupt
[controller_server-8] [INFO] [1789661281.595659619] [controller_server]: Destroying bond (controller_server) to lifecycle manager.
[robot_state_publisher-2] [INFO] [1789661281.599970855] [rclcpp]: signal_handler(signum=2)
[v30e_sim_node-5] Traceback (most recent call last):
[v30e_sim_node-5]   File "/home/yahboom/swerve_bringup/install/swerve_bringup/lib/swerve_bringup/v30e_sim_node", line 188, in <module>
[v30e_sim_node-5]     if __name__ == '__main__': main()
[v30e_sim_node-5]   File "/home/yahboom/swerve_bringup/install/swerve_bringup/lib/swerve_bringup/v30e_sim_node", line 185, in main
[v30e_sim_node-5]     node.destroy_node(); rclpy.shutdown()
[v30e_sim_node-5]   File "/opt/ros/humble/local/lib/python3.10/dist-packages/rclpy/node.py", line 1691, in destroy_node
[v30e_sim_node-5]     self.destroy_service(self._services[0])
[v30e_sim_node-5]   File "/opt/ros/humble/local/lib/python3.10/dist-packages/rclpy/node.py", line 1615, in destroy_service
[v30e_sim_node-5]     service.destroy()
[v30e_sim_node-5]   File "/opt/ros/humble/local/lib/python3.10/dist-packages/rclpy/service.py", line 93, in destroy
[v30e_sim_node-5]     self.__service.destroy_when_not_in_use()
[v30e_sim_node-5] KeyboardInterrupt
[waypoint_follower-12] [INFO] [1789661281.617174872] [waypoint_follower]: Destroying bond (waypoint_follower) to lifecycle manager.
[controller_server-8] [INFO] [1789661281.626499082] [controller_server]: Cleaning up
[controller_server-8] [INFO] [1789661281.626654960] [local_costmap.local_costmap]: Cleaning up
[map_server-7] [INFO] [1789661281.677146771] [map_server]: Destroying
[planner_server-9] [INFO] [1789661281.729999630] [planner_server]: Deactivating plugin GridBased of type NavfnPlanner
[planner_server-9] [INFO] [1789661281.730066536] [planner_server]: Destroying bond (planner_server) to lifecycle manager.
[planner_server-9] [INFO] [1789661281.765225447] [planner_server]: Cleaning up
[behavior_server-10] [INFO] [1789661281.874904557] [behavior_server]: Destroying bond (behavior_server) to lifecycle manager.
[ERROR] [swerve_odometry_node-19]: process has died [pid 233933, exit code -2, cmd '/home/yahboom/swerve_bringup/install/swerve_bringup/lib/swerve_bringup/swerve_odometry_node --ros-args -r __node:=swerve_odometry --params-file /home/yahboom/swerve_bringup/install/swerve_bringup/share/swerve_bringup/config/swerve_odometry.yaml --params-file /tmp/launch_params_wsohdqxo'].
[waypoint_follower-12] [INFO] [1789661281.900429402] [waypoint_follower]: Destroying
[ERROR] [v30e_sim_node-5]: process has died [pid 233621, exit code -2, cmd '/home/yahboom/swerve_bringup/install/swerve_bringup/lib/swerve_bringup/v30e_sim_node --ros-args -r __node:=v30e_sim_node --params-file /home/yahboom/swerve_bringup/install/swerve_bringup/share/swerve_bringup/config/v30e_sim.yaml --params-file /tmp/launch_params_83ulg9dd'].
[INFO] [robot_state_publisher-2]: process has finished cleanly [pid 233615]
[ERROR] [swerve_controller_node-18]: process has died [pid 233931, exit code -2, cmd '/home/yahboom/swerve_bringup/install/swerve_bringup/lib/swerve_bringup/swerve_controller_node --ros-args -r __node:=swerve_controller --params-file /home/yahboom/swerve_bringup/install/swerve_bringup/share/swerve_bringup/config/swerve_controller.yaml --params-file /tmp/launch_params_a4ekfg86'].
[planner_server-9] [INFO] [1789661281.983424920] [global_costmap.global_costmap]: Cleaning up
[lifecycle_manager-13] [INFO] [1789661282.004037858] [lifecycle_manager_navigation]: Destroying lifecycle_manager_navigation
[planner_server-9] [INFO] [1789661282.017003642] [planner_server]: Cleaning up plugin GridBased of type NavfnPlanner
[planner_server-9] [INFO] [1789661282.017178344] [planner_server]: Destroying plugin GridBased of type NavfnPlanner
[controller_server-8] [INFO] [1789661282.050908568] [controller_server]: Destroying bond (controller_server) to lifecycle manager.
[planner_server-9] [INFO] [1789661282.053371163] [planner_server]: Destroying bond (planner_server) to lifecycle manager.
[controller_server-8] [INFO] [1789661282.065487510] [local_costmap.local_costmap]: Destroying
[behavior_server-10] [INFO] [1789661282.065972442] [behavior_server]: Destroying
[INFO] [map_server-7]: process has finished cleanly [pid 233625]
[planner_server-9] [INFO] [1789661282.107930778] [global_costmap.global_costmap]: Destroying
[INFO] [waypoint_follower-12]: process has finished cleanly [pid 233644]
[controller_server-8] [INFO] [1789661282.123645718] [controller_server]: Destroying
[planner_server-9] [INFO] [1789661282.134456567] [planner_server]: Destroying
[bt_navigator-11] [INFO] [1789661282.192390653] [bt_navigator]: Completed Cleaning up
[bt_navigator-11] [INFO] [1789661282.192481199] [bt_navigator]: Destroying bond (bt_navigator) to lifecycle manager.
[INFO] [lifecycle_manager-13]: process has finished cleanly [pid 233649]
[bt_navigator-11] [INFO] [1789661282.208851540] [bt_navigator]: Destroying
[INFO] [behavior_server-10]: process has finished cleanly [pid 233631]
[INFO] [controller_server-8]: process has finished cleanly [pid 233627]
[INFO] [planner_server-9]: process has finished cleanly [pid 233629]
[INFO] [bt_navigator-11]: process has finished cleanly [pid 233641]
[INFO] [gzserver-1]: process has finished cleanly [pid 233613]
