[0.111s] Invoking command in '/home/yahboom/swerve_bringup/build/swerve_bringup': CMAKE_PREFIX_PATH=/home/yahboom/cartoros2/install/yahboom_web_savmap_interfaces:/home/yahboom/cartoros2/install/yahboom_qrcode:/home/yahboom/cartoros2/install/yahboom_point:/home/yahboom/cartoros2/install/yahboom_nav2_send_goal:/home/yahboom/cartoros2/install/yahboom_msgs:/home/yahboom/cartoros2/install/yahboom_config:/home/yahboom/cartoros2/install/yahboom_color_identify_interfaces:/home/yahboom/cartoros2/install/yahboom_attitude_record_interfaces:/home/yahboom/cartoros2/install/turtlebot3_description:/home/yahboom/cartoros2/install/robot_pose_publisher_ros2:/home/yahboom/cartoros2/install/rf2o_laser_odometry:/home/yahboom/cartoros2/install/nav2_system_tests:/home/yahboom/cartoros2/install/nav2_bringup:/home/yahboom/cartoros2/install/navigation2:/home/yahboom/cartoros2/install/nav2_smoother:/home/yahboom/cartoros2/install/nav2_graceful_controller:/home/yahboom/cartoros2/install/nav2_dwb_controller:/home/yahboom/cartoros2/install/nav2_controller:/home/yahboom/cartoros2/install/dwb_plugins:/home/yahboom/cartoros2/install/dwb_critics:/home/yahboom/cartoros2/install/dwb_core:/home/yahboom/cartoros2/install/nav_2d_utils:/home/yahboom/cartoros2/install/dwb_msgs:/home/yahboom/cartoros2/install/nav_2d_msgs:/home/yahboom/cartoros2/install/nav2_waypoint_follower:/home/yahboom/cartoros2/install/nav2_theta_star_planner:/home/yahboom/cartoros2/install/nav2_smac_planner:/home/yahboom/cartoros2/install/nav2_rotation_shim_controller:/home/yahboom/cartoros2/install/nav2_regulated_pure_pursuit_controller:/home/yahboom/cartoros2/install/nav2_planner:/home/yahboom/cartoros2/install/nav2_navfn_planner:/home/yahboom/cartoros2/install/nav2_mppi_controller:/home/yahboom/cartoros2/install/nav2_constrained_smoother:/home/yahboom/cartoros2/install/nav2_bt_navigator:/home/yahboom/cartoros2/install/nav2_behaviors:/home/yahboom/cartoros2/install/nav2_core:/home/yahboom/cartoros2/install/nav2_collision_monitor:/home/yahboom/cartoros2/install/costmap_queue:/home/yahboom/cartoros2/install/nav2_costmap_2d:/home/yahboom/cartoros2/install/nav2_voxel_grid:/home/yahboom/cartoros2/install/nav2_velocity_smoother:/home/yahboom/cartoros2/install/nav2_rviz_plugins:/home/yahboom/cartoros2/install/nav2_map_server:/home/yahboom/cartoros2/install/nav2_lifecycle_manager:/home/yahboom/cartoros2/install/nav2_behavior_tree:/home/yahboom/cartoros2/install/nav2_amcl:/home/yahboom/cartoros2/install/nav2_util:/home/yahboom/cartoros2/install/nav2_msgs:/home/yahboom/cartoros2/install/nav2_common:/home/yahboom/cartoros2/install/image_color_lab:/home/yahboom/cartoros2/install/dynamixel_sdk_examples:/home/yahboom/cartoros2/install/dynamixel_sdk_custom_interfaces:/home/yahboom/cartoros2/install/dynamixel_sdk:/home/yahboom/cartoros2/install/csm:/home/yahboom/cartoros2/install/champ_msgs:/home/yahboom/cartoros2/install/champ:/home/yahboom/cartoros2/install/cartographer_ros_msgs:/home/yahboom/cartoros2/install/cartographer:/home/yahboom/yahboomcar_ws/install/yahboom_dog_node:/home/yahboom/yahboomcar_ws/install/yahboom_dog_navigation2:/home/yahboom/yahboomcar_ws/install/yahboom_dog_nav:/home/yahboom/yahboomcar_ws/install/yahboom_dog_msgs:/home/yahboom/yahboomcar_ws/install/yahboom_dog_cartographer:/home/yahboom/yahboomcar_ws/install/yahboom_dog:/home/yahboom/yahboomcar_ws/install/yahboom_dog_bringup:/home/yahboom/yahboomcar_ws/install/dynamixel_sdk_examples:/home/yahboom/yahboomcar_ws/install/dynamixel_sdk_custom_interfaces:/home/yahboom/yahboomcar_ws/install/dynamixel_sdk:/home/yahboom/yahboomcar_ws/install/champ_navigation:/home/yahboom/yahboomcar_ws/install/champ_msgs:/home/yahboom/cartoros2/install/yahboomcar_nav:/home/yahboom/cartoros2/install/yahboomcar_ctrl:/home/yahboom/cartoros2/install/yahboom_visual:/home/yahboom/cartoros2/install/yahboom_dog_joint_state:/home/yahboom/cartoros2/install/yahboom_description:/home/yahboom/cartoros2/install/yahboom_color_identify_server:/home/yahboom/cartoros2/install/yahboom_bringup:/home/yahboom/cartoros2/install/yahboom_base:/home/yahboom/cartoros2/install/yahboom_app_save_map:/home/yahboom/cartoros2/install/update_map:/home/yahboom/cartoros2/install/rosboard:/home/yahboom/cartoros2/install/path_planner_server:/home/yahboom/cartoros2/install/nav2_simple_commander:/home/yahboom/cartoros2/install/nav2_gazebo_spawner:/home/yahboom/cartoros2/install/localization_server:/home/yahboom/cartoros2/install/laserscan_to_point_pulisher:/home/yahboom/cartoros2/install/dogzilla_sim:/home/yahboom/yahboomcar_ws/install/yahboom_dog_example:/home/yahboom/ros2_ws/install/tb3_slam_viewer:/opt/ros/humble:/home/yahboom/yahboomcar_ws/install/champ_gazebo:/home/yahboom/yahboomcar_ws/install/champ_bringup:/home/yahboom/yahboomcar_ws/install/champ_description:/home/yahboom/yahboomcar_ws/install/champ_config:/home/yahboom/yahboomcar_ws/install/champ:/home/yahboom/ros2_ws/install/your_planner:/home/yahboom/ros2_ws/install/champ_description VIRTUAL_ENV_PROMPT=(.venv) /usr/bin/cmake --build /home/yahboom/swerve_bringup/build/swerve_bringup -- -j16 -l16
[0.189s] -- Found ament_cmake: 1.3.12 (/opt/ros/humble/share/ament_cmake/cmake)
[0.886s] -- Override CMake install command with custom implementation using symlinks instead of copying resources
[0.916s] -- Found rosidl_default_generators: 1.2.0 (/opt/ros/humble/share/rosidl_default_generators/cmake)
[0.973s] -- Using all available rosidl_typesupport_c: rosidl_typesupport_fastrtps_c;rosidl_typesupport_introspection_c
[0.986s] -- Found rosidl_adapter: 3.1.7 (/opt/ros/humble/share/rosidl_adapter/cmake)
[1.095s] -- Using all available rosidl_typesupport_cpp: rosidl_typesupport_fastrtps_cpp;rosidl_typesupport_introspection_cpp
[2.669s] -- Found ament_cmake_ros: 0.10.0 (/opt/ros/humble/share/ament_cmake_ros/cmake)
[3.987s] -- Using all available rosidl_typesupport_c: rosidl_typesupport_fastrtps_c;rosidl_typesupport_introspection_c
[5.354s] -- Using all available rosidl_typesupport_cpp: rosidl_typesupport_fastrtps_cpp;rosidl_typesupport_introspection_cpp
[5.492s] -- Found PythonInterp: /home/yahboom/swerve_bringup/waretwin/backend/.venv/bin/python3 (found suitable version "3.10.12", minimum required is "3.6") 
[5.519s] -- Found python_cmake_module: 0.10.0 (/opt/ros/humble/share/python_cmake_module/cmake)
[5.946s] -- Found PythonLibs: /usr/lib/x86_64-linux-gnu/libpython3.10.so (found suitable version "3.10.12", minimum required is "3.5") 
[5.946s] -- Using PYTHON_EXECUTABLE: /home/yahboom/swerve_bringup/waretwin/backend/.venv/bin/python3
[5.946s] -- Using PYTHON_INCLUDE_DIRS: /usr/include/python3.10
[5.946s] -- Using PYTHON_LIBRARIES: /usr/lib/x86_64-linux-gnu/libpython3.10.so
[6.074s] -- Found PythonExtra: .so  
[6.742s] -- Configuring done
[6.918s] -- Generating done
[6.971s] -- Build files have been written to: /home/yahboom/swerve_bringup/build/swerve_bringup
[7.174s] [  3%] Generating C++ code for ROS interfaces
[9.082s] [  3%] Built target swerve_bringup__cpp
[9.240s] [  3%] Built target ament_cmake_python_symlink_swerve_bringup
[9.302s] [  6%] Generating C++ introspection for ROS interfaces
[10.922s] [  9%] Building CXX object CMakeFiles/swerve_bringup__rosidl_typesupport_introspection_cpp.dir/rosidl_typesupport_introspection_cpp/swerve_bringup/action/detail/go_to_tag__type_support.cpp.o
[16.935s] [ 12%] Linking CXX shared library libswerve_bringup__rosidl_typesupport_introspection_cpp.so
[17.498s] [ 12%] Built target swerve_bringup__rosidl_typesupport_introspection_cpp
[18.880s] running egg_info
[18.884s] creating swerve_bringup.egg-info
[18.884s] writing swerve_bringup.egg-info/PKG-INFO
[18.884s] writing dependency_links to swerve_bringup.egg-info/dependency_links.txt
[18.884s] writing top-level names to swerve_bringup.egg-info/top_level.txt
[18.884s] writing manifest file 'swerve_bringup.egg-info/SOURCES.txt'
[18.903s] reading manifest file 'swerve_bringup.egg-info/SOURCES.txt'
[18.907s] writing manifest file 'swerve_bringup.egg-info/SOURCES.txt'
[19.074s] [ 12%] Built target ament_cmake_python_build_swerve_bringup_egg
[19.156s] [ 16%] Generating C++ type support for eProsima Fast-RTPS
[20.667s] [ 19%] Building CXX object CMakeFiles/swerve_bringup__rosidl_typesupport_fastrtps_cpp.dir/rosidl_typesupport_fastrtps_cpp/swerve_bringup/action/detail/dds_fastrtps/go_to_tag__type_support.cpp.o
[23.251s] [ 22%] Linking CXX shared library libswerve_bringup__rosidl_typesupport_fastrtps_cpp.so
[23.724s] [ 22%] Built target swerve_bringup__rosidl_typesupport_fastrtps_cpp
[23.786s] [ 25%] Generating C++ type support dispatch for ROS interfaces
[24.785s] [ 29%] Building CXX object CMakeFiles/swerve_bringup__rosidl_typesupport_cpp.dir/rosidl_typesupport_cpp/swerve_bringup/action/go_to_tag__type_support.cpp.o
[26.791s] [ 32%] Linking CXX shared library libswerve_bringup__rosidl_typesupport_cpp.so
[26.957s] [ 32%] Built target swerve_bringup__rosidl_typesupport_cpp
[27.018s] [ 35%] Generating C code for ROS interfaces
[28.637s] [ 38%] Building C object CMakeFiles/swerve_bringup__rosidl_generator_c.dir/rosidl_generator_c/swerve_bringup/action/detail/go_to_tag__functions.c.o
[29.360s] [ 41%] Linking C shared library libswerve_bringup__rosidl_generator_c.so
[29.549s] [ 41%] Built target swerve_bringup__rosidl_generator_c
[29.606s] [ 45%] Generating C type support for eProsima Fast-RTPS
[30.921s] [ 48%] Building CXX object CMakeFiles/swerve_bringup__rosidl_typesupport_fastrtps_c.dir/rosidl_typesupport_fastrtps_c/swerve_bringup/action/detail/go_to_tag__type_support_c.cpp.o
[32.910s] [ 51%] Linking CXX shared library libswerve_bringup__rosidl_typesupport_fastrtps_c.so
[33.413s] [ 51%] Built target swerve_bringup__rosidl_typesupport_fastrtps_c
[33.480s] [ 54%] Generating C type support dispatch for ROS interfaces
[34.821s] [  6%] Building CXX object CMakeFiles/swerve_bringup__rosidl_typesupport_c.dir/rosidl_typesupport_c/swerve_bringup/action/go_to_tag__type_support.cpp.o
[35.129s] [ 19%] Linking CXX shared library libswerve_bringup__rosidl_typesupport_c.so
[35.459s] [ 22%] Built target swerve_bringup__rosidl_typesupport_c
[35.543s] [ 25%] Generating C introspection for ROS interfaces
[37.441s] [ 58%] Building C object CMakeFiles/swerve_bringup__rosidl_typesupport_introspection_c.dir/rosidl_typesupport_introspection_c/swerve_bringup/action/detail/go_to_tag__type_support.c.o
[37.815s] [ 70%] Linking C shared library libswerve_bringup__rosidl_typesupport_introspection_c.so
[38.043s] [ 70%] Built target swerve_bringup__rosidl_typesupport_introspection_c
[38.197s] [ 70%] Built target swerve_bringup
[38.359s] [ 74%] Generating Python code for ROS interfaces
[41.327s] [ 74%] Built target swerve_bringup__py
[41.548s] [ 77%] Building C object CMakeFiles/swerve_bringup__rosidl_generator_py.dir/rosidl_generator_py/swerve_bringup/action/_go_to_tag_s.c.o
[43.601s] [ 80%] Linking C shared library rosidl_generator_py/swerve_bringup/libswerve_bringup__rosidl_generator_py.so
[43.870s] [ 80%] Built target swerve_bringup__rosidl_generator_py
[44.021s] [ 83%] Building C object CMakeFiles/swerve_bringup__rosidl_typesupport_fastrtps_c__pyext.dir/rosidl_generator_py/swerve_bringup/_swerve_bringup_s.ep.rosidl_typesupport_fastrtps_c.c.o
[44.574s] [ 87%] Linking C shared library rosidl_generator_py/swerve_bringup/swerve_bringup_s__rosidl_typesupport_fastrtps_c.cpython-310-x86_64-linux-gnu.so
[44.802s] [ 87%] Built target swerve_bringup__rosidl_typesupport_fastrtps_c__pyext
[44.902s] [ 90%] Building C object CMakeFiles/swerve_bringup__rosidl_typesupport_c__pyext.dir/rosidl_generator_py/swerve_bringup/_swerve_bringup_s.ep.rosidl_typesupport_c.c.o
[45.480s] [ 93%] Linking C shared library rosidl_generator_py/swerve_bringup/swerve_bringup_s__rosidl_typesupport_c.cpython-310-x86_64-linux-gnu.so
[45.747s] [ 93%] Built target swerve_bringup__rosidl_typesupport_c__pyext
[45.901s] [ 96%] Building C object CMakeFiles/swerve_bringup__rosidl_typesupport_introspection_c__pyext.dir/rosidl_generator_py/swerve_bringup/_swerve_bringup_s.ep.rosidl_typesupport_introspection_c.c.o
[46.790s] [100%] Linking C shared library rosidl_generator_py/swerve_bringup/swerve_bringup_s__rosidl_typesupport_introspection_c.cpython-310-x86_64-linux-gnu.so
[47.059s] [100%] Built target swerve_bringup__rosidl_typesupport_introspection_c__pyext
[47.181s] Invoked command in '/home/yahboom/swerve_bringup/build/swerve_bringup' returned '0': CMAKE_PREFIX_PATH=/home/yahboom/cartoros2/install/yahboom_web_savmap_interfaces:/home/yahboom/cartoros2/install/yahboom_qrcode:/home/yahboom/cartoros2/install/yahboom_point:/home/yahboom/cartoros2/install/yahboom_nav2_send_goal:/home/yahboom/cartoros2/install/yahboom_msgs:/home/yahboom/cartoros2/install/yahboom_config:/home/yahboom/cartoros2/install/yahboom_color_identify_interfaces:/home/yahboom/cartoros2/install/yahboom_attitude_record_interfaces:/home/yahboom/cartoros2/install/turtlebot3_description:/home/yahboom/cartoros2/install/robot_pose_publisher_ros2:/home/yahboom/cartoros2/install/rf2o_laser_odometry:/home/yahboom/cartoros2/install/nav2_system_tests:/home/yahboom/cartoros2/install/nav2_bringup:/home/yahboom/cartoros2/install/navigation2:/home/yahboom/cartoros2/install/nav2_smoother:/home/yahboom/cartoros2/install/nav2_graceful_controller:/home/yahboom/cartoros2/install/nav2_dwb_controller:/home/yahboom/cartoros2/install/nav2_controller:/home/yahboom/cartoros2/install/dwb_plugins:/home/yahboom/cartoros2/install/dwb_critics:/home/yahboom/cartoros2/install/dwb_core:/home/yahboom/cartoros2/install/nav_2d_utils:/home/yahboom/cartoros2/install/dwb_msgs:/home/yahboom/cartoros2/install/nav_2d_msgs:/home/yahboom/cartoros2/install/nav2_waypoint_follower:/home/yahboom/cartoros2/install/nav2_theta_star_planner:/home/yahboom/cartoros2/install/nav2_smac_planner:/home/yahboom/cartoros2/install/nav2_rotation_shim_controller:/home/yahboom/cartoros2/install/nav2_regulated_pure_pursuit_controller:/home/yahboom/cartoros2/install/nav2_planner:/home/yahboom/cartoros2/install/nav2_navfn_planner:/home/yahboom/cartoros2/install/nav2_mppi_controller:/home/yahboom/cartoros2/install/nav2_constrained_smoother:/home/yahboom/cartoros2/install/nav2_bt_navigator:/home/yahboom/cartoros2/install/nav2_behaviors:/home/yahboom/cartoros2/install/nav2_core:/home/yahboom/cartoros2/install/nav2_collision_monitor:/home/yahboom/cartoros2/install/costmap_queue:/home/yahboom/cartoros2/install/nav2_costmap_2d:/home/yahboom/cartoros2/install/nav2_voxel_grid:/home/yahboom/cartoros2/install/nav2_velocity_smoother:/home/yahboom/cartoros2/install/nav2_rviz_plugins:/home/yahboom/cartoros2/install/nav2_map_server:/home/yahboom/cartoros2/install/nav2_lifecycle_manager:/home/yahboom/cartoros2/install/nav2_behavior_tree:/home/yahboom/cartoros2/install/nav2_amcl:/home/yahboom/cartoros2/install/nav2_util:/home/yahboom/cartoros2/install/nav2_msgs:/home/yahboom/cartoros2/install/nav2_common:/home/yahboom/cartoros2/install/image_color_lab:/home/yahboom/cartoros2/install/dynamixel_sdk_examples:/home/yahboom/cartoros2/install/dynamixel_sdk_custom_interfaces:/home/yahboom/cartoros2/install/dynamixel_sdk:/home/yahboom/cartoros2/install/csm:/home/yahboom/cartoros2/install/champ_msgs:/home/yahboom/cartoros2/install/champ:/home/yahboom/cartoros2/install/cartographer_ros_msgs:/home/yahboom/cartoros2/install/cartographer:/home/yahboom/yahboomcar_ws/install/yahboom_dog_node:/home/yahboom/yahboomcar_ws/install/yahboom_dog_navigation2:/home/yahboom/yahboomcar_ws/install/yahboom_dog_nav:/home/yahboom/yahboomcar_ws/install/yahboom_dog_msgs:/home/yahboom/yahboomcar_ws/install/yahboom_dog_cartographer:/home/yahboom/yahboomcar_ws/install/yahboom_dog:/home/yahboom/yahboomcar_ws/install/yahboom_dog_bringup:/home/yahboom/yahboomcar_ws/install/dynamixel_sdk_examples:/home/yahboom/yahboomcar_ws/install/dynamixel_sdk_custom_interfaces:/home/yahboom/yahboomcar_ws/install/dynamixel_sdk:/home/yahboom/yahboomcar_ws/install/champ_navigation:/home/yahboom/yahboomcar_ws/install/champ_msgs:/home/yahboom/cartoros2/install/yahboomcar_nav:/home/yahboom/cartoros2/install/yahboomcar_ctrl:/home/yahboom/cartoros2/install/yahboom_visual:/home/yahboom/cartoros2/install/yahboom_dog_joint_state:/home/yahboom/cartoros2/install/yahboom_description:/home/yahboom/cartoros2/install/yahboom_color_identify_server:/home/yahboom/cartoros2/install/yahboom_bringup:/home/yahboom/cartoros2/install/yahboom_base:/home/yahboom/cartoros2/install/yahboom_app_save_map:/home/yahboom/cartoros2/install/update_map:/home/yahboom/cartoros2/install/rosboard:/home/yahboom/cartoros2/install/path_planner_server:/home/yahboom/cartoros2/install/nav2_simple_commander:/home/yahboom/cartoros2/install/nav2_gazebo_spawner:/home/yahboom/cartoros2/install/localization_server:/home/yahboom/cartoros2/install/laserscan_to_point_pulisher:/home/yahboom/cartoros2/install/dogzilla_sim:/home/yahboom/yahboomcar_ws/install/yahboom_dog_example:/home/yahboom/ros2_ws/install/tb3_slam_viewer:/opt/ros/humble:/home/yahboom/yahboomcar_ws/install/champ_gazebo:/home/yahboom/yahboomcar_ws/install/champ_bringup:/home/yahboom/yahboomcar_ws/install/champ_description:/home/yahboom/yahboomcar_ws/install/champ_config:/home/yahboom/yahboomcar_ws/install/champ:/home/yahboom/ros2_ws/install/your_planner:/home/yahboom/ros2_ws/install/champ_description VIRTUAL_ENV_PROMPT=(.venv) /usr/bin/cmake --build /home/yahboom/swerve_bringup/build/swerve_bringup -- -j16 -l16
[47.201s] Invoking command in '/home/yahboom/swerve_bringup/build/swerve_bringup': CMAKE_PREFIX_PATH=/home/yahboom/cartoros2/install/yahboom_web_savmap_interfaces:/home/yahboom/cartoros2/install/yahboom_qrcode:/home/yahboom/cartoros2/install/yahboom_point:/home/yahboom/cartoros2/install/yahboom_nav2_send_goal:/home/yahboom/cartoros2/install/yahboom_msgs:/home/yahboom/cartoros2/install/yahboom_config:/home/yahboom/cartoros2/install/yahboom_color_identify_interfaces:/home/yahboom/cartoros2/install/yahboom_attitude_record_interfaces:/home/yahboom/cartoros2/install/turtlebot3_description:/home/yahboom/cartoros2/install/robot_pose_publisher_ros2:/home/yahboom/cartoros2/install/rf2o_laser_odometry:/home/yahboom/cartoros2/install/nav2_system_tests:/home/yahboom/cartoros2/install/nav2_bringup:/home/yahboom/cartoros2/install/navigation2:/home/yahboom/cartoros2/install/nav2_smoother:/home/yahboom/cartoros2/install/nav2_graceful_controller:/home/yahboom/cartoros2/install/nav2_dwb_controller:/home/yahboom/cartoros2/install/nav2_controller:/home/yahboom/cartoros2/install/dwb_plugins:/home/yahboom/cartoros2/install/dwb_critics:/home/yahboom/cartoros2/install/dwb_core:/home/yahboom/cartoros2/install/nav_2d_utils:/home/yahboom/cartoros2/install/dwb_msgs:/home/yahboom/cartoros2/install/nav_2d_msgs:/home/yahboom/cartoros2/install/nav2_waypoint_follower:/home/yahboom/cartoros2/install/nav2_theta_star_planner:/home/yahboom/cartoros2/install/nav2_smac_planner:/home/yahboom/cartoros2/install/nav2_rotation_shim_controller:/home/yahboom/cartoros2/install/nav2_regulated_pure_pursuit_controller:/home/yahboom/cartoros2/install/nav2_planner:/home/yahboom/cartoros2/install/nav2_navfn_planner:/home/yahboom/cartoros2/install/nav2_mppi_controller:/home/yahboom/cartoros2/install/nav2_constrained_smoother:/home/yahboom/cartoros2/install/nav2_bt_navigator:/home/yahboom/cartoros2/install/nav2_behaviors:/home/yahboom/cartoros2/install/nav2_core:/home/yahboom/cartoros2/install/nav2_collision_monitor:/home/yahboom/cartoros2/install/costmap_queue:/home/yahboom/cartoros2/install/nav2_costmap_2d:/home/yahboom/cartoros2/install/nav2_voxel_grid:/home/yahboom/cartoros2/install/nav2_velocity_smoother:/home/yahboom/cartoros2/install/nav2_rviz_plugins:/home/yahboom/cartoros2/install/nav2_map_server:/home/yahboom/cartoros2/install/nav2_lifecycle_manager:/home/yahboom/cartoros2/install/nav2_behavior_tree:/home/yahboom/cartoros2/install/nav2_amcl:/home/yahboom/cartoros2/install/nav2_util:/home/yahboom/cartoros2/install/nav2_msgs:/home/yahboom/cartoros2/install/nav2_common:/home/yahboom/cartoros2/install/image_color_lab:/home/yahboom/cartoros2/install/dynamixel_sdk_examples:/home/yahboom/cartoros2/install/dynamixel_sdk_custom_interfaces:/home/yahboom/cartoros2/install/dynamixel_sdk:/home/yahboom/cartoros2/install/csm:/home/yahboom/cartoros2/install/champ_msgs:/home/yahboom/cartoros2/install/champ:/home/yahboom/cartoros2/install/cartographer_ros_msgs:/home/yahboom/cartoros2/install/cartographer:/home/yahboom/yahboomcar_ws/install/yahboom_dog_node:/home/yahboom/yahboomcar_ws/install/yahboom_dog_navigation2:/home/yahboom/yahboomcar_ws/install/yahboom_dog_nav:/home/yahboom/yahboomcar_ws/install/yahboom_dog_msgs:/home/yahboom/yahboomcar_ws/install/yahboom_dog_cartographer:/home/yahboom/yahboomcar_ws/install/yahboom_dog:/home/yahboom/yahboomcar_ws/install/yahboom_dog_bringup:/home/yahboom/yahboomcar_ws/install/dynamixel_sdk_examples:/home/yahboom/yahboomcar_ws/install/dynamixel_sdk_custom_interfaces:/home/yahboom/yahboomcar_ws/install/dynamixel_sdk:/home/yahboom/yahboomcar_ws/install/champ_navigation:/home/yahboom/yahboomcar_ws/install/champ_msgs:/home/yahboom/cartoros2/install/yahboomcar_nav:/home/yahboom/cartoros2/install/yahboomcar_ctrl:/home/yahboom/cartoros2/install/yahboom_visual:/home/yahboom/cartoros2/install/yahboom_dog_joint_state:/home/yahboom/cartoros2/install/yahboom_description:/home/yahboom/cartoros2/install/yahboom_color_identify_server:/home/yahboom/cartoros2/install/yahboom_bringup:/home/yahboom/cartoros2/install/yahboom_base:/home/yahboom/cartoros2/install/yahboom_app_save_map:/home/yahboom/cartoros2/install/update_map:/home/yahboom/cartoros2/install/rosboard:/home/yahboom/cartoros2/install/path_planner_server:/home/yahboom/cartoros2/install/nav2_simple_commander:/home/yahboom/cartoros2/install/nav2_gazebo_spawner:/home/yahboom/cartoros2/install/localization_server:/home/yahboom/cartoros2/install/laserscan_to_point_pulisher:/home/yahboom/cartoros2/install/dogzilla_sim:/home/yahboom/yahboomcar_ws/install/yahboom_dog_example:/home/yahboom/ros2_ws/install/tb3_slam_viewer:/opt/ros/humble:/home/yahboom/yahboomcar_ws/install/champ_gazebo:/home/yahboom/yahboomcar_ws/install/champ_bringup:/home/yahboom/yahboomcar_ws/install/champ_description:/home/yahboom/yahboomcar_ws/install/champ_config:/home/yahboom/yahboomcar_ws/install/champ:/home/yahboom/ros2_ws/install/your_planner:/home/yahboom/ros2_ws/install/champ_description VIRTUAL_ENV_PROMPT=(.venv) /usr/bin/cmake --install /home/yahboom/swerve_bringup/build/swerve_bringup
[47.286s] -- Install configuration: ""
[47.286s] -- Execute custom install script
[47.302s] -- Symlinking: /home/yahboom/swerve_bringup/install/swerve_bringup/share/ament_index/resource_index/rosidl_interfaces/swerve_bringup
[47.357s] -- Symlinking: /home/yahboom/swerve_bringup/install/swerve_bringup/include/swerve_bringup/swerve_bringup/action/detail/go_to_tag__functions.h
[47.433s] -- Symlinking: /home/yahboom/swerve_bringup/install/swerve_bringup/include/swerve_bringup/swerve_bringup/action/detail/go_to_tag__struct.h
[47.489s] -- Symlinking: /home/yahboom/swerve_bringup/install/swerve_bringup/include/swerve_bringup/swerve_bringup/action/detail/go_to_tag__type_support.h
[47.553s] -- Symlinking: /home/yahboom/swerve_bringup/install/swerve_bringup/include/swerve_bringup/swerve_bringup/action/go_to_tag.h
[47.618s] -- Symlinking: /home/yahboom/swerve_bringup/install/swerve_bringup/include/swerve_bringup/swerve_bringup/msg/rosidl_generator_c__visibility_control.h
[47.663s] -- Symlinking: /home/yahboom/swerve_bringup/install/swerve_bringup/share/swerve_bringup/environment/library_path.sh
[47.721s] -- Symlinking: /home/yahboom/swerve_bringup/install/swerve_bringup/share/swerve_bringup/environment/library_path.dsv
[47.791s] -- Symlinking: /home/yahboom/swerve_bringup/install/swerve_bringup/include/swerve_bringup/swerve_bringup/action/detail/go_to_tag__rosidl_typesupport_fastrtps_c.h
[47.866s] -- Symlinking: /home/yahboom/swerve_bringup/install/swerve_bringup/include/swerve_bringup/swerve_bringup/msg/rosidl_typesupport_fastrtps_c__visibility_control.h
[47.927s] -- Symlinking: /home/yahboom/swerve_bringup/install/swerve_bringup/include/swerve_bringup/swerve_bringup/action/detail/go_to_tag__rosidl_typesupport_introspection_c.h
[47.971s] -- Symlinking: /home/yahboom/swerve_bringup/install/swerve_bringup/include/swerve_bringup/swerve_bringup/msg/rosidl_typesupport_introspection_c__visibility_control.h
[48.019s] -- Symlinking: /home/yahboom/swerve_bringup/install/swerve_bringup/include/swerve_bringup/swerve_bringup/action/detail/go_to_tag__builder.hpp
[48.072s] -- Symlinking: /home/yahboom/swerve_bringup/install/swerve_bringup/include/swerve_bringup/swerve_bringup/action/detail/go_to_tag__struct.hpp
[48.128s] -- Up-to-date symlink: /home/yahboom/swerve_bringup/install/swerve_bringup/include/swerve_bringup/swerve_bringup/action/detail/go_to_tag__traits.hpp
[48.129s] -- Symlinking: /home/yahboom/swerve_bringup/install/swerve_bringup/include/swerve_bringup/swerve_bringup/action/detail/go_to_tag__type_support.hpp
[48.177s] -- Symlinking: /home/yahboom/swerve_bringup/install/swerve_bringup/include/swerve_bringup/swerve_bringup/action/go_to_tag.hpp
[48.219s] -- Symlinking: /home/yahboom/swerve_bringup/install/swerve_bringup/include/swerve_bringup/swerve_bringup/msg/rosidl_generator_cpp__visibility_control.hpp
[48.259s] -- Symlinking: /home/yahboom/swerve_bringup/install/swerve_bringup/include/swerve_bringup/swerve_bringup/action/detail/go_to_tag__rosidl_typesupport_fastrtps_cpp.hpp
[48.319s] -- Symlinking: /home/yahboom/swerve_bringup/install/swerve_bringup/include/swerve_bringup/swerve_bringup/msg/rosidl_typesupport_fastrtps_cpp__visibility_control.h
[48.363s] -- Symlinking: /home/yahboom/swerve_bringup/install/swerve_bringup/include/swerve_bringup/swerve_bringup/action/detail/go_to_tag__rosidl_typesupport_introspection_cpp.hpp
[48.408s] -- Symlinking: /home/yahboom/swerve_bringup/install/swerve_bringup/share/swerve_bringup/environment/pythonpath.sh
[48.466s] -- Symlinking: /home/yahboom/swerve_bringup/install/swerve_bringup/share/swerve_bringup/environment/pythonpath.dsv
[48.518s] -- Symlinking: /home/yahboom/swerve_bringup/install/swerve_bringup/lib/python3.10/site-packages/swerve_bringup-0.1.0-py3.10.egg-info/PKG-INFO
[48.551s] -- Symlinking: /home/yahboom/swerve_bringup/install/swerve_bringup/lib/python3.10/site-packages/swerve_bringup-0.1.0-py3.10.egg-info/SOURCES.txt
[48.622s] -- Symlinking: /home/yahboom/swerve_bringup/install/swerve_bringup/lib/python3.10/site-packages/swerve_bringup-0.1.0-py3.10.egg-info/dependency_links.txt
[48.674s] CMake Error: failed to create symbolic link '/home/yahboom/swerve_bringup/install/swerve_bringup/lib/python3.10/site-packages/swerve_bringup-0.1.0-py3.10.egg-info/dependency_links.txt': File exists
[48.683s] -- Symlinking: /home/yahboom/swerve_bringup/install/swerve_bringup/lib/python3.10/site-packages/swerve_bringup-0.1.0-py3.10.egg-info/top_level.txt
[48.728s] -- Symlinking: /home/yahboom/swerve_bringup/install/swerve_bringup/lib/python3.10/site-packages/swerve_bringup/__init__.py
[48.796s] -- Symlinking: /home/yahboom/swerve_bringup/install/swerve_bringup/lib/python3.10/site-packages/swerve_bringup/_swerve_bringup_s.ep.rosidl_typesupport_c.c
[48.850s] -- Symlinking: /home/yahboom/swerve_bringup/install/swerve_bringup/lib/python3.10/site-packages/swerve_bringup/_swerve_bringup_s.ep.rosidl_typesupport_fastrtps_c.c
[48.884s] -- Symlinking: /home/yahboom/swerve_bringup/install/swerve_bringup/lib/python3.10/site-packages/swerve_bringup/_swerve_bringup_s.ep.rosidl_typesupport_introspection_c.c
[48.915s] -- Symlinking: /home/yahboom/swerve_bringup/install/swerve_bringup/lib/python3.10/site-packages/swerve_bringup/action/__init__.py
[48.924s] -- Symlinking: /home/yahboom/swerve_bringup/install/swerve_bringup/lib/python3.10/site-packages/swerve_bringup/action/_go_to_tag.py
[49.060s] -- Symlinking: /home/yahboom/swerve_bringup/install/swerve_bringup/lib/python3.10/site-packages/swerve_bringup/action/_go_to_tag_s.c
[49.138s] -- Symlinking: /home/yahboom/swerve_bringup/install/swerve_bringup/lib/python3.10/site-packages/swerve_bringup/libswerve_bringup__rosidl_generator_py.so
[49.217s] -- Symlinking: /home/yahboom/swerve_bringup/install/swerve_bringup/lib/python3.10/site-packages/swerve_bringup/swerve_bringup_s__rosidl_typesupport_c.cpython-310-x86_64-linux-gnu.so
[49.293s] -- Symlinking: /home/yahboom/swerve_bringup/install/swerve_bringup/lib/python3.10/site-packages/swerve_bringup/swerve_bringup_s__rosidl_typesupport_fastrtps_c.cpython-310-x86_64-linux-gnu.so
[49.376s] -- Symlinking: /home/yahboom/swerve_bringup/install/swerve_bringup/lib/python3.10/site-packages/swerve_bringup/swerve_bringup_s__rosidl_typesupport_introspection_c.cpython-310-x86_64-linux-gnu.so
[49.429s] -- Up-to-date symlink: /home/yahboom/swerve_bringup/install/swerve_bringup/lib/python3.10/site-packages/swerve_bringup/swerve_bringup_s__rosidl_typesupport_fastrtps_c.cpython-310-x86_64-linux-gnu.so
[49.430s] -- Up-to-date symlink: /home/yahboom/swerve_bringup/install/swerve_bringup/lib/python3.10/site-packages/swerve_bringup/swerve_bringup_s__rosidl_typesupport_introspection_c.cpython-310-x86_64-linux-gnu.so
[49.437s] -- Up-to-date symlink: /home/yahboom/swerve_bringup/install/swerve_bringup/lib/python3.10/site-packages/swerve_bringup/swerve_bringup_s__rosidl_typesupport_c.cpython-310-x86_64-linux-gnu.so
[49.438s] -- Symlinking: /home/yahboom/swerve_bringup/install/swerve_bringup/share/swerve_bringup/action/GoToTag.idl
[49.546s] -- Symlinking: /home/yahboom/swerve_bringup/install/swerve_bringup/share/swerve_bringup/action/GoToTag.action
[49.604s] -- Up-to-date symlink: /home/yahboom/swerve_bringup/install/swerve_bringup/share/swerve_bringup/urdf/swerve_base.urdf
[49.604s] -- Up-to-date symlink: /home/yahboom/swerve_bringup/install/swerve_bringup/share/swerve_bringup/meshes/base_frame.stl
[49.604s] -- Up-to-date symlink: /home/yahboom/swerve_bringup/install/swerve_bringup/share/swerve_bringup/meshes/steer_front_housing_v2.stl
[49.605s] -- Up-to-date symlink: /home/yahboom/swerve_bringup/install/swerve_bringup/share/swerve_bringup/meshes/steer_front_wheel_v2.stl
[49.605s] -- Up-to-date symlink: /home/yahboom/swerve_bringup/install/swerve_bringup/share/swerve_bringup/meshes/steer_rear_housing_v2.stl
[49.605s] -- Up-to-date symlink: /home/yahboom/swerve_bringup/install/swerve_bringup/share/swerve_bringup/meshes/steer_rear_wheel_v2.stl
[49.605s] -- Up-to-date symlink: /home/yahboom/swerve_bringup/install/swerve_bringup/share/swerve_bringup/launch/__pycache__/display.launch.cpython-310.pyc
[49.605s] -- Symlinking: /home/yahboom/swerve_bringup/install/swerve_bringup/share/swerve_bringup/launch/__pycache__/gazebo.launch.cpython-310.pyc
[49.686s] -- Up-to-date symlink: /home/yahboom/swerve_bringup/install/swerve_bringup/share/swerve_bringup/launch/__pycache__/slam.launch.cpython-310.pyc
[49.686s] -- Up-to-date symlink: /home/yahboom/swerve_bringup/install/swerve_bringup/share/swerve_bringup/launch/__pycache__/system.launch.cpython-310.pyc
[49.686s] -- Up-to-date symlink: /home/yahboom/swerve_bringup/install/swerve_bringup/share/swerve_bringup/launch/__pycache__/v30e_sim.launch.cpython-310.pyc
[49.686s] -- Up-to-date symlink: /home/yahboom/swerve_bringup/install/swerve_bringup/share/swerve_bringup/launch/display.launch.py
[49.687s] -- Up-to-date symlink: /home/yahboom/swerve_bringup/install/swerve_bringup/share/swerve_bringup/launch/gazebo.launch.py
[49.694s] -- Up-to-date symlink: /home/yahboom/swerve_bringup/install/swerve_bringup/share/swerve_bringup/launch/gazebo.launch.py.bak
[49.702s] -- Up-to-date symlink: /home/yahboom/swerve_bringup/install/swerve_bringup/share/swerve_bringup/launch/slam.launch.py
[49.702s] -- Up-to-date symlink: /home/yahboom/swerve_bringup/install/swerve_bringup/share/swerve_bringup/launch/system.launch.py
[49.702s] -- Up-to-date symlink: /home/yahboom/swerve_bringup/install/swerve_bringup/share/swerve_bringup/launch/v30e_sim.launch.py
[49.715s] -- Up-to-date symlink: /home/yahboom/swerve_bringup/install/swerve_bringup/share/swerve_bringup/rviz/swerve.rviz
[49.715s] -- Up-to-date symlink: /home/yahboom/swerve_bringup/install/swerve_bringup/share/swerve_bringup/worlds/test.world
[49.715s] -- Up-to-date symlink: /home/yahboom/swerve_bringup/install/swerve_bringup/share/swerve_bringup/worlds/warehouse.world
[49.716s] -- Up-to-date symlink: /home/yahboom/swerve_bringup/install/swerve_bringup/share/swerve_bringup/config/caster_geometry.yaml
[49.716s] -- Up-to-date symlink: /home/yahboom/swerve_bringup/install/swerve_bringup/share/swerve_bringup/config/caster_trail_sweep_test_only.yaml
[49.716s] -- Up-to-date symlink: /home/yahboom/swerve_bringup/install/swerve_bringup/share/swerve_bringup/config/controllers.yaml
[49.716s] -- Up-to-date symlink: /home/yahboom/swerve_bringup/install/swerve_bringup/share/swerve_bringup/config/datamatrix_map.yaml
[49.723s] -- Up-to-date symlink: /home/yahboom/swerve_bringup/install/swerve_bringup/share/swerve_bringup/config/ekf.yaml
[49.723s] -- Up-to-date symlink: /home/yahboom/swerve_bringup/install/swerve_bringup/share/swerve_bringup/config/imu.yaml
[49.724s] -- Up-to-date symlink: /home/yahboom/swerve_bringup/install/swerve_bringup/share/swerve_bringup/config/lidar.yaml
[49.731s] -- Up-to-date symlink: /home/yahboom/swerve_bringup/install/swerve_bringup/share/swerve_bringup/config/lidar_preprocessing.yaml
[49.731s] -- Up-to-date symlink: /home/yahboom/swerve_bringup/install/swerve_bringup/share/swerve_bringup/config/pointcloud_to_laserscan.yaml
[49.732s] -- Up-to-date symlink: /home/yahboom/swerve_bringup/install/swerve_bringup/share/swerve_bringup/config/sim_real_interface.yaml
[49.732s] -- Up-to-date symlink: /home/yahboom/swerve_bringup/install/swerve_bringup/share/swerve_bringup/config/slam_toolbox.yaml
[49.738s] -- Up-to-date symlink: /home/yahboom/swerve_bringup/install/swerve_bringup/share/swerve_bringup/config/swerve_controller.yaml
[49.738s] -- Up-to-date symlink: /home/yahboom/swerve_bringup/install/swerve_bringup/share/swerve_bringup/config/swerve_odometry.yaml
[49.738s] -- Symlinking: /home/yahboom/swerve_bringup/install/swerve_bringup/share/swerve_bringup/config/tag_graph.yaml
[49.826s] -- Symlinking: /home/yahboom/swerve_bringup/install/swerve_bringup/share/swerve_bringup/config/tag_navigation.yaml
[49.923s] -- Up-to-date symlink: /home/yahboom/swerve_bringup/install/swerve_bringup/share/swerve_bringup/config/v30e_localization_ekf.yaml
[49.933s] -- Up-to-date symlink: /home/yahboom/swerve_bringup/install/swerve_bringup/share/swerve_bringup/config/v30e_sim.yaml
[49.933s] -- Up-to-date symlink: /home/yahboom/swerve_bringup/install/swerve_bringup/share/swerve_bringup/models/datamatrix_marker/model.config
[49.933s] -- Up-to-date symlink: /home/yahboom/swerve_bringup/install/swerve_bringup/share/swerve_bringup/models/datamatrix_marker/model.sdf
[49.933s] -- Up-to-date symlink: /home/yahboom/swerve_bringup/install/swerve_bringup/share/swerve_bringup/swerve_navigation/config/nav2_params.yaml
[49.933s] -- Up-to-date symlink: /home/yahboom/swerve_bringup/install/swerve_bringup/share/swerve_bringup/swerve_navigation/maps/.gitkeep
[49.940s] -- Up-to-date symlink: /home/yahboom/swerve_bringup/install/swerve_bringup/share/swerve_bringup/swerve_navigation/maps/warehouse.pgm
[49.947s] -- Up-to-date symlink: /home/yahboom/swerve_bringup/install/swerve_bringup/share/swerve_bringup/swerve_navigation/maps/warehouse.yaml
[49.947s] -- Up-to-date symlink: /home/yahboom/swerve_bringup/install/swerve_bringup/share/swerve_bringup/launch/navigation.launch.py
[49.947s] -- Up-to-date symlink: /home/yahboom/swerve_bringup/install/swerve_bringup/share/ament_index/resource_index/package_run_dependencies/swerve_bringup
[49.947s] -- Up-to-date symlink: /home/yahboom/swerve_bringup/install/swerve_bringup/share/ament_index/resource_index/parent_prefix_path/swerve_bringup
[49.948s] -- Up-to-date symlink: /home/yahboom/swerve_bringup/install/swerve_bringup/share/swerve_bringup/environment/ament_prefix_path.sh
[49.948s] -- Up-to-date symlink: /home/yahboom/swerve_bringup/install/swerve_bringup/share/swerve_bringup/environment/ament_prefix_path.dsv
[49.948s] -- Up-to-date symlink: /home/yahboom/swerve_bringup/install/swerve_bringup/share/swerve_bringup/environment/path.sh
[49.948s] -- Up-to-date symlink: /home/yahboom/swerve_bringup/install/swerve_bringup/share/swerve_bringup/environment/path.dsv
[49.948s] -- Up-to-date symlink: /home/yahboom/swerve_bringup/install/swerve_bringup/share/swerve_bringup/local_setup.bash
[49.948s] -- Up-to-date symlink: /home/yahboom/swerve_bringup/install/swerve_bringup/share/swerve_bringup/local_setup.sh
[49.948s] -- Up-to-date symlink: /home/yahboom/swerve_bringup/install/swerve_bringup/share/swerve_bringup/local_setup.zsh
[49.948s] -- Up-to-date symlink: /home/yahboom/swerve_bringup/install/swerve_bringup/share/swerve_bringup/local_setup.dsv
[49.948s] -- Symlinking: /home/yahboom/swerve_bringup/install/swerve_bringup/share/swerve_bringup/package.dsv
[50.035s] -- Up-to-date symlink: /home/yahboom/swerve_bringup/install/swerve_bringup/share/ament_index/resource_index/packages/swerve_bringup
[50.035s] -- Symlinking: /home/yahboom/swerve_bringup/install/swerve_bringup/share/swerve_bringup/cmake/rosidl_cmake-extras.cmake
[50.123s] -- Symlinking: /home/yahboom/swerve_bringup/install/swerve_bringup/share/swerve_bringup/cmake/ament_cmake_export_dependencies-extras.cmake
[50.207s] -- Symlinking: /home/yahboom/swerve_bringup/install/swerve_bringup/share/swerve_bringup/cmake/ament_cmake_export_include_directories-extras.cmake
[50.279s] -- Symlinking: /home/yahboom/swerve_bringup/install/swerve_bringup/share/swerve_bringup/cmake/ament_cmake_export_libraries-extras.cmake
[50.382s] -- Symlinking: /home/yahboom/swerve_bringup/install/swerve_bringup/share/swerve_bringup/cmake/ament_cmake_export_targets-extras.cmake
[50.485s] -- Symlinking: /home/yahboom/swerve_bringup/install/swerve_bringup/share/swerve_bringup/cmake/rosidl_cmake_export_typesupport_targets-extras.cmake
[50.551s] -- Symlinking: /home/yahboom/swerve_bringup/install/swerve_bringup/share/swerve_bringup/cmake/rosidl_cmake_export_typesupport_libraries-extras.cmake
[50.602s] -- Up-to-date symlink: /home/yahboom/swerve_bringup/install/swerve_bringup/share/swerve_bringup/cmake/swerve_bringupConfig.cmake
[50.602s] -- Up-to-date symlink: /home/yahboom/swerve_bringup/install/swerve_bringup/share/swerve_bringup/cmake/swerve_bringupConfig-version.cmake
[50.602s] -- Up-to-date symlink: /home/yahboom/swerve_bringup/install/swerve_bringup/share/swerve_bringup/package.xml
[50.602s] -- Installing: /home/yahboom/swerve_bringup/install/swerve_bringup/lib/libswerve_bringup__rosidl_generator_c.so
[50.613s] -- Set runtime path of "/home/yahboom/swerve_bringup/install/swerve_bringup/lib/libswerve_bringup__rosidl_generator_c.so" to ""
[50.613s] -- Installing: /home/yahboom/swerve_bringup/install/swerve_bringup/lib/libswerve_bringup__rosidl_typesupport_fastrtps_c.so
[50.613s] -- Set runtime path of "/home/yahboom/swerve_bringup/install/swerve_bringup/lib/libswerve_bringup__rosidl_typesupport_fastrtps_c.so" to ""
[50.613s] -- Installing: /home/yahboom/swerve_bringup/install/swerve_bringup/lib/libswerve_bringup__rosidl_typesupport_introspection_c.so
[50.613s] -- Set runtime path of "/home/yahboom/swerve_bringup/install/swerve_bringup/lib/libswerve_bringup__rosidl_typesupport_introspection_c.so" to ""
[50.633s] -- Installing: /home/yahboom/swerve_bringup/install/swerve_bringup/lib/libswerve_bringup__rosidl_typesupport_c.so
[50.640s] -- Set runtime path of "/home/yahboom/swerve_bringup/install/swerve_bringup/lib/libswerve_bringup__rosidl_typesupport_c.so" to ""
[50.640s] -- Installing: /home/yahboom/swerve_bringup/install/swerve_bringup/lib/libswerve_bringup__rosidl_typesupport_fastrtps_cpp.so
[50.640s] -- Set runtime path of "/home/yahboom/swerve_bringup/install/swerve_bringup/lib/libswerve_bringup__rosidl_typesupport_fastrtps_cpp.so" to ""
[50.640s] -- Installing: /home/yahboom/swerve_bringup/install/swerve_bringup/lib/libswerve_bringup__rosidl_typesupport_introspection_cpp.so
[50.640s] -- Set runtime path of "/home/yahboom/swerve_bringup/install/swerve_bringup/lib/libswerve_bringup__rosidl_typesupport_introspection_cpp.so" to ""
[50.640s] -- Installing: /home/yahboom/swerve_bringup/install/swerve_bringup/lib/libswerve_bringup__rosidl_typesupport_cpp.so
[50.640s] -- Set runtime path of "/home/yahboom/swerve_bringup/install/swerve_bringup/lib/libswerve_bringup__rosidl_typesupport_cpp.so" to ""
[51.024s] Listing '/home/yahboom/swerve_bringup/install/swerve_bringup/lib/python3.10/site-packages/swerve_bringup'...
[51.025s] Listing '/home/yahboom/swerve_bringup/install/swerve_bringup/lib/python3.10/site-packages/swerve_bringup/action'...
[51.025s] Compiling '/home/yahboom/swerve_bringup/install/swerve_bringup/lib/python3.10/site-packages/swerve_bringup/action/_go_to_tag.py'...
[51.067s] -- Up-to-date: /home/yahboom/swerve_bringup/install/swerve_bringup/lib/libswerve_bringup__rosidl_generator_py.so
[51.068s] -- Up-to-date: /home/yahboom/swerve_bringup/install/swerve_bringup/lib/swerve_bringup/swerve_controller_node
[51.068s] -- Up-to-date: /home/yahboom/swerve_bringup/install/swerve_bringup/lib/swerve_bringup/swerve_odometry_node
[51.068s] -- Up-to-date: /home/yahboom/swerve_bringup/install/swerve_bringup/lib/swerve_bringup/lidar_preprocessor_node
[51.068s] -- Up-to-date: /home/yahboom/swerve_bringup/install/swerve_bringup/lib/swerve_bringup/v30e_sim_node
[51.068s] -- Up-to-date: /home/yahboom/swerve_bringup/install/swerve_bringup/lib/swerve_bringup/tag_route_planner
[51.068s] -- Up-to-date: /home/yahboom/swerve_bringup/install/swerve_bringup/lib/swerve_bringup/test_navigation.py
[51.068s] -- Up-to-date: /home/yahboom/swerve_bringup/install/swerve_bringup/lib/swerve_bringup/accuracy_benchmark.py
[51.068s] -- Up-to-date: /home/yahboom/swerve_bringup/install/swerve_bringup/lib/swerve_bringup/navigation_readiness.py
[51.068s] -- Up-to-date: /home/yahboom/swerve_bringup/install/swerve_bringup/lib/swerve_bringup/run_acceptance.py
[51.068s] -- Up-to-date: /home/yahboom/swerve_bringup/install/swerve_bringup/lib/swerve_bringup/raw_motion.py
[51.068s] -- Up-to-date: /home/yahboom/swerve_bringup/install/swerve_bringup/lib/swerve_bringup/validate_caster_geometry.py
[51.068s] -- Up-to-date: /home/yahboom/swerve_bringup/install/swerve_bringup/lib/swerve_bringup/nav_accuracy_case.py
[51.069s] -- Up-to-date: /home/yahboom/swerve_bringup/install/swerve_bringup/lib/swerve_bringup/run_full_acceptance.py
[51.069s] -- Up-to-date: /home/yahboom/swerve_bringup/install/swerve_bringup/share/swerve_bringup/cmake/export_swerve_bringup__rosidl_generator_cExport.cmake
[51.069s] -- Up-to-date: /home/yahboom/swerve_bringup/install/swerve_bringup/share/swerve_bringup/cmake/export_swerve_bringup__rosidl_generator_cExport-noconfig.cmake
[51.069s] -- Up-to-date: /home/yahboom/swerve_bringup/install/swerve_bringup/share/swerve_bringup/cmake/export_swerve_bringup__rosidl_typesupport_fastrtps_cExport.cmake
[51.069s] -- Up-to-date: /home/yahboom/swerve_bringup/install/swerve_bringup/share/swerve_bringup/cmake/export_swerve_bringup__rosidl_typesupport_fastrtps_cExport-noconfig.cmake
[51.069s] -- Up-to-date: /home/yahboom/swerve_bringup/install/swerve_bringup/share/swerve_bringup/cmake/swerve_bringup__rosidl_typesupport_introspection_cExport.cmake
[51.069s] -- Up-to-date: /home/yahboom/swerve_bringup/install/swerve_bringup/share/swerve_bringup/cmake/swerve_bringup__rosidl_typesupport_introspection_cExport-noconfig.cmake
[51.069s] -- Up-to-date: /home/yahboom/swerve_bringup/install/swerve_bringup/share/swerve_bringup/cmake/swerve_bringup__rosidl_typesupport_cExport.cmake
[51.069s] -- Up-to-date: /home/yahboom/swerve_bringup/install/swerve_bringup/share/swerve_bringup/cmake/swerve_bringup__rosidl_typesupport_cExport-noconfig.cmake
[51.069s] -- Up-to-date: /home/yahboom/swerve_bringup/install/swerve_bringup/share/swerve_bringup/cmake/export_swerve_bringup__rosidl_generator_cppExport.cmake
[51.069s] -- Up-to-date: /home/yahboom/swerve_bringup/install/swerve_bringup/share/swerve_bringup/cmake/export_swerve_bringup__rosidl_typesupport_fastrtps_cppExport.cmake
[51.069s] -- Up-to-date: /home/yahboom/swerve_bringup/install/swerve_bringup/share/swerve_bringup/cmake/export_swerve_bringup__rosidl_typesupport_fastrtps_cppExport-noconfig.cmake
[51.069s] -- Installing: /home/yahboom/swerve_bringup/install/swerve_bringup/share/swerve_bringup/cmake/swerve_bringup__rosidl_typesupport_introspection_cppExport.cmake
[51.069s] -- Installing: /home/yahboom/swerve_bringup/install/swerve_bringup/share/swerve_bringup/cmake/swerve_bringup__rosidl_typesupport_introspection_cppExport-noconfig.cmake
[51.069s] -- Installing: /home/yahboom/swerve_bringup/install/swerve_bringup/share/swerve_bringup/cmake/swerve_bringup__rosidl_typesupport_cppExport.cmake
[51.076s] -- Up-to-date: /home/yahboom/swerve_bringup/install/swerve_bringup/share/swerve_bringup/cmake/swerve_bringup__rosidl_typesupport_cppExport-noconfig.cmake
[51.077s] -- Up-to-date: /home/yahboom/swerve_bringup/install/swerve_bringup/share/swerve_bringup/cmake/export_swerve_bringup__rosidl_generator_pyExport.cmake
[51.077s] -- Up-to-date: /home/yahboom/swerve_bringup/install/swerve_bringup/share/swerve_bringup/cmake/export_swerve_bringup__rosidl_generator_pyExport-noconfig.cmake
[51.122s] Invoked command in '/home/yahboom/swerve_bringup/build/swerve_bringup' returned '0': CMAKE_PREFIX_PATH=/home/yahboom/cartoros2/install/yahboom_web_savmap_interfaces:/home/yahboom/cartoros2/install/yahboom_qrcode:/home/yahboom/cartoros2/install/yahboom_point:/home/yahboom/cartoros2/install/yahboom_nav2_send_goal:/home/yahboom/cartoros2/install/yahboom_msgs:/home/yahboom/cartoros2/install/yahboom_config:/home/yahboom/cartoros2/install/yahboom_color_identify_interfaces:/home/yahboom/cartoros2/install/yahboom_attitude_record_interfaces:/home/yahboom/cartoros2/install/turtlebot3_description:/home/yahboom/cartoros2/install/robot_pose_publisher_ros2:/home/yahboom/cartoros2/install/rf2o_laser_odometry:/home/yahboom/cartoros2/install/nav2_system_tests:/home/yahboom/cartoros2/install/nav2_bringup:/home/yahboom/cartoros2/install/navigation2:/home/yahboom/cartoros2/install/nav2_smoother:/home/yahboom/cartoros2/install/nav2_graceful_controller:/home/yahboom/cartoros2/install/nav2_dwb_controller:/home/yahboom/cartoros2/install/nav2_controller:/home/yahboom/cartoros2/install/dwb_plugins:/home/yahboom/cartoros2/install/dwb_critics:/home/yahboom/cartoros2/install/dwb_core:/home/yahboom/cartoros2/install/nav_2d_utils:/home/yahboom/cartoros2/install/dwb_msgs:/home/yahboom/cartoros2/install/nav_2d_msgs:/home/yahboom/cartoros2/install/nav2_waypoint_follower:/home/yahboom/cartoros2/install/nav2_theta_star_planner:/home/yahboom/cartoros2/install/nav2_smac_planner:/home/yahboom/cartoros2/install/nav2_rotation_shim_controller:/home/yahboom/cartoros2/install/nav2_regulated_pure_pursuit_controller:/home/yahboom/cartoros2/install/nav2_planner:/home/yahboom/cartoros2/install/nav2_navfn_planner:/home/yahboom/cartoros2/install/nav2_mppi_controller:/home/yahboom/cartoros2/install/nav2_constrained_smoother:/home/yahboom/cartoros2/install/nav2_bt_navigator:/home/yahboom/cartoros2/install/nav2_behaviors:/home/yahboom/cartoros2/install/nav2_core:/home/yahboom/cartoros2/install/nav2_collision_monitor:/home/yahboom/cartoros2/install/costmap_queue:/home/yahboom/cartoros2/install/nav2_costmap_2d:/home/yahboom/cartoros2/install/nav2_voxel_grid:/home/yahboom/cartoros2/install/nav2_velocity_smoother:/home/yahboom/cartoros2/install/nav2_rviz_plugins:/home/yahboom/cartoros2/install/nav2_map_server:/home/yahboom/cartoros2/install/nav2_lifecycle_manager:/home/yahboom/cartoros2/install/nav2_behavior_tree:/home/yahboom/cartoros2/install/nav2_amcl:/home/yahboom/cartoros2/install/nav2_util:/home/yahboom/cartoros2/install/nav2_msgs:/home/yahboom/cartoros2/install/nav2_common:/home/yahboom/cartoros2/install/image_color_lab:/home/yahboom/cartoros2/install/dynamixel_sdk_examples:/home/yahboom/cartoros2/install/dynamixel_sdk_custom_interfaces:/home/yahboom/cartoros2/install/dynamixel_sdk:/home/yahboom/cartoros2/install/csm:/home/yahboom/cartoros2/install/champ_msgs:/home/yahboom/cartoros2/install/champ:/home/yahboom/cartoros2/install/cartographer_ros_msgs:/home/yahboom/cartoros2/install/cartographer:/home/yahboom/yahboomcar_ws/install/yahboom_dog_node:/home/yahboom/yahboomcar_ws/install/yahboom_dog_navigation2:/home/yahboom/yahboomcar_ws/install/yahboom_dog_nav:/home/yahboom/yahboomcar_ws/install/yahboom_dog_msgs:/home/yahboom/yahboomcar_ws/install/yahboom_dog_cartographer:/home/yahboom/yahboomcar_ws/install/yahboom_dog:/home/yahboom/yahboomcar_ws/install/yahboom_dog_bringup:/home/yahboom/yahboomcar_ws/install/dynamixel_sdk_examples:/home/yahboom/yahboomcar_ws/install/dynamixel_sdk_custom_interfaces:/home/yahboom/yahboomcar_ws/install/dynamixel_sdk:/home/yahboom/yahboomcar_ws/install/champ_navigation:/home/yahboom/yahboomcar_ws/install/champ_msgs:/home/yahboom/cartoros2/install/yahboomcar_nav:/home/yahboom/cartoros2/install/yahboomcar_ctrl:/home/yahboom/cartoros2/install/yahboom_visual:/home/yahboom/cartoros2/install/yahboom_dog_joint_state:/home/yahboom/cartoros2/install/yahboom_description:/home/yahboom/cartoros2/install/yahboom_color_identify_server:/home/yahboom/cartoros2/install/yahboom_bringup:/home/yahboom/cartoros2/install/yahboom_base:/home/yahboom/cartoros2/install/yahboom_app_save_map:/home/yahboom/cartoros2/install/update_map:/home/yahboom/cartoros2/install/rosboard:/home/yahboom/cartoros2/install/path_planner_server:/home/yahboom/cartoros2/install/nav2_simple_commander:/home/yahboom/cartoros2/install/nav2_gazebo_spawner:/home/yahboom/cartoros2/install/localization_server:/home/yahboom/cartoros2/install/laserscan_to_point_pulisher:/home/yahboom/cartoros2/install/dogzilla_sim:/home/yahboom/yahboomcar_ws/install/yahboom_dog_example:/home/yahboom/ros2_ws/install/tb3_slam_viewer:/opt/ros/humble:/home/yahboom/yahboomcar_ws/install/champ_gazebo:/home/yahboom/yahboomcar_ws/install/champ_bringup:/home/yahboom/yahboomcar_ws/install/champ_description:/home/yahboom/yahboomcar_ws/install/champ_config:/home/yahboom/yahboomcar_ws/install/champ:/home/yahboom/ros2_ws/install/your_planner:/home/yahboom/ros2_ws/install/champ_description VIRTUAL_ENV_PROMPT=(.venv) /usr/bin/cmake --install /home/yahboom/swerve_bringup/build/swerve_bringup
