[INFO] [launch]: All log files can be found below /home/yahboom/.ros/log/2026-09-17-19-19-17-134125-yahboom-virtual-machine-186398
[INFO] [launch]: Default logging verbosity is set to INFO
[INFO] [gzserver-1]: process started with pid [186450]
[INFO] [robot_state_publisher-2]: process started with pid [186452]
[INFO] [spawn_entity.py-3]: process started with pid [186454]
[INFO] [ekf_node-4]: process started with pid [186456]
[INFO] [v30e_sim_node-5]: process started with pid [186458]
[INFO] [ekf_node-6]: process started with pid [186460]
[INFO] [map_server-7]: process started with pid [186462]
[INFO] [controller_server-8]: process started with pid [186466]
[INFO] [planner_server-9]: process started with pid [186475]
[INFO] [behavior_server-10]: process started with pid [186478]
[INFO] [bt_navigator-11]: process started with pid [186492]
[INFO] [waypoint_follower-12]: process started with pid [186500]
[INFO] [lifecycle_manager-13]: process started with pid [186538]
[INFO] [swerve_bridge_node-14]: process started with pid [186544]
[bt_navigator-11] [INFO] [1789643960.290359622] [bt_navigator]: 
[bt_navigator-11] 	bt_navigator lifecycle node launched. 
[bt_navigator-11] 	Waiting on external lifecycle transitions to activate
[bt_navigator-11] 	See https://design.ros2.org/articles/node_lifecycle.html for more information.
[bt_navigator-11] [INFO] [1789643960.290531601] [bt_navigator]: Creating
[robot_state_publisher-2] [INFO] [1789643960.426610318] [robot_state_publisher]: got segment base_footprint
[robot_state_publisher-2] [INFO] [1789643960.426750067] [robot_state_publisher]: got segment base_link
[robot_state_publisher-2] [INFO] [1789643960.426761992] [robot_state_publisher]: got segment imu_link
[robot_state_publisher-2] [INFO] [1789643960.426770022] [robot_state_publisher]: got segment lidar_link
[robot_state_publisher-2] [INFO] [1789643960.426777528] [robot_state_publisher]: got segment steer_front_link
[robot_state_publisher-2] [INFO] [1789643960.426784616] [robot_state_publisher]: got segment steer_rear_link
[robot_state_publisher-2] [INFO] [1789643960.426791533] [robot_state_publisher]: got segment v30e_link
[robot_state_publisher-2] [INFO] [1789643960.426798508] [robot_state_publisher]: got segment wheel_front_drive_link
[robot_state_publisher-2] [INFO] [1789643960.426805499] [robot_state_publisher]: got segment wheel_front_left_link
[robot_state_publisher-2] [INFO] [1789643960.426812221] [robot_state_publisher]: got segment wheel_front_right_link
[robot_state_publisher-2] [INFO] [1789643960.426818701] [robot_state_publisher]: got segment wheel_rear_drive_link
[robot_state_publisher-2] [INFO] [1789643960.426825350] [robot_state_publisher]: got segment wheel_rear_left_link
[robot_state_publisher-2] [INFO] [1789643960.426832166] [robot_state_publisher]: got segment wheel_rear_right_link
[lifecycle_manager-13] [INFO] [1789643960.475578862] [lifecycle_manager_navigation]: Creating
[lifecycle_manager-13] [INFO] [1789643960.493128161] [lifecycle_manager_navigation]: [34m[1mCreating and initializing lifecycle service clients[0m[0m
[behavior_server-10] [INFO] [1789643960.518154252] [behavior_server]: 
[behavior_server-10] 	behavior_server lifecycle node launched. 
[behavior_server-10] 	Waiting on external lifecycle transitions to activate
[behavior_server-10] 	See https://design.ros2.org/articles/node_lifecycle.html for more information.
[controller_server-8] [INFO] [1789643960.518736464] [controller_server]: 
[controller_server-8] 	controller_server lifecycle node launched. 
[controller_server-8] 	Waiting on external lifecycle transitions to activate
[controller_server-8] 	See https://design.ros2.org/articles/node_lifecycle.html for more information.
[controller_server-8] [INFO] [1789643960.534579222] [controller_server]: Creating controller server
[map_server-7] [INFO] [1789643960.639421095] [map_server]: 
[map_server-7] 	map_server lifecycle node launched. 
[map_server-7] 	Waiting on external lifecycle transitions to activate
[map_server-7] 	See https://design.ros2.org/articles/node_lifecycle.html for more information.
[map_server-7] [INFO] [1789643960.639602155] [map_server]: Creating
[planner_server-9] [INFO] [1789643960.775862302] [planner_server]: 
[planner_server-9] 	planner_server lifecycle node launched. 
[planner_server-9] 	Waiting on external lifecycle transitions to activate
[planner_server-9] 	See https://design.ros2.org/articles/node_lifecycle.html for more information.
[planner_server-9] [INFO] [1789643960.785477064] [planner_server]: Creating
[waypoint_follower-12] [INFO] [1789643960.814051192] [waypoint_follower]: 
[waypoint_follower-12] 	waypoint_follower lifecycle node launched. 
[waypoint_follower-12] 	Waiting on external lifecycle transitions to activate
[waypoint_follower-12] 	See https://design.ros2.org/articles/node_lifecycle.html for more information.
[waypoint_follower-12] [INFO] [1789643960.821545228] [waypoint_follower]: Creating
[swerve_bridge_node-14] Traceback (most recent call last):
[swerve_bridge_node-14]   File "/home/yahboom/swerve_bringup/install/swerve_bridge/lib/swerve_bridge/swerve_bridge_node", line 33, in <module>
[swerve_bridge_node-14]     sys.exit(load_entry_point('swerve-bridge', 'console_scripts', 'swerve_bridge_node')())
[swerve_bridge_node-14]   File "/home/yahboom/swerve_bringup/install/swerve_bridge/lib/swerve_bridge/swerve_bridge_node", line 22, in importlib_load_entry_point
[swerve_bridge_node-14]     for entry_point in distribution(dist_name).entry_points
[swerve_bridge_node-14]   File "/usr/lib/python3.10/importlib/metadata/__init__.py", line 969, in distribution
[swerve_bridge_node-14]     return Distribution.from_name(distribution_name)
[swerve_bridge_node-14]   File "/usr/lib/python3.10/importlib/metadata/__init__.py", line 548, in from_name
[swerve_bridge_node-14]     raise PackageNotFoundError(name)
[swerve_bridge_node-14] importlib.metadata.PackageNotFoundError: No package metadata was found for swerve-bridge
[ERROR] [swerve_bridge_node-14]: process has died [pid 186544, exit code 1, cmd '/home/yahboom/swerve_bringup/install/swerve_bridge/lib/swerve_bridge/swerve_bridge_node --ros-args -r __node:=swerve_bridge --params-file /home/yahboom/swerve_bringup/install/swerve_bridge/share/swerve_bridge/config/bridge.yaml --params-file /tmp/launch_params_l8qozx34'].
[lifecycle_manager-13] [INFO] [1789643960.959202568] [lifecycle_manager_navigation]: [34m[1mStarting managed nodes bringup...[0m[0m
[lifecycle_manager-13] [INFO] [1789643960.959272835] [lifecycle_manager_navigation]: [34m[1mConfiguring map_server[0m[0m
[map_server-7] [INFO] [1789643960.961289591] [map_server]: Configuring
[map_server-7] [INFO] [1789643960.961410896] [map_io]: Loading yaml file: /home/yahboom/swerve_bringup/install/swerve_bringup/share/swerve_bringup/swerve_navigation/maps/warehouse.yaml
[map_server-7] [INFO] [1789643960.961750960] [map_io]: resolution: 0.05
[map_server-7] [INFO] [1789643960.961766853] [map_io]: origin[0]: -17.2
[map_server-7] [INFO] [1789643960.961773038] [map_io]: origin[1]: -17.4
[map_server-7] [INFO] [1789643960.961778641] [map_io]: origin[2]: 0
[map_server-7] [INFO] [1789643960.961784790] [map_io]: free_thresh: 0.25
[map_server-7] [INFO] [1789643960.961790821] [map_io]: occupied_thresh: 0.65
[map_server-7] [INFO] [1789643960.961796626] [map_io]: mode: trinary
[map_server-7] [INFO] [1789643960.961802601] [map_io]: negate: 0
[map_server-7] [INFO] [1789643960.962931319] [map_io]: Loading image_file: /home/yahboom/swerve_bringup/install/swerve_bringup/share/swerve_bringup/swerve_navigation/maps/warehouse.pgm
[controller_server-8] [INFO] [1789643960.990783620] [local_costmap.local_costmap]: 
[controller_server-8] 	local_costmap lifecycle node launched. 
[controller_server-8] 	Waiting on external lifecycle transitions to activate
[controller_server-8] 	See https://design.ros2.org/articles/node_lifecycle.html for more information.
[controller_server-8] [INFO] [1789643960.991403310] [local_costmap.local_costmap]: Creating Costmap
[planner_server-9] [INFO] [1789643961.055139826] [global_costmap.global_costmap]: 
[planner_server-9] 	global_costmap lifecycle node launched. 
[planner_server-9] 	Waiting on external lifecycle transitions to activate
[planner_server-9] 	See https://design.ros2.org/articles/node_lifecycle.html for more information.
[planner_server-9] [INFO] [1789643961.059432277] [global_costmap.global_costmap]: Creating Costmap
[map_server-7] [INFO] [1789643961.095154673] [map_io]: Read map /home/yahboom/swerve_bringup/install/swerve_bringup/share/swerve_bringup/swerve_navigation/maps/warehouse.pgm: 676 X 680 map @ 0.05 m/cell
[lifecycle_manager-13] [INFO] [1789643961.141833260] [lifecycle_manager_navigation]: [34m[1mConfiguring controller_server[0m[0m
[controller_server-8] [INFO] [1789643961.149068714] [controller_server]: Configuring controller interface
[controller_server-8] [INFO] [1789643961.155265134] [controller_server]: getting goal checker plugins..
[controller_server-8] [INFO] [1789643961.155586785] [controller_server]: Controller frequency set to 10.0000Hz
[controller_server-8] [INFO] [1789643961.155658895] [local_costmap.local_costmap]: Configuring
[controller_server-8] [INFO] [1789643961.233788009] [local_costmap.local_costmap]: Using plugin "voxel_layer"
[controller_server-8] [INFO] [1789643961.270312109] [local_costmap.local_costmap]: Subscribed to Topics: lidar3d scan
[controller_server-8] [INFO] [1789643961.353566961] [local_costmap.local_costmap]: Initialized plugin "voxel_layer"
[controller_server-8] [INFO] [1789643961.353640818] [local_costmap.local_costmap]: Using plugin "inflation_layer"
[controller_server-8] [INFO] [1789643961.368337215] [local_costmap.local_costmap]: Initialized plugin "inflation_layer"
[controller_server-8] [INFO] [1789643961.463012579] [controller_server]: Created progress_checker : progress_checker of type nav2_controller::SimpleProgressChecker
[controller_server-8] [INFO] [1789643961.470294885] [controller_server]: Created goal checker : general_goal_checker of type nav2_controller::SimpleGoalChecker
[controller_server-8] [INFO] [1789643961.470476820] [controller_server]: Controller Server has general_goal_checker  goal checkers available.
[controller_server-8] [INFO] [1789643961.472059538] [controller_server]: Created controller : FollowPath of type dwb_core::DWBLocalPlanner
[controller_server-8] [INFO] [1789643961.495625997] [controller_server]: Setting transform_tolerance to 0.200000
[controller_server-8] [INFO] [1789643961.800331826] [controller_server]: Using critic "RotateToGoal" (dwb_critics::RotateToGoalCritic)
[controller_server-8] [INFO] [1789643961.811837909] [controller_server]: Critic plugin initialized
[controller_server-8] [INFO] [1789643961.812006065] [controller_server]: Using critic "Oscillation" (dwb_critics::OscillationCritic)
[controller_server-8] [INFO] [1789643961.812547035] [controller_server]: Critic plugin initialized
[controller_server-8] [INFO] [1789643961.812699565] [controller_server]: Using critic "BaseObstacle" (dwb_critics::BaseObstacleCritic)
[controller_server-8] [INFO] [1789643961.812876400] [controller_server]: Critic plugin initialized
[controller_server-8] [INFO] [1789643961.823881894] [controller_server]: Using critic "GoalAlign" (dwb_critics::GoalAlignCritic)
[controller_server-8] [INFO] [1789643961.824969736] [controller_server]: Critic plugin initialized
[controller_server-8] [INFO] [1789643961.825221459] [controller_server]: Using critic "PathAlign" (dwb_critics::PathAlignCritic)
[controller_server-8] [INFO] [1789643961.850073212] [controller_server]: Critic plugin initialized
[controller_server-8] [INFO] [1789643961.850177776] [controller_server]: Using critic "PathDist" (dwb_critics::PathDistCritic)
[controller_server-8] [INFO] [1789643961.850501648] [controller_server]: Critic plugin initialized
[controller_server-8] [INFO] [1789643961.850650328] [controller_server]: Using critic "GoalDist" (dwb_critics::GoalDistCritic)
[controller_server-8] [INFO] [1789643961.851016173] [controller_server]: Critic plugin initialized
[controller_server-8] [INFO] [1789643961.851045018] [controller_server]: Controller Server has FollowPath  controllers available.
[spawn_entity.py-3] [INFO] [1789643961.994621349] [spawn_swerve]: Spawn Entity started
[spawn_entity.py-3] [INFO] [1789643961.995085523] [spawn_swerve]: Loading entity published on topic robot_description
[spawn_entity.py-3] [INFO] [1789643962.076599576] [spawn_swerve]: Waiting for entity xml on robot_description
[v30e_sim_node-5] [INFO] [1789643962.080085531] [v30e_sim_node]: Using Gazebo /get_entity_state internally; odometry is not a V30E measurement input
[spawn_entity.py-3] [INFO] [1789643962.092618214] [spawn_swerve]: Waiting for service /spawn_entity, timeout = 30
[spawn_entity.py-3] [INFO] [1789643962.092988615] [spawn_swerve]: Waiting for service /spawn_entity
[lifecycle_manager-13] [INFO] [1789643962.178142930] [lifecycle_manager_navigation]: [34m[1mConfiguring planner_server[0m[0m
[planner_server-9] [INFO] [1789643962.178912886] [planner_server]: Configuring
[planner_server-9] [INFO] [1789643962.178968515] [global_costmap.global_costmap]: Configuring
[planner_server-9] [INFO] [1789643962.238523394] [global_costmap.global_costmap]: Using plugin "static_layer"
[planner_server-9] [INFO] [1789643962.285255720] [global_costmap.global_costmap]: Subscribing to the map topic (/map) with transient local durability
[planner_server-9] [INFO] [1789643962.325083224] [global_costmap.global_costmap]: Initialized plugin "static_layer"
[planner_server-9] [INFO] [1789643962.325234340] [global_costmap.global_costmap]: Using plugin "obstacle_layer"
[planner_server-9] [INFO] [1789643962.326410719] [global_costmap.global_costmap]: Subscribed to Topics: scan
[planner_server-9] [INFO] [1789643962.360066936] [global_costmap.global_costmap]: Initialized plugin "obstacle_layer"
[planner_server-9] [INFO] [1789643962.361489126] [global_costmap.global_costmap]: Using plugin "inflation_layer"
[planner_server-9] [INFO] [1789643962.386034263] [global_costmap.global_costmap]: Initialized plugin "inflation_layer"
[planner_server-9] [INFO] [1789643962.455141250] [planner_server]: Created global planner plugin GridBased of type nav2_navfn_planner/NavfnPlanner
[planner_server-9] [INFO] [1789643962.455924339] [planner_server]: Configuring plugin GridBased of type NavfnPlanner
[planner_server-9] [INFO] [1789643962.459260707] [planner_server]: Planner Server has GridBased  planners available.
[lifecycle_manager-13] [INFO] [1789643962.543096095] [lifecycle_manager_navigation]: [34m[1mConfiguring behavior_server[0m[0m
[behavior_server-10] [INFO] [1789643962.544023843] [behavior_server]: Configuring
[behavior_server-10] [INFO] [1789643962.638182587] [behavior_server]: Creating behavior plugin spin of type nav2_behaviors/Spin
[behavior_server-10] [INFO] [1789643962.641743604] [behavior_server]: Configuring spin
[behavior_server-10] [INFO] [1789643962.674048771] [behavior_server]: Creating behavior plugin backup of type nav2_behaviors/BackUp
[behavior_server-10] [INFO] [1789643962.674954475] [behavior_server]: Configuring backup
[behavior_server-10] [INFO] [1789643962.724825385] [behavior_server]: Creating behavior plugin drive_on_heading of type nav2_behaviors/DriveOnHeading
[behavior_server-10] [INFO] [1789643962.728547770] [behavior_server]: Configuring drive_on_heading
[behavior_server-10] [INFO] [1789643962.769589750] [behavior_server]: Creating behavior plugin wait of type nav2_behaviors/Wait
[behavior_server-10] [INFO] [1789643962.770414545] [behavior_server]: Configuring wait
[lifecycle_manager-13] [INFO] [1789643962.843609259] [lifecycle_manager_navigation]: [34m[1mConfiguring bt_navigator[0m[0m
[bt_navigator-11] [INFO] [1789643962.845237428] [bt_navigator]: Configuring
[lifecycle_manager-13] [INFO] [1789643963.373304738] [lifecycle_manager_navigation]: [34m[1mConfiguring waypoint_follower[0m[0m
[waypoint_follower-12] [INFO] [1789643963.373757371] [waypoint_follower]: Configuring
[waypoint_follower-12] [INFO] [1789643963.525449531] [waypoint_follower]: Created waypoint_task_executor : wait_at_waypoint of type nav2_waypoint_follower::WaitAtWaypoint
[waypoint_follower-12] [INFO] [1789643963.525701802] [waypoint_follower]: Waypoint pause duration is set to zero, disabling task executor plugin.
[lifecycle_manager-13] [INFO] [1789643963.537292892] [lifecycle_manager_navigation]: [34m[1mActivating map_server[0m[0m
[map_server-7] [INFO] [1789643963.538572016] [map_server]: Activating
[map_server-7] [INFO] [1789643963.539874211] [map_server]: Creating bond (map_server) to lifecycle manager.
[planner_server-9] [INFO] [1789643963.546274302] [global_costmap.global_costmap]: StaticLayer: Resizing costmap to 676 X 680 at 0.050000 m/pix
[lifecycle_manager-13] [INFO] [1789643963.667394070] [lifecycle_manager_navigation]: Server map_server connected with bond.
[lifecycle_manager-13] [INFO] [1789643963.667447237] [lifecycle_manager_navigation]: [34m[1mActivating controller_server[0m[0m
[controller_server-8] [INFO] [1789643963.672138908] [controller_server]: Activating
[controller_server-8] [INFO] [1789643963.672219939] [local_costmap.local_costmap]: Activating
[controller_server-8] [INFO] [1789643963.672240282] [local_costmap.local_costmap]: Checking transform
[controller_server-8] [INFO] [1789643963.672277711] [local_costmap.local_costmap]: Timed out waiting for transform from base_footprint to odom to become available, tf error: Invalid frame ID "odom" passed to canTransform argument target_frame - frame does not exist
[controller_server-8] [INFO] [1789643964.172432917] [local_costmap.local_costmap]: Timed out waiting for transform from base_footprint to odom to become available, tf error: Invalid frame ID "odom" passed to canTransform argument target_frame - frame does not exist
[controller_server-8] [INFO] [1789643964.672696851] [local_costmap.local_costmap]: Timed out waiting for transform from base_footprint to odom to become available, tf error: Invalid frame ID "odom" passed to canTransform argument target_frame - frame does not exist
[controller_server-8] [INFO] [1789643965.172397639] [local_costmap.local_costmap]: Timed out waiting for transform from base_footprint to odom to become available, tf error: Invalid frame ID "odom" passed to canTransform argument target_frame - frame does not exist
[controller_server-8] [INFO] [1789643965.677023517] [local_costmap.local_costmap]: Timed out waiting for transform from base_footprint to odom to become available, tf error: Invalid frame ID "odom" passed to canTransform argument target_frame - frame does not exist
[controller_server-8] [INFO] [1789643966.173707920] [local_costmap.local_costmap]: Timed out waiting for transform from base_footprint to odom to become available, tf error: Invalid frame ID "odom" passed to canTransform argument target_frame - frame does not exist
[controller_server-8] [INFO] [1789643966.672497654] [local_costmap.local_costmap]: Timed out waiting for transform from base_footprint to odom to become available, tf error: Invalid frame ID "odom" passed to canTransform argument target_frame - frame does not exist
[controller_server-8] [INFO] [1789643967.172709587] [local_costmap.local_costmap]: Timed out waiting for transform from base_footprint to odom to become available, tf error: Invalid frame ID "odom" passed to canTransform argument target_frame - frame does not exist
[controller_server-8] [INFO] [1789643967.672837800] [local_costmap.local_costmap]: Timed out waiting for transform from base_footprint to odom to become available, tf error: Invalid frame ID "odom" passed to canTransform argument target_frame - frame does not exist
[controller_server-8] [INFO] [1789643968.175899571] [local_costmap.local_costmap]: Timed out waiting for transform from base_footprint to odom to become available, tf error: Invalid frame ID "odom" passed to canTransform argument target_frame - frame does not exist
[spawn_entity.py-3] [INFO] [1789643968.182374922] [spawn_swerve]: Calling service /spawn_entity
[gzserver-1] [INFO] [1789643968.435909325] [gazebo_ros_state]: Publishing states of gazebo models at [/model_states]
[gzserver-1] [INFO] [1789643968.473497749] [gazebo_ros_state]: Publishing states of gazebo links at [/link_states]
[controller_server-8] [INFO] [1789643968.672574812] [local_costmap.local_costmap]: Timed out waiting for transform from base_footprint to odom to become available, tf error: Invalid frame ID "odom" passed to canTransform argument target_frame - frame does not exist
[gzserver-1] [INFO] [1789643968.976203789] [imu.imu_ros]: <initial_orientation_as_reference> is unset, using default value of false to comply with REP 145 (world as orientation reference)
[controller_server-8] [INFO] [1789643969.175095602] [local_costmap.local_costmap]: Timed out waiting for transform from base_footprint to odom to become available, tf error: Invalid frame ID "odom" passed to canTransform argument target_frame - frame does not exist
[controller_server-8] [INFO] [1789643969.672438565] [local_costmap.local_costmap]: Timed out waiting for transform from base_footprint to odom to become available, tf error: Invalid frame ID "odom" passed to canTransform argument target_frame - frame does not exist
[controller_server-8] [INFO] [1789643970.172873273] [local_costmap.local_costmap]: Timed out waiting for transform from base_footprint to odom to become available, tf error: Invalid frame ID "odom" passed to canTransform argument target_frame - frame does not exist
[controller_server-8] [INFO] [1789643970.672814701] [local_costmap.local_costmap]: Timed out waiting for transform from base_footprint to odom to become available, tf error: Invalid frame ID "odom" passed to canTransform argument target_frame - frame does not exist
[controller_server-8] [INFO] [1789643971.172568146] [local_costmap.local_costmap]: Timed out waiting for transform from base_footprint to odom to become available, tf error: Invalid frame ID "odom" passed to canTransform argument target_frame - frame does not exist
[controller_server-8] [INFO] [1789643971.672800161] [local_costmap.local_costmap]: Timed out waiting for transform from base_footprint to odom to become available, tf error: Invalid frame ID "odom" passed to canTransform argument target_frame - frame does not exist
[controller_server-8] [INFO] [1789643972.173040487] [local_costmap.local_costmap]: Timed out waiting for transform from base_footprint to odom to become available, tf error: Invalid frame ID "odom" passed to canTransform argument target_frame - frame does not exist
[controller_server-8] [INFO] [1789643972.676109452] [local_costmap.local_costmap]: Timed out waiting for transform from base_footprint to odom to become available, tf error: Invalid frame ID "odom" passed to canTransform argument target_frame - frame does not exist
[controller_server-8] [INFO] [1789643973.173055823] [local_costmap.local_costmap]: Timed out waiting for transform from base_footprint to odom to become available, tf error: Invalid frame ID "odom" passed to canTransform argument target_frame - frame does not exist
[controller_server-8] [INFO] [1789643973.672359061] [local_costmap.local_costmap]: Timed out waiting for transform from base_footprint to odom to become available, tf error: Invalid frame ID "odom" passed to canTransform argument target_frame - frame does not exist
[controller_server-8] [INFO] [1789643974.172828654] [local_costmap.local_costmap]: Timed out waiting for transform from base_footprint to odom to become available, tf error: Invalid frame ID "odom" passed to canTransform argument target_frame - frame does not exist
[controller_server-8] [INFO] [1789643974.672960736] [local_costmap.local_costmap]: Timed out waiting for transform from base_footprint to odom to become available, tf error: Invalid frame ID "odom" passed to canTransform argument target_frame - frame does not exist
[controller_server-8] [INFO] [1789643975.173118804] [local_costmap.local_costmap]: Timed out waiting for transform from base_footprint to odom to become available, tf error: Invalid frame ID "odom" passed to canTransform argument target_frame - frame does not exist
[controller_server-8] [INFO] [1789643975.676190953] [local_costmap.local_costmap]: Timed out waiting for transform from base_footprint to odom to become available, tf error: Invalid frame ID "odom" passed to canTransform argument target_frame - frame does not exist
[controller_server-8] [INFO] [1789643976.173903965] [local_costmap.local_costmap]: Timed out waiting for transform from base_footprint to odom to become available, tf error: Invalid frame ID "odom" passed to canTransform argument target_frame - frame does not exist
[controller_server-8] [INFO] [1789643976.672333842] [local_costmap.local_costmap]: Timed out waiting for transform from base_footprint to odom to become available, tf error: Invalid frame ID "odom" passed to canTransform argument target_frame - frame does not exist
[controller_server-8] [INFO] [1789643977.172321596] [local_costmap.local_costmap]: Timed out waiting for transform from base_footprint to odom to become available, tf error: Invalid frame ID "odom" passed to canTransform argument target_frame - frame does not exist
[controller_server-8] [INFO] [1789643977.674161359] [local_costmap.local_costmap]: Timed out waiting for transform from base_footprint to odom to become available, tf error: Invalid frame ID "odom" passed to canTransform argument target_frame - frame does not exist
[controller_server-8] [INFO] [1789643978.174562586] [local_costmap.local_costmap]: Timed out waiting for transform from base_footprint to odom to become available, tf error: Invalid frame ID "odom" passed to canTransform argument target_frame - frame does not exist
[controller_server-8] [INFO] [1789643978.672476109] [local_costmap.local_costmap]: Timed out waiting for transform from base_footprint to odom to become available, tf error: Invalid frame ID "odom" passed to canTransform argument target_frame - frame does not exist
[controller_server-8] [INFO] [1789643979.172359101] [local_costmap.local_costmap]: Timed out waiting for transform from base_footprint to odom to become available, tf error: Invalid frame ID "odom" passed to canTransform argument target_frame - frame does not exist
[controller_server-8] [INFO] [1789643979.672483122] [local_costmap.local_costmap]: Timed out waiting for transform from base_footprint to odom to become available, tf error: Invalid frame ID "odom" passed to canTransform argument target_frame - frame does not exist
[controller_server-8] [INFO] [1789643980.173961475] [local_costmap.local_costmap]: Timed out waiting for transform from base_footprint to odom to become available, tf error: Invalid frame ID "odom" passed to canTransform argument target_frame - frame does not exist
[controller_server-8] [INFO] [1789643980.674072591] [local_costmap.local_costmap]: Timed out waiting for transform from base_footprint to odom to become available, tf error: Invalid frame ID "odom" passed to canTransform argument target_frame - frame does not exist
[controller_server-8] [INFO] [1789643981.173757834] [local_costmap.local_costmap]: Timed out waiting for transform from base_footprint to odom to become available, tf error: Invalid frame ID "odom" passed to canTransform argument target_frame - frame does not exist
[controller_server-8] [INFO] [1789643981.672893770] [local_costmap.local_costmap]: Timed out waiting for transform from base_footprint to odom to become available, tf error: Invalid frame ID "odom" passed to canTransform argument target_frame - frame does not exist
[controller_server-8] [INFO] [1789643982.173369437] [local_costmap.local_costmap]: Timed out waiting for transform from base_footprint to odom to become available, tf error: Invalid frame ID "odom" passed to canTransform argument target_frame - frame does not exist
[gzserver-1] [INFO] [1789643982.284123664] [contact_load.wheel_front_drive_link_contact_plugin]: Publishing contact states to [/contact_load/wheel_front_drive_link]
[gzserver-1] [INFO] [1789643982.368992969] [contact_load.wheel_rear_drive_link_contact_plugin]: Publishing contact states to [/contact_load/wheel_rear_drive_link]
[gzserver-1] [INFO] [1789643982.484033766] [contact_load.wheel_front_left_link_contact_plugin]: Publishing contact states to [/contact_load/wheel_front_left_link]
[controller_server-8] [INFO] [1789643982.674955895] [local_costmap.local_costmap]: Timed out waiting for transform from base_footprint to odom to become available, tf error: Invalid frame ID "odom" passed to canTransform argument target_frame - frame does not exist
[gzserver-1] [INFO] [1789643982.698999183] [contact_load.wheel_front_right_link_contact_plugin]: Publishing contact states to [/contact_load/wheel_front_right_link]
[gzserver-1] [INFO] [1789643982.851053954] [contact_load.wheel_rear_left_link_contact_plugin]: Publishing contact states to [/contact_load/wheel_rear_left_link]
[spawn_entity.py-3] [INFO] [1789643982.880027939] [spawn_swerve]: Spawn status: SpawnEntity: Successfully spawned entity [swerve_base]
[gzserver-1] [INFO] [1789643982.989075753] [contact_load.wheel_rear_right_link_contact_plugin]: Publishing contact states to [/contact_load/wheel_rear_right_link]
[gzserver-1] [INFO] [1789643983.135051740] [gazebo_ros2_control]: Loading gazebo_ros2_control plugin
[controller_server-8] [INFO] [1789643983.176779152] [local_costmap.local_costmap]: Timed out waiting for transform from base_footprint to odom to become available, tf error: Invalid frame ID "odom" passed to canTransform argument target_frame - frame does not exist
[INFO] [spawn_entity.py-3]: process has finished cleanly [pid 186454]
[INFO] [spawner-15]: process started with pid [187047]
[gzserver-1] [INFO] [1789643983.216404677] [gazebo_ros2_control]: Starting gazebo_ros2_control plugin in namespace: /
[gzserver-1] [INFO] [1789643983.216684123] [gazebo_ros2_control]: Starting gazebo_ros2_control plugin in ros 2 node: gazebo_ros2_control
[gzserver-1] [INFO] [1789643983.270312419] [gazebo_ros2_control]: connected to service!! robot_state_publisher
[gzserver-1] [INFO] [1789643983.276255347] [gazebo_ros2_control]: Received urdf from param server, parsing...
[gzserver-1] [INFO] [1789643983.276433828] [gazebo_ros2_control]: Loading parameter files /home/yahboom/swerve_bringup/install/swerve_bringup/share/swerve_bringup/config/controllers.yaml
[gzserver-1] [INFO] [1789643983.316429542] [gazebo_ros2_control]: Loading joint: steer_front_joint
[gzserver-1] [INFO] [1789643983.316509441] [gazebo_ros2_control]: 	State:
[gzserver-1] [INFO] [1789643983.316528065] [gazebo_ros2_control]: 		 position
[gzserver-1] [INFO] [1789643983.316541226] [gazebo_ros2_control]: 		 velocity
[gzserver-1] [INFO] [1789643983.316551904] [gazebo_ros2_control]: 	Command:
[gzserver-1] [INFO] [1789643983.316561828] [gazebo_ros2_control]: 		 position
[gzserver-1] [INFO] [1789643983.319234557] [gazebo_ros2_control]: Loading joint: steer_rear_joint
[gzserver-1] [INFO] [1789643983.319276018] [gazebo_ros2_control]: 	State:
[gzserver-1] [INFO] [1789643983.319287758] [gazebo_ros2_control]: 		 position
[gzserver-1] [INFO] [1789643983.319298526] [gazebo_ros2_control]: 		 velocity
[gzserver-1] [INFO] [1789643983.319308757] [gazebo_ros2_control]: 	Command:
[gzserver-1] [INFO] [1789643983.319317739] [gazebo_ros2_control]: 		 position
[gzserver-1] [INFO] [1789643983.324296939] [gazebo_ros2_control]: Loading joint: wheel_front_drive_joint
[gzserver-1] [INFO] [1789643983.324346393] [gazebo_ros2_control]: 	State:
[gzserver-1] [INFO] [1789643983.324361922] [gazebo_ros2_control]: 		 position
[gzserver-1] [INFO] [1789643983.324373761] [gazebo_ros2_control]: 		 velocity
[gzserver-1] [INFO] [1789643983.324383338] [gazebo_ros2_control]: 	Command:
[gzserver-1] [INFO] [1789643983.324401067] [gazebo_ros2_control]: 		 velocity
[gzserver-1] [INFO] [1789643983.324775503] [gazebo_ros2_control]: Loading joint: wheel_rear_drive_joint
[gzserver-1] [INFO] [1789643983.324801321] [gazebo_ros2_control]: 	State:
[gzserver-1] [INFO] [1789643983.324810884] [gazebo_ros2_control]: 		 position
[gzserver-1] [INFO] [1789643983.324819815] [gazebo_ros2_control]: 		 velocity
[gzserver-1] [INFO] [1789643983.324828541] [gazebo_ros2_control]: 	Command:
[gzserver-1] [INFO] [1789643983.324846324] [gazebo_ros2_control]: 		 velocity
[gzserver-1] [INFO] [1789643983.325379336] [resource_manager]: Initialize hardware 'GazeboSystem' 
[gzserver-1] [INFO] [1789643983.325644273] [resource_manager]: Successful initialization of hardware 'GazeboSystem'
[gzserver-1] [INFO] [1789643983.325812215] [resource_manager]: 'configure' hardware 'GazeboSystem' 
[gzserver-1] [INFO] [1789643983.325829598] [resource_manager]: Successful 'configure' of hardware 'GazeboSystem'
[gzserver-1] [INFO] [1789643983.325837482] [resource_manager]: 'activate' hardware 'GazeboSystem' 
[gzserver-1] [INFO] [1789643983.325844396] [resource_manager]: Successful 'activate' of hardware 'GazeboSystem'
[gzserver-1] [INFO] [1789643983.329498441] [gazebo_ros2_control]: Loading controller_manager
[gzserver-1] [WARN] [1789643983.641647705] [gazebo_ros2_control]:  Desired controller update period (0.01 s) is slower than the gazebo simulation period (0.001 s).
[gzserver-1] [INFO] [1789643983.645828672] [gazebo_ros2_control]: Loaded gazebo_ros2_control.
[controller_server-8] [INFO] [1789643983.675836941] [local_costmap.local_costmap]: Timed out waiting for transform from base_footprint to odom to become available, tf error: Invalid frame ID "odom" passed to canTransform argument target_frame - frame does not exist
[controller_server-8] [INFO] [1789643984.174468377] [local_costmap.local_costmap]: start
[controller_server-8] [INFO] [1789643984.340653958] [controller_server]: Creating bond (controller_server) to lifecycle manager.
[lifecycle_manager-13] [INFO] [1789643984.563293249] [lifecycle_manager_navigation]: Server controller_server connected with bond.
[lifecycle_manager-13] [INFO] [1789643984.563408079] [lifecycle_manager_navigation]: [34m[1mActivating planner_server[0m[0m
[planner_server-9] [INFO] [1789643984.563962122] [planner_server]: Activating
[planner_server-9] [INFO] [1789643984.564090772] [global_costmap.global_costmap]: Activating
[planner_server-9] [INFO] [1789643984.564128987] [global_costmap.global_costmap]: Checking transform
[planner_server-9] [INFO] [1789643984.564169603] [global_costmap.global_costmap]: Timed out waiting for transform from base_footprint to map to become available, tf error: Invalid frame ID "map" passed to canTransform argument target_frame - frame does not exist
[spawner-15] [INFO] [1789643984.769413185] [spawn_joint_state_broadcaster]: waiting for service /controller_manager/list_controllers to become available...
[planner_server-9] [INFO] [1789643985.064989719] [global_costmap.global_costmap]: Timed out waiting for transform from base_footprint to map to become available, tf error: Invalid frame ID "map" passed to canTransform argument target_frame - frame does not exist
[planner_server-9] [INFO] [1789643985.566061778] [global_costmap.global_costmap]: start
[planner_server-9] [INFO] [1789643986.122603872] [planner_server]: Activating plugin GridBased of type NavfnPlanner
[planner_server-9] [INFO] [1789643986.124147816] [planner_server]: Creating bond (planner_server) to lifecycle manager.
[lifecycle_manager-13] [INFO] [1789643986.258970926] [lifecycle_manager_navigation]: Server planner_server connected with bond.
[lifecycle_manager-13] [INFO] [1789643986.259103099] [lifecycle_manager_navigation]: [34m[1mActivating behavior_server[0m[0m
[behavior_server-10] [INFO] [1789643986.260066871] [behavior_server]: Activating
[behavior_server-10] [INFO] [1789643986.260152549] [behavior_server]: Activating spin
[behavior_server-10] [INFO] [1789643986.260174928] [behavior_server]: Activating backup
[behavior_server-10] [INFO] [1789643986.260188482] [behavior_server]: Activating drive_on_heading
[behavior_server-10] [INFO] [1789643986.260199602] [behavior_server]: Activating wait
[behavior_server-10] [INFO] [1789643986.260216676] [behavior_server]: Creating bond (behavior_server) to lifecycle manager.
[lifecycle_manager-13] [INFO] [1789643986.379991592] [lifecycle_manager_navigation]: Server behavior_server connected with bond.
[lifecycle_manager-13] [INFO] [1789643986.380046524] [lifecycle_manager_navigation]: [34m[1mActivating bt_navigator[0m[0m
[bt_navigator-11] [INFO] [1789643986.380507552] [bt_navigator]: Activating
[gzserver-1] [INFO] [1789643986.804603253] [controller_manager]: Loading controller 'joint_state_broadcaster'
[spawner-15] [INFO] [1789643987.028905495] [spawn_joint_state_broadcaster]: [94mLoaded [1mjoint_state_broadcaster[0m
[bt_navigator-11] [INFO] [1789643987.038467194] [bt_navigator]: Creating bond (bt_navigator) to lifecycle manager.
[gzserver-1] [INFO] [1789643987.051220426] [controller_manager]: Configuring controller 'joint_state_broadcaster'
[gzserver-1] [INFO] [1789643987.051715433] [joint_state_broadcaster]: 'joints' or 'interfaces' parameter is empty. All available state interfaces will be published
[lifecycle_manager-13] [INFO] [1789643987.175944877] [lifecycle_manager_navigation]: Server bt_navigator connected with bond.
[lifecycle_manager-13] [INFO] [1789643987.176008181] [lifecycle_manager_navigation]: [34m[1mActivating waypoint_follower[0m[0m
[waypoint_follower-12] [INFO] [1789643987.176648995] [waypoint_follower]: Activating
[waypoint_follower-12] [INFO] [1789643987.176741668] [waypoint_follower]: Creating bond (waypoint_follower) to lifecycle manager.
[lifecycle_manager-13] [INFO] [1789643987.316504192] [lifecycle_manager_navigation]: Server waypoint_follower connected with bond.
[lifecycle_manager-13] [INFO] [1789643987.316587694] [lifecycle_manager_navigation]: [34m[1mManaged nodes are active[0m[0m
[lifecycle_manager-13] [INFO] [1789643987.316603954] [lifecycle_manager_navigation]: [34m[1mCreating bond timer...[0m[0m
[spawner-15] [INFO] [1789643987.733550590] [spawn_joint_state_broadcaster]: [92mConfigured and activated [1mjoint_state_broadcaster[0m
[INFO] [spawner-15]: process has finished cleanly [pid 187047]
[INFO] [spawner-16]: process started with pid [187132]
[spawner-16] [INFO] [1789643989.473954810] [spawn_steering_controller]: waiting for service /controller_manager/list_controllers to become available...
[gzserver-1] [INFO] [1789643990.221019875] [controller_manager]: Loading controller 'steering_controller'
[spawner-16] [INFO] [1789643990.583379488] [spawn_steering_controller]: [94mLoaded [1msteering_controller[0m
[gzserver-1] [INFO] [1789643990.598465987] [controller_manager]: Configuring controller 'steering_controller'
[gzserver-1] [INFO] [1789643990.614748977] [steering_controller]: configure successful
[gzserver-1] [INFO] [1789643990.698350717] [steering_controller]: activate successful
[spawner-16] [INFO] [1789643990.758599135] [spawn_steering_controller]: [92mConfigured and activated [1msteering_controller[0m
[INFO] [spawner-16]: process has finished cleanly [pid 187132]
[INFO] [spawner-17]: process started with pid [187145]
[spawner-17] [INFO] [1789643992.350252275] [spawn_drive_controller]: waiting for service /controller_manager/list_controllers to become available...
[gzserver-1] [INFO] [1789643995.680643411] [controller_manager]: Loading controller 'drive_controller'
[spawner-17] [INFO] [1789643995.854342778] [spawn_drive_controller]: [94mLoaded [1mdrive_controller[0m
[gzserver-1] [INFO] [1789643995.873877975] [controller_manager]: Configuring controller 'drive_controller'
[gzserver-1] [INFO] [1789643995.881932544] [drive_controller]: configure successful
[gzserver-1] [INFO] [1789643996.365910941] [drive_controller]: activate successful
[spawner-17] [INFO] [1789643996.434823514] [spawn_drive_controller]: [92mConfigured and activated [1mdrive_controller[0m
[INFO] [spawner-17]: process has finished cleanly [pid 187145]
[INFO] [swerve_controller_node-18]: process started with pid [187158]
[INFO] [swerve_odometry_node-19]: process started with pid [187160]
[swerve_odometry_node-19] [INFO] [1789643998.199698551] [swerve_odometry]: Encoder odometry ready: radius=0.0637 m, velocity_sign=+1.0
[swerve_controller_node-18] [INFO] [1789643998.694845233] [swerve_controller]: Swerve controller ready: radius=0.0675 m, modules={'front': (0.300042, 0.0), 'rear': (-0.300042, 0.0)}
[WARNING] [launch]: user interrupted with ctrl-c (SIGINT)
[waypoint_follower-12] [INFO] [1789644098.575589260] [rclcpp]: signal_handler(signum=2)
[bt_navigator-11] [INFO] [1789644098.575631075] [rclcpp]: signal_handler(signum=2)
[bt_navigator-11] [INFO] [1789644098.575821080] [bt_navigator]: Running Nav2 LifecycleNode rcl preshutdown (bt_navigator)
[bt_navigator-11] [INFO] [1789644098.575944649] [bt_navigator]: Deactivating
[bt_navigator-11] [INFO] [1789644098.575991038] [bt_navigator]: Destroying bond (bt_navigator) to lifecycle manager.
[waypoint_follower-12] [INFO] [1789644098.576782579] [waypoint_follower]: Running Nav2 LifecycleNode rcl preshutdown (waypoint_follower)
[waypoint_follower-12] [INFO] [1789644098.576903078] [waypoint_follower]: Deactivating
[waypoint_follower-12] [INFO] [1789644098.576970659] [waypoint_follower]: Destroying bond (waypoint_follower) to lifecycle manager.
[ekf_node-6] [INFO] [1789644098.577376313] [rclcpp]: signal_handler(signum=2)
[robot_state_publisher-2] [INFO] [1789644098.577517482] [rclcpp]: signal_handler(signum=2)
[planner_server-9] [INFO] [1789644098.578018153] [rclcpp]: signal_handler(signum=2)
[map_server-7] [INFO] [1789644098.578302176] [rclcpp]: signal_handler(signum=2)
[map_server-7] [INFO] [1789644098.578440211] [map_server]: Running Nav2 LifecycleNode rcl preshutdown (map_server)
[map_server-7] [INFO] [1789644098.578516395] [map_server]: Deactivating
[map_server-7] [INFO] [1789644098.578547480] [map_server]: Destroying bond (map_server) to lifecycle manager.
[controller_server-8] [INFO] [1789644098.578546633] [rclcpp]: signal_handler(signum=2)
[controller_server-8] [INFO] [1789644098.578662968] [controller_server]: Running Nav2 LifecycleNode rcl preshutdown (controller_server)
[behavior_server-10] [INFO] [1789644098.578721061] [rclcpp]: signal_handler(signum=2)
[lifecycle_manager-13] [INFO] [1789644098.579146032] [lifecycle_manager_navigation]: Running Nav2 LifecycleManager rcl preshutdown (lifecycle_manager_navigation)
[ekf_node-4] [INFO] [1789644098.579779739] [rclcpp]: signal_handler(signum=2)
[behavior_server-10] [INFO] [1789644098.582161901] [behavior_server]: Running Nav2 LifecycleNode rcl preshutdown (behavior_server)
[behavior_server-10] [INFO] [1789644098.582242884] [behavior_server]: Deactivating
[behavior_server-10] [INFO] [1789644098.582283491] [behavior_server]: Destroying bond (behavior_server) to lifecycle manager.
[lifecycle_manager-13] [INFO] [1789644098.582521602] [lifecycle_manager_navigation]: [34m[1mTerminating bond timer...[0m[0m
[planner_server-9] [INFO] [1789644098.583914110] [planner_server]: Running Nav2 LifecycleNode rcl preshutdown (planner_server)
[planner_server-9] [INFO] [1789644098.583989749] [planner_server]: Deactivating
[planner_server-9] [INFO] [1789644098.584031104] [global_costmap.global_costmap]: Deactivating
[INFO] [swerve_odometry_node-19]: sending signal 'SIGINT' to process[swerve_odometry_node-19]
[INFO] [swerve_controller_node-18]: sending signal 'SIGINT' to process[swerve_controller_node-18]
[INFO] [lifecycle_manager-13]: sending signal 'SIGINT' to process[lifecycle_manager-13]
[INFO] [waypoint_follower-12]: sending signal 'SIGINT' to process[waypoint_follower-12]
[INFO] [bt_navigator-11]: sending signal 'SIGINT' to process[bt_navigator-11]
[INFO] [behavior_server-10]: sending signal 'SIGINT' to process[behavior_server-10]
[INFO] [planner_server-9]: sending signal 'SIGINT' to process[planner_server-9]
[INFO] [controller_server-8]: sending signal 'SIGINT' to process[controller_server-8]
[INFO] [map_server-7]: sending signal 'SIGINT' to process[map_server-7]
[INFO] [ekf_node-6]: sending signal 'SIGINT' to process[ekf_node-6]
[INFO] [v30e_sim_node-5]: sending signal 'SIGINT' to process[v30e_sim_node-5]
[ERROR] [map_server-7]: process has died [pid 186462, exit code -2, cmd '/home/yahboom/cartoros2/install/nav2_map_server/lib/nav2_map_server/map_server --ros-args -r __node:=map_server --params-file /tmp/launch_params_e9ed1qjn'].
[INFO] [ekf_node-4]: sending signal 'SIGINT' to process[ekf_node-4]
[INFO] [robot_state_publisher-2]: sending signal 'SIGINT' to process[robot_state_publisher-2]
[ERROR] [ekf_node-6]: process has died [pid 186460, exit code -2, cmd '/opt/ros/humble/lib/robot_localization/ekf_node --ros-args -r __node:=ekf_v30e --params-file /home/yahboom/swerve_bringup/install/swerve_bringup/share/swerve_bringup/config/v30e_localization_ekf.yaml --params-file /tmp/launch_params_cbw8tqbq -r odometry/filtered:=/odometry/v30e'].
[INFO] [gzserver-1]: sending signal 'SIGINT' to process[gzserver-1]
[controller_server-8] [INFO] [1789644098.591132880] [controller_server]: Deactivating
[controller_server-8] [INFO] [1789644098.591281438] [local_costmap.local_costmap]: Deactivating
[bt_navigator-11] [INFO] [1789644098.596887320] [bt_navigator]: Cleaning up
[waypoint_follower-12] [INFO] [1789644098.606078579] [waypoint_follower]: Cleaning up
[map_server-7] [INFO] [1789644098.619014567] [map_server]: Cleaning up
[map_server-7] [INFO] [1789644098.619153844] [map_server]: Destroying bond (map_server) to lifecycle manager.
[behavior_server-10] [INFO] [1789644098.629168668] [behavior_server]: Cleaning up
[controller_server-8] [INFO] [1789644098.686979086] [controller_server]: Destroying bond (controller_server) to lifecycle manager.
[lifecycle_manager-13] [INFO] [1789644098.691001799] [rclcpp]: signal_handler(signum=2)
[waypoint_follower-12] [INFO] [1789644098.703326321] [rclcpp]: signal_handler(signum=2)
[swerve_controller_node-18] Traceback (most recent call last):
[swerve_controller_node-18]   File "/home/yahboom/swerve_bringup/install/swerve_bringup/lib/swerve_bringup/swerve_controller_node", line 192, in <module>
[swerve_controller_node-18]     main()
[swerve_controller_node-18]   File "/home/yahboom/swerve_bringup/install/swerve_bringup/lib/swerve_bringup/swerve_controller_node", line 187, in main
[swerve_controller_node-18]     node.destroy_node()
[swerve_controller_node-18]   File "/opt/ros/humble/local/lib/python3.10/dist-packages/rclpy/node.py", line 1687, in destroy_node
[swerve_controller_node-18]     self.destroy_subscription(self._subscriptions[0])
[swerve_controller_node-18]   File "/opt/ros/humble/local/lib/python3.10/dist-packages/rclpy/node.py", line 1583, in destroy_subscription
[swerve_controller_node-18]     subscription.destroy()
[swerve_controller_node-18]   File "/opt/ros/humble/local/lib/python3.10/dist-packages/rclpy/subscription.py", line 80, in destroy
[swerve_controller_node-18]     self.handle.destroy_when_not_in_use()
[swerve_controller_node-18] KeyboardInterrupt
[bt_navigator-11] [INFO] [1789644098.716497751] [rclcpp]: signal_handler(signum=2)
[swerve_odometry_node-19] Traceback (most recent call last):
[swerve_odometry_node-19]   File "/home/yahboom/swerve_bringup/install/swerve_bringup/lib/swerve_bringup/swerve_odometry_node", line 221, in <module>
[swerve_odometry_node-19]     main()
[swerve_odometry_node-19]   File "/home/yahboom/swerve_bringup/install/swerve_bringup/lib/swerve_bringup/swerve_odometry_node", line 215, in main
[swerve_odometry_node-19]     node.destroy_node()
[swerve_odometry_node-19]   File "/opt/ros/humble/local/lib/python3.10/dist-packages/rclpy/node.py", line 1691, in destroy_node
[swerve_odometry_node-19]     self.destroy_service(self._services[0])
[swerve_odometry_node-19]   File "/opt/ros/humble/local/lib/python3.10/dist-packages/rclpy/node.py", line 1615, in destroy_service
[swerve_odometry_node-19]     service.destroy()
[swerve_odometry_node-19]   File "/opt/ros/humble/local/lib/python3.10/dist-packages/rclpy/service.py", line 93, in destroy
[swerve_odometry_node-19]     self.__service.destroy_when_not_in_use()
[swerve_odometry_node-19] KeyboardInterrupt
[behavior_server-10] [INFO] [1789644098.721065129] [rclcpp]: signal_handler(signum=2)
[controller_server-8] [INFO] [1789644098.732289563] [rclcpp]: signal_handler(signum=2)
[planner_server-9] [INFO] [1789644098.736349342] [rclcpp]: signal_handler(signum=2)
[controller_server-8] [INFO] [1789644098.740028851] [controller_server]: Cleaning up
[controller_server-8] [INFO] [1789644098.740198105] [local_costmap.local_costmap]: Cleaning up
[v30e_sim_node-5] Traceback (most recent call last):
[v30e_sim_node-5]   File "/home/yahboom/swerve_bringup/install/swerve_bringup/lib/swerve_bringup/v30e_sim_node", line 188, in <module>
[v30e_sim_node-5]     if __name__ == '__main__': main()
[v30e_sim_node-5]   File "/home/yahboom/swerve_bringup/install/swerve_bringup/lib/swerve_bringup/v30e_sim_node", line 185, in main
[v30e_sim_node-5]     node.destroy_node(); rclpy.shutdown()
[v30e_sim_node-5]   File "/opt/ros/humble/local/lib/python3.10/dist-packages/rclpy/node.py", line 1689, in destroy_node
[v30e_sim_node-5]     self.destroy_client(self._clients[0])
[v30e_sim_node-5]   File "/opt/ros/humble/local/lib/python3.10/dist-packages/rclpy/node.py", line 1599, in destroy_client
[v30e_sim_node-5]     client.destroy()
[v30e_sim_node-5]   File "/opt/ros/humble/local/lib/python3.10/dist-packages/rclpy/client.py", line 187, in destroy
[v30e_sim_node-5]     self.__client.destroy_when_not_in_use()
[v30e_sim_node-5] KeyboardInterrupt
[robot_state_publisher-2] [INFO] [1789644098.811830653] [rclcpp]: signal_handler(signum=2)
[ERROR] [ekf_node-4]: process has died [pid 186456, exit code -2, cmd '/opt/ros/humble/lib/robot_localization/ekf_node --ros-args -r __node:=ekf_filter_node --params-file /home/yahboom/swerve_bringup/install/swerve_bringup/share/swerve_bringup/config/ekf.yaml --params-file /tmp/launch_params_gurn6rf9 -r /odom:=/odom -r /imu/data:=/imu/data'].
[bt_navigator-11] [INFO] [1789644098.952857001] [bt_navigator]: Completed Cleaning up
[bt_navigator-11] [INFO] [1789644098.952942903] [bt_navigator]: Destroying bond (bt_navigator) to lifecycle manager.
[bt_navigator-11] [INFO] [1789644098.967035709] [bt_navigator]: Destroying
[planner_server-9] [INFO] [1789644099.069989822] [planner_server]: Deactivating plugin GridBased of type NavfnPlanner
[planner_server-9] [INFO] [1789644099.070057729] [planner_server]: Destroying bond (planner_server) to lifecycle manager.
[behavior_server-10] [INFO] [1789644099.832800305] [behavior_server]: Destroying bond (behavior_server) to lifecycle manager.
[behavior_server-10] [INFO] [1789644099.852111861] [behavior_server]: Destroying
[INFO] [behavior_server-10]: process has finished cleanly [pid 186478]
[waypoint_follower-12] [INFO] [1789644100.581182516] [waypoint_follower]: Destroying bond (waypoint_follower) to lifecycle manager.
[waypoint_follower-12] [INFO] [1789644100.593029800] [waypoint_follower]: Destroying
[planner_server-9] [INFO] [1789644100.617463696] [planner_server]: Cleaning up
[lifecycle_manager-13] [INFO] [1789644100.650051386] [lifecycle_manager_navigation]: Destroying lifecycle_manager_navigation
[ERROR] [swerve_odometry_node-19]: process has died [pid 187160, exit code -2, cmd '/home/yahboom/swerve_bringup/install/swerve_bringup/lib/swerve_bringup/swerve_odometry_node --ros-args -r __node:=swerve_odometry --params-file /home/yahboom/swerve_bringup/install/swerve_bringup/share/swerve_bringup/config/swerve_odometry.yaml --params-file /tmp/launch_params_jb2ze88a'].
[planner_server-9] [INFO] [1789644100.691393181] [global_costmap.global_costmap]: Cleaning up
[ERROR] [v30e_sim_node-5]: process has died [pid 186458, exit code -2, cmd '/home/yahboom/swerve_bringup/install/swerve_bringup/lib/swerve_bringup/v30e_sim_node --ros-args -r __node:=v30e_sim_node --params-file /home/yahboom/swerve_bringup/install/swerve_bringup/share/swerve_bringup/config/v30e_sim.yaml --params-file /tmp/launch_params_vq37j4t5'].
[planner_server-9] [INFO] [1789644100.696468463] [planner_server]: Cleaning up plugin GridBased of type NavfnPlanner
[planner_server-9] [INFO] [1789644100.696647569] [planner_server]: Destroying plugin GridBased of type NavfnPlanner
[planner_server-9] [INFO] [1789644100.701169305] [planner_server]: Destroying bond (planner_server) to lifecycle manager.
[controller_server-8] [INFO] [1789644100.705309976] [controller_server]: Destroying bond (controller_server) to lifecycle manager.
[INFO] [robot_state_publisher-2]: process has finished cleanly [pid 186452]
[controller_server-8] [INFO] [1789644100.748429607] [local_costmap.local_costmap]: Destroying
[planner_server-9] [INFO] [1789644100.750230874] [global_costmap.global_costmap]: Destroying
[INFO] [waypoint_follower-12]: process has finished cleanly [pid 186500]
[controller_server-8] [INFO] [1789644100.790927444] [controller_server]: Destroying
[ERROR] [swerve_controller_node-18]: process has died [pid 187158, exit code -2, cmd '/home/yahboom/swerve_bringup/install/swerve_bringup/lib/swerve_bringup/swerve_controller_node --ros-args -r __node:=swerve_controller --params-file /home/yahboom/swerve_bringup/install/swerve_bringup/share/swerve_bringup/config/swerve_controller.yaml --params-file /tmp/launch_params_y_s6dq4v'].
[planner_server-9] [INFO] [1789644100.801327115] [planner_server]: Destroying
[INFO] [lifecycle_manager-13]: process has finished cleanly [pid 186538]
[INFO] [controller_server-8]: process has finished cleanly [pid 186466]
[INFO] [planner_server-9]: process has finished cleanly [pid 186475]
[INFO] [gzserver-1]: process has finished cleanly [pid 186450]
[ERROR] [bt_navigator-11]: process has died [pid 186492, exit code -11, cmd '/opt/ros/humble/lib/nav2_bt_navigator/bt_navigator --ros-args -r __node:=bt_navigator --params-file /home/yahboom/swerve_bringup/install/swerve_bringup/share/swerve_bringup/swerve_navigation/config/nav2_params.yaml --params-file /tmp/launch_params_a63yifyp'].
