[INFO] [launch]: All log files can be found below /home/yahboom/.ros/log/2026-09-18-00-05-10-334037-yahboom-virtual-machine-232693
[INFO] [launch]: Default logging verbosity is set to INFO
[INFO] [launch.user]: CONTACT_DIAGNOSTICS=true
[INFO] [gzserver-1]: process started with pid [232744]
[INFO] [robot_state_publisher-2]: process started with pid [232746]
[INFO] [spawn_entity.py-3]: process started with pid [232748]
[INFO] [ekf_node-4]: process started with pid [232750]
[INFO] [v30e_sim_node-5]: process started with pid [232752]
[INFO] [ekf_node-6]: process started with pid [232754]
[INFO] [map_server-7]: process started with pid [232756]
[INFO] [controller_server-8]: process started with pid [232759]
[INFO] [planner_server-9]: process started with pid [232767]
[INFO] [behavior_server-10]: process started with pid [232771]
[INFO] [bt_navigator-11]: process started with pid [232774]
[INFO] [waypoint_follower-12]: process started with pid [232780]
[INFO] [lifecycle_manager-13]: process started with pid [232785]
[INFO] [swerve_bridge_node-14]: process started with pid [232796]
[robot_state_publisher-2] [INFO] [1789661113.466053898] [robot_state_publisher]: got segment base_footprint
[robot_state_publisher-2] [INFO] [1789661113.470954180] [robot_state_publisher]: got segment base_link
[robot_state_publisher-2] [INFO] [1789661113.470989504] [robot_state_publisher]: got segment imu_link
[robot_state_publisher-2] [INFO] [1789661113.470999070] [robot_state_publisher]: got segment lidar_link
[robot_state_publisher-2] [INFO] [1789661113.471006772] [robot_state_publisher]: got segment steer_front_link
[robot_state_publisher-2] [INFO] [1789661113.471014381] [robot_state_publisher]: got segment steer_rear_link
[robot_state_publisher-2] [INFO] [1789661113.471021480] [robot_state_publisher]: got segment v30e_link
[robot_state_publisher-2] [INFO] [1789661113.471028184] [robot_state_publisher]: got segment wheel_front_drive_link
[robot_state_publisher-2] [INFO] [1789661113.471035448] [robot_state_publisher]: got segment wheel_front_left_fork_link
[robot_state_publisher-2] [INFO] [1789661113.471042327] [robot_state_publisher]: got segment wheel_front_left_link
[robot_state_publisher-2] [INFO] [1789661113.471049205] [robot_state_publisher]: got segment wheel_front_right_fork_link
[robot_state_publisher-2] [INFO] [1789661113.471055828] [robot_state_publisher]: got segment wheel_front_right_link
[robot_state_publisher-2] [INFO] [1789661113.471062406] [robot_state_publisher]: got segment wheel_rear_drive_link
[robot_state_publisher-2] [INFO] [1789661113.471069252] [robot_state_publisher]: got segment wheel_rear_left_fork_link
[robot_state_publisher-2] [INFO] [1789661113.471075864] [robot_state_publisher]: got segment wheel_rear_left_link
[robot_state_publisher-2] [INFO] [1789661113.471082979] [robot_state_publisher]: got segment wheel_rear_right_fork_link
[robot_state_publisher-2] [INFO] [1789661113.471089408] [robot_state_publisher]: got segment wheel_rear_right_link
[controller_server-8] [INFO] [1789661113.503674299] [controller_server]: 
[controller_server-8] 	controller_server lifecycle node launched. 
[controller_server-8] 	Waiting on external lifecycle transitions to activate
[controller_server-8] 	See https://design.ros2.org/articles/node_lifecycle.html for more information.
[controller_server-8] [INFO] [1789661113.512289483] [controller_server]: Creating controller server
[waypoint_follower-12] [INFO] [1789661113.581358253] [waypoint_follower]: 
[waypoint_follower-12] 	waypoint_follower lifecycle node launched. 
[waypoint_follower-12] 	Waiting on external lifecycle transitions to activate
[waypoint_follower-12] 	See https://design.ros2.org/articles/node_lifecycle.html for more information.
[waypoint_follower-12] [INFO] [1789661113.590667676] [waypoint_follower]: Creating
[map_server-7] [INFO] [1789661113.632023013] [map_server]: 
[map_server-7] 	map_server lifecycle node launched. 
[map_server-7] 	Waiting on external lifecycle transitions to activate
[map_server-7] 	See https://design.ros2.org/articles/node_lifecycle.html for more information.
[map_server-7] [INFO] [1789661113.632199652] [map_server]: Creating
[lifecycle_manager-13] [INFO] [1789661113.654768287] [lifecycle_manager_navigation]: Creating
[lifecycle_manager-13] [INFO] [1789661113.666305077] [lifecycle_manager_navigation]: [34m[1mCreating and initializing lifecycle service clients[0m[0m
[swerve_bridge_node-14] Traceback (most recent call last):
[swerve_bridge_node-14]   File "/home/yahboom/swerve_bringup/install/swerve_bridge/lib/swerve_bridge/swerve_bridge_node", line 33, in <module>
[swerve_bridge_node-14]     sys.exit(load_entry_point('swerve-bridge', 'console_scripts', 'swerve_bridge_node')())
[swerve_bridge_node-14]   File "/home/yahboom/swerve_bringup/install/swerve_bridge/lib/swerve_bridge/swerve_bridge_node", line 22, in importlib_load_entry_point
[swerve_bridge_node-14]     for entry_point in distribution(dist_name).entry_points
[swerve_bridge_node-14]   File "/usr/lib/python3.10/importlib/metadata/__init__.py", line 969, in distribution
[swerve_bridge_node-14]     return Distribution.from_name(distribution_name)
[swerve_bridge_node-14]   File "/usr/lib/python3.10/importlib/metadata/__init__.py", line 548, in from_name
[swerve_bridge_node-14]     raise PackageNotFoundError(name)
[swerve_bridge_node-14] importlib.metadata.PackageNotFoundError: No package metadata was found for swerve-bridge
[ERROR] [swerve_bridge_node-14]: process has died [pid 232796, exit code 1, cmd '/home/yahboom/swerve_bringup/install/swerve_bridge/lib/swerve_bridge/swerve_bridge_node --ros-args -r __node:=swerve_bridge --params-file /home/yahboom/swerve_bringup/install/swerve_bridge/share/swerve_bridge/config/bridge.yaml --params-file /tmp/launch_params_56w6uyeb'].
[controller_server-8] [INFO] [1789661114.047650218] [local_costmap.local_costmap]: 
[controller_server-8] 	local_costmap lifecycle node launched. 
[controller_server-8] 	Waiting on external lifecycle transitions to activate
[controller_server-8] 	See https://design.ros2.org/articles/node_lifecycle.html for more information.
[controller_server-8] [INFO] [1789661114.048312006] [local_costmap.local_costmap]: Creating Costmap
[bt_navigator-11] [INFO] [1789661114.049186149] [bt_navigator]: 
[bt_navigator-11] 	bt_navigator lifecycle node launched. 
[bt_navigator-11] 	Waiting on external lifecycle transitions to activate
[bt_navigator-11] 	See https://design.ros2.org/articles/node_lifecycle.html for more information.
[bt_navigator-11] [INFO] [1789661114.049336848] [bt_navigator]: Creating
[behavior_server-10] [INFO] [1789661114.069056743] [behavior_server]: 
[behavior_server-10] 	behavior_server lifecycle node launched. 
[behavior_server-10] 	Waiting on external lifecycle transitions to activate
[behavior_server-10] 	See https://design.ros2.org/articles/node_lifecycle.html for more information.
[planner_server-9] [INFO] [1789661114.270051269] [planner_server]: 
[planner_server-9] 	planner_server lifecycle node launched. 
[planner_server-9] 	Waiting on external lifecycle transitions to activate
[planner_server-9] 	See https://design.ros2.org/articles/node_lifecycle.html for more information.
[planner_server-9] [INFO] [1789661114.271825123] [planner_server]: Creating
[lifecycle_manager-13] [INFO] [1789661114.382559009] [lifecycle_manager_navigation]: [34m[1mStarting managed nodes bringup...[0m[0m
[lifecycle_manager-13] [INFO] [1789661114.382628939] [lifecycle_manager_navigation]: [34m[1mConfiguring map_server[0m[0m
[map_server-7] [INFO] [1789661114.388096366] [map_server]: Configuring
[map_server-7] [INFO] [1789661114.388196008] [map_io]: Loading yaml file: /home/yahboom/swerve_bringup/install/swerve_bringup/share/swerve_bringup/swerve_navigation/maps/warehouse.yaml
[map_server-7] [INFO] [1789661114.388528101] [map_io]: resolution: 0.05
[map_server-7] [INFO] [1789661114.388544547] [map_io]: origin[0]: -17.2
[map_server-7] [INFO] [1789661114.388551024] [map_io]: origin[1]: -17.4
[map_server-7] [INFO] [1789661114.388556508] [map_io]: origin[2]: 0
[map_server-7] [INFO] [1789661114.388562299] [map_io]: free_thresh: 0.25
[map_server-7] [INFO] [1789661114.388567857] [map_io]: occupied_thresh: 0.65
[map_server-7] [INFO] [1789661114.388573783] [map_io]: mode: trinary
[map_server-7] [INFO] [1789661114.388579781] [map_io]: negate: 0
[map_server-7] [INFO] [1789661114.388830981] [map_io]: Loading image_file: /home/yahboom/swerve_bringup/install/swerve_bringup/share/swerve_bringup/swerve_navigation/maps/warehouse.pgm
[map_server-7] [INFO] [1789661114.495049495] [map_io]: Read map /home/yahboom/swerve_bringup/install/swerve_bringup/share/swerve_bringup/swerve_navigation/maps/warehouse.pgm: 676 X 680 map @ 0.05 m/cell
[planner_server-9] [INFO] [1789661114.522117960] [global_costmap.global_costmap]: 
[planner_server-9] 	global_costmap lifecycle node launched. 
[planner_server-9] 	Waiting on external lifecycle transitions to activate
[planner_server-9] 	See https://design.ros2.org/articles/node_lifecycle.html for more information.
[planner_server-9] [INFO] [1789661114.522628839] [global_costmap.global_costmap]: Creating Costmap
[lifecycle_manager-13] [INFO] [1789661114.682799071] [lifecycle_manager_navigation]: [34m[1mConfiguring controller_server[0m[0m
[controller_server-8] [INFO] [1789661114.689301819] [controller_server]: Configuring controller interface
[controller_server-8] [INFO] [1789661114.694009856] [controller_server]: getting goal checker plugins..
[controller_server-8] [INFO] [1789661114.694095008] [controller_server]: Controller frequency set to 10.0000Hz
[controller_server-8] [INFO] [1789661114.694134412] [local_costmap.local_costmap]: Configuring
[controller_server-8] [INFO] [1789661114.795985735] [local_costmap.local_costmap]: Using plugin "voxel_layer"
[controller_server-8] [INFO] [1789661114.809119723] [local_costmap.local_costmap]: Subscribed to Topics: lidar3d scan
[controller_server-8] [INFO] [1789661114.845368105] [local_costmap.local_costmap]: Initialized plugin "voxel_layer"
[controller_server-8] [INFO] [1789661114.845962504] [local_costmap.local_costmap]: Using plugin "inflation_layer"
[controller_server-8] [INFO] [1789661114.850785806] [local_costmap.local_costmap]: Initialized plugin "inflation_layer"
[controller_server-8] [INFO] [1789661114.895590979] [controller_server]: Created progress_checker : progress_checker of type nav2_controller::SimpleProgressChecker
[controller_server-8] [INFO] [1789661114.906686337] [controller_server]: Created goal checker : general_goal_checker of type nav2_controller::SimpleGoalChecker
[controller_server-8] [INFO] [1789661114.912474447] [controller_server]: Controller Server has general_goal_checker  goal checkers available.
[controller_server-8] [INFO] [1789661114.914222962] [controller_server]: Created controller : FollowPath of type dwb_core::DWBLocalPlanner
[controller_server-8] [INFO] [1789661114.918633805] [controller_server]: Setting transform_tolerance to 0.200000
[controller_server-8] [INFO] [1789661115.152176140] [controller_server]: Using critic "RotateToGoal" (dwb_critics::RotateToGoalCritic)
[controller_server-8] [INFO] [1789661115.152461610] [controller_server]: Critic plugin initialized
[controller_server-8] [INFO] [1789661115.152538215] [controller_server]: Using critic "Oscillation" (dwb_critics::OscillationCritic)
[controller_server-8] [INFO] [1789661115.152780951] [controller_server]: Critic plugin initialized
[controller_server-8] [INFO] [1789661115.152857142] [controller_server]: Using critic "BaseObstacle" (dwb_critics::BaseObstacleCritic)
[controller_server-8] [INFO] [1789661115.152936389] [controller_server]: Critic plugin initialized
[controller_server-8] [INFO] [1789661115.152999020] [controller_server]: Using critic "GoalAlign" (dwb_critics::GoalAlignCritic)
[controller_server-8] [INFO] [1789661115.153341018] [controller_server]: Critic plugin initialized
[controller_server-8] [INFO] [1789661115.153405456] [controller_server]: Using critic "PathAlign" (dwb_critics::PathAlignCritic)
[controller_server-8] [INFO] [1789661115.203044958] [controller_server]: Critic plugin initialized
[controller_server-8] [INFO] [1789661115.220635647] [controller_server]: Using critic "PathDist" (dwb_critics::PathDistCritic)
[controller_server-8] [INFO] [1789661115.228152458] [controller_server]: Critic plugin initialized
[controller_server-8] [INFO] [1789661115.235623352] [controller_server]: Using critic "GoalDist" (dwb_critics::GoalDistCritic)
[controller_server-8] [INFO] [1789661115.265339591] [controller_server]: Critic plugin initialized
[controller_server-8] [INFO] [1789661115.265430249] [controller_server]: Controller Server has FollowPath  controllers available.
[spawn_entity.py-3] [INFO] [1789661115.309223109] [spawn_swerve]: Spawn Entity started
[spawn_entity.py-3] [INFO] [1789661115.309809320] [spawn_swerve]: Loading entity published on topic robot_description
[spawn_entity.py-3] [INFO] [1789661115.329383410] [spawn_swerve]: Waiting for entity xml on robot_description
[spawn_entity.py-3] [INFO] [1789661115.352570084] [spawn_swerve]: Waiting for service /spawn_entity, timeout = 30
[spawn_entity.py-3] [INFO] [1789661115.356222343] [spawn_swerve]: Waiting for service /spawn_entity
[lifecycle_manager-13] [INFO] [1789661115.436700400] [lifecycle_manager_navigation]: [34m[1mConfiguring planner_server[0m[0m
[planner_server-9] [INFO] [1789661115.437995590] [planner_server]: Configuring
[planner_server-9] [INFO] [1789661115.438059954] [global_costmap.global_costmap]: Configuring
[planner_server-9] [INFO] [1789661115.505370814] [global_costmap.global_costmap]: Using plugin "static_layer"
[planner_server-9] [INFO] [1789661115.510436362] [global_costmap.global_costmap]: Subscribing to the map topic (/map) with transient local durability
[planner_server-9] [INFO] [1789661115.521557638] [global_costmap.global_costmap]: Initialized plugin "static_layer"
[planner_server-9] [INFO] [1789661115.521645540] [global_costmap.global_costmap]: Using plugin "obstacle_layer"
[planner_server-9] [INFO] [1789661115.531247951] [global_costmap.global_costmap]: Subscribed to Topics: scan
[planner_server-9] [INFO] [1789661115.566506179] [global_costmap.global_costmap]: Initialized plugin "obstacle_layer"
[planner_server-9] [INFO] [1789661115.569940084] [global_costmap.global_costmap]: Using plugin "inflation_layer"
[v30e_sim_node-5] [INFO] [1789661115.576654270] [v30e_sim_node]: Using Gazebo /get_entity_state internally; odometry is not a V30E measurement input
[planner_server-9] [INFO] [1789661115.581749104] [global_costmap.global_costmap]: Initialized plugin "inflation_layer"
[planner_server-9] [INFO] [1789661115.655569222] [planner_server]: Created global planner plugin GridBased of type nav2_navfn_planner/NavfnPlanner
[planner_server-9] [INFO] [1789661115.655634082] [planner_server]: Configuring plugin GridBased of type NavfnPlanner
[planner_server-9] [INFO] [1789661115.660921191] [planner_server]: Planner Server has GridBased  planners available.
[lifecycle_manager-13] [INFO] [1789661115.768228892] [lifecycle_manager_navigation]: [34m[1mConfiguring behavior_server[0m[0m
[behavior_server-10] [INFO] [1789661115.769362819] [behavior_server]: Configuring
[behavior_server-10] [INFO] [1789661115.827418425] [behavior_server]: Creating behavior plugin spin of type nav2_behaviors/Spin
[behavior_server-10] [INFO] [1789661115.830568830] [behavior_server]: Configuring spin
[behavior_server-10] [INFO] [1789661115.892847169] [behavior_server]: Creating behavior plugin backup of type nav2_behaviors/BackUp
[behavior_server-10] [INFO] [1789661115.894312006] [behavior_server]: Configuring backup
[behavior_server-10] [INFO] [1789661115.943003368] [behavior_server]: Creating behavior plugin drive_on_heading of type nav2_behaviors/DriveOnHeading
[behavior_server-10] [INFO] [1789661115.943921305] [behavior_server]: Configuring drive_on_heading
[behavior_server-10] [INFO] [1789661115.987317724] [behavior_server]: Creating behavior plugin wait of type nav2_behaviors/Wait
[behavior_server-10] [INFO] [1789661115.988145963] [behavior_server]: Configuring wait
[lifecycle_manager-13] [INFO] [1789661116.042556111] [lifecycle_manager_navigation]: [34m[1mConfiguring bt_navigator[0m[0m
[bt_navigator-11] [INFO] [1789661116.044541002] [bt_navigator]: Configuring
[lifecycle_manager-13] [INFO] [1789661116.427503395] [lifecycle_manager_navigation]: [34m[1mConfiguring waypoint_follower[0m[0m
[waypoint_follower-12] [INFO] [1789661116.430166126] [waypoint_follower]: Configuring
[waypoint_follower-12] [INFO] [1789661116.562768784] [waypoint_follower]: Created waypoint_task_executor : wait_at_waypoint of type nav2_waypoint_follower::WaitAtWaypoint
[waypoint_follower-12] [INFO] [1789661116.565727625] [waypoint_follower]: Waypoint pause duration is set to zero, disabling task executor plugin.
[lifecycle_manager-13] [INFO] [1789661116.571834683] [lifecycle_manager_navigation]: [34m[1mActivating map_server[0m[0m
[map_server-7] [INFO] [1789661116.572278628] [map_server]: Activating
[map_server-7] [INFO] [1789661116.573323235] [map_server]: Creating bond (map_server) to lifecycle manager.
[planner_server-9] [INFO] [1789661116.575654849] [global_costmap.global_costmap]: StaticLayer: Resizing costmap to 676 X 680 at 0.050000 m/pix
[lifecycle_manager-13] [INFO] [1789661116.699001594] [lifecycle_manager_navigation]: Server map_server connected with bond.
[lifecycle_manager-13] [INFO] [1789661116.699839358] [lifecycle_manager_navigation]: [34m[1mActivating controller_server[0m[0m
[controller_server-8] [INFO] [1789661116.700339632] [controller_server]: Activating
[controller_server-8] [INFO] [1789661116.700396819] [local_costmap.local_costmap]: Activating
[controller_server-8] [INFO] [1789661116.700413686] [local_costmap.local_costmap]: Checking transform
[controller_server-8] [INFO] [1789661116.700448441] [local_costmap.local_costmap]: Timed out waiting for transform from base_footprint to odom to become available, tf error: Invalid frame ID "odom" passed to canTransform argument target_frame - frame does not exist
[controller_server-8] [INFO] [1789661117.201675970] [local_costmap.local_costmap]: Timed out waiting for transform from base_footprint to odom to become available, tf error: Invalid frame ID "odom" passed to canTransform argument target_frame - frame does not exist
[controller_server-8] [INFO] [1789661117.701154710] [local_costmap.local_costmap]: Timed out waiting for transform from base_footprint to odom to become available, tf error: Invalid frame ID "odom" passed to canTransform argument target_frame - frame does not exist
[controller_server-8] [INFO] [1789661118.201914841] [local_costmap.local_costmap]: Timed out waiting for transform from base_footprint to odom to become available, tf error: Invalid frame ID "odom" passed to canTransform argument target_frame - frame does not exist
[controller_server-8] [INFO] [1789661118.701143058] [local_costmap.local_costmap]: Timed out waiting for transform from base_footprint to odom to become available, tf error: Invalid frame ID "odom" passed to canTransform argument target_frame - frame does not exist
[controller_server-8] [INFO] [1789661119.200537660] [local_costmap.local_costmap]: Timed out waiting for transform from base_footprint to odom to become available, tf error: Invalid frame ID "odom" passed to canTransform argument target_frame - frame does not exist
[controller_server-8] [INFO] [1789661119.702377422] [local_costmap.local_costmap]: Timed out waiting for transform from base_footprint to odom to become available, tf error: Invalid frame ID "odom" passed to canTransform argument target_frame - frame does not exist
[controller_server-8] [INFO] [1789661120.200649970] [local_costmap.local_costmap]: Timed out waiting for transform from base_footprint to odom to become available, tf error: Invalid frame ID "odom" passed to canTransform argument target_frame - frame does not exist
[controller_server-8] [INFO] [1789661120.703853426] [local_costmap.local_costmap]: Timed out waiting for transform from base_footprint to odom to become available, tf error: Invalid frame ID "odom" passed to canTransform argument target_frame - frame does not exist
[spawn_entity.py-3] [INFO] [1789661121.180517580] [spawn_swerve]: Calling service /spawn_entity
[controller_server-8] [INFO] [1789661121.200677315] [local_costmap.local_costmap]: Timed out waiting for transform from base_footprint to odom to become available, tf error: Invalid frame ID "odom" passed to canTransform argument target_frame - frame does not exist
[gzserver-1] [INFO] [1789661121.461787213] [gazebo_ros_state]: Publishing states of gazebo models at [/model_states]
[gzserver-1] [INFO] [1789661121.469752595] [gazebo_ros_state]: Publishing states of gazebo links at [/link_states]
[controller_server-8] [INFO] [1789661121.701374867] [local_costmap.local_costmap]: Timed out waiting for transform from base_footprint to odom to become available, tf error: Invalid frame ID "odom" passed to canTransform argument target_frame - frame does not exist
[controller_server-8] [INFO] [1789661122.201475573] [local_costmap.local_costmap]: Timed out waiting for transform from base_footprint to odom to become available, tf error: Invalid frame ID "odom" passed to canTransform argument target_frame - frame does not exist
[gzserver-1] [INFO] [1789661122.271386230] [imu.imu_ros]: <initial_orientation_as_reference> is unset, using default value of false to comply with REP 145 (world as orientation reference)
[controller_server-8] [INFO] [1789661122.700630613] [local_costmap.local_costmap]: Timed out waiting for transform from base_footprint to odom to become available, tf error: Invalid frame ID "odom" passed to canTransform argument target_frame - frame does not exist
[controller_server-8] [INFO] [1789661123.202516614] [local_costmap.local_costmap]: Timed out waiting for transform from base_footprint to odom to become available, tf error: Invalid frame ID "odom" passed to canTransform argument target_frame - frame does not exist
[controller_server-8] [INFO] [1789661123.700903094] [local_costmap.local_costmap]: Timed out waiting for transform from base_footprint to odom to become available, tf error: Invalid frame ID "odom" passed to canTransform argument target_frame - frame does not exist
[controller_server-8] [INFO] [1789661124.201659100] [local_costmap.local_costmap]: Timed out waiting for transform from base_footprint to odom to become available, tf error: Invalid frame ID "odom" passed to canTransform argument target_frame - frame does not exist
[controller_server-8] [INFO] [1789661124.701366841] [local_costmap.local_costmap]: Timed out waiting for transform from base_footprint to odom to become available, tf error: Invalid frame ID "odom" passed to canTransform argument target_frame - frame does not exist
[controller_server-8] [INFO] [1789661125.201487736] [local_costmap.local_costmap]: Timed out waiting for transform from base_footprint to odom to become available, tf error: Invalid frame ID "odom" passed to canTransform argument target_frame - frame does not exist
[controller_server-8] [INFO] [1789661125.701003347] [local_costmap.local_costmap]: Timed out waiting for transform from base_footprint to odom to become available, tf error: Invalid frame ID "odom" passed to canTransform argument target_frame - frame does not exist
[controller_server-8] [INFO] [1789661126.202543270] [local_costmap.local_costmap]: Timed out waiting for transform from base_footprint to odom to become available, tf error: Invalid frame ID "odom" passed to canTransform argument target_frame - frame does not exist
[controller_server-8] [INFO] [1789661126.700996216] [local_costmap.local_costmap]: Timed out waiting for transform from base_footprint to odom to become available, tf error: Invalid frame ID "odom" passed to canTransform argument target_frame - frame does not exist
[controller_server-8] [INFO] [1789661127.200813226] [local_costmap.local_costmap]: Timed out waiting for transform from base_footprint to odom to become available, tf error: Invalid frame ID "odom" passed to canTransform argument target_frame - frame does not exist
[controller_server-8] [INFO] [1789661127.700667865] [local_costmap.local_costmap]: Timed out waiting for transform from base_footprint to odom to become available, tf error: Invalid frame ID "odom" passed to canTransform argument target_frame - frame does not exist
[controller_server-8] [INFO] [1789661128.200816183] [local_costmap.local_costmap]: Timed out waiting for transform from base_footprint to odom to become available, tf error: Invalid frame ID "odom" passed to canTransform argument target_frame - frame does not exist
[controller_server-8] [INFO] [1789661128.701218152] [local_costmap.local_costmap]: Timed out waiting for transform from base_footprint to odom to become available, tf error: Invalid frame ID "odom" passed to canTransform argument target_frame - frame does not exist
[controller_server-8] [INFO] [1789661129.200801414] [local_costmap.local_costmap]: Timed out waiting for transform from base_footprint to odom to become available, tf error: Invalid frame ID "odom" passed to canTransform argument target_frame - frame does not exist
[controller_server-8] [INFO] [1789661129.701368094] [local_costmap.local_costmap]: Timed out waiting for transform from base_footprint to odom to become available, tf error: Invalid frame ID "odom" passed to canTransform argument target_frame - frame does not exist
[controller_server-8] [INFO] [1789661130.201000547] [local_costmap.local_costmap]: Timed out waiting for transform from base_footprint to odom to become available, tf error: Invalid frame ID "odom" passed to canTransform argument target_frame - frame does not exist
[controller_server-8] [INFO] [1789661130.701104933] [local_costmap.local_costmap]: Timed out waiting for transform from base_footprint to odom to become available, tf error: Invalid frame ID "odom" passed to canTransform argument target_frame - frame does not exist
[controller_server-8] [INFO] [1789661131.201052474] [local_costmap.local_costmap]: Timed out waiting for transform from base_footprint to odom to become available, tf error: Invalid frame ID "odom" passed to canTransform argument target_frame - frame does not exist
[controller_server-8] [INFO] [1789661131.703310610] [local_costmap.local_costmap]: Timed out waiting for transform from base_footprint to odom to become available, tf error: Invalid frame ID "odom" passed to canTransform argument target_frame - frame does not exist
[controller_server-8] [INFO] [1789661132.201238543] [local_costmap.local_costmap]: Timed out waiting for transform from base_footprint to odom to become available, tf error: Invalid frame ID "odom" passed to canTransform argument target_frame - frame does not exist
[controller_server-8] [INFO] [1789661132.701789651] [local_costmap.local_costmap]: Timed out waiting for transform from base_footprint to odom to become available, tf error: Invalid frame ID "odom" passed to canTransform argument target_frame - frame does not exist
[controller_server-8] [INFO] [1789661133.200559278] [local_costmap.local_costmap]: Timed out waiting for transform from base_footprint to odom to become available, tf error: Invalid frame ID "odom" passed to canTransform argument target_frame - frame does not exist
[controller_server-8] [INFO] [1789661133.701630340] [local_costmap.local_costmap]: Timed out waiting for transform from base_footprint to odom to become available, tf error: Invalid frame ID "odom" passed to canTransform argument target_frame - frame does not exist
[controller_server-8] [INFO] [1789661134.200606091] [local_costmap.local_costmap]: Timed out waiting for transform from base_footprint to odom to become available, tf error: Invalid frame ID "odom" passed to canTransform argument target_frame - frame does not exist
[controller_server-8] [INFO] [1789661134.700817768] [local_costmap.local_costmap]: Timed out waiting for transform from base_footprint to odom to become available, tf error: Invalid frame ID "odom" passed to canTransform argument target_frame - frame does not exist
[controller_server-8] [INFO] [1789661135.200729147] [local_costmap.local_costmap]: Timed out waiting for transform from base_footprint to odom to become available, tf error: Invalid frame ID "odom" passed to canTransform argument target_frame - frame does not exist
[controller_server-8] [INFO] [1789661135.701775628] [local_costmap.local_costmap]: Timed out waiting for transform from base_footprint to odom to become available, tf error: Invalid frame ID "odom" passed to canTransform argument target_frame - frame does not exist
[gzserver-1] [INFO] [1789661135.798338197] [contact_load.wheel_front_drive_link_contact_plugin]: Publishing contact states to [/contact_load/wheel_front_drive_link]
[gzserver-1] [INFO] [1789661135.916168570] [contact_load.wheel_rear_drive_link_contact_plugin]: Publishing contact states to [/contact_load/wheel_rear_drive_link]
[gzserver-1] [INFO] [1789661135.984913368] [contact_load.wheel_front_left_link_contact_plugin]: Publishing contact states to [/contact_load/wheel_front_left_link]
[gzserver-1] [INFO] [1789661136.097583301] [contact_load.wheel_front_right_link_contact_plugin]: Publishing contact states to [/contact_load/wheel_front_right_link]
[controller_server-8] [INFO] [1789661136.200700075] [local_costmap.local_costmap]: Timed out waiting for transform from base_footprint to odom to become available, tf error: Invalid frame ID "odom" passed to canTransform argument target_frame - frame does not exist
[gzserver-1] [INFO] [1789661136.253389721] [contact_load.wheel_rear_left_link_contact_plugin]: Publishing contact states to [/contact_load/wheel_rear_left_link]
[spawn_entity.py-3] [INFO] [1789661136.270017052] [spawn_swerve]: Spawn status: SpawnEntity: Successfully spawned entity [swerve_base]
[gzserver-1] [INFO] [1789661136.390678084] [contact_load.wheel_rear_right_link_contact_plugin]: Publishing contact states to [/contact_load/wheel_rear_right_link]
[gzserver-1] [INFO] [1789661136.520592205] [gazebo_ros2_control]: Loading gazebo_ros2_control plugin
[INFO] [spawn_entity.py-3]: process has finished cleanly [pid 232748]
[INFO] [spawner-15]: process started with pid [233294]
[gzserver-1] [INFO] [1789661136.624455855] [gazebo_ros2_control]: Starting gazebo_ros2_control plugin in namespace: /
[gzserver-1] [INFO] [1789661136.624543124] [gazebo_ros2_control]: Starting gazebo_ros2_control plugin in ros 2 node: gazebo_ros2_control
[gzserver-1] [INFO] [1789661136.694934812] [gazebo_ros2_control]: connected to service!! robot_state_publisher
[controller_server-8] [INFO] [1789661136.702363398] [local_costmap.local_costmap]: Timed out waiting for transform from base_footprint to odom to become available, tf error: Invalid frame ID "odom" passed to canTransform argument target_frame - frame does not exist
[gzserver-1] [INFO] [1789661136.706875559] [gazebo_ros2_control]: Received urdf from param server, parsing...
[gzserver-1] [INFO] [1789661136.707058933] [gazebo_ros2_control]: Loading parameter files /home/yahboom/swerve_bringup/install/swerve_bringup/share/swerve_bringup/config/controllers.yaml
[gzserver-1] [INFO] [1789661136.743226089] [gazebo_ros2_control]: Loading joint: steer_front_joint
[gzserver-1] [INFO] [1789661136.743307662] [gazebo_ros2_control]: 	State:
[gzserver-1] [INFO] [1789661136.743324069] [gazebo_ros2_control]: 		 position
[gzserver-1] [INFO] [1789661136.743336521] [gazebo_ros2_control]: 		 velocity
[gzserver-1] [INFO] [1789661136.743346645] [gazebo_ros2_control]: 	Command:
[gzserver-1] [INFO] [1789661136.743355619] [gazebo_ros2_control]: 		 position
[gzserver-1] [INFO] [1789661136.759750282] [gazebo_ros2_control]: Loading joint: steer_rear_joint
[gzserver-1] [INFO] [1789661136.759806973] [gazebo_ros2_control]: 	State:
[gzserver-1] [INFO] [1789661136.759819992] [gazebo_ros2_control]: 		 position
[gzserver-1] [INFO] [1789661136.759831363] [gazebo_ros2_control]: 		 velocity
[gzserver-1] [INFO] [1789661136.759841155] [gazebo_ros2_control]: 	Command:
[gzserver-1] [INFO] [1789661136.759850158] [gazebo_ros2_control]: 		 position
[gzserver-1] [INFO] [1789661136.768165132] [gazebo_ros2_control]: Loading joint: wheel_front_drive_joint
[gzserver-1] [INFO] [1789661136.768237556] [gazebo_ros2_control]: 	State:
[gzserver-1] [INFO] [1789661136.768253803] [gazebo_ros2_control]: 		 position
[gzserver-1] [INFO] [1789661136.768265423] [gazebo_ros2_control]: 		 velocity
[gzserver-1] [INFO] [1789661136.768274935] [gazebo_ros2_control]: 	Command:
[gzserver-1] [INFO] [1789661136.768295784] [gazebo_ros2_control]: 		 velocity
[gzserver-1] [INFO] [1789661136.773038372] [gazebo_ros2_control]: Loading joint: wheel_rear_drive_joint
[gzserver-1] [INFO] [1789661136.773313075] [gazebo_ros2_control]: 	State:
[gzserver-1] [INFO] [1789661136.773331784] [gazebo_ros2_control]: 		 position
[gzserver-1] [INFO] [1789661136.773343920] [gazebo_ros2_control]: 		 velocity
[gzserver-1] [INFO] [1789661136.773353723] [gazebo_ros2_control]: 	Command:
[gzserver-1] [INFO] [1789661136.774719172] [gazebo_ros2_control]: 		 velocity
[gzserver-1] [INFO] [1789661136.782024291] [resource_manager]: Initialize hardware 'GazeboSystem' 
[gzserver-1] [INFO] [1789661136.783832713] [resource_manager]: Successful initialization of hardware 'GazeboSystem'
[gzserver-1] [INFO] [1789661136.784049932] [resource_manager]: 'configure' hardware 'GazeboSystem' 
[gzserver-1] [INFO] [1789661136.784067554] [resource_manager]: Successful 'configure' of hardware 'GazeboSystem'
[gzserver-1] [INFO] [1789661136.784076037] [resource_manager]: 'activate' hardware 'GazeboSystem' 
[gzserver-1] [INFO] [1789661136.784083059] [resource_manager]: Successful 'activate' of hardware 'GazeboSystem'
[gzserver-1] [INFO] [1789661136.784533511] [gazebo_ros2_control]: Loading controller_manager
[gzserver-1] [WARN] [1789661137.096198225] [gazebo_ros2_control]:  Desired controller update period (0.01 s) is slower than the gazebo simulation period (0.001 s).
[gzserver-1] [INFO] [1789661137.096756339] [gazebo_ros2_control]: Loaded gazebo_ros2_control.
[controller_server-8] [INFO] [1789661137.201815770] [local_costmap.local_costmap]: Timed out waiting for transform from base_footprint to odom to become available, tf error: Invalid frame ID "odom" passed to canTransform argument target_frame - frame does not exist
[spawner-15] [INFO] [1789661137.591514485] [spawn_joint_state_broadcaster]: waiting for service /controller_manager/list_controllers to become available...
[controller_server-8] [INFO] [1789661137.707671263] [local_costmap.local_costmap]: start
[controller_server-8] [INFO] [1789661137.881876027] [controller_server]: Creating bond (controller_server) to lifecycle manager.
[lifecycle_manager-13] [INFO] [1789661138.007158459] [lifecycle_manager_navigation]: Server controller_server connected with bond.
[lifecycle_manager-13] [INFO] [1789661138.007267458] [lifecycle_manager_navigation]: [34m[1mActivating planner_server[0m[0m
[planner_server-9] [INFO] [1789661138.011473971] [planner_server]: Activating
[planner_server-9] [INFO] [1789661138.011569149] [global_costmap.global_costmap]: Activating
[planner_server-9] [INFO] [1789661138.012244432] [global_costmap.global_costmap]: Checking transform
[planner_server-9] [INFO] [1789661138.012437224] [global_costmap.global_costmap]: start
[planner_server-9] [INFO] [1789661138.066869048] [planner_server]: Activating plugin GridBased of type NavfnPlanner
[planner_server-9] [INFO] [1789661138.085777057] [planner_server]: Creating bond (planner_server) to lifecycle manager.
[lifecycle_manager-13] [INFO] [1789661138.207389294] [lifecycle_manager_navigation]: Server planner_server connected with bond.
[lifecycle_manager-13] [INFO] [1789661138.207447000] [lifecycle_manager_navigation]: [34m[1mActivating behavior_server[0m[0m
[behavior_server-10] [INFO] [1789661138.207920907] [behavior_server]: Activating
[behavior_server-10] [INFO] [1789661138.207993208] [behavior_server]: Activating spin
[behavior_server-10] [INFO] [1789661138.208016526] [behavior_server]: Activating backup
[behavior_server-10] [INFO] [1789661138.208028880] [behavior_server]: Activating drive_on_heading
[behavior_server-10] [INFO] [1789661138.208041808] [behavior_server]: Activating wait
[behavior_server-10] [INFO] [1789661138.208059975] [behavior_server]: Creating bond (behavior_server) to lifecycle manager.
[lifecycle_manager-13] [INFO] [1789661138.335613079] [lifecycle_manager_navigation]: Server behavior_server connected with bond.
[lifecycle_manager-13] [INFO] [1789661138.337543840] [lifecycle_manager_navigation]: [34m[1mActivating bt_navigator[0m[0m
[bt_navigator-11] [INFO] [1789661138.341688290] [bt_navigator]: Activating
[bt_navigator-11] [INFO] [1789661139.086189540] [bt_navigator]: Creating bond (bt_navigator) to lifecycle manager.
[lifecycle_manager-13] [INFO] [1789661139.224157924] [lifecycle_manager_navigation]: Server bt_navigator connected with bond.
[lifecycle_manager-13] [INFO] [1789661139.224231583] [lifecycle_manager_navigation]: [34m[1mActivating waypoint_follower[0m[0m
[waypoint_follower-12] [INFO] [1789661139.226055085] [waypoint_follower]: Activating
[waypoint_follower-12] [INFO] [1789661139.226144724] [waypoint_follower]: Creating bond (waypoint_follower) to lifecycle manager.
[lifecycle_manager-13] [INFO] [1789661139.340755224] [lifecycle_manager_navigation]: Server waypoint_follower connected with bond.
[lifecycle_manager-13] [INFO] [1789661139.340815324] [lifecycle_manager_navigation]: [34m[1mManaged nodes are active[0m[0m
[lifecycle_manager-13] [INFO] [1789661139.340831246] [lifecycle_manager_navigation]: [34m[1mCreating bond timer...[0m[0m
[gzserver-1] [INFO] [1789661139.646815990] [controller_manager]: Loading controller 'joint_state_broadcaster'
[spawner-15] [INFO] [1789661139.899301332] [spawn_joint_state_broadcaster]: [94mLoaded [1mjoint_state_broadcaster[0m
[gzserver-1] [INFO] [1789661139.907969331] [controller_manager]: Configuring controller 'joint_state_broadcaster'
[gzserver-1] [INFO] [1789661139.910015479] [joint_state_broadcaster]: 'joints' or 'interfaces' parameter is empty. All available state interfaces will be published
[spawner-15] [INFO] [1789661140.021555563] [spawn_joint_state_broadcaster]: [92mConfigured and activated [1mjoint_state_broadcaster[0m
[INFO] [spawner-15]: process has finished cleanly [pid 233294]
[INFO] [spawner-16]: process started with pid [233354]
[spawner-16] [INFO] [1789661141.984174485] [spawn_steering_controller]: waiting for service /controller_manager/list_controllers to become available...
[gzserver-1] [INFO] [1789661143.002539353] [controller_manager]: Loading controller 'steering_controller'
[spawner-16] [INFO] [1789661143.299444445] [spawn_steering_controller]: [94mLoaded [1msteering_controller[0m
[gzserver-1] [INFO] [1789661143.310947961] [controller_manager]: Configuring controller 'steering_controller'
[gzserver-1] [INFO] [1789661143.329540676] [steering_controller]: configure successful
[gzserver-1] [INFO] [1789661143.373843041] [steering_controller]: activate successful
[spawner-16] [INFO] [1789661143.405440304] [spawn_steering_controller]: [92mConfigured and activated [1msteering_controller[0m
[INFO] [spawner-16]: process has finished cleanly [pid 233354]
[INFO] [spawner-17]: process started with pid [233433]
[spawner-17] [INFO] [1789661144.946437240] [spawn_drive_controller]: waiting for service /controller_manager/list_controllers to become available...
[gzserver-1] [INFO] [1789661145.677028958] [controller_manager]: Loading controller 'drive_controller'
[spawner-17] [INFO] [1789661145.845931107] [spawn_drive_controller]: [94mLoaded [1mdrive_controller[0m
[gzserver-1] [INFO] [1789661145.859218396] [controller_manager]: Configuring controller 'drive_controller'
[gzserver-1] [INFO] [1789661145.865689023] [drive_controller]: configure successful
[gzserver-1] [INFO] [1789661145.899175364] [drive_controller]: activate successful
[spawner-17] [INFO] [1789661145.919744369] [spawn_drive_controller]: [92mConfigured and activated [1mdrive_controller[0m
[INFO] [spawner-17]: process has finished cleanly [pid 233433]
[INFO] [swerve_controller_node-18]: process started with pid [233480]
[INFO] [swerve_odometry_node-19]: process started with pid [233482]
[swerve_controller_node-18] [INFO] [1789661147.653948449] [swerve_controller]: Swerve controller ready: radius=0.0675 m, modules={'front': (0.300042, 0.0), 'rear': (-0.300042, 0.0)}
[swerve_odometry_node-19] [INFO] [1789661148.470120179] [swerve_odometry]: Encoder odometry ready: radius=0.0637 m, velocity_sign=+1.0
[bt_navigator-11] [INFO] [1789661192.037781785] [rclcpp]: signal_handler(signum=2)
[lifecycle_manager-13] [INFO] [1789661192.037801257] [rclcpp]: signal_handler(signum=2)
[lifecycle_manager-13] [INFO] [1789661192.037971160] [lifecycle_manager_navigation]: Running Nav2 LifecycleManager rcl preshutdown (lifecycle_manager_navigation)
[lifecycle_manager-13] [INFO] [1789661192.038044951] [lifecycle_manager_navigation]: [34m[1mTerminating bond timer...[0m[0m
[waypoint_follower-12] [INFO] [1789661192.037890748] [rclcpp]: signal_handler(signum=2)
[WARNING] [launch]: user interrupted with ctrl-c (SIGINT)
[controller_server-8] [INFO] [1789661192.040075143] [rclcpp]: signal_handler(signum=2)
[controller_server-8] [INFO] [1789661192.046201521] [controller_server]: Running Nav2 LifecycleNode rcl preshutdown (controller_server)
[controller_server-8] [INFO] [1789661192.046295629] [controller_server]: Deactivating
[controller_server-8] [INFO] [1789661192.046357768] [local_costmap.local_costmap]: Deactivating
[map_server-7] [INFO] [1789661192.046023532] [rclcpp]: signal_handler(signum=2)
[map_server-7] [INFO] [1789661192.046798084] [map_server]: Running Nav2 LifecycleNode rcl preshutdown (map_server)
[map_server-7] [INFO] [1789661192.046878659] [map_server]: Deactivating
[map_server-7] [INFO] [1789661192.046907261] [map_server]: Destroying bond (map_server) to lifecycle manager.
[robot_state_publisher-2] [INFO] [1789661192.046455946] [rclcpp]: signal_handler(signum=2)
[waypoint_follower-12] [INFO] [1789661192.040366048] [waypoint_follower]: Running Nav2 LifecycleNode rcl preshutdown (waypoint_follower)
[ekf_node-4] [INFO] [1789661192.046987237] [rclcpp]: signal_handler(signum=2)
[ekf_node-6] [INFO] [1789661192.047091955] [rclcpp]: signal_handler(signum=2)
[bt_navigator-11] [INFO] [1789661192.042779192] [bt_navigator]: Running Nav2 LifecycleNode rcl preshutdown (bt_navigator)
[behavior_server-10] [INFO] [1789661192.047802781] [rclcpp]: signal_handler(signum=2)
[planner_server-9] [INFO] [1789661192.047864018] [rclcpp]: signal_handler(signum=2)
[INFO] [swerve_odometry_node-19]: sending signal 'SIGINT' to process[swerve_odometry_node-19]
[INFO] [swerve_controller_node-18]: sending signal 'SIGINT' to process[swerve_controller_node-18]
[INFO] [lifecycle_manager-13]: sending signal 'SIGINT' to process[lifecycle_manager-13]
[INFO] [waypoint_follower-12]: sending signal 'SIGINT' to process[waypoint_follower-12]
[INFO] [bt_navigator-11]: sending signal 'SIGINT' to process[bt_navigator-11]
[INFO] [behavior_server-10]: sending signal 'SIGINT' to process[behavior_server-10]
[INFO] [planner_server-9]: sending signal 'SIGINT' to process[planner_server-9]
[INFO] [controller_server-8]: sending signal 'SIGINT' to process[controller_server-8]
[INFO] [map_server-7]: sending signal 'SIGINT' to process[map_server-7]
[INFO] [ekf_node-6]: sending signal 'SIGINT' to process[ekf_node-6]
[INFO] [v30e_sim_node-5]: sending signal 'SIGINT' to process[v30e_sim_node-5]
[INFO] [ekf_node-4]: sending signal 'SIGINT' to process[ekf_node-4]
[INFO] [robot_state_publisher-2]: sending signal 'SIGINT' to process[robot_state_publisher-2]
[INFO] [gzserver-1]: sending signal 'SIGINT' to process[gzserver-1]
[ERROR] [ekf_node-4]: process has died [pid 232750, exit code -2, cmd '/opt/ros/humble/lib/robot_localization/ekf_node --ros-args -r __node:=ekf_filter_node --params-file /home/yahboom/swerve_bringup/install/swerve_bringup/share/swerve_bringup/config/ekf.yaml --params-file /tmp/launch_params_yxprhc60 -r /odom:=/odom -r /imu/data:=/imu/data'].
[behavior_server-10] [INFO] [1789661192.051835833] [behavior_server]: Running Nav2 LifecycleNode rcl preshutdown (behavior_server)
[behavior_server-10] [INFO] [1789661192.055266245] [behavior_server]: Deactivating
[behavior_server-10] [INFO] [1789661192.055333245] [behavior_server]: Destroying bond (behavior_server) to lifecycle manager.
[bt_navigator-11] [INFO] [1789661192.056574412] [bt_navigator]: Deactivating
[bt_navigator-11] [INFO] [1789661192.056617800] [bt_navigator]: Destroying bond (bt_navigator) to lifecycle manager.
[planner_server-9] [INFO] [1789661192.058325189] [planner_server]: Running Nav2 LifecycleNode rcl preshutdown (planner_server)
[planner_server-9] [INFO] [1789661192.058409297] [planner_server]: Deactivating
[planner_server-9] [INFO] [1789661192.058448393] [global_costmap.global_costmap]: Deactivating
[waypoint_follower-12] [INFO] [1789661192.059078778] [waypoint_follower]: Deactivating
[waypoint_follower-12] [INFO] [1789661192.059113705] [waypoint_follower]: Destroying bond (waypoint_follower) to lifecycle manager.
[controller_server-8] [INFO] [1789661192.098507434] [controller_server]: Destroying bond (controller_server) to lifecycle manager.
[swerve_controller_node-18] Traceback (most recent call last):
[swerve_controller_node-18]   File "/home/yahboom/swerve_bringup/install/swerve_bringup/lib/swerve_bringup/swerve_controller_node", line 192, in <module>
[swerve_controller_node-18]     main()
[swerve_controller_node-18]   File "/home/yahboom/swerve_bringup/install/swerve_bringup/lib/swerve_bringup/swerve_controller_node", line 184, in main
[swerve_controller_node-18]     node.steer_pub.publish(Float64MultiArray(data=[
[swerve_controller_node-18]   File "/opt/ros/humble/local/lib/python3.10/dist-packages/rclpy/publisher.py", line 70, in publish
[swerve_controller_node-18]     self.__publisher.publish(msg)
[swerve_controller_node-18] rclpy._rclpy_pybind11.RCLError: Failed to publish: publisher's context is invalid, at ./src/rcl/publisher.c:389
[swerve_controller_node-18] Error in sys.excepthook:
[swerve_controller_node-18] Traceback (most recent call last):
[swerve_controller_node-18]   File "/usr/lib/python3/dist-packages/apport_python_hook.py", line 72, in apport_excepthook
[swerve_controller_node-18]     from apport.fileutils import likely_packaged, get_recent_crashes
[swerve_controller_node-18]   File "/usr/lib/python3/dist-packages/apport/__init__.py", line 5, in <module>
[swerve_controller_node-18]     from apport.report import Report
[swerve_controller_node-18]   File "/usr/lib/python3/dist-packages/apport/report.py", line 21, in <module>
[swerve_controller_node-18]     from urllib.request import urlopen
[swerve_controller_node-18]   File "<frozen importlib._bootstrap>", line 1027, in _find_and_load
[ERROR] [ekf_node-6]: process has died [pid 232754, exit code -2, cmd '/opt/ros/humble/lib/robot_localization/ekf_node --ros-args -r __node:=ekf_v30e --params-file /home/yahboom/swerve_bringup/install/swerve_bringup/share/swerve_bringup/config/v30e_localization_ekf.yaml --params-file /tmp/launch_params_5m7coauk -r odometry/filtered:=/odometry/v30e'].
[swerve_controller_node-18]   File "<frozen importlib._bootstrap>", line 1006, in _find_and_load_unlocked
[swerve_controller_node-18]   File "<frozen importlib._bootstrap>", line 688, in _load_unlocked
[swerve_controller_node-18]   File "<frozen importlib._bootstrap_external>", line 879, in exec_module
[swerve_controller_node-18]   File "<frozen importlib._bootstrap_external>", line 1012, in get_code
[swerve_controller_node-18]   File "<frozen importlib._bootstrap_external>", line 672, in _compile_bytecode
[swerve_controller_node-18] KeyboardInterrupt
[swerve_controller_node-18] 
[swerve_controller_node-18] Original exception was:
[swerve_controller_node-18] Traceback (most recent call last):
[swerve_controller_node-18]   File "/home/yahboom/swerve_bringup/install/swerve_bringup/lib/swerve_bringup/swerve_controller_node", line 192, in <module>
[swerve_controller_node-18]     main()
[swerve_controller_node-18]   File "/home/yahboom/swerve_bringup/install/swerve_bringup/lib/swerve_bringup/swerve_controller_node", line 184, in main
[swerve_controller_node-18]     node.steer_pub.publish(Float64MultiArray(data=[
[swerve_controller_node-18]   File "/opt/ros/humble/local/lib/python3.10/dist-packages/rclpy/publisher.py", line 70, in publish
[swerve_controller_node-18]     self.__publisher.publish(msg)
[swerve_controller_node-18] rclpy._rclpy_pybind11.RCLError: Failed to publish: publisher's context is invalid, at ./src/rcl/publisher.c:389
[controller_server-8] [INFO] [1789661192.132010652] [controller_server]: Cleaning up
[controller_server-8] [INFO] [1789661192.132361813] [local_costmap.local_costmap]: Cleaning up
[bt_navigator-11] [INFO] [1789661192.132722645] [bt_navigator]: Cleaning up
[behavior_server-10] [INFO] [1789661192.133236477] [behavior_server]: Cleaning up
[swerve_odometry_node-19] Traceback (most recent call last):
[swerve_odometry_node-19]   File "/home/yahboom/swerve_bringup/install/swerve_bringup/lib/swerve_bringup/swerve_odometry_node", line 221, in <module>
[swerve_odometry_node-19]     main()
[swerve_odometry_node-19]   File "/home/yahboom/swerve_bringup/install/swerve_bringup/lib/swerve_bringup/swerve_odometry_node", line 215, in main
[swerve_odometry_node-19]     node.destroy_node()
[swerve_odometry_node-19]   File "/opt/ros/humble/local/lib/python3.10/dist-packages/rclpy/node.py", line 1685, in destroy_node
[swerve_odometry_node-19]     self.destroy_publisher(self._publishers[0])
[swerve_odometry_node-19]   File "/opt/ros/humble/local/lib/python3.10/dist-packages/rclpy/node.py", line 1565, in destroy_publisher
[swerve_odometry_node-19]     publisher.destroy()
[swerve_odometry_node-19]   File "/opt/ros/humble/local/lib/python3.10/dist-packages/rclpy/publisher.py", line 99, in destroy
[swerve_odometry_node-19]     self.__publisher.destroy_when_not_in_use()
[swerve_odometry_node-19] KeyboardInterrupt
[lifecycle_manager-13] [INFO] [1789661192.139195171] [rclcpp]: signal_handler(signum=2)
[map_server-7] [INFO] [1789661192.144354774] [map_server]: Cleaning up
[map_server-7] [INFO] [1789661192.144504018] [map_server]: Destroying bond (map_server) to lifecycle manager.
[waypoint_follower-12] [INFO] [1789661192.158262900] [rclcpp]: signal_handler(signum=2)
[waypoint_follower-12] [INFO] [1789661192.159676300] [waypoint_follower]: Cleaning up
[bt_navigator-11] [INFO] [1789661192.181358474] [rclcpp]: signal_handler(signum=2)
[behavior_server-10] [INFO] [1789661192.188898210] [rclcpp]: signal_handler(signum=2)
[planner_server-9] [INFO] [1789661192.193127651] [rclcpp]: signal_handler(signum=2)
[map_server-7] [INFO] [1789661192.210702457] [rclcpp]: signal_handler(signum=2)
[controller_server-8] [INFO] [1789661192.212562598] [rclcpp]: signal_handler(signum=2)
[v30e_sim_node-5] Traceback (most recent call last):
[v30e_sim_node-5]   File "/home/yahboom/swerve_bringup/install/swerve_bringup/lib/swerve_bringup/v30e_sim_node", line 188, in <module>
[v30e_sim_node-5]     if __name__ == '__main__': main()
[v30e_sim_node-5]   File "/home/yahboom/swerve_bringup/install/swerve_bringup/lib/swerve_bringup/v30e_sim_node", line 185, in main
[v30e_sim_node-5]     node.destroy_node(); rclpy.shutdown()
[v30e_sim_node-5]   File "/opt/ros/humble/local/lib/python3.10/dist-packages/rclpy/node.py", line 1691, in destroy_node
[v30e_sim_node-5]     self.destroy_service(self._services[0])
[v30e_sim_node-5]   File "/opt/ros/humble/local/lib/python3.10/dist-packages/rclpy/node.py", line 1615, in destroy_service
[v30e_sim_node-5]     service.destroy()
[v30e_sim_node-5]   File "/opt/ros/humble/local/lib/python3.10/dist-packages/rclpy/service.py", line 93, in destroy
[v30e_sim_node-5]     self.__service.destroy_when_not_in_use()
[v30e_sim_node-5] KeyboardInterrupt
[robot_state_publisher-2] [INFO] [1789661192.242701419] [rclcpp]: signal_handler(signum=2)
[waypoint_follower-12] [INFO] [1789661192.281754802] [waypoint_follower]: Destroying bond (waypoint_follower) to lifecycle manager.
[map_server-7] [INFO] [1789661192.285106326] [map_server]: Destroying
[waypoint_follower-12] [INFO] [1789661192.316168893] [waypoint_follower]: Destroying
[ERROR] [v30e_sim_node-5]: process has died [pid 232752, exit code -2, cmd '/home/yahboom/swerve_bringup/install/swerve_bringup/lib/swerve_bringup/v30e_sim_node --ros-args -r __node:=v30e_sim_node --params-file /home/yahboom/swerve_bringup/install/swerve_bringup/share/swerve_bringup/config/v30e_sim.yaml --params-file /tmp/launch_params_e5t_ck8x'].
[INFO] [robot_state_publisher-2]: process has finished cleanly [pid 232746]
[behavior_server-10] [INFO] [1789661192.487311409] [behavior_server]: Destroying bond (behavior_server) to lifecycle manager.
[planner_server-9] [INFO] [1789661192.516125925] [planner_server]: Deactivating plugin GridBased of type NavfnPlanner
[planner_server-9] [INFO] [1789661192.516998226] [planner_server]: Destroying bond (planner_server) to lifecycle manager.
[behavior_server-10] [INFO] [1789661192.527754624] [behavior_server]: Destroying
[planner_server-9] [INFO] [1789661192.529753035] [planner_server]: Cleaning up
[ERROR] [swerve_odometry_node-19]: process has died [pid 233482, exit code -2, cmd '/home/yahboom/swerve_bringup/install/swerve_bringup/lib/swerve_bringup/swerve_odometry_node --ros-args -r __node:=swerve_odometry --params-file /home/yahboom/swerve_bringup/install/swerve_bringup/share/swerve_bringup/config/swerve_odometry.yaml --params-file /tmp/launch_params_4jnby3nj'].
[lifecycle_manager-13] [INFO] [1789661192.555532821] [lifecycle_manager_navigation]: Destroying lifecycle_manager_navigation
[controller_server-8] [INFO] [1789661192.592927885] [controller_server]: Destroying bond (controller_server) to lifecycle manager.
[controller_server-8] [INFO] [1789661192.600042514] [local_costmap.local_costmap]: Destroying
[ERROR] [swerve_controller_node-18]: process has died [pid 233480, exit code 1, cmd '/home/yahboom/swerve_bringup/install/swerve_bringup/lib/swerve_bringup/swerve_controller_node --ros-args -r __node:=swerve_controller --params-file /home/yahboom/swerve_bringup/install/swerve_bringup/share/swerve_bringup/config/swerve_controller.yaml --params-file /tmp/launch_params_2e8u2ov3'].
[planner_server-9] [INFO] [1789661192.614101451] [global_costmap.global_costmap]: Cleaning up
[planner_server-9] [INFO] [1789661192.641327126] [planner_server]: Cleaning up plugin GridBased of type NavfnPlanner
[planner_server-9] [INFO] [1789661192.641463338] [planner_server]: Destroying plugin GridBased of type NavfnPlanner
[INFO] [waypoint_follower-12]: process has finished cleanly [pid 232780]
[INFO] [map_server-7]: process has finished cleanly [pid 232756]
[planner_server-9] [INFO] [1789661192.667013356] [planner_server]: Destroying bond (planner_server) to lifecycle manager.
[controller_server-8] [INFO] [1789661192.668493327] [controller_server]: Destroying
[planner_server-9] [INFO] [1789661192.683424492] [global_costmap.global_costmap]: Destroying
[INFO] [behavior_server-10]: process has finished cleanly [pid 232771]
[planner_server-9] [INFO] [1789661192.733971020] [planner_server]: Destroying
[INFO] [lifecycle_manager-13]: process has finished cleanly [pid 232785]
[bt_navigator-11] [INFO] [1789661192.771292200] [bt_navigator]: Completed Cleaning up
[bt_navigator-11] [INFO] [1789661192.771362685] [bt_navigator]: Destroying bond (bt_navigator) to lifecycle manager.
[bt_navigator-11] [INFO] [1789661192.791548032] [bt_navigator]: Destroying
[INFO] [controller_server-8]: process has finished cleanly [pid 232759]
[INFO] [planner_server-9]: process has finished cleanly [pid 232767]
[INFO] [bt_navigator-11]: process has finished cleanly [pid 232774]
[INFO] [gzserver-1]: process has finished cleanly [pid 232744]
