[INFO] [launch]: All log files can be found below /home/yahboom/.ros/log/2026-09-17-21-05-59-205622-yahboom-virtual-machine-193848
[INFO] [launch]: Default logging verbosity is set to INFO
[INFO] [launch.user]: CONTACT_DIAGNOSTICS=true
[INFO] [gzserver-1]: process started with pid [193883]
[INFO] [robot_state_publisher-2]: process started with pid [193885]
[INFO] [spawn_entity.py-3]: process started with pid [193887]
[INFO] [ekf_node-4]: process started with pid [193889]
[INFO] [v30e_sim_node-5]: process started with pid [193891]
[INFO] [ekf_node-6]: process started with pid [193893]
[INFO] [map_server-7]: process started with pid [193895]
[INFO] [controller_server-8]: process started with pid [193897]
[INFO] [planner_server-9]: process started with pid [193899]
[INFO] [behavior_server-10]: process started with pid [193901]
[INFO] [bt_navigator-11]: process started with pid [193904]
[INFO] [waypoint_follower-12]: process started with pid [193906]
[INFO] [lifecycle_manager-13]: process started with pid [193913]
[INFO] [swerve_bridge_node-14]: process started with pid [193937]
[lifecycle_manager-13] [INFO] [1789650362.329193094] [lifecycle_manager_navigation]: Creating
[planner_server-9] [INFO] [1789650362.413259126] [planner_server]: 
[planner_server-9] 	planner_server lifecycle node launched. 
[planner_server-9] 	Waiting on external lifecycle transitions to activate
[planner_server-9] 	See https://design.ros2.org/articles/node_lifecycle.html for more information.
[planner_server-9] [INFO] [1789650362.427742897] [planner_server]: Creating
[lifecycle_manager-13] [INFO] [1789650362.457425108] [lifecycle_manager_navigation]: [34m[1mCreating and initializing lifecycle service clients[0m[0m
[bt_navigator-11] [INFO] [1789650362.477101034] [bt_navigator]: 
[bt_navigator-11] 	bt_navigator lifecycle node launched. 
[bt_navigator-11] 	Waiting on external lifecycle transitions to activate
[bt_navigator-11] 	See https://design.ros2.org/articles/node_lifecycle.html for more information.
[bt_navigator-11] [INFO] [1789650362.483039311] [bt_navigator]: Creating
[controller_server-8] [INFO] [1789650362.531694168] [controller_server]: 
[controller_server-8] 	controller_server lifecycle node launched. 
[controller_server-8] 	Waiting on external lifecycle transitions to activate
[controller_server-8] 	See https://design.ros2.org/articles/node_lifecycle.html for more information.
[controller_server-8] [INFO] [1789650362.545438384] [controller_server]: Creating controller server
[map_server-7] [INFO] [1789650362.589136019] [map_server]: 
[map_server-7] 	map_server lifecycle node launched. 
[map_server-7] 	Waiting on external lifecycle transitions to activate
[map_server-7] 	See https://design.ros2.org/articles/node_lifecycle.html for more information.
[map_server-7] [INFO] [1789650362.589325825] [map_server]: Creating
[waypoint_follower-12] [INFO] [1789650362.623505536] [waypoint_follower]: 
[waypoint_follower-12] 	waypoint_follower lifecycle node launched. 
[waypoint_follower-12] 	Waiting on external lifecycle transitions to activate
[waypoint_follower-12] 	See https://design.ros2.org/articles/node_lifecycle.html for more information.
[waypoint_follower-12] [INFO] [1789650362.644919806] [waypoint_follower]: Creating
[robot_state_publisher-2] [INFO] [1789650362.678530771] [robot_state_publisher]: got segment base_footprint
[behavior_server-10] [INFO] [1789650362.683169925] [behavior_server]: 
[behavior_server-10] 	behavior_server lifecycle node launched. 
[behavior_server-10] 	Waiting on external lifecycle transitions to activate
[behavior_server-10] 	See https://design.ros2.org/articles/node_lifecycle.html for more information.
[swerve_bridge_node-14] Traceback (most recent call last):
[swerve_bridge_node-14]   File "/home/yahboom/swerve_bringup/install/swerve_bridge/lib/swerve_bridge/swerve_bridge_node", line 33, in <module>
[swerve_bridge_node-14]     sys.exit(load_entry_point('swerve-bridge', 'console_scripts', 'swerve_bridge_node')())
[swerve_bridge_node-14]   File "/home/yahboom/swerve_bringup/install/swerve_bridge/lib/swerve_bridge/swerve_bridge_node", line 22, in importlib_load_entry_point
[swerve_bridge_node-14]     for entry_point in distribution(dist_name).entry_points
[swerve_bridge_node-14]   File "/usr/lib/python3.10/importlib/metadata/__init__.py", line 969, in distribution
[swerve_bridge_node-14]     return Distribution.from_name(distribution_name)
[swerve_bridge_node-14]   File "/usr/lib/python3.10/importlib/metadata/__init__.py", line 548, in from_name
[swerve_bridge_node-14]     raise PackageNotFoundError(name)
[swerve_bridge_node-14] importlib.metadata.PackageNotFoundError: No package metadata was found for swerve-bridge
[robot_state_publisher-2] [INFO] [1789650362.702402896] [robot_state_publisher]: got segment base_link
[robot_state_publisher-2] [INFO] [1789650362.702435696] [robot_state_publisher]: got segment imu_link
[robot_state_publisher-2] [INFO] [1789650362.702444486] [robot_state_publisher]: got segment lidar_link
[robot_state_publisher-2] [INFO] [1789650362.702452335] [robot_state_publisher]: got segment steer_front_link
[robot_state_publisher-2] [INFO] [1789650362.702459700] [robot_state_publisher]: got segment steer_rear_link
[robot_state_publisher-2] [INFO] [1789650362.702466590] [robot_state_publisher]: got segment v30e_link
[robot_state_publisher-2] [INFO] [1789650362.702473326] [robot_state_publisher]: got segment wheel_front_drive_link
[robot_state_publisher-2] [INFO] [1789650362.702480613] [robot_state_publisher]: got segment wheel_front_left_link
[robot_state_publisher-2] [INFO] [1789650362.702487442] [robot_state_publisher]: got segment wheel_front_right_link
[robot_state_publisher-2] [INFO] [1789650362.702494193] [robot_state_publisher]: got segment wheel_rear_drive_link
[robot_state_publisher-2] [INFO] [1789650362.702500834] [robot_state_publisher]: got segment wheel_rear_left_link
[robot_state_publisher-2] [INFO] [1789650362.702507531] [robot_state_publisher]: got segment wheel_rear_right_link
[ERROR] [swerve_bridge_node-14]: process has died [pid 193937, exit code 1, cmd '/home/yahboom/swerve_bringup/install/swerve_bridge/lib/swerve_bridge/swerve_bridge_node --ros-args -r __node:=swerve_bridge --params-file /home/yahboom/swerve_bringup/install/swerve_bridge/share/swerve_bridge/config/bridge.yaml --params-file /tmp/launch_params_l1zlgizr'].
[lifecycle_manager-13] [INFO] [1789650362.783968822] [lifecycle_manager_navigation]: [34m[1mStarting managed nodes bringup...[0m[0m
[lifecycle_manager-13] [INFO] [1789650362.784035277] [lifecycle_manager_navigation]: [34m[1mConfiguring map_server[0m[0m
[map_server-7] [INFO] [1789650362.790275677] [map_server]: Configuring
[map_server-7] [INFO] [1789650362.790370723] [map_io]: Loading yaml file: /home/yahboom/swerve_bringup/install/swerve_bringup/share/swerve_bringup/swerve_navigation/maps/warehouse.yaml
[map_server-7] [INFO] [1789650362.790685089] [map_io]: resolution: 0.05
[map_server-7] [INFO] [1789650362.790701805] [map_io]: origin[0]: -17.2
[map_server-7] [INFO] [1789650362.790708159] [map_io]: origin[1]: -17.4
[map_server-7] [INFO] [1789650362.790713593] [map_io]: origin[2]: 0
[map_server-7] [INFO] [1789650362.790719266] [map_io]: free_thresh: 0.25
[map_server-7] [INFO] [1789650362.790724763] [map_io]: occupied_thresh: 0.65
[map_server-7] [INFO] [1789650362.790730281] [map_io]: mode: trinary
[map_server-7] [INFO] [1789650362.790736090] [map_io]: negate: 0
[map_server-7] [INFO] [1789650362.790989073] [map_io]: Loading image_file: /home/yahboom/swerve_bringup/install/swerve_bringup/share/swerve_bringup/swerve_navigation/maps/warehouse.pgm
[map_server-7] [INFO] [1789650362.910655432] [map_io]: Read map /home/yahboom/swerve_bringup/install/swerve_bringup/share/swerve_bringup/swerve_navigation/maps/warehouse.pgm: 676 X 680 map @ 0.05 m/cell
[controller_server-8] [INFO] [1789650362.927601539] [local_costmap.local_costmap]: 
[controller_server-8] 	local_costmap lifecycle node launched. 
[controller_server-8] 	Waiting on external lifecycle transitions to activate
[controller_server-8] 	See https://design.ros2.org/articles/node_lifecycle.html for more information.
[controller_server-8] [INFO] [1789650362.928160879] [local_costmap.local_costmap]: Creating Costmap
[planner_server-9] [INFO] [1789650362.932798436] [global_costmap.global_costmap]: 
[planner_server-9] 	global_costmap lifecycle node launched. 
[planner_server-9] 	Waiting on external lifecycle transitions to activate
[planner_server-9] 	See https://design.ros2.org/articles/node_lifecycle.html for more information.
[planner_server-9] [INFO] [1789650362.934553815] [global_costmap.global_costmap]: Creating Costmap
[lifecycle_manager-13] [INFO] [1789650362.980312796] [lifecycle_manager_navigation]: [34m[1mConfiguring controller_server[0m[0m
[controller_server-8] [INFO] [1789650362.983633905] [controller_server]: Configuring controller interface
[controller_server-8] [INFO] [1789650362.987573487] [controller_server]: getting goal checker plugins..
[controller_server-8] [INFO] [1789650362.987869428] [controller_server]: Controller frequency set to 10.0000Hz
[controller_server-8] [INFO] [1789650362.987928260] [local_costmap.local_costmap]: Configuring
[controller_server-8] [INFO] [1789650363.025928509] [local_costmap.local_costmap]: Using plugin "voxel_layer"
[controller_server-8] [INFO] [1789650363.032381849] [local_costmap.local_costmap]: Subscribed to Topics: lidar3d scan
[controller_server-8] [INFO] [1789650363.078915099] [local_costmap.local_costmap]: Initialized plugin "voxel_layer"
[controller_server-8] [INFO] [1789650363.078966900] [local_costmap.local_costmap]: Using plugin "inflation_layer"
[controller_server-8] [INFO] [1789650363.099457911] [local_costmap.local_costmap]: Initialized plugin "inflation_layer"
[controller_server-8] [INFO] [1789650363.151686715] [controller_server]: Created progress_checker : progress_checker of type nav2_controller::SimpleProgressChecker
[controller_server-8] [INFO] [1789650363.169617428] [controller_server]: Created goal checker : general_goal_checker of type nav2_controller::SimpleGoalChecker
[controller_server-8] [INFO] [1789650363.169816932] [controller_server]: Controller Server has general_goal_checker  goal checkers available.
[controller_server-8] [INFO] [1789650363.174740299] [controller_server]: Created controller : FollowPath of type dwb_core::DWBLocalPlanner
[controller_server-8] [INFO] [1789650363.175272610] [controller_server]: Setting transform_tolerance to 0.200000
[controller_server-8] [INFO] [1789650363.215594490] [controller_server]: Using critic "RotateToGoal" (dwb_critics::RotateToGoalCritic)
[controller_server-8] [INFO] [1789650363.226895350] [controller_server]: Critic plugin initialized
[controller_server-8] [INFO] [1789650363.229447446] [controller_server]: Using critic "Oscillation" (dwb_critics::OscillationCritic)
[controller_server-8] [INFO] [1789650363.232916631] [controller_server]: Critic plugin initialized
[controller_server-8] [INFO] [1789650363.232996629] [controller_server]: Using critic "BaseObstacle" (dwb_critics::BaseObstacleCritic)
[controller_server-8] [INFO] [1789650363.233078569] [controller_server]: Critic plugin initialized
[controller_server-8] [INFO] [1789650363.233129400] [controller_server]: Using critic "GoalAlign" (dwb_critics::GoalAlignCritic)
[controller_server-8] [INFO] [1789650363.233543670] [controller_server]: Critic plugin initialized
[controller_server-8] [INFO] [1789650363.233604438] [controller_server]: Using critic "PathAlign" (dwb_critics::PathAlignCritic)
[controller_server-8] [INFO] [1789650363.233933998] [controller_server]: Critic plugin initialized
[controller_server-8] [INFO] [1789650363.233996315] [controller_server]: Using critic "PathDist" (dwb_critics::PathDistCritic)
[controller_server-8] [INFO] [1789650363.234353805] [controller_server]: Critic plugin initialized
[controller_server-8] [INFO] [1789650363.238259481] [controller_server]: Using critic "GoalDist" (dwb_critics::GoalDistCritic)
[controller_server-8] [INFO] [1789650363.245430238] [controller_server]: Critic plugin initialized
[controller_server-8] [INFO] [1789650363.245481340] [controller_server]: Controller Server has FollowPath  controllers available.
[lifecycle_manager-13] [INFO] [1789650363.467716600] [lifecycle_manager_navigation]: [34m[1mConfiguring planner_server[0m[0m
[planner_server-9] [INFO] [1789650363.531160519] [planner_server]: Configuring
[planner_server-9] [INFO] [1789650363.531229259] [global_costmap.global_costmap]: Configuring
[planner_server-9] [INFO] [1789650363.828176462] [global_costmap.global_costmap]: Using plugin "static_layer"
[planner_server-9] [INFO] [1789650363.875224922] [global_costmap.global_costmap]: Subscribing to the map topic (/map) with transient local durability
[planner_server-9] [INFO] [1789650363.891227713] [global_costmap.global_costmap]: Initialized plugin "static_layer"
[planner_server-9] [INFO] [1789650363.892901696] [global_costmap.global_costmap]: Using plugin "obstacle_layer"
[planner_server-9] [INFO] [1789650363.902664723] [global_costmap.global_costmap]: Subscribed to Topics: scan
[spawn_entity.py-3] [INFO] [1789650363.947978716] [spawn_swerve]: Spawn Entity started
[spawn_entity.py-3] [INFO] [1789650363.948785671] [spawn_swerve]: Loading entity published on topic robot_description
[spawn_entity.py-3] [INFO] [1789650363.967227984] [spawn_swerve]: Waiting for entity xml on robot_description
[planner_server-9] [INFO] [1789650363.982146290] [global_costmap.global_costmap]: Initialized plugin "obstacle_layer"
[planner_server-9] [INFO] [1789650363.982243442] [global_costmap.global_costmap]: Using plugin "inflation_layer"
[planner_server-9] [INFO] [1789650363.991196397] [global_costmap.global_costmap]: Initialized plugin "inflation_layer"
[planner_server-9] [INFO] [1789650364.101944499] [planner_server]: Created global planner plugin GridBased of type nav2_navfn_planner/NavfnPlanner
[planner_server-9] [INFO] [1789650364.102021860] [planner_server]: Configuring plugin GridBased of type NavfnPlanner
[planner_server-9] [INFO] [1789650364.116476984] [planner_server]: Planner Server has GridBased  planners available.
[v30e_sim_node-5] [INFO] [1789650364.202543291] [v30e_sim_node]: Using Gazebo /get_entity_state internally; odometry is not a V30E measurement input
[lifecycle_manager-13] [INFO] [1789650364.245525962] [lifecycle_manager_navigation]: [34m[1mConfiguring behavior_server[0m[0m
[behavior_server-10] [INFO] [1789650364.248648327] [behavior_server]: Configuring
[behavior_server-10] [INFO] [1789650364.319902671] [behavior_server]: Creating behavior plugin spin of type nav2_behaviors/Spin
[behavior_server-10] [INFO] [1789650364.321048154] [behavior_server]: Configuring spin
[behavior_server-10] [INFO] [1789650364.374886486] [behavior_server]: Creating behavior plugin backup of type nav2_behaviors/BackUp
[behavior_server-10] [INFO] [1789650364.381553915] [behavior_server]: Configuring backup
[behavior_server-10] [INFO] [1789650364.431997553] [behavior_server]: Creating behavior plugin drive_on_heading of type nav2_behaviors/DriveOnHeading
[behavior_server-10] [INFO] [1789650364.434963094] [behavior_server]: Configuring drive_on_heading
[spawn_entity.py-3] [INFO] [1789650364.444971066] [spawn_swerve]: Waiting for service /spawn_entity, timeout = 30
[spawn_entity.py-3] [INFO] [1789650364.449452507] [spawn_swerve]: Waiting for service /spawn_entity
[behavior_server-10] [INFO] [1789650364.492433155] [behavior_server]: Creating behavior plugin wait of type nav2_behaviors/Wait
[behavior_server-10] [INFO] [1789650364.492876628] [behavior_server]: Configuring wait
[lifecycle_manager-13] [INFO] [1789650364.525850308] [lifecycle_manager_navigation]: [34m[1mConfiguring bt_navigator[0m[0m
[bt_navigator-11] [INFO] [1789650364.529763914] [bt_navigator]: Configuring
[lifecycle_manager-13] [INFO] [1789650364.999713023] [lifecycle_manager_navigation]: [34m[1mConfiguring waypoint_follower[0m[0m
[waypoint_follower-12] [INFO] [1789650365.000682539] [waypoint_follower]: Configuring
[waypoint_follower-12] [INFO] [1789650365.072205148] [waypoint_follower]: Created waypoint_task_executor : wait_at_waypoint of type nav2_waypoint_follower::WaitAtWaypoint
[waypoint_follower-12] [INFO] [1789650365.075068606] [waypoint_follower]: Waypoint pause duration is set to zero, disabling task executor plugin.
[lifecycle_manager-13] [INFO] [1789650365.079045647] [lifecycle_manager_navigation]: [34m[1mActivating map_server[0m[0m
[map_server-7] [INFO] [1789650365.079359316] [map_server]: Activating
[map_server-7] [INFO] [1789650365.080382464] [map_server]: Creating bond (map_server) to lifecycle manager.
[planner_server-9] [INFO] [1789650365.082508725] [global_costmap.global_costmap]: StaticLayer: Resizing costmap to 676 X 680 at 0.050000 m/pix
[lifecycle_manager-13] [INFO] [1789650365.206882663] [lifecycle_manager_navigation]: Server map_server connected with bond.
[lifecycle_manager-13] [INFO] [1789650365.206974423] [lifecycle_manager_navigation]: [34m[1mActivating controller_server[0m[0m
[controller_server-8] [INFO] [1789650365.207524639] [controller_server]: Activating
[controller_server-8] [INFO] [1789650365.207583946] [local_costmap.local_costmap]: Activating
[controller_server-8] [INFO] [1789650365.207605048] [local_costmap.local_costmap]: Checking transform
[controller_server-8] [INFO] [1789650365.207641226] [local_costmap.local_costmap]: Timed out waiting for transform from base_footprint to odom to become available, tf error: Invalid frame ID "odom" passed to canTransform argument target_frame - frame does not exist
[controller_server-8] [INFO] [1789650365.708574393] [local_costmap.local_costmap]: Timed out waiting for transform from base_footprint to odom to become available, tf error: Invalid frame ID "odom" passed to canTransform argument target_frame - frame does not exist
[controller_server-8] [INFO] [1789650366.208817690] [local_costmap.local_costmap]: Timed out waiting for transform from base_footprint to odom to become available, tf error: Invalid frame ID "odom" passed to canTransform argument target_frame - frame does not exist
[controller_server-8] [INFO] [1789650366.707857896] [local_costmap.local_costmap]: Timed out waiting for transform from base_footprint to odom to become available, tf error: Invalid frame ID "odom" passed to canTransform argument target_frame - frame does not exist
[controller_server-8] [INFO] [1789650367.208009592] [local_costmap.local_costmap]: Timed out waiting for transform from base_footprint to odom to become available, tf error: Invalid frame ID "odom" passed to canTransform argument target_frame - frame does not exist
[controller_server-8] [INFO] [1789650367.709674754] [local_costmap.local_costmap]: Timed out waiting for transform from base_footprint to odom to become available, tf error: Invalid frame ID "odom" passed to canTransform argument target_frame - frame does not exist
[controller_server-8] [INFO] [1789650368.207803121] [local_costmap.local_costmap]: Timed out waiting for transform from base_footprint to odom to become available, tf error: Invalid frame ID "odom" passed to canTransform argument target_frame - frame does not exist
[controller_server-8] [INFO] [1789650368.708169795] [local_costmap.local_costmap]: Timed out waiting for transform from base_footprint to odom to become available, tf error: Invalid frame ID "odom" passed to canTransform argument target_frame - frame does not exist
[controller_server-8] [INFO] [1789650369.207885466] [local_costmap.local_costmap]: Timed out waiting for transform from base_footprint to odom to become available, tf error: Invalid frame ID "odom" passed to canTransform argument target_frame - frame does not exist
[controller_server-8] [INFO] [1789650369.714217744] [local_costmap.local_costmap]: Timed out waiting for transform from base_footprint to odom to become available, tf error: Invalid frame ID "odom" passed to canTransform argument target_frame - frame does not exist
[spawn_entity.py-3] [INFO] [1789650370.016776469] [spawn_swerve]: Calling service /spawn_entity
[gzserver-1] [INFO] [1789650370.158476357] [gazebo_ros_state]: Publishing states of gazebo models at [/model_states]
[gzserver-1] [INFO] [1789650370.166956290] [gazebo_ros_state]: Publishing states of gazebo links at [/link_states]
[controller_server-8] [INFO] [1789650370.209457509] [local_costmap.local_costmap]: Timed out waiting for transform from base_footprint to odom to become available, tf error: Invalid frame ID "odom" passed to canTransform argument target_frame - frame does not exist
[gzserver-1] [ERROR] [1789650370.316105055] [gazebo_ros_state]: GetEntityState: entity [swerve_base] does not exist
[v30e_sim_node-5] [WARN] [1789650370.318980499] [v30e_sim_node]: get_entity_state failed: entity not available
[gzserver-1] [ERROR] [1789650370.376353730] [gazebo_ros_state]: GetEntityState: entity [swerve_base] does not exist
[gzserver-1] [ERROR] [1789650370.434820350] [gazebo_ros_state]: GetEntityState: entity [swerve_base] does not exist
[gzserver-1] [ERROR] [1789650370.492913728] [gazebo_ros_state]: GetEntityState: entity [swerve_base] does not exist
[gzserver-1] [ERROR] [1789650370.548779636] [gazebo_ros_state]: GetEntityState: entity [swerve_base] does not exist
[gzserver-1] [ERROR] [1789650370.612354099] [gazebo_ros_state]: GetEntityState: entity [swerve_base] does not exist
[gzserver-1] [ERROR] [1789650370.666049552] [gazebo_ros_state]: GetEntityState: entity [swerve_base] does not exist
[controller_server-8] [INFO] [1789650370.708153724] [local_costmap.local_costmap]: Timed out waiting for transform from base_footprint to odom to become available, tf error: Invalid frame ID "odom" passed to canTransform argument target_frame - frame does not exist
[gzserver-1] [INFO] [1789650370.847563100] [imu.imu_ros]: <initial_orientation_as_reference> is unset, using default value of false to comply with REP 145 (world as orientation reference)
[controller_server-8] [INFO] [1789650371.210388488] [local_costmap.local_costmap]: Timed out waiting for transform from base_footprint to odom to become available, tf error: Invalid frame ID "odom" passed to canTransform argument target_frame - frame does not exist
[controller_server-8] [INFO] [1789650371.712290759] [local_costmap.local_costmap]: Timed out waiting for transform from base_footprint to odom to become available, tf error: Invalid frame ID "odom" passed to canTransform argument target_frame - frame does not exist
[controller_server-8] [INFO] [1789650372.209259956] [local_costmap.local_costmap]: Timed out waiting for transform from base_footprint to odom to become available, tf error: Invalid frame ID "odom" passed to canTransform argument target_frame - frame does not exist
[controller_server-8] [INFO] [1789650372.707883586] [local_costmap.local_costmap]: Timed out waiting for transform from base_footprint to odom to become available, tf error: Invalid frame ID "odom" passed to canTransform argument target_frame - frame does not exist
[controller_server-8] [INFO] [1789650373.208204039] [local_costmap.local_costmap]: Timed out waiting for transform from base_footprint to odom to become available, tf error: Invalid frame ID "odom" passed to canTransform argument target_frame - frame does not exist
[controller_server-8] [INFO] [1789650373.708394289] [local_costmap.local_costmap]: Timed out waiting for transform from base_footprint to odom to become available, tf error: Invalid frame ID "odom" passed to canTransform argument target_frame - frame does not exist
[controller_server-8] [INFO] [1789650374.208307557] [local_costmap.local_costmap]: Timed out waiting for transform from base_footprint to odom to become available, tf error: Invalid frame ID "odom" passed to canTransform argument target_frame - frame does not exist
[controller_server-8] [INFO] [1789650374.708005260] [local_costmap.local_costmap]: Timed out waiting for transform from base_footprint to odom to become available, tf error: Invalid frame ID "odom" passed to canTransform argument target_frame - frame does not exist
[controller_server-8] [INFO] [1789650375.208801269] [local_costmap.local_costmap]: Timed out waiting for transform from base_footprint to odom to become available, tf error: Invalid frame ID "odom" passed to canTransform argument target_frame - frame does not exist
[controller_server-8] [INFO] [1789650375.708748056] [local_costmap.local_costmap]: Timed out waiting for transform from base_footprint to odom to become available, tf error: Invalid frame ID "odom" passed to canTransform argument target_frame - frame does not exist
[controller_server-8] [INFO] [1789650376.207919020] [local_costmap.local_costmap]: Timed out waiting for transform from base_footprint to odom to become available, tf error: Invalid frame ID "odom" passed to canTransform argument target_frame - frame does not exist
[controller_server-8] [INFO] [1789650376.708132081] [local_costmap.local_costmap]: Timed out waiting for transform from base_footprint to odom to become available, tf error: Invalid frame ID "odom" passed to canTransform argument target_frame - frame does not exist
[controller_server-8] [INFO] [1789650377.209085975] [local_costmap.local_costmap]: Timed out waiting for transform from base_footprint to odom to become available, tf error: Invalid frame ID "odom" passed to canTransform argument target_frame - frame does not exist
[controller_server-8] [INFO] [1789650377.707743790] [local_costmap.local_costmap]: Timed out waiting for transform from base_footprint to odom to become available, tf error: Invalid frame ID "odom" passed to canTransform argument target_frame - frame does not exist
[controller_server-8] [INFO] [1789650378.207759139] [local_costmap.local_costmap]: Timed out waiting for transform from base_footprint to odom to become available, tf error: Invalid frame ID "odom" passed to canTransform argument target_frame - frame does not exist
[controller_server-8] [INFO] [1789650378.708328945] [local_costmap.local_costmap]: Timed out waiting for transform from base_footprint to odom to become available, tf error: Invalid frame ID "odom" passed to canTransform argument target_frame - frame does not exist
[controller_server-8] [INFO] [1789650379.209303921] [local_costmap.local_costmap]: Timed out waiting for transform from base_footprint to odom to become available, tf error: Invalid frame ID "odom" passed to canTransform argument target_frame - frame does not exist
[controller_server-8] [INFO] [1789650379.708180580] [local_costmap.local_costmap]: Timed out waiting for transform from base_footprint to odom to become available, tf error: Invalid frame ID "odom" passed to canTransform argument target_frame - frame does not exist
[controller_server-8] [INFO] [1789650380.215404325] [local_costmap.local_costmap]: Timed out waiting for transform from base_footprint to odom to become available, tf error: Invalid frame ID "odom" passed to canTransform argument target_frame - frame does not exist
[controller_server-8] [INFO] [1789650380.707894256] [local_costmap.local_costmap]: Timed out waiting for transform from base_footprint to odom to become available, tf error: Invalid frame ID "odom" passed to canTransform argument target_frame - frame does not exist
[controller_server-8] [INFO] [1789650381.207739101] [local_costmap.local_costmap]: Timed out waiting for transform from base_footprint to odom to become available, tf error: Invalid frame ID "odom" passed to canTransform argument target_frame - frame does not exist
[controller_server-8] [INFO] [1789650381.709067858] [local_costmap.local_costmap]: Timed out waiting for transform from base_footprint to odom to become available, tf error: Invalid frame ID "odom" passed to canTransform argument target_frame - frame does not exist
[controller_server-8] [INFO] [1789650382.209872314] [local_costmap.local_costmap]: Timed out waiting for transform from base_footprint to odom to become available, tf error: Invalid frame ID "odom" passed to canTransform argument target_frame - frame does not exist
[controller_server-8] [INFO] [1789650382.709794701] [local_costmap.local_costmap]: Timed out waiting for transform from base_footprint to odom to become available, tf error: Invalid frame ID "odom" passed to canTransform argument target_frame - frame does not exist
[controller_server-8] [INFO] [1789650383.207713216] [local_costmap.local_costmap]: Timed out waiting for transform from base_footprint to odom to become available, tf error: Invalid frame ID "odom" passed to canTransform argument target_frame - frame does not exist
[controller_server-8] [INFO] [1789650383.709114739] [local_costmap.local_costmap]: Timed out waiting for transform from base_footprint to odom to become available, tf error: Invalid frame ID "odom" passed to canTransform argument target_frame - frame does not exist
[controller_server-8] [INFO] [1789650384.209193422] [local_costmap.local_costmap]: Timed out waiting for transform from base_footprint to odom to become available, tf error: Invalid frame ID "odom" passed to canTransform argument target_frame - frame does not exist
[controller_server-8] [INFO] [1789650384.707714578] [local_costmap.local_costmap]: Timed out waiting for transform from base_footprint to odom to become available, tf error: Invalid frame ID "odom" passed to canTransform argument target_frame - frame does not exist
[controller_server-8] [INFO] [1789650385.208501602] [local_costmap.local_costmap]: Timed out waiting for transform from base_footprint to odom to become available, tf error: Invalid frame ID "odom" passed to canTransform argument target_frame - frame does not exist
[gzserver-1] [INFO] [1789650385.338169145] [contact_load.wheel_front_drive_link_contact_plugin]: Publishing contact states to [/contact_load/wheel_front_drive_link]
[gzserver-1] [INFO] [1789650385.405321857] [contact_load.wheel_rear_drive_link_contact_plugin]: Publishing contact states to [/contact_load/wheel_rear_drive_link]
[gzserver-1] [INFO] [1789650385.526694404] [contact_load.wheel_front_left_link_contact_plugin]: Publishing contact states to [/contact_load/wheel_front_left_link]
[gzserver-1] [INFO] [1789650385.679847157] [contact_load.wheel_front_right_link_contact_plugin]: Publishing contact states to [/contact_load/wheel_front_right_link]
[controller_server-8] [INFO] [1789650385.708488683] [local_costmap.local_costmap]: Timed out waiting for transform from base_footprint to odom to become available, tf error: Invalid frame ID "odom" passed to canTransform argument target_frame - frame does not exist
[gzserver-1] [INFO] [1789650385.795581382] [contact_load.wheel_rear_left_link_contact_plugin]: Publishing contact states to [/contact_load/wheel_rear_left_link]
[spawn_entity.py-3] [INFO] [1789650385.809823929] [spawn_swerve]: Spawn status: SpawnEntity: Successfully spawned entity [swerve_base]
[gzserver-1] [INFO] [1789650385.971290317] [contact_load.wheel_rear_right_link_contact_plugin]: Publishing contact states to [/contact_load/wheel_rear_right_link]
[gzserver-1] [INFO] [1789650386.066205814] [gazebo_ros2_control]: Loading gazebo_ros2_control plugin
[INFO] [spawn_entity.py-3]: process has finished cleanly [pid 193887]
[INFO] [spawner-15]: process started with pid [194421]
[controller_server-8] [INFO] [1789650386.209128688] [local_costmap.local_costmap]: Timed out waiting for transform from base_footprint to odom to become available, tf error: Invalid frame ID "odom" passed to canTransform argument target_frame - frame does not exist
[gzserver-1] [INFO] [1789650386.225986920] [gazebo_ros2_control]: Starting gazebo_ros2_control plugin in namespace: /
[gzserver-1] [INFO] [1789650386.226071556] [gazebo_ros2_control]: Starting gazebo_ros2_control plugin in ros 2 node: gazebo_ros2_control
[gzserver-1] [INFO] [1789650386.281453860] [gazebo_ros2_control]: connected to service!! robot_state_publisher
[gzserver-1] [INFO] [1789650386.284187620] [gazebo_ros2_control]: Received urdf from param server, parsing...
[gzserver-1] [INFO] [1789650386.284326290] [gazebo_ros2_control]: Loading parameter files /home/yahboom/swerve_bringup/install/swerve_bringup/share/swerve_bringup/config/controllers.yaml
[gzserver-1] [INFO] [1789650386.317035419] [gazebo_ros2_control]: Loading joint: steer_front_joint
[gzserver-1] [INFO] [1789650386.317095469] [gazebo_ros2_control]: 	State:
[gzserver-1] [INFO] [1789650386.317108950] [gazebo_ros2_control]: 		 position
[gzserver-1] [INFO] [1789650386.317120706] [gazebo_ros2_control]: 		 velocity
[gzserver-1] [INFO] [1789650386.317130518] [gazebo_ros2_control]: 	Command:
[gzserver-1] [INFO] [1789650386.317138824] [gazebo_ros2_control]: 		 position
[gzserver-1] [INFO] [1789650386.322784701] [gazebo_ros2_control]: Loading joint: steer_rear_joint
[gzserver-1] [INFO] [1789650386.322845357] [gazebo_ros2_control]: 	State:
[gzserver-1] [INFO] [1789650386.322859101] [gazebo_ros2_control]: 		 position
[gzserver-1] [INFO] [1789650386.322870723] [gazebo_ros2_control]: 		 velocity
[gzserver-1] [INFO] [1789650386.322880480] [gazebo_ros2_control]: 	Command:
[gzserver-1] [INFO] [1789650386.322889587] [gazebo_ros2_control]: 		 position
[gzserver-1] [INFO] [1789650386.331755273] [gazebo_ros2_control]: Loading joint: wheel_front_drive_joint
[gzserver-1] [INFO] [1789650386.331809394] [gazebo_ros2_control]: 	State:
[gzserver-1] [INFO] [1789650386.331820872] [gazebo_ros2_control]: 		 position
[gzserver-1] [INFO] [1789650386.331831272] [gazebo_ros2_control]: 		 velocity
[gzserver-1] [INFO] [1789650386.331839998] [gazebo_ros2_control]: 	Command:
[gzserver-1] [INFO] [1789650386.331854929] [gazebo_ros2_control]: 		 velocity
[gzserver-1] [INFO] [1789650386.334158082] [gazebo_ros2_control]: Loading joint: wheel_rear_drive_joint
[gzserver-1] [INFO] [1789650386.334230041] [gazebo_ros2_control]: 	State:
[gzserver-1] [INFO] [1789650386.334244831] [gazebo_ros2_control]: 		 position
[gzserver-1] [INFO] [1789650386.334291441] [gazebo_ros2_control]: 		 velocity
[gzserver-1] [INFO] [1789650386.334304366] [gazebo_ros2_control]: 	Command:
[gzserver-1] [INFO] [1789650386.334329385] [gazebo_ros2_control]: 		 velocity
[gzserver-1] [INFO] [1789650386.339540638] [resource_manager]: Initialize hardware 'GazeboSystem' 
[gzserver-1] [INFO] [1789650386.341333311] [resource_manager]: Successful initialization of hardware 'GazeboSystem'
[gzserver-1] [INFO] [1789650386.341586672] [resource_manager]: 'configure' hardware 'GazeboSystem' 
[gzserver-1] [INFO] [1789650386.341611576] [resource_manager]: Successful 'configure' of hardware 'GazeboSystem'
[gzserver-1] [INFO] [1789650386.341619887] [resource_manager]: 'activate' hardware 'GazeboSystem' 
[gzserver-1] [INFO] [1789650386.341626280] [resource_manager]: Successful 'activate' of hardware 'GazeboSystem'
[gzserver-1] [INFO] [1789650386.341733360] [gazebo_ros2_control]: Loading controller_manager
[gzserver-1] [WARN] [1789650386.682901919] [gazebo_ros2_control]:  Desired controller update period (0.01 s) is slower than the gazebo simulation period (0.001 s).
[gzserver-1] [INFO] [1789650386.683664408] [gazebo_ros2_control]: Loaded gazebo_ros2_control.
[controller_server-8] [INFO] [1789650386.708100708] [local_costmap.local_costmap]: Timed out waiting for transform from base_footprint to odom to become available, tf error: Invalid frame ID "odom" passed to canTransform argument target_frame - frame does not exist
[controller_server-8] [INFO] [1789650387.208038956] [local_costmap.local_costmap]: start
[controller_server-8] [INFO] [1789650387.375918317] [controller_server]: Creating bond (controller_server) to lifecycle manager.
[lifecycle_manager-13] [INFO] [1789650387.496685171] [lifecycle_manager_navigation]: Server controller_server connected with bond.
[lifecycle_manager-13] [INFO] [1789650387.503006482] [lifecycle_manager_navigation]: [34m[1mActivating planner_server[0m[0m
[planner_server-9] [INFO] [1789650387.515278132] [planner_server]: Activating
[planner_server-9] [INFO] [1789650387.515349913] [global_costmap.global_costmap]: Activating
[planner_server-9] [INFO] [1789650387.515367465] [global_costmap.global_costmap]: Checking transform
[planner_server-9] [INFO] [1789650387.515511078] [global_costmap.global_costmap]: start
[spawner-15] [INFO] [1789650387.630308472] [spawn_joint_state_broadcaster]: waiting for service /controller_manager/list_controllers to become available...
[planner_server-9] [INFO] [1789650388.094783917] [planner_server]: Activating plugin GridBased of type NavfnPlanner
[planner_server-9] [INFO] [1789650388.123224549] [planner_server]: Creating bond (planner_server) to lifecycle manager.
[lifecycle_manager-13] [INFO] [1789650388.267556302] [lifecycle_manager_navigation]: Server planner_server connected with bond.
[lifecycle_manager-13] [INFO] [1789650388.267629207] [lifecycle_manager_navigation]: [34m[1mActivating behavior_server[0m[0m
[behavior_server-10] [INFO] [1789650388.269841295] [behavior_server]: Activating
[behavior_server-10] [INFO] [1789650388.269942488] [behavior_server]: Activating spin
[behavior_server-10] [INFO] [1789650388.269964075] [behavior_server]: Activating backup
[behavior_server-10] [INFO] [1789650388.269976081] [behavior_server]: Activating drive_on_heading
[behavior_server-10] [INFO] [1789650388.269987304] [behavior_server]: Activating wait
[behavior_server-10] [INFO] [1789650388.270003603] [behavior_server]: Creating bond (behavior_server) to lifecycle manager.
[lifecycle_manager-13] [INFO] [1789650388.384953961] [lifecycle_manager_navigation]: Server behavior_server connected with bond.
[lifecycle_manager-13] [INFO] [1789650388.385045420] [lifecycle_manager_navigation]: [34m[1mActivating bt_navigator[0m[0m
[bt_navigator-11] [INFO] [1789650388.388655214] [bt_navigator]: Activating
[gzserver-1] [INFO] [1789650388.407967041] [controller_manager]: Loading controller 'joint_state_broadcaster'
[spawner-15] [INFO] [1789650388.691408398] [spawn_joint_state_broadcaster]: [94mLoaded [1mjoint_state_broadcaster[0m
[gzserver-1] [INFO] [1789650388.711741408] [controller_manager]: Configuring controller 'joint_state_broadcaster'
[gzserver-1] [INFO] [1789650388.712183364] [joint_state_broadcaster]: 'joints' or 'interfaces' parameter is empty. All available state interfaces will be published
[spawner-15] [INFO] [1789650388.856192822] [spawn_joint_state_broadcaster]: [92mConfigured and activated [1mjoint_state_broadcaster[0m
[bt_navigator-11] [INFO] [1789650388.980383657] [bt_navigator]: Creating bond (bt_navigator) to lifecycle manager.
[lifecycle_manager-13] [INFO] [1789650389.107979115] [lifecycle_manager_navigation]: Server bt_navigator connected with bond.
[lifecycle_manager-13] [INFO] [1789650389.108079478] [lifecycle_manager_navigation]: [34m[1mActivating waypoint_follower[0m[0m
[waypoint_follower-12] [INFO] [1789650389.110648965] [waypoint_follower]: Activating
[waypoint_follower-12] [INFO] [1789650389.110794183] [waypoint_follower]: Creating bond (waypoint_follower) to lifecycle manager.
[INFO] [spawner-15]: process has finished cleanly [pid 194421]
[INFO] [spawner-16]: process started with pid [194506]
[lifecycle_manager-13] [INFO] [1789650389.234643570] [lifecycle_manager_navigation]: Server waypoint_follower connected with bond.
[lifecycle_manager-13] [INFO] [1789650389.234717383] [lifecycle_manager_navigation]: [34m[1mManaged nodes are active[0m[0m
[lifecycle_manager-13] [INFO] [1789650389.234733891] [lifecycle_manager_navigation]: [34m[1mCreating bond timer...[0m[0m
[spawner-16] [INFO] [1789650390.715593660] [spawn_steering_controller]: waiting for service /controller_manager/list_controllers to become available...
[gzserver-1] [INFO] [1789650391.262341215] [controller_manager]: Loading controller 'steering_controller'
[spawner-16] [INFO] [1789650391.585966105] [spawn_steering_controller]: [94mLoaded [1msteering_controller[0m
[gzserver-1] [INFO] [1789650391.605195472] [controller_manager]: Configuring controller 'steering_controller'
[gzserver-1] [INFO] [1789650391.661805512] [steering_controller]: configure successful
[gzserver-1] [INFO] [1789650391.685320040] [steering_controller]: activate successful
[spawner-16] [INFO] [1789650391.714094243] [spawn_steering_controller]: [92mConfigured and activated [1msteering_controller[0m
[INFO] [spawner-16]: process has finished cleanly [pid 194506]
[INFO] [spawner-17]: process started with pid [194545]
[spawner-17] [INFO] [1789650393.585362353] [spawn_drive_controller]: waiting for service /controller_manager/list_controllers to become available...
[gzserver-1] [INFO] [1789650395.192239287] [controller_manager]: Loading controller 'drive_controller'
[spawner-17] [INFO] [1789650395.623868069] [spawn_drive_controller]: [94mLoaded [1mdrive_controller[0m
[gzserver-1] [INFO] [1789650395.653764715] [controller_manager]: Configuring controller 'drive_controller'
[gzserver-1] [INFO] [1789650395.658759927] [drive_controller]: configure successful
[gzserver-1] [INFO] [1789650395.685269547] [drive_controller]: activate successful
[spawner-17] [INFO] [1789650395.725577582] [spawn_drive_controller]: [92mConfigured and activated [1mdrive_controller[0m
[INFO] [spawner-17]: process has finished cleanly [pid 194545]
[INFO] [swerve_controller_node-18]: process started with pid [194595]
[INFO] [swerve_odometry_node-19]: process started with pid [194597]
[swerve_controller_node-18] [INFO] [1789650398.123757878] [swerve_controller]: Swerve controller ready: radius=0.0675 m, modules={'front': (0.300042, 0.0), 'rear': (-0.300042, 0.0)}
[swerve_odometry_node-19] [INFO] [1789650398.359050191] [swerve_odometry]: Encoder odometry ready: radius=0.0637 m, velocity_sign=+1.0
[behavior_server-10] [INFO] [1789650434.322590496] [rclcpp]: signal_handler(signum=2)
[behavior_server-10] [INFO] [1789650434.322816375] [behavior_server]: Running Nav2 LifecycleNode rcl preshutdown (behavior_server)
[lifecycle_manager-13] [INFO] [1789650434.322995629] [rclcpp]: signal_handler(signum=2)
[WARNING] [launch]: user interrupted with ctrl-c (SIGINT)
[bt_navigator-11] [INFO] [1789650434.323534124] [rclcpp]: signal_handler(signum=2)
[planner_server-9] [INFO] [1789650434.323754765] [rclcpp]: signal_handler(signum=2)
[controller_server-8] [INFO] [1789650434.323874102] [rclcpp]: signal_handler(signum=2)
[ekf_node-6] [INFO] [1789650434.323977623] [rclcpp]: signal_handler(signum=2)
[behavior_server-10] [INFO] [1789650434.324228454] [behavior_server]: Deactivating
[behavior_server-10] [INFO] [1789650434.324359401] [behavior_server]: Destroying bond (behavior_server) to lifecycle manager.
[lifecycle_manager-13] [INFO] [1789650434.322995629] [rclcpp]: signal_handler(signum=2)
[lifecycle_manager-13] [INFO] [1789650434.323104026] [lifecycle_manager_navigation]: Running Nav2 LifecycleManager rcl preshutdown (lifecycle_manager_navigation)
[lifecycle_manager-13] [INFO] [1789650434.324358554] [lifecycle_manager_navigation]: [34m[1mTerminating bond timer...[0m[0m
[controller_server-8] [INFO] [1789650434.326123301] [controller_server]: Running Nav2 LifecycleNode rcl preshutdown (controller_server)
[controller_server-8] [INFO] [1789650434.326213276] [controller_server]: Deactivating
[controller_server-8] [INFO] [1789650434.326269484] [local_costmap.local_costmap]: Deactivating
[ekf_node-4] [INFO] [1789650434.326233653] [rclcpp]: signal_handler(signum=2)
[planner_server-9] [INFO] [1789650434.326392360] [planner_server]: Running Nav2 LifecycleNode rcl preshutdown (planner_server)
[planner_server-9] [INFO] [1789650434.326471562] [planner_server]: Deactivating
[planner_server-9] [INFO] [1789650434.326515363] [global_costmap.global_costmap]: Deactivating
[waypoint_follower-12] [INFO] [1789650434.326650449] [rclcpp]: signal_handler(signum=2)
[map_server-7] [INFO] [1789650434.329889594] [rclcpp]: signal_handler(signum=2)
[waypoint_follower-12] [INFO] [1789650434.332794677] [waypoint_follower]: Running Nav2 LifecycleNode rcl preshutdown (waypoint_follower)
[map_server-7] [INFO] [1789650434.332803901] [map_server]: Running Nav2 LifecycleNode rcl preshutdown (map_server)
[map_server-7] [INFO] [1789650434.332902517] [map_server]: Deactivating
[map_server-7] [INFO] [1789650434.332937089] [map_server]: Destroying bond (map_server) to lifecycle manager.
[robot_state_publisher-2] [INFO] [1789650434.333498484] [rclcpp]: signal_handler(signum=2)
[INFO] [swerve_odometry_node-19]: sending signal 'SIGINT' to process[swerve_odometry_node-19]
[INFO] [swerve_controller_node-18]: sending signal 'SIGINT' to process[swerve_controller_node-18]
[INFO] [lifecycle_manager-13]: sending signal 'SIGINT' to process[lifecycle_manager-13]
[INFO] [waypoint_follower-12]: sending signal 'SIGINT' to process[waypoint_follower-12]
[INFO] [bt_navigator-11]: sending signal 'SIGINT' to process[bt_navigator-11]
[INFO] [behavior_server-10]: sending signal 'SIGINT' to process[behavior_server-10]
[INFO] [planner_server-9]: sending signal 'SIGINT' to process[planner_server-9]
[INFO] [controller_server-8]: sending signal 'SIGINT' to process[controller_server-8]
[INFO] [map_server-7]: sending signal 'SIGINT' to process[map_server-7]
[INFO] [ekf_node-6]: sending signal 'SIGINT' to process[ekf_node-6]
[INFO] [v30e_sim_node-5]: sending signal 'SIGINT' to process[v30e_sim_node-5]
[INFO] [ekf_node-4]: sending signal 'SIGINT' to process[ekf_node-4]
[INFO] [robot_state_publisher-2]: sending signal 'SIGINT' to process[robot_state_publisher-2]
[INFO] [gzserver-1]: sending signal 'SIGINT' to process[gzserver-1]
[waypoint_follower-12] [INFO] [1789650434.337447585] [waypoint_follower]: Deactivating
[waypoint_follower-12] [INFO] [1789650434.337516697] [waypoint_follower]: Destroying bond (waypoint_follower) to lifecycle manager.
[bt_navigator-11] [INFO] [1789650434.337455052] [bt_navigator]: Running Nav2 LifecycleNode rcl preshutdown (bt_navigator)
[bt_navigator-11] [INFO] [1789650434.337677757] [bt_navigator]: Deactivating
[bt_navigator-11] [INFO] [1789650434.337785971] [bt_navigator]: Destroying bond (bt_navigator) to lifecycle manager.
[controller_server-8] [INFO] [1789650434.339902184] [controller_server]: Destroying bond (controller_server) to lifecycle manager.
[map_server-7] [INFO] [1789650434.359148585] [map_server]: Cleaning up
[map_server-7] [INFO] [1789650434.359281047] [map_server]: Destroying bond (map_server) to lifecycle manager.
[bt_navigator-11] [INFO] [1789650434.364120272] [bt_navigator]: Cleaning up
[controller_server-8] [INFO] [1789650434.365715793] [controller_server]: Cleaning up
[controller_server-8] [INFO] [1789650434.365861113] [local_costmap.local_costmap]: Cleaning up
[behavior_server-10] [INFO] [1789650434.367164464] [behavior_server]: Cleaning up
[waypoint_follower-12] [INFO] [1789650434.370904469] [waypoint_follower]: Cleaning up
[swerve_controller_node-18] Traceback (most recent call last):
[swerve_controller_node-18]   File "/home/yahboom/swerve_bringup/install/swerve_bringup/lib/swerve_bringup/swerve_controller_node", line 192, in <module>
[swerve_controller_node-18]     main()
[swerve_controller_node-18]   File "/home/yahboom/swerve_bringup/install/swerve_bringup/lib/swerve_bringup/swerve_controller_node", line 184, in main
[swerve_controller_node-18]     node.steer_pub.publish(Float64MultiArray(data=[
[swerve_controller_node-18]   File "/opt/ros/humble/local/lib/python3.10/dist-packages/rclpy/publisher.py", line 70, in publish
[swerve_controller_node-18]     self.__publisher.publish(msg)
[swerve_controller_node-18] rclpy._rclpy_pybind11.RCLError: Failed to publish: publisher's context is invalid, at ./src/rcl/publisher.c:389
[swerve_controller_node-18] Error in sys.excepthook:
[swerve_controller_node-18] Traceback (most recent call last):
[swerve_controller_node-18]   File "/usr/lib/python3/dist-packages/apport_python_hook.py", line 72, in apport_excepthook
[swerve_controller_node-18]     from apport.fileutils import likely_packaged, get_recent_crashes
[swerve_controller_node-18]   File "/usr/lib/python3/dist-packages/apport/__init__.py", line 5, in <module>
[swerve_controller_node-18]     from apport.report import Report
[swerve_controller_node-18]   File "/usr/lib/python3/dist-packages/apport/report.py", line 21, in <module>
[swerve_controller_node-18]     from urllib.request import urlopen
[swerve_controller_node-18]   File "/usr/lib/python3.10/urllib/request.py", line 88, in <module>
[swerve_controller_node-18]     import http.client
[swerve_controller_node-18]   File "<frozen importlib._bootstrap>", line 1027, in _find_and_load
[swerve_controller_node-18]   File "<frozen importlib._bootstrap>", line 1002, in _find_and_load_unlocked
[swerve_controller_node-18]   File "<frozen importlib._bootstrap>", line 945, in _find_spec
[swerve_controller_node-18]   File "<frozen importlib._bootstrap_external>", line 1439, in find_spec
[swerve_controller_node-18]   File "<frozen importlib._bootstrap_external>", line 1408, in _get_spec
[swerve_controller_node-18]   File "<frozen importlib._bootstrap_external>", line 1356, in _path_importer_cache
[swerve_controller_node-18] KeyboardInterrupt
[swerve_controller_node-18] 
[swerve_controller_node-18] Original exception was:
[swerve_controller_node-18] Traceback (most recent call last):
[swerve_controller_node-18]   File "/home/yahboom/swerve_bringup/install/swerve_bringup/lib/swerve_bringup/swerve_controller_node", line 192, in <module>
[swerve_controller_node-18]     main()
[swerve_controller_node-18]   File "/home/yahboom/swerve_bringup/install/swerve_bringup/lib/swerve_bringup/swerve_controller_node", line 184, in main
[swerve_controller_node-18]     node.steer_pub.publish(Float64MultiArray(data=[
[swerve_controller_node-18]   File "/opt/ros/humble/local/lib/python3.10/dist-packages/rclpy/publisher.py", line 70, in publish
[swerve_controller_node-18]     self.__publisher.publish(msg)
[swerve_controller_node-18] rclpy._rclpy_pybind11.RCLError: Failed to publish: publisher's context is invalid, at ./src/rcl/publisher.c:389
[lifecycle_manager-13] [INFO] [1789650434.383846777] [rclcpp]: signal_handler(signum=2)
[swerve_odometry_node-19] Traceback (most recent call last):
[swerve_odometry_node-19]   File "/home/yahboom/swerve_bringup/install/swerve_bringup/lib/swerve_bringup/swerve_odometry_node", line 221, in <module>
[swerve_odometry_node-19]     main()
[swerve_odometry_node-19]   File "/home/yahboom/swerve_bringup/install/swerve_bringup/lib/swerve_bringup/swerve_odometry_node", line 215, in main
[swerve_odometry_node-19]     node.destroy_node()
[swerve_odometry_node-19]   File "/opt/ros/humble/local/lib/python3.10/dist-packages/rclpy/node.py", line 1687, in destroy_node
[swerve_odometry_node-19]     self.destroy_subscription(self._subscriptions[0])
[swerve_odometry_node-19]   File "/opt/ros/humble/local/lib/python3.10/dist-packages/rclpy/node.py", line 1583, in destroy_subscription
[swerve_odometry_node-19]     subscription.destroy()
[swerve_odometry_node-19]   File "/opt/ros/humble/local/lib/python3.10/dist-packages/rclpy/subscription.py", line 80, in destroy
[swerve_odometry_node-19]     self.handle.destroy_when_not_in_use()
[swerve_odometry_node-19] KeyboardInterrupt
[waypoint_follower-12] [INFO] [1789650434.392883713] [rclcpp]: signal_handler(signum=2)
[bt_navigator-11] [INFO] [1789650434.395788610] [rclcpp]: signal_handler(signum=2)
[behavior_server-10] [INFO] [1789650434.401118883] [rclcpp]: signal_handler(signum=2)
[planner_server-9] [INFO] [1789650434.406504757] [rclcpp]: signal_handler(signum=2)
[controller_server-8] [INFO] [1789650434.411015158] [rclcpp]: signal_handler(signum=2)
[ERROR] [ekf_node-4]: process has died [pid 193889, exit code -2, cmd '/opt/ros/humble/lib/robot_localization/ekf_node --ros-args -r __node:=ekf_filter_node --params-file /home/yahboom/swerve_bringup/install/swerve_bringup/share/swerve_bringup/config/ekf.yaml --params-file /tmp/launch_params_26768z_0 -r /odom:=/odom -r /imu/data:=/imu/data'].
[map_server-7] [INFO] [1789650434.426091247] [rclcpp]: signal_handler(signum=2)
[ekf_node-6] [INFO] [1789650434.428846143] [rclcpp]: signal_handler(signum=2)
[v30e_sim_node-5] Traceback (most recent call last):
[v30e_sim_node-5]   File "/home/yahboom/swerve_bringup/install/swerve_bringup/lib/swerve_bringup/v30e_sim_node", line 188, in <module>
[v30e_sim_node-5]     if __name__ == '__main__': main()
[v30e_sim_node-5]   File "/home/yahboom/swerve_bringup/install/swerve_bringup/lib/swerve_bringup/v30e_sim_node", line 185, in main
[v30e_sim_node-5]     node.destroy_node(); rclpy.shutdown()
[v30e_sim_node-5]   File "/opt/ros/humble/local/lib/python3.10/dist-packages/rclpy/node.py", line 1685, in destroy_node
[v30e_sim_node-5]     self.destroy_publisher(self._publishers[0])
[v30e_sim_node-5]   File "/opt/ros/humble/local/lib/python3.10/dist-packages/rclpy/node.py", line 1565, in destroy_publisher
[v30e_sim_node-5]     publisher.destroy()
[v30e_sim_node-5]   File "/opt/ros/humble/local/lib/python3.10/dist-packages/rclpy/publisher.py", line 99, in destroy
[v30e_sim_node-5]     self.__publisher.destroy_when_not_in_use()
[v30e_sim_node-5] KeyboardInterrupt
[robot_state_publisher-2] [INFO] [1789650434.449312079] [rclcpp]: signal_handler(signum=2)
[planner_server-9] [INFO] [1789650434.521200394] [planner_server]: Deactivating plugin GridBased of type NavfnPlanner
[planner_server-9] [INFO] [1789650434.521272306] [planner_server]: Destroying bond (planner_server) to lifecycle manager.
[behavior_server-10] [INFO] [1789650434.522739639] [behavior_server]: Destroying bond (behavior_server) to lifecycle manager.
[map_server-7] [INFO] [1789650434.543129584] [map_server]: Destroying
[planner_server-9] [INFO] [1789650434.575155429] [planner_server]: Cleaning up
[waypoint_follower-12] [INFO] [1789650434.649999911] [waypoint_follower]: Destroying bond (waypoint_follower) to lifecycle manager.
[waypoint_follower-12] [INFO] [1789650434.729878528] [waypoint_follower]: Destroying
[lifecycle_manager-13] [INFO] [1789650434.745776555] [lifecycle_manager_navigation]: Destroying lifecycle_manager_navigation
[planner_server-9] [INFO] [1789650434.757811087] [global_costmap.global_costmap]: Cleaning up
[behavior_server-10] [INFO] [1789650434.761161323] [behavior_server]: Destroying
[controller_server-8] [INFO] [1789650434.776362596] [controller_server]: Destroying bond (controller_server) to lifecycle manager.
[ERROR] [swerve_odometry_node-19]: process has died [pid 194597, exit code -2, cmd '/home/yahboom/swerve_bringup/install/swerve_bringup/lib/swerve_bringup/swerve_odometry_node --ros-args -r __node:=swerve_odometry --params-file /home/yahboom/swerve_bringup/install/swerve_bringup/share/swerve_bringup/config/swerve_odometry.yaml --params-file /tmp/launch_params_ufc9o806'].
[ERROR] [v30e_sim_node-5]: process has died [pid 193891, exit code -2, cmd '/home/yahboom/swerve_bringup/install/swerve_bringup/lib/swerve_bringup/v30e_sim_node --ros-args -r __node:=v30e_sim_node --params-file /home/yahboom/swerve_bringup/install/swerve_bringup/share/swerve_bringup/config/v30e_sim.yaml --params-file /tmp/launch_params_vy79uje2'].
[INFO] [robot_state_publisher-2]: process has finished cleanly [pid 193885]
[controller_server-8] [INFO] [1789650434.850199020] [local_costmap.local_costmap]: Destroying
[planner_server-9] [INFO] [1789650434.850709778] [planner_server]: Cleaning up plugin GridBased of type NavfnPlanner
[planner_server-9] [INFO] [1789650434.850818787] [planner_server]: Destroying plugin GridBased of type NavfnPlanner
[ERROR] [swerve_controller_node-18]: process has died [pid 194595, exit code 1, cmd '/home/yahboom/swerve_bringup/install/swerve_bringup/lib/swerve_bringup/swerve_controller_node --ros-args -r __node:=swerve_controller --params-file /home/yahboom/swerve_bringup/install/swerve_bringup/share/swerve_bringup/config/swerve_controller.yaml --params-file /tmp/launch_params_ns0zvakq'].
[planner_server-9] [INFO] [1789650434.917398705] [planner_server]: Destroying bond (planner_server) to lifecycle manager.
[planner_server-9] [INFO] [1789650434.948834618] [global_costmap.global_costmap]: Destroying
[controller_server-8] [INFO] [1789650434.953183541] [controller_server]: Destroying
[INFO] [ekf_node-6]: process has finished cleanly [pid 193893]
[INFO] [behavior_server-10]: process has finished cleanly [pid 193901]
[INFO] [map_server-7]: process has finished cleanly [pid 193895]
[INFO] [waypoint_follower-12]: process has finished cleanly [pid 193906]
[planner_server-9] [INFO] [1789650434.982676142] [planner_server]: Destroying
[bt_navigator-11] [INFO] [1789650435.014760578] [bt_navigator]: Completed Cleaning up
[bt_navigator-11] [INFO] [1789650435.014828269] [bt_navigator]: Destroying bond (bt_navigator) to lifecycle manager.
[INFO] [lifecycle_manager-13]: process has finished cleanly [pid 193913]
[bt_navigator-11] [INFO] [1789650435.035067869] [bt_navigator]: Destroying
[INFO] [planner_server-9]: process has finished cleanly [pid 193899]
[INFO] [controller_server-8]: process has finished cleanly [pid 193897]
[INFO] [bt_navigator-11]: process has finished cleanly [pid 193904]
[INFO] [gzserver-1]: process has finished cleanly [pid 193883]
