[0.140s] Invoking command in '/home/yahboom/swerve_bringup/build/swerve_bringup': CMAKE_PREFIX_PATH=/home/yahboom/cartoros2/install/yahboom_web_savmap_interfaces:/home/yahboom/cartoros2/install/yahboom_qrcode:/home/yahboom/cartoros2/install/yahboom_point:/home/yahboom/cartoros2/install/yahboom_nav2_send_goal:/home/yahboom/cartoros2/install/yahboom_msgs:/home/yahboom/cartoros2/install/yahboom_config:/home/yahboom/cartoros2/install/yahboom_color_identify_interfaces:/home/yahboom/cartoros2/install/yahboom_attitude_record_interfaces:/home/yahboom/cartoros2/install/turtlebot3_description:/home/yahboom/cartoros2/install/robot_pose_publisher_ros2:/home/yahboom/cartoros2/install/rf2o_laser_odometry:/home/yahboom/cartoros2/install/nav2_system_tests:/home/yahboom/cartoros2/install/nav2_bringup:/home/yahboom/cartoros2/install/navigation2:/home/yahboom/cartoros2/install/nav2_smoother:/home/yahboom/cartoros2/install/nav2_graceful_controller:/home/yahboom/cartoros2/install/nav2_dwb_controller:/home/yahboom/cartoros2/install/nav2_controller:/home/yahboom/cartoros2/install/dwb_plugins:/home/yahboom/cartoros2/install/dwb_critics:/home/yahboom/cartoros2/install/dwb_core:/home/yahboom/cartoros2/install/nav_2d_utils:/home/yahboom/cartoros2/install/dwb_msgs:/home/yahboom/cartoros2/install/nav_2d_msgs:/home/yahboom/cartoros2/install/nav2_waypoint_follower:/home/yahboom/cartoros2/install/nav2_theta_star_planner:/home/yahboom/cartoros2/install/nav2_smac_planner:/home/yahboom/cartoros2/install/nav2_rotation_shim_controller:/home/yahboom/cartoros2/install/nav2_regulated_pure_pursuit_controller:/home/yahboom/cartoros2/install/nav2_planner:/home/yahboom/cartoros2/install/nav2_navfn_planner:/home/yahboom/cartoros2/install/nav2_mppi_controller:/home/yahboom/cartoros2/install/nav2_constrained_smoother:/home/yahboom/cartoros2/install/nav2_bt_navigator:/home/yahboom/cartoros2/install/nav2_behaviors:/home/yahboom/cartoros2/install/nav2_core:/home/yahboom/cartoros2/install/nav2_collision_monitor:/home/yahboom/cartoros2/install/costmap_queue:/home/yahboom/cartoros2/install/nav2_costmap_2d:/home/yahboom/cartoros2/install/nav2_voxel_grid:/home/yahboom/cartoros2/install/nav2_velocity_smoother:/home/yahboom/cartoros2/install/nav2_rviz_plugins:/home/yahboom/cartoros2/install/nav2_map_server:/home/yahboom/cartoros2/install/nav2_lifecycle_manager:/home/yahboom/cartoros2/install/nav2_behavior_tree:/home/yahboom/cartoros2/install/nav2_amcl:/home/yahboom/cartoros2/install/nav2_util:/home/yahboom/cartoros2/install/nav2_msgs:/home/yahboom/cartoros2/install/nav2_common:/home/yahboom/cartoros2/install/image_color_lab:/home/yahboom/cartoros2/install/dynamixel_sdk_examples:/home/yahboom/cartoros2/install/dynamixel_sdk_custom_interfaces:/home/yahboom/cartoros2/install/dynamixel_sdk:/home/yahboom/cartoros2/install/csm:/home/yahboom/cartoros2/install/champ_msgs:/home/yahboom/cartoros2/install/champ:/home/yahboom/cartoros2/install/cartographer_ros_msgs:/home/yahboom/cartoros2/install/cartographer:/home/yahboom/yahboomcar_ws/install/yahboom_dog_node:/home/yahboom/yahboomcar_ws/install/yahboom_dog_navigation2:/home/yahboom/yahboomcar_ws/install/yahboom_dog_nav:/home/yahboom/yahboomcar_ws/install/yahboom_dog_msgs:/home/yahboom/yahboomcar_ws/install/yahboom_dog_cartographer:/home/yahboom/yahboomcar_ws/install/yahboom_dog:/home/yahboom/yahboomcar_ws/install/yahboom_dog_bringup:/home/yahboom/yahboomcar_ws/install/dynamixel_sdk_examples:/home/yahboom/yahboomcar_ws/install/dynamixel_sdk_custom_interfaces:/home/yahboom/yahboomcar_ws/install/dynamixel_sdk:/home/yahboom/yahboomcar_ws/install/champ_navigation:/home/yahboom/yahboomcar_ws/install/champ_msgs:/home/yahboom/cartoros2/install/yahboomcar_nav:/home/yahboom/cartoros2/install/yahboomcar_ctrl:/home/yahboom/cartoros2/install/yahboom_visual:/home/yahboom/cartoros2/install/yahboom_dog_joint_state:/home/yahboom/cartoros2/install/yahboom_description:/home/yahboom/cartoros2/install/yahboom_color_identify_server:/home/yahboom/cartoros2/install/yahboom_bringup:/home/yahboom/cartoros2/install/yahboom_base:/home/yahboom/cartoros2/install/yahboom_app_save_map:/home/yahboom/cartoros2/install/update_map:/home/yahboom/cartoros2/install/rosboard:/home/yahboom/cartoros2/install/path_planner_server:/home/yahboom/cartoros2/install/nav2_simple_commander:/home/yahboom/cartoros2/install/nav2_gazebo_spawner:/home/yahboom/cartoros2/install/localization_server:/home/yahboom/cartoros2/install/laserscan_to_point_pulisher:/home/yahboom/cartoros2/install/dogzilla_sim:/home/yahboom/yahboomcar_ws/install/yahboom_dog_example:/home/yahboom/ros2_ws/install/tb3_slam_viewer:/opt/ros/humble:/home/yahboom/yahboomcar_ws/install/champ_gazebo:/home/yahboom/yahboomcar_ws/install/champ_bringup:/home/yahboom/yahboomcar_ws/install/champ_description:/home/yahboom/yahboomcar_ws/install/champ_config:/home/yahboom/yahboomcar_ws/install/champ:/home/yahboom/ros2_ws/install/your_planner:/home/yahboom/ros2_ws/install/champ_description VIRTUAL_ENV_PROMPT=(.venv) /usr/bin/cmake --build /home/yahboom/swerve_bringup/build/swerve_bringup -- -j16 -l16
[0.338s] -- Found ament_cmake: 1.3.12 (/opt/ros/humble/share/ament_cmake/cmake)
[1.057s] -- Override CMake install command with custom implementation using symlinks instead of copying resources
[1.114s] -- Found rosidl_default_generators: 1.2.0 (/opt/ros/humble/share/rosidl_default_generators/cmake)
[1.204s] -- Using all available rosidl_typesupport_c: rosidl_typesupport_fastrtps_c;rosidl_typesupport_introspection_c
[1.214s] -- Found rosidl_adapter: 3.1.7 (/opt/ros/humble/share/rosidl_adapter/cmake)
[1.359s] -- Using all available rosidl_typesupport_cpp: rosidl_typesupport_fastrtps_cpp;rosidl_typesupport_introspection_cpp
[3.438s] -- Found ament_cmake_ros: 0.10.0 (/opt/ros/humble/share/ament_cmake_ros/cmake)
[4.649s] -- Using all available rosidl_typesupport_c: rosidl_typesupport_fastrtps_c;rosidl_typesupport_introspection_c
[6.292s] -- Using all available rosidl_typesupport_cpp: rosidl_typesupport_fastrtps_cpp;rosidl_typesupport_introspection_cpp
[6.446s] -- Found python_cmake_module: 0.10.0 (/opt/ros/humble/share/python_cmake_module/cmake)
[6.595s] -- Using PYTHON_EXECUTABLE: /home/yahboom/swerve_bringup/waretwin/backend/.venv/bin/python3
[6.595s] -- Using PYTHON_INCLUDE_DIRS: /usr/include/python3.10
[6.595s] -- Using PYTHON_LIBRARIES: /usr/lib/x86_64-linux-gnu/libpython3.10.so
[6.971s] -- Configuring done
[7.256s] -- Generating done
[7.321s] -- Build files have been written to: /home/yahboom/swerve_bringup/build/swerve_bringup
[7.527s] [  3%] Built target swerve_bringup__cpp
[7.712s] [  3%] Built target ament_cmake_python_symlink_swerve_bringup
[7.778s] Consolidate compiler generated dependencies of target swerve_bringup__rosidl_typesupport_introspection_cpp
[7.861s] [ 12%] Built target swerve_bringup__rosidl_typesupport_introspection_cpp
[9.177s] running egg_info
[9.183s] writing swerve_bringup.egg-info/PKG-INFO
[9.183s] writing dependency_links to swerve_bringup.egg-info/dependency_links.txt
[9.183s] writing top-level names to swerve_bringup.egg-info/top_level.txt
[9.200s] reading manifest file 'swerve_bringup.egg-info/SOURCES.txt'
[9.204s] writing manifest file 'swerve_bringup.egg-info/SOURCES.txt'
[9.379s] [ 12%] Built target ament_cmake_python_build_swerve_bringup_egg
[9.496s] Consolidate compiler generated dependencies of target swerve_bringup__rosidl_typesupport_fastrtps_cpp
[9.583s] [ 22%] Built target swerve_bringup__rosidl_typesupport_fastrtps_cpp
[9.662s] Consolidate compiler generated dependencies of target swerve_bringup__rosidl_typesupport_cpp
[9.731s] [ 32%] Built target swerve_bringup__rosidl_typesupport_cpp
[9.811s] Consolidate compiler generated dependencies of target swerve_bringup__rosidl_generator_c
[9.893s] [ 41%] Built target swerve_bringup__rosidl_generator_c
[9.968s] Consolidate compiler generated dependencies of target swerve_bringup__rosidl_typesupport_fastrtps_c
[10.066s] [ 51%] Built target swerve_bringup__rosidl_typesupport_fastrtps_c
[10.095s] Consolidate compiler generated dependencies of target swerve_bringup__rosidl_typesupport_c
[10.149s] [ 61%] Built target swerve_bringup__rosidl_typesupport_c
[10.224s] Consolidate compiler generated dependencies of target swerve_bringup__rosidl_typesupport_introspection_c
[10.312s] [ 70%] Built target swerve_bringup__rosidl_typesupport_introspection_c
[10.587s] [ 70%] Built target swerve_bringup
[10.772s] [ 74%] Built target swerve_bringup__py
[10.887s] Consolidate compiler generated dependencies of target swerve_bringup__rosidl_generator_py
[10.962s] [ 80%] Built target swerve_bringup__rosidl_generator_py
[11.086s] Consolidate compiler generated dependencies of target swerve_bringup__rosidl_typesupport_fastrtps_c__pyext
[11.199s] [ 87%] Built target swerve_bringup__rosidl_typesupport_fastrtps_c__pyext
[11.314s] Consolidate compiler generated dependencies of target swerve_bringup__rosidl_typesupport_c__pyext
[11.393s] [ 93%] Built target swerve_bringup__rosidl_typesupport_c__pyext
[11.518s] Consolidate compiler generated dependencies of target swerve_bringup__rosidl_typesupport_introspection_c__pyext
[11.598s] [100%] Built target swerve_bringup__rosidl_typesupport_introspection_c__pyext
[11.698s] Invoked command in '/home/yahboom/swerve_bringup/build/swerve_bringup' returned '0': CMAKE_PREFIX_PATH=/home/yahboom/cartoros2/install/yahboom_web_savmap_interfaces:/home/yahboom/cartoros2/install/yahboom_qrcode:/home/yahboom/cartoros2/install/yahboom_point:/home/yahboom/cartoros2/install/yahboom_nav2_send_goal:/home/yahboom/cartoros2/install/yahboom_msgs:/home/yahboom/cartoros2/install/yahboom_config:/home/yahboom/cartoros2/install/yahboom_color_identify_interfaces:/home/yahboom/cartoros2/install/yahboom_attitude_record_interfaces:/home/yahboom/cartoros2/install/turtlebot3_description:/home/yahboom/cartoros2/install/robot_pose_publisher_ros2:/home/yahboom/cartoros2/install/rf2o_laser_odometry:/home/yahboom/cartoros2/install/nav2_system_tests:/home/yahboom/cartoros2/install/nav2_bringup:/home/yahboom/cartoros2/install/navigation2:/home/yahboom/cartoros2/install/nav2_smoother:/home/yahboom/cartoros2/install/nav2_graceful_controller:/home/yahboom/cartoros2/install/nav2_dwb_controller:/home/yahboom/cartoros2/install/nav2_controller:/home/yahboom/cartoros2/install/dwb_plugins:/home/yahboom/cartoros2/install/dwb_critics:/home/yahboom/cartoros2/install/dwb_core:/home/yahboom/cartoros2/install/nav_2d_utils:/home/yahboom/cartoros2/install/dwb_msgs:/home/yahboom/cartoros2/install/nav_2d_msgs:/home/yahboom/cartoros2/install/nav2_waypoint_follower:/home/yahboom/cartoros2/install/nav2_theta_star_planner:/home/yahboom/cartoros2/install/nav2_smac_planner:/home/yahboom/cartoros2/install/nav2_rotation_shim_controller:/home/yahboom/cartoros2/install/nav2_regulated_pure_pursuit_controller:/home/yahboom/cartoros2/install/nav2_planner:/home/yahboom/cartoros2/install/nav2_navfn_planner:/home/yahboom/cartoros2/install/nav2_mppi_controller:/home/yahboom/cartoros2/install/nav2_constrained_smoother:/home/yahboom/cartoros2/install/nav2_bt_navigator:/home/yahboom/cartoros2/install/nav2_behaviors:/home/yahboom/cartoros2/install/nav2_core:/home/yahboom/cartoros2/install/nav2_collision_monitor:/home/yahboom/cartoros2/install/costmap_queue:/home/yahboom/cartoros2/install/nav2_costmap_2d:/home/yahboom/cartoros2/install/nav2_voxel_grid:/home/yahboom/cartoros2/install/nav2_velocity_smoother:/home/yahboom/cartoros2/install/nav2_rviz_plugins:/home/yahboom/cartoros2/install/nav2_map_server:/home/yahboom/cartoros2/install/nav2_lifecycle_manager:/home/yahboom/cartoros2/install/nav2_behavior_tree:/home/yahboom/cartoros2/install/nav2_amcl:/home/yahboom/cartoros2/install/nav2_util:/home/yahboom/cartoros2/install/nav2_msgs:/home/yahboom/cartoros2/install/nav2_common:/home/yahboom/cartoros2/install/image_color_lab:/home/yahboom/cartoros2/install/dynamixel_sdk_examples:/home/yahboom/cartoros2/install/dynamixel_sdk_custom_interfaces:/home/yahboom/cartoros2/install/dynamixel_sdk:/home/yahboom/cartoros2/install/csm:/home/yahboom/cartoros2/install/champ_msgs:/home/yahboom/cartoros2/install/champ:/home/yahboom/cartoros2/install/cartographer_ros_msgs:/home/yahboom/cartoros2/install/cartographer:/home/yahboom/yahboomcar_ws/install/yahboom_dog_node:/home/yahboom/yahboomcar_ws/install/yahboom_dog_navigation2:/home/yahboom/yahboomcar_ws/install/yahboom_dog_nav:/home/yahboom/yahboomcar_ws/install/yahboom_dog_msgs:/home/yahboom/yahboomcar_ws/install/yahboom_dog_cartographer:/home/yahboom/yahboomcar_ws/install/yahboom_dog:/home/yahboom/yahboomcar_ws/install/yahboom_dog_bringup:/home/yahboom/yahboomcar_ws/install/dynamixel_sdk_examples:/home/yahboom/yahboomcar_ws/install/dynamixel_sdk_custom_interfaces:/home/yahboom/yahboomcar_ws/install/dynamixel_sdk:/home/yahboom/yahboomcar_ws/install/champ_navigation:/home/yahboom/yahboomcar_ws/install/champ_msgs:/home/yahboom/cartoros2/install/yahboomcar_nav:/home/yahboom/cartoros2/install/yahboomcar_ctrl:/home/yahboom/cartoros2/install/yahboom_visual:/home/yahboom/cartoros2/install/yahboom_dog_joint_state:/home/yahboom/cartoros2/install/yahboom_description:/home/yahboom/cartoros2/install/yahboom_color_identify_server:/home/yahboom/cartoros2/install/yahboom_bringup:/home/yahboom/cartoros2/install/yahboom_base:/home/yahboom/cartoros2/install/yahboom_app_save_map:/home/yahboom/cartoros2/install/update_map:/home/yahboom/cartoros2/install/rosboard:/home/yahboom/cartoros2/install/path_planner_server:/home/yahboom/cartoros2/install/nav2_simple_commander:/home/yahboom/cartoros2/install/nav2_gazebo_spawner:/home/yahboom/cartoros2/install/localization_server:/home/yahboom/cartoros2/install/laserscan_to_point_pulisher:/home/yahboom/cartoros2/install/dogzilla_sim:/home/yahboom/yahboomcar_ws/install/yahboom_dog_example:/home/yahboom/ros2_ws/install/tb3_slam_viewer:/opt/ros/humble:/home/yahboom/yahboomcar_ws/install/champ_gazebo:/home/yahboom/yahboomcar_ws/install/champ_bringup:/home/yahboom/yahboomcar_ws/install/champ_description:/home/yahboom/yahboomcar_ws/install/champ_config:/home/yahboom/yahboomcar_ws/install/champ:/home/yahboom/ros2_ws/install/your_planner:/home/yahboom/ros2_ws/install/champ_description VIRTUAL_ENV_PROMPT=(.venv) /usr/bin/cmake --build /home/yahboom/swerve_bringup/build/swerve_bringup -- -j16 -l16
[11.735s] Invoking command in '/home/yahboom/swerve_bringup/build/swerve_bringup': CMAKE_PREFIX_PATH=/home/yahboom/cartoros2/install/yahboom_web_savmap_interfaces:/home/yahboom/cartoros2/install/yahboom_qrcode:/home/yahboom/cartoros2/install/yahboom_point:/home/yahboom/cartoros2/install/yahboom_nav2_send_goal:/home/yahboom/cartoros2/install/yahboom_msgs:/home/yahboom/cartoros2/install/yahboom_config:/home/yahboom/cartoros2/install/yahboom_color_identify_interfaces:/home/yahboom/cartoros2/install/yahboom_attitude_record_interfaces:/home/yahboom/cartoros2/install/turtlebot3_description:/home/yahboom/cartoros2/install/robot_pose_publisher_ros2:/home/yahboom/cartoros2/install/rf2o_laser_odometry:/home/yahboom/cartoros2/install/nav2_system_tests:/home/yahboom/cartoros2/install/nav2_bringup:/home/yahboom/cartoros2/install/navigation2:/home/yahboom/cartoros2/install/nav2_smoother:/home/yahboom/cartoros2/install/nav2_graceful_controller:/home/yahboom/cartoros2/install/nav2_dwb_controller:/home/yahboom/cartoros2/install/nav2_controller:/home/yahboom/cartoros2/install/dwb_plugins:/home/yahboom/cartoros2/install/dwb_critics:/home/yahboom/cartoros2/install/dwb_core:/home/yahboom/cartoros2/install/nav_2d_utils:/home/yahboom/cartoros2/install/dwb_msgs:/home/yahboom/cartoros2/install/nav_2d_msgs:/home/yahboom/cartoros2/install/nav2_waypoint_follower:/home/yahboom/cartoros2/install/nav2_theta_star_planner:/home/yahboom/cartoros2/install/nav2_smac_planner:/home/yahboom/cartoros2/install/nav2_rotation_shim_controller:/home/yahboom/cartoros2/install/nav2_regulated_pure_pursuit_controller:/home/yahboom/cartoros2/install/nav2_planner:/home/yahboom/cartoros2/install/nav2_navfn_planner:/home/yahboom/cartoros2/install/nav2_mppi_controller:/home/yahboom/cartoros2/install/nav2_constrained_smoother:/home/yahboom/cartoros2/install/nav2_bt_navigator:/home/yahboom/cartoros2/install/nav2_behaviors:/home/yahboom/cartoros2/install/nav2_core:/home/yahboom/cartoros2/install/nav2_collision_monitor:/home/yahboom/cartoros2/install/costmap_queue:/home/yahboom/cartoros2/install/nav2_costmap_2d:/home/yahboom/cartoros2/install/nav2_voxel_grid:/home/yahboom/cartoros2/install/nav2_velocity_smoother:/home/yahboom/cartoros2/install/nav2_rviz_plugins:/home/yahboom/cartoros2/install/nav2_map_server:/home/yahboom/cartoros2/install/nav2_lifecycle_manager:/home/yahboom/cartoros2/install/nav2_behavior_tree:/home/yahboom/cartoros2/install/nav2_amcl:/home/yahboom/cartoros2/install/nav2_util:/home/yahboom/cartoros2/install/nav2_msgs:/home/yahboom/cartoros2/install/nav2_common:/home/yahboom/cartoros2/install/image_color_lab:/home/yahboom/cartoros2/install/dynamixel_sdk_examples:/home/yahboom/cartoros2/install/dynamixel_sdk_custom_interfaces:/home/yahboom/cartoros2/install/dynamixel_sdk:/home/yahboom/cartoros2/install/csm:/home/yahboom/cartoros2/install/champ_msgs:/home/yahboom/cartoros2/install/champ:/home/yahboom/cartoros2/install/cartographer_ros_msgs:/home/yahboom/cartoros2/install/cartographer:/home/yahboom/yahboomcar_ws/install/yahboom_dog_node:/home/yahboom/yahboomcar_ws/install/yahboom_dog_navigation2:/home/yahboom/yahboomcar_ws/install/yahboom_dog_nav:/home/yahboom/yahboomcar_ws/install/yahboom_dog_msgs:/home/yahboom/yahboomcar_ws/install/yahboom_dog_cartographer:/home/yahboom/yahboomcar_ws/install/yahboom_dog:/home/yahboom/yahboomcar_ws/install/yahboom_dog_bringup:/home/yahboom/yahboomcar_ws/install/dynamixel_sdk_examples:/home/yahboom/yahboomcar_ws/install/dynamixel_sdk_custom_interfaces:/home/yahboom/yahboomcar_ws/install/dynamixel_sdk:/home/yahboom/yahboomcar_ws/install/champ_navigation:/home/yahboom/yahboomcar_ws/install/champ_msgs:/home/yahboom/cartoros2/install/yahboomcar_nav:/home/yahboom/cartoros2/install/yahboomcar_ctrl:/home/yahboom/cartoros2/install/yahboom_visual:/home/yahboom/cartoros2/install/yahboom_dog_joint_state:/home/yahboom/cartoros2/install/yahboom_description:/home/yahboom/cartoros2/install/yahboom_color_identify_server:/home/yahboom/cartoros2/install/yahboom_bringup:/home/yahboom/cartoros2/install/yahboom_base:/home/yahboom/cartoros2/install/yahboom_app_save_map:/home/yahboom/cartoros2/install/update_map:/home/yahboom/cartoros2/install/rosboard:/home/yahboom/cartoros2/install/path_planner_server:/home/yahboom/cartoros2/install/nav2_simple_commander:/home/yahboom/cartoros2/install/nav2_gazebo_spawner:/home/yahboom/cartoros2/install/localization_server:/home/yahboom/cartoros2/install/laserscan_to_point_pulisher:/home/yahboom/cartoros2/install/dogzilla_sim:/home/yahboom/yahboomcar_ws/install/yahboom_dog_example:/home/yahboom/ros2_ws/install/tb3_slam_viewer:/opt/ros/humble:/home/yahboom/yahboomcar_ws/install/champ_gazebo:/home/yahboom/yahboomcar_ws/install/champ_bringup:/home/yahboom/yahboomcar_ws/install/champ_description:/home/yahboom/yahboomcar_ws/install/champ_config:/home/yahboom/yahboomcar_ws/install/champ:/home/yahboom/ros2_ws/install/your_planner:/home/yahboom/ros2_ws/install/champ_description VIRTUAL_ENV_PROMPT=(.venv) /usr/bin/cmake --install /home/yahboom/swerve_bringup/build/swerve_bringup
[11.787s] -- Install configuration: ""
[11.794s] -- Execute custom install script
[11.794s] -- Up-to-date symlink: /home/yahboom/swerve_bringup/install/swerve_bringup/share/ament_index/resource_index/rosidl_interfaces/swerve_bringup
[11.794s] -- Up-to-date symlink: /home/yahboom/swerve_bringup/install/swerve_bringup/include/swerve_bringup/swerve_bringup/action/detail/go_to_tag__functions.h
[11.794s] -- Up-to-date symlink: /home/yahboom/swerve_bringup/install/swerve_bringup/include/swerve_bringup/swerve_bringup/action/detail/go_to_tag__struct.h
[11.794s] -- Up-to-date symlink: /home/yahboom/swerve_bringup/install/swerve_bringup/include/swerve_bringup/swerve_bringup/action/detail/go_to_tag__type_support.h
[11.794s] -- Up-to-date symlink: /home/yahboom/swerve_bringup/install/swerve_bringup/include/swerve_bringup/swerve_bringup/action/go_to_tag.h
[11.795s] -- Up-to-date symlink: /home/yahboom/swerve_bringup/install/swerve_bringup/include/swerve_bringup/swerve_bringup/msg/rosidl_generator_c__visibility_control.h
[11.795s] -- Up-to-date symlink: /home/yahboom/swerve_bringup/install/swerve_bringup/share/swerve_bringup/environment/library_path.sh
[11.795s] -- Up-to-date symlink: /home/yahboom/swerve_bringup/install/swerve_bringup/share/swerve_bringup/environment/library_path.dsv
[11.799s] -- Up-to-date symlink: /home/yahboom/swerve_bringup/install/swerve_bringup/include/swerve_bringup/swerve_bringup/action/detail/go_to_tag__rosidl_typesupport_fastrtps_c.h
[11.799s] -- Up-to-date symlink: /home/yahboom/swerve_bringup/install/swerve_bringup/include/swerve_bringup/swerve_bringup/msg/rosidl_typesupport_fastrtps_c__visibility_control.h
[11.799s] -- Up-to-date symlink: /home/yahboom/swerve_bringup/install/swerve_bringup/include/swerve_bringup/swerve_bringup/action/detail/go_to_tag__rosidl_typesupport_introspection_c.h
[11.799s] -- Up-to-date symlink: /home/yahboom/swerve_bringup/install/swerve_bringup/include/swerve_bringup/swerve_bringup/msg/rosidl_typesupport_introspection_c__visibility_control.h
[11.799s] -- Up-to-date symlink: /home/yahboom/swerve_bringup/install/swerve_bringup/include/swerve_bringup/swerve_bringup/action/detail/go_to_tag__builder.hpp
[11.799s] -- Up-to-date symlink: /home/yahboom/swerve_bringup/install/swerve_bringup/include/swerve_bringup/swerve_bringup/action/detail/go_to_tag__struct.hpp
[11.799s] -- Up-to-date symlink: /home/yahboom/swerve_bringup/install/swerve_bringup/include/swerve_bringup/swerve_bringup/action/detail/go_to_tag__traits.hpp
[11.808s] -- Up-to-date symlink: /home/yahboom/swerve_bringup/install/swerve_bringup/include/swerve_bringup/swerve_bringup/action/detail/go_to_tag__type_support.hpp
[11.808s] -- Up-to-date symlink: /home/yahboom/swerve_bringup/install/swerve_bringup/include/swerve_bringup/swerve_bringup/action/go_to_tag.hpp
[11.808s] -- Up-to-date symlink: /home/yahboom/swerve_bringup/install/swerve_bringup/include/swerve_bringup/swerve_bringup/msg/rosidl_generator_cpp__visibility_control.hpp
[11.817s] -- Up-to-date symlink: /home/yahboom/swerve_bringup/install/swerve_bringup/include/swerve_bringup/swerve_bringup/action/detail/go_to_tag__rosidl_typesupport_fastrtps_cpp.hpp
[11.817s] -- Up-to-date symlink: /home/yahboom/swerve_bringup/install/swerve_bringup/include/swerve_bringup/swerve_bringup/msg/rosidl_typesupport_fastrtps_cpp__visibility_control.h
[11.817s] -- Up-to-date symlink: /home/yahboom/swerve_bringup/install/swerve_bringup/include/swerve_bringup/swerve_bringup/action/detail/go_to_tag__rosidl_typesupport_introspection_cpp.hpp
[11.817s] -- Up-to-date symlink: /home/yahboom/swerve_bringup/install/swerve_bringup/share/swerve_bringup/environment/pythonpath.sh
[11.817s] -- Up-to-date symlink: /home/yahboom/swerve_bringup/install/swerve_bringup/share/swerve_bringup/environment/pythonpath.dsv
[11.817s] -- Up-to-date symlink: /home/yahboom/swerve_bringup/install/swerve_bringup/lib/python3.10/site-packages/swerve_bringup-0.1.0-py3.10.egg-info/PKG-INFO
[11.817s] -- Up-to-date symlink: /home/yahboom/swerve_bringup/install/swerve_bringup/lib/python3.10/site-packages/swerve_bringup-0.1.0-py3.10.egg-info/SOURCES.txt
[11.817s] -- Up-to-date symlink: /home/yahboom/swerve_bringup/install/swerve_bringup/lib/python3.10/site-packages/swerve_bringup-0.1.0-py3.10.egg-info/dependency_links.txt
[11.817s] -- Up-to-date symlink: /home/yahboom/swerve_bringup/install/swerve_bringup/lib/python3.10/site-packages/swerve_bringup-0.1.0-py3.10.egg-info/top_level.txt
[11.817s] -- Up-to-date symlink: /home/yahboom/swerve_bringup/install/swerve_bringup/lib/python3.10/site-packages/swerve_bringup/__init__.py
[11.817s] -- Up-to-date symlink: /home/yahboom/swerve_bringup/install/swerve_bringup/lib/python3.10/site-packages/swerve_bringup/_swerve_bringup_s.ep.rosidl_typesupport_c.c
[11.817s] -- Up-to-date symlink: /home/yahboom/swerve_bringup/install/swerve_bringup/lib/python3.10/site-packages/swerve_bringup/_swerve_bringup_s.ep.rosidl_typesupport_fastrtps_c.c
[11.818s] -- Up-to-date symlink: /home/yahboom/swerve_bringup/install/swerve_bringup/lib/python3.10/site-packages/swerve_bringup/_swerve_bringup_s.ep.rosidl_typesupport_introspection_c.c
[11.818s] -- Up-to-date symlink: /home/yahboom/swerve_bringup/install/swerve_bringup/lib/python3.10/site-packages/swerve_bringup/action/__init__.py
[11.822s] -- Up-to-date symlink: /home/yahboom/swerve_bringup/install/swerve_bringup/lib/python3.10/site-packages/swerve_bringup/action/_go_to_tag.py
[11.822s] -- Up-to-date symlink: /home/yahboom/swerve_bringup/install/swerve_bringup/lib/python3.10/site-packages/swerve_bringup/action/_go_to_tag_s.c
[11.822s] -- Up-to-date symlink: /home/yahboom/swerve_bringup/install/swerve_bringup/lib/python3.10/site-packages/swerve_bringup/libswerve_bringup__rosidl_generator_py.so
[11.822s] -- Up-to-date symlink: /home/yahboom/swerve_bringup/install/swerve_bringup/lib/python3.10/site-packages/swerve_bringup/swerve_bringup_s__rosidl_typesupport_c.cpython-310-x86_64-linux-gnu.so
[11.822s] -- Up-to-date symlink: /home/yahboom/swerve_bringup/install/swerve_bringup/lib/python3.10/site-packages/swerve_bringup/swerve_bringup_s__rosidl_typesupport_fastrtps_c.cpython-310-x86_64-linux-gnu.so
[11.822s] -- Up-to-date symlink: /home/yahboom/swerve_bringup/install/swerve_bringup/lib/python3.10/site-packages/swerve_bringup/swerve_bringup_s__rosidl_typesupport_introspection_c.cpython-310-x86_64-linux-gnu.so
[11.822s] -- Up-to-date symlink: /home/yahboom/swerve_bringup/install/swerve_bringup/lib/python3.10/site-packages/swerve_bringup/swerve_bringup_s__rosidl_typesupport_fastrtps_c.cpython-310-x86_64-linux-gnu.so
[11.822s] -- Up-to-date symlink: /home/yahboom/swerve_bringup/install/swerve_bringup/lib/python3.10/site-packages/swerve_bringup/swerve_bringup_s__rosidl_typesupport_introspection_c.cpython-310-x86_64-linux-gnu.so
[11.827s] -- Up-to-date symlink: /home/yahboom/swerve_bringup/install/swerve_bringup/lib/python3.10/site-packages/swerve_bringup/swerve_bringup_s__rosidl_typesupport_c.cpython-310-x86_64-linux-gnu.so
[11.827s] -- Up-to-date symlink: /home/yahboom/swerve_bringup/install/swerve_bringup/share/swerve_bringup/action/GoToTag.idl
[11.827s] -- Up-to-date symlink: /home/yahboom/swerve_bringup/install/swerve_bringup/share/swerve_bringup/action/GoToTag.action
[11.827s] -- Up-to-date symlink: /home/yahboom/swerve_bringup/install/swerve_bringup/share/swerve_bringup/urdf/swerve_base.urdf
[11.827s] -- Up-to-date symlink: /home/yahboom/swerve_bringup/install/swerve_bringup/share/swerve_bringup/meshes/base_frame.stl
[11.827s] -- Up-to-date symlink: /home/yahboom/swerve_bringup/install/swerve_bringup/share/swerve_bringup/meshes/steer_front_housing_v2.stl
[11.827s] -- Up-to-date symlink: /home/yahboom/swerve_bringup/install/swerve_bringup/share/swerve_bringup/meshes/steer_front_wheel_v2.stl
[11.827s] -- Up-to-date symlink: /home/yahboom/swerve_bringup/install/swerve_bringup/share/swerve_bringup/meshes/steer_rear_housing_v2.stl
[11.827s] -- Up-to-date symlink: /home/yahboom/swerve_bringup/install/swerve_bringup/share/swerve_bringup/meshes/steer_rear_wheel_v2.stl
[11.827s] -- Up-to-date symlink: /home/yahboom/swerve_bringup/install/swerve_bringup/share/swerve_bringup/launch/__pycache__/display.launch.cpython-310.pyc
[11.827s] -- Up-to-date symlink: /home/yahboom/swerve_bringup/install/swerve_bringup/share/swerve_bringup/launch/__pycache__/gazebo.launch.cpython-310.pyc
[11.828s] -- Up-to-date symlink: /home/yahboom/swerve_bringup/install/swerve_bringup/share/swerve_bringup/launch/__pycache__/slam.launch.cpython-310.pyc
[11.831s] -- Up-to-date symlink: /home/yahboom/swerve_bringup/install/swerve_bringup/share/swerve_bringup/launch/__pycache__/system.launch.cpython-310.pyc
[11.831s] -- Up-to-date symlink: /home/yahboom/swerve_bringup/install/swerve_bringup/share/swerve_bringup/launch/__pycache__/v30e_sim.launch.cpython-310.pyc
[11.831s] -- Up-to-date symlink: /home/yahboom/swerve_bringup/install/swerve_bringup/share/swerve_bringup/launch/display.launch.py
[11.831s] -- Up-to-date symlink: /home/yahboom/swerve_bringup/install/swerve_bringup/share/swerve_bringup/launch/gazebo.launch.py
[11.831s] -- Up-to-date symlink: /home/yahboom/swerve_bringup/install/swerve_bringup/share/swerve_bringup/launch/gazebo.launch.py.bak
[11.831s] -- Up-to-date symlink: /home/yahboom/swerve_bringup/install/swerve_bringup/share/swerve_bringup/launch/slam.launch.py
[11.831s] -- Up-to-date symlink: /home/yahboom/swerve_bringup/install/swerve_bringup/share/swerve_bringup/launch/system.launch.py
[11.831s] -- Up-to-date symlink: /home/yahboom/swerve_bringup/install/swerve_bringup/share/swerve_bringup/launch/v30e_sim.launch.py
[11.831s] -- Up-to-date symlink: /home/yahboom/swerve_bringup/install/swerve_bringup/share/swerve_bringup/rviz/swerve.rviz
[11.831s] -- Up-to-date symlink: /home/yahboom/swerve_bringup/install/swerve_bringup/share/swerve_bringup/worlds/test.world
[11.832s] -- Up-to-date symlink: /home/yahboom/swerve_bringup/install/swerve_bringup/share/swerve_bringup/worlds/warehouse.world
[11.832s] -- Up-to-date symlink: /home/yahboom/swerve_bringup/install/swerve_bringup/share/swerve_bringup/config/caster_geometry.yaml
[11.832s] -- Up-to-date symlink: /home/yahboom/swerve_bringup/install/swerve_bringup/share/swerve_bringup/config/caster_trail_sweep_test_only.yaml
[11.837s] -- Up-to-date symlink: /home/yahboom/swerve_bringup/install/swerve_bringup/share/swerve_bringup/config/controllers.yaml
[11.843s] -- Up-to-date symlink: /home/yahboom/swerve_bringup/install/swerve_bringup/share/swerve_bringup/config/datamatrix_map.yaml
[11.843s] -- Up-to-date symlink: /home/yahboom/swerve_bringup/install/swerve_bringup/share/swerve_bringup/config/ekf.yaml
[11.843s] -- Up-to-date symlink: /home/yahboom/swerve_bringup/install/swerve_bringup/share/swerve_bringup/config/imu.yaml
[11.843s] -- Up-to-date symlink: /home/yahboom/swerve_bringup/install/swerve_bringup/share/swerve_bringup/config/lidar.yaml
[11.843s] -- Up-to-date symlink: /home/yahboom/swerve_bringup/install/swerve_bringup/share/swerve_bringup/config/lidar_preprocessing.yaml
[11.843s] -- Up-to-date symlink: /home/yahboom/swerve_bringup/install/swerve_bringup/share/swerve_bringup/config/pointcloud_to_laserscan.yaml
[11.843s] -- Up-to-date symlink: /home/yahboom/swerve_bringup/install/swerve_bringup/share/swerve_bringup/config/sim_real_interface.yaml
[11.843s] -- Up-to-date symlink: /home/yahboom/swerve_bringup/install/swerve_bringup/share/swerve_bringup/config/slam_toolbox.yaml
[11.843s] -- Up-to-date symlink: /home/yahboom/swerve_bringup/install/swerve_bringup/share/swerve_bringup/config/swerve_controller.yaml
[11.843s] -- Up-to-date symlink: /home/yahboom/swerve_bringup/install/swerve_bringup/share/swerve_bringup/config/swerve_odometry.yaml
[11.843s] -- Up-to-date symlink: /home/yahboom/swerve_bringup/install/swerve_bringup/share/swerve_bringup/config/tag_graph.yaml
[11.843s] -- Up-to-date symlink: /home/yahboom/swerve_bringup/install/swerve_bringup/share/swerve_bringup/config/tag_navigation.yaml
[11.843s] -- Up-to-date symlink: /home/yahboom/swerve_bringup/install/swerve_bringup/share/swerve_bringup/config/v30e_localization_ekf.yaml
[11.844s] -- Up-to-date symlink: /home/yahboom/swerve_bringup/install/swerve_bringup/share/swerve_bringup/config/v30e_sim.yaml
[11.844s] -- Up-to-date symlink: /home/yahboom/swerve_bringup/install/swerve_bringup/share/swerve_bringup/models/datamatrix_marker/model.config
[11.844s] -- Up-to-date symlink: /home/yahboom/swerve_bringup/install/swerve_bringup/share/swerve_bringup/models/datamatrix_marker/model.sdf
[11.844s] -- Up-to-date symlink: /home/yahboom/swerve_bringup/install/swerve_bringup/share/swerve_bringup/swerve_navigation/config/nav2_params.yaml
[11.844s] -- Up-to-date symlink: /home/yahboom/swerve_bringup/install/swerve_bringup/share/swerve_bringup/swerve_navigation/maps/.gitkeep
[11.844s] -- Up-to-date symlink: /home/yahboom/swerve_bringup/install/swerve_bringup/share/swerve_bringup/swerve_navigation/maps/warehouse.pgm
[11.849s] -- Up-to-date symlink: /home/yahboom/swerve_bringup/install/swerve_bringup/share/swerve_bringup/swerve_navigation/maps/warehouse.yaml
[11.849s] -- Up-to-date symlink: /home/yahboom/swerve_bringup/install/swerve_bringup/share/swerve_bringup/launch/navigation.launch.py
[11.849s] -- Up-to-date symlink: /home/yahboom/swerve_bringup/install/swerve_bringup/lib/swerve_bringup/tag_navigation_core.py
[11.850s] -- Up-to-date symlink: /home/yahboom/swerve_bringup/install/swerve_bringup/share/ament_index/resource_index/package_run_dependencies/swerve_bringup
[11.850s] -- Up-to-date symlink: /home/yahboom/swerve_bringup/install/swerve_bringup/share/ament_index/resource_index/parent_prefix_path/swerve_bringup
[11.850s] -- Up-to-date symlink: /home/yahboom/swerve_bringup/install/swerve_bringup/share/swerve_bringup/environment/ament_prefix_path.sh
[11.850s] -- Up-to-date symlink: /home/yahboom/swerve_bringup/install/swerve_bringup/share/swerve_bringup/environment/ament_prefix_path.dsv
[11.850s] -- Up-to-date symlink: /home/yahboom/swerve_bringup/install/swerve_bringup/share/swerve_bringup/environment/path.sh
[11.850s] -- Up-to-date symlink: /home/yahboom/swerve_bringup/install/swerve_bringup/share/swerve_bringup/environment/path.dsv
[11.850s] -- Up-to-date symlink: /home/yahboom/swerve_bringup/install/swerve_bringup/share/swerve_bringup/local_setup.bash
[11.850s] -- Up-to-date symlink: /home/yahboom/swerve_bringup/install/swerve_bringup/share/swerve_bringup/local_setup.sh
[11.850s] -- Up-to-date symlink: /home/yahboom/swerve_bringup/install/swerve_bringup/share/swerve_bringup/local_setup.zsh
[11.850s] -- Up-to-date symlink: /home/yahboom/swerve_bringup/install/swerve_bringup/share/swerve_bringup/local_setup.dsv
[11.850s] -- Symlinking: /home/yahboom/swerve_bringup/install/swerve_bringup/share/swerve_bringup/package.dsv
[11.921s] -- Up-to-date symlink: /home/yahboom/swerve_bringup/install/swerve_bringup/share/ament_index/resource_index/packages/swerve_bringup
[11.921s] -- Up-to-date symlink: /home/yahboom/swerve_bringup/install/swerve_bringup/share/swerve_bringup/cmake/rosidl_cmake-extras.cmake
[11.921s] -- Up-to-date symlink: /home/yahboom/swerve_bringup/install/swerve_bringup/share/swerve_bringup/cmake/ament_cmake_export_dependencies-extras.cmake
[11.921s] -- Up-to-date symlink: /home/yahboom/swerve_bringup/install/swerve_bringup/share/swerve_bringup/cmake/ament_cmake_export_include_directories-extras.cmake
[11.932s] -- Up-to-date symlink: /home/yahboom/swerve_bringup/install/swerve_bringup/share/swerve_bringup/cmake/ament_cmake_export_libraries-extras.cmake
[11.932s] -- Up-to-date symlink: /home/yahboom/swerve_bringup/install/swerve_bringup/share/swerve_bringup/cmake/ament_cmake_export_targets-extras.cmake
[11.932s] -- Up-to-date symlink: /home/yahboom/swerve_bringup/install/swerve_bringup/share/swerve_bringup/cmake/rosidl_cmake_export_typesupport_targets-extras.cmake
[11.932s] -- Up-to-date symlink: /home/yahboom/swerve_bringup/install/swerve_bringup/share/swerve_bringup/cmake/rosidl_cmake_export_typesupport_libraries-extras.cmake
[11.932s] -- Up-to-date symlink: /home/yahboom/swerve_bringup/install/swerve_bringup/share/swerve_bringup/cmake/swerve_bringupConfig.cmake
[11.932s] -- Up-to-date symlink: /home/yahboom/swerve_bringup/install/swerve_bringup/share/swerve_bringup/cmake/swerve_bringupConfig-version.cmake
[11.932s] -- Up-to-date symlink: /home/yahboom/swerve_bringup/install/swerve_bringup/share/swerve_bringup/package.xml
[11.932s] -- Up-to-date: /home/yahboom/swerve_bringup/install/swerve_bringup/lib/libswerve_bringup__rosidl_generator_c.so
[11.932s] -- Up-to-date: /home/yahboom/swerve_bringup/install/swerve_bringup/lib/libswerve_bringup__rosidl_typesupport_fastrtps_c.so
[11.932s] -- Up-to-date: /home/yahboom/swerve_bringup/install/swerve_bringup/lib/libswerve_bringup__rosidl_typesupport_introspection_c.so
[11.933s] -- Up-to-date: /home/yahboom/swerve_bringup/install/swerve_bringup/lib/libswerve_bringup__rosidl_typesupport_c.so
[11.933s] -- Up-to-date: /home/yahboom/swerve_bringup/install/swerve_bringup/lib/libswerve_bringup__rosidl_typesupport_fastrtps_cpp.so
[11.933s] -- Up-to-date: /home/yahboom/swerve_bringup/install/swerve_bringup/lib/libswerve_bringup__rosidl_typesupport_introspection_cpp.so
[11.933s] -- Up-to-date: /home/yahboom/swerve_bringup/install/swerve_bringup/lib/libswerve_bringup__rosidl_typesupport_cpp.so
[12.182s] Listing '/home/yahboom/swerve_bringup/install/swerve_bringup/lib/python3.10/site-packages/swerve_bringup'...
[12.182s] Compiling '/home/yahboom/swerve_bringup/install/swerve_bringup/lib/python3.10/site-packages/swerve_bringup/__init__.py'...
[12.183s] Listing '/home/yahboom/swerve_bringup/install/swerve_bringup/lib/python3.10/site-packages/swerve_bringup/action'...
[12.206s] -- Up-to-date: /home/yahboom/swerve_bringup/install/swerve_bringup/lib/libswerve_bringup__rosidl_generator_py.so
[12.212s] -- Up-to-date: /home/yahboom/swerve_bringup/install/swerve_bringup/lib/swerve_bringup/swerve_controller_node
[12.232s] -- Up-to-date: /home/yahboom/swerve_bringup/install/swerve_bringup/lib/swerve_bringup/swerve_odometry_node
[12.232s] -- Up-to-date: /home/yahboom/swerve_bringup/install/swerve_bringup/lib/swerve_bringup/lidar_preprocessor_node
[12.232s] -- Up-to-date: /home/yahboom/swerve_bringup/install/swerve_bringup/lib/swerve_bringup/v30e_sim_node
[12.232s] -- Up-to-date: /home/yahboom/swerve_bringup/install/swerve_bringup/lib/swerve_bringup/tag_route_planner
[12.233s] -- Up-to-date: /home/yahboom/swerve_bringup/install/swerve_bringup/lib/swerve_bringup/test_navigation.py
[12.233s] -- Installing: /home/yahboom/swerve_bringup/install/swerve_bringup/lib/swerve_bringup/tag_navigation_cli
[12.233s] -- Up-to-date: /home/yahboom/swerve_bringup/install/swerve_bringup/lib/swerve_bringup/accuracy_benchmark.py
[12.233s] -- Up-to-date: /home/yahboom/swerve_bringup/install/swerve_bringup/lib/swerve_bringup/navigation_readiness.py
[12.233s] -- Up-to-date: /home/yahboom/swerve_bringup/install/swerve_bringup/lib/swerve_bringup/run_acceptance.py
[12.233s] -- Up-to-date: /home/yahboom/swerve_bringup/install/swerve_bringup/lib/swerve_bringup/raw_motion.py
[12.233s] -- Up-to-date: /home/yahboom/swerve_bringup/install/swerve_bringup/lib/swerve_bringup/validate_caster_geometry.py
[12.233s] -- Up-to-date: /home/yahboom/swerve_bringup/install/swerve_bringup/lib/swerve_bringup/nav_accuracy_case.py
[12.233s] -- Up-to-date: /home/yahboom/swerve_bringup/install/swerve_bringup/lib/swerve_bringup/run_full_acceptance.py
[12.233s] -- Up-to-date: /home/yahboom/swerve_bringup/install/swerve_bringup/share/swerve_bringup/cmake/export_swerve_bringup__rosidl_generator_cExport.cmake
[12.233s] -- Up-to-date: /home/yahboom/swerve_bringup/install/swerve_bringup/share/swerve_bringup/cmake/export_swerve_bringup__rosidl_generator_cExport-noconfig.cmake
[12.233s] -- Up-to-date: /home/yahboom/swerve_bringup/install/swerve_bringup/share/swerve_bringup/cmake/export_swerve_bringup__rosidl_typesupport_fastrtps_cExport.cmake
[12.233s] -- Up-to-date: /home/yahboom/swerve_bringup/install/swerve_bringup/share/swerve_bringup/cmake/export_swerve_bringup__rosidl_typesupport_fastrtps_cExport-noconfig.cmake
[12.233s] -- Up-to-date: /home/yahboom/swerve_bringup/install/swerve_bringup/share/swerve_bringup/cmake/swerve_bringup__rosidl_typesupport_introspection_cExport.cmake
[12.234s] -- Up-to-date: /home/yahboom/swerve_bringup/install/swerve_bringup/share/swerve_bringup/cmake/swerve_bringup__rosidl_typesupport_introspection_cExport-noconfig.cmake
[12.234s] -- Up-to-date: /home/yahboom/swerve_bringup/install/swerve_bringup/share/swerve_bringup/cmake/swerve_bringup__rosidl_typesupport_cExport.cmake
[12.234s] -- Up-to-date: /home/yahboom/swerve_bringup/install/swerve_bringup/share/swerve_bringup/cmake/swerve_bringup__rosidl_typesupport_cExport-noconfig.cmake
[12.234s] -- Up-to-date: /home/yahboom/swerve_bringup/install/swerve_bringup/share/swerve_bringup/cmake/export_swerve_bringup__rosidl_generator_cppExport.cmake
[12.234s] -- Up-to-date: /home/yahboom/swerve_bringup/install/swerve_bringup/share/swerve_bringup/cmake/export_swerve_bringup__rosidl_typesupport_fastrtps_cppExport.cmake
[12.234s] -- Up-to-date: /home/yahboom/swerve_bringup/install/swerve_bringup/share/swerve_bringup/cmake/export_swerve_bringup__rosidl_typesupport_fastrtps_cppExport-noconfig.cmake
[12.234s] -- Up-to-date: /home/yahboom/swerve_bringup/install/swerve_bringup/share/swerve_bringup/cmake/swerve_bringup__rosidl_typesupport_introspection_cppExport.cmake
[12.234s] -- Up-to-date: /home/yahboom/swerve_bringup/install/swerve_bringup/share/swerve_bringup/cmake/swerve_bringup__rosidl_typesupport_introspection_cppExport-noconfig.cmake
[12.234s] -- Up-to-date: /home/yahboom/swerve_bringup/install/swerve_bringup/share/swerve_bringup/cmake/swerve_bringup__rosidl_typesupport_cppExport.cmake
[12.234s] -- Up-to-date: /home/yahboom/swerve_bringup/install/swerve_bringup/share/swerve_bringup/cmake/swerve_bringup__rosidl_typesupport_cppExport-noconfig.cmake
[12.234s] -- Up-to-date: /home/yahboom/swerve_bringup/install/swerve_bringup/share/swerve_bringup/cmake/export_swerve_bringup__rosidl_generator_pyExport.cmake
[12.234s] -- Up-to-date: /home/yahboom/swerve_bringup/install/swerve_bringup/share/swerve_bringup/cmake/export_swerve_bringup__rosidl_generator_pyExport-noconfig.cmake
[12.239s] Invoked command in '/home/yahboom/swerve_bringup/build/swerve_bringup' returned '0': CMAKE_PREFIX_PATH=/home/yahboom/cartoros2/install/yahboom_web_savmap_interfaces:/home/yahboom/cartoros2/install/yahboom_qrcode:/home/yahboom/cartoros2/install/yahboom_point:/home/yahboom/cartoros2/install/yahboom_nav2_send_goal:/home/yahboom/cartoros2/install/yahboom_msgs:/home/yahboom/cartoros2/install/yahboom_config:/home/yahboom/cartoros2/install/yahboom_color_identify_interfaces:/home/yahboom/cartoros2/install/yahboom_attitude_record_interfaces:/home/yahboom/cartoros2/install/turtlebot3_description:/home/yahboom/cartoros2/install/robot_pose_publisher_ros2:/home/yahboom/cartoros2/install/rf2o_laser_odometry:/home/yahboom/cartoros2/install/nav2_system_tests:/home/yahboom/cartoros2/install/nav2_bringup:/home/yahboom/cartoros2/install/navigation2:/home/yahboom/cartoros2/install/nav2_smoother:/home/yahboom/cartoros2/install/nav2_graceful_controller:/home/yahboom/cartoros2/install/nav2_dwb_controller:/home/yahboom/cartoros2/install/nav2_controller:/home/yahboom/cartoros2/install/dwb_plugins:/home/yahboom/cartoros2/install/dwb_critics:/home/yahboom/cartoros2/install/dwb_core:/home/yahboom/cartoros2/install/nav_2d_utils:/home/yahboom/cartoros2/install/dwb_msgs:/home/yahboom/cartoros2/install/nav_2d_msgs:/home/yahboom/cartoros2/install/nav2_waypoint_follower:/home/yahboom/cartoros2/install/nav2_theta_star_planner:/home/yahboom/cartoros2/install/nav2_smac_planner:/home/yahboom/cartoros2/install/nav2_rotation_shim_controller:/home/yahboom/cartoros2/install/nav2_regulated_pure_pursuit_controller:/home/yahboom/cartoros2/install/nav2_planner:/home/yahboom/cartoros2/install/nav2_navfn_planner:/home/yahboom/cartoros2/install/nav2_mppi_controller:/home/yahboom/cartoros2/install/nav2_constrained_smoother:/home/yahboom/cartoros2/install/nav2_bt_navigator:/home/yahboom/cartoros2/install/nav2_behaviors:/home/yahboom/cartoros2/install/nav2_core:/home/yahboom/cartoros2/install/nav2_collision_monitor:/home/yahboom/cartoros2/install/costmap_queue:/home/yahboom/cartoros2/install/nav2_costmap_2d:/home/yahboom/cartoros2/install/nav2_voxel_grid:/home/yahboom/cartoros2/install/nav2_velocity_smoother:/home/yahboom/cartoros2/install/nav2_rviz_plugins:/home/yahboom/cartoros2/install/nav2_map_server:/home/yahboom/cartoros2/install/nav2_lifecycle_manager:/home/yahboom/cartoros2/install/nav2_behavior_tree:/home/yahboom/cartoros2/install/nav2_amcl:/home/yahboom/cartoros2/install/nav2_util:/home/yahboom/cartoros2/install/nav2_msgs:/home/yahboom/cartoros2/install/nav2_common:/home/yahboom/cartoros2/install/image_color_lab:/home/yahboom/cartoros2/install/dynamixel_sdk_examples:/home/yahboom/cartoros2/install/dynamixel_sdk_custom_interfaces:/home/yahboom/cartoros2/install/dynamixel_sdk:/home/yahboom/cartoros2/install/csm:/home/yahboom/cartoros2/install/champ_msgs:/home/yahboom/cartoros2/install/champ:/home/yahboom/cartoros2/install/cartographer_ros_msgs:/home/yahboom/cartoros2/install/cartographer:/home/yahboom/yahboomcar_ws/install/yahboom_dog_node:/home/yahboom/yahboomcar_ws/install/yahboom_dog_navigation2:/home/yahboom/yahboomcar_ws/install/yahboom_dog_nav:/home/yahboom/yahboomcar_ws/install/yahboom_dog_msgs:/home/yahboom/yahboomcar_ws/install/yahboom_dog_cartographer:/home/yahboom/yahboomcar_ws/install/yahboom_dog:/home/yahboom/yahboomcar_ws/install/yahboom_dog_bringup:/home/yahboom/yahboomcar_ws/install/dynamixel_sdk_examples:/home/yahboom/yahboomcar_ws/install/dynamixel_sdk_custom_interfaces:/home/yahboom/yahboomcar_ws/install/dynamixel_sdk:/home/yahboom/yahboomcar_ws/install/champ_navigation:/home/yahboom/yahboomcar_ws/install/champ_msgs:/home/yahboom/cartoros2/install/yahboomcar_nav:/home/yahboom/cartoros2/install/yahboomcar_ctrl:/home/yahboom/cartoros2/install/yahboom_visual:/home/yahboom/cartoros2/install/yahboom_dog_joint_state:/home/yahboom/cartoros2/install/yahboom_description:/home/yahboom/cartoros2/install/yahboom_color_identify_server:/home/yahboom/cartoros2/install/yahboom_bringup:/home/yahboom/cartoros2/install/yahboom_base:/home/yahboom/cartoros2/install/yahboom_app_save_map:/home/yahboom/cartoros2/install/update_map:/home/yahboom/cartoros2/install/rosboard:/home/yahboom/cartoros2/install/path_planner_server:/home/yahboom/cartoros2/install/nav2_simple_commander:/home/yahboom/cartoros2/install/nav2_gazebo_spawner:/home/yahboom/cartoros2/install/localization_server:/home/yahboom/cartoros2/install/laserscan_to_point_pulisher:/home/yahboom/cartoros2/install/dogzilla_sim:/home/yahboom/yahboomcar_ws/install/yahboom_dog_example:/home/yahboom/ros2_ws/install/tb3_slam_viewer:/opt/ros/humble:/home/yahboom/yahboomcar_ws/install/champ_gazebo:/home/yahboom/yahboomcar_ws/install/champ_bringup:/home/yahboom/yahboomcar_ws/install/champ_description:/home/yahboom/yahboomcar_ws/install/champ_config:/home/yahboom/yahboomcar_ws/install/champ:/home/yahboom/ros2_ws/install/your_planner:/home/yahboom/ros2_ws/install/champ_description VIRTUAL_ENV_PROMPT=(.venv) /usr/bin/cmake --install /home/yahboom/swerve_bringup/build/swerve_bringup
