[INFO] [launch]: All log files can be found below /home/yahboom/.ros/log/2026-09-17-19-05-58-631384-yahboom-virtual-machine-179746
[INFO] [launch]: Default logging verbosity is set to INFO
[INFO] [gzserver-1]: process started with pid [179758]
[INFO] [robot_state_publisher-2]: process started with pid [179760]
[INFO] [spawn_entity.py-3]: process started with pid [179762]
[INFO] [ekf_node-4]: process started with pid [179764]
[INFO] [v30e_sim_node-5]: process started with pid [179766]
[INFO] [ekf_node-6]: process started with pid [179768]
[INFO] [map_server-7]: process started with pid [179770]
[INFO] [controller_server-8]: process started with pid [179772]
[INFO] [planner_server-9]: process started with pid [179775]
[INFO] [behavior_server-10]: process started with pid [179777]
[INFO] [bt_navigator-11]: process started with pid [179786]
[INFO] [waypoint_follower-12]: process started with pid [179789]
[INFO] [lifecycle_manager-13]: process started with pid [179801]
[INFO] [swerve_bridge_node-14]: process started with pid [179812]
[planner_server-9] [INFO] [1789643161.842856924] [planner_server]: 
[planner_server-9] 	planner_server lifecycle node launched. 
[planner_server-9] 	Waiting on external lifecycle transitions to activate
[planner_server-9] 	See https://design.ros2.org/articles/node_lifecycle.html for more information.
[planner_server-9] [INFO] [1789643161.849314377] [planner_server]: Creating
[bt_navigator-11] [INFO] [1789643161.869546442] [bt_navigator]: 
[bt_navigator-11] 	bt_navigator lifecycle node launched. 
[bt_navigator-11] 	Waiting on external lifecycle transitions to activate
[bt_navigator-11] 	See https://design.ros2.org/articles/node_lifecycle.html for more information.
[bt_navigator-11] [INFO] [1789643161.869709082] [bt_navigator]: Creating
[lifecycle_manager-13] [INFO] [1789643161.891394785] [lifecycle_manager_navigation]: Creating
[robot_state_publisher-2] [INFO] [1789643162.074683611] [robot_state_publisher]: got segment base_footprint
[robot_state_publisher-2] [INFO] [1789643162.074823316] [robot_state_publisher]: got segment base_link
[robot_state_publisher-2] [INFO] [1789643162.074834542] [robot_state_publisher]: got segment imu_link
[robot_state_publisher-2] [INFO] [1789643162.074842311] [robot_state_publisher]: got segment lidar_link
[robot_state_publisher-2] [INFO] [1789643162.074849299] [robot_state_publisher]: got segment steer_front_link
[robot_state_publisher-2] [INFO] [1789643162.074856112] [robot_state_publisher]: got segment steer_rear_link
[robot_state_publisher-2] [INFO] [1789643162.074863269] [robot_state_publisher]: got segment v30e_link
[robot_state_publisher-2] [INFO] [1789643162.074869775] [robot_state_publisher]: got segment wheel_front_drive_link
[robot_state_publisher-2] [INFO] [1789643162.074877073] [robot_state_publisher]: got segment wheel_front_left_link
[robot_state_publisher-2] [INFO] [1789643162.074883674] [robot_state_publisher]: got segment wheel_front_right_link
[robot_state_publisher-2] [INFO] [1789643162.074891474] [robot_state_publisher]: got segment wheel_rear_drive_link
[robot_state_publisher-2] [INFO] [1789643162.074897966] [robot_state_publisher]: got segment wheel_rear_left_link
[robot_state_publisher-2] [INFO] [1789643162.074904641] [robot_state_publisher]: got segment wheel_rear_right_link
[controller_server-8] [INFO] [1789643162.161578385] [controller_server]: 
[controller_server-8] 	controller_server lifecycle node launched. 
[controller_server-8] 	Waiting on external lifecycle transitions to activate
[controller_server-8] 	See https://design.ros2.org/articles/node_lifecycle.html for more information.
[waypoint_follower-12] [INFO] [1789643162.172535124] [waypoint_follower]: 
[waypoint_follower-12] 	waypoint_follower lifecycle node launched. 
[waypoint_follower-12] 	Waiting on external lifecycle transitions to activate
[waypoint_follower-12] 	See https://design.ros2.org/articles/node_lifecycle.html for more information.
[waypoint_follower-12] [INFO] [1789643162.173075161] [waypoint_follower]: Creating
[behavior_server-10] [INFO] [1789643162.186687007] [behavior_server]: 
[behavior_server-10] 	behavior_server lifecycle node launched. 
[behavior_server-10] 	Waiting on external lifecycle transitions to activate
[behavior_server-10] 	See https://design.ros2.org/articles/node_lifecycle.html for more information.
[controller_server-8] [INFO] [1789643162.187624444] [controller_server]: Creating controller server
[lifecycle_manager-13] [INFO] [1789643162.197397146] [lifecycle_manager_navigation]: [34m[1mCreating and initializing lifecycle service clients[0m[0m
[planner_server-9] [INFO] [1789643162.282688734] [global_costmap.global_costmap]: 
[planner_server-9] 	global_costmap lifecycle node launched. 
[planner_server-9] 	Waiting on external lifecycle transitions to activate
[planner_server-9] 	See https://design.ros2.org/articles/node_lifecycle.html for more information.
[planner_server-9] [INFO] [1789643162.289567927] [global_costmap.global_costmap]: Creating Costmap
[swerve_bridge_node-14] Traceback (most recent call last):
[swerve_bridge_node-14]   File "/home/yahboom/swerve_bringup/install/swerve_bridge/lib/swerve_bridge/swerve_bridge_node", line 33, in <module>
[swerve_bridge_node-14]     sys.exit(load_entry_point('swerve-bridge', 'console_scripts', 'swerve_bridge_node')())
[swerve_bridge_node-14]   File "/home/yahboom/swerve_bringup/install/swerve_bridge/lib/swerve_bridge/swerve_bridge_node", line 22, in importlib_load_entry_point
[swerve_bridge_node-14]     for entry_point in distribution(dist_name).entry_points
[swerve_bridge_node-14]   File "/usr/lib/python3.10/importlib/metadata/__init__.py", line 969, in distribution
[swerve_bridge_node-14]     return Distribution.from_name(distribution_name)
[swerve_bridge_node-14]   File "/usr/lib/python3.10/importlib/metadata/__init__.py", line 548, in from_name
[swerve_bridge_node-14]     raise PackageNotFoundError(name)
[swerve_bridge_node-14] importlib.metadata.PackageNotFoundError: No package metadata was found for swerve-bridge
[ERROR] [swerve_bridge_node-14]: process has died [pid 179812, exit code 1, cmd '/home/yahboom/swerve_bringup/install/swerve_bridge/lib/swerve_bridge/swerve_bridge_node --ros-args -r __node:=swerve_bridge --params-file /home/yahboom/swerve_bringup/install/swerve_bridge/share/swerve_bridge/config/bridge.yaml --params-file /tmp/launch_params__9o2dfw9'].
[map_server-7] [INFO] [1789643162.446945474] [map_server]: 
[map_server-7] 	map_server lifecycle node launched. 
[map_server-7] 	Waiting on external lifecycle transitions to activate
[map_server-7] 	See https://design.ros2.org/articles/node_lifecycle.html for more information.
[map_server-7] [INFO] [1789643162.447268269] [map_server]: Creating
[controller_server-8] [INFO] [1789643162.479644702] [local_costmap.local_costmap]: 
[controller_server-8] 	local_costmap lifecycle node launched. 
[controller_server-8] 	Waiting on external lifecycle transitions to activate
[controller_server-8] 	See https://design.ros2.org/articles/node_lifecycle.html for more information.
[controller_server-8] [INFO] [1789643162.480192241] [local_costmap.local_costmap]: Creating Costmap
[lifecycle_manager-13] [INFO] [1789643162.785236034] [lifecycle_manager_navigation]: [34m[1mStarting managed nodes bringup...[0m[0m
[lifecycle_manager-13] [INFO] [1789643162.785322177] [lifecycle_manager_navigation]: [34m[1mConfiguring map_server[0m[0m
[map_server-7] [INFO] [1789643162.787846707] [map_server]: Configuring
[map_server-7] [INFO] [1789643162.787977722] [map_io]: Loading yaml file: /home/yahboom/swerve_bringup/install/swerve_bringup/share/swerve_bringup/swerve_navigation/maps/warehouse.yaml
[map_server-7] [INFO] [1789643162.788376220] [map_io]: resolution: 0.05
[map_server-7] [INFO] [1789643162.788393421] [map_io]: origin[0]: -17.2
[map_server-7] [INFO] [1789643162.788399801] [map_io]: origin[1]: -17.4
[map_server-7] [INFO] [1789643162.788405180] [map_io]: origin[2]: 0
[map_server-7] [INFO] [1789643162.788411072] [map_io]: free_thresh: 0.25
[map_server-7] [INFO] [1789643162.788416774] [map_io]: occupied_thresh: 0.65
[map_server-7] [INFO] [1789643162.788422970] [map_io]: mode: trinary
[map_server-7] [INFO] [1789643162.788429463] [map_io]: negate: 0
[map_server-7] [INFO] [1789643162.788750406] [map_io]: Loading image_file: /home/yahboom/swerve_bringup/install/swerve_bringup/share/swerve_bringup/swerve_navigation/maps/warehouse.pgm
[map_server-7] [INFO] [1789643162.886648538] [map_io]: Read map /home/yahboom/swerve_bringup/install/swerve_bringup/share/swerve_bringup/swerve_navigation/maps/warehouse.pgm: 676 X 680 map @ 0.05 m/cell
[lifecycle_manager-13] [INFO] [1789643162.941529247] [lifecycle_manager_navigation]: [34m[1mConfiguring controller_server[0m[0m
[controller_server-8] [INFO] [1789643162.943562492] [controller_server]: Configuring controller interface
[controller_server-8] [INFO] [1789643162.944410497] [controller_server]: getting goal checker plugins..
[controller_server-8] [INFO] [1789643162.944896357] [controller_server]: Controller frequency set to 10.0000Hz
[controller_server-8] [INFO] [1789643162.944957787] [local_costmap.local_costmap]: Configuring
[controller_server-8] [INFO] [1789643163.079228662] [local_costmap.local_costmap]: Using plugin "voxel_layer"
[controller_server-8] [INFO] [1789643163.092992262] [local_costmap.local_costmap]: Subscribed to Topics: lidar3d scan
[controller_server-8] [INFO] [1789643163.429222875] [local_costmap.local_costmap]: Initialized plugin "voxel_layer"
[controller_server-8] [INFO] [1789643163.429274432] [local_costmap.local_costmap]: Using plugin "inflation_layer"
[controller_server-8] [INFO] [1789643163.429750534] [local_costmap.local_costmap]: Initialized plugin "inflation_layer"
[spawn_entity.py-3] [INFO] [1789643163.566734815] [spawn_swerve]: Spawn Entity started
[spawn_entity.py-3] [INFO] [1789643163.567243625] [spawn_swerve]: Loading entity published on topic robot_description
[spawn_entity.py-3] [INFO] [1789643163.578919327] [spawn_swerve]: Waiting for entity xml on robot_description
[spawn_entity.py-3] [INFO] [1789643163.597796791] [spawn_swerve]: Waiting for service /spawn_entity, timeout = 30
[spawn_entity.py-3] [INFO] [1789643163.598262502] [spawn_swerve]: Waiting for service /spawn_entity
[controller_server-8] [INFO] [1789643163.615614337] [controller_server]: Created progress_checker : progress_checker of type nav2_controller::SimpleProgressChecker
[controller_server-8] [INFO] [1789643163.619245712] [controller_server]: Created goal checker : general_goal_checker of type nav2_controller::SimpleGoalChecker
[controller_server-8] [INFO] [1789643163.630892516] [controller_server]: Controller Server has general_goal_checker  goal checkers available.
[controller_server-8] [INFO] [1789643163.634271551] [controller_server]: Created controller : FollowPath of type dwb_core::DWBLocalPlanner
[controller_server-8] [INFO] [1789643163.639784314] [controller_server]: Setting transform_tolerance to 0.200000
[controller_server-8] [INFO] [1789643163.698513073] [controller_server]: Using critic "RotateToGoal" (dwb_critics::RotateToGoalCritic)
[controller_server-8] [INFO] [1789643163.704968785] [controller_server]: Critic plugin initialized
[controller_server-8] [INFO] [1789643163.706555803] [controller_server]: Using critic "Oscillation" (dwb_critics::OscillationCritic)
[controller_server-8] [INFO] [1789643163.708189063] [controller_server]: Critic plugin initialized
[controller_server-8] [INFO] [1789643163.713097142] [controller_server]: Using critic "BaseObstacle" (dwb_critics::BaseObstacleCritic)
[controller_server-8] [INFO] [1789643163.719593388] [controller_server]: Critic plugin initialized
[controller_server-8] [INFO] [1789643163.724532305] [controller_server]: Using critic "GoalAlign" (dwb_critics::GoalAlignCritic)
[controller_server-8] [INFO] [1789643163.739417632] [controller_server]: Critic plugin initialized
[controller_server-8] [INFO] [1789643163.739798044] [controller_server]: Using critic "PathAlign" (dwb_critics::PathAlignCritic)
[controller_server-8] [INFO] [1789643163.751228536] [controller_server]: Critic plugin initialized
[controller_server-8] [INFO] [1789643163.761293115] [controller_server]: Using critic "PathDist" (dwb_critics::PathDistCritic)
[controller_server-8] [INFO] [1789643163.768457246] [controller_server]: Critic plugin initialized
[controller_server-8] [INFO] [1789643163.770501150] [controller_server]: Using critic "GoalDist" (dwb_critics::GoalDistCritic)
[controller_server-8] [INFO] [1789643163.777248473] [controller_server]: Critic plugin initialized
[controller_server-8] [INFO] [1789643163.777298120] [controller_server]: Controller Server has FollowPath  controllers available.
[v30e_sim_node-5] [INFO] [1789643163.836576169] [v30e_sim_node]: Using Gazebo /get_entity_state internally; odometry is not a V30E measurement input
[lifecycle_manager-13] [INFO] [1789643163.844268166] [lifecycle_manager_navigation]: [34m[1mConfiguring planner_server[0m[0m
[planner_server-9] [INFO] [1789643163.844643581] [planner_server]: Configuring
[planner_server-9] [INFO] [1789643163.844692718] [global_costmap.global_costmap]: Configuring
[planner_server-9] [INFO] [1789643163.911767111] [global_costmap.global_costmap]: Using plugin "static_layer"
[planner_server-9] [INFO] [1789643163.925057268] [global_costmap.global_costmap]: Subscribing to the map topic (/map) with transient local durability
[planner_server-9] [INFO] [1789643163.959862158] [global_costmap.global_costmap]: Initialized plugin "static_layer"
[planner_server-9] [INFO] [1789643163.960109667] [global_costmap.global_costmap]: Using plugin "obstacle_layer"
[planner_server-9] [INFO] [1789643163.976252533] [global_costmap.global_costmap]: Subscribed to Topics: scan
[planner_server-9] [INFO] [1789643163.998353226] [global_costmap.global_costmap]: Initialized plugin "obstacle_layer"
[planner_server-9] [INFO] [1789643163.998473948] [global_costmap.global_costmap]: Using plugin "inflation_layer"
[planner_server-9] [INFO] [1789643164.020589240] [global_costmap.global_costmap]: Initialized plugin "inflation_layer"
[planner_server-9] [INFO] [1789643164.116539318] [planner_server]: Created global planner plugin GridBased of type nav2_navfn_planner/NavfnPlanner
[planner_server-9] [INFO] [1789643164.116609513] [planner_server]: Configuring plugin GridBased of type NavfnPlanner
[planner_server-9] [INFO] [1789643164.126911555] [planner_server]: Planner Server has GridBased  planners available.
[lifecycle_manager-13] [INFO] [1789643164.226525855] [lifecycle_manager_navigation]: [34m[1mConfiguring behavior_server[0m[0m
[behavior_server-10] [INFO] [1789643164.227327448] [behavior_server]: Configuring
[behavior_server-10] [INFO] [1789643164.386283737] [behavior_server]: Creating behavior plugin spin of type nav2_behaviors/Spin
[behavior_server-10] [INFO] [1789643164.387144145] [behavior_server]: Configuring spin
[behavior_server-10] [INFO] [1789643164.437938919] [behavior_server]: Creating behavior plugin backup of type nav2_behaviors/BackUp
[behavior_server-10] [INFO] [1789643164.439888468] [behavior_server]: Configuring backup
[behavior_server-10] [INFO] [1789643164.492211759] [behavior_server]: Creating behavior plugin drive_on_heading of type nav2_behaviors/DriveOnHeading
[behavior_server-10] [INFO] [1789643164.493165588] [behavior_server]: Configuring drive_on_heading
[behavior_server-10] [INFO] [1789643164.516966437] [behavior_server]: Creating behavior plugin wait of type nav2_behaviors/Wait
[behavior_server-10] [INFO] [1789643164.522194351] [behavior_server]: Configuring wait
[lifecycle_manager-13] [INFO] [1789643164.635700677] [lifecycle_manager_navigation]: [34m[1mConfiguring bt_navigator[0m[0m
[bt_navigator-11] [INFO] [1789643164.640135676] [bt_navigator]: Configuring
[lifecycle_manager-13] [INFO] [1789643165.147435287] [lifecycle_manager_navigation]: [34m[1mConfiguring waypoint_follower[0m[0m
[waypoint_follower-12] [INFO] [1789643165.149994088] [waypoint_follower]: Configuring
[waypoint_follower-12] [INFO] [1789643165.216495385] [waypoint_follower]: Created waypoint_task_executor : wait_at_waypoint of type nav2_waypoint_follower::WaitAtWaypoint
[waypoint_follower-12] [INFO] [1789643165.217176125] [waypoint_follower]: Waypoint pause duration is set to zero, disabling task executor plugin.
[lifecycle_manager-13] [INFO] [1789643165.220282820] [lifecycle_manager_navigation]: [34m[1mActivating map_server[0m[0m
[map_server-7] [INFO] [1789643165.220690792] [map_server]: Activating
[map_server-7] [INFO] [1789643165.221652317] [map_server]: Creating bond (map_server) to lifecycle manager.
[planner_server-9] [INFO] [1789643165.222997720] [global_costmap.global_costmap]: StaticLayer: Resizing costmap to 676 X 680 at 0.050000 m/pix
[lifecycle_manager-13] [INFO] [1789643165.346773543] [lifecycle_manager_navigation]: Server map_server connected with bond.
[lifecycle_manager-13] [INFO] [1789643165.346844133] [lifecycle_manager_navigation]: [34m[1mActivating controller_server[0m[0m
[controller_server-8] [INFO] [1789643165.349279469] [controller_server]: Activating
[controller_server-8] [INFO] [1789643165.349365631] [local_costmap.local_costmap]: Activating
[controller_server-8] [INFO] [1789643165.349384517] [local_costmap.local_costmap]: Checking transform
[controller_server-8] [INFO] [1789643165.349418805] [local_costmap.local_costmap]: Timed out waiting for transform from base_footprint to odom to become available, tf error: Invalid frame ID "odom" passed to canTransform argument target_frame - frame does not exist
[controller_server-8] [INFO] [1789643165.849585131] [local_costmap.local_costmap]: Timed out waiting for transform from base_footprint to odom to become available, tf error: Invalid frame ID "odom" passed to canTransform argument target_frame - frame does not exist
[controller_server-8] [INFO] [1789643166.350086013] [local_costmap.local_costmap]: Timed out waiting for transform from base_footprint to odom to become available, tf error: Invalid frame ID "odom" passed to canTransform argument target_frame - frame does not exist
[controller_server-8] [INFO] [1789643166.850067281] [local_costmap.local_costmap]: Timed out waiting for transform from base_footprint to odom to become available, tf error: Invalid frame ID "odom" passed to canTransform argument target_frame - frame does not exist
[controller_server-8] [INFO] [1789643167.349744520] [local_costmap.local_costmap]: Timed out waiting for transform from base_footprint to odom to become available, tf error: Invalid frame ID "odom" passed to canTransform argument target_frame - frame does not exist
[controller_server-8] [INFO] [1789643167.852468998] [local_costmap.local_costmap]: Timed out waiting for transform from base_footprint to odom to become available, tf error: Invalid frame ID "odom" passed to canTransform argument target_frame - frame does not exist
[controller_server-8] [INFO] [1789643168.349505307] [local_costmap.local_costmap]: Timed out waiting for transform from base_footprint to odom to become available, tf error: Invalid frame ID "odom" passed to canTransform argument target_frame - frame does not exist
[controller_server-8] [INFO] [1789643168.849953314] [local_costmap.local_costmap]: Timed out waiting for transform from base_footprint to odom to become available, tf error: Invalid frame ID "odom" passed to canTransform argument target_frame - frame does not exist
[controller_server-8] [INFO] [1789643169.352570674] [local_costmap.local_costmap]: Timed out waiting for transform from base_footprint to odom to become available, tf error: Invalid frame ID "odom" passed to canTransform argument target_frame - frame does not exist
[spawn_entity.py-3] [INFO] [1789643169.666190766] [spawn_swerve]: Calling service /spawn_entity
[controller_server-8] [INFO] [1789643169.851320872] [local_costmap.local_costmap]: Timed out waiting for transform from base_footprint to odom to become available, tf error: Invalid frame ID "odom" passed to canTransform argument target_frame - frame does not exist
[gzserver-1] [INFO] [1789643169.891147518] [gazebo_ros_state]: Publishing states of gazebo models at [/model_states]
[gzserver-1] [INFO] [1789643169.897392127] [gazebo_ros_state]: Publishing states of gazebo links at [/link_states]
[gzserver-1] [INFO] [1789643170.322520973] [imu.imu_ros]: <initial_orientation_as_reference> is unset, using default value of false to comply with REP 145 (world as orientation reference)
[controller_server-8] [INFO] [1789643170.349588926] [local_costmap.local_costmap]: Timed out waiting for transform from base_footprint to odom to become available, tf error: Invalid frame ID "odom" passed to canTransform argument target_frame - frame does not exist
[controller_server-8] [INFO] [1789643170.849917966] [local_costmap.local_costmap]: Timed out waiting for transform from base_footprint to odom to become available, tf error: Invalid frame ID "odom" passed to canTransform argument target_frame - frame does not exist
[controller_server-8] [INFO] [1789643171.350996947] [local_costmap.local_costmap]: Timed out waiting for transform from base_footprint to odom to become available, tf error: Invalid frame ID "odom" passed to canTransform argument target_frame - frame does not exist
[controller_server-8] [INFO] [1789643171.849793585] [local_costmap.local_costmap]: Timed out waiting for transform from base_footprint to odom to become available, tf error: Invalid frame ID "odom" passed to canTransform argument target_frame - frame does not exist
[controller_server-8] [INFO] [1789643172.352428959] [local_costmap.local_costmap]: Timed out waiting for transform from base_footprint to odom to become available, tf error: Invalid frame ID "odom" passed to canTransform argument target_frame - frame does not exist
[controller_server-8] [INFO] [1789643172.849855071] [local_costmap.local_costmap]: Timed out waiting for transform from base_footprint to odom to become available, tf error: Invalid frame ID "odom" passed to canTransform argument target_frame - frame does not exist
[controller_server-8] [INFO] [1789643173.350390767] [local_costmap.local_costmap]: Timed out waiting for transform from base_footprint to odom to become available, tf error: Invalid frame ID "odom" passed to canTransform argument target_frame - frame does not exist
[controller_server-8] [INFO] [1789643173.849811142] [local_costmap.local_costmap]: Timed out waiting for transform from base_footprint to odom to become available, tf error: Invalid frame ID "odom" passed to canTransform argument target_frame - frame does not exist
[controller_server-8] [INFO] [1789643174.349640669] [local_costmap.local_costmap]: Timed out waiting for transform from base_footprint to odom to become available, tf error: Invalid frame ID "odom" passed to canTransform argument target_frame - frame does not exist
[controller_server-8] [INFO] [1789643174.849900623] [local_costmap.local_costmap]: Timed out waiting for transform from base_footprint to odom to become available, tf error: Invalid frame ID "odom" passed to canTransform argument target_frame - frame does not exist
[controller_server-8] [INFO] [1789643175.349479905] [local_costmap.local_costmap]: Timed out waiting for transform from base_footprint to odom to become available, tf error: Invalid frame ID "odom" passed to canTransform argument target_frame - frame does not exist
[controller_server-8] [INFO] [1789643175.850137435] [local_costmap.local_costmap]: Timed out waiting for transform from base_footprint to odom to become available, tf error: Invalid frame ID "odom" passed to canTransform argument target_frame - frame does not exist
[controller_server-8] [INFO] [1789643176.349504846] [local_costmap.local_costmap]: Timed out waiting for transform from base_footprint to odom to become available, tf error: Invalid frame ID "odom" passed to canTransform argument target_frame - frame does not exist
[controller_server-8] [INFO] [1789643176.851478029] [local_costmap.local_costmap]: Timed out waiting for transform from base_footprint to odom to become available, tf error: Invalid frame ID "odom" passed to canTransform argument target_frame - frame does not exist
[controller_server-8] [INFO] [1789643177.349595653] [local_costmap.local_costmap]: Timed out waiting for transform from base_footprint to odom to become available, tf error: Invalid frame ID "odom" passed to canTransform argument target_frame - frame does not exist
[controller_server-8] [INFO] [1789643177.850326367] [local_costmap.local_costmap]: Timed out waiting for transform from base_footprint to odom to become available, tf error: Invalid frame ID "odom" passed to canTransform argument target_frame - frame does not exist
[controller_server-8] [INFO] [1789643178.351641639] [local_costmap.local_costmap]: Timed out waiting for transform from base_footprint to odom to become available, tf error: Invalid frame ID "odom" passed to canTransform argument target_frame - frame does not exist
[controller_server-8] [INFO] [1789643178.850860223] [local_costmap.local_costmap]: Timed out waiting for transform from base_footprint to odom to become available, tf error: Invalid frame ID "odom" passed to canTransform argument target_frame - frame does not exist
[controller_server-8] [INFO] [1789643179.350072299] [local_costmap.local_costmap]: Timed out waiting for transform from base_footprint to odom to become available, tf error: Invalid frame ID "odom" passed to canTransform argument target_frame - frame does not exist
[controller_server-8] [INFO] [1789643179.849672582] [local_costmap.local_costmap]: Timed out waiting for transform from base_footprint to odom to become available, tf error: Invalid frame ID "odom" passed to canTransform argument target_frame - frame does not exist
[controller_server-8] [INFO] [1789643180.350121264] [local_costmap.local_costmap]: Timed out waiting for transform from base_footprint to odom to become available, tf error: Invalid frame ID "odom" passed to canTransform argument target_frame - frame does not exist
[controller_server-8] [INFO] [1789643180.849811017] [local_costmap.local_costmap]: Timed out waiting for transform from base_footprint to odom to become available, tf error: Invalid frame ID "odom" passed to canTransform argument target_frame - frame does not exist
[controller_server-8] [INFO] [1789643181.349793052] [local_costmap.local_costmap]: Timed out waiting for transform from base_footprint to odom to become available, tf error: Invalid frame ID "odom" passed to canTransform argument target_frame - frame does not exist
[controller_server-8] [INFO] [1789643181.849777338] [local_costmap.local_costmap]: Timed out waiting for transform from base_footprint to odom to become available, tf error: Invalid frame ID "odom" passed to canTransform argument target_frame - frame does not exist
[controller_server-8] [INFO] [1789643182.350423371] [local_costmap.local_costmap]: Timed out waiting for transform from base_footprint to odom to become available, tf error: Invalid frame ID "odom" passed to canTransform argument target_frame - frame does not exist
[controller_server-8] [INFO] [1789643182.849593376] [local_costmap.local_costmap]: Timed out waiting for transform from base_footprint to odom to become available, tf error: Invalid frame ID "odom" passed to canTransform argument target_frame - frame does not exist
[controller_server-8] [INFO] [1789643183.349778530] [local_costmap.local_costmap]: Timed out waiting for transform from base_footprint to odom to become available, tf error: Invalid frame ID "odom" passed to canTransform argument target_frame - frame does not exist
[controller_server-8] [INFO] [1789643183.849805491] [local_costmap.local_costmap]: Timed out waiting for transform from base_footprint to odom to become available, tf error: Invalid frame ID "odom" passed to canTransform argument target_frame - frame does not exist
[controller_server-8] [INFO] [1789643184.350585238] [local_costmap.local_costmap]: Timed out waiting for transform from base_footprint to odom to become available, tf error: Invalid frame ID "odom" passed to canTransform argument target_frame - frame does not exist
[spawn_entity.py-3] [INFO] [1789643184.775088478] [spawn_swerve]: Spawn status: SpawnEntity: Successfully spawned entity [swerve_base]
[controller_server-8] [INFO] [1789643184.849557871] [local_costmap.local_costmap]: Timed out waiting for transform from base_footprint to odom to become available, tf error: Invalid frame ID "odom" passed to canTransform argument target_frame - frame does not exist
[gzserver-1] [INFO] [1789643185.041932006] [gazebo_ros2_control]: Loading gazebo_ros2_control plugin
[INFO] [spawn_entity.py-3]: process has finished cleanly [pid 179762]
[INFO] [spawner-15]: process started with pid [180284]
[gzserver-1] [INFO] [1789643185.129329623] [gazebo_ros2_control]: Starting gazebo_ros2_control plugin in namespace: /
[gzserver-1] [INFO] [1789643185.129447254] [gazebo_ros2_control]: Starting gazebo_ros2_control plugin in ros 2 node: gazebo_ros2_control
[gzserver-1] [INFO] [1789643185.169426822] [gazebo_ros2_control]: connected to service!! robot_state_publisher
[gzserver-1] [INFO] [1789643185.173868418] [gazebo_ros2_control]: Received urdf from param server, parsing...
[gzserver-1] [INFO] [1789643185.174153193] [gazebo_ros2_control]: Loading parameter files /home/yahboom/swerve_bringup/install/swerve_bringup/share/swerve_bringup/config/controllers.yaml
[gzserver-1] [INFO] [1789643185.221812981] [gazebo_ros2_control]: Loading joint: steer_front_joint
[gzserver-1] [INFO] [1789643185.221879624] [gazebo_ros2_control]: 	State:
[gzserver-1] [INFO] [1789643185.221893932] [gazebo_ros2_control]: 		 position
[gzserver-1] [INFO] [1789643185.221906139] [gazebo_ros2_control]: 		 velocity
[gzserver-1] [INFO] [1789643185.221915730] [gazebo_ros2_control]: 	Command:
[gzserver-1] [INFO] [1789643185.221925021] [gazebo_ros2_control]: 		 position
[gzserver-1] [INFO] [1789643185.231314737] [gazebo_ros2_control]: Loading joint: steer_rear_joint
[gzserver-1] [INFO] [1789643185.231376077] [gazebo_ros2_control]: 	State:
[gzserver-1] [INFO] [1789643185.231387587] [gazebo_ros2_control]: 		 position
[gzserver-1] [INFO] [1789643185.231398995] [gazebo_ros2_control]: 		 velocity
[gzserver-1] [INFO] [1789643185.231408878] [gazebo_ros2_control]: 	Command:
[gzserver-1] [INFO] [1789643185.231417613] [gazebo_ros2_control]: 		 position
[gzserver-1] [INFO] [1789643185.242297507] [gazebo_ros2_control]: Loading joint: wheel_front_drive_joint
[gzserver-1] [INFO] [1789643185.244865067] [gazebo_ros2_control]: 	State:
[gzserver-1] [INFO] [1789643185.244889370] [gazebo_ros2_control]: 		 position
[gzserver-1] [INFO] [1789643185.244901352] [gazebo_ros2_control]: 		 velocity
[gzserver-1] [INFO] [1789643185.244910795] [gazebo_ros2_control]: 	Command:
[gzserver-1] [INFO] [1789643185.244938970] [gazebo_ros2_control]: 		 velocity
[gzserver-1] [INFO] [1789643185.250533408] [gazebo_ros2_control]: Loading joint: wheel_rear_drive_joint
[gzserver-1] [INFO] [1789643185.250583793] [gazebo_ros2_control]: 	State:
[gzserver-1] [INFO] [1789643185.250597384] [gazebo_ros2_control]: 		 position
[gzserver-1] [INFO] [1789643185.250630726] [gazebo_ros2_control]: 		 velocity
[gzserver-1] [INFO] [1789643185.250644462] [gazebo_ros2_control]: 	Command:
[gzserver-1] [INFO] [1789643185.250671370] [gazebo_ros2_control]: 		 velocity
[gzserver-1] [INFO] [1789643185.255780116] [resource_manager]: Initialize hardware 'GazeboSystem' 
[gzserver-1] [INFO] [1789643185.256798300] [resource_manager]: Successful initialization of hardware 'GazeboSystem'
[gzserver-1] [INFO] [1789643185.257563789] [resource_manager]: 'configure' hardware 'GazeboSystem' 
[gzserver-1] [INFO] [1789643185.257589883] [resource_manager]: Successful 'configure' of hardware 'GazeboSystem'
[gzserver-1] [INFO] [1789643185.257599171] [resource_manager]: 'activate' hardware 'GazeboSystem' 
[gzserver-1] [INFO] [1789643185.257606142] [resource_manager]: Successful 'activate' of hardware 'GazeboSystem'
[gzserver-1] [INFO] [1789643185.257756472] [gazebo_ros2_control]: Loading controller_manager
[controller_server-8] [INFO] [1789643185.350231949] [local_costmap.local_costmap]: Timed out waiting for transform from base_footprint to odom to become available, tf error: Invalid frame ID "odom" passed to canTransform argument target_frame - frame does not exist
[gzserver-1] [WARN] [1789643185.500234167] [gazebo_ros2_control]:  Desired controller update period (0.01 s) is slower than the gazebo simulation period (0.001 s).
[gzserver-1] [INFO] [1789643185.500582703] [gazebo_ros2_control]: Loaded gazebo_ros2_control.
[controller_server-8] [INFO] [1789643185.850016106] [local_costmap.local_costmap]: start
[controller_server-8] [INFO] [1789643186.017419383] [controller_server]: Creating bond (controller_server) to lifecycle manager.
[lifecycle_manager-13] [INFO] [1789643186.254806400] [lifecycle_manager_navigation]: Server controller_server connected with bond.
[lifecycle_manager-13] [INFO] [1789643186.254870531] [lifecycle_manager_navigation]: [34m[1mActivating planner_server[0m[0m
[planner_server-9] [INFO] [1789643186.286945703] [planner_server]: Activating
[planner_server-9] [INFO] [1789643186.287019640] [global_costmap.global_costmap]: Activating
[planner_server-9] [INFO] [1789643186.287037920] [global_costmap.global_costmap]: Checking transform
[planner_server-9] [INFO] [1789643186.287071097] [global_costmap.global_costmap]: Timed out waiting for transform from base_footprint to map to become available, tf error: Invalid frame ID "map" passed to canTransform argument target_frame - frame does not exist
[spawner-15] [INFO] [1789643186.536157213] [spawn_joint_state_broadcaster]: waiting for service /controller_manager/list_controllers to become available...
[planner_server-9] [INFO] [1789643186.788478102] [global_costmap.global_costmap]: start
[planner_server-9] [INFO] [1789643187.347541560] [planner_server]: Activating plugin GridBased of type NavfnPlanner
[planner_server-9] [INFO] [1789643187.361873160] [planner_server]: Creating bond (planner_server) to lifecycle manager.
[lifecycle_manager-13] [INFO] [1789643187.503437840] [lifecycle_manager_navigation]: Server planner_server connected with bond.
[lifecycle_manager-13] [INFO] [1789643187.503528733] [lifecycle_manager_navigation]: [34m[1mActivating behavior_server[0m[0m
[behavior_server-10] [INFO] [1789643187.506185966] [behavior_server]: Activating
[behavior_server-10] [INFO] [1789643187.506297631] [behavior_server]: Activating spin
[behavior_server-10] [INFO] [1789643187.506328505] [behavior_server]: Activating backup
[behavior_server-10] [INFO] [1789643187.506341145] [behavior_server]: Activating drive_on_heading
[behavior_server-10] [INFO] [1789643187.506352599] [behavior_server]: Activating wait
[behavior_server-10] [INFO] [1789643187.506369713] [behavior_server]: Creating bond (behavior_server) to lifecycle manager.
[lifecycle_manager-13] [INFO] [1789643187.629921476] [lifecycle_manager_navigation]: Server behavior_server connected with bond.
[lifecycle_manager-13] [INFO] [1789643187.635524340] [lifecycle_manager_navigation]: [34m[1mActivating bt_navigator[0m[0m
[bt_navigator-11] [INFO] [1789643187.637045493] [bt_navigator]: Activating
[gzserver-1] [INFO] [1789643187.928595083] [controller_manager]: Loading controller 'joint_state_broadcaster'
[spawner-15] [INFO] [1789643188.099669626] [spawn_joint_state_broadcaster]: [94mLoaded [1mjoint_state_broadcaster[0m
[gzserver-1] [INFO] [1789643188.149871330] [controller_manager]: Configuring controller 'joint_state_broadcaster'
[gzserver-1] [INFO] [1789643188.150483240] [joint_state_broadcaster]: 'joints' or 'interfaces' parameter is empty. All available state interfaces will be published
[bt_navigator-11] [INFO] [1789643188.427496009] [bt_navigator]: Creating bond (bt_navigator) to lifecycle manager.
[lifecycle_manager-13] [INFO] [1789643188.551078235] [lifecycle_manager_navigation]: Server bt_navigator connected with bond.
[lifecycle_manager-13] [INFO] [1789643188.551167140] [lifecycle_manager_navigation]: [34m[1mActivating waypoint_follower[0m[0m
[waypoint_follower-12] [INFO] [1789643188.551761636] [waypoint_follower]: Activating
[waypoint_follower-12] [INFO] [1789643188.551833130] [waypoint_follower]: Creating bond (waypoint_follower) to lifecycle manager.
[spawner-15] [INFO] [1789643188.606920662] [spawn_joint_state_broadcaster]: [92mConfigured and activated [1mjoint_state_broadcaster[0m
[lifecycle_manager-13] [INFO] [1789643188.687456896] [lifecycle_manager_navigation]: Server waypoint_follower connected with bond.
[lifecycle_manager-13] [INFO] [1789643188.689310754] [lifecycle_manager_navigation]: [34m[1mManaged nodes are active[0m[0m
[lifecycle_manager-13] [INFO] [1789643188.689333650] [lifecycle_manager_navigation]: [34m[1mCreating bond timer...[0m[0m
[INFO] [spawner-15]: process has finished cleanly [pid 180284]
[INFO] [spawner-16]: process started with pid [180327]
[spawner-16] [INFO] [1789643190.410256784] [spawn_steering_controller]: waiting for service /controller_manager/list_controllers to become available...
[gzserver-1] [INFO] [1789643190.938979216] [controller_manager]: Loading controller 'steering_controller'
[spawner-16] [INFO] [1789643191.206976595] [spawn_steering_controller]: [94mLoaded [1msteering_controller[0m
[gzserver-1] [INFO] [1789643191.221865859] [controller_manager]: Configuring controller 'steering_controller'
[gzserver-1] [INFO] [1789643191.231640317] [steering_controller]: configure successful
[gzserver-1] [INFO] [1789643191.288570595] [steering_controller]: activate successful
[spawner-16] [INFO] [1789643191.304543118] [spawn_steering_controller]: [92mConfigured and activated [1msteering_controller[0m
[INFO] [spawner-16]: process has finished cleanly [pid 180327]
[INFO] [spawner-17]: process started with pid [180379]
[spawner-17] [INFO] [1789643192.939613821] [spawn_drive_controller]: waiting for service /controller_manager/list_controllers to become available...
[gzserver-1] [INFO] [1789643193.208959009] [controller_manager]: Loading controller 'drive_controller'
[spawner-17] [INFO] [1789643193.690567794] [spawn_drive_controller]: [94mLoaded [1mdrive_controller[0m
[gzserver-1] [INFO] [1789643193.693362906] [controller_manager]: Configuring controller 'drive_controller'
[gzserver-1] [INFO] [1789643193.718717150] [drive_controller]: configure successful
[gzserver-1] [INFO] [1789643193.778129746] [drive_controller]: activate successful
[spawner-17] [INFO] [1789643193.810203747] [spawn_drive_controller]: [92mConfigured and activated [1mdrive_controller[0m
[INFO] [spawner-17]: process has finished cleanly [pid 180379]
[INFO] [swerve_controller_node-18]: process started with pid [180418]
[INFO] [swerve_odometry_node-19]: process started with pid [180420]
[swerve_odometry_node-19] [INFO] [1789643195.545631729] [swerve_odometry]: Encoder odometry ready: radius=0.0637 m, velocity_sign=+1.0
[swerve_controller_node-18] [INFO] [1789643195.603169539] [swerve_controller]: Swerve controller ready: radius=0.0675 m, modules={'front': (0.300042, 0.0), 'rear': (-0.300042, 0.0)}
[WARNING] [launch]: user interrupted with ctrl-c (SIGINT)
[INFO] [swerve_odometry_node-19]: sending signal 'SIGINT' to process[swerve_odometry_node-19]
[INFO] [swerve_controller_node-18]: sending signal 'SIGINT' to process[swerve_controller_node-18]
[INFO] [lifecycle_manager-13]: sending signal 'SIGINT' to process[lifecycle_manager-13]
[INFO] [waypoint_follower-12]: sending signal 'SIGINT' to process[waypoint_follower-12]
[INFO] [bt_navigator-11]: sending signal 'SIGINT' to process[bt_navigator-11]
[INFO] [behavior_server-10]: sending signal 'SIGINT' to process[behavior_server-10]
[INFO] [planner_server-9]: sending signal 'SIGINT' to process[planner_server-9]
[INFO] [controller_server-8]: sending signal 'SIGINT' to process[controller_server-8]
[INFO] [map_server-7]: sending signal 'SIGINT' to process[map_server-7]
[INFO] [ekf_node-6]: sending signal 'SIGINT' to process[ekf_node-6]
[INFO] [v30e_sim_node-5]: sending signal 'SIGINT' to process[v30e_sim_node-5]
[INFO] [ekf_node-4]: sending signal 'SIGINT' to process[ekf_node-4]
[INFO] [robot_state_publisher-2]: sending signal 'SIGINT' to process[robot_state_publisher-2]
[ERROR] [ekf_node-6]: process has died [pid 179768, exit code -2, cmd '/opt/ros/humble/lib/robot_localization/ekf_node --ros-args -r __node:=ekf_v30e --params-file /home/yahboom/swerve_bringup/install/swerve_bringup/share/swerve_bringup/config/v30e_localization_ekf.yaml --params-file /tmp/launch_params_fzj1clpz -r odometry/filtered:=/odometry/v30e'].
[INFO] [gzserver-1]: sending signal 'SIGINT' to process[gzserver-1]
[controller_server-8] [INFO] [1789643252.056524364] [rclcpp]: signal_handler(signum=2)
[controller_server-8] [INFO] [1789643252.056912639] [controller_server]: Running Nav2 LifecycleNode rcl preshutdown (controller_server)
[controller_server-8] [INFO] [1789643252.057006541] [controller_server]: Deactivating
[controller_server-8] [INFO] [1789643252.057068667] [local_costmap.local_costmap]: Deactivating
[ERROR] [ekf_node-4]: process has died [pid 179764, exit code -2, cmd '/opt/ros/humble/lib/robot_localization/ekf_node --ros-args -r __node:=ekf_filter_node --params-file /home/yahboom/swerve_bringup/install/swerve_bringup/share/swerve_bringup/config/ekf.yaml --params-file /tmp/launch_params_ptpciidv -r /odom:=/odom -r /imu/data:=/imu/data'].
[map_server-7] [INFO] [1789643252.056597874] [rclcpp]: signal_handler(signum=2)
[map_server-7] [INFO] [1789643252.056742148] [map_server]: Running Nav2 LifecycleNode rcl preshutdown (map_server)
[map_server-7] [INFO] [1789643252.056839325] [map_server]: Deactivating
[map_server-7] [INFO] [1789643252.056874153] [map_server]: Destroying bond (map_server) to lifecycle manager.
[ekf_node-6] [INFO] [1789643252.057122610] [rclcpp]: signal_handler(signum=2)
[lifecycle_manager-13] [INFO] [1789643252.058689949] [rclcpp]: signal_handler(signum=2)
[lifecycle_manager-13] [INFO] [1789643252.059928872] [lifecycle_manager_navigation]: Running Nav2 LifecycleManager rcl preshutdown (lifecycle_manager_navigation)
[lifecycle_manager-13] [INFO] [1789643252.059980625] [lifecycle_manager_navigation]: [34m[1mTerminating bond timer...[0m[0m
[waypoint_follower-12] [INFO] [1789643252.058969762] [rclcpp]: signal_handler(signum=2)
[waypoint_follower-12] [INFO] [1789643252.067172235] [waypoint_follower]: Running Nav2 LifecycleNode rcl preshutdown (waypoint_follower)
[waypoint_follower-12] [INFO] [1789643252.067243269] [waypoint_follower]: Deactivating
[waypoint_follower-12] [INFO] [1789643252.067270906] [waypoint_follower]: Destroying bond (waypoint_follower) to lifecycle manager.
[behavior_server-10] [INFO] [1789643252.059427025] [rclcpp]: signal_handler(signum=2)
[behavior_server-10] [INFO] [1789643252.060123418] [behavior_server]: Running Nav2 LifecycleNode rcl preshutdown (behavior_server)
[behavior_server-10] [INFO] [1789643252.060201146] [behavior_server]: Deactivating
[behavior_server-10] [INFO] [1789643252.060243352] [behavior_server]: Destroying bond (behavior_server) to lifecycle manager.
[robot_state_publisher-2] [INFO] [1789643252.059729592] [rclcpp]: signal_handler(signum=2)
[ekf_node-4] [INFO] [1789643252.060158973] [rclcpp]: signal_handler(signum=2)
[planner_server-9] [INFO] [1789643252.060779649] [rclcpp]: signal_handler(signum=2)
[planner_server-9] [INFO] [1789643252.060897037] [planner_server]: Running Nav2 LifecycleNode rcl preshutdown (planner_server)
[planner_server-9] [INFO] [1789643252.060967307] [planner_server]: Deactivating
[planner_server-9] [INFO] [1789643252.061010175] [global_costmap.global_costmap]: Deactivating
[bt_navigator-11] [INFO] [1789643252.065114256] [rclcpp]: signal_handler(signum=2)
[bt_navigator-11] [INFO] [1789643252.065255947] [bt_navigator]: Running Nav2 LifecycleNode rcl preshutdown (bt_navigator)
[bt_navigator-11] [INFO] [1789643252.065332638] [bt_navigator]: Deactivating
[bt_navigator-11] [INFO] [1789643252.065368223] [bt_navigator]: Destroying bond (bt_navigator) to lifecycle manager.
[map_server-7] [INFO] [1789643252.089662104] [map_server]: Cleaning up
[swerve_controller_node-18] Traceback (most recent call last):
[swerve_controller_node-18]   File "/home/yahboom/swerve_bringup/install/swerve_bringup/lib/swerve_bringup/swerve_controller_node", line 192, in <module>
[swerve_controller_node-18]     main()
[swerve_controller_node-18]   File "/home/yahboom/swerve_bringup/install/swerve_bringup/lib/swerve_bringup/swerve_controller_node", line 184, in main
[swerve_controller_node-18]     node.steer_pub.publish(Float64MultiArray(data=[
[swerve_controller_node-18]   File "/opt/ros/humble/local/lib/python3.10/dist-packages/rclpy/publisher.py", line 70, in publish
[swerve_controller_node-18]     self.__publisher.publish(msg)
[swerve_controller_node-18] rclpy._rclpy_pybind11.RCLError: Failed to publish: publisher's context is invalid, at ./src/rcl/publisher.c:389
[swerve_controller_node-18] Error in sys.excepthook:
[swerve_controller_node-18] Traceback (most recent call last):
[swerve_controller_node-18]   File "/usr/lib/python3/dist-packages/apport_python_hook.py", line 72, in apport_excepthook
[swerve_controller_node-18]     from apport.fileutils import likely_packaged, get_recent_crashes
[swerve_controller_node-18]   File "/usr/lib/python3/dist-packages/apport/__init__.py", line 5, in <module>
[swerve_controller_node-18]     from apport.report import Report
[swerve_controller_node-18]   File "/usr/lib/python3/dist-packages/apport/report.py", line 15, in <module>
[swerve_controller_node-18]     import xml.dom, xml.dom.minidom
[swerve_controller_node-18]   File "<frozen importlib._bootstrap>", line 1024, in _find_and_load
[swerve_controller_node-18]   File "<frozen importlib._bootstrap>", line 173, in __exit__
[swerve_controller_node-18] KeyboardInterrupt
[swerve_controller_node-18] 
[swerve_controller_node-18] Original exception was:
[swerve_controller_node-18] Traceback (most recent call last):
[swerve_controller_node-18]   File "/home/yahboom/swerve_bringup/install/swerve_bringup/lib/swerve_bringup/swerve_controller_node", line 192, in <module>
[swerve_controller_node-18]     main()
[swerve_controller_node-18]   File "/home/yahboom/swerve_bringup/install/swerve_bringup/lib/swerve_bringup/swerve_controller_node", line 184, in main
[swerve_controller_node-18]     node.steer_pub.publish(Float64MultiArray(data=[
[swerve_controller_node-18]   File "/opt/ros/humble/local/lib/python3.10/dist-packages/rclpy/publisher.py", line 70, in publish
[swerve_controller_node-18]     self.__publisher.publish(msg)
[swerve_controller_node-18] rclpy._rclpy_pybind11.RCLError: Failed to publish: publisher's context is invalid, at ./src/rcl/publisher.c:389
[lifecycle_manager-13] [INFO] [1789643252.093616439] [rclcpp]: signal_handler(signum=2)
[map_server-7] [INFO] [1789643252.094621719] [map_server]: Destroying bond (map_server) to lifecycle manager.
[waypoint_follower-12] [INFO] [1789643252.101848653] [rclcpp]: signal_handler(signum=2)
[waypoint_follower-12] [INFO] [1789643252.103586715] [waypoint_follower]: Cleaning up
[controller_server-8] [INFO] [1789643252.109529122] [controller_server]: Destroying bond (controller_server) to lifecycle manager.
[bt_navigator-11] [INFO] [1789643252.114221018] [rclcpp]: signal_handler(signum=2)
[swerve_odometry_node-19] Traceback (most recent call last):
[swerve_odometry_node-19]   File "/home/yahboom/swerve_bringup/install/swerve_bringup/lib/swerve_bringup/swerve_odometry_node", line 221, in <module>
[swerve_odometry_node-19]     main()
[swerve_odometry_node-19]   File "/home/yahboom/swerve_bringup/install/swerve_bringup/lib/swerve_bringup/swerve_odometry_node", line 215, in main
[swerve_odometry_node-19]     node.destroy_node()
[swerve_odometry_node-19]   File "/opt/ros/humble/local/lib/python3.10/dist-packages/rclpy/node.py", line 1685, in destroy_node
[swerve_odometry_node-19]     self.destroy_publisher(self._publishers[0])
[swerve_odometry_node-19]   File "/opt/ros/humble/local/lib/python3.10/dist-packages/rclpy/node.py", line 1565, in destroy_publisher
[swerve_odometry_node-19]     publisher.destroy()
[swerve_odometry_node-19]   File "/opt/ros/humble/local/lib/python3.10/dist-packages/rclpy/publisher.py", line 99, in destroy
[swerve_odometry_node-19]     self.__publisher.destroy_when_not_in_use()
[swerve_odometry_node-19] KeyboardInterrupt
[behavior_server-10] [INFO] [1789643252.121246928] [behavior_server]: Cleaning up
[behavior_server-10] [INFO] [1789643252.125663699] [rclcpp]: signal_handler(signum=2)
[planner_server-9] [INFO] [1789643252.131623102] [rclcpp]: signal_handler(signum=2)
[bt_navigator-11] [INFO] [1789643252.137952138] [bt_navigator]: Cleaning up
[controller_server-8] [INFO] [1789643252.140588088] [rclcpp]: signal_handler(signum=2)
[map_server-7] [INFO] [1789643252.158197317] [rclcpp]: signal_handler(signum=2)
[controller_server-8] [INFO] [1789643252.171926040] [controller_server]: Cleaning up
[controller_server-8] [INFO] [1789643252.172175305] [local_costmap.local_costmap]: Cleaning up
[v30e_sim_node-5] Traceback (most recent call last):
[v30e_sim_node-5]   File "/home/yahboom/swerve_bringup/install/swerve_bringup/lib/swerve_bringup/v30e_sim_node", line 188, in <module>
[v30e_sim_node-5]     if __name__ == '__main__': main()
[v30e_sim_node-5]   File "/home/yahboom/swerve_bringup/install/swerve_bringup/lib/swerve_bringup/v30e_sim_node", line 185, in main
[v30e_sim_node-5]     node.destroy_node(); rclpy.shutdown()
[v30e_sim_node-5]   File "/opt/ros/humble/local/lib/python3.10/dist-packages/rclpy/node.py", line 1691, in destroy_node
[v30e_sim_node-5]     self.destroy_service(self._services[0])
[v30e_sim_node-5]   File "/opt/ros/humble/local/lib/python3.10/dist-packages/rclpy/node.py", line 1615, in destroy_service
[v30e_sim_node-5]     service.destroy()
[v30e_sim_node-5]   File "/opt/ros/humble/local/lib/python3.10/dist-packages/rclpy/service.py", line 93, in destroy
[v30e_sim_node-5]     self.__service.destroy_when_not_in_use()
[v30e_sim_node-5] KeyboardInterrupt
[robot_state_publisher-2] [INFO] [1789643252.213375225] [rclcpp]: signal_handler(signum=2)
[map_server-7] [INFO] [1789643252.268472277] [map_server]: Destroying
[planner_server-9] [INFO] [1789643252.294272980] [planner_server]: Deactivating plugin GridBased of type NavfnPlanner
[planner_server-9] [INFO] [1789643252.294334115] [planner_server]: Destroying bond (planner_server) to lifecycle manager.
[waypoint_follower-12] [INFO] [1789643252.298416725] [waypoint_follower]: Destroying bond (waypoint_follower) to lifecycle manager.
[waypoint_follower-12] [INFO] [1789643252.313706711] [waypoint_follower]: Destroying
[planner_server-9] [INFO] [1789643252.324075523] [planner_server]: Cleaning up
[ERROR] [swerve_odometry_node-19]: process has died [pid 180420, exit code -2, cmd '/home/yahboom/swerve_bringup/install/swerve_bringup/lib/swerve_bringup/swerve_odometry_node --ros-args -r __node:=swerve_odometry --params-file /home/yahboom/swerve_bringup/install/swerve_bringup/share/swerve_bringup/config/swerve_odometry.yaml --params-file /tmp/launch_params_117dqhdu'].
[behavior_server-10] [INFO] [1789643252.451630525] [behavior_server]: Destroying bond (behavior_server) to lifecycle manager.
[planner_server-9] [INFO] [1789643252.501879141] [global_costmap.global_costmap]: Cleaning up
[lifecycle_manager-13] [INFO] [1789643252.502632059] [lifecycle_manager_navigation]: Destroying lifecycle_manager_navigation
[controller_server-8] [INFO] [1789643252.515772206] [controller_server]: Destroying bond (controller_server) to lifecycle manager.
[controller_server-8] [INFO] [1789643252.521651225] [local_costmap.local_costmap]: Destroying
[ERROR] [v30e_sim_node-5]: process has died [pid 179766, exit code -2, cmd '/home/yahboom/swerve_bringup/install/swerve_bringup/lib/swerve_bringup/v30e_sim_node --ros-args -r __node:=v30e_sim_node --params-file /home/yahboom/swerve_bringup/install/swerve_bringup/share/swerve_bringup/config/v30e_sim.yaml --params-file /tmp/launch_params_n3ibvujg'].
[planner_server-9] [INFO] [1789643252.530276601] [planner_server]: Cleaning up plugin GridBased of type NavfnPlanner
[planner_server-9] [INFO] [1789643252.530455634] [planner_server]: Destroying plugin GridBased of type NavfnPlanner
[ERROR] [swerve_controller_node-18]: process has died [pid 180418, exit code 1, cmd '/home/yahboom/swerve_bringup/install/swerve_bringup/lib/swerve_bringup/swerve_controller_node --ros-args -r __node:=swerve_controller --params-file /home/yahboom/swerve_bringup/install/swerve_bringup/share/swerve_bringup/config/swerve_controller.yaml --params-file /tmp/launch_params_d9xfjnc2'].
[INFO] [map_server-7]: process has finished cleanly [pid 179770]
[planner_server-9] [INFO] [1789643252.573304020] [planner_server]: Destroying bond (planner_server) to lifecycle manager.
[INFO] [robot_state_publisher-2]: process has finished cleanly [pid 179760]
[behavior_server-10] [INFO] [1789643252.574637885] [behavior_server]: Destroying
[controller_server-8] [INFO] [1789643252.576877794] [controller_server]: Destroying
[planner_server-9] [INFO] [1789643252.583694345] [global_costmap.global_costmap]: Destroying
[INFO] [waypoint_follower-12]: process has finished cleanly [pid 179789]
[planner_server-9] [INFO] [1789643252.615769770] [planner_server]: Destroying
[INFO] [lifecycle_manager-13]: process has finished cleanly [pid 179801]
[bt_navigator-11] [INFO] [1789643252.700847859] [bt_navigator]: Completed Cleaning up
[bt_navigator-11] [INFO] [1789643252.700948515] [bt_navigator]: Destroying bond (bt_navigator) to lifecycle manager.
[bt_navigator-11] [INFO] [1789643252.710113647] [bt_navigator]: Destroying
[INFO] [behavior_server-10]: process has finished cleanly [pid 179777]
[INFO] [controller_server-8]: process has finished cleanly [pid 179772]
[INFO] [planner_server-9]: process has finished cleanly [pid 179775]
[INFO] [bt_navigator-11]: process has finished cleanly [pid 179786]
[INFO] [gzserver-1]: process has finished cleanly [pid 179758]
