[INFO] [launch]: All log files can be found below /home/yahboom/.ros/log/2026-09-17-22-59-01-554351-yahboom-virtual-machine-218702
[INFO] [launch]: Default logging verbosity is set to INFO
[INFO] [launch.user]: CONTACT_DIAGNOSTICS=true
[INFO] [gzserver-1]: process started with pid [218715]
[INFO] [robot_state_publisher-2]: process started with pid [218717]
[INFO] [spawn_entity.py-3]: process started with pid [218719]
[INFO] [ekf_node-4]: process started with pid [218721]
[INFO] [v30e_sim_node-5]: process started with pid [218723]
[INFO] [ekf_node-6]: process started with pid [218725]
[INFO] [map_server-7]: process started with pid [218727]
[INFO] [controller_server-8]: process started with pid [218729]
[INFO] [planner_server-9]: process started with pid [218732]
[INFO] [behavior_server-10]: process started with pid [218745]
[INFO] [bt_navigator-11]: process started with pid [218752]
[INFO] [waypoint_follower-12]: process started with pid [218755]
[INFO] [lifecycle_manager-13]: process started with pid [218762]
[INFO] [swerve_bridge_node-14]: process started with pid [218769]
[lifecycle_manager-13] [INFO] [1789657144.859029390] [lifecycle_manager_navigation]: Creating
[controller_server-8] [INFO] [1789657144.890042226] [controller_server]: 
[controller_server-8] 	controller_server lifecycle node launched. 
[controller_server-8] 	Waiting on external lifecycle transitions to activate
[controller_server-8] 	See https://design.ros2.org/articles/node_lifecycle.html for more information.
[controller_server-8] [INFO] [1789657144.912153350] [controller_server]: Creating controller server
[planner_server-9] [INFO] [1789657144.940351723] [planner_server]: 
[planner_server-9] 	planner_server lifecycle node launched. 
[planner_server-9] 	Waiting on external lifecycle transitions to activate
[planner_server-9] 	See https://design.ros2.org/articles/node_lifecycle.html for more information.
[planner_server-9] [INFO] [1789657144.960112135] [planner_server]: Creating
[behavior_server-10] [INFO] [1789657144.944187799] [behavior_server]: 
[behavior_server-10] 	behavior_server lifecycle node launched. 
[behavior_server-10] 	Waiting on external lifecycle transitions to activate
[behavior_server-10] 	See https://design.ros2.org/articles/node_lifecycle.html for more information.
[lifecycle_manager-13] [INFO] [1789657144.950258131] [lifecycle_manager_navigation]: [34m[1mCreating and initializing lifecycle service clients[0m[0m
[robot_state_publisher-2] [INFO] [1789657145.082832409] [robot_state_publisher]: got segment base_footprint
[robot_state_publisher-2] [INFO] [1789657145.083009740] [robot_state_publisher]: got segment base_link
[robot_state_publisher-2] [INFO] [1789657145.083023954] [robot_state_publisher]: got segment imu_link
[robot_state_publisher-2] [INFO] [1789657145.083032301] [robot_state_publisher]: got segment lidar_link
[robot_state_publisher-2] [INFO] [1789657145.083039745] [robot_state_publisher]: got segment steer_front_link
[robot_state_publisher-2] [INFO] [1789657145.083047320] [robot_state_publisher]: got segment steer_rear_link
[robot_state_publisher-2] [INFO] [1789657145.083054260] [robot_state_publisher]: got segment v30e_link
[robot_state_publisher-2] [INFO] [1789657145.083060724] [robot_state_publisher]: got segment wheel_front_drive_link
[robot_state_publisher-2] [INFO] [1789657145.083067679] [robot_state_publisher]: got segment wheel_front_left_fork_link
[robot_state_publisher-2] [INFO] [1789657145.083074221] [robot_state_publisher]: got segment wheel_front_left_link
[robot_state_publisher-2] [INFO] [1789657145.083080741] [robot_state_publisher]: got segment wheel_front_right_fork_link
[robot_state_publisher-2] [INFO] [1789657145.083087367] [robot_state_publisher]: got segment wheel_front_right_link
[robot_state_publisher-2] [INFO] [1789657145.083094311] [robot_state_publisher]: got segment wheel_rear_drive_link
[robot_state_publisher-2] [INFO] [1789657145.083100993] [robot_state_publisher]: got segment wheel_rear_left_fork_link
[robot_state_publisher-2] [INFO] [1789657145.083107681] [robot_state_publisher]: got segment wheel_rear_left_link
[robot_state_publisher-2] [INFO] [1789657145.083114534] [robot_state_publisher]: got segment wheel_rear_right_fork_link
[robot_state_publisher-2] [INFO] [1789657145.083120885] [robot_state_publisher]: got segment wheel_rear_right_link
[waypoint_follower-12] [INFO] [1789657145.112066345] [waypoint_follower]: 
[waypoint_follower-12] 	waypoint_follower lifecycle node launched. 
[waypoint_follower-12] 	Waiting on external lifecycle transitions to activate
[waypoint_follower-12] 	See https://design.ros2.org/articles/node_lifecycle.html for more information.
[waypoint_follower-12] [INFO] [1789657145.112616523] [waypoint_follower]: Creating
[bt_navigator-11] [INFO] [1789657145.187191383] [bt_navigator]: 
[bt_navigator-11] 	bt_navigator lifecycle node launched. 
[bt_navigator-11] 	Waiting on external lifecycle transitions to activate
[bt_navigator-11] 	See https://design.ros2.org/articles/node_lifecycle.html for more information.
[bt_navigator-11] [INFO] [1789657145.188249925] [bt_navigator]: Creating
[map_server-7] [INFO] [1789657145.193924330] [map_server]: 
[map_server-7] 	map_server lifecycle node launched. 
[map_server-7] 	Waiting on external lifecycle transitions to activate
[map_server-7] 	See https://design.ros2.org/articles/node_lifecycle.html for more information.
[map_server-7] [INFO] [1789657145.194115656] [map_server]: Creating
[controller_server-8] [INFO] [1789657145.277411529] [local_costmap.local_costmap]: 
[controller_server-8] 	local_costmap lifecycle node launched. 
[controller_server-8] 	Waiting on external lifecycle transitions to activate
[controller_server-8] 	See https://design.ros2.org/articles/node_lifecycle.html for more information.
[controller_server-8] [INFO] [1789657145.278010211] [local_costmap.local_costmap]: Creating Costmap
[planner_server-9] [INFO] [1789657145.526813623] [global_costmap.global_costmap]: 
[planner_server-9] 	global_costmap lifecycle node launched. 
[planner_server-9] 	Waiting on external lifecycle transitions to activate
[planner_server-9] 	See https://design.ros2.org/articles/node_lifecycle.html for more information.
[planner_server-9] [INFO] [1789657145.531149556] [global_costmap.global_costmap]: Creating Costmap
[lifecycle_manager-13] [INFO] [1789657145.763334043] [lifecycle_manager_navigation]: [34m[1mStarting managed nodes bringup...[0m[0m
[lifecycle_manager-13] [INFO] [1789657145.769448988] [lifecycle_manager_navigation]: [34m[1mConfiguring map_server[0m[0m
[map_server-7] [INFO] [1789657145.777179247] [map_server]: Configuring
[map_server-7] [INFO] [1789657145.777323278] [map_io]: Loading yaml file: /home/yahboom/swerve_bringup/install/swerve_bringup/share/swerve_bringup/swerve_navigation/maps/warehouse.yaml
[map_server-7] [INFO] [1789657145.777694858] [map_io]: resolution: 0.05
[map_server-7] [INFO] [1789657145.777712608] [map_io]: origin[0]: -17.2
[map_server-7] [INFO] [1789657145.777719280] [map_io]: origin[1]: -17.4
[map_server-7] [INFO] [1789657145.777724978] [map_io]: origin[2]: 0
[map_server-7] [INFO] [1789657145.777730517] [map_io]: free_thresh: 0.25
[map_server-7] [INFO] [1789657145.777736230] [map_io]: occupied_thresh: 0.65
[map_server-7] [INFO] [1789657145.777744311] [map_io]: mode: trinary
[map_server-7] [INFO] [1789657145.777751764] [map_io]: negate: 0
[map_server-7] [INFO] [1789657145.778012994] [map_io]: Loading image_file: /home/yahboom/swerve_bringup/install/swerve_bringup/share/swerve_bringup/swerve_navigation/maps/warehouse.pgm
[map_server-7] [INFO] [1789657146.014303496] [map_io]: Read map /home/yahboom/swerve_bringup/install/swerve_bringup/share/swerve_bringup/swerve_navigation/maps/warehouse.pgm: 676 X 680 map @ 0.05 m/cell
[lifecycle_manager-13] [INFO] [1789657146.158167617] [lifecycle_manager_navigation]: [34m[1mConfiguring controller_server[0m[0m
[controller_server-8] [INFO] [1789657146.164897074] [controller_server]: Configuring controller interface
[controller_server-8] [INFO] [1789657146.170343255] [controller_server]: getting goal checker plugins..
[controller_server-8] [INFO] [1789657146.170463874] [controller_server]: Controller frequency set to 10.0000Hz
[controller_server-8] [INFO] [1789657146.170506526] [local_costmap.local_costmap]: Configuring
[controller_server-8] [INFO] [1789657146.219952992] [local_costmap.local_costmap]: Using plugin "voxel_layer"
[controller_server-8] [INFO] [1789657146.245272832] [local_costmap.local_costmap]: Subscribed to Topics: lidar3d scan
[controller_server-8] [INFO] [1789657146.359179728] [local_costmap.local_costmap]: Initialized plugin "voxel_layer"
[controller_server-8] [INFO] [1789657146.359243639] [local_costmap.local_costmap]: Using plugin "inflation_layer"
[controller_server-8] [INFO] [1789657146.366008866] [local_costmap.local_costmap]: Initialized plugin "inflation_layer"
[spawn_entity.py-3] [INFO] [1789657146.703727663] [spawn_swerve]: Spawn Entity started
[spawn_entity.py-3] [INFO] [1789657146.704186145] [spawn_swerve]: Loading entity published on topic robot_description
[spawn_entity.py-3] [INFO] [1789657146.778660073] [spawn_swerve]: Waiting for entity xml on robot_description
[spawn_entity.py-3] [INFO] [1789657146.807960257] [spawn_swerve]: Waiting for service /spawn_entity, timeout = 30
[spawn_entity.py-3] [INFO] [1789657146.811366880] [spawn_swerve]: Waiting for service /spawn_entity
[controller_server-8] [INFO] [1789657146.921325575] [controller_server]: Created progress_checker : progress_checker of type nav2_controller::SimpleProgressChecker
[controller_server-8] [INFO] [1789657146.922794320] [controller_server]: Created goal checker : general_goal_checker of type nav2_controller::SimpleGoalChecker
[v30e_sim_node-5] [INFO] [1789657146.921547313] [v30e_sim_node]: Using Gazebo /get_entity_state internally; odometry is not a V30E measurement input
[controller_server-8] [INFO] [1789657146.925779309] [controller_server]: Controller Server has general_goal_checker  goal checkers available.
[controller_server-8] [INFO] [1789657146.930105461] [controller_server]: Created controller : FollowPath of type dwb_core::DWBLocalPlanner
[controller_server-8] [INFO] [1789657146.933317330] [controller_server]: Setting transform_tolerance to 0.200000
[controller_server-8] [INFO] [1789657147.037154997] [controller_server]: Using critic "RotateToGoal" (dwb_critics::RotateToGoalCritic)
[controller_server-8] [INFO] [1789657147.037587156] [controller_server]: Critic plugin initialized
[controller_server-8] [INFO] [1789657147.041703237] [controller_server]: Using critic "Oscillation" (dwb_critics::OscillationCritic)
[controller_server-8] [INFO] [1789657147.059148513] [controller_server]: Critic plugin initialized
[controller_server-8] [INFO] [1789657147.059249187] [controller_server]: Using critic "BaseObstacle" (dwb_critics::BaseObstacleCritic)
[controller_server-8] [INFO] [1789657147.059342265] [controller_server]: Critic plugin initialized
[controller_server-8] [INFO] [1789657147.059395428] [controller_server]: Using critic "GoalAlign" (dwb_critics::GoalAlignCritic)
[controller_server-8] [INFO] [1789657147.059964859] [controller_server]: Critic plugin initialized
[controller_server-8] [INFO] [1789657147.060046186] [controller_server]: Using critic "PathAlign" (dwb_critics::PathAlignCritic)
[controller_server-8] [INFO] [1789657147.060509999] [controller_server]: Critic plugin initialized
[controller_server-8] [INFO] [1789657147.060603684] [controller_server]: Using critic "PathDist" (dwb_critics::PathDistCritic)
[controller_server-8] [INFO] [1789657147.063488409] [controller_server]: Critic plugin initialized
[controller_server-8] [INFO] [1789657147.065120696] [controller_server]: Using critic "GoalDist" (dwb_critics::GoalDistCritic)
[controller_server-8] [INFO] [1789657147.065605530] [controller_server]: Critic plugin initialized
[controller_server-8] [INFO] [1789657147.065637780] [controller_server]: Controller Server has FollowPath  controllers available.
[lifecycle_manager-13] [INFO] [1789657147.120720935] [lifecycle_manager_navigation]: [34m[1mConfiguring planner_server[0m[0m
[planner_server-9] [INFO] [1789657147.121076178] [planner_server]: Configuring
[planner_server-9] [INFO] [1789657147.121128477] [global_costmap.global_costmap]: Configuring
[swerve_bridge_node-14] [WARN] [1789657147.164224407] [swerve_bridge]: Django websocket disconnected: [Errno 111] Connection refused
[planner_server-9] [INFO] [1789657147.187836742] [global_costmap.global_costmap]: Using plugin "static_layer"
[planner_server-9] [INFO] [1789657147.195166776] [global_costmap.global_costmap]: Subscribing to the map topic (/map) with transient local durability
[planner_server-9] [INFO] [1789657147.206921710] [global_costmap.global_costmap]: Initialized plugin "static_layer"
[planner_server-9] [INFO] [1789657147.206977333] [global_costmap.global_costmap]: Using plugin "obstacle_layer"
[planner_server-9] [INFO] [1789657147.215983305] [global_costmap.global_costmap]: Subscribed to Topics: scan
[planner_server-9] [INFO] [1789657147.254016778] [global_costmap.global_costmap]: Initialized plugin "obstacle_layer"
[planner_server-9] [INFO] [1789657147.254103181] [global_costmap.global_costmap]: Using plugin "inflation_layer"
[planner_server-9] [INFO] [1789657147.260025062] [global_costmap.global_costmap]: Initialized plugin "inflation_layer"
[planner_server-9] [INFO] [1789657147.334280244] [planner_server]: Created global planner plugin GridBased of type nav2_navfn_planner/NavfnPlanner
[planner_server-9] [INFO] [1789657147.334349250] [planner_server]: Configuring plugin GridBased of type NavfnPlanner
[planner_server-9] [INFO] [1789657147.335703903] [planner_server]: Planner Server has GridBased  planners available.
[lifecycle_manager-13] [INFO] [1789657147.391116783] [lifecycle_manager_navigation]: [34m[1mConfiguring behavior_server[0m[0m
[behavior_server-10] [INFO] [1789657147.391624316] [behavior_server]: Configuring
[behavior_server-10] [INFO] [1789657147.473336796] [behavior_server]: Creating behavior plugin spin of type nav2_behaviors/Spin
[behavior_server-10] [INFO] [1789657147.477379749] [behavior_server]: Configuring spin
[behavior_server-10] [INFO] [1789657147.524065321] [behavior_server]: Creating behavior plugin backup of type nav2_behaviors/BackUp
[behavior_server-10] [INFO] [1789657147.525190481] [behavior_server]: Configuring backup
[behavior_server-10] [INFO] [1789657147.563838214] [behavior_server]: Creating behavior plugin drive_on_heading of type nav2_behaviors/DriveOnHeading
[behavior_server-10] [INFO] [1789657147.568667413] [behavior_server]: Configuring drive_on_heading
[behavior_server-10] [INFO] [1789657147.622565576] [behavior_server]: Creating behavior plugin wait of type nav2_behaviors/Wait
[behavior_server-10] [INFO] [1789657147.623393604] [behavior_server]: Configuring wait
[lifecycle_manager-13] [INFO] [1789657147.661716549] [lifecycle_manager_navigation]: [34m[1mConfiguring bt_navigator[0m[0m
[bt_navigator-11] [INFO] [1789657147.662161628] [bt_navigator]: Configuring
[lifecycle_manager-13] [INFO] [1789657148.204154276] [lifecycle_manager_navigation]: [34m[1mConfiguring waypoint_follower[0m[0m
[waypoint_follower-12] [INFO] [1789657148.212943416] [waypoint_follower]: Configuring
[waypoint_follower-12] [INFO] [1789657148.470149989] [waypoint_follower]: Created waypoint_task_executor : wait_at_waypoint of type nav2_waypoint_follower::WaitAtWaypoint
[waypoint_follower-12] [INFO] [1789657148.471845539] [waypoint_follower]: Waypoint pause duration is set to zero, disabling task executor plugin.
[lifecycle_manager-13] [INFO] [1789657148.496797347] [lifecycle_manager_navigation]: [34m[1mActivating map_server[0m[0m
[map_server-7] [INFO] [1789657148.497836758] [map_server]: Activating
[map_server-7] [INFO] [1789657148.498722772] [map_server]: Creating bond (map_server) to lifecycle manager.
[planner_server-9] [INFO] [1789657148.502121217] [global_costmap.global_costmap]: StaticLayer: Resizing costmap to 676 X 680 at 0.050000 m/pix
[lifecycle_manager-13] [INFO] [1789657148.626365747] [lifecycle_manager_navigation]: Server map_server connected with bond.
[lifecycle_manager-13] [INFO] [1789657148.626438564] [lifecycle_manager_navigation]: [34m[1mActivating controller_server[0m[0m
[controller_server-8] [INFO] [1789657148.627120598] [controller_server]: Activating
[controller_server-8] [INFO] [1789657148.627183691] [local_costmap.local_costmap]: Activating
[controller_server-8] [INFO] [1789657148.627202786] [local_costmap.local_costmap]: Checking transform
[controller_server-8] [INFO] [1789657148.627240129] [local_costmap.local_costmap]: Timed out waiting for transform from base_footprint to odom to become available, tf error: Invalid frame ID "odom" passed to canTransform argument target_frame - frame does not exist
[controller_server-8] [INFO] [1789657149.128434368] [local_costmap.local_costmap]: Timed out waiting for transform from base_footprint to odom to become available, tf error: Invalid frame ID "odom" passed to canTransform argument target_frame - frame does not exist
[swerve_bridge_node-14] [WARN] [1789657149.167892814] [swerve_bridge]: Django websocket disconnected: [Errno 111] Connection refused
[controller_server-8] [INFO] [1789657149.627355928] [local_costmap.local_costmap]: Timed out waiting for transform from base_footprint to odom to become available, tf error: Invalid frame ID "odom" passed to canTransform argument target_frame - frame does not exist
[controller_server-8] [INFO] [1789657150.129502434] [local_costmap.local_costmap]: Timed out waiting for transform from base_footprint to odom to become available, tf error: Invalid frame ID "odom" passed to canTransform argument target_frame - frame does not exist
[controller_server-8] [INFO] [1789657150.631115836] [local_costmap.local_costmap]: Timed out waiting for transform from base_footprint to odom to become available, tf error: Invalid frame ID "odom" passed to canTransform argument target_frame - frame does not exist
[controller_server-8] [INFO] [1789657151.128512933] [local_costmap.local_costmap]: Timed out waiting for transform from base_footprint to odom to become available, tf error: Invalid frame ID "odom" passed to canTransform argument target_frame - frame does not exist
[swerve_bridge_node-14] [WARN] [1789657151.170337359] [swerve_bridge]: Django websocket disconnected: [Errno 111] Connection refused
[controller_server-8] [INFO] [1789657151.630327312] [local_costmap.local_costmap]: Timed out waiting for transform from base_footprint to odom to become available, tf error: Invalid frame ID "odom" passed to canTransform argument target_frame - frame does not exist
[controller_server-8] [INFO] [1789657152.128072424] [local_costmap.local_costmap]: Timed out waiting for transform from base_footprint to odom to become available, tf error: Invalid frame ID "odom" passed to canTransform argument target_frame - frame does not exist
[spawn_entity.py-3] [INFO] [1789657152.405016434] [spawn_swerve]: Calling service /spawn_entity
[gzserver-1] [INFO] [1789657152.493070970] [gazebo_ros_state]: Publishing states of gazebo models at [/model_states]
[gzserver-1] [INFO] [1789657152.508195582] [gazebo_ros_state]: Publishing states of gazebo links at [/link_states]
[controller_server-8] [INFO] [1789657152.627356895] [local_costmap.local_costmap]: Timed out waiting for transform from base_footprint to odom to become available, tf error: Invalid frame ID "odom" passed to canTransform argument target_frame - frame does not exist
[gzserver-1] [ERROR] [1789657152.662019628] [gazebo_ros_state]: GetEntityState: entity [swerve_base] does not exist
[v30e_sim_node-5] [WARN] [1789657152.667700343] [v30e_sim_node]: get_entity_state failed: entity not available
[gzserver-1] [ERROR] [1789657152.725457672] [gazebo_ros_state]: GetEntityState: entity [swerve_base] does not exist
[gzserver-1] [ERROR] [1789657152.780360796] [gazebo_ros_state]: GetEntityState: entity [swerve_base] does not exist
[gzserver-1] [ERROR] [1789657152.849477040] [gazebo_ros_state]: GetEntityState: entity [swerve_base] does not exist
[gzserver-1] [ERROR] [1789657152.906055772] [gazebo_ros_state]: GetEntityState: entity [swerve_base] does not exist
[gzserver-1] [ERROR] [1789657152.961440322] [gazebo_ros_state]: GetEntityState: entity [swerve_base] does not exist
[gzserver-1] [ERROR] [1789657153.022606216] [gazebo_ros_state]: GetEntityState: entity [swerve_base] does not exist
[gzserver-1] [ERROR] [1789657153.081366518] [gazebo_ros_state]: GetEntityState: entity [swerve_base] does not exist
[controller_server-8] [INFO] [1789657153.128070683] [local_costmap.local_costmap]: Timed out waiting for transform from base_footprint to odom to become available, tf error: Invalid frame ID "odom" passed to canTransform argument target_frame - frame does not exist
[gzserver-1] [ERROR] [1789657153.140422792] [gazebo_ros_state]: GetEntityState: entity [swerve_base] does not exist
[swerve_bridge_node-14] [WARN] [1789657153.173907176] [swerve_bridge]: Django websocket disconnected: [Errno 111] Connection refused
[gzserver-1] [INFO] [1789657153.317331263] [imu.imu_ros]: <initial_orientation_as_reference> is unset, using default value of false to comply with REP 145 (world as orientation reference)
[controller_server-8] [INFO] [1789657153.628069956] [local_costmap.local_costmap]: Timed out waiting for transform from base_footprint to odom to become available, tf error: Invalid frame ID "odom" passed to canTransform argument target_frame - frame does not exist
[controller_server-8] [INFO] [1789657154.128141614] [local_costmap.local_costmap]: Timed out waiting for transform from base_footprint to odom to become available, tf error: Invalid frame ID "odom" passed to canTransform argument target_frame - frame does not exist
[controller_server-8] [INFO] [1789657154.627995709] [local_costmap.local_costmap]: Timed out waiting for transform from base_footprint to odom to become available, tf error: Invalid frame ID "odom" passed to canTransform argument target_frame - frame does not exist
[controller_server-8] [INFO] [1789657155.128208426] [local_costmap.local_costmap]: Timed out waiting for transform from base_footprint to odom to become available, tf error: Invalid frame ID "odom" passed to canTransform argument target_frame - frame does not exist
[swerve_bridge_node-14] [WARN] [1789657155.175802023] [swerve_bridge]: Django websocket disconnected: [Errno 111] Connection refused
[controller_server-8] [INFO] [1789657155.629976610] [local_costmap.local_costmap]: Timed out waiting for transform from base_footprint to odom to become available, tf error: Invalid frame ID "odom" passed to canTransform argument target_frame - frame does not exist
[controller_server-8] [INFO] [1789657156.129122751] [local_costmap.local_costmap]: Timed out waiting for transform from base_footprint to odom to become available, tf error: Invalid frame ID "odom" passed to canTransform argument target_frame - frame does not exist
[controller_server-8] [INFO] [1789657156.627638776] [local_costmap.local_costmap]: Timed out waiting for transform from base_footprint to odom to become available, tf error: Invalid frame ID "odom" passed to canTransform argument target_frame - frame does not exist
[controller_server-8] [INFO] [1789657157.127737183] [local_costmap.local_costmap]: Timed out waiting for transform from base_footprint to odom to become available, tf error: Invalid frame ID "odom" passed to canTransform argument target_frame - frame does not exist
[swerve_bridge_node-14] [WARN] [1789657157.181607503] [swerve_bridge]: Django websocket disconnected: [Errno 111] Connection refused
[controller_server-8] [INFO] [1789657157.627435288] [local_costmap.local_costmap]: Timed out waiting for transform from base_footprint to odom to become available, tf error: Invalid frame ID "odom" passed to canTransform argument target_frame - frame does not exist
[controller_server-8] [INFO] [1789657158.127786648] [local_costmap.local_costmap]: Timed out waiting for transform from base_footprint to odom to become available, tf error: Invalid frame ID "odom" passed to canTransform argument target_frame - frame does not exist
[controller_server-8] [INFO] [1789657158.627948523] [local_costmap.local_costmap]: Timed out waiting for transform from base_footprint to odom to become available, tf error: Invalid frame ID "odom" passed to canTransform argument target_frame - frame does not exist
[controller_server-8] [INFO] [1789657159.127336975] [local_costmap.local_costmap]: Timed out waiting for transform from base_footprint to odom to become available, tf error: Invalid frame ID "odom" passed to canTransform argument target_frame - frame does not exist
[swerve_bridge_node-14] [WARN] [1789657159.184527198] [swerve_bridge]: Django websocket disconnected: [Errno 111] Connection refused
[controller_server-8] [INFO] [1789657159.628370375] [local_costmap.local_costmap]: Timed out waiting for transform from base_footprint to odom to become available, tf error: Invalid frame ID "odom" passed to canTransform argument target_frame - frame does not exist
[controller_server-8] [INFO] [1789657160.127665012] [local_costmap.local_costmap]: Timed out waiting for transform from base_footprint to odom to become available, tf error: Invalid frame ID "odom" passed to canTransform argument target_frame - frame does not exist
[controller_server-8] [INFO] [1789657160.627359003] [local_costmap.local_costmap]: Timed out waiting for transform from base_footprint to odom to become available, tf error: Invalid frame ID "odom" passed to canTransform argument target_frame - frame does not exist
[controller_server-8] [INFO] [1789657161.127705347] [local_costmap.local_costmap]: Timed out waiting for transform from base_footprint to odom to become available, tf error: Invalid frame ID "odom" passed to canTransform argument target_frame - frame does not exist
[swerve_bridge_node-14] [WARN] [1789657161.188600052] [swerve_bridge]: Django websocket disconnected: [Errno 111] Connection refused
[controller_server-8] [INFO] [1789657161.627405378] [local_costmap.local_costmap]: Timed out waiting for transform from base_footprint to odom to become available, tf error: Invalid frame ID "odom" passed to canTransform argument target_frame - frame does not exist
[controller_server-8] [INFO] [1789657162.127795437] [local_costmap.local_costmap]: Timed out waiting for transform from base_footprint to odom to become available, tf error: Invalid frame ID "odom" passed to canTransform argument target_frame - frame does not exist
[controller_server-8] [INFO] [1789657162.627763770] [local_costmap.local_costmap]: Timed out waiting for transform from base_footprint to odom to become available, tf error: Invalid frame ID "odom" passed to canTransform argument target_frame - frame does not exist
[controller_server-8] [INFO] [1789657163.127860152] [local_costmap.local_costmap]: Timed out waiting for transform from base_footprint to odom to become available, tf error: Invalid frame ID "odom" passed to canTransform argument target_frame - frame does not exist
[swerve_bridge_node-14] [WARN] [1789657163.191366953] [swerve_bridge]: Django websocket disconnected: [Errno 111] Connection refused
[controller_server-8] [INFO] [1789657163.627453684] [local_costmap.local_costmap]: Timed out waiting for transform from base_footprint to odom to become available, tf error: Invalid frame ID "odom" passed to canTransform argument target_frame - frame does not exist
[controller_server-8] [INFO] [1789657164.130312027] [local_costmap.local_costmap]: Timed out waiting for transform from base_footprint to odom to become available, tf error: Invalid frame ID "odom" passed to canTransform argument target_frame - frame does not exist
[controller_server-8] [INFO] [1789657164.628138421] [local_costmap.local_costmap]: Timed out waiting for transform from base_footprint to odom to become available, tf error: Invalid frame ID "odom" passed to canTransform argument target_frame - frame does not exist
[controller_server-8] [INFO] [1789657165.127486821] [local_costmap.local_costmap]: Timed out waiting for transform from base_footprint to odom to become available, tf error: Invalid frame ID "odom" passed to canTransform argument target_frame - frame does not exist
[swerve_bridge_node-14] [WARN] [1789657165.198539584] [swerve_bridge]: Django websocket disconnected: [Errno 111] Connection refused
[controller_server-8] [INFO] [1789657165.629006475] [local_costmap.local_costmap]: Timed out waiting for transform from base_footprint to odom to become available, tf error: Invalid frame ID "odom" passed to canTransform argument target_frame - frame does not exist
[controller_server-8] [INFO] [1789657166.128363164] [local_costmap.local_costmap]: Timed out waiting for transform from base_footprint to odom to become available, tf error: Invalid frame ID "odom" passed to canTransform argument target_frame - frame does not exist
[controller_server-8] [INFO] [1789657166.627944103] [local_costmap.local_costmap]: Timed out waiting for transform from base_footprint to odom to become available, tf error: Invalid frame ID "odom" passed to canTransform argument target_frame - frame does not exist
[gzserver-1] [INFO] [1789657166.850151040] [contact_load.wheel_front_drive_link_contact_plugin]: Publishing contact states to [/contact_load/wheel_front_drive_link]
[gzserver-1] [INFO] [1789657166.988681675] [contact_load.wheel_rear_drive_link_contact_plugin]: Publishing contact states to [/contact_load/wheel_rear_drive_link]
[gzserver-1] [INFO] [1789657167.123442901] [contact_load.wheel_front_left_link_contact_plugin]: Publishing contact states to [/contact_load/wheel_front_left_link]
[controller_server-8] [INFO] [1789657167.127342702] [local_costmap.local_costmap]: Timed out waiting for transform from base_footprint to odom to become available, tf error: Invalid frame ID "odom" passed to canTransform argument target_frame - frame does not exist
[swerve_bridge_node-14] [WARN] [1789657167.202977472] [swerve_bridge]: Django websocket disconnected: [Errno 111] Connection refused
[gzserver-1] [INFO] [1789657167.224976910] [contact_load.wheel_front_right_link_contact_plugin]: Publishing contact states to [/contact_load/wheel_front_right_link]
[gzserver-1] [INFO] [1789657167.365429227] [contact_load.wheel_rear_left_link_contact_plugin]: Publishing contact states to [/contact_load/wheel_rear_left_link]
[spawn_entity.py-3] [INFO] [1789657167.386033018] [spawn_swerve]: Spawn status: SpawnEntity: Successfully spawned entity [swerve_base]
[gzserver-1] [INFO] [1789657167.556103450] [contact_load.wheel_rear_right_link_contact_plugin]: Publishing contact states to [/contact_load/wheel_rear_right_link]
[controller_server-8] [INFO] [1789657167.629045852] [local_costmap.local_costmap]: Timed out waiting for transform from base_footprint to odom to become available, tf error: Invalid frame ID "odom" passed to canTransform argument target_frame - frame does not exist
[gzserver-1] [INFO] [1789657167.632349408] [gazebo_ros2_control]: Loading gazebo_ros2_control plugin
[gzserver-1] [INFO] [1789657167.723172386] [gazebo_ros2_control]: Starting gazebo_ros2_control plugin in namespace: /
[gzserver-1] [INFO] [1789657167.723302600] [gazebo_ros2_control]: Starting gazebo_ros2_control plugin in ros 2 node: gazebo_ros2_control
[INFO] [spawn_entity.py-3]: process has finished cleanly [pid 218719]
[INFO] [spawner-15]: process started with pid [219222]
[gzserver-1] [INFO] [1789657167.811143665] [gazebo_ros2_control]: connected to service!! robot_state_publisher
[gzserver-1] [INFO] [1789657167.822974063] [gazebo_ros2_control]: Received urdf from param server, parsing...
[gzserver-1] [INFO] [1789657167.823128165] [gazebo_ros2_control]: Loading parameter files /home/yahboom/swerve_bringup/install/swerve_bringup/share/swerve_bringup/config/controllers.yaml
[gzserver-1] [INFO] [1789657167.854588372] [gazebo_ros2_control]: Loading joint: steer_front_joint
[gzserver-1] [INFO] [1789657167.854664651] [gazebo_ros2_control]: 	State:
[gzserver-1] [INFO] [1789657167.854679935] [gazebo_ros2_control]: 		 position
[gzserver-1] [INFO] [1789657167.854692607] [gazebo_ros2_control]: 		 velocity
[gzserver-1] [INFO] [1789657167.854702117] [gazebo_ros2_control]: 	Command:
[gzserver-1] [INFO] [1789657167.854710744] [gazebo_ros2_control]: 		 position
[gzserver-1] [INFO] [1789657167.861243187] [gazebo_ros2_control]: Loading joint: steer_rear_joint
[gzserver-1] [INFO] [1789657167.861300597] [gazebo_ros2_control]: 	State:
[gzserver-1] [INFO] [1789657167.861314034] [gazebo_ros2_control]: 		 position
[gzserver-1] [INFO] [1789657167.861326049] [gazebo_ros2_control]: 		 velocity
[gzserver-1] [INFO] [1789657167.861335581] [gazebo_ros2_control]: 	Command:
[gzserver-1] [INFO] [1789657167.861345066] [gazebo_ros2_control]: 		 position
[gzserver-1] [INFO] [1789657167.865013262] [gazebo_ros2_control]: Loading joint: wheel_front_drive_joint
[gzserver-1] [INFO] [1789657167.865064193] [gazebo_ros2_control]: 	State:
[gzserver-1] [INFO] [1789657167.865075577] [gazebo_ros2_control]: 		 position
[gzserver-1] [INFO] [1789657167.865086387] [gazebo_ros2_control]: 		 velocity
[gzserver-1] [INFO] [1789657167.865095151] [gazebo_ros2_control]: 	Command:
[gzserver-1] [INFO] [1789657167.865110333] [gazebo_ros2_control]: 		 velocity
[gzserver-1] [INFO] [1789657167.867872357] [gazebo_ros2_control]: Loading joint: wheel_rear_drive_joint
[gzserver-1] [INFO] [1789657167.867920179] [gazebo_ros2_control]: 	State:
[gzserver-1] [INFO] [1789657167.867932453] [gazebo_ros2_control]: 		 position
[gzserver-1] [INFO] [1789657167.867943917] [gazebo_ros2_control]: 		 velocity
[gzserver-1] [INFO] [1789657167.867953113] [gazebo_ros2_control]: 	Command:
[gzserver-1] [INFO] [1789657167.867979858] [gazebo_ros2_control]: 		 velocity
[gzserver-1] [INFO] [1789657167.873264668] [resource_manager]: Initialize hardware 'GazeboSystem' 
[gzserver-1] [INFO] [1789657167.873599739] [resource_manager]: Successful initialization of hardware 'GazeboSystem'
[gzserver-1] [INFO] [1789657167.873763982] [resource_manager]: 'configure' hardware 'GazeboSystem' 
[gzserver-1] [INFO] [1789657167.873834754] [resource_manager]: Successful 'configure' of hardware 'GazeboSystem'
[gzserver-1] [INFO] [1789657167.874969096] [resource_manager]: 'activate' hardware 'GazeboSystem' 
[gzserver-1] [INFO] [1789657167.876366034] [resource_manager]: Successful 'activate' of hardware 'GazeboSystem'
[gzserver-1] [INFO] [1789657167.876602598] [gazebo_ros2_control]: Loading controller_manager
[controller_server-8] [INFO] [1789657168.128678183] [local_costmap.local_costmap]: Timed out waiting for transform from base_footprint to odom to become available, tf error: Invalid frame ID "odom" passed to canTransform argument target_frame - frame does not exist
[gzserver-1] [WARN] [1789657168.155840338] [gazebo_ros2_control]:  Desired controller update period (0.01 s) is slower than the gazebo simulation period (0.001 s).
[gzserver-1] [INFO] [1789657168.161857892] [gazebo_ros2_control]: Loaded gazebo_ros2_control.
[controller_server-8] [INFO] [1789657168.630864867] [local_costmap.local_costmap]: start
[controller_server-8] [INFO] [1789657168.792889525] [controller_server]: Creating bond (controller_server) to lifecycle manager.
[lifecycle_manager-13] [INFO] [1789657169.218405676] [lifecycle_manager_navigation]: Server controller_server connected with bond.
[lifecycle_manager-13] [INFO] [1789657169.220451601] [lifecycle_manager_navigation]: [34m[1mActivating planner_server[0m[0m
[swerve_bridge_node-14] [WARN] [1789657169.221629451] [swerve_bridge]: Django websocket disconnected: [Errno 111] Connection refused
[planner_server-9] [INFO] [1789657169.223513415] [planner_server]: Activating
[planner_server-9] [INFO] [1789657169.223620894] [global_costmap.global_costmap]: Activating
[planner_server-9] [INFO] [1789657169.223641333] [global_costmap.global_costmap]: Checking transform
[planner_server-9] [INFO] [1789657169.223927485] [global_costmap.global_costmap]: start
[spawner-15] [INFO] [1789657169.250744612] [spawn_joint_state_broadcaster]: waiting for service /controller_manager/list_controllers to become available...
[planner_server-9] [INFO] [1789657169.889368629] [planner_server]: Activating plugin GridBased of type NavfnPlanner
[planner_server-9] [INFO] [1789657169.952406058] [planner_server]: Creating bond (planner_server) to lifecycle manager.
[gzserver-1] [INFO] [1789657170.024787086] [controller_manager]: Loading controller 'joint_state_broadcaster'
[lifecycle_manager-13] [INFO] [1789657170.076708867] [lifecycle_manager_navigation]: Server planner_server connected with bond.
[lifecycle_manager-13] [INFO] [1789657170.080026279] [lifecycle_manager_navigation]: [34m[1mActivating behavior_server[0m[0m
[behavior_server-10] [INFO] [1789657170.081346237] [behavior_server]: Activating
[behavior_server-10] [INFO] [1789657170.081411778] [behavior_server]: Activating spin
[behavior_server-10] [INFO] [1789657170.081434501] [behavior_server]: Activating backup
[behavior_server-10] [INFO] [1789657170.081448969] [behavior_server]: Activating drive_on_heading
[behavior_server-10] [INFO] [1789657170.081461281] [behavior_server]: Activating wait
[behavior_server-10] [INFO] [1789657170.081480484] [behavior_server]: Creating bond (behavior_server) to lifecycle manager.
[lifecycle_manager-13] [INFO] [1789657170.233435684] [lifecycle_manager_navigation]: Server behavior_server connected with bond.
[lifecycle_manager-13] [INFO] [1789657170.233502195] [lifecycle_manager_navigation]: [34m[1mActivating bt_navigator[0m[0m
[bt_navigator-11] [INFO] [1789657170.236085327] [bt_navigator]: Activating
[spawner-15] [INFO] [1789657170.340716495] [spawn_joint_state_broadcaster]: [94mLoaded [1mjoint_state_broadcaster[0m
[gzserver-1] [INFO] [1789657170.355809742] [controller_manager]: Configuring controller 'joint_state_broadcaster'
[gzserver-1] [INFO] [1789657170.356391633] [joint_state_broadcaster]: 'joints' or 'interfaces' parameter is empty. All available state interfaces will be published
[spawner-15] [INFO] [1789657170.522629233] [spawn_joint_state_broadcaster]: [92mConfigured and activated [1mjoint_state_broadcaster[0m
[INFO] [spawner-15]: process has finished cleanly [pid 219222]
[INFO] [spawner-16]: process started with pid [219270]
[bt_navigator-11] [INFO] [1789657171.042772720] [bt_navigator]: Creating bond (bt_navigator) to lifecycle manager.
[lifecycle_manager-13] [INFO] [1789657171.192504657] [lifecycle_manager_navigation]: Server bt_navigator connected with bond.
[lifecycle_manager-13] [INFO] [1789657171.192570019] [lifecycle_manager_navigation]: [34m[1mActivating waypoint_follower[0m[0m
[waypoint_follower-12] [INFO] [1789657171.194857112] [waypoint_follower]: Activating
[waypoint_follower-12] [INFO] [1789657171.194919692] [waypoint_follower]: Creating bond (waypoint_follower) to lifecycle manager.
[swerve_bridge_node-14] [WARN] [1789657171.227626523] [swerve_bridge]: Django websocket disconnected: [Errno 111] Connection refused
[lifecycle_manager-13] [INFO] [1789657171.323187452] [lifecycle_manager_navigation]: Server waypoint_follower connected with bond.
[lifecycle_manager-13] [INFO] [1789657171.324497499] [lifecycle_manager_navigation]: [34m[1mManaged nodes are active[0m[0m
[lifecycle_manager-13] [INFO] [1789657171.324517051] [lifecycle_manager_navigation]: [34m[1mCreating bond timer...[0m[0m
[spawner-16] [INFO] [1789657172.584920258] [spawn_steering_controller]: waiting for service /controller_manager/list_controllers to become available...
[swerve_bridge_node-14] [WARN] [1789657173.229001619] [swerve_bridge]: Django websocket disconnected: [Errno 111] Connection refused
[gzserver-1] [INFO] [1789657173.379376652] [controller_manager]: Loading controller 'steering_controller'
[spawner-16] [INFO] [1789657174.165169095] [spawn_steering_controller]: [94mLoaded [1msteering_controller[0m
[gzserver-1] [INFO] [1789657174.184024526] [controller_manager]: Configuring controller 'steering_controller'
[gzserver-1] [INFO] [1789657174.192836849] [steering_controller]: configure successful
[gzserver-1] [INFO] [1789657174.222694272] [steering_controller]: activate successful
[spawner-16] [INFO] [1789657174.246289076] [spawn_steering_controller]: [92mConfigured and activated [1msteering_controller[0m
[INFO] [spawner-16]: process has finished cleanly [pid 219270]
[INFO] [spawner-17]: process started with pid [219326]
[swerve_bridge_node-14] [WARN] [1789657175.231079448] [swerve_bridge]: Django websocket disconnected: [Errno 111] Connection refused
[spawner-17] [INFO] [1789657175.900694678] [spawn_drive_controller]: waiting for service /controller_manager/list_controllers to become available...
[gzserver-1] [INFO] [1789657176.710924166] [controller_manager]: Loading controller 'drive_controller'
[spawner-17] [INFO] [1789657176.925304096] [spawn_drive_controller]: [94mLoaded [1mdrive_controller[0m
[gzserver-1] [INFO] [1789657176.930706746] [controller_manager]: Configuring controller 'drive_controller'
[gzserver-1] [INFO] [1789657176.936364699] [drive_controller]: configure successful
[gzserver-1] [INFO] [1789657177.056292391] [drive_controller]: activate successful
[spawner-17] [INFO] [1789657177.084200287] [spawn_drive_controller]: [92mConfigured and activated [1mdrive_controller[0m
[swerve_bridge_node-14] [WARN] [1789657177.232511093] [swerve_bridge]: Django websocket disconnected: [Errno 111] Connection refused
[INFO] [spawner-17]: process has finished cleanly [pid 219326]
[INFO] [swerve_controller_node-18]: process started with pid [219422]
[INFO] [swerve_odometry_node-19]: process started with pid [219424]
[swerve_controller_node-18] [INFO] [1789657179.063587214] [swerve_controller]: Swerve controller ready: radius=0.0675 m, modules={'front': (0.300042, 0.0), 'rear': (-0.300042, 0.0)}
[swerve_bridge_node-14] [WARN] [1789657179.234427120] [swerve_bridge]: Django websocket disconnected: [Errno 111] Connection refused
[swerve_odometry_node-19] [INFO] [1789657179.725092664] [swerve_odometry]: Encoder odometry ready: radius=0.0637 m, velocity_sign=+1.0
[swerve_bridge_node-14] [WARN] [1789657181.237556382] [swerve_bridge]: Django websocket disconnected: [Errno 111] Connection refused
[swerve_bridge_node-14] [WARN] [1789657183.240685233] [swerve_bridge]: Django websocket disconnected: [Errno 111] Connection refused
[swerve_bridge_node-14] [WARN] [1789657185.246062875] [swerve_bridge]: Django websocket disconnected: [Errno 111] Connection refused
[swerve_bridge_node-14] [WARN] [1789657187.247560723] [swerve_bridge]: Django websocket disconnected: [Errno 111] Connection refused
[swerve_bridge_node-14] [WARN] [1789657189.249000653] [swerve_bridge]: Django websocket disconnected: [Errno 111] Connection refused
[swerve_bridge_node-14] [WARN] [1789657191.251242267] [swerve_bridge]: Django websocket disconnected: [Errno 111] Connection refused
[swerve_bridge_node-14] [WARN] [1789657193.253013524] [swerve_bridge]: Django websocket disconnected: [Errno 111] Connection refused
[swerve_bridge_node-14] [WARN] [1789657195.268945718] [swerve_bridge]: Django websocket disconnected: [Errno 111] Connection refused
[swerve_bridge_node-14] [WARN] [1789657197.270289215] [swerve_bridge]: Django websocket disconnected: [Errno 111] Connection refused
[swerve_bridge_node-14] [WARN] [1789657199.274723656] [swerve_bridge]: Django websocket disconnected: [Errno 111] Connection refused
[swerve_bridge_node-14] [WARN] [1789657201.276479328] [swerve_bridge]: Django websocket disconnected: [Errno 111] Connection refused
[swerve_bridge_node-14] [WARN] [1789657203.277977588] [swerve_bridge]: Django websocket disconnected: [Errno 111] Connection refused
[swerve_bridge_node-14] [WARN] [1789657205.280759159] [swerve_bridge]: Django websocket disconnected: [Errno 111] Connection refused
[swerve_bridge_node-14] [WARN] [1789657207.282014113] [swerve_bridge]: Django websocket disconnected: [Errno 111] Connection refused
[swerve_bridge_node-14] [WARN] [1789657209.284815882] [swerve_bridge]: Django websocket disconnected: [Errno 111] Connection refused
[swerve_bridge_node-14] [WARN] [1789657211.286620321] [swerve_bridge]: Django websocket disconnected: [Errno 111] Connection refused
[swerve_bridge_node-14] [WARN] [1789657213.289129377] [swerve_bridge]: Django websocket disconnected: [Errno 111] Connection refused
[swerve_bridge_node-14] [WARN] [1789657215.292672865] [swerve_bridge]: Django websocket disconnected: [Errno 111] Connection refused
[swerve_bridge_node-14] [WARN] [1789657217.294115433] [swerve_bridge]: Django websocket disconnected: [Errno 111] Connection refused
[swerve_bridge_node-14] [WARN] [1789657219.295967406] [swerve_bridge]: Django websocket disconnected: [Errno 111] Connection refused
[swerve_bridge_node-14] [WARN] [1789657221.298284671] [swerve_bridge]: Django websocket disconnected: [Errno 111] Connection refused
[swerve_bridge_node-14] [WARN] [1789657223.299884161] [swerve_bridge]: Django websocket disconnected: [Errno 111] Connection refused
[swerve_bridge_node-14] [WARN] [1789657225.301892365] [swerve_bridge]: Django websocket disconnected: [Errno 111] Connection refused
[swerve_bridge_node-14] [WARN] [1789657227.311335177] [swerve_bridge]: Django websocket disconnected: [Errno 111] Connection refused
[swerve_bridge_node-14] [WARN] [1789657229.314907652] [swerve_bridge]: Django websocket disconnected: [Errno 111] Connection refused
[swerve_bridge_node-14] [WARN] [1789657231.317099249] [swerve_bridge]: Django websocket disconnected: [Errno 111] Connection refused
[WARNING] [launch]: user interrupted with ctrl-c (SIGINT)
[controller_server-8] [INFO] [1789657231.584036837] [rclcpp]: signal_handler(signum=2)
[controller_server-8] [INFO] [1789657231.585450257] [controller_server]: Running Nav2 LifecycleNode rcl preshutdown (controller_server)
[controller_server-8] [INFO] [1789657231.585529299] [controller_server]: Deactivating
[controller_server-8] [INFO] [1789657231.585582184] [local_costmap.local_costmap]: Deactivating
[map_server-7] [INFO] [1789657231.584087873] [rclcpp]: signal_handler(signum=2)
[map_server-7] [INFO] [1789657231.584642939] [map_server]: Running Nav2 LifecycleNode rcl preshutdown (map_server)
[map_server-7] [INFO] [1789657231.584730818] [map_server]: Deactivating
[map_server-7] [INFO] [1789657231.584760404] [map_server]: Destroying bond (map_server) to lifecycle manager.
[lifecycle_manager-13] [INFO] [1789657231.584136111] [rclcpp]: signal_handler(signum=2)
[lifecycle_manager-13] [INFO] [1789657231.584257304] [lifecycle_manager_navigation]: Running Nav2 LifecycleManager rcl preshutdown (lifecycle_manager_navigation)
[lifecycle_manager-13] [INFO] [1789657231.584308565] [lifecycle_manager_navigation]: [34m[1mTerminating bond timer...[0m[0m
[bt_navigator-11] [INFO] [1789657231.584142455] [rclcpp]: signal_handler(signum=2)
[bt_navigator-11] [INFO] [1789657231.586045673] [bt_navigator]: Running Nav2 LifecycleNode rcl preshutdown (bt_navigator)
[bt_navigator-11] [INFO] [1789657231.586128768] [bt_navigator]: Deactivating
[bt_navigator-11] [INFO] [1789657231.586163916] [bt_navigator]: Destroying bond (bt_navigator) to lifecycle manager.
[planner_server-9] [INFO] [1789657231.584316185] [rclcpp]: signal_handler(signum=2)
[planner_server-9] [INFO] [1789657231.585696936] [planner_server]: Running Nav2 LifecycleNode rcl preshutdown (planner_server)
[planner_server-9] [INFO] [1789657231.585764749] [planner_server]: Deactivating
[planner_server-9] [INFO] [1789657231.585802564] [global_costmap.global_costmap]: Deactivating
[INFO] [swerve_odometry_node-19]: sending signal 'SIGINT' to process[swerve_odometry_node-19]
[INFO] [swerve_controller_node-18]: sending signal 'SIGINT' to process[swerve_controller_node-18]
[INFO] [swerve_bridge_node-14]: sending signal 'SIGINT' to process[swerve_bridge_node-14]
[INFO] [lifecycle_manager-13]: sending signal 'SIGINT' to process[lifecycle_manager-13]
[INFO] [waypoint_follower-12]: sending signal 'SIGINT' to process[waypoint_follower-12]
[INFO] [bt_navigator-11]: sending signal 'SIGINT' to process[bt_navigator-11]
[INFO] [behavior_server-10]: sending signal 'SIGINT' to process[behavior_server-10]
[INFO] [planner_server-9]: sending signal 'SIGINT' to process[planner_server-9]
[INFO] [controller_server-8]: sending signal 'SIGINT' to process[controller_server-8]
[INFO] [map_server-7]: sending signal 'SIGINT' to process[map_server-7]
[INFO] [ekf_node-6]: sending signal 'SIGINT' to process[ekf_node-6]
[INFO] [v30e_sim_node-5]: sending signal 'SIGINT' to process[v30e_sim_node-5]
[INFO] [ekf_node-4]: sending signal 'SIGINT' to process[ekf_node-4]
[INFO] [robot_state_publisher-2]: sending signal 'SIGINT' to process[robot_state_publisher-2]
[INFO] [gzserver-1]: sending signal 'SIGINT' to process[gzserver-1]
[robot_state_publisher-2] [INFO] [1789657231.584788963] [rclcpp]: signal_handler(signum=2)
[ERROR] [ekf_node-6]: process has died [pid 218725, exit code -2, cmd '/opt/ros/humble/lib/robot_localization/ekf_node --ros-args -r __node:=ekf_v30e --params-file /home/yahboom/swerve_bringup/install/swerve_bringup/share/swerve_bringup/config/v30e_localization_ekf.yaml --params-file /tmp/launch_params_u9zt2w2y -r odometry/filtered:=/odometry/v30e'].
[ERROR] [map_server-7]: process has died [pid 218727, exit code -2, cmd '/home/yahboom/cartoros2/install/nav2_map_server/lib/nav2_map_server/map_server --ros-args -r __node:=map_server --params-file /tmp/launch_params_5wt50ae2'].
[ekf_node-6] [INFO] [1789657231.584948131] [rclcpp]: signal_handler(signum=2)
[ekf_node-4] [INFO] [1789657231.585088074] [rclcpp]: signal_handler(signum=2)
[ERROR] [ekf_node-4]: process has died [pid 218721, exit code -2, cmd '/opt/ros/humble/lib/robot_localization/ekf_node --ros-args -r __node:=ekf_filter_node --params-file /home/yahboom/swerve_bringup/install/swerve_bringup/share/swerve_bringup/config/ekf.yaml --params-file /tmp/launch_params_i5n05acf -r /odom:=/odom -r /imu/data:=/imu/data'].
[behavior_server-10] [INFO] [1789657231.589629506] [rclcpp]: signal_handler(signum=2)
[behavior_server-10] [INFO] [1789657231.590433008] [behavior_server]: Running Nav2 LifecycleNode rcl preshutdown (behavior_server)
[behavior_server-10] [INFO] [1789657231.590521207] [behavior_server]: Deactivating
[behavior_server-10] [INFO] [1789657231.590562634] [behavior_server]: Destroying bond (behavior_server) to lifecycle manager.
[waypoint_follower-12] [INFO] [1789657231.591534775] [rclcpp]: signal_handler(signum=2)
[waypoint_follower-12] [INFO] [1789657231.592586420] [waypoint_follower]: Running Nav2 LifecycleNode rcl preshutdown (waypoint_follower)
[waypoint_follower-12] [INFO] [1789657231.592663163] [waypoint_follower]: Deactivating
[waypoint_follower-12] [INFO] [1789657231.592691208] [waypoint_follower]: Destroying bond (waypoint_follower) to lifecycle manager.
[map_server-7] [INFO] [1789657231.595370548] [map_server]: Cleaning up
[map_server-7] [INFO] [1789657231.595472377] [map_server]: Destroying bond (map_server) to lifecycle manager.
[bt_navigator-11] [INFO] [1789657231.598899061] [bt_navigator]: Cleaning up
[behavior_server-10] [INFO] [1789657231.602958410] [behavior_server]: Cleaning up
[controller_server-8] [INFO] [1789657231.640655171] [controller_server]: Destroying bond (controller_server) to lifecycle manager.
[map_server-7] [INFO] [1789657231.641537681] [map_server]: Destroying
[waypoint_follower-12] [INFO] [1789657231.644551512] [waypoint_follower]: Cleaning up
[swerve_controller_node-18] Traceback (most recent call last):
[swerve_controller_node-18]   File "/home/yahboom/swerve_bringup/install/swerve_bringup/lib/swerve_bringup/swerve_controller_node", line 192, in <module>
[swerve_controller_node-18]     main()
[swerve_controller_node-18]   File "/home/yahboom/swerve_bringup/install/swerve_bringup/lib/swerve_bringup/swerve_controller_node", line 184, in main
[swerve_controller_node-18]     node.steer_pub.publish(Float64MultiArray(data=[
[swerve_controller_node-18]   File "/opt/ros/humble/local/lib/python3.10/dist-packages/rclpy/publisher.py", line 70, in publish
[swerve_controller_node-18]     self.__publisher.publish(msg)
[swerve_controller_node-18] rclpy._rclpy_pybind11.RCLError: Failed to publish: publisher's context is invalid, at ./src/rcl/publisher.c:389
[swerve_controller_node-18] Error in sys.excepthook:
[swerve_controller_node-18] Traceback (most recent call last):
[swerve_controller_node-18]   File "/usr/lib/python3/dist-packages/apport_python_hook.py", line 72, in apport_excepthook
[swerve_controller_node-18]     from apport.fileutils import likely_packaged, get_recent_crashes
[swerve_controller_node-18]   File "/usr/lib/python3/dist-packages/apport/__init__.py", line 5, in <module>
[swerve_controller_node-18]     from apport.report import Report
[swerve_controller_node-18]   File "/usr/lib/python3/dist-packages/apport/report.py", line 21, in <module>
[swerve_controller_node-18]     from urllib.request import urlopen
[swerve_controller_node-18]   File "/usr/lib/python3.10/urllib/request.py", line 88, in <module>
[swerve_controller_node-18]     import http.client
[swerve_controller_node-18]   File "/usr/lib/python3.10/http/client.py", line 1424, in <module>
[swerve_controller_node-18]     import ssl
[swerve_controller_node-18]   File "<frozen importlib._bootstrap>", line 1027, in _find_and_load
[swerve_controller_node-18]   File "<frozen importlib._bootstrap>", line 1006, in _find_and_load_unlocked
[swerve_controller_node-18]   File "<frozen importlib._bootstrap>", line 688, in _load_unlocked
[swerve_controller_node-18]   File "<frozen importlib._bootstrap_external>", line 879, in exec_module
[swerve_controller_node-18]   File "<frozen importlib._bootstrap_external>", line 975, in get_code
[swerve_controller_node-18]   File "<frozen importlib._bootstrap_external>", line 1074, in get_data
[swerve_controller_node-18] KeyboardInterrupt
[swerve_controller_node-18] 
[swerve_controller_node-18] Original exception was:
[swerve_controller_node-18] Traceback (most recent call last):
[swerve_controller_node-18]   File "/home/yahboom/swerve_bringup/install/swerve_bringup/lib/swerve_bringup/swerve_controller_node", line 192, in <module>
[swerve_controller_node-18]     main()
[swerve_controller_node-18]   File "/home/yahboom/swerve_bringup/install/swerve_bringup/lib/swerve_bringup/swerve_controller_node", line 184, in main
[swerve_controller_node-18]     node.steer_pub.publish(Float64MultiArray(data=[
[swerve_controller_node-18]   File "/opt/ros/humble/local/lib/python3.10/dist-packages/rclpy/publisher.py", line 70, in publish
[swerve_controller_node-18]     self.__publisher.publish(msg)
[swerve_controller_node-18] rclpy._rclpy_pybind11.RCLError: Failed to publish: publisher's context is invalid, at ./src/rcl/publisher.c:389
[lifecycle_manager-13] [INFO] [1789657231.672861930] [rclcpp]: signal_handler(signum=2)
[waypoint_follower-12] [INFO] [1789657231.677857555] [rclcpp]: signal_handler(signum=2)
[swerve_odometry_node-19] Traceback (most recent call last):
[swerve_odometry_node-19]   File "/home/yahboom/swerve_bringup/install/swerve_bringup/lib/swerve_bringup/swerve_odometry_node", line 221, in <module>
[swerve_odometry_node-19]     main()
[swerve_odometry_node-19]   File "/home/yahboom/swerve_bringup/install/swerve_bringup/lib/swerve_bringup/swerve_odometry_node", line 215, in main
[swerve_odometry_node-19]     node.destroy_node()
[swerve_odometry_node-19]   File "/opt/ros/humble/local/lib/python3.10/dist-packages/rclpy/node.py", line 1685, in destroy_node
[swerve_odometry_node-19]     self.destroy_publisher(self._publishers[0])
[swerve_odometry_node-19]   File "/opt/ros/humble/local/lib/python3.10/dist-packages/rclpy/node.py", line 1565, in destroy_publisher
[swerve_odometry_node-19]     publisher.destroy()
[swerve_odometry_node-19]   File "/opt/ros/humble/local/lib/python3.10/dist-packages/rclpy/publisher.py", line 99, in destroy
[swerve_odometry_node-19]     self.__publisher.destroy_when_not_in_use()
[swerve_odometry_node-19] KeyboardInterrupt
[controller_server-8] [INFO] [1789657231.686019961] [controller_server]: Cleaning up
[controller_server-8] [INFO] [1789657231.686180486] [local_costmap.local_costmap]: Cleaning up
[bt_navigator-11] [INFO] [1789657231.687872927] [rclcpp]: signal_handler(signum=2)
[behavior_server-10] [INFO] [1789657231.692016446] [rclcpp]: signal_handler(signum=2)
[planner_server-9] [INFO] [1789657231.698269874] [rclcpp]: signal_handler(signum=2)
[controller_server-8] [INFO] [1789657231.704957101] [rclcpp]: signal_handler(signum=2)
[swerve_bridge_node-14] Traceback (most recent call last):
[swerve_bridge_node-14]   File "/home/yahboom/swerve_bringup/build/swerve_bridge/swerve_bridge/bridge_node.py", line 272, in main
[swerve_bridge_node-14]     rclpy.spin(node)
[swerve_bridge_node-14]   File "/opt/ros/humble/local/lib/python3.10/dist-packages/rclpy/__init__.py", line 229, in spin
[swerve_bridge_node-14]     executor.spin_once()
[swerve_bridge_node-14]   File "/opt/ros/humble/local/lib/python3.10/dist-packages/rclpy/executors.py", line 773, in spin_once
[swerve_bridge_node-14]     self._spin_once_impl(timeout_sec)
[swerve_bridge_node-14]   File "/opt/ros/humble/local/lib/python3.10/dist-packages/rclpy/executors.py", line 762, in _spin_once_impl
[swerve_bridge_node-14]     handler, entity, node = self.wait_for_ready_callbacks(timeout_sec=timeout_sec)
[swerve_bridge_node-14]   File "/opt/ros/humble/local/lib/python3.10/dist-packages/rclpy/executors.py", line 745, in wait_for_ready_callbacks
[swerve_bridge_node-14]     return next(self._cb_iter)
[swerve_bridge_node-14]   File "/opt/ros/humble/local/lib/python3.10/dist-packages/rclpy/executors.py", line 642, in _wait_for_ready_callbacks
[swerve_bridge_node-14]     wait_set.wait(timeout_nsec)
[swerve_bridge_node-14] KeyboardInterrupt
[swerve_bridge_node-14] 
[swerve_bridge_node-14] During handling of the above exception, another exception occurred:
[swerve_bridge_node-14] 
[swerve_bridge_node-14] Traceback (most recent call last):
[swerve_bridge_node-14]   File "/home/yahboom/swerve_bringup/install/swerve_bridge/lib/swerve_bridge/swerve_bridge_node", line 33, in <module>
[swerve_bridge_node-14]     sys.exit(load_entry_point('swerve-bridge', 'console_scripts', 'swerve_bridge_node')())
[swerve_bridge_node-14]   File "/home/yahboom/swerve_bringup/build/swerve_bridge/swerve_bridge/bridge_node.py", line 274, in main
[swerve_bridge_node-14]     node.destroy_node()
[swerve_bridge_node-14]   File "/home/yahboom/swerve_bringup/build/swerve_bridge/swerve_bridge/bridge_node.py", line 265, in destroy_node
[swerve_bridge_node-14]     super().destroy_node()
[swerve_bridge_node-14]   File "/opt/ros/humble/local/lib/python3.10/dist-packages/rclpy/node.py", line 1687, in destroy_node
[swerve_bridge_node-14]     self.destroy_subscription(self._subscriptions[0])
[swerve_bridge_node-14]   File "/opt/ros/humble/local/lib/python3.10/dist-packages/rclpy/node.py", line 1583, in destroy_subscription
[swerve_bridge_node-14]     subscription.destroy()
[swerve_bridge_node-14]   File "/opt/ros/humble/local/lib/python3.10/dist-packages/rclpy/subscription.py", line 80, in destroy
[swerve_bridge_node-14]     self.handle.destroy_when_not_in_use()
[swerve_bridge_node-14] KeyboardInterrupt
[planner_server-9] [INFO] [1789657231.733611710] [planner_server]: Deactivating plugin GridBased of type NavfnPlanner
[planner_server-9] [INFO] [1789657231.733670198] [planner_server]: Destroying bond (planner_server) to lifecycle manager.
[robot_state_publisher-2] [INFO] [1789657231.745955728] [rclcpp]: signal_handler(signum=2)
[waypoint_follower-12] [INFO] [1789657231.782345495] [waypoint_follower]: Destroying bond (waypoint_follower) to lifecycle manager.
[v30e_sim_node-5] Traceback (most recent call last):
[v30e_sim_node-5]   File "/home/yahboom/swerve_bringup/install/swerve_bringup/lib/swerve_bringup/v30e_sim_node", line 188, in <module>
[v30e_sim_node-5]     if __name__ == '__main__': main()
[v30e_sim_node-5]   File "/home/yahboom/swerve_bringup/install/swerve_bringup/lib/swerve_bringup/v30e_sim_node", line 185, in main
[v30e_sim_node-5]     node.destroy_node(); rclpy.shutdown()
[v30e_sim_node-5]   File "/opt/ros/humble/local/lib/python3.10/dist-packages/rclpy/node.py", line 1696, in destroy_node
[v30e_sim_node-5]     self.__node.destroy_when_not_in_use()
[v30e_sim_node-5] KeyboardInterrupt
[waypoint_follower-12] [INFO] [1789657231.792797492] [waypoint_follower]: Destroying
[planner_server-9] [INFO] [1789657231.824558535] [planner_server]: Cleaning up
[INFO] [robot_state_publisher-2]: process has finished cleanly [pid 218717]
[ERROR] [v30e_sim_node-5]: process has died [pid 218723, exit code -2, cmd '/home/yahboom/swerve_bringup/install/swerve_bringup/lib/swerve_bringup/v30e_sim_node --ros-args -r __node:=v30e_sim_node --params-file /home/yahboom/swerve_bringup/install/swerve_bringup/share/swerve_bringup/config/v30e_sim.yaml --params-file /tmp/launch_params_50x1w88g'].
[behavior_server-10] [INFO] [1789657231.954324750] [behavior_server]: Destroying bond (behavior_server) to lifecycle manager.
[ERROR] [swerve_odometry_node-19]: process has died [pid 219424, exit code -2, cmd '/home/yahboom/swerve_bringup/install/swerve_bringup/lib/swerve_bringup/swerve_odometry_node --ros-args -r __node:=swerve_odometry --params-file /home/yahboom/swerve_bringup/install/swerve_bringup/share/swerve_bringup/config/swerve_odometry.yaml --params-file /tmp/launch_params_och61su9'].
[planner_server-9] [INFO] [1789657231.977984308] [global_costmap.global_costmap]: Cleaning up
[behavior_server-10] [INFO] [1789657231.996319129] [behavior_server]: Destroying
[ERROR] [swerve_controller_node-18]: process has died [pid 219422, exit code 1, cmd '/home/yahboom/swerve_bringup/install/swerve_bringup/lib/swerve_bringup/swerve_controller_node --ros-args -r __node:=swerve_controller --params-file /home/yahboom/swerve_bringup/install/swerve_bringup/share/swerve_bringup/config/swerve_controller.yaml --params-file /tmp/launch_params_zziokdh8'].
[lifecycle_manager-13] [INFO] [1789657232.034346548] [lifecycle_manager_navigation]: Destroying lifecycle_manager_navigation
[INFO] [waypoint_follower-12]: process has finished cleanly [pid 218755]
[ERROR] [swerve_bridge_node-14]: process has died [pid 218769, exit code -2, cmd '/home/yahboom/swerve_bringup/install/swerve_bridge/lib/swerve_bridge/swerve_bridge_node --ros-args -r __node:=swerve_bridge --params-file /home/yahboom/swerve_bringup/install/swerve_bridge/share/swerve_bridge/config/bridge.yaml --params-file /tmp/launch_params_aq99r6y5'].
[planner_server-9] [INFO] [1789657232.070511161] [planner_server]: Cleaning up plugin GridBased of type NavfnPlanner
[planner_server-9] [INFO] [1789657232.071134021] [planner_server]: Destroying plugin GridBased of type NavfnPlanner
[controller_server-8] [INFO] [1789657232.093697593] [controller_server]: Destroying bond (controller_server) to lifecycle manager.
[controller_server-8] [INFO] [1789657232.109454557] [local_costmap.local_costmap]: Destroying
[planner_server-9] [INFO] [1789657232.122234579] [planner_server]: Destroying bond (planner_server) to lifecycle manager.
[controller_server-8] [INFO] [1789657232.128676079] [controller_server]: Destroying
[planner_server-9] [INFO] [1789657232.140504844] [global_costmap.global_costmap]: Destroying
[planner_server-9] [INFO] [1789657232.165068926] [planner_server]: Destroying
[INFO] [behavior_server-10]: process has finished cleanly [pid 218745]
[bt_navigator-11] [INFO] [1789657232.211440282] [bt_navigator]: Completed Cleaning up
[bt_navigator-11] [INFO] [1789657232.211514526] [bt_navigator]: Destroying bond (bt_navigator) to lifecycle manager.
[bt_navigator-11] [INFO] [1789657232.223397082] [bt_navigator]: Destroying
[INFO] [lifecycle_manager-13]: process has finished cleanly [pid 218762]
[INFO] [controller_server-8]: process has finished cleanly [pid 218729]
[INFO] [planner_server-9]: process has finished cleanly [pid 218732]
[INFO] [bt_navigator-11]: process has finished cleanly [pid 218752]
[INFO] [gzserver-1]: process has finished cleanly [pid 218715]
