[INFO] [launch]: All log files can be found below /home/yahboom/.ros/log/2026-09-18-00-12-02-056057-yahboom-virtual-machine-236180
[INFO] [launch]: Default logging verbosity is set to INFO
[INFO] [launch.user]: CONTACT_DIAGNOSTICS=true
[INFO] [gzserver-1]: process started with pid [236215]
[INFO] [robot_state_publisher-2]: process started with pid [236217]
[INFO] [spawn_entity.py-3]: process started with pid [236219]
[INFO] [ekf_node-4]: process started with pid [236221]
[INFO] [v30e_sim_node-5]: process started with pid [236223]
[INFO] [ekf_node-6]: process started with pid [236225]
[INFO] [map_server-7]: process started with pid [236227]
[INFO] [controller_server-8]: process started with pid [236229]
[INFO] [planner_server-9]: process started with pid [236233]
[INFO] [behavior_server-10]: process started with pid [236247]
[INFO] [bt_navigator-11]: process started with pid [236251]
[INFO] [waypoint_follower-12]: process started with pid [236255]
[INFO] [lifecycle_manager-13]: process started with pid [236263]
[INFO] [swerve_bridge_node-14]: process started with pid [236275]
[bt_navigator-11] [INFO] [1789661525.048310775] [bt_navigator]: 
[bt_navigator-11] 	bt_navigator lifecycle node launched. 
[bt_navigator-11] 	Waiting on external lifecycle transitions to activate
[bt_navigator-11] 	See https://design.ros2.org/articles/node_lifecycle.html for more information.
[lifecycle_manager-13] [INFO] [1789661525.058948970] [lifecycle_manager_navigation]: Creating
[bt_navigator-11] [INFO] [1789661525.062701144] [bt_navigator]: Creating
[planner_server-9] [INFO] [1789661525.082796400] [planner_server]: 
[planner_server-9] 	planner_server lifecycle node launched. 
[planner_server-9] 	Waiting on external lifecycle transitions to activate
[planner_server-9] 	See https://design.ros2.org/articles/node_lifecycle.html for more information.
[planner_server-9] [INFO] [1789661525.095614772] [planner_server]: Creating
[waypoint_follower-12] [INFO] [1789661525.080154420] [waypoint_follower]: 
[waypoint_follower-12] 	waypoint_follower lifecycle node launched. 
[waypoint_follower-12] 	Waiting on external lifecycle transitions to activate
[waypoint_follower-12] 	See https://design.ros2.org/articles/node_lifecycle.html for more information.
[waypoint_follower-12] [INFO] [1789661525.086274128] [waypoint_follower]: Creating
[map_server-7] [INFO] [1789661525.218909309] [map_server]: 
[map_server-7] 	map_server lifecycle node launched. 
[map_server-7] 	Waiting on external lifecycle transitions to activate
[map_server-7] 	See https://design.ros2.org/articles/node_lifecycle.html for more information.
[map_server-7] [INFO] [1789661525.219083376] [map_server]: Creating
[controller_server-8] [INFO] [1789661525.229967122] [controller_server]: 
[controller_server-8] 	controller_server lifecycle node launched. 
[controller_server-8] 	Waiting on external lifecycle transitions to activate
[controller_server-8] 	See https://design.ros2.org/articles/node_lifecycle.html for more information.
[controller_server-8] [INFO] [1789661525.238781596] [controller_server]: Creating controller server
[robot_state_publisher-2] [INFO] [1789661525.243339100] [robot_state_publisher]: got segment base_footprint
[robot_state_publisher-2] [INFO] [1789661525.243535573] [robot_state_publisher]: got segment base_link
[robot_state_publisher-2] [INFO] [1789661525.243552321] [robot_state_publisher]: got segment imu_link
[robot_state_publisher-2] [INFO] [1789661525.243561249] [robot_state_publisher]: got segment lidar_link
[robot_state_publisher-2] [INFO] [1789661525.243568882] [robot_state_publisher]: got segment steer_front_link
[robot_state_publisher-2] [INFO] [1789661525.243576443] [robot_state_publisher]: got segment steer_rear_link
[robot_state_publisher-2] [INFO] [1789661525.243583447] [robot_state_publisher]: got segment v30e_link
[robot_state_publisher-2] [INFO] [1789661525.243590566] [robot_state_publisher]: got segment wheel_front_drive_link
[robot_state_publisher-2] [INFO] [1789661525.243597989] [robot_state_publisher]: got segment wheel_front_left_fork_link
[robot_state_publisher-2] [INFO] [1789661525.243605027] [robot_state_publisher]: got segment wheel_front_left_link
[robot_state_publisher-2] [INFO] [1789661525.243611703] [robot_state_publisher]: got segment wheel_front_right_fork_link
[robot_state_publisher-2] [INFO] [1789661525.243618356] [robot_state_publisher]: got segment wheel_front_right_link
[robot_state_publisher-2] [INFO] [1789661525.243625152] [robot_state_publisher]: got segment wheel_rear_drive_link
[robot_state_publisher-2] [INFO] [1789661525.243631674] [robot_state_publisher]: got segment wheel_rear_left_fork_link
[robot_state_publisher-2] [INFO] [1789661525.243638169] [robot_state_publisher]: got segment wheel_rear_left_link
[robot_state_publisher-2] [INFO] [1789661525.243645146] [robot_state_publisher]: got segment wheel_rear_right_fork_link
[robot_state_publisher-2] [INFO] [1789661525.243652236] [robot_state_publisher]: got segment wheel_rear_right_link
[lifecycle_manager-13] [INFO] [1789661525.335314207] [lifecycle_manager_navigation]: [34m[1mCreating and initializing lifecycle service clients[0m[0m
[behavior_server-10] [INFO] [1789661525.412366461] [behavior_server]: 
[behavior_server-10] 	behavior_server lifecycle node launched. 
[behavior_server-10] 	Waiting on external lifecycle transitions to activate
[behavior_server-10] 	See https://design.ros2.org/articles/node_lifecycle.html for more information.
[swerve_bridge_node-14] Traceback (most recent call last):
[swerve_bridge_node-14]   File "/home/yahboom/swerve_bringup/install/swerve_bridge/lib/swerve_bridge/swerve_bridge_node", line 33, in <module>
[swerve_bridge_node-14]     sys.exit(load_entry_point('swerve-bridge', 'console_scripts', 'swerve_bridge_node')())
[swerve_bridge_node-14]   File "/home/yahboom/swerve_bringup/install/swerve_bridge/lib/swerve_bridge/swerve_bridge_node", line 22, in importlib_load_entry_point
[swerve_bridge_node-14]     for entry_point in distribution(dist_name).entry_points
[swerve_bridge_node-14]   File "/usr/lib/python3.10/importlib/metadata/__init__.py", line 969, in distribution
[swerve_bridge_node-14]     return Distribution.from_name(distribution_name)
[swerve_bridge_node-14]   File "/usr/lib/python3.10/importlib/metadata/__init__.py", line 548, in from_name
[swerve_bridge_node-14]     raise PackageNotFoundError(name)
[swerve_bridge_node-14] importlib.metadata.PackageNotFoundError: No package metadata was found for swerve-bridge
[ERROR] [swerve_bridge_node-14]: process has died [pid 236275, exit code 1, cmd '/home/yahboom/swerve_bringup/install/swerve_bridge/lib/swerve_bridge/swerve_bridge_node --ros-args -r __node:=swerve_bridge --params-file /home/yahboom/swerve_bringup/install/swerve_bridge/share/swerve_bridge/config/bridge.yaml --params-file /tmp/launch_params_odf5acnj'].
[planner_server-9] [INFO] [1789661525.539729942] [global_costmap.global_costmap]: 
[planner_server-9] 	global_costmap lifecycle node launched. 
[planner_server-9] 	Waiting on external lifecycle transitions to activate
[planner_server-9] 	See https://design.ros2.org/articles/node_lifecycle.html for more information.
[planner_server-9] [INFO] [1789661525.545171632] [global_costmap.global_costmap]: Creating Costmap
[controller_server-8] [INFO] [1789661525.600318970] [local_costmap.local_costmap]: 
[controller_server-8] 	local_costmap lifecycle node launched. 
[controller_server-8] 	Waiting on external lifecycle transitions to activate
[controller_server-8] 	See https://design.ros2.org/articles/node_lifecycle.html for more information.
[controller_server-8] [INFO] [1789661525.600856515] [local_costmap.local_costmap]: Creating Costmap
[lifecycle_manager-13] [INFO] [1789661526.174751408] [lifecycle_manager_navigation]: [34m[1mStarting managed nodes bringup...[0m[0m
[lifecycle_manager-13] [INFO] [1789661526.174804383] [lifecycle_manager_navigation]: [34m[1mConfiguring map_server[0m[0m
[map_server-7] [INFO] [1789661526.175025809] [map_server]: Configuring
[map_server-7] [INFO] [1789661526.175101759] [map_io]: Loading yaml file: /home/yahboom/swerve_bringup/install/swerve_bringup/share/swerve_bringup/swerve_navigation/maps/warehouse.yaml
[map_server-7] [INFO] [1789661526.175278897] [map_io]: resolution: 0.05
[map_server-7] [INFO] [1789661526.175283995] [map_io]: origin[0]: -17.2
[map_server-7] [INFO] [1789661526.175286182] [map_io]: origin[1]: -17.4
[map_server-7] [INFO] [1789661526.175288319] [map_io]: origin[2]: 0
[map_server-7] [INFO] [1789661526.175290556] [map_io]: free_thresh: 0.25
[map_server-7] [INFO] [1789661526.175292655] [map_io]: occupied_thresh: 0.65
[map_server-7] [INFO] [1789661526.175294902] [map_io]: mode: trinary
[map_server-7] [INFO] [1789661526.175297862] [map_io]: negate: 0
[map_server-7] [INFO] [1789661526.175437580] [map_io]: Loading image_file: /home/yahboom/swerve_bringup/install/swerve_bringup/share/swerve_bringup/swerve_navigation/maps/warehouse.pgm
[map_server-7] [INFO] [1789661526.333869075] [map_io]: Read map /home/yahboom/swerve_bringup/install/swerve_bringup/share/swerve_bringup/swerve_navigation/maps/warehouse.pgm: 676 X 680 map @ 0.05 m/cell
[lifecycle_manager-13] [INFO] [1789661526.532800122] [lifecycle_manager_navigation]: [34m[1mConfiguring controller_server[0m[0m
[controller_server-8] [INFO] [1789661526.533251899] [controller_server]: Configuring controller interface
[controller_server-8] [INFO] [1789661526.544113142] [controller_server]: getting goal checker plugins..
[controller_server-8] [INFO] [1789661526.544243617] [controller_server]: Controller frequency set to 10.0000Hz
[controller_server-8] [INFO] [1789661526.544299780] [local_costmap.local_costmap]: Configuring
[controller_server-8] [INFO] [1789661526.614028970] [local_costmap.local_costmap]: Using plugin "voxel_layer"
[controller_server-8] [INFO] [1789661526.623979779] [local_costmap.local_costmap]: Subscribed to Topics: lidar3d scan
[spawn_entity.py-3] [INFO] [1789661526.692668044] [spawn_swerve]: Spawn Entity started
[spawn_entity.py-3] [INFO] [1789661526.697577053] [spawn_swerve]: Loading entity published on topic robot_description
[spawn_entity.py-3] [INFO] [1789661526.711239756] [spawn_swerve]: Waiting for entity xml on robot_description
[controller_server-8] [INFO] [1789661526.725047568] [local_costmap.local_costmap]: Initialized plugin "voxel_layer"
[controller_server-8] [INFO] [1789661526.728722977] [local_costmap.local_costmap]: Using plugin "inflation_layer"
[controller_server-8] [INFO] [1789661526.730707675] [local_costmap.local_costmap]: Initialized plugin "inflation_layer"
[spawn_entity.py-3] [INFO] [1789661526.750989732] [spawn_swerve]: Waiting for service /spawn_entity, timeout = 30
[spawn_entity.py-3] [INFO] [1789661526.751483261] [spawn_swerve]: Waiting for service /spawn_entity
[controller_server-8] [INFO] [1789661526.852784092] [controller_server]: Created progress_checker : progress_checker of type nav2_controller::SimpleProgressChecker
[controller_server-8] [INFO] [1789661526.857528853] [controller_server]: Created goal checker : general_goal_checker of type nav2_controller::SimpleGoalChecker
[controller_server-8] [INFO] [1789661526.857765674] [controller_server]: Controller Server has general_goal_checker  goal checkers available.
[controller_server-8] [INFO] [1789661526.861984445] [controller_server]: Created controller : FollowPath of type dwb_core::DWBLocalPlanner
[controller_server-8] [INFO] [1789661526.865777221] [controller_server]: Setting transform_tolerance to 0.200000
[v30e_sim_node-5] [INFO] [1789661526.905526733] [v30e_sim_node]: Using Gazebo /get_entity_state internally; odometry is not a V30E measurement input
[controller_server-8] [INFO] [1789661526.962318934] [controller_server]: Using critic "RotateToGoal" (dwb_critics::RotateToGoalCritic)
[controller_server-8] [INFO] [1789661526.966425692] [controller_server]: Critic plugin initialized
[controller_server-8] [INFO] [1789661526.971387578] [controller_server]: Using critic "Oscillation" (dwb_critics::OscillationCritic)
[controller_server-8] [INFO] [1789661526.972051787] [controller_server]: Critic plugin initialized
[controller_server-8] [INFO] [1789661526.972195518] [controller_server]: Using critic "BaseObstacle" (dwb_critics::BaseObstacleCritic)
[controller_server-8] [INFO] [1789661526.972296591] [controller_server]: Critic plugin initialized
[controller_server-8] [INFO] [1789661526.972384888] [controller_server]: Using critic "GoalAlign" (dwb_critics::GoalAlignCritic)
[controller_server-8] [INFO] [1789661526.972815950] [controller_server]: Critic plugin initialized
[controller_server-8] [INFO] [1789661526.972884409] [controller_server]: Using critic "PathAlign" (dwb_critics::PathAlignCritic)
[controller_server-8] [INFO] [1789661526.978496263] [controller_server]: Critic plugin initialized
[controller_server-8] [INFO] [1789661526.978606187] [controller_server]: Using critic "PathDist" (dwb_critics::PathDistCritic)
[controller_server-8] [INFO] [1789661526.978951863] [controller_server]: Critic plugin initialized
[controller_server-8] [INFO] [1789661526.979045082] [controller_server]: Using critic "GoalDist" (dwb_critics::GoalDistCritic)
[controller_server-8] [INFO] [1789661526.979375771] [controller_server]: Critic plugin initialized
[controller_server-8] [INFO] [1789661526.979405382] [controller_server]: Controller Server has FollowPath  controllers available.
[lifecycle_manager-13] [INFO] [1789661527.057607282] [lifecycle_manager_navigation]: [34m[1mConfiguring planner_server[0m[0m
[planner_server-9] [INFO] [1789661527.059626403] [planner_server]: Configuring
[planner_server-9] [INFO] [1789661527.059681259] [global_costmap.global_costmap]: Configuring
[planner_server-9] [INFO] [1789661527.099160734] [global_costmap.global_costmap]: Using plugin "static_layer"
[planner_server-9] [INFO] [1789661527.113255940] [global_costmap.global_costmap]: Subscribing to the map topic (/map) with transient local durability
[planner_server-9] [INFO] [1789661527.118004598] [global_costmap.global_costmap]: Initialized plugin "static_layer"
[planner_server-9] [INFO] [1789661527.118847526] [global_costmap.global_costmap]: Using plugin "obstacle_layer"
[planner_server-9] [INFO] [1789661527.121642237] [global_costmap.global_costmap]: Subscribed to Topics: scan
[planner_server-9] [INFO] [1789661527.135720495] [global_costmap.global_costmap]: Initialized plugin "obstacle_layer"
[planner_server-9] [INFO] [1789661527.135834050] [global_costmap.global_costmap]: Using plugin "inflation_layer"
[planner_server-9] [INFO] [1789661527.141757894] [global_costmap.global_costmap]: Initialized plugin "inflation_layer"
[planner_server-9] [INFO] [1789661527.204349920] [planner_server]: Created global planner plugin GridBased of type nav2_navfn_planner/NavfnPlanner
[planner_server-9] [INFO] [1789661527.204419505] [planner_server]: Configuring plugin GridBased of type NavfnPlanner
[planner_server-9] [INFO] [1789661527.213050792] [planner_server]: Planner Server has GridBased  planners available.
[lifecycle_manager-13] [INFO] [1789661527.295296879] [lifecycle_manager_navigation]: [34m[1mConfiguring behavior_server[0m[0m
[behavior_server-10] [INFO] [1789661527.296520806] [behavior_server]: Configuring
[behavior_server-10] [INFO] [1789661527.355064175] [behavior_server]: Creating behavior plugin spin of type nav2_behaviors/Spin
[behavior_server-10] [INFO] [1789661527.355956541] [behavior_server]: Configuring spin
[behavior_server-10] [INFO] [1789661527.389833791] [behavior_server]: Creating behavior plugin backup of type nav2_behaviors/BackUp
[behavior_server-10] [INFO] [1789661527.390830815] [behavior_server]: Configuring backup
[behavior_server-10] [INFO] [1789661527.432851194] [behavior_server]: Creating behavior plugin drive_on_heading of type nav2_behaviors/DriveOnHeading
[behavior_server-10] [INFO] [1789661527.435038998] [behavior_server]: Configuring drive_on_heading
[behavior_server-10] [INFO] [1789661527.470073976] [behavior_server]: Creating behavior plugin wait of type nav2_behaviors/Wait
[behavior_server-10] [INFO] [1789661527.473289024] [behavior_server]: Configuring wait
[lifecycle_manager-13] [INFO] [1789661527.528032593] [lifecycle_manager_navigation]: [34m[1mConfiguring bt_navigator[0m[0m
[bt_navigator-11] [INFO] [1789661527.528752097] [bt_navigator]: Configuring
[lifecycle_manager-13] [INFO] [1789661527.978999563] [lifecycle_manager_navigation]: [34m[1mConfiguring waypoint_follower[0m[0m
[waypoint_follower-12] [INFO] [1789661527.979687308] [waypoint_follower]: Configuring
[waypoint_follower-12] [INFO] [1789661528.030171924] [waypoint_follower]: Created waypoint_task_executor : wait_at_waypoint of type nav2_waypoint_follower::WaitAtWaypoint
[waypoint_follower-12] [INFO] [1789661528.032899925] [waypoint_follower]: Waypoint pause duration is set to zero, disabling task executor plugin.
[lifecycle_manager-13] [INFO] [1789661528.037372588] [lifecycle_manager_navigation]: [34m[1mActivating map_server[0m[0m
[map_server-7] [INFO] [1789661528.038914861] [map_server]: Activating
[map_server-7] [INFO] [1789661528.039983259] [map_server]: Creating bond (map_server) to lifecycle manager.
[planner_server-9] [INFO] [1789661528.043975324] [global_costmap.global_costmap]: StaticLayer: Resizing costmap to 676 X 680 at 0.050000 m/pix
[lifecycle_manager-13] [INFO] [1789661528.165073959] [lifecycle_manager_navigation]: Server map_server connected with bond.
[lifecycle_manager-13] [INFO] [1789661528.165142615] [lifecycle_manager_navigation]: [34m[1mActivating controller_server[0m[0m
[controller_server-8] [INFO] [1789661528.165590805] [controller_server]: Activating
[controller_server-8] [INFO] [1789661528.165648745] [local_costmap.local_costmap]: Activating
[controller_server-8] [INFO] [1789661528.165666008] [local_costmap.local_costmap]: Checking transform
[controller_server-8] [INFO] [1789661528.165699653] [local_costmap.local_costmap]: Timed out waiting for transform from base_footprint to odom to become available, tf error: Invalid frame ID "odom" passed to canTransform argument target_frame - frame does not exist
[controller_server-8] [INFO] [1789661528.667570611] [local_costmap.local_costmap]: Timed out waiting for transform from base_footprint to odom to become available, tf error: Invalid frame ID "odom" passed to canTransform argument target_frame - frame does not exist
[controller_server-8] [INFO] [1789661529.165882580] [local_costmap.local_costmap]: Timed out waiting for transform from base_footprint to odom to become available, tf error: Invalid frame ID "odom" passed to canTransform argument target_frame - frame does not exist
[controller_server-8] [INFO] [1789661529.665873927] [local_costmap.local_costmap]: Timed out waiting for transform from base_footprint to odom to become available, tf error: Invalid frame ID "odom" passed to canTransform argument target_frame - frame does not exist
[controller_server-8] [INFO] [1789661530.167573351] [local_costmap.local_costmap]: Timed out waiting for transform from base_footprint to odom to become available, tf error: Invalid frame ID "odom" passed to canTransform argument target_frame - frame does not exist
[controller_server-8] [INFO] [1789661530.665973695] [local_costmap.local_costmap]: Timed out waiting for transform from base_footprint to odom to become available, tf error: Invalid frame ID "odom" passed to canTransform argument target_frame - frame does not exist
[controller_server-8] [INFO] [1789661531.166608747] [local_costmap.local_costmap]: Timed out waiting for transform from base_footprint to odom to become available, tf error: Invalid frame ID "odom" passed to canTransform argument target_frame - frame does not exist
[controller_server-8] [INFO] [1789661531.666378706] [local_costmap.local_costmap]: Timed out waiting for transform from base_footprint to odom to become available, tf error: Invalid frame ID "odom" passed to canTransform argument target_frame - frame does not exist
[controller_server-8] [INFO] [1789661532.165919605] [local_costmap.local_costmap]: Timed out waiting for transform from base_footprint to odom to become available, tf error: Invalid frame ID "odom" passed to canTransform argument target_frame - frame does not exist
[spawn_entity.py-3] [INFO] [1789661532.564306309] [spawn_swerve]: Calling service /spawn_entity
[controller_server-8] [INFO] [1789661532.666823112] [local_costmap.local_costmap]: Timed out waiting for transform from base_footprint to odom to become available, tf error: Invalid frame ID "odom" passed to canTransform argument target_frame - frame does not exist
[gzserver-1] [INFO] [1789661532.814144630] [gazebo_ros_state]: Publishing states of gazebo models at [/model_states]
[gzserver-1] [INFO] [1789661532.820320931] [gazebo_ros_state]: Publishing states of gazebo links at [/link_states]
[controller_server-8] [INFO] [1789661533.165743265] [local_costmap.local_costmap]: Timed out waiting for transform from base_footprint to odom to become available, tf error: Invalid frame ID "odom" passed to canTransform argument target_frame - frame does not exist
[gzserver-1] [INFO] [1789661533.617845389] [imu.imu_ros]: <initial_orientation_as_reference> is unset, using default value of false to comply with REP 145 (world as orientation reference)
[controller_server-8] [INFO] [1789661533.666658907] [local_costmap.local_costmap]: Timed out waiting for transform from base_footprint to odom to become available, tf error: Invalid frame ID "odom" passed to canTransform argument target_frame - frame does not exist
[controller_server-8] [INFO] [1789661534.165920911] [local_costmap.local_costmap]: Timed out waiting for transform from base_footprint to odom to become available, tf error: Invalid frame ID "odom" passed to canTransform argument target_frame - frame does not exist
[controller_server-8] [INFO] [1789661534.665970657] [local_costmap.local_costmap]: Timed out waiting for transform from base_footprint to odom to become available, tf error: Invalid frame ID "odom" passed to canTransform argument target_frame - frame does not exist
[controller_server-8] [INFO] [1789661535.166196260] [local_costmap.local_costmap]: Timed out waiting for transform from base_footprint to odom to become available, tf error: Invalid frame ID "odom" passed to canTransform argument target_frame - frame does not exist
[controller_server-8] [INFO] [1789661535.666699489] [local_costmap.local_costmap]: Timed out waiting for transform from base_footprint to odom to become available, tf error: Invalid frame ID "odom" passed to canTransform argument target_frame - frame does not exist
[controller_server-8] [INFO] [1789661536.166631993] [local_costmap.local_costmap]: Timed out waiting for transform from base_footprint to odom to become available, tf error: Invalid frame ID "odom" passed to canTransform argument target_frame - frame does not exist
[controller_server-8] [INFO] [1789661536.666668915] [local_costmap.local_costmap]: Timed out waiting for transform from base_footprint to odom to become available, tf error: Invalid frame ID "odom" passed to canTransform argument target_frame - frame does not exist
[controller_server-8] [INFO] [1789661537.166639535] [local_costmap.local_costmap]: Timed out waiting for transform from base_footprint to odom to become available, tf error: Invalid frame ID "odom" passed to canTransform argument target_frame - frame does not exist
[controller_server-8] [INFO] [1789661537.666884086] [local_costmap.local_costmap]: Timed out waiting for transform from base_footprint to odom to become available, tf error: Invalid frame ID "odom" passed to canTransform argument target_frame - frame does not exist
[controller_server-8] [INFO] [1789661538.166054836] [local_costmap.local_costmap]: Timed out waiting for transform from base_footprint to odom to become available, tf error: Invalid frame ID "odom" passed to canTransform argument target_frame - frame does not exist
[controller_server-8] [INFO] [1789661538.665902766] [local_costmap.local_costmap]: Timed out waiting for transform from base_footprint to odom to become available, tf error: Invalid frame ID "odom" passed to canTransform argument target_frame - frame does not exist
[controller_server-8] [INFO] [1789661539.165904226] [local_costmap.local_costmap]: Timed out waiting for transform from base_footprint to odom to become available, tf error: Invalid frame ID "odom" passed to canTransform argument target_frame - frame does not exist
[controller_server-8] [INFO] [1789661539.666147023] [local_costmap.local_costmap]: Timed out waiting for transform from base_footprint to odom to become available, tf error: Invalid frame ID "odom" passed to canTransform argument target_frame - frame does not exist
[controller_server-8] [INFO] [1789661540.166033280] [local_costmap.local_costmap]: Timed out waiting for transform from base_footprint to odom to become available, tf error: Invalid frame ID "odom" passed to canTransform argument target_frame - frame does not exist
[controller_server-8] [INFO] [1789661540.665987896] [local_costmap.local_costmap]: Timed out waiting for transform from base_footprint to odom to become available, tf error: Invalid frame ID "odom" passed to canTransform argument target_frame - frame does not exist
[controller_server-8] [INFO] [1789661541.166866459] [local_costmap.local_costmap]: Timed out waiting for transform from base_footprint to odom to become available, tf error: Invalid frame ID "odom" passed to canTransform argument target_frame - frame does not exist
[controller_server-8] [INFO] [1789661541.666037445] [local_costmap.local_costmap]: Timed out waiting for transform from base_footprint to odom to become available, tf error: Invalid frame ID "odom" passed to canTransform argument target_frame - frame does not exist
[controller_server-8] [INFO] [1789661542.167050272] [local_costmap.local_costmap]: Timed out waiting for transform from base_footprint to odom to become available, tf error: Invalid frame ID "odom" passed to canTransform argument target_frame - frame does not exist
[controller_server-8] [INFO] [1789661542.665926726] [local_costmap.local_costmap]: Timed out waiting for transform from base_footprint to odom to become available, tf error: Invalid frame ID "odom" passed to canTransform argument target_frame - frame does not exist
[controller_server-8] [INFO] [1789661543.169539837] [local_costmap.local_costmap]: Timed out waiting for transform from base_footprint to odom to become available, tf error: Invalid frame ID "odom" passed to canTransform argument target_frame - frame does not exist
[controller_server-8] [INFO] [1789661543.667490267] [local_costmap.local_costmap]: Timed out waiting for transform from base_footprint to odom to become available, tf error: Invalid frame ID "odom" passed to canTransform argument target_frame - frame does not exist
[controller_server-8] [INFO] [1789661544.165899790] [local_costmap.local_costmap]: Timed out waiting for transform from base_footprint to odom to become available, tf error: Invalid frame ID "odom" passed to canTransform argument target_frame - frame does not exist
[controller_server-8] [INFO] [1789661544.666005159] [local_costmap.local_costmap]: Timed out waiting for transform from base_footprint to odom to become available, tf error: Invalid frame ID "odom" passed to canTransform argument target_frame - frame does not exist
[controller_server-8] [INFO] [1789661545.167357967] [local_costmap.local_costmap]: Timed out waiting for transform from base_footprint to odom to become available, tf error: Invalid frame ID "odom" passed to canTransform argument target_frame - frame does not exist
[controller_server-8] [INFO] [1789661545.665970625] [local_costmap.local_costmap]: Timed out waiting for transform from base_footprint to odom to become available, tf error: Invalid frame ID "odom" passed to canTransform argument target_frame - frame does not exist
[controller_server-8] [INFO] [1789661546.166345308] [local_costmap.local_costmap]: Timed out waiting for transform from base_footprint to odom to become available, tf error: Invalid frame ID "odom" passed to canTransform argument target_frame - frame does not exist
[controller_server-8] [INFO] [1789661546.666040233] [local_costmap.local_costmap]: Timed out waiting for transform from base_footprint to odom to become available, tf error: Invalid frame ID "odom" passed to canTransform argument target_frame - frame does not exist
[gzserver-1] [INFO] [1789661547.139273530] [contact_load.wheel_front_drive_link_contact_plugin]: Publishing contact states to [/contact_load/wheel_front_drive_link]
[controller_server-8] [INFO] [1789661547.166133883] [local_costmap.local_costmap]: Timed out waiting for transform from base_footprint to odom to become available, tf error: Invalid frame ID "odom" passed to canTransform argument target_frame - frame does not exist
[gzserver-1] [INFO] [1789661547.268020699] [contact_load.wheel_rear_drive_link_contact_plugin]: Publishing contact states to [/contact_load/wheel_rear_drive_link]
[gzserver-1] [INFO] [1789661547.392088309] [contact_load.wheel_front_left_link_contact_plugin]: Publishing contact states to [/contact_load/wheel_front_left_link]
[gzserver-1] [INFO] [1789661547.506166635] [contact_load.wheel_front_right_link_contact_plugin]: Publishing contact states to [/contact_load/wheel_front_right_link]
[gzserver-1] [INFO] [1789661547.638964791] [contact_load.wheel_rear_left_link_contact_plugin]: Publishing contact states to [/contact_load/wheel_rear_left_link]
[controller_server-8] [INFO] [1789661547.667141104] [local_costmap.local_costmap]: Timed out waiting for transform from base_footprint to odom to become available, tf error: Invalid frame ID "odom" passed to canTransform argument target_frame - frame does not exist
[spawn_entity.py-3] [INFO] [1789661547.670511846] [spawn_swerve]: Spawn status: SpawnEntity: Successfully spawned entity [swerve_base]
[gzserver-1] [INFO] [1789661547.770226051] [contact_load.wheel_rear_right_link_contact_plugin]: Publishing contact states to [/contact_load/wheel_rear_right_link]
[gzserver-1] [INFO] [1789661547.933271070] [gazebo_ros2_control]: Loading gazebo_ros2_control plugin
[INFO] [spawn_entity.py-3]: process has finished cleanly [pid 236219]
[INFO] [spawner-15]: process started with pid [236675]
[gzserver-1] [INFO] [1789661548.042140269] [gazebo_ros2_control]: Starting gazebo_ros2_control plugin in namespace: /
[gzserver-1] [INFO] [1789661548.042275214] [gazebo_ros2_control]: Starting gazebo_ros2_control plugin in ros 2 node: gazebo_ros2_control
[gzserver-1] [INFO] [1789661548.131587819] [gazebo_ros2_control]: connected to service!! robot_state_publisher
[gzserver-1] [INFO] [1789661548.138122538] [gazebo_ros2_control]: Received urdf from param server, parsing...
[gzserver-1] [INFO] [1789661548.138272248] [gazebo_ros2_control]: Loading parameter files /home/yahboom/swerve_bringup/install/swerve_bringup/share/swerve_bringup/config/controllers.yaml
[controller_server-8] [INFO] [1789661548.167239814] [local_costmap.local_costmap]: Timed out waiting for transform from base_footprint to odom to become available, tf error: Invalid frame ID "odom" passed to canTransform argument target_frame - frame does not exist
[gzserver-1] [INFO] [1789661548.174700358] [gazebo_ros2_control]: Loading joint: steer_front_joint
[gzserver-1] [INFO] [1789661548.177083514] [gazebo_ros2_control]: 	State:
[gzserver-1] [INFO] [1789661548.177103404] [gazebo_ros2_control]: 		 position
[gzserver-1] [INFO] [1789661548.177117358] [gazebo_ros2_control]: 		 velocity
[gzserver-1] [INFO] [1789661548.177126997] [gazebo_ros2_control]: 	Command:
[gzserver-1] [INFO] [1789661548.177135830] [gazebo_ros2_control]: 		 position
[gzserver-1] [INFO] [1789661548.181386957] [gazebo_ros2_control]: Loading joint: steer_rear_joint
[gzserver-1] [INFO] [1789661548.181491324] [gazebo_ros2_control]: 	State:
[gzserver-1] [INFO] [1789661548.181503733] [gazebo_ros2_control]: 		 position
[gzserver-1] [INFO] [1789661548.181514747] [gazebo_ros2_control]: 		 velocity
[gzserver-1] [INFO] [1789661548.181523516] [gazebo_ros2_control]: 	Command:
[gzserver-1] [INFO] [1789661548.181531770] [gazebo_ros2_control]: 		 position
[gzserver-1] [INFO] [1789661548.181777904] [gazebo_ros2_control]: Loading joint: wheel_front_drive_joint
[gzserver-1] [INFO] [1789661548.181830047] [gazebo_ros2_control]: 	State:
[gzserver-1] [INFO] [1789661548.181839562] [gazebo_ros2_control]: 		 position
[gzserver-1] [INFO] [1789661548.181848808] [gazebo_ros2_control]: 		 velocity
[gzserver-1] [INFO] [1789661548.181856944] [gazebo_ros2_control]: 	Command:
[gzserver-1] [INFO] [1789661548.181870819] [gazebo_ros2_control]: 		 velocity
[gzserver-1] [INFO] [1789661548.182156176] [gazebo_ros2_control]: Loading joint: wheel_rear_drive_joint
[gzserver-1] [INFO] [1789661548.182186178] [gazebo_ros2_control]: 	State:
[gzserver-1] [INFO] [1789661548.182197995] [gazebo_ros2_control]: 		 position
[gzserver-1] [INFO] [1789661548.182207594] [gazebo_ros2_control]: 		 velocity
[gzserver-1] [INFO] [1789661548.182216351] [gazebo_ros2_control]: 	Command:
[gzserver-1] [INFO] [1789661548.182234022] [gazebo_ros2_control]: 		 velocity
[gzserver-1] [INFO] [1789661548.182555459] [resource_manager]: Initialize hardware 'GazeboSystem' 
[gzserver-1] [INFO] [1789661548.182789255] [resource_manager]: Successful initialization of hardware 'GazeboSystem'
[gzserver-1] [INFO] [1789661548.186271916] [resource_manager]: 'configure' hardware 'GazeboSystem' 
[gzserver-1] [INFO] [1789661548.186302071] [resource_manager]: Successful 'configure' of hardware 'GazeboSystem'
[gzserver-1] [INFO] [1789661548.186311184] [resource_manager]: 'activate' hardware 'GazeboSystem' 
[gzserver-1] [INFO] [1789661548.186318200] [resource_manager]: Successful 'activate' of hardware 'GazeboSystem'
[gzserver-1] [INFO] [1789661548.186473571] [gazebo_ros2_control]: Loading controller_manager
[gzserver-1] [WARN] [1789661548.461566594] [gazebo_ros2_control]:  Desired controller update period (0.01 s) is slower than the gazebo simulation period (0.001 s).
[gzserver-1] [INFO] [1789661548.464542988] [gazebo_ros2_control]: Loaded gazebo_ros2_control.
[controller_server-8] [INFO] [1789661548.670058678] [local_costmap.local_costmap]: start
[controller_server-8] [INFO] [1789661548.833498634] [controller_server]: Creating bond (controller_server) to lifecycle manager.
[lifecycle_manager-13] [INFO] [1789661549.000421118] [lifecycle_manager_navigation]: Server controller_server connected with bond.
[lifecycle_manager-13] [INFO] [1789661549.000527003] [lifecycle_manager_navigation]: [34m[1mActivating planner_server[0m[0m
[planner_server-9] [INFO] [1789661549.000932783] [planner_server]: Activating
[planner_server-9] [INFO] [1789661549.000999203] [global_costmap.global_costmap]: Activating
[planner_server-9] [INFO] [1789661549.001020003] [global_costmap.global_costmap]: Checking transform
[planner_server-9] [INFO] [1789661549.001055899] [global_costmap.global_costmap]: Timed out waiting for transform from base_footprint to map to become available, tf error: Invalid frame ID "map" passed to canTransform argument target_frame - frame does not exist
[spawner-15] [INFO] [1789661549.461040118] [spawn_joint_state_broadcaster]: waiting for service /controller_manager/list_controllers to become available...
[planner_server-9] [INFO] [1789661549.504525193] [global_costmap.global_costmap]: start
[gzserver-1] [INFO] [1789661549.734396045] [controller_manager]: Loading controller 'joint_state_broadcaster'
[spawner-15] [INFO] [1789661550.024357852] [spawn_joint_state_broadcaster]: [94mLoaded [1mjoint_state_broadcaster[0m
[gzserver-1] [INFO] [1789661550.034838373] [controller_manager]: Configuring controller 'joint_state_broadcaster'
[gzserver-1] [INFO] [1789661550.035481126] [joint_state_broadcaster]: 'joints' or 'interfaces' parameter is empty. All available state interfaces will be published
[planner_server-9] [INFO] [1789661550.057527166] [planner_server]: Activating plugin GridBased of type NavfnPlanner
[planner_server-9] [INFO] [1789661550.063988627] [planner_server]: Creating bond (planner_server) to lifecycle manager.
[spawner-15] [INFO] [1789661550.145369997] [spawn_joint_state_broadcaster]: [92mConfigured and activated [1mjoint_state_broadcaster[0m
[lifecycle_manager-13] [INFO] [1789661550.187046450] [lifecycle_manager_navigation]: Server planner_server connected with bond.
[lifecycle_manager-13] [INFO] [1789661550.187133248] [lifecycle_manager_navigation]: [34m[1mActivating behavior_server[0m[0m
[behavior_server-10] [INFO] [1789661550.187658615] [behavior_server]: Activating
[behavior_server-10] [INFO] [1789661550.191889071] [behavior_server]: Activating spin
[behavior_server-10] [INFO] [1789661550.191958859] [behavior_server]: Activating backup
[behavior_server-10] [INFO] [1789661550.191973997] [behavior_server]: Activating drive_on_heading
[behavior_server-10] [INFO] [1789661550.191985957] [behavior_server]: Activating wait
[behavior_server-10] [INFO] [1789661550.192005661] [behavior_server]: Creating bond (behavior_server) to lifecycle manager.
[lifecycle_manager-13] [INFO] [1789661550.345994724] [lifecycle_manager_navigation]: Server behavior_server connected with bond.
[lifecycle_manager-13] [INFO] [1789661550.346075952] [lifecycle_manager_navigation]: [34m[1mActivating bt_navigator[0m[0m
[bt_navigator-11] [INFO] [1789661550.351881535] [bt_navigator]: Activating
[INFO] [spawner-15]: process has finished cleanly [pid 236675]
[INFO] [spawner-16]: process started with pid [236694]
[bt_navigator-11] [INFO] [1789661551.000092990] [bt_navigator]: Creating bond (bt_navigator) to lifecycle manager.
[lifecycle_manager-13] [INFO] [1789661551.132418584] [lifecycle_manager_navigation]: Server bt_navigator connected with bond.
[lifecycle_manager-13] [INFO] [1789661551.133342580] [lifecycle_manager_navigation]: [34m[1mActivating waypoint_follower[0m[0m
[waypoint_follower-12] [INFO] [1789661551.134438114] [waypoint_follower]: Activating
[waypoint_follower-12] [INFO] [1789661551.134533001] [waypoint_follower]: Creating bond (waypoint_follower) to lifecycle manager.
[lifecycle_manager-13] [INFO] [1789661551.264032830] [lifecycle_manager_navigation]: Server waypoint_follower connected with bond.
[lifecycle_manager-13] [INFO] [1789661551.264102539] [lifecycle_manager_navigation]: [34m[1mManaged nodes are active[0m[0m
[lifecycle_manager-13] [INFO] [1789661551.264120930] [lifecycle_manager_navigation]: [34m[1mCreating bond timer...[0m[0m
[spawner-16] [INFO] [1789661552.032535321] [spawn_steering_controller]: waiting for service /controller_manager/list_controllers to become available...
[gzserver-1] [INFO] [1789661552.636401676] [controller_manager]: Loading controller 'steering_controller'
[spawner-16] [INFO] [1789661553.106076382] [spawn_steering_controller]: [94mLoaded [1msteering_controller[0m
[gzserver-1] [INFO] [1789661553.119521196] [controller_manager]: Configuring controller 'steering_controller'
[gzserver-1] [INFO] [1789661553.129314355] [steering_controller]: configure successful
[gzserver-1] [INFO] [1789661553.169044320] [steering_controller]: activate successful
[spawner-16] [INFO] [1789661553.186538423] [spawn_steering_controller]: [92mConfigured and activated [1msteering_controller[0m
[INFO] [spawner-16]: process has finished cleanly [pid 236694]
[INFO] [spawner-17]: process started with pid [236709]
[spawner-17] [INFO] [1789661555.083133741] [spawn_drive_controller]: waiting for service /controller_manager/list_controllers to become available...
[gzserver-1] [INFO] [1789661558.376597812] [controller_manager]: Loading controller 'drive_controller'
[spawner-17] [INFO] [1789661558.757626373] [spawn_drive_controller]: [94mLoaded [1mdrive_controller[0m
[gzserver-1] [INFO] [1789661558.772430350] [controller_manager]: Configuring controller 'drive_controller'
[gzserver-1] [INFO] [1789661558.777562517] [drive_controller]: configure successful
[gzserver-1] [INFO] [1789661558.808387275] [drive_controller]: activate successful
[spawner-17] [INFO] [1789661558.828900436] [spawn_drive_controller]: [92mConfigured and activated [1mdrive_controller[0m
[INFO] [spawner-17]: process has finished cleanly [pid 236709]
[INFO] [swerve_controller_node-18]: process started with pid [236727]
[INFO] [swerve_odometry_node-19]: process started with pid [236729]
[swerve_odometry_node-19] [INFO] [1789661560.753114271] [swerve_odometry]: Encoder odometry ready: radius=0.0637 m, velocity_sign=+1.0
[swerve_controller_node-18] [INFO] [1789661560.911264534] [swerve_controller]: Swerve controller ready: radius=0.0675 m, modules={'front': (0.300042, 0.0), 'rear': (-0.300042, 0.0)}
[controller_server-8] [INFO] [1789661608.024437722] [rclcpp]: signal_handler(signum=2)
/opt/ros/humble/lib/python3.10/site-packages/launch/launch_service.py:339: RuntimeWarning: coroutine 'LaunchService._process_one_event' was never awaited
  continue
RuntimeWarning: Enable tracemalloc to get the object allocation traceback
[lifecycle_manager-13] [INFO] [1789661608.024661634] [rclcpp]: signal_handler(signum=2)
[lifecycle_manager-13] [INFO] [1789661608.025209454] [lifecycle_manager_navigation]: Running Nav2 LifecycleManager rcl preshutdown (lifecycle_manager_navigation)
[lifecycle_manager-13] [INFO] [1789661608.025270611] [lifecycle_manager_navigation]: [34m[1mTerminating bond timer...[0m[0m
[WARNING] [launch]: user interrupted with ctrl-c (SIGINT)
[behavior_server-10] [INFO] [1789661608.024897018] [rclcpp]: signal_handler(signum=2)
[behavior_server-10] [INFO] [1789661608.026890947] [behavior_server]: Running Nav2 LifecycleNode rcl preshutdown (behavior_server)
[behavior_server-10] [INFO] [1789661608.026970714] [behavior_server]: Deactivating
[behavior_server-10] [INFO] [1789661608.027011500] [behavior_server]: Destroying bond (behavior_server) to lifecycle manager.
[controller_server-8] [INFO] [1789661608.027552760] [controller_server]: Running Nav2 LifecycleNode rcl preshutdown (controller_server)
[controller_server-8] [INFO] [1789661608.031421446] [controller_server]: Deactivating
[controller_server-8] [INFO] [1789661608.031484825] [local_costmap.local_costmap]: Deactivating
[bt_navigator-11] [INFO] [1789661608.028155703] [rclcpp]: signal_handler(signum=2)
[bt_navigator-11] [INFO] [1789661608.028538726] [bt_navigator]: Running Nav2 LifecycleNode rcl preshutdown (bt_navigator)
[bt_navigator-11] [INFO] [1789661608.028614680] [bt_navigator]: Deactivating
[bt_navigator-11] [INFO] [1789661608.028653187] [bt_navigator]: Destroying bond (bt_navigator) to lifecycle manager.
[ekf_node-4] [INFO] [1789661608.028390405] [rclcpp]: signal_handler(signum=2)
[planner_server-9] [INFO] [1789661608.029843243] [rclcpp]: signal_handler(signum=2)
[planner_server-9] [INFO] [1789661608.029980666] [planner_server]: Running Nav2 LifecycleNode rcl preshutdown (planner_server)
[planner_server-9] [INFO] [1789661608.030054126] [planner_server]: Deactivating
[planner_server-9] [INFO] [1789661608.030093223] [global_costmap.global_costmap]: Deactivating
[waypoint_follower-12] [INFO] [1789661608.029983991] [rclcpp]: signal_handler(signum=2)
[waypoint_follower-12] [INFO] [1789661608.030746575] [waypoint_follower]: Running Nav2 LifecycleNode rcl preshutdown (waypoint_follower)
[waypoint_follower-12] [INFO] [1789661608.030812454] [waypoint_follower]: Deactivating
[waypoint_follower-12] [INFO] [1789661608.030842391] [waypoint_follower]: Destroying bond (waypoint_follower) to lifecycle manager.
[ekf_node-6] [INFO] [1789661608.032104841] [rclcpp]: signal_handler(signum=2)
[robot_state_publisher-2] [INFO] [1789661608.032873895] [rclcpp]: signal_handler(signum=2)
[map_server-7] [INFO] [1789661608.034528775] [rclcpp]: signal_handler(signum=2)
[map_server-7] [INFO] [1789661608.035432195] [map_server]: Running Nav2 LifecycleNode rcl preshutdown (map_server)
[map_server-7] [INFO] [1789661608.035544358] [map_server]: Deactivating
[map_server-7] [INFO] [1789661608.035573816] [map_server]: Destroying bond (map_server) to lifecycle manager.
[INFO] [swerve_odometry_node-19]: sending signal 'SIGINT' to process[swerve_odometry_node-19]
[INFO] [swerve_controller_node-18]: sending signal 'SIGINT' to process[swerve_controller_node-18]
[INFO] [lifecycle_manager-13]: sending signal 'SIGINT' to process[lifecycle_manager-13]
[INFO] [waypoint_follower-12]: sending signal 'SIGINT' to process[waypoint_follower-12]
[INFO] [bt_navigator-11]: sending signal 'SIGINT' to process[bt_navigator-11]
[INFO] [behavior_server-10]: sending signal 'SIGINT' to process[behavior_server-10]
[INFO] [planner_server-9]: sending signal 'SIGINT' to process[planner_server-9]
[INFO] [controller_server-8]: sending signal 'SIGINT' to process[controller_server-8]
[INFO] [map_server-7]: sending signal 'SIGINT' to process[map_server-7]
[INFO] [ekf_node-6]: sending signal 'SIGINT' to process[ekf_node-6]
[INFO] [v30e_sim_node-5]: sending signal 'SIGINT' to process[v30e_sim_node-5]
[INFO] [ekf_node-4]: sending signal 'SIGINT' to process[ekf_node-4]
[INFO] [robot_state_publisher-2]: sending signal 'SIGINT' to process[robot_state_publisher-2]
[INFO] [gzserver-1]: sending signal 'SIGINT' to process[gzserver-1]
[behavior_server-10] [INFO] [1789661608.041643264] [behavior_server]: Cleaning up
[bt_navigator-11] [INFO] [1789661608.071458234] [bt_navigator]: Cleaning up
[controller_server-8] [INFO] [1789661608.075081861] [controller_server]: Destroying bond (controller_server) to lifecycle manager.
[map_server-7] [INFO] [1789661608.081102824] [map_server]: Cleaning up
[map_server-7] [INFO] [1789661608.081253349] [map_server]: Destroying bond (map_server) to lifecycle manager.
[waypoint_follower-12] [INFO] [1789661608.100636985] [waypoint_follower]: Cleaning up
[lifecycle_manager-13] [INFO] [1789661608.100891745] [rclcpp]: signal_handler(signum=2)
[waypoint_follower-12] [INFO] [1789661608.108162912] [rclcpp]: signal_handler(signum=2)
[swerve_controller_node-18] Traceback (most recent call last):
[swerve_controller_node-18]   File "/home/yahboom/swerve_bringup/install/swerve_bringup/lib/swerve_bringup/swerve_controller_node", line 192, in <module>
[swerve_controller_node-18]     main()
[swerve_controller_node-18]   File "/home/yahboom/swerve_bringup/install/swerve_bringup/lib/swerve_bringup/swerve_controller_node", line 187, in main
[swerve_controller_node-18]     node.destroy_node()
[swerve_controller_node-18]   File "/opt/ros/humble/local/lib/python3.10/dist-packages/rclpy/node.py", line 1687, in destroy_node
[swerve_controller_node-18]     self.destroy_subscription(self._subscriptions[0])
[swerve_controller_node-18]   File "/opt/ros/humble/local/lib/python3.10/dist-packages/rclpy/node.py", line 1583, in destroy_subscription
[swerve_controller_node-18]     subscription.destroy()
[swerve_controller_node-18]   File "/opt/ros/humble/local/lib/python3.10/dist-packages/rclpy/subscription.py", line 80, in destroy
[swerve_controller_node-18]     self.handle.destroy_when_not_in_use()
[swerve_controller_node-18] KeyboardInterrupt
[bt_navigator-11] [INFO] [1789661608.116274863] [rclcpp]: signal_handler(signum=2)
[behavior_server-10] [INFO] [1789661608.119924773] [rclcpp]: signal_handler(signum=2)
[planner_server-9] [INFO] [1789661608.126137691] [rclcpp]: signal_handler(signum=2)
[swerve_odometry_node-19] Traceback (most recent call last):
[swerve_odometry_node-19]   File "/home/yahboom/swerve_bringup/install/swerve_bringup/lib/swerve_bringup/swerve_odometry_node", line 221, in <module>
[swerve_odometry_node-19]     main()
[swerve_odometry_node-19]   File "/home/yahboom/swerve_bringup/install/swerve_bringup/lib/swerve_bringup/swerve_odometry_node", line 215, in main
[swerve_odometry_node-19]     node.destroy_node()
[swerve_odometry_node-19]   File "/opt/ros/humble/local/lib/python3.10/dist-packages/rclpy/node.py", line 1685, in destroy_node
[swerve_odometry_node-19]     self.destroy_publisher(self._publishers[0])
[swerve_odometry_node-19]   File "/opt/ros/humble/local/lib/python3.10/dist-packages/rclpy/node.py", line 1565, in destroy_publisher
[swerve_odometry_node-19]     publisher.destroy()
[swerve_odometry_node-19]   File "/opt/ros/humble/local/lib/python3.10/dist-packages/rclpy/publisher.py", line 99, in destroy
[swerve_odometry_node-19]     self.__publisher.destroy_when_not_in_use()
[swerve_odometry_node-19] KeyboardInterrupt
[controller_server-8] [INFO] [1789661608.130350372] [rclcpp]: signal_handler(signum=2)
[map_server-7] [INFO] [1789661608.138984736] [rclcpp]: signal_handler(signum=2)
[ekf_node-6] [INFO] [1789661608.148751807] [rclcpp]: signal_handler(signum=2)
[controller_server-8] [INFO] [1789661608.155312914] [controller_server]: Cleaning up
[controller_server-8] [INFO] [1789661608.155481847] [local_costmap.local_costmap]: Cleaning up
[robot_state_publisher-2] [INFO] [1789661608.166618736] [rclcpp]: signal_handler(signum=2)
[ERROR] [ekf_node-4]: process has died [pid 236221, exit code -2, cmd '/opt/ros/humble/lib/robot_localization/ekf_node --ros-args -r __node:=ekf_filter_node --params-file /home/yahboom/swerve_bringup/install/swerve_bringup/share/swerve_bringup/config/ekf.yaml --params-file /tmp/launch_params_fgsilv3j -r /odom:=/odom -r /imu/data:=/imu/data'].
[planner_server-9] [INFO] [1789661608.506565920] [planner_server]: Deactivating plugin GridBased of type NavfnPlanner
[planner_server-9] [INFO] [1789661608.506638476] [planner_server]: Destroying bond (planner_server) to lifecycle manager.
[planner_server-9] [INFO] [1789661610.214088207] [planner_server]: Cleaning up
[map_server-7] [INFO] [1789661610.237551124] [map_server]: Destroying
[behavior_server-10] [INFO] [1789661610.255324480] [behavior_server]: Destroying bond (behavior_server) to lifecycle manager.
[planner_server-9] [INFO] [1789661610.310226233] [global_costmap.global_costmap]: Cleaning up
[planner_server-9] [INFO] [1789661610.385620155] [planner_server]: Cleaning up plugin GridBased of type NavfnPlanner
[planner_server-9] [INFO] [1789661610.385724671] [planner_server]: Destroying plugin GridBased of type NavfnPlanner
[behavior_server-10] [INFO] [1789661610.387411021] [behavior_server]: Destroying
[controller_server-8] [INFO] [1789661610.392678640] [controller_server]: Destroying bond (controller_server) to lifecycle manager.
[controller_server-8] [INFO] [1789661610.410371268] [local_costmap.local_costmap]: Destroying
[lifecycle_manager-13] [INFO] [1789661610.438669233] [lifecycle_manager_navigation]: Destroying lifecycle_manager_navigation
[planner_server-9] [INFO] [1789661610.450449241] [planner_server]: Destroying bond (planner_server) to lifecycle manager.
[INFO] [map_server-7]: process has finished cleanly [pid 236227]
[planner_server-9] [INFO] [1789661610.484729174] [global_costmap.global_costmap]: Destroying
[controller_server-8] [INFO] [1789661610.501408095] [controller_server]: Destroying
[INFO] [ekf_node-6]: process has finished cleanly [pid 236225]
[planner_server-9] [INFO] [1789661610.566737964] [planner_server]: Destroying
[INFO] [behavior_server-10]: process has finished cleanly [pid 236247]
[INFO] [lifecycle_manager-13]: process has finished cleanly [pid 236263]
[INFO] [controller_server-8]: process has finished cleanly [pid 236229]
[INFO] [planner_server-9]: process has finished cleanly [pid 236233]
[INFO] [robot_state_publisher-2]: process has finished cleanly [pid 236217]
[v30e_sim_node-5] Traceback (most recent call last):
[v30e_sim_node-5]   File "/home/yahboom/swerve_bringup/install/swerve_bringup/lib/swerve_bringup/v30e_sim_node", line 188, in <module>
[v30e_sim_node-5]     if __name__ == '__main__': main()
[v30e_sim_node-5]   File "/home/yahboom/swerve_bringup/install/swerve_bringup/lib/swerve_bringup/v30e_sim_node", line 185, in main
[v30e_sim_node-5]     node.destroy_node(); rclpy.shutdown()
[v30e_sim_node-5]   File "/opt/ros/humble/local/lib/python3.10/dist-packages/rclpy/node.py", line 1685, in destroy_node
[v30e_sim_node-5]     self.destroy_publisher(self._publishers[0])
[v30e_sim_node-5]   File "/opt/ros/humble/local/lib/python3.10/dist-packages/rclpy/node.py", line 1565, in destroy_publisher
[v30e_sim_node-5]     publisher.destroy()
[v30e_sim_node-5]   File "/opt/ros/humble/local/lib/python3.10/dist-packages/rclpy/publisher.py", line 99, in destroy
[v30e_sim_node-5]     self.__publisher.destroy_when_not_in_use()
[v30e_sim_node-5] KeyboardInterrupt
[waypoint_follower-12] [INFO] [1789661611.311411001] [waypoint_follower]: Destroying bond (waypoint_follower) to lifecycle manager.
[ERROR] [swerve_controller_node-18]: process has died [pid 236727, exit code -2, cmd '/home/yahboom/swerve_bringup/install/swerve_bringup/lib/swerve_bringup/swerve_controller_node --ros-args -r __node:=swerve_controller --params-file /home/yahboom/swerve_bringup/install/swerve_bringup/share/swerve_bringup/config/swerve_controller.yaml --params-file /tmp/launch_params_y_88k6en'].
[waypoint_follower-12] [INFO] [1789661611.330364292] [waypoint_follower]: Destroying
[ERROR] [swerve_odometry_node-19]: process has died [pid 236729, exit code -2, cmd '/home/yahboom/swerve_bringup/install/swerve_bringup/lib/swerve_bringup/swerve_odometry_node --ros-args -r __node:=swerve_odometry --params-file /home/yahboom/swerve_bringup/install/swerve_bringup/share/swerve_bringup/config/swerve_odometry.yaml --params-file /tmp/launch_params_3yjc3dc7'].
[ERROR] [v30e_sim_node-5]: process has died [pid 236223, exit code -2, cmd '/home/yahboom/swerve_bringup/install/swerve_bringup/lib/swerve_bringup/v30e_sim_node --ros-args -r __node:=v30e_sim_node --params-file /home/yahboom/swerve_bringup/install/swerve_bringup/share/swerve_bringup/config/v30e_sim.yaml --params-file /tmp/launch_params_bxtchjc7'].
[INFO] [waypoint_follower-12]: process has finished cleanly [pid 236255]
[bt_navigator-11] [INFO] [1789661611.627998358] [bt_navigator]: Completed Cleaning up
[bt_navigator-11] [INFO] [1789661611.628102198] [bt_navigator]: Destroying bond (bt_navigator) to lifecycle manager.
[bt_navigator-11] [INFO] [1789661611.668715301] [bt_navigator]: Destroying
[INFO] [bt_navigator-11]: process has finished cleanly [pid 236251]
[INFO] [gzserver-1]: process has finished cleanly [pid 236215]
