[INFO] [launch]: All log files can be found below /home/yahboom/.ros/log/2026-09-17-21-02-53-821516-yahboom-virtual-machine-191866
[INFO] [launch]: Default logging verbosity is set to INFO
[INFO] [launch.user]: CONTACT_DIAGNOSTICS=true
[INFO] [gzserver-1]: process started with pid [191914]
[INFO] [robot_state_publisher-2]: process started with pid [191916]
[INFO] [spawn_entity.py-3]: process started with pid [191918]
[INFO] [ekf_node-4]: process started with pid [191920]
[INFO] [v30e_sim_node-5]: process started with pid [191922]
[INFO] [ekf_node-6]: process started with pid [191924]
[INFO] [map_server-7]: process started with pid [191926]
[INFO] [controller_server-8]: process started with pid [191928]
[INFO] [planner_server-9]: process started with pid [191931]
[INFO] [behavior_server-10]: process started with pid [191936]
[INFO] [bt_navigator-11]: process started with pid [191946]
[INFO] [waypoint_follower-12]: process started with pid [191960]
[INFO] [lifecycle_manager-13]: process started with pid [191963]
[INFO] [swerve_bridge_node-14]: process started with pid [191972]
[map_server-7] [INFO] [1789650177.005059986] [map_server]: 
[map_server-7] 	map_server lifecycle node launched. 
[map_server-7] 	Waiting on external lifecycle transitions to activate
[map_server-7] 	See https://design.ros2.org/articles/node_lifecycle.html for more information.
[map_server-7] [INFO] [1789650177.005248531] [map_server]: Creating
[waypoint_follower-12] [INFO] [1789650177.138975761] [waypoint_follower]: 
[waypoint_follower-12] 	waypoint_follower lifecycle node launched. 
[waypoint_follower-12] 	Waiting on external lifecycle transitions to activate
[waypoint_follower-12] 	See https://design.ros2.org/articles/node_lifecycle.html for more information.
[controller_server-8] [INFO] [1789650177.141446465] [controller_server]: 
[controller_server-8] 	controller_server lifecycle node launched. 
[controller_server-8] 	Waiting on external lifecycle transitions to activate
[controller_server-8] 	See https://design.ros2.org/articles/node_lifecycle.html for more information.
[waypoint_follower-12] [INFO] [1789650177.147978816] [waypoint_follower]: Creating
[behavior_server-10] [INFO] [1789650177.160040552] [behavior_server]: 
[behavior_server-10] 	behavior_server lifecycle node launched. 
[behavior_server-10] 	Waiting on external lifecycle transitions to activate
[behavior_server-10] 	See https://design.ros2.org/articles/node_lifecycle.html for more information.
[controller_server-8] [INFO] [1789650177.170293665] [controller_server]: Creating controller server
[robot_state_publisher-2] [INFO] [1789650177.175308463] [robot_state_publisher]: got segment base_footprint
[robot_state_publisher-2] [INFO] [1789650177.177990332] [robot_state_publisher]: got segment base_link
[robot_state_publisher-2] [INFO] [1789650177.178022321] [robot_state_publisher]: got segment imu_link
[robot_state_publisher-2] [INFO] [1789650177.178031385] [robot_state_publisher]: got segment lidar_link
[robot_state_publisher-2] [INFO] [1789650177.178038883] [robot_state_publisher]: got segment steer_front_link
[robot_state_publisher-2] [INFO] [1789650177.178046026] [robot_state_publisher]: got segment steer_rear_link
[robot_state_publisher-2] [INFO] [1789650177.178053048] [robot_state_publisher]: got segment v30e_link
[robot_state_publisher-2] [INFO] [1789650177.178059688] [robot_state_publisher]: got segment wheel_front_drive_link
[robot_state_publisher-2] [INFO] [1789650177.178067388] [robot_state_publisher]: got segment wheel_front_left_link
[robot_state_publisher-2] [INFO] [1789650177.178074708] [robot_state_publisher]: got segment wheel_front_right_link
[robot_state_publisher-2] [INFO] [1789650177.178081418] [robot_state_publisher]: got segment wheel_rear_drive_link
[robot_state_publisher-2] [INFO] [1789650177.178088203] [robot_state_publisher]: got segment wheel_rear_left_link
[robot_state_publisher-2] [INFO] [1789650177.178095132] [robot_state_publisher]: got segment wheel_rear_right_link
[lifecycle_manager-13] [INFO] [1789650177.233074577] [lifecycle_manager_navigation]: Creating
[bt_navigator-11] [INFO] [1789650177.267311710] [bt_navigator]: 
[bt_navigator-11] 	bt_navigator lifecycle node launched. 
[bt_navigator-11] 	Waiting on external lifecycle transitions to activate
[bt_navigator-11] 	See https://design.ros2.org/articles/node_lifecycle.html for more information.
[bt_navigator-11] [INFO] [1789650177.267516884] [bt_navigator]: Creating
[lifecycle_manager-13] [INFO] [1789650177.281514109] [lifecycle_manager_navigation]: [34m[1mCreating and initializing lifecycle service clients[0m[0m
[planner_server-9] [INFO] [1789650177.411344220] [planner_server]: 
[planner_server-9] 	planner_server lifecycle node launched. 
[planner_server-9] 	Waiting on external lifecycle transitions to activate
[planner_server-9] 	See https://design.ros2.org/articles/node_lifecycle.html for more information.
[planner_server-9] [INFO] [1789650177.419474309] [planner_server]: Creating
[swerve_bridge_node-14] Traceback (most recent call last):
[swerve_bridge_node-14]   File "/home/yahboom/swerve_bringup/install/swerve_bridge/lib/swerve_bridge/swerve_bridge_node", line 33, in <module>
[swerve_bridge_node-14]     sys.exit(load_entry_point('swerve-bridge', 'console_scripts', 'swerve_bridge_node')())
[swerve_bridge_node-14]   File "/home/yahboom/swerve_bringup/install/swerve_bridge/lib/swerve_bridge/swerve_bridge_node", line 22, in importlib_load_entry_point
[swerve_bridge_node-14]     for entry_point in distribution(dist_name).entry_points
[swerve_bridge_node-14]   File "/usr/lib/python3.10/importlib/metadata/__init__.py", line 969, in distribution
[swerve_bridge_node-14]     return Distribution.from_name(distribution_name)
[swerve_bridge_node-14]   File "/usr/lib/python3.10/importlib/metadata/__init__.py", line 548, in from_name
[swerve_bridge_node-14]     raise PackageNotFoundError(name)
[swerve_bridge_node-14] importlib.metadata.PackageNotFoundError: No package metadata was found for swerve-bridge
[ERROR] [swerve_bridge_node-14]: process has died [pid 191972, exit code 1, cmd '/home/yahboom/swerve_bringup/install/swerve_bridge/lib/swerve_bridge/swerve_bridge_node --ros-args -r __node:=swerve_bridge --params-file /home/yahboom/swerve_bringup/install/swerve_bridge/share/swerve_bridge/config/bridge.yaml --params-file /tmp/launch_params_76gmemi8'].
[controller_server-8] [INFO] [1789650177.680810236] [local_costmap.local_costmap]: 
[controller_server-8] 	local_costmap lifecycle node launched. 
[controller_server-8] 	Waiting on external lifecycle transitions to activate
[controller_server-8] 	See https://design.ros2.org/articles/node_lifecycle.html for more information.
[controller_server-8] [INFO] [1789650177.681385268] [local_costmap.local_costmap]: Creating Costmap
[planner_server-9] [INFO] [1789650177.746323422] [global_costmap.global_costmap]: 
[planner_server-9] 	global_costmap lifecycle node launched. 
[planner_server-9] 	Waiting on external lifecycle transitions to activate
[planner_server-9] 	See https://design.ros2.org/articles/node_lifecycle.html for more information.
[planner_server-9] [INFO] [1789650177.746889513] [global_costmap.global_costmap]: Creating Costmap
[lifecycle_manager-13] [INFO] [1789650178.088268359] [lifecycle_manager_navigation]: [34m[1mStarting managed nodes bringup...[0m[0m
[lifecycle_manager-13] [INFO] [1789650178.088343213] [lifecycle_manager_navigation]: [34m[1mConfiguring map_server[0m[0m
[map_server-7] [INFO] [1789650178.092454118] [map_server]: Configuring
[map_server-7] [INFO] [1789650178.092559276] [map_io]: Loading yaml file: /home/yahboom/swerve_bringup/install/swerve_bringup/share/swerve_bringup/swerve_navigation/maps/warehouse.yaml
[map_server-7] [INFO] [1789650178.092971265] [map_io]: resolution: 0.05
[map_server-7] [INFO] [1789650178.092988740] [map_io]: origin[0]: -17.2
[map_server-7] [INFO] [1789650178.092995339] [map_io]: origin[1]: -17.4
[map_server-7] [INFO] [1789650178.093000940] [map_io]: origin[2]: 0
[map_server-7] [INFO] [1789650178.093006982] [map_io]: free_thresh: 0.25
[map_server-7] [INFO] [1789650178.093012743] [map_io]: occupied_thresh: 0.65
[map_server-7] [INFO] [1789650178.093018869] [map_io]: mode: trinary
[map_server-7] [INFO] [1789650178.093024661] [map_io]: negate: 0
[map_server-7] [INFO] [1789650178.093334321] [map_io]: Loading image_file: /home/yahboom/swerve_bringup/install/swerve_bringup/share/swerve_bringup/swerve_navigation/maps/warehouse.pgm
[map_server-7] [INFO] [1789650178.195995718] [map_io]: Read map /home/yahboom/swerve_bringup/install/swerve_bringup/share/swerve_bringup/swerve_navigation/maps/warehouse.pgm: 676 X 680 map @ 0.05 m/cell
[lifecycle_manager-13] [INFO] [1789650178.313889912] [lifecycle_manager_navigation]: [34m[1mConfiguring controller_server[0m[0m
[controller_server-8] [INFO] [1789650178.329323422] [controller_server]: Configuring controller interface
[controller_server-8] [INFO] [1789650178.342600192] [controller_server]: getting goal checker plugins..
[controller_server-8] [INFO] [1789650178.342717976] [controller_server]: Controller frequency set to 10.0000Hz
[controller_server-8] [INFO] [1789650178.342762018] [local_costmap.local_costmap]: Configuring
[controller_server-8] [INFO] [1789650178.489569865] [local_costmap.local_costmap]: Using plugin "voxel_layer"
[controller_server-8] [INFO] [1789650178.553928904] [local_costmap.local_costmap]: Subscribed to Topics: lidar3d scan
[spawn_entity.py-3] [INFO] [1789650178.702525972] [spawn_swerve]: Spawn Entity started
[spawn_entity.py-3] [INFO] [1789650178.703071083] [spawn_swerve]: Loading entity published on topic robot_description
[controller_server-8] [INFO] [1789650178.726649499] [local_costmap.local_costmap]: Initialized plugin "voxel_layer"
[controller_server-8] [INFO] [1789650178.726703930] [local_costmap.local_costmap]: Using plugin "inflation_layer"
[spawn_entity.py-3] [INFO] [1789650178.739719068] [spawn_swerve]: Waiting for entity xml on robot_description
[controller_server-8] [INFO] [1789650178.751366196] [local_costmap.local_costmap]: Initialized plugin "inflation_layer"
[spawn_entity.py-3] [INFO] [1789650178.759849780] [spawn_swerve]: Waiting for service /spawn_entity, timeout = 30
[spawn_entity.py-3] [INFO] [1789650178.760271505] [spawn_swerve]: Waiting for service /spawn_entity
[controller_server-8] [INFO] [1789650178.840364652] [controller_server]: Created progress_checker : progress_checker of type nav2_controller::SimpleProgressChecker
[controller_server-8] [INFO] [1789650178.851292642] [controller_server]: Created goal checker : general_goal_checker of type nav2_controller::SimpleGoalChecker
[controller_server-8] [INFO] [1789650178.855025359] [controller_server]: Controller Server has general_goal_checker  goal checkers available.
[controller_server-8] [INFO] [1789650178.862567299] [controller_server]: Created controller : FollowPath of type dwb_core::DWBLocalPlanner
[controller_server-8] [INFO] [1789650178.892247751] [controller_server]: Setting transform_tolerance to 0.200000
[controller_server-8] [INFO] [1789650179.039620583] [controller_server]: Using critic "RotateToGoal" (dwb_critics::RotateToGoalCritic)
[controller_server-8] [INFO] [1789650179.050000425] [controller_server]: Critic plugin initialized
[controller_server-8] [INFO] [1789650179.050527568] [controller_server]: Using critic "Oscillation" (dwb_critics::OscillationCritic)
[controller_server-8] [INFO] [1789650179.053612118] [controller_server]: Critic plugin initialized
[controller_server-8] [INFO] [1789650179.056440036] [controller_server]: Using critic "BaseObstacle" (dwb_critics::BaseObstacleCritic)
[controller_server-8] [INFO] [1789650179.056979611] [controller_server]: Critic plugin initialized
[controller_server-8] [INFO] [1789650179.057662420] [controller_server]: Using critic "GoalAlign" (dwb_critics::GoalAlignCritic)
[controller_server-8] [INFO] [1789650179.057978343] [controller_server]: Critic plugin initialized
[controller_server-8] [INFO] [1789650179.058021635] [controller_server]: Using critic "PathAlign" (dwb_critics::PathAlignCritic)
[controller_server-8] [INFO] [1789650179.058185235] [controller_server]: Critic plugin initialized
[controller_server-8] [INFO] [1789650179.058207590] [controller_server]: Using critic "PathDist" (dwb_critics::PathDistCritic)
[controller_server-8] [INFO] [1789650179.062084529] [controller_server]: Critic plugin initialized
[controller_server-8] [INFO] [1789650179.063975303] [controller_server]: Using critic "GoalDist" (dwb_critics::GoalDistCritic)
[controller_server-8] [INFO] [1789650179.077953104] [controller_server]: Critic plugin initialized
[controller_server-8] [INFO] [1789650179.078191512] [controller_server]: Controller Server has FollowPath  controllers available.
[v30e_sim_node-5] [INFO] [1789650179.173393316] [v30e_sim_node]: Using Gazebo /get_entity_state internally; odometry is not a V30E measurement input
[lifecycle_manager-13] [INFO] [1789650179.207318052] [lifecycle_manager_navigation]: [34m[1mConfiguring planner_server[0m[0m
[planner_server-9] [INFO] [1789650179.208380771] [planner_server]: Configuring
[planner_server-9] [INFO] [1789650179.208453802] [global_costmap.global_costmap]: Configuring
[planner_server-9] [INFO] [1789650179.262061815] [global_costmap.global_costmap]: Using plugin "static_layer"
[planner_server-9] [INFO] [1789650179.279757618] [global_costmap.global_costmap]: Subscribing to the map topic (/map) with transient local durability
[planner_server-9] [INFO] [1789650179.289529079] [global_costmap.global_costmap]: Initialized plugin "static_layer"
[planner_server-9] [INFO] [1789650179.289625690] [global_costmap.global_costmap]: Using plugin "obstacle_layer"
[planner_server-9] [INFO] [1789650179.290850262] [global_costmap.global_costmap]: Subscribed to Topics: scan
[planner_server-9] [INFO] [1789650179.327584015] [global_costmap.global_costmap]: Initialized plugin "obstacle_layer"
[planner_server-9] [INFO] [1789650179.327654988] [global_costmap.global_costmap]: Using plugin "inflation_layer"
[planner_server-9] [INFO] [1789650179.335573893] [global_costmap.global_costmap]: Initialized plugin "inflation_layer"
[planner_server-9] [INFO] [1789650179.419733484] [planner_server]: Created global planner plugin GridBased of type nav2_navfn_planner/NavfnPlanner
[planner_server-9] [INFO] [1789650179.420062092] [planner_server]: Configuring plugin GridBased of type NavfnPlanner
[planner_server-9] [INFO] [1789650179.428113528] [planner_server]: Planner Server has GridBased  planners available.
[lifecycle_manager-13] [INFO] [1789650179.542364794] [lifecycle_manager_navigation]: [34m[1mConfiguring behavior_server[0m[0m
[behavior_server-10] [INFO] [1789650179.543127684] [behavior_server]: Configuring
[behavior_server-10] [INFO] [1789650179.589877511] [behavior_server]: Creating behavior plugin spin of type nav2_behaviors/Spin
[behavior_server-10] [INFO] [1789650179.590872155] [behavior_server]: Configuring spin
[behavior_server-10] [INFO] [1789650179.642017846] [behavior_server]: Creating behavior plugin backup of type nav2_behaviors/BackUp
[behavior_server-10] [INFO] [1789650179.643016309] [behavior_server]: Configuring backup
[behavior_server-10] [INFO] [1789650179.718482647] [behavior_server]: Creating behavior plugin drive_on_heading of type nav2_behaviors/DriveOnHeading
[behavior_server-10] [INFO] [1789650179.719599544] [behavior_server]: Configuring drive_on_heading
[behavior_server-10] [INFO] [1789650179.774907554] [behavior_server]: Creating behavior plugin wait of type nav2_behaviors/Wait
[behavior_server-10] [INFO] [1789650179.776264447] [behavior_server]: Configuring wait
[lifecycle_manager-13] [INFO] [1789650179.844347481] [lifecycle_manager_navigation]: [34m[1mConfiguring bt_navigator[0m[0m
[bt_navigator-11] [INFO] [1789650179.844928190] [bt_navigator]: Configuring
[lifecycle_manager-13] [INFO] [1789650180.416704299] [lifecycle_manager_navigation]: [34m[1mConfiguring waypoint_follower[0m[0m
[waypoint_follower-12] [INFO] [1789650180.419708919] [waypoint_follower]: Configuring
[waypoint_follower-12] [INFO] [1789650180.509151071] [waypoint_follower]: Created waypoint_task_executor : wait_at_waypoint of type nav2_waypoint_follower::WaitAtWaypoint
[waypoint_follower-12] [INFO] [1789650180.510207996] [waypoint_follower]: Waypoint pause duration is set to zero, disabling task executor plugin.
[lifecycle_manager-13] [INFO] [1789650180.514109522] [lifecycle_manager_navigation]: [34m[1mActivating map_server[0m[0m
[map_server-7] [INFO] [1789650180.514659951] [map_server]: Activating
[map_server-7] [INFO] [1789650180.515827350] [map_server]: Creating bond (map_server) to lifecycle manager.
[planner_server-9] [INFO] [1789650180.516839124] [global_costmap.global_costmap]: StaticLayer: Resizing costmap to 676 X 680 at 0.050000 m/pix
[lifecycle_manager-13] [INFO] [1789650180.647228974] [lifecycle_manager_navigation]: Server map_server connected with bond.
[lifecycle_manager-13] [INFO] [1789650180.647300976] [lifecycle_manager_navigation]: [34m[1mActivating controller_server[0m[0m
[controller_server-8] [INFO] [1789650180.649089796] [controller_server]: Activating
[controller_server-8] [INFO] [1789650180.649153358] [local_costmap.local_costmap]: Activating
[controller_server-8] [INFO] [1789650180.649175067] [local_costmap.local_costmap]: Checking transform
[controller_server-8] [INFO] [1789650180.649211092] [local_costmap.local_costmap]: Timed out waiting for transform from base_footprint to odom to become available, tf error: Invalid frame ID "odom" passed to canTransform argument target_frame - frame does not exist
[controller_server-8] [INFO] [1789650181.149876181] [local_costmap.local_costmap]: Timed out waiting for transform from base_footprint to odom to become available, tf error: Invalid frame ID "odom" passed to canTransform argument target_frame - frame does not exist
[controller_server-8] [INFO] [1789650181.649511468] [local_costmap.local_costmap]: Timed out waiting for transform from base_footprint to odom to become available, tf error: Invalid frame ID "odom" passed to canTransform argument target_frame - frame does not exist
[controller_server-8] [INFO] [1789650182.149346793] [local_costmap.local_costmap]: Timed out waiting for transform from base_footprint to odom to become available, tf error: Invalid frame ID "odom" passed to canTransform argument target_frame - frame does not exist
[controller_server-8] [INFO] [1789650182.649360892] [local_costmap.local_costmap]: Timed out waiting for transform from base_footprint to odom to become available, tf error: Invalid frame ID "odom" passed to canTransform argument target_frame - frame does not exist
[controller_server-8] [INFO] [1789650183.149689140] [local_costmap.local_costmap]: Timed out waiting for transform from base_footprint to odom to become available, tf error: Invalid frame ID "odom" passed to canTransform argument target_frame - frame does not exist
[controller_server-8] [INFO] [1789650183.650425834] [local_costmap.local_costmap]: Timed out waiting for transform from base_footprint to odom to become available, tf error: Invalid frame ID "odom" passed to canTransform argument target_frame - frame does not exist
[controller_server-8] [INFO] [1789650184.149501311] [local_costmap.local_costmap]: Timed out waiting for transform from base_footprint to odom to become available, tf error: Invalid frame ID "odom" passed to canTransform argument target_frame - frame does not exist
[controller_server-8] [INFO] [1789650184.653195214] [local_costmap.local_costmap]: Timed out waiting for transform from base_footprint to odom to become available, tf error: Invalid frame ID "odom" passed to canTransform argument target_frame - frame does not exist
[controller_server-8] [INFO] [1789650185.152802891] [local_costmap.local_costmap]: Timed out waiting for transform from base_footprint to odom to become available, tf error: Invalid frame ID "odom" passed to canTransform argument target_frame - frame does not exist
[spawn_entity.py-3] [INFO] [1789650185.349167053] [spawn_swerve]: Calling service /spawn_entity
[gzserver-1] [INFO] [1789650185.580336045] [gazebo_ros_state]: Publishing states of gazebo models at [/model_states]
[gzserver-1] [INFO] [1789650185.592156667] [gazebo_ros_state]: Publishing states of gazebo links at [/link_states]
[controller_server-8] [INFO] [1789650185.651702813] [local_costmap.local_costmap]: Timed out waiting for transform from base_footprint to odom to become available, tf error: Invalid frame ID "odom" passed to canTransform argument target_frame - frame does not exist
[gzserver-1] [INFO] [1789650186.148427301] [imu.imu_ros]: <initial_orientation_as_reference> is unset, using default value of false to comply with REP 145 (world as orientation reference)
[controller_server-8] [INFO] [1789650186.149448502] [local_costmap.local_costmap]: Timed out waiting for transform from base_footprint to odom to become available, tf error: Invalid frame ID "odom" passed to canTransform argument target_frame - frame does not exist
[controller_server-8] [INFO] [1789650186.649756550] [local_costmap.local_costmap]: Timed out waiting for transform from base_footprint to odom to become available, tf error: Invalid frame ID "odom" passed to canTransform argument target_frame - frame does not exist
[controller_server-8] [INFO] [1789650187.153216558] [local_costmap.local_costmap]: Timed out waiting for transform from base_footprint to odom to become available, tf error: Invalid frame ID "odom" passed to canTransform argument target_frame - frame does not exist
[controller_server-8] [INFO] [1789650187.650276511] [local_costmap.local_costmap]: Timed out waiting for transform from base_footprint to odom to become available, tf error: Invalid frame ID "odom" passed to canTransform argument target_frame - frame does not exist
[controller_server-8] [INFO] [1789650188.151085480] [local_costmap.local_costmap]: Timed out waiting for transform from base_footprint to odom to become available, tf error: Invalid frame ID "odom" passed to canTransform argument target_frame - frame does not exist
[controller_server-8] [INFO] [1789650188.650303695] [local_costmap.local_costmap]: Timed out waiting for transform from base_footprint to odom to become available, tf error: Invalid frame ID "odom" passed to canTransform argument target_frame - frame does not exist
[controller_server-8] [INFO] [1789650189.149711782] [local_costmap.local_costmap]: Timed out waiting for transform from base_footprint to odom to become available, tf error: Invalid frame ID "odom" passed to canTransform argument target_frame - frame does not exist
[controller_server-8] [INFO] [1789650189.650561969] [local_costmap.local_costmap]: Timed out waiting for transform from base_footprint to odom to become available, tf error: Invalid frame ID "odom" passed to canTransform argument target_frame - frame does not exist
[controller_server-8] [INFO] [1789650190.149420213] [local_costmap.local_costmap]: Timed out waiting for transform from base_footprint to odom to become available, tf error: Invalid frame ID "odom" passed to canTransform argument target_frame - frame does not exist
[controller_server-8] [INFO] [1789650190.650085972] [local_costmap.local_costmap]: Timed out waiting for transform from base_footprint to odom to become available, tf error: Invalid frame ID "odom" passed to canTransform argument target_frame - frame does not exist
[controller_server-8] [INFO] [1789650191.151044013] [local_costmap.local_costmap]: Timed out waiting for transform from base_footprint to odom to become available, tf error: Invalid frame ID "odom" passed to canTransform argument target_frame - frame does not exist
[controller_server-8] [INFO] [1789650191.651896184] [local_costmap.local_costmap]: Timed out waiting for transform from base_footprint to odom to become available, tf error: Invalid frame ID "odom" passed to canTransform argument target_frame - frame does not exist
[controller_server-8] [INFO] [1789650192.150464031] [local_costmap.local_costmap]: Timed out waiting for transform from base_footprint to odom to become available, tf error: Invalid frame ID "odom" passed to canTransform argument target_frame - frame does not exist
[controller_server-8] [INFO] [1789650192.661907348] [local_costmap.local_costmap]: Timed out waiting for transform from base_footprint to odom to become available, tf error: Invalid frame ID "odom" passed to canTransform argument target_frame - frame does not exist
[controller_server-8] [INFO] [1789650193.151744008] [local_costmap.local_costmap]: Timed out waiting for transform from base_footprint to odom to become available, tf error: Invalid frame ID "odom" passed to canTransform argument target_frame - frame does not exist
[controller_server-8] [INFO] [1789650193.649625498] [local_costmap.local_costmap]: Timed out waiting for transform from base_footprint to odom to become available, tf error: Invalid frame ID "odom" passed to canTransform argument target_frame - frame does not exist
[controller_server-8] [INFO] [1789650194.151601945] [local_costmap.local_costmap]: Timed out waiting for transform from base_footprint to odom to become available, tf error: Invalid frame ID "odom" passed to canTransform argument target_frame - frame does not exist
[controller_server-8] [INFO] [1789650194.651095732] [local_costmap.local_costmap]: Timed out waiting for transform from base_footprint to odom to become available, tf error: Invalid frame ID "odom" passed to canTransform argument target_frame - frame does not exist
[controller_server-8] [INFO] [1789650195.149704220] [local_costmap.local_costmap]: Timed out waiting for transform from base_footprint to odom to become available, tf error: Invalid frame ID "odom" passed to canTransform argument target_frame - frame does not exist
[controller_server-8] [INFO] [1789650195.649350454] [local_costmap.local_costmap]: Timed out waiting for transform from base_footprint to odom to become available, tf error: Invalid frame ID "odom" passed to canTransform argument target_frame - frame does not exist
[controller_server-8] [INFO] [1789650196.153122502] [local_costmap.local_costmap]: Timed out waiting for transform from base_footprint to odom to become available, tf error: Invalid frame ID "odom" passed to canTransform argument target_frame - frame does not exist
[controller_server-8] [INFO] [1789650196.651102335] [local_costmap.local_costmap]: Timed out waiting for transform from base_footprint to odom to become available, tf error: Invalid frame ID "odom" passed to canTransform argument target_frame - frame does not exist
[controller_server-8] [INFO] [1789650197.154843180] [local_costmap.local_costmap]: Timed out waiting for transform from base_footprint to odom to become available, tf error: Invalid frame ID "odom" passed to canTransform argument target_frame - frame does not exist
[controller_server-8] [INFO] [1789650197.650640361] [local_costmap.local_costmap]: Timed out waiting for transform from base_footprint to odom to become available, tf error: Invalid frame ID "odom" passed to canTransform argument target_frame - frame does not exist
[controller_server-8] [INFO] [1789650198.150013788] [local_costmap.local_costmap]: Timed out waiting for transform from base_footprint to odom to become available, tf error: Invalid frame ID "odom" passed to canTransform argument target_frame - frame does not exist
[controller_server-8] [INFO] [1789650198.650880768] [local_costmap.local_costmap]: Timed out waiting for transform from base_footprint to odom to become available, tf error: Invalid frame ID "odom" passed to canTransform argument target_frame - frame does not exist
[controller_server-8] [INFO] [1789650199.149574961] [local_costmap.local_costmap]: Timed out waiting for transform from base_footprint to odom to become available, tf error: Invalid frame ID "odom" passed to canTransform argument target_frame - frame does not exist
[controller_server-8] [INFO] [1789650199.649656516] [local_costmap.local_costmap]: Timed out waiting for transform from base_footprint to odom to become available, tf error: Invalid frame ID "odom" passed to canTransform argument target_frame - frame does not exist
[controller_server-8] [INFO] [1789650200.149621696] [local_costmap.local_costmap]: Timed out waiting for transform from base_footprint to odom to become available, tf error: Invalid frame ID "odom" passed to canTransform argument target_frame - frame does not exist
[controller_server-8] [INFO] [1789650200.650953816] [local_costmap.local_costmap]: Timed out waiting for transform from base_footprint to odom to become available, tf error: Invalid frame ID "odom" passed to canTransform argument target_frame - frame does not exist
[gzserver-1] [INFO] [1789650201.128872501] [contact_load.wheel_front_drive_link_contact_plugin]: Publishing contact states to [/contact_load/wheel_front_drive_link]
[controller_server-8] [INFO] [1789650201.149380554] [local_costmap.local_costmap]: Timed out waiting for transform from base_footprint to odom to become available, tf error: Invalid frame ID "odom" passed to canTransform argument target_frame - frame does not exist
[gzserver-1] [INFO] [1789650201.238439165] [contact_load.wheel_rear_drive_link_contact_plugin]: Publishing contact states to [/contact_load/wheel_rear_drive_link]
[gzserver-1] [INFO] [1789650201.375785154] [contact_load.wheel_front_left_link_contact_plugin]: Publishing contact states to [/contact_load/wheel_front_left_link]
[gzserver-1] [INFO] [1789650201.498457901] [contact_load.wheel_front_right_link_contact_plugin]: Publishing contact states to [/contact_load/wheel_front_right_link]
[gzserver-1] [INFO] [1789650201.632478405] [contact_load.wheel_rear_left_link_contact_plugin]: Publishing contact states to [/contact_load/wheel_rear_left_link]
[controller_server-8] [INFO] [1789650201.651759529] [local_costmap.local_costmap]: Timed out waiting for transform from base_footprint to odom to become available, tf error: Invalid frame ID "odom" passed to canTransform argument target_frame - frame does not exist
[spawn_entity.py-3] [INFO] [1789650201.660251225] [spawn_swerve]: Spawn status: SpawnEntity: Successfully spawned entity [swerve_base]
[gzserver-1] [INFO] [1789650201.854848796] [contact_load.wheel_rear_right_link_contact_plugin]: Publishing contact states to [/contact_load/wheel_rear_right_link]
[gzserver-1] [INFO] [1789650201.937208101] [gazebo_ros2_control]: Loading gazebo_ros2_control plugin
[gzserver-1] [INFO] [1789650202.022964656] [gazebo_ros2_control]: Starting gazebo_ros2_control plugin in namespace: /
[gzserver-1] [INFO] [1789650202.023149662] [gazebo_ros2_control]: Starting gazebo_ros2_control plugin in ros 2 node: gazebo_ros2_control
[INFO] [spawn_entity.py-3]: process has finished cleanly [pid 191918]
[INFO] [spawner-15]: process started with pid [192535]
[gzserver-1] [INFO] [1789650202.100490935] [gazebo_ros2_control]: connected to service!! robot_state_publisher
[gzserver-1] [INFO] [1789650202.105612667] [gazebo_ros2_control]: Received urdf from param server, parsing...
[gzserver-1] [INFO] [1789650202.105768108] [gazebo_ros2_control]: Loading parameter files /home/yahboom/swerve_bringup/install/swerve_bringup/share/swerve_bringup/config/controllers.yaml
[controller_server-8] [INFO] [1789650202.149749714] [local_costmap.local_costmap]: Timed out waiting for transform from base_footprint to odom to become available, tf error: Invalid frame ID "odom" passed to canTransform argument target_frame - frame does not exist
[gzserver-1] [INFO] [1789650202.150908775] [gazebo_ros2_control]: Loading joint: steer_front_joint
[gzserver-1] [INFO] [1789650202.150968663] [gazebo_ros2_control]: 	State:
[gzserver-1] [INFO] [1789650202.150985049] [gazebo_ros2_control]: 		 position
[gzserver-1] [INFO] [1789650202.150997941] [gazebo_ros2_control]: 		 velocity
[gzserver-1] [INFO] [1789650202.151008574] [gazebo_ros2_control]: 	Command:
[gzserver-1] [INFO] [1789650202.151018268] [gazebo_ros2_control]: 		 position
[gzserver-1] [INFO] [1789650202.156726443] [gazebo_ros2_control]: Loading joint: steer_rear_joint
[gzserver-1] [INFO] [1789650202.156782512] [gazebo_ros2_control]: 	State:
[gzserver-1] [INFO] [1789650202.156795866] [gazebo_ros2_control]: 		 position
[gzserver-1] [INFO] [1789650202.156807471] [gazebo_ros2_control]: 		 velocity
[gzserver-1] [INFO] [1789650202.156817037] [gazebo_ros2_control]: 	Command:
[gzserver-1] [INFO] [1789650202.156826031] [gazebo_ros2_control]: 		 position
[gzserver-1] [INFO] [1789650202.162102000] [gazebo_ros2_control]: Loading joint: wheel_front_drive_joint
[gzserver-1] [INFO] [1789650202.162778045] [gazebo_ros2_control]: 	State:
[gzserver-1] [INFO] [1789650202.162799754] [gazebo_ros2_control]: 		 position
[gzserver-1] [INFO] [1789650202.162811945] [gazebo_ros2_control]: 		 velocity
[gzserver-1] [INFO] [1789650202.162821678] [gazebo_ros2_control]: 	Command:
[gzserver-1] [INFO] [1789650202.162845013] [gazebo_ros2_control]: 		 velocity
[gzserver-1] [INFO] [1789650202.166812718] [gazebo_ros2_control]: Loading joint: wheel_rear_drive_joint
[gzserver-1] [INFO] [1789650202.166859033] [gazebo_ros2_control]: 	State:
[gzserver-1] [INFO] [1789650202.166871565] [gazebo_ros2_control]: 		 position
[gzserver-1] [INFO] [1789650202.166881363] [gazebo_ros2_control]: 		 velocity
[gzserver-1] [INFO] [1789650202.166890149] [gazebo_ros2_control]: 	Command:
[gzserver-1] [INFO] [1789650202.166917729] [gazebo_ros2_control]: 		 velocity
[gzserver-1] [INFO] [1789650202.171257497] [resource_manager]: Initialize hardware 'GazeboSystem' 
[gzserver-1] [INFO] [1789650202.171528680] [resource_manager]: Successful initialization of hardware 'GazeboSystem'
[gzserver-1] [INFO] [1789650202.171691871] [resource_manager]: 'configure' hardware 'GazeboSystem' 
[gzserver-1] [INFO] [1789650202.171709685] [resource_manager]: Successful 'configure' of hardware 'GazeboSystem'
[gzserver-1] [INFO] [1789650202.171717721] [resource_manager]: 'activate' hardware 'GazeboSystem' 
[gzserver-1] [INFO] [1789650202.171724820] [resource_manager]: Successful 'activate' of hardware 'GazeboSystem'
[gzserver-1] [INFO] [1789650202.171893013] [gazebo_ros2_control]: Loading controller_manager
[gzserver-1] [WARN] [1789650202.418166929] [gazebo_ros2_control]:  Desired controller update period (0.01 s) is slower than the gazebo simulation period (0.001 s).
[gzserver-1] [INFO] [1789650202.420215229] [gazebo_ros2_control]: Loaded gazebo_ros2_control.
[controller_server-8] [INFO] [1789650202.649651789] [local_costmap.local_costmap]: Timed out waiting for transform from base_footprint to odom to become available, tf error: Invalid frame ID "odom" passed to canTransform argument target_frame - frame does not exist
[controller_server-8] [INFO] [1789650203.151366577] [local_costmap.local_costmap]: start
[spawner-15] [INFO] [1789650203.160516608] [spawn_joint_state_broadcaster]: waiting for service /controller_manager/list_controllers to become available...
[controller_server-8] [INFO] [1789650203.317200509] [controller_server]: Creating bond (controller_server) to lifecycle manager.
[lifecycle_manager-13] [INFO] [1789650203.439455326] [lifecycle_manager_navigation]: Server controller_server connected with bond.
[lifecycle_manager-13] [INFO] [1789650203.439537962] [lifecycle_manager_navigation]: [34m[1mActivating planner_server[0m[0m
[planner_server-9] [INFO] [1789650203.440688688] [planner_server]: Activating
[planner_server-9] [INFO] [1789650203.440900099] [global_costmap.global_costmap]: Activating
[planner_server-9] [INFO] [1789650203.441130160] [global_costmap.global_costmap]: Checking transform
[planner_server-9] [INFO] [1789650203.441348184] [global_costmap.global_costmap]: start
[planner_server-9] [INFO] [1789650204.001831282] [planner_server]: Activating plugin GridBased of type NavfnPlanner
[planner_server-9] [INFO] [1789650204.018683093] [planner_server]: Creating bond (planner_server) to lifecycle manager.
[lifecycle_manager-13] [INFO] [1789650204.150184744] [lifecycle_manager_navigation]: Server planner_server connected with bond.
[lifecycle_manager-13] [INFO] [1789650204.150288043] [lifecycle_manager_navigation]: [34m[1mActivating behavior_server[0m[0m
[behavior_server-10] [INFO] [1789650204.151079382] [behavior_server]: Activating
[behavior_server-10] [INFO] [1789650204.151163238] [behavior_server]: Activating spin
[behavior_server-10] [INFO] [1789650204.151208260] [behavior_server]: Activating backup
[behavior_server-10] [INFO] [1789650204.151222978] [behavior_server]: Activating drive_on_heading
[behavior_server-10] [INFO] [1789650204.151235579] [behavior_server]: Activating wait
[behavior_server-10] [INFO] [1789650204.151253888] [behavior_server]: Creating bond (behavior_server) to lifecycle manager.
[lifecycle_manager-13] [INFO] [1789650204.284476136] [lifecycle_manager_navigation]: Server behavior_server connected with bond.
[lifecycle_manager-13] [INFO] [1789650204.284570530] [lifecycle_manager_navigation]: [34m[1mActivating bt_navigator[0m[0m
[bt_navigator-11] [INFO] [1789650204.285297255] [bt_navigator]: Activating
[bt_navigator-11] [INFO] [1789650205.144964210] [bt_navigator]: Creating bond (bt_navigator) to lifecycle manager.
[lifecycle_manager-13] [INFO] [1789650205.293744740] [lifecycle_manager_navigation]: Server bt_navigator connected with bond.
[lifecycle_manager-13] [INFO] [1789650205.293818785] [lifecycle_manager_navigation]: [34m[1mActivating waypoint_follower[0m[0m
[waypoint_follower-12] [INFO] [1789650205.295631990] [waypoint_follower]: Activating
[waypoint_follower-12] [INFO] [1789650205.295747149] [waypoint_follower]: Creating bond (waypoint_follower) to lifecycle manager.
[lifecycle_manager-13] [INFO] [1789650205.426217739] [lifecycle_manager_navigation]: Server waypoint_follower connected with bond.
[lifecycle_manager-13] [INFO] [1789650205.426295029] [lifecycle_manager_navigation]: [34m[1mManaged nodes are active[0m[0m
[lifecycle_manager-13] [INFO] [1789650205.426310965] [lifecycle_manager_navigation]: [34m[1mCreating bond timer...[0m[0m
[gzserver-1] [INFO] [1789650206.218551616] [controller_manager]: Loading controller 'joint_state_broadcaster'
[spawner-15] [INFO] [1789650206.375516090] [spawn_joint_state_broadcaster]: [94mLoaded [1mjoint_state_broadcaster[0m
[gzserver-1] [INFO] [1789650206.382104814] [controller_manager]: Configuring controller 'joint_state_broadcaster'
[gzserver-1] [INFO] [1789650206.382779209] [joint_state_broadcaster]: 'joints' or 'interfaces' parameter is empty. All available state interfaces will be published
[spawner-15] [INFO] [1789650206.866716764] [spawn_joint_state_broadcaster]: [92mConfigured and activated [1mjoint_state_broadcaster[0m
[INFO] [spawner-15]: process has finished cleanly [pid 192535]
[INFO] [spawner-16]: process started with pid [192616]
[spawner-16] [INFO] [1789650208.403110847] [spawn_steering_controller]: waiting for service /controller_manager/list_controllers to become available...
[gzserver-1] [INFO] [1789650208.684208148] [controller_manager]: Loading controller 'steering_controller'
[spawner-16] [INFO] [1789650209.252813935] [spawn_steering_controller]: [94mLoaded [1msteering_controller[0m
[gzserver-1] [INFO] [1789650209.260264114] [controller_manager]: Configuring controller 'steering_controller'
[gzserver-1] [INFO] [1789650209.281393529] [steering_controller]: configure successful
[gzserver-1] [INFO] [1789650209.666114304] [steering_controller]: activate successful
[spawner-16] [INFO] [1789650209.697878937] [spawn_steering_controller]: [92mConfigured and activated [1msteering_controller[0m
[INFO] [spawner-16]: process has finished cleanly [pid 192616]
[INFO] [spawner-17]: process started with pid [192691]
[spawner-17] [INFO] [1789650211.609840577] [spawn_drive_controller]: waiting for service /controller_manager/list_controllers to become available...
[gzserver-1] [INFO] [1789650212.382054663] [controller_manager]: Loading controller 'drive_controller'
[spawner-17] [INFO] [1789650212.660179330] [spawn_drive_controller]: [94mLoaded [1mdrive_controller[0m
[gzserver-1] [INFO] [1789650212.682820998] [controller_manager]: Configuring controller 'drive_controller'
[gzserver-1] [INFO] [1789650212.683988517] [drive_controller]: configure successful
[gzserver-1] [INFO] [1789650213.200974863] [drive_controller]: activate successful
[spawner-17] [INFO] [1789650213.246195525] [spawn_drive_controller]: [92mConfigured and activated [1mdrive_controller[0m
[INFO] [spawner-17]: process has finished cleanly [pid 192691]
[INFO] [swerve_controller_node-18]: process started with pid [192733]
[INFO] [swerve_odometry_node-19]: process started with pid [192735]
[swerve_controller_node-18] [INFO] [1789650215.892044593] [swerve_controller]: Swerve controller ready: radius=0.0675 m, modules={'front': (0.300042, 0.0), 'rear': (-0.300042, 0.0)}
[swerve_odometry_node-19] [INFO] [1789650215.951294611] [swerve_odometry]: Encoder odometry ready: radius=0.0637 m, velocity_sign=+1.0
[lifecycle_manager-13] [INFO] [1789650219.597008577] [rclcpp]: signal_handler(signum=2)
[lifecycle_manager-13] [INFO] [1789650219.597118146] [lifecycle_manager_navigation]: Running Nav2 LifecycleManager rcl preshutdown (lifecycle_manager_navigation)
[lifecycle_manager-13] [INFO] [1789650219.597170674] [lifecycle_manager_navigation]: [34m[1mTerminating bond timer...[0m[0m
[planner_server-9] [INFO] [1789650219.597026352] [rclcpp]: signal_handler(signum=2)
[planner_server-9] [INFO] [1789650219.599317804] [planner_server]: Running Nav2 LifecycleNode rcl preshutdown (planner_server)
[bt_navigator-11] [INFO] [1789650219.597115481] [rclcpp]: signal_handler(signum=2)
[bt_navigator-11] [INFO] [1789650219.597195959] [bt_navigator]: Running Nav2 LifecycleNode rcl preshutdown (bt_navigator)
[bt_navigator-11] [INFO] [1789650219.597276129] [bt_navigator]: Deactivating
[WARNING] [launch]: user interrupted with ctrl-c (SIGINT)
[controller_server-8] [INFO] [1789650219.597577433] [rclcpp]: signal_handler(signum=2)
[controller_server-8] [INFO] [1789650219.598215098] [controller_server]: Running Nav2 LifecycleNode rcl preshutdown (controller_server)
[controller_server-8] [INFO] [1789650219.598299977] [controller_server]: Deactivating
[controller_server-8] [INFO] [1789650219.598355620] [local_costmap.local_costmap]: Deactivating
[ekf_node-6] [INFO] [1789650219.598586742] [rclcpp]: signal_handler(signum=2)
[planner_server-9] [INFO] [1789650219.599395169] [planner_server]: Deactivating
[planner_server-9] [INFO] [1789650219.599435101] [global_costmap.global_costmap]: Deactivating
[ekf_node-4] [INFO] [1789650219.600788666] [rclcpp]: signal_handler(signum=2)
[robot_state_publisher-2] [INFO] [1789650219.601569619] [rclcpp]: signal_handler(signum=2)
[map_server-7] [INFO] [1789650219.602298388] [rclcpp]: signal_handler(signum=2)
[map_server-7] [INFO] [1789650219.602573108] [map_server]: Running Nav2 LifecycleNode rcl preshutdown (map_server)
[map_server-7] [INFO] [1789650219.602673265] [map_server]: Deactivating
[map_server-7] [INFO] [1789650219.602703218] [map_server]: Destroying bond (map_server) to lifecycle manager.
[waypoint_follower-12] [INFO] [1789650219.602959321] [rclcpp]: signal_handler(signum=2)
[behavior_server-10] [INFO] [1789650219.603013231] [rclcpp]: signal_handler(signum=2)
[waypoint_follower-12] [INFO] [1789650219.606051625] [waypoint_follower]: Running Nav2 LifecycleNode rcl preshutdown (waypoint_follower)
[waypoint_follower-12] [INFO] [1789650219.606157957] [waypoint_follower]: Deactivating
[waypoint_follower-12] [INFO] [1789650219.606191928] [waypoint_follower]: Destroying bond (waypoint_follower) to lifecycle manager.
[behavior_server-10] [INFO] [1789650219.606145662] [behavior_server]: Running Nav2 LifecycleNode rcl preshutdown (behavior_server)
[behavior_server-10] [INFO] [1789650219.606216940] [behavior_server]: Deactivating
[behavior_server-10] [INFO] [1789650219.606313530] [behavior_server]: Destroying bond (behavior_server) to lifecycle manager.
[INFO] [swerve_odometry_node-19]: sending signal 'SIGINT' to process[swerve_odometry_node-19]
[INFO] [swerve_controller_node-18]: sending signal 'SIGINT' to process[swerve_controller_node-18]
[INFO] [lifecycle_manager-13]: sending signal 'SIGINT' to process[lifecycle_manager-13]
[INFO] [waypoint_follower-12]: sending signal 'SIGINT' to process[waypoint_follower-12]
[INFO] [bt_navigator-11]: sending signal 'SIGINT' to process[bt_navigator-11]
[INFO] [behavior_server-10]: sending signal 'SIGINT' to process[behavior_server-10]
[INFO] [planner_server-9]: sending signal 'SIGINT' to process[planner_server-9]
[INFO] [controller_server-8]: sending signal 'SIGINT' to process[controller_server-8]
[INFO] [map_server-7]: sending signal 'SIGINT' to process[map_server-7]
[INFO] [ekf_node-6]: sending signal 'SIGINT' to process[ekf_node-6]
[INFO] [v30e_sim_node-5]: sending signal 'SIGINT' to process[v30e_sim_node-5]
[INFO] [ekf_node-4]: sending signal 'SIGINT' to process[ekf_node-4]
[INFO] [robot_state_publisher-2]: sending signal 'SIGINT' to process[robot_state_publisher-2]
[ERROR] [ekf_node-6]: process has died [pid 191924, exit code -2, cmd '/opt/ros/humble/lib/robot_localization/ekf_node --ros-args -r __node:=ekf_v30e --params-file /home/yahboom/swerve_bringup/install/swerve_bringup/share/swerve_bringup/config/v30e_localization_ekf.yaml --params-file /tmp/launch_params_fhk49xm8 -r odometry/filtered:=/odometry/v30e'].
[INFO] [gzserver-1]: sending signal 'SIGINT' to process[gzserver-1]
[bt_navigator-11] [INFO] [1789650219.597115481] [rclcpp]: signal_handler(signum=2)
[bt_navigator-11] [INFO] [1789650219.597195959] [bt_navigator]: Running Nav2 LifecycleNode rcl preshutdown (bt_navigator)
[bt_navigator-11] [INFO] [1789650219.597276129] [bt_navigator]: Deactivating
[bt_navigator-11] [INFO] [1789650219.597311437] [bt_navigator]: Destroying bond (bt_navigator) to lifecycle manager.
[bt_navigator-11] [INFO] [1789650219.613666036] [bt_navigator]: Cleaning up
[map_server-7] [INFO] [1789650219.617926274] [map_server]: Cleaning up
[map_server-7] [INFO] [1789650219.618090899] [map_server]: Destroying bond (map_server) to lifecycle manager.
[swerve_controller_node-18] Traceback (most recent call last):
[swerve_controller_node-18]   File "/home/yahboom/swerve_bringup/install/swerve_bringup/lib/swerve_bringup/swerve_controller_node", line 192, in <module>
[swerve_controller_node-18]     main()
[swerve_controller_node-18]   File "/home/yahboom/swerve_bringup/install/swerve_bringup/lib/swerve_bringup/swerve_controller_node", line 184, in main
[swerve_controller_node-18]     node.steer_pub.publish(Float64MultiArray(data=[
[swerve_controller_node-18]   File "/opt/ros/humble/local/lib/python3.10/dist-packages/rclpy/publisher.py", line 70, in publish
[swerve_controller_node-18]     self.__publisher.publish(msg)
[swerve_controller_node-18] rclpy._rclpy_pybind11.RCLError: Failed to publish: publisher's context is invalid, at ./src/rcl/publisher.c:389
[swerve_controller_node-18] Error in sys.excepthook:
[swerve_controller_node-18] Traceback (most recent call last):
[swerve_controller_node-18]   File "/usr/lib/python3/dist-packages/apport_python_hook.py", line 72, in apport_excepthook
[swerve_controller_node-18]     from apport.fileutils import likely_packaged, get_recent_crashes
[swerve_controller_node-18]   File "/usr/lib/python3/dist-packages/apport/__init__.py", line 5, in <module>
[swerve_controller_node-18]     from apport.report import Report
[swerve_controller_node-18]   File "/usr/lib/python3/dist-packages/apport/report.py", line 15, in <module>
[swerve_controller_node-18]     import xml.dom, xml.dom.minidom
[swerve_controller_node-18]   File "/usr/lib/python3.10/xml/dom/minidom.py", line 34, in <module>
[swerve_controller_node-18]     class Node(xml.dom.Node):
[swerve_controller_node-18] KeyboardInterrupt
[swerve_controller_node-18] 
[swerve_controller_node-18] Original exception was:
[swerve_controller_node-18] Traceback (most recent call last):
[swerve_controller_node-18]   File "/home/yahboom/swerve_bringup/install/swerve_bringup/lib/swerve_bringup/swerve_controller_node", line 192, in <module>
[swerve_controller_node-18]     main()
[swerve_controller_node-18]   File "/home/yahboom/swerve_bringup/install/swerve_bringup/lib/swerve_bringup/swerve_controller_node", line 184, in main
[swerve_controller_node-18]     node.steer_pub.publish(Float64MultiArray(data=[
[swerve_controller_node-18]   File "/opt/ros/humble/local/lib/python3.10/dist-packages/rclpy/publisher.py", line 70, in publish
[swerve_controller_node-18]     self.__publisher.publish(msg)
[swerve_controller_node-18] rclpy._rclpy_pybind11.RCLError: Failed to publish: publisher's context is invalid, at ./src/rcl/publisher.c:389
[behavior_server-10] [INFO] [1789650219.647153271] [behavior_server]: Cleaning up
[lifecycle_manager-13] [INFO] [1789650219.651597292] [rclcpp]: signal_handler(signum=2)
[ERROR] [ekf_node-4]: process has died [pid 191920, exit code -2, cmd '/opt/ros/humble/lib/robot_localization/ekf_node --ros-args -r __node:=ekf_filter_node --params-file /home/yahboom/swerve_bringup/install/swerve_bringup/share/swerve_bringup/config/ekf.yaml --params-file /tmp/launch_params_6mtp_1fp -r /odom:=/odom -r /imu/data:=/imu/data'].
[waypoint_follower-12] [INFO] [1789650219.655995286] [rclcpp]: signal_handler(signum=2)
[swerve_odometry_node-19] Traceback (most recent call last):
[swerve_odometry_node-19]   File "/home/yahboom/swerve_bringup/install/swerve_bringup/lib/swerve_bringup/swerve_odometry_node", line 221, in <module>
[swerve_odometry_node-19]     main()
[swerve_odometry_node-19]   File "/home/yahboom/swerve_bringup/install/swerve_bringup/lib/swerve_bringup/swerve_odometry_node", line 215, in main
[swerve_odometry_node-19]     node.destroy_node()
[swerve_odometry_node-19]   File "/opt/ros/humble/local/lib/python3.10/dist-packages/rclpy/node.py", line 1685, in destroy_node
[swerve_odometry_node-19]     self.destroy_publisher(self._publishers[0])
[swerve_odometry_node-19]   File "/opt/ros/humble/local/lib/python3.10/dist-packages/rclpy/node.py", line 1565, in destroy_publisher
[swerve_odometry_node-19]     publisher.destroy()
[swerve_odometry_node-19]   File "/opt/ros/humble/local/lib/python3.10/dist-packages/rclpy/publisher.py", line 99, in destroy
[swerve_odometry_node-19]     self.__publisher.destroy_when_not_in_use()
[swerve_odometry_node-19] KeyboardInterrupt
[controller_server-8] [INFO] [1789650219.659373592] [controller_server]: Destroying bond (controller_server) to lifecycle manager.
[bt_navigator-11] [INFO] [1789650219.664420345] [rclcpp]: signal_handler(signum=2)
[planner_server-9] [INFO] [1789650219.678702388] [rclcpp]: signal_handler(signum=2)
[behavior_server-10] [INFO] [1789650219.678907233] [rclcpp]: signal_handler(signum=2)
[waypoint_follower-12] [INFO] [1789650219.685585151] [waypoint_follower]: Cleaning up
[controller_server-8] [INFO] [1789650219.688411472] [rclcpp]: signal_handler(signum=2)
[map_server-7] [INFO] [1789650219.692438141] [rclcpp]: signal_handler(signum=2)
[v30e_sim_node-5] Traceback (most recent call last):
[v30e_sim_node-5]   File "/home/yahboom/swerve_bringup/install/swerve_bringup/lib/swerve_bringup/v30e_sim_node", line 188, in <module>
[v30e_sim_node-5]     if __name__ == '__main__': main()
[v30e_sim_node-5]   File "/home/yahboom/swerve_bringup/install/swerve_bringup/lib/swerve_bringup/v30e_sim_node", line 185, in main
[v30e_sim_node-5]     node.destroy_node(); rclpy.shutdown()
[v30e_sim_node-5]   File "/opt/ros/humble/local/lib/python3.10/dist-packages/rclpy/node.py", line 1685, in destroy_node
[controller_server-8] [INFO] [1789650219.726358449] [controller_server]: Cleaning up
[controller_server-8] [INFO] [1789650219.726587366] [local_costmap.local_costmap]: Cleaning up
[v30e_sim_node-5]     self.destroy_publisher(self._publishers[0])
[v30e_sim_node-5]   File "/opt/ros/humble/local/lib/python3.10/dist-packages/rclpy/node.py", line 1565, in destroy_publisher
[v30e_sim_node-5]     publisher.destroy()
[v30e_sim_node-5]   File "/opt/ros/humble/local/lib/python3.10/dist-packages/rclpy/publisher.py", line 99, in destroy
[v30e_sim_node-5]     self.__publisher.destroy_when_not_in_use()
[v30e_sim_node-5] KeyboardInterrupt
[robot_state_publisher-2] [INFO] [1789650219.730860205] [rclcpp]: signal_handler(signum=2)
[planner_server-9] [INFO] [1789650219.942846477] [planner_server]: Deactivating plugin GridBased of type NavfnPlanner
[planner_server-9] [INFO] [1789650219.942970919] [planner_server]: Destroying bond (planner_server) to lifecycle manager.
[ERROR] [swerve_odometry_node-19]: process has died [pid 192735, exit code -11, cmd '/home/yahboom/swerve_bringup/install/swerve_bringup/lib/swerve_bringup/swerve_odometry_node --ros-args -r __node:=swerve_odometry --params-file /home/yahboom/swerve_bringup/install/swerve_bringup/share/swerve_bringup/config/swerve_odometry.yaml --params-file /tmp/launch_params_mqvka6m6'].
[map_server-7] [INFO] [1789650221.564387117] [map_server]: Destroying
[planner_server-9] [INFO] [1789650221.576168292] [planner_server]: Cleaning up
[planner_server-9] [INFO] [1789650221.679423819] [global_costmap.global_costmap]: Cleaning up
[controller_server-8] [INFO] [1789650221.689496533] [controller_server]: Destroying bond (controller_server) to lifecycle manager.
[ERROR] [v30e_sim_node-5]: process has died [pid 191922, exit code -2, cmd '/home/yahboom/swerve_bringup/install/swerve_bringup/lib/swerve_bringup/v30e_sim_node --ros-args -r __node:=v30e_sim_node --params-file /home/yahboom/swerve_bringup/install/swerve_bringup/share/swerve_bringup/config/v30e_sim.yaml --params-file /tmp/launch_params_ipqvc3zl'].
[behavior_server-10] [INFO] [1789650221.718164809] [behavior_server]: Destroying bond (behavior_server) to lifecycle manager.
[controller_server-8] [INFO] [1789650221.720434841] [local_costmap.local_costmap]: Destroying
[waypoint_follower-12] [INFO] [1789650221.745854625] [waypoint_follower]: Destroying bond (waypoint_follower) to lifecycle manager.
[planner_server-9] [INFO] [1789650221.746131135] [planner_server]: Cleaning up plugin GridBased of type NavfnPlanner
[planner_server-9] [INFO] [1789650221.746246995] [planner_server]: Destroying plugin GridBased of type NavfnPlanner
[waypoint_follower-12] [INFO] [1789650221.781474876] [waypoint_follower]: Destroying
[controller_server-8] [INFO] [1789650221.794631661] [controller_server]: Destroying
[lifecycle_manager-13] [INFO] [1789650221.837596977] [lifecycle_manager_navigation]: Destroying lifecycle_manager_navigation
[behavior_server-10] [INFO] [1789650221.856811822] [behavior_server]: Destroying
[planner_server-9] [INFO] [1789650221.858353070] [planner_server]: Destroying bond (planner_server) to lifecycle manager.
[INFO] [map_server-7]: process has finished cleanly [pid 191926]
[planner_server-9] [INFO] [1789650221.897863834] [global_costmap.global_costmap]: Destroying
[INFO] [robot_state_publisher-2]: process has finished cleanly [pid 191916]
[ERROR] [swerve_controller_node-18]: process has died [pid 192733, exit code 1, cmd '/home/yahboom/swerve_bringup/install/swerve_bringup/lib/swerve_bringup/swerve_controller_node --ros-args -r __node:=swerve_controller --params-file /home/yahboom/swerve_bringup/install/swerve_bringup/share/swerve_bringup/config/swerve_controller.yaml --params-file /tmp/launch_params_15hxb0z0'].
[INFO] [waypoint_follower-12]: process has finished cleanly [pid 191960]
[planner_server-9] [INFO] [1789650221.993699706] [planner_server]: Destroying
[INFO] [controller_server-8]: process has finished cleanly [pid 191928]
[INFO] [lifecycle_manager-13]: process has finished cleanly [pid 191963]
[INFO] [behavior_server-10]: process has finished cleanly [pid 191936]
[bt_navigator-11] [INFO] [1789650222.149303548] [bt_navigator]: Completed Cleaning up
[bt_navigator-11] [INFO] [1789650222.149386764] [bt_navigator]: Destroying bond (bt_navigator) to lifecycle manager.
[INFO] [planner_server-9]: process has finished cleanly [pid 191931]
[bt_navigator-11] [INFO] [1789650222.192849524] [bt_navigator]: Destroying
[INFO] [bt_navigator-11]: process has finished cleanly [pid 191946]
[INFO] [gzserver-1]: process has finished cleanly [pid 191914]
