[INFO] [launch]: All log files can be found below /home/yahboom/.ros/log/2026-09-18-00-08-37-513506-yahboom-virtual-machine-234558
[INFO] [launch]: Default logging verbosity is set to INFO
[INFO] [launch.user]: CONTACT_DIAGNOSTICS=true
[INFO] [gzserver-1]: process started with pid [234579]
[INFO] [robot_state_publisher-2]: process started with pid [234581]
[INFO] [spawn_entity.py-3]: process started with pid [234583]
[INFO] [ekf_node-4]: process started with pid [234585]
[INFO] [v30e_sim_node-5]: process started with pid [234587]
[INFO] [ekf_node-6]: process started with pid [234589]
[INFO] [map_server-7]: process started with pid [234591]
[INFO] [controller_server-8]: process started with pid [234594]
[INFO] [planner_server-9]: process started with pid [234597]
[INFO] [behavior_server-10]: process started with pid [234605]
[INFO] [bt_navigator-11]: process started with pid [234611]
[INFO] [waypoint_follower-12]: process started with pid [234621]
[INFO] [lifecycle_manager-13]: process started with pid [234646]
[INFO] [swerve_bridge_node-14]: process started with pid [234651]
[lifecycle_manager-13] [INFO] [1789661320.556797354] [lifecycle_manager_navigation]: Creating
[lifecycle_manager-13] [INFO] [1789661320.597967494] [lifecycle_manager_navigation]: [34m[1mCreating and initializing lifecycle service clients[0m[0m
[robot_state_publisher-2] [INFO] [1789661320.757125146] [robot_state_publisher]: got segment base_footprint
[robot_state_publisher-2] [INFO] [1789661320.760942225] [robot_state_publisher]: got segment base_link
[robot_state_publisher-2] [INFO] [1789661320.760964489] [robot_state_publisher]: got segment imu_link
[robot_state_publisher-2] [INFO] [1789661320.760973399] [robot_state_publisher]: got segment lidar_link
[robot_state_publisher-2] [INFO] [1789661320.760981396] [robot_state_publisher]: got segment steer_front_link
[robot_state_publisher-2] [INFO] [1789661320.760988663] [robot_state_publisher]: got segment steer_rear_link
[robot_state_publisher-2] [INFO] [1789661320.761200958] [robot_state_publisher]: got segment v30e_link
[robot_state_publisher-2] [INFO] [1789661320.761224413] [robot_state_publisher]: got segment wheel_front_drive_link
[robot_state_publisher-2] [INFO] [1789661320.761232992] [robot_state_publisher]: got segment wheel_front_left_fork_link
[robot_state_publisher-2] [INFO] [1789661320.761240400] [robot_state_publisher]: got segment wheel_front_left_link
[robot_state_publisher-2] [INFO] [1789661320.761247157] [robot_state_publisher]: got segment wheel_front_right_fork_link
[robot_state_publisher-2] [INFO] [1789661320.761253855] [robot_state_publisher]: got segment wheel_front_right_link
[robot_state_publisher-2] [INFO] [1789661320.761260763] [robot_state_publisher]: got segment wheel_rear_drive_link
[robot_state_publisher-2] [INFO] [1789661320.761267514] [robot_state_publisher]: got segment wheel_rear_left_fork_link
[robot_state_publisher-2] [INFO] [1789661320.761274411] [robot_state_publisher]: got segment wheel_rear_left_link
[robot_state_publisher-2] [INFO] [1789661320.761281497] [robot_state_publisher]: got segment wheel_rear_right_fork_link
[robot_state_publisher-2] [INFO] [1789661320.761288153] [robot_state_publisher]: got segment wheel_rear_right_link
[planner_server-9] [INFO] [1789661320.764694355] [planner_server]: 
[planner_server-9] 	planner_server lifecycle node launched. 
[planner_server-9] 	Waiting on external lifecycle transitions to activate
[planner_server-9] 	See https://design.ros2.org/articles/node_lifecycle.html for more information.
[planner_server-9] [INFO] [1789661320.771659376] [planner_server]: Creating
[controller_server-8] [INFO] [1789661320.822609439] [controller_server]: 
[controller_server-8] 	controller_server lifecycle node launched. 
[controller_server-8] 	Waiting on external lifecycle transitions to activate
[controller_server-8] 	See https://design.ros2.org/articles/node_lifecycle.html for more information.
[controller_server-8] [INFO] [1789661320.848052800] [controller_server]: Creating controller server
[map_server-7] [INFO] [1789661320.858866357] [map_server]: 
[map_server-7] 	map_server lifecycle node launched. 
[map_server-7] 	Waiting on external lifecycle transitions to activate
[map_server-7] 	See https://design.ros2.org/articles/node_lifecycle.html for more information.
[map_server-7] [INFO] [1789661320.859071393] [map_server]: Creating
[bt_navigator-11] [INFO] [1789661320.890243793] [bt_navigator]: 
[bt_navigator-11] 	bt_navigator lifecycle node launched. 
[bt_navigator-11] 	Waiting on external lifecycle transitions to activate
[bt_navigator-11] 	See https://design.ros2.org/articles/node_lifecycle.html for more information.
[bt_navigator-11] [INFO] [1789661320.893441688] [bt_navigator]: Creating
[waypoint_follower-12] [INFO] [1789661321.001721486] [waypoint_follower]: 
[waypoint_follower-12] 	waypoint_follower lifecycle node launched. 
[waypoint_follower-12] 	Waiting on external lifecycle transitions to activate
[waypoint_follower-12] 	See https://design.ros2.org/articles/node_lifecycle.html for more information.
[waypoint_follower-12] [INFO] [1789661321.002324465] [waypoint_follower]: Creating
[planner_server-9] [INFO] [1789661321.035265522] [global_costmap.global_costmap]: 
[planner_server-9] 	global_costmap lifecycle node launched. 
[planner_server-9] 	Waiting on external lifecycle transitions to activate
[planner_server-9] 	See https://design.ros2.org/articles/node_lifecycle.html for more information.
[planner_server-9] [INFO] [1789661321.046430191] [global_costmap.global_costmap]: Creating Costmap
[swerve_bridge_node-14] Traceback (most recent call last):
[swerve_bridge_node-14]   File "/home/yahboom/swerve_bringup/install/swerve_bridge/lib/swerve_bridge/swerve_bridge_node", line 33, in <module>
[swerve_bridge_node-14]     sys.exit(load_entry_point('swerve-bridge', 'console_scripts', 'swerve_bridge_node')())
[swerve_bridge_node-14]   File "/home/yahboom/swerve_bringup/install/swerve_bridge/lib/swerve_bridge/swerve_bridge_node", line 22, in importlib_load_entry_point
[swerve_bridge_node-14]     for entry_point in distribution(dist_name).entry_points
[swerve_bridge_node-14]   File "/usr/lib/python3.10/importlib/metadata/__init__.py", line 969, in distribution
[swerve_bridge_node-14]     return Distribution.from_name(distribution_name)
[swerve_bridge_node-14]   File "/usr/lib/python3.10/importlib/metadata/__init__.py", line 548, in from_name
[swerve_bridge_node-14]     raise PackageNotFoundError(name)
[swerve_bridge_node-14] importlib.metadata.PackageNotFoundError: No package metadata was found for swerve-bridge
[behavior_server-10] [INFO] [1789661321.072159532] [behavior_server]: 
[behavior_server-10] 	behavior_server lifecycle node launched. 
[behavior_server-10] 	Waiting on external lifecycle transitions to activate
[behavior_server-10] 	See https://design.ros2.org/articles/node_lifecycle.html for more information.
[ERROR] [swerve_bridge_node-14]: process has died [pid 234651, exit code 1, cmd '/home/yahboom/swerve_bringup/install/swerve_bridge/lib/swerve_bridge/swerve_bridge_node --ros-args -r __node:=swerve_bridge --params-file /home/yahboom/swerve_bringup/install/swerve_bridge/share/swerve_bridge/config/bridge.yaml --params-file /tmp/launch_params__tg0_xyv'].
[controller_server-8] [INFO] [1789661321.173782526] [local_costmap.local_costmap]: 
[controller_server-8] 	local_costmap lifecycle node launched. 
[controller_server-8] 	Waiting on external lifecycle transitions to activate
[controller_server-8] 	See https://design.ros2.org/articles/node_lifecycle.html for more information.
[controller_server-8] [INFO] [1789661321.174317022] [local_costmap.local_costmap]: Creating Costmap
[lifecycle_manager-13] [INFO] [1789661321.850716797] [lifecycle_manager_navigation]: [34m[1mStarting managed nodes bringup...[0m[0m
[lifecycle_manager-13] [INFO] [1789661321.850792116] [lifecycle_manager_navigation]: [34m[1mConfiguring map_server[0m[0m
[map_server-7] [INFO] [1789661321.861395077] [map_server]: Configuring
[map_server-7] [INFO] [1789661321.861535349] [map_io]: Loading yaml file: /home/yahboom/swerve_bringup/install/swerve_bringup/share/swerve_bringup/swerve_navigation/maps/warehouse.yaml
[map_server-7] [INFO] [1789661321.861879701] [map_io]: resolution: 0.05
[map_server-7] [INFO] [1789661321.861895862] [map_io]: origin[0]: -17.2
[map_server-7] [INFO] [1789661321.861902287] [map_io]: origin[1]: -17.4
[map_server-7] [INFO] [1789661321.861907672] [map_io]: origin[2]: 0
[map_server-7] [INFO] [1789661321.861913233] [map_io]: free_thresh: 0.25
[map_server-7] [INFO] [1789661321.861918760] [map_io]: occupied_thresh: 0.65
[map_server-7] [INFO] [1789661321.861924679] [map_io]: mode: trinary
[map_server-7] [INFO] [1789661321.861930537] [map_io]: negate: 0
[map_server-7] [INFO] [1789661321.862190146] [map_io]: Loading image_file: /home/yahboom/swerve_bringup/install/swerve_bringup/share/swerve_bringup/swerve_navigation/maps/warehouse.pgm
[map_server-7] [INFO] [1789661322.036790666] [map_io]: Read map /home/yahboom/swerve_bringup/install/swerve_bringup/share/swerve_bringup/swerve_navigation/maps/warehouse.pgm: 676 X 680 map @ 0.05 m/cell
[lifecycle_manager-13] [INFO] [1789661322.330800842] [lifecycle_manager_navigation]: [34m[1mConfiguring controller_server[0m[0m
[controller_server-8] [INFO] [1789661322.336285095] [controller_server]: Configuring controller interface
[controller_server-8] [INFO] [1789661322.352834208] [controller_server]: getting goal checker plugins..
[controller_server-8] [INFO] [1789661322.353092112] [controller_server]: Controller frequency set to 10.0000Hz
[controller_server-8] [INFO] [1789661322.353140795] [local_costmap.local_costmap]: Configuring
[spawn_entity.py-3] [INFO] [1789661322.425086134] [spawn_swerve]: Spawn Entity started
[spawn_entity.py-3] [INFO] [1789661322.425745886] [spawn_swerve]: Loading entity published on topic robot_description
[spawn_entity.py-3] [INFO] [1789661322.456836499] [spawn_swerve]: Waiting for entity xml on robot_description
[spawn_entity.py-3] [INFO] [1789661322.469792094] [spawn_swerve]: Waiting for service /spawn_entity, timeout = 30
[spawn_entity.py-3] [INFO] [1789661322.471217460] [spawn_swerve]: Waiting for service /spawn_entity
[controller_server-8] [INFO] [1789661322.474023313] [local_costmap.local_costmap]: Using plugin "voxel_layer"
[controller_server-8] [INFO] [1789661322.486227175] [local_costmap.local_costmap]: Subscribed to Topics: lidar3d scan
[controller_server-8] [INFO] [1789661322.585874080] [local_costmap.local_costmap]: Initialized plugin "voxel_layer"
[controller_server-8] [INFO] [1789661322.585921432] [local_costmap.local_costmap]: Using plugin "inflation_layer"
[controller_server-8] [INFO] [1789661322.586510340] [local_costmap.local_costmap]: Initialized plugin "inflation_layer"
[controller_server-8] [INFO] [1789661322.674933513] [controller_server]: Created progress_checker : progress_checker of type nav2_controller::SimpleProgressChecker
[controller_server-8] [INFO] [1789661322.684168475] [controller_server]: Created goal checker : general_goal_checker of type nav2_controller::SimpleGoalChecker
[controller_server-8] [INFO] [1789661322.687778956] [controller_server]: Controller Server has general_goal_checker  goal checkers available.
[v30e_sim_node-5] [INFO] [1789661322.689540976] [v30e_sim_node]: Using Gazebo /get_entity_state internally; odometry is not a V30E measurement input
[controller_server-8] [INFO] [1789661322.691734581] [controller_server]: Created controller : FollowPath of type dwb_core::DWBLocalPlanner
[controller_server-8] [INFO] [1789661322.697983472] [controller_server]: Setting transform_tolerance to 0.200000
[controller_server-8] [INFO] [1789661322.785375514] [controller_server]: Using critic "RotateToGoal" (dwb_critics::RotateToGoalCritic)
[controller_server-8] [INFO] [1789661322.788707091] [controller_server]: Critic plugin initialized
[controller_server-8] [INFO] [1789661322.788835926] [controller_server]: Using critic "Oscillation" (dwb_critics::OscillationCritic)
[controller_server-8] [INFO] [1789661322.796592146] [controller_server]: Critic plugin initialized
[controller_server-8] [INFO] [1789661322.796834749] [controller_server]: Using critic "BaseObstacle" (dwb_critics::BaseObstacleCritic)
[controller_server-8] [INFO] [1789661322.802918380] [controller_server]: Critic plugin initialized
[controller_server-8] [INFO] [1789661322.807885504] [controller_server]: Using critic "GoalAlign" (dwb_critics::GoalAlignCritic)
[controller_server-8] [INFO] [1789661322.809644546] [controller_server]: Critic plugin initialized
[controller_server-8] [INFO] [1789661322.809758265] [controller_server]: Using critic "PathAlign" (dwb_critics::PathAlignCritic)
[controller_server-8] [INFO] [1789661322.810219196] [controller_server]: Critic plugin initialized
[controller_server-8] [INFO] [1789661322.810309280] [controller_server]: Using critic "PathDist" (dwb_critics::PathDistCritic)
[controller_server-8] [INFO] [1789661322.810653138] [controller_server]: Critic plugin initialized
[controller_server-8] [INFO] [1789661322.810713330] [controller_server]: Using critic "GoalDist" (dwb_critics::GoalDistCritic)
[controller_server-8] [INFO] [1789661322.811107649] [controller_server]: Critic plugin initialized
[controller_server-8] [INFO] [1789661322.811136981] [controller_server]: Controller Server has FollowPath  controllers available.
[lifecycle_manager-13] [INFO] [1789661322.873894181] [lifecycle_manager_navigation]: [34m[1mConfiguring planner_server[0m[0m
[planner_server-9] [INFO] [1789661322.874296111] [planner_server]: Configuring
[planner_server-9] [INFO] [1789661322.874354027] [global_costmap.global_costmap]: Configuring
[planner_server-9] [INFO] [1789661322.921969472] [global_costmap.global_costmap]: Using plugin "static_layer"
[planner_server-9] [INFO] [1789661322.928041954] [global_costmap.global_costmap]: Subscribing to the map topic (/map) with transient local durability
[planner_server-9] [INFO] [1789661322.936731326] [global_costmap.global_costmap]: Initialized plugin "static_layer"
[planner_server-9] [INFO] [1789661322.936774072] [global_costmap.global_costmap]: Using plugin "obstacle_layer"
[planner_server-9] [INFO] [1789661322.940082589] [global_costmap.global_costmap]: Subscribed to Topics: scan
[planner_server-9] [INFO] [1789661322.961195240] [global_costmap.global_costmap]: Initialized plugin "obstacle_layer"
[planner_server-9] [INFO] [1789661322.961259321] [global_costmap.global_costmap]: Using plugin "inflation_layer"
[planner_server-9] [INFO] [1789661322.969133031] [global_costmap.global_costmap]: Initialized plugin "inflation_layer"
[planner_server-9] [INFO] [1789661323.027354013] [planner_server]: Created global planner plugin GridBased of type nav2_navfn_planner/NavfnPlanner
[planner_server-9] [INFO] [1789661323.027422592] [planner_server]: Configuring plugin GridBased of type NavfnPlanner
[planner_server-9] [INFO] [1789661323.033033956] [planner_server]: Planner Server has GridBased  planners available.
[lifecycle_manager-13] [INFO] [1789661323.122385276] [lifecycle_manager_navigation]: [34m[1mConfiguring behavior_server[0m[0m
[behavior_server-10] [INFO] [1789661323.124221056] [behavior_server]: Configuring
[behavior_server-10] [INFO] [1789661323.180790482] [behavior_server]: Creating behavior plugin spin of type nav2_behaviors/Spin
[behavior_server-10] [INFO] [1789661323.181998562] [behavior_server]: Configuring spin
[behavior_server-10] [INFO] [1789661323.229324211] [behavior_server]: Creating behavior plugin backup of type nav2_behaviors/BackUp
[behavior_server-10] [INFO] [1789661323.240267198] [behavior_server]: Configuring backup
[behavior_server-10] [INFO] [1789661323.297761180] [behavior_server]: Creating behavior plugin drive_on_heading of type nav2_behaviors/DriveOnHeading
[behavior_server-10] [INFO] [1789661323.303654657] [behavior_server]: Configuring drive_on_heading
[behavior_server-10] [INFO] [1789661323.362723353] [behavior_server]: Creating behavior plugin wait of type nav2_behaviors/Wait
[behavior_server-10] [INFO] [1789661323.364310069] [behavior_server]: Configuring wait
[lifecycle_manager-13] [INFO] [1789661323.426028743] [lifecycle_manager_navigation]: [34m[1mConfiguring bt_navigator[0m[0m
[bt_navigator-11] [INFO] [1789661323.428351014] [bt_navigator]: Configuring
[lifecycle_manager-13] [INFO] [1789661323.849580535] [lifecycle_manager_navigation]: [34m[1mConfiguring waypoint_follower[0m[0m
[waypoint_follower-12] [INFO] [1789661323.850256470] [waypoint_follower]: Configuring
[waypoint_follower-12] [INFO] [1789661323.938572832] [waypoint_follower]: Created waypoint_task_executor : wait_at_waypoint of type nav2_waypoint_follower::WaitAtWaypoint
[waypoint_follower-12] [INFO] [1789661323.943636751] [waypoint_follower]: Waypoint pause duration is set to zero, disabling task executor plugin.
[lifecycle_manager-13] [INFO] [1789661323.952273983] [lifecycle_manager_navigation]: [34m[1mActivating map_server[0m[0m
[map_server-7] [INFO] [1789661323.956670487] [map_server]: Activating
[map_server-7] [INFO] [1789661323.957611467] [map_server]: Creating bond (map_server) to lifecycle manager.
[planner_server-9] [INFO] [1789661323.959848968] [global_costmap.global_costmap]: StaticLayer: Resizing costmap to 676 X 680 at 0.050000 m/pix
[lifecycle_manager-13] [INFO] [1789661324.083894137] [lifecycle_manager_navigation]: Server map_server connected with bond.
[lifecycle_manager-13] [INFO] [1789661324.083952082] [lifecycle_manager_navigation]: [34m[1mActivating controller_server[0m[0m
[controller_server-8] [INFO] [1789661324.090582079] [controller_server]: Activating
[controller_server-8] [INFO] [1789661324.090676298] [local_costmap.local_costmap]: Activating
[controller_server-8] [INFO] [1789661324.090695610] [local_costmap.local_costmap]: Checking transform
[controller_server-8] [INFO] [1789661324.090739728] [local_costmap.local_costmap]: Timed out waiting for transform from base_footprint to odom to become available, tf error: Invalid frame ID "odom" passed to canTransform argument target_frame - frame does not exist
[controller_server-8] [INFO] [1789661324.591498378] [local_costmap.local_costmap]: Timed out waiting for transform from base_footprint to odom to become available, tf error: Invalid frame ID "odom" passed to canTransform argument target_frame - frame does not exist
[controller_server-8] [INFO] [1789661325.092972440] [local_costmap.local_costmap]: Timed out waiting for transform from base_footprint to odom to become available, tf error: Invalid frame ID "odom" passed to canTransform argument target_frame - frame does not exist
[controller_server-8] [INFO] [1789661325.591441482] [local_costmap.local_costmap]: Timed out waiting for transform from base_footprint to odom to become available, tf error: Invalid frame ID "odom" passed to canTransform argument target_frame - frame does not exist
[controller_server-8] [INFO] [1789661326.093722447] [local_costmap.local_costmap]: Timed out waiting for transform from base_footprint to odom to become available, tf error: Invalid frame ID "odom" passed to canTransform argument target_frame - frame does not exist
[controller_server-8] [INFO] [1789661326.592072351] [local_costmap.local_costmap]: Timed out waiting for transform from base_footprint to odom to become available, tf error: Invalid frame ID "odom" passed to canTransform argument target_frame - frame does not exist
[controller_server-8] [INFO] [1789661327.092135679] [local_costmap.local_costmap]: Timed out waiting for transform from base_footprint to odom to become available, tf error: Invalid frame ID "odom" passed to canTransform argument target_frame - frame does not exist
[controller_server-8] [INFO] [1789661327.595003327] [local_costmap.local_costmap]: Timed out waiting for transform from base_footprint to odom to become available, tf error: Invalid frame ID "odom" passed to canTransform argument target_frame - frame does not exist
[controller_server-8] [INFO] [1789661328.091732199] [local_costmap.local_costmap]: Timed out waiting for transform from base_footprint to odom to become available, tf error: Invalid frame ID "odom" passed to canTransform argument target_frame - frame does not exist
[spawn_entity.py-3] [INFO] [1789661328.281530997] [spawn_swerve]: Calling service /spawn_entity
[gzserver-1] [INFO] [1789661328.472537611] [gazebo_ros_state]: Publishing states of gazebo models at [/model_states]
[gzserver-1] [INFO] [1789661328.479668860] [gazebo_ros_state]: Publishing states of gazebo links at [/link_states]
[controller_server-8] [INFO] [1789661328.590875783] [local_costmap.local_costmap]: Timed out waiting for transform from base_footprint to odom to become available, tf error: Invalid frame ID "odom" passed to canTransform argument target_frame - frame does not exist
[controller_server-8] [INFO] [1789661329.091417779] [local_costmap.local_costmap]: Timed out waiting for transform from base_footprint to odom to become available, tf error: Invalid frame ID "odom" passed to canTransform argument target_frame - frame does not exist
[gzserver-1] [INFO] [1789661329.227575910] [imu.imu_ros]: <initial_orientation_as_reference> is unset, using default value of false to comply with REP 145 (world as orientation reference)
[controller_server-8] [INFO] [1789661329.591202245] [local_costmap.local_costmap]: Timed out waiting for transform from base_footprint to odom to become available, tf error: Invalid frame ID "odom" passed to canTransform argument target_frame - frame does not exist
[controller_server-8] [INFO] [1789661330.091764678] [local_costmap.local_costmap]: Timed out waiting for transform from base_footprint to odom to become available, tf error: Invalid frame ID "odom" passed to canTransform argument target_frame - frame does not exist
[controller_server-8] [INFO] [1789661330.590877815] [local_costmap.local_costmap]: Timed out waiting for transform from base_footprint to odom to become available, tf error: Invalid frame ID "odom" passed to canTransform argument target_frame - frame does not exist
[controller_server-8] [INFO] [1789661331.092627583] [local_costmap.local_costmap]: Timed out waiting for transform from base_footprint to odom to become available, tf error: Invalid frame ID "odom" passed to canTransform argument target_frame - frame does not exist
[controller_server-8] [INFO] [1789661331.591661752] [local_costmap.local_costmap]: Timed out waiting for transform from base_footprint to odom to become available, tf error: Invalid frame ID "odom" passed to canTransform argument target_frame - frame does not exist
[controller_server-8] [INFO] [1789661332.092586086] [local_costmap.local_costmap]: Timed out waiting for transform from base_footprint to odom to become available, tf error: Invalid frame ID "odom" passed to canTransform argument target_frame - frame does not exist
[controller_server-8] [INFO] [1789661332.590788502] [local_costmap.local_costmap]: Timed out waiting for transform from base_footprint to odom to become available, tf error: Invalid frame ID "odom" passed to canTransform argument target_frame - frame does not exist
[controller_server-8] [INFO] [1789661333.091043826] [local_costmap.local_costmap]: Timed out waiting for transform from base_footprint to odom to become available, tf error: Invalid frame ID "odom" passed to canTransform argument target_frame - frame does not exist
[controller_server-8] [INFO] [1789661333.592017368] [local_costmap.local_costmap]: Timed out waiting for transform from base_footprint to odom to become available, tf error: Invalid frame ID "odom" passed to canTransform argument target_frame - frame does not exist
[controller_server-8] [INFO] [1789661334.091622181] [local_costmap.local_costmap]: Timed out waiting for transform from base_footprint to odom to become available, tf error: Invalid frame ID "odom" passed to canTransform argument target_frame - frame does not exist
[controller_server-8] [INFO] [1789661334.591997473] [local_costmap.local_costmap]: Timed out waiting for transform from base_footprint to odom to become available, tf error: Invalid frame ID "odom" passed to canTransform argument target_frame - frame does not exist
[controller_server-8] [INFO] [1789661335.091505067] [local_costmap.local_costmap]: Timed out waiting for transform from base_footprint to odom to become available, tf error: Invalid frame ID "odom" passed to canTransform argument target_frame - frame does not exist
[controller_server-8] [INFO] [1789661335.594444167] [local_costmap.local_costmap]: Timed out waiting for transform from base_footprint to odom to become available, tf error: Invalid frame ID "odom" passed to canTransform argument target_frame - frame does not exist
[controller_server-8] [INFO] [1789661336.091238564] [local_costmap.local_costmap]: Timed out waiting for transform from base_footprint to odom to become available, tf error: Invalid frame ID "odom" passed to canTransform argument target_frame - frame does not exist
[controller_server-8] [INFO] [1789661336.590899513] [local_costmap.local_costmap]: Timed out waiting for transform from base_footprint to odom to become available, tf error: Invalid frame ID "odom" passed to canTransform argument target_frame - frame does not exist
[controller_server-8] [INFO] [1789661337.091088394] [local_costmap.local_costmap]: Timed out waiting for transform from base_footprint to odom to become available, tf error: Invalid frame ID "odom" passed to canTransform argument target_frame - frame does not exist
[controller_server-8] [INFO] [1789661337.591442673] [local_costmap.local_costmap]: Timed out waiting for transform from base_footprint to odom to become available, tf error: Invalid frame ID "odom" passed to canTransform argument target_frame - frame does not exist
[controller_server-8] [INFO] [1789661338.091042223] [local_costmap.local_costmap]: Timed out waiting for transform from base_footprint to odom to become available, tf error: Invalid frame ID "odom" passed to canTransform argument target_frame - frame does not exist
[controller_server-8] [INFO] [1789661338.594474531] [local_costmap.local_costmap]: Timed out waiting for transform from base_footprint to odom to become available, tf error: Invalid frame ID "odom" passed to canTransform argument target_frame - frame does not exist
[controller_server-8] [INFO] [1789661339.092576308] [local_costmap.local_costmap]: Timed out waiting for transform from base_footprint to odom to become available, tf error: Invalid frame ID "odom" passed to canTransform argument target_frame - frame does not exist
[controller_server-8] [INFO] [1789661339.593745785] [local_costmap.local_costmap]: Timed out waiting for transform from base_footprint to odom to become available, tf error: Invalid frame ID "odom" passed to canTransform argument target_frame - frame does not exist
[controller_server-8] [INFO] [1789661340.096634213] [local_costmap.local_costmap]: Timed out waiting for transform from base_footprint to odom to become available, tf error: Invalid frame ID "odom" passed to canTransform argument target_frame - frame does not exist
[controller_server-8] [INFO] [1789661340.593849354] [local_costmap.local_costmap]: Timed out waiting for transform from base_footprint to odom to become available, tf error: Invalid frame ID "odom" passed to canTransform argument target_frame - frame does not exist
[controller_server-8] [INFO] [1789661341.091363918] [local_costmap.local_costmap]: Timed out waiting for transform from base_footprint to odom to become available, tf error: Invalid frame ID "odom" passed to canTransform argument target_frame - frame does not exist
[controller_server-8] [INFO] [1789661341.591668793] [local_costmap.local_costmap]: Timed out waiting for transform from base_footprint to odom to become available, tf error: Invalid frame ID "odom" passed to canTransform argument target_frame - frame does not exist
[controller_server-8] [INFO] [1789661342.093418470] [local_costmap.local_costmap]: Timed out waiting for transform from base_footprint to odom to become available, tf error: Invalid frame ID "odom" passed to canTransform argument target_frame - frame does not exist
[gzserver-1] [INFO] [1789661342.515242200] [contact_load.wheel_front_drive_link_contact_plugin]: Publishing contact states to [/contact_load/wheel_front_drive_link]
[controller_server-8] [INFO] [1789661342.591361306] [local_costmap.local_costmap]: Timed out waiting for transform from base_footprint to odom to become available, tf error: Invalid frame ID "odom" passed to canTransform argument target_frame - frame does not exist
[gzserver-1] [INFO] [1789661342.627803218] [contact_load.wheel_rear_drive_link_contact_plugin]: Publishing contact states to [/contact_load/wheel_rear_drive_link]
[gzserver-1] [INFO] [1789661342.738672718] [contact_load.wheel_front_left_link_contact_plugin]: Publishing contact states to [/contact_load/wheel_front_left_link]
[gzserver-1] [INFO] [1789661342.816424298] [contact_load.wheel_front_right_link_contact_plugin]: Publishing contact states to [/contact_load/wheel_front_right_link]
[gzserver-1] [INFO] [1789661342.905195400] [contact_load.wheel_rear_left_link_contact_plugin]: Publishing contact states to [/contact_load/wheel_rear_left_link]
[spawn_entity.py-3] [INFO] [1789661342.923345230] [spawn_swerve]: Spawn status: SpawnEntity: Successfully spawned entity [swerve_base]
[gzserver-1] [INFO] [1789661343.069269240] [contact_load.wheel_rear_right_link_contact_plugin]: Publishing contact states to [/contact_load/wheel_rear_right_link]
[controller_server-8] [INFO] [1789661343.091075382] [local_costmap.local_costmap]: Timed out waiting for transform from base_footprint to odom to become available, tf error: Invalid frame ID "odom" passed to canTransform argument target_frame - frame does not exist
[gzserver-1] [INFO] [1789661343.183104624] [gazebo_ros2_control]: Loading gazebo_ros2_control plugin
[INFO] [spawn_entity.py-3]: process has finished cleanly [pid 234583]
[INFO] [spawner-15]: process started with pid [234835]
[gzserver-1] [INFO] [1789661343.287651760] [gazebo_ros2_control]: Starting gazebo_ros2_control plugin in namespace: /
[gzserver-1] [INFO] [1789661343.287739333] [gazebo_ros2_control]: Starting gazebo_ros2_control plugin in ros 2 node: gazebo_ros2_control
[gzserver-1] [INFO] [1789661343.349880982] [gazebo_ros2_control]: connected to service!! robot_state_publisher
[gzserver-1] [INFO] [1789661343.367074735] [gazebo_ros2_control]: Received urdf from param server, parsing...
[gzserver-1] [INFO] [1789661343.367267779] [gazebo_ros2_control]: Loading parameter files /home/yahboom/swerve_bringup/install/swerve_bringup/share/swerve_bringup/config/controllers.yaml
[gzserver-1] [INFO] [1789661343.410849312] [gazebo_ros2_control]: Loading joint: steer_front_joint
[gzserver-1] [INFO] [1789661343.410940383] [gazebo_ros2_control]: 	State:
[gzserver-1] [INFO] [1789661343.410958482] [gazebo_ros2_control]: 		 position
[gzserver-1] [INFO] [1789661343.410970407] [gazebo_ros2_control]: 		 velocity
[gzserver-1] [INFO] [1789661343.410980178] [gazebo_ros2_control]: 	Command:
[gzserver-1] [INFO] [1789661343.410989374] [gazebo_ros2_control]: 		 position
[gzserver-1] [INFO] [1789661343.411538534] [gazebo_ros2_control]: Loading joint: steer_rear_joint
[gzserver-1] [INFO] [1789661343.411567103] [gazebo_ros2_control]: 	State:
[gzserver-1] [INFO] [1789661343.411576886] [gazebo_ros2_control]: 		 position
[gzserver-1] [INFO] [1789661343.411586126] [gazebo_ros2_control]: 		 velocity
[gzserver-1] [INFO] [1789661343.411594808] [gazebo_ros2_control]: 	Command:
[gzserver-1] [INFO] [1789661343.411603277] [gazebo_ros2_control]: 		 position
[gzserver-1] [INFO] [1789661343.411769827] [gazebo_ros2_control]: Loading joint: wheel_front_drive_joint
[gzserver-1] [INFO] [1789661343.411785570] [gazebo_ros2_control]: 	State:
[gzserver-1] [INFO] [1789661343.411794708] [gazebo_ros2_control]: 		 position
[gzserver-1] [INFO] [1789661343.411804312] [gazebo_ros2_control]: 		 velocity
[gzserver-1] [INFO] [1789661343.411812997] [gazebo_ros2_control]: 	Command:
[gzserver-1] [INFO] [1789661343.411825396] [gazebo_ros2_control]: 		 velocity
[gzserver-1] [INFO] [1789661343.411957793] [gazebo_ros2_control]: Loading joint: wheel_rear_drive_joint
[gzserver-1] [INFO] [1789661343.411971507] [gazebo_ros2_control]: 	State:
[gzserver-1] [INFO] [1789661343.411980251] [gazebo_ros2_control]: 		 position
[gzserver-1] [INFO] [1789661343.411988690] [gazebo_ros2_control]: 		 velocity
[gzserver-1] [INFO] [1789661343.411998943] [gazebo_ros2_control]: 	Command:
[gzserver-1] [INFO] [1789661343.412012756] [gazebo_ros2_control]: 		 velocity
[gzserver-1] [INFO] [1789661343.412283406] [resource_manager]: Initialize hardware 'GazeboSystem' 
[gzserver-1] [INFO] [1789661343.415786355] [resource_manager]: Successful initialization of hardware 'GazeboSystem'
[gzserver-1] [INFO] [1789661343.415950351] [resource_manager]: 'configure' hardware 'GazeboSystem' 
[gzserver-1] [INFO] [1789661343.415967127] [resource_manager]: Successful 'configure' of hardware 'GazeboSystem'
[gzserver-1] [INFO] [1789661343.415975248] [resource_manager]: 'activate' hardware 'GazeboSystem' 
[gzserver-1] [INFO] [1789661343.415982203] [resource_manager]: Successful 'activate' of hardware 'GazeboSystem'
[gzserver-1] [INFO] [1789661343.416159046] [gazebo_ros2_control]: Loading controller_manager
[controller_server-8] [INFO] [1789661343.591108086] [local_costmap.local_costmap]: Timed out waiting for transform from base_footprint to odom to become available, tf error: Invalid frame ID "odom" passed to canTransform argument target_frame - frame does not exist
[gzserver-1] [WARN] [1789661343.755269041] [gazebo_ros2_control]:  Desired controller update period (0.01 s) is slower than the gazebo simulation period (0.001 s).
[gzserver-1] [INFO] [1789661343.755854426] [gazebo_ros2_control]: Loaded gazebo_ros2_control.
[controller_server-8] [INFO] [1789661344.091434723] [local_costmap.local_costmap]: start
[controller_server-8] [INFO] [1789661344.274813733] [controller_server]: Creating bond (controller_server) to lifecycle manager.
[spawner-15] [INFO] [1789661344.434679091] [spawn_joint_state_broadcaster]: waiting for service /controller_manager/list_controllers to become available...
[lifecycle_manager-13] [INFO] [1789661344.573103992] [lifecycle_manager_navigation]: Server controller_server connected with bond.
[lifecycle_manager-13] [INFO] [1789661344.573203800] [lifecycle_manager_navigation]: [34m[1mActivating planner_server[0m[0m
[planner_server-9] [INFO] [1789661344.575124568] [planner_server]: Activating
[planner_server-9] [INFO] [1789661344.575444817] [global_costmap.global_costmap]: Activating
[planner_server-9] [INFO] [1789661344.575474458] [global_costmap.global_costmap]: Checking transform
[planner_server-9] [INFO] [1789661344.575667355] [global_costmap.global_costmap]: start
[planner_server-9] [INFO] [1789661345.129723358] [planner_server]: Activating plugin GridBased of type NavfnPlanner
[planner_server-9] [INFO] [1789661345.155294307] [planner_server]: Creating bond (planner_server) to lifecycle manager.
[lifecycle_manager-13] [INFO] [1789661345.282673457] [lifecycle_manager_navigation]: Server planner_server connected with bond.
[lifecycle_manager-13] [INFO] [1789661345.282743604] [lifecycle_manager_navigation]: [34m[1mActivating behavior_server[0m[0m
[behavior_server-10] [INFO] [1789661345.284049642] [behavior_server]: Activating
[behavior_server-10] [INFO] [1789661345.284117821] [behavior_server]: Activating spin
[behavior_server-10] [INFO] [1789661345.284158644] [behavior_server]: Activating backup
[behavior_server-10] [INFO] [1789661345.284175547] [behavior_server]: Activating drive_on_heading
[behavior_server-10] [INFO] [1789661345.284187252] [behavior_server]: Activating wait
[behavior_server-10] [INFO] [1789661345.284204108] [behavior_server]: Creating bond (behavior_server) to lifecycle manager.
[lifecycle_manager-13] [INFO] [1789661345.413112608] [lifecycle_manager_navigation]: Server behavior_server connected with bond.
[lifecycle_manager-13] [INFO] [1789661345.413170091] [lifecycle_manager_navigation]: [34m[1mActivating bt_navigator[0m[0m
[bt_navigator-11] [INFO] [1789661345.417004673] [bt_navigator]: Activating
[bt_navigator-11] [INFO] [1789661346.124275047] [bt_navigator]: Creating bond (bt_navigator) to lifecycle manager.
[lifecycle_manager-13] [INFO] [1789661346.260361515] [lifecycle_manager_navigation]: Server bt_navigator connected with bond.
[lifecycle_manager-13] [INFO] [1789661346.260435536] [lifecycle_manager_navigation]: [34m[1mActivating waypoint_follower[0m[0m
[waypoint_follower-12] [INFO] [1789661346.261126470] [waypoint_follower]: Activating
[waypoint_follower-12] [INFO] [1789661346.261196866] [waypoint_follower]: Creating bond (waypoint_follower) to lifecycle manager.
[lifecycle_manager-13] [INFO] [1789661346.396462066] [lifecycle_manager_navigation]: Server waypoint_follower connected with bond.
[lifecycle_manager-13] [INFO] [1789661346.396510494] [lifecycle_manager_navigation]: [34m[1mManaged nodes are active[0m[0m
[lifecycle_manager-13] [INFO] [1789661346.396517109] [lifecycle_manager_navigation]: [34m[1mCreating bond timer...[0m[0m
[gzserver-1] [INFO] [1789661347.012053360] [controller_manager]: Loading controller 'joint_state_broadcaster'
[spawner-15] [INFO] [1789661347.221425461] [spawn_joint_state_broadcaster]: [94mLoaded [1mjoint_state_broadcaster[0m
[gzserver-1] [INFO] [1789661347.238216895] [controller_manager]: Configuring controller 'joint_state_broadcaster'
[gzserver-1] [INFO] [1789661347.240760243] [joint_state_broadcaster]: 'joints' or 'interfaces' parameter is empty. All available state interfaces will be published
[spawner-15] [INFO] [1789661347.588420750] [spawn_joint_state_broadcaster]: [92mConfigured and activated [1mjoint_state_broadcaster[0m
[INFO] [spawner-15]: process has finished cleanly [pid 234835]
[INFO] [spawner-16]: process started with pid [234857]
[spawner-16] [INFO] [1789661349.225125845] [spawn_steering_controller]: waiting for service /controller_manager/list_controllers to become available...
[gzserver-1] [INFO] [1789661350.009703954] [controller_manager]: Loading controller 'steering_controller'
[spawner-16] [INFO] [1789661350.441684179] [spawn_steering_controller]: [94mLoaded [1msteering_controller[0m
[gzserver-1] [INFO] [1789661350.454278243] [controller_manager]: Configuring controller 'steering_controller'
[gzserver-1] [INFO] [1789661350.464339699] [steering_controller]: configure successful
[gzserver-1] [INFO] [1789661350.496265495] [steering_controller]: activate successful
[spawner-16] [INFO] [1789661350.520018034] [spawn_steering_controller]: [92mConfigured and activated [1msteering_controller[0m
[INFO] [spawner-16]: process has finished cleanly [pid 234857]
[INFO] [spawner-17]: process started with pid [234869]
[spawner-17] [INFO] [1789661352.424663710] [spawn_drive_controller]: waiting for service /controller_manager/list_controllers to become available...
[gzserver-1] [INFO] [1789661353.200012093] [controller_manager]: Loading controller 'drive_controller'
[spawner-17] [INFO] [1789661353.485890946] [spawn_drive_controller]: [94mLoaded [1mdrive_controller[0m
[gzserver-1] [INFO] [1789661353.496712723] [controller_manager]: Configuring controller 'drive_controller'
[gzserver-1] [INFO] [1789661353.508709601] [drive_controller]: configure successful
[gzserver-1] [INFO] [1789661353.548285950] [drive_controller]: activate successful
[spawner-17] [INFO] [1789661353.576220312] [spawn_drive_controller]: [92mConfigured and activated [1mdrive_controller[0m
[INFO] [spawner-17]: process has finished cleanly [pid 234869]
[INFO] [swerve_controller_node-18]: process started with pid [234887]
[INFO] [swerve_odometry_node-19]: process started with pid [234889]
[swerve_odometry_node-19] [INFO] [1789661356.114819825] [swerve_odometry]: Encoder odometry ready: radius=0.0637 m, velocity_sign=+1.0
[swerve_controller_node-18] [INFO] [1789661356.126852744] [swerve_controller]: Swerve controller ready: radius=0.0675 m, modules={'front': (0.300042, 0.0), 'rear': (-0.300042, 0.0)}
[WARNING] [launch]: user interrupted with ctrl-c (SIGINT)
[behavior_server-10] [INFO] [1789661401.764243537] [rclcpp]: signal_handler(signum=2)
[behavior_server-10] [INFO] [1789661401.765092644] [behavior_server]: Running Nav2 LifecycleNode rcl preshutdown (behavior_server)
[behavior_server-10] [INFO] [1789661401.765175400] [behavior_server]: Deactivating
[behavior_server-10] [INFO] [1789661401.765215812] [behavior_server]: Destroying bond (behavior_server) to lifecycle manager.
[lifecycle_manager-13] [INFO] [1789661401.764454928] [rclcpp]: signal_handler(signum=2)
[lifecycle_manager-13] [INFO] [1789661401.764625249] [lifecycle_manager_navigation]: Running Nav2 LifecycleManager rcl preshutdown (lifecycle_manager_navigation)
[lifecycle_manager-13] [INFO] [1789661401.765130569] [lifecycle_manager_navigation]: [34m[1mTerminating bond timer...[0m[0m
[bt_navigator-11] [INFO] [1789661401.764725782] [rclcpp]: signal_handler(signum=2)
[bt_navigator-11] [INFO] [1789661401.765309797] [bt_navigator]: Running Nav2 LifecycleNode rcl preshutdown (bt_navigator)
[bt_navigator-11] [INFO] [1789661401.765393888] [bt_navigator]: Deactivating
[bt_navigator-11] [INFO] [1789661401.765450439] [bt_navigator]: Destroying bond (bt_navigator) to lifecycle manager.
[planner_server-9] [INFO] [1789661401.764830857] [rclcpp]: signal_handler(signum=2)
[planner_server-9] [INFO] [1789661401.767724722] [planner_server]: Running Nav2 LifecycleNode rcl preshutdown (planner_server)
[planner_server-9] [INFO] [1789661401.767803924] [planner_server]: Deactivating
[planner_server-9] [INFO] [1789661401.767845886] [global_costmap.global_costmap]: Deactivating
[map_server-7] [INFO] [1789661401.764933930] [rclcpp]: signal_handler(signum=2)
[map_server-7] [INFO] [1789661401.766751816] [map_server]: Running Nav2 LifecycleNode rcl preshutdown (map_server)
[ekf_node-6] [INFO] [1789661401.764943131] [rclcpp]: signal_handler(signum=2)
[robot_state_publisher-2] [INFO] [1789661401.766791510] [rclcpp]: signal_handler(signum=2)
[controller_server-8] [INFO] [1789661401.766849849] [rclcpp]: signal_handler(signum=2)
[controller_server-8] [INFO] [1789661401.768145950] [controller_server]: Running Nav2 LifecycleNode rcl preshutdown (controller_server)
[ekf_node-4] [INFO] [1789661401.767162736] [rclcpp]: signal_handler(signum=2)
[INFO] [swerve_odometry_node-19]: sending signal 'SIGINT' to process[swerve_odometry_node-19]
[INFO] [swerve_controller_node-18]: sending signal 'SIGINT' to process[swerve_controller_node-18]
[INFO] [lifecycle_manager-13]: sending signal 'SIGINT' to process[lifecycle_manager-13]
[INFO] [waypoint_follower-12]: sending signal 'SIGINT' to process[waypoint_follower-12]
[INFO] [bt_navigator-11]: sending signal 'SIGINT' to process[bt_navigator-11]
[INFO] [behavior_server-10]: sending signal 'SIGINT' to process[behavior_server-10]
[INFO] [planner_server-9]: sending signal 'SIGINT' to process[planner_server-9]
[INFO] [controller_server-8]: sending signal 'SIGINT' to process[controller_server-8]
[INFO] [map_server-7]: sending signal 'SIGINT' to process[map_server-7]
[INFO] [ekf_node-6]: sending signal 'SIGINT' to process[ekf_node-6]
[INFO] [v30e_sim_node-5]: sending signal 'SIGINT' to process[v30e_sim_node-5]
[INFO] [ekf_node-4]: sending signal 'SIGINT' to process[ekf_node-4]
[INFO] [robot_state_publisher-2]: sending signal 'SIGINT' to process[robot_state_publisher-2]
[INFO] [gzserver-1]: sending signal 'SIGINT' to process[gzserver-1]
[waypoint_follower-12] [INFO] [1789661401.770649909] [rclcpp]: signal_handler(signum=2)
[ERROR] [ekf_node-4]: process has died [pid 234585, exit code -2, cmd '/opt/ros/humble/lib/robot_localization/ekf_node --ros-args -r __node:=ekf_filter_node --params-file /home/yahboom/swerve_bringup/install/swerve_bringup/share/swerve_bringup/config/ekf.yaml --params-file /tmp/launch_params_vys3oofe -r /odom:=/odom -r /imu/data:=/imu/data'].
[controller_server-8] [INFO] [1789661401.772706060] [controller_server]: Deactivating
[controller_server-8] [INFO] [1789661401.772765760] [local_costmap.local_costmap]: Deactivating
[waypoint_follower-12] [INFO] [1789661401.775547848] [waypoint_follower]: Running Nav2 LifecycleNode rcl preshutdown (waypoint_follower)
[waypoint_follower-12] [INFO] [1789661401.775634449] [waypoint_follower]: Deactivating
[waypoint_follower-12] [INFO] [1789661401.775665613] [waypoint_follower]: Destroying bond (waypoint_follower) to lifecycle manager.
[map_server-7] [INFO] [1789661401.775875482] [map_server]: Deactivating
[map_server-7] [INFO] [1789661401.775914777] [map_server]: Destroying bond (map_server) to lifecycle manager.
[ERROR] [ekf_node-6]: process has died [pid 234589, exit code -2, cmd '/opt/ros/humble/lib/robot_localization/ekf_node --ros-args -r __node:=ekf_v30e --params-file /home/yahboom/swerve_bringup/install/swerve_bringup/share/swerve_bringup/config/v30e_localization_ekf.yaml --params-file /tmp/launch_params_klv_3chn -r odometry/filtered:=/odometry/v30e'].
[behavior_server-10] [INFO] [1789661401.786811339] [behavior_server]: Cleaning up
[bt_navigator-11] [INFO] [1789661401.807064419] [bt_navigator]: Cleaning up
[waypoint_follower-12] [INFO] [1789661401.818706932] [waypoint_follower]: Cleaning up
[swerve_odometry_node-19] Traceback (most recent call last):
[swerve_odometry_node-19]   File "/home/yahboom/swerve_bringup/install/swerve_bringup/lib/swerve_bringup/swerve_odometry_node", line 221, in <module>
[map_server-7] [INFO] [1789661401.825060395] [map_server]: Cleaning up
[map_server-7] [INFO] [1789661401.825617969] [map_server]: Destroying bond (map_server) to lifecycle manager.
[swerve_controller_node-18] Traceback (most recent call last):
[swerve_controller_node-18]   File "/home/yahboom/swerve_bringup/install/swerve_bringup/lib/swerve_bringup/swerve_controller_node", line 192, in <module>
[swerve_controller_node-18]     main()
[swerve_controller_node-18]   File "/home/yahboom/swerve_bringup/install/swerve_bringup/lib/swerve_bringup/swerve_controller_node", line 184, in main
[swerve_controller_node-18]     node.steer_pub.publish(Float64MultiArray(data=[
[swerve_controller_node-18]   File "/opt/ros/humble/local/lib/python3.10/dist-packages/rclpy/publisher.py", line 70, in publish
[swerve_controller_node-18]     self.__publisher.publish(msg)
[swerve_controller_node-18] rclpy._rclpy_pybind11.RCLError: Failed to publish: publisher's context is invalid, at ./src/rcl/publisher.c:389
[swerve_controller_node-18] Error in sys.excepthook:
[swerve_controller_node-18] Traceback (most recent call last):
[swerve_controller_node-18]   File "/usr/lib/python3/dist-packages/apport_python_hook.py", line 72, in apport_excepthook
[swerve_controller_node-18]     from apport.fileutils import likely_packaged, get_recent_crashes
[swerve_controller_node-18]   File "/usr/lib/python3/dist-packages/apport/__init__.py", line 5, in <module>
[swerve_controller_node-18]     from apport.report import Report
[swerve_controller_node-18]   File "/usr/lib/python3/dist-packages/apport/report.py", line 21, in <module>
[swerve_controller_node-18]     from urllib.request import urlopen
[swerve_controller_node-18]   File "/usr/lib/python3.10/urllib/request.py", line 88, in <module>
[swerve_controller_node-18]     import http.client
[swerve_controller_node-18]   File "/usr/lib/python3.10/http/client.py", line 71, in <module>
[swerve_controller_node-18]     import email.parser
[swerve_controller_node-18]   File "/usr/lib/python3.10/email/parser.py", line 12, in <module>
[swerve_controller_node-18]     from email.feedparser import FeedParser, BytesFeedParser
[swerve_controller_node-18]   File "/usr/lib/python3.10/email/feedparser.py", line 27, in <module>
[swerve_controller_node-18]     from email._policybase import compat32
[swerve_controller_node-18]   File "/usr/lib/python3.10/email/_policybase.py", line 7, in <module>
[swerve_controller_node-18]     from email import header
[swerve_controller_node-18]   File "/usr/lib/python3.10/email/header.py", line 43, in <module>
[swerve_controller_node-18]     ''', re.VERBOSE | re.MULTILINE)
[swerve_controller_node-18]   File "/usr/lib/python3.10/enum.py", line 980, in __or__
[swerve_controller_node-18]     def __or__(self, other):
[swerve_controller_node-18] KeyboardInterrupt
[swerve_controller_node-18] 
[swerve_controller_node-18] Original exception was:
[swerve_controller_node-18] Traceback (most recent call last):
[swerve_controller_node-18]   File "/home/yahboom/swerve_bringup/install/swerve_bringup/lib/swerve_bringup/swerve_controller_node", line 192, in <module>
[swerve_controller_node-18]     main()
[swerve_controller_node-18]   File "/home/yahboom/swerve_bringup/install/swerve_bringup/lib/swerve_bringup/swerve_controller_node", line 184, in main
[swerve_controller_node-18]     node.steer_pub.publish(Float64MultiArray(data=[
[swerve_controller_node-18]   File "/opt/ros/humble/local/lib/python3.10/dist-packages/rclpy/publisher.py", line 70, in publish
[swerve_controller_node-18]     self.__publisher.publish(msg)
[swerve_controller_node-18] rclpy._rclpy_pybind11.RCLError: Failed to publish: publisher's context is invalid, at ./src/rcl/publisher.c:389
[swerve_odometry_node-19]     main()
[swerve_odometry_node-19]   File "/home/yahboom/swerve_bringup/install/swerve_bringup/lib/swerve_bringup/swerve_odometry_node", line 215, in main
[swerve_odometry_node-19]     node.destroy_node()
[swerve_odometry_node-19]   File "/opt/ros/humble/local/lib/python3.10/dist-packages/rclpy/node.py", line 1685, in destroy_node
[swerve_odometry_node-19]     self.destroy_publisher(self._publishers[0])
[swerve_odometry_node-19]   File "/opt/ros/humble/local/lib/python3.10/dist-packages/rclpy/node.py", line 1565, in destroy_publisher
[swerve_odometry_node-19]     publisher.destroy()
[swerve_odometry_node-19]   File "/opt/ros/humble/local/lib/python3.10/dist-packages/rclpy/publisher.py", line 99, in destroy
[swerve_odometry_node-19]     self.__publisher.destroy_when_not_in_use()
[swerve_odometry_node-19] KeyboardInterrupt
[lifecycle_manager-13] [INFO] [1789661401.837519329] [rclcpp]: signal_handler(signum=2)
[waypoint_follower-12] [INFO] [1789661401.848306765] [rclcpp]: signal_handler(signum=2)
[bt_navigator-11] [INFO] [1789661401.854099778] [rclcpp]: signal_handler(signum=2)
[behavior_server-10] [INFO] [1789661401.854949759] [rclcpp]: signal_handler(signum=2)
[controller_server-8] [INFO] [1789661401.858288134] [controller_server]: Destroying bond (controller_server) to lifecycle manager.
[planner_server-9] [INFO] [1789661401.861576010] [rclcpp]: signal_handler(signum=2)
[controller_server-8] [INFO] [1789661401.868889171] [rclcpp]: signal_handler(signum=2)
[controller_server-8] [INFO] [1789661401.869117528] [controller_server]: Cleaning up
[controller_server-8] [INFO] [1789661401.869266596] [local_costmap.local_costmap]: Cleaning up
[map_server-7] [INFO] [1789661401.874299005] [rclcpp]: signal_handler(signum=2)
[robot_state_publisher-2] [INFO] [1789661401.902607094] [rclcpp]: signal_handler(signum=2)
[planner_server-9] [INFO] [1789661402.079565141] [planner_server]: Deactivating plugin GridBased of type NavfnPlanner
[planner_server-9] [INFO] [1789661402.079646446] [planner_server]: Destroying bond (planner_server) to lifecycle manager.
[waypoint_follower-12] [INFO] [1789661402.909223953] [waypoint_follower]: Destroying bond (waypoint_follower) to lifecycle manager.
[waypoint_follower-12] [INFO] [1789661402.930356713] [waypoint_follower]: Destroying
[behavior_server-10] [INFO] [1789661402.956889130] [behavior_server]: Destroying bond (behavior_server) to lifecycle manager.
[behavior_server-10] [INFO] [1789661402.977912369] [behavior_server]: Destroying
[planner_server-9] [INFO] [1789661402.981669423] [planner_server]: Cleaning up
[planner_server-9] [INFO] [1789661403.002498613] [global_costmap.global_costmap]: Cleaning up
[planner_server-9] [INFO] [1789661403.019553796] [planner_server]: Cleaning up plugin GridBased of type NavfnPlanner
[planner_server-9] [INFO] [1789661403.019738528] [planner_server]: Destroying plugin GridBased of type NavfnPlanner
[planner_server-9] [INFO] [1789661403.034606651] [planner_server]: Destroying bond (planner_server) to lifecycle manager.
[ERROR] [swerve_odometry_node-19]: process has died [pid 234889, exit code -2, cmd '/home/yahboom/swerve_bringup/install/swerve_bringup/lib/swerve_bringup/swerve_odometry_node --ros-args -r __node:=swerve_odometry --params-file /home/yahboom/swerve_bringup/install/swerve_bringup/share/swerve_bringup/config/swerve_odometry.yaml --params-file /tmp/launch_params_1x7jxmag'].
[planner_server-9] [INFO] [1789661403.042752943] [global_costmap.global_costmap]: Destroying
[planner_server-9] [INFO] [1789661403.056371198] [planner_server]: Destroying
[INFO] [robot_state_publisher-2]: process has finished cleanly [pid 234581]
[INFO] [waypoint_follower-12]: process has finished cleanly [pid 234621]
[INFO] [behavior_server-10]: process has finished cleanly [pid 234605]
[ERROR] [swerve_controller_node-18]: process has died [pid 234887, exit code -11, cmd '/home/yahboom/swerve_bringup/install/swerve_bringup/lib/swerve_bringup/swerve_controller_node --ros-args -r __node:=swerve_controller --params-file /home/yahboom/swerve_bringup/install/swerve_bringup/share/swerve_bringup/config/swerve_controller.yaml --params-file /tmp/launch_params_xb9elfxy'].
[INFO] [planner_server-9]: process has finished cleanly [pid 234597]
[map_server-7] [INFO] [1789661403.906820185] [map_server]: Destroying
[v30e_sim_node-5] Traceback (most recent call last):
[v30e_sim_node-5]   File "/home/yahboom/swerve_bringup/install/swerve_bringup/lib/swerve_bringup/v30e_sim_node", line 188, in <module>
[v30e_sim_node-5]     if __name__ == '__main__': main()
[v30e_sim_node-5]   File "/home/yahboom/swerve_bringup/install/swerve_bringup/lib/swerve_bringup/v30e_sim_node", line 185, in main
[v30e_sim_node-5]     node.destroy_node(); rclpy.shutdown()
[v30e_sim_node-5]   File "/opt/ros/humble/local/lib/python3.10/dist-packages/rclpy/node.py", line 1685, in destroy_node
[v30e_sim_node-5]     self.destroy_publisher(self._publishers[0])
[v30e_sim_node-5]   File "/opt/ros/humble/local/lib/python3.10/dist-packages/rclpy/node.py", line 1565, in destroy_publisher
[v30e_sim_node-5]     publisher.destroy()
[v30e_sim_node-5]   File "/opt/ros/humble/local/lib/python3.10/dist-packages/rclpy/publisher.py", line 99, in destroy
[v30e_sim_node-5]     self.__publisher.destroy_when_not_in_use()
[v30e_sim_node-5] KeyboardInterrupt
[controller_server-8] [INFO] [1789661404.023796431] [controller_server]: Destroying bond (controller_server) to lifecycle manager.
[controller_server-8] [INFO] [1789661404.033845266] [local_costmap.local_costmap]: Destroying
[controller_server-8] [INFO] [1789661404.063925342] [controller_server]: Destroying
[ERROR] [v30e_sim_node-5]: process has died [pid 234587, exit code -2, cmd '/home/yahboom/swerve_bringup/install/swerve_bringup/lib/swerve_bringup/v30e_sim_node --ros-args -r __node:=v30e_sim_node --params-file /home/yahboom/swerve_bringup/install/swerve_bringup/share/swerve_bringup/config/v30e_sim.yaml --params-file /tmp/launch_params_tovjqpp7'].
[INFO] [map_server-7]: process has finished cleanly [pid 234591]
[lifecycle_manager-13] [INFO] [1789661404.119031386] [lifecycle_manager_navigation]: Destroying lifecycle_manager_navigation
[INFO] [controller_server-8]: process has finished cleanly [pid 234594]
[bt_navigator-11] [INFO] [1789661404.226464194] [bt_navigator]: Completed Cleaning up
[bt_navigator-11] [INFO] [1789661404.226530654] [bt_navigator]: Destroying bond (bt_navigator) to lifecycle manager.
[bt_navigator-11] [INFO] [1789661404.236918418] [bt_navigator]: Destroying
[INFO] [lifecycle_manager-13]: process has finished cleanly [pid 234646]
[INFO] [bt_navigator-11]: process has finished cleanly [pid 234611]
[INFO] [gzserver-1]: process has finished cleanly [pid 234579]
