{"action_status": "TIMEOUT", "alignment_error_xy_initial": 5.1597375248132786e-05, "alignment_error_yaw_initial": 4.633143160193143e-05, "cmd_vel_nonzero": true, "distance_remaining_last": 0.04994997754693031, "elapsed_sim_time": 120.09197115898132, "elapsed_wall_time": 120.09195271399949, "final_navigation_error_xy": 0.0019438753145024827, "final_yaw_error": 0.24977949626462603, "gt_goal_error": 0.0019438753145024827, "gt_yaw_displacement": 0.2497794962646256, "localization_error_xy": 0.028380035036444, "localization_error_yaw": 0.015420788449283851, "motion_ok": true, "odom_error_xy": 0.022776225058556962, "path_generated": true, "real_time_factor": 1.0000001535904897, "run": 1, "test": "X+", "travelled_distance": 0.998209939255479, "v30e_error_xy": 0.8560978606740269}
{
  "runs": 1,
  "metrics": {
    "gt_goal_error": {
      "mean": 0.0019438753145024827,
      "max": 0.0019438753145024827,
      "rmse": 0.0019438753145024827,
      "stddev": 0.0
    },
    "localization_error_xy": {
      "mean": 0.028380035036444,
      "max": 0.028380035036444,
      "rmse": 0.028380035036444,
      "stddev": 0.0
    },
    "localization_error_yaw": {
      "mean": 0.015420788449283851,
      "max": 0.015420788449283851,
      "rmse": 0.015420788449283851,
      "stddev": 0.0
    },
    "odom_error_xy": {
      "mean": 0.022776225058556962,
      "max": 0.022776225058556962,
      "rmse": 0.022776225058556962,
      "stddev": 0.0
    },
    "final_navigation_error_xy": {
      "mean": 0.0019438753145024827,
      "max": 0.0019438753145024827,
      "rmse": 0.0019438753145024827,
      "stddev": 0.0
    },
    "final_yaw_error": {
      "mean": 0.24977949626462603,
      "max": 0.24977949626462603,
      "rmse": 0.24977949626462603,
      "stddev": 0.0
    },
    "travelled_distance": {
      "mean": 0.998209939255479,
      "max": 0.998209939255479,
      "rmse": 0.998209939255479,
      "stddev": 0.0
    }
  },
  "passed": false,
  "rows": [
    {
      "run": 1,
      "test": "X+",
      "alignment_error_xy_initial": 5.1597375248132786e-05,
      "alignment_error_yaw_initial": 4.633143160193143e-05,
      "gt_goal_error": 0.0019438753145024827,
      "localization_error_xy": 0.028380035036444,
      "localization_error_yaw": 0.015420788449283851,
      "odom_error_xy": 0.022776225058556962,
      "v30e_error_xy": 0.8560978606740269,
      "final_navigation_error_xy": 0.0019438753145024827,
      "final_yaw_error": 0.24977949626462603,
      "travelled_distance": 0.998209939255479,
      "action_status": "TIMEOUT",
      "gt_yaw_displacement": 0.2497794962646256,
      "motion_ok": true,
      "path_generated": true,
      "cmd_vel_nonzero": true,
      "distance_remaining_last": 0.04994997754693031,
      "elapsed_sim_time": 120.09197115898132,
      "elapsed_wall_time": 120.09195271399949,
      "real_time_factor": 1.0000001535904897
    }
  ]
}
