[INFO] [launch]: All log files can be found below /home/yahboom/.ros/log/2026-09-17-16-29-11-879924-yahboom-virtual-machine-138019
[INFO] [launch]: Default logging verbosity is set to INFO
[INFO] [gzserver-1]: process started with pid [138055]
[INFO] [robot_state_publisher-2]: process started with pid [138058]
[INFO] [spawn_entity.py-3]: process started with pid [138061]
[INFO] [ekf_node-4]: process started with pid [138064]
[INFO] [v30e_sim_node-5]: process started with pid [138067]
[INFO] [ekf_node-6]: process started with pid [138070]
[INFO] [map_server-7]: process started with pid [138074]
[INFO] [controller_server-8]: process started with pid [138078]
[INFO] [planner_server-9]: process started with pid [138081]
[INFO] [behavior_server-10]: process started with pid [138087]
[INFO] [bt_navigator-11]: process started with pid [138098]
[INFO] [waypoint_follower-12]: process started with pid [138103]
[INFO] [lifecycle_manager-13]: process started with pid [138111]
[INFO] [swerve_bridge_node-14]: process started with pid [138130]
[robot_state_publisher-2] [INFO] [1789633754.718745969] [robot_state_publisher]: got segment base_footprint
[robot_state_publisher-2] [INFO] [1789633754.718906136] [robot_state_publisher]: got segment base_link
[robot_state_publisher-2] [INFO] [1789633754.718918429] [robot_state_publisher]: got segment imu_link
[robot_state_publisher-2] [INFO] [1789633754.718953439] [robot_state_publisher]: got segment lidar_link
[robot_state_publisher-2] [INFO] [1789633754.718970040] [robot_state_publisher]: got segment steer_front_link
[robot_state_publisher-2] [INFO] [1789633754.718977492] [robot_state_publisher]: got segment steer_rear_link
[robot_state_publisher-2] [INFO] [1789633754.718984485] [robot_state_publisher]: got segment v30e_link
[robot_state_publisher-2] [INFO] [1789633754.718991186] [robot_state_publisher]: got segment wheel_front_drive_link
[robot_state_publisher-2] [INFO] [1789633754.718997964] [robot_state_publisher]: got segment wheel_front_left_link
[robot_state_publisher-2] [INFO] [1789633754.719004608] [robot_state_publisher]: got segment wheel_front_right_link
[robot_state_publisher-2] [INFO] [1789633754.719011118] [robot_state_publisher]: got segment wheel_rear_drive_link
[robot_state_publisher-2] [INFO] [1789633754.719017472] [robot_state_publisher]: got segment wheel_rear_left_link
[robot_state_publisher-2] [INFO] [1789633754.719024071] [robot_state_publisher]: got segment wheel_rear_right_link
[behavior_server-10] [INFO] [1789633754.876990371] [behavior_server]: 
[behavior_server-10] 	behavior_server lifecycle node launched. 
[behavior_server-10] 	Waiting on external lifecycle transitions to activate
[behavior_server-10] 	See https://design.ros2.org/articles/node_lifecycle.html for more information.
[planner_server-9] [INFO] [1789633754.985039986] [planner_server]: 
[planner_server-9] 	planner_server lifecycle node launched. 
[planner_server-9] 	Waiting on external lifecycle transitions to activate
[planner_server-9] 	See https://design.ros2.org/articles/node_lifecycle.html for more information.
[planner_server-9] [INFO] [1789633754.986493446] [planner_server]: Creating
[lifecycle_manager-13] [INFO] [1789633755.012611653] [lifecycle_manager_navigation]: Creating
[controller_server-8] [INFO] [1789633755.082405396] [controller_server]: 
[controller_server-8] 	controller_server lifecycle node launched. 
[controller_server-8] 	Waiting on external lifecycle transitions to activate
[controller_server-8] 	See https://design.ros2.org/articles/node_lifecycle.html for more information.
[lifecycle_manager-13] [INFO] [1789633755.086685329] [lifecycle_manager_navigation]: [34m[1mCreating and initializing lifecycle service clients[0m[0m
[controller_server-8] [INFO] [1789633755.104003434] [controller_server]: Creating controller server
[bt_navigator-11] [INFO] [1789633755.274090957] [bt_navigator]: 
[bt_navigator-11] 	bt_navigator lifecycle node launched. 
[bt_navigator-11] 	Waiting on external lifecycle transitions to activate
[bt_navigator-11] 	See https://design.ros2.org/articles/node_lifecycle.html for more information.
[bt_navigator-11] [INFO] [1789633755.274297464] [bt_navigator]: Creating
[swerve_bridge_node-14] Traceback (most recent call last):
[swerve_bridge_node-14]   File "/home/yahboom/swerve_bringup/install/swerve_bridge/lib/swerve_bridge/swerve_bridge_node", line 33, in <module>
[swerve_bridge_node-14]     sys.exit(load_entry_point('swerve-bridge', 'console_scripts', 'swerve_bridge_node')())
[swerve_bridge_node-14]   File "/home/yahboom/swerve_bringup/install/swerve_bridge/lib/swerve_bridge/swerve_bridge_node", line 22, in importlib_load_entry_point
[swerve_bridge_node-14]     for entry_point in distribution(dist_name).entry_points
[swerve_bridge_node-14]   File "/usr/lib/python3.10/importlib/metadata/__init__.py", line 969, in distribution
[swerve_bridge_node-14]     return Distribution.from_name(distribution_name)
[swerve_bridge_node-14]   File "/usr/lib/python3.10/importlib/metadata/__init__.py", line 548, in from_name
[swerve_bridge_node-14]     raise PackageNotFoundError(name)
[swerve_bridge_node-14] importlib.metadata.PackageNotFoundError: No package metadata was found for swerve-bridge
[map_server-7] [INFO] [1789633755.360749235] [map_server]: 
[map_server-7] 	map_server lifecycle node launched. 
[map_server-7] 	Waiting on external lifecycle transitions to activate
[map_server-7] 	See https://design.ros2.org/articles/node_lifecycle.html for more information.
[map_server-7] [INFO] [1789633755.366691194] [map_server]: Creating
[ERROR] [swerve_bridge_node-14]: process has died [pid 138130, exit code 1, cmd '/home/yahboom/swerve_bringup/install/swerve_bridge/lib/swerve_bridge/swerve_bridge_node --ros-args -r __node:=swerve_bridge --params-file /home/yahboom/swerve_bringup/install/swerve_bridge/share/swerve_bridge/config/bridge.yaml --params-file /tmp/launch_params_c5smo_fo'].
[controller_server-8] [INFO] [1789633755.439201201] [local_costmap.local_costmap]: 
[controller_server-8] 	local_costmap lifecycle node launched. 
[controller_server-8] 	Waiting on external lifecycle transitions to activate
[controller_server-8] 	See https://design.ros2.org/articles/node_lifecycle.html for more information.
[lifecycle_manager-13] [INFO] [1789633755.447604672] [lifecycle_manager_navigation]: [34m[1mStarting managed nodes bringup...[0m[0m
[lifecycle_manager-13] [INFO] [1789633755.447668048] [lifecycle_manager_navigation]: [34m[1mConfiguring map_server[0m[0m
[controller_server-8] [INFO] [1789633755.447853738] [local_costmap.local_costmap]: Creating Costmap
[planner_server-9] [INFO] [1789633755.454019020] [global_costmap.global_costmap]: 
[planner_server-9] 	global_costmap lifecycle node launched. 
[planner_server-9] 	Waiting on external lifecycle transitions to activate
[planner_server-9] 	See https://design.ros2.org/articles/node_lifecycle.html for more information.
[planner_server-9] [INFO] [1789633755.462384777] [global_costmap.global_costmap]: Creating Costmap
[waypoint_follower-12] [INFO] [1789633755.470543865] [waypoint_follower]: 
[waypoint_follower-12] 	waypoint_follower lifecycle node launched. 
[waypoint_follower-12] 	Waiting on external lifecycle transitions to activate
[waypoint_follower-12] 	See https://design.ros2.org/articles/node_lifecycle.html for more information.
[waypoint_follower-12] [INFO] [1789633755.471379746] [waypoint_follower]: Creating
[map_server-7] [INFO] [1789633755.951570185] [map_server]: Configuring
[map_server-7] [INFO] [1789633755.951710540] [map_io]: Loading yaml file: /home/yahboom/swerve_bringup/install/swerve_bringup/share/swerve_bringup/swerve_navigation/maps/warehouse.yaml
[map_server-7] [INFO] [1789633755.952094827] [map_io]: resolution: 0.05
[map_server-7] [INFO] [1789633755.952112217] [map_io]: origin[0]: -17.2
[map_server-7] [INFO] [1789633755.952118428] [map_io]: origin[1]: -17.4
[map_server-7] [INFO] [1789633755.952123951] [map_io]: origin[2]: 0
[map_server-7] [INFO] [1789633755.952129666] [map_io]: free_thresh: 0.25
[map_server-7] [INFO] [1789633755.952135240] [map_io]: occupied_thresh: 0.65
[map_server-7] [INFO] [1789633755.952141025] [map_io]: mode: trinary
[map_server-7] [INFO] [1789633755.952147646] [map_io]: negate: 0
[map_server-7] [INFO] [1789633755.952413015] [map_io]: Loading image_file: /home/yahboom/swerve_bringup/install/swerve_bringup/share/swerve_bringup/swerve_navigation/maps/warehouse.pgm
[map_server-7] [INFO] [1789633756.139411879] [map_io]: Read map /home/yahboom/swerve_bringup/install/swerve_bringup/share/swerve_bringup/swerve_navigation/maps/warehouse.pgm: 676 X 680 map @ 0.05 m/cell
[lifecycle_manager-13] [INFO] [1789633756.253131429] [lifecycle_manager_navigation]: [34m[1mConfiguring controller_server[0m[0m
[controller_server-8] [INFO] [1789633756.263999154] [controller_server]: Configuring controller interface
[controller_server-8] [INFO] [1789633756.279396598] [controller_server]: getting goal checker plugins..
[controller_server-8] [INFO] [1789633756.279557114] [controller_server]: Controller frequency set to 10.0000Hz
[controller_server-8] [INFO] [1789633756.279608239] [local_costmap.local_costmap]: Configuring
[spawn_entity.py-3] [INFO] [1789633756.335665383] [spawn_swerve]: Spawn Entity started
[spawn_entity.py-3] [INFO] [1789633756.336204086] [spawn_swerve]: Loading entity published on topic robot_description
[spawn_entity.py-3] [INFO] [1789633756.351173831] [spawn_swerve]: Waiting for entity xml on robot_description
[controller_server-8] [INFO] [1789633756.380074339] [local_costmap.local_costmap]: Using plugin "voxel_layer"
[controller_server-8] [INFO] [1789633756.413855350] [local_costmap.local_costmap]: Subscribed to Topics: lidar3d scan
[controller_server-8] [INFO] [1789633756.488318586] [local_costmap.local_costmap]: Initialized plugin "voxel_layer"
[controller_server-8] [INFO] [1789633756.488382322] [local_costmap.local_costmap]: Using plugin "inflation_layer"
[controller_server-8] [INFO] [1789633756.501653313] [local_costmap.local_costmap]: Initialized plugin "inflation_layer"
[controller_server-8] [INFO] [1789633756.646732960] [controller_server]: Created progress_checker : progress_checker of type nav2_controller::SimpleProgressChecker
[controller_server-8] [INFO] [1789633756.659227748] [controller_server]: Created goal checker : general_goal_checker of type nav2_controller::SimpleGoalChecker
[controller_server-8] [INFO] [1789633756.671796897] [controller_server]: Controller Server has general_goal_checker  goal checkers available.
[controller_server-8] [INFO] [1789633756.673827091] [controller_server]: Created controller : FollowPath of type dwb_core::DWBLocalPlanner
[controller_server-8] [INFO] [1789633756.705208309] [controller_server]: Setting transform_tolerance to 0.200000
[v30e_sim_node-5] [INFO] [1789633756.754766529] [v30e_sim_node]: Using Gazebo /get_entity_state internally; odometry is not a V30E measurement input
[controller_server-8] [INFO] [1789633756.808951761] [controller_server]: Using critic "RotateToGoal" (dwb_critics::RotateToGoalCritic)
[controller_server-8] [INFO] [1789633756.809312531] [controller_server]: Critic plugin initialized
[controller_server-8] [INFO] [1789633756.809394575] [controller_server]: Using critic "Oscillation" (dwb_critics::OscillationCritic)
[controller_server-8] [INFO] [1789633756.809557443] [controller_server]: Critic plugin initialized
[controller_server-8] [INFO] [1789633756.809612934] [controller_server]: Using critic "BaseObstacle" (dwb_critics::BaseObstacleCritic)
[controller_server-8] [INFO] [1789633756.809700601] [controller_server]: Critic plugin initialized
[controller_server-8] [INFO] [1789633756.809755086] [controller_server]: Using critic "GoalAlign" (dwb_critics::GoalAlignCritic)
[controller_server-8] [INFO] [1789633756.813271321] [controller_server]: Critic plugin initialized
[controller_server-8] [INFO] [1789633756.813385862] [controller_server]: Using critic "PathAlign" (dwb_critics::PathAlignCritic)
[controller_server-8] [INFO] [1789633756.813752381] [controller_server]: Critic plugin initialized
[controller_server-8] [INFO] [1789633756.813837905] [controller_server]: Using critic "PathDist" (dwb_critics::PathDistCritic)
[controller_server-8] [INFO] [1789633756.814179644] [controller_server]: Critic plugin initialized
[controller_server-8] [INFO] [1789633756.814272117] [controller_server]: Using critic "GoalDist" (dwb_critics::GoalDistCritic)
[controller_server-8] [INFO] [1789633756.820640099] [controller_server]: Critic plugin initialized
[controller_server-8] [INFO] [1789633756.820683847] [controller_server]: Controller Server has FollowPath  controllers available.
[lifecycle_manager-13] [INFO] [1789633756.890203859] [lifecycle_manager_navigation]: [34m[1mConfiguring planner_server[0m[0m
[planner_server-9] [INFO] [1789633756.890732646] [planner_server]: Configuring
[planner_server-9] [INFO] [1789633756.890786260] [global_costmap.global_costmap]: Configuring
[planner_server-9] [INFO] [1789633756.938554481] [global_costmap.global_costmap]: Using plugin "static_layer"
[planner_server-9] [INFO] [1789633756.945490216] [global_costmap.global_costmap]: Subscribing to the map topic (/map) with transient local durability
[planner_server-9] [INFO] [1789633756.959987731] [global_costmap.global_costmap]: Initialized plugin "static_layer"
[planner_server-9] [INFO] [1789633756.962828605] [global_costmap.global_costmap]: Using plugin "obstacle_layer"
[planner_server-9] [INFO] [1789633756.977056010] [global_costmap.global_costmap]: Subscribed to Topics: scan
[planner_server-9] [INFO] [1789633756.991929292] [global_costmap.global_costmap]: Initialized plugin "obstacle_layer"
[planner_server-9] [INFO] [1789633756.991975038] [global_costmap.global_costmap]: Using plugin "inflation_layer"
[planner_server-9] [INFO] [1789633756.996065484] [global_costmap.global_costmap]: Initialized plugin "inflation_layer"
[planner_server-9] [INFO] [1789633757.056868806] [planner_server]: Created global planner plugin GridBased of type nav2_navfn_planner/NavfnPlanner
[planner_server-9] [INFO] [1789633757.056959013] [planner_server]: Configuring plugin GridBased of type NavfnPlanner
[planner_server-9] [INFO] [1789633757.060067213] [planner_server]: Planner Server has GridBased  planners available.
[lifecycle_manager-13] [INFO] [1789633757.177659807] [lifecycle_manager_navigation]: [34m[1mConfiguring behavior_server[0m[0m
[behavior_server-10] [INFO] [1789633757.180699321] [behavior_server]: Configuring
[behavior_server-10] [INFO] [1789633757.261661072] [behavior_server]: Creating behavior plugin spin of type nav2_behaviors/Spin
[behavior_server-10] [INFO] [1789633757.264190108] [behavior_server]: Configuring spin
[behavior_server-10] [INFO] [1789633757.321680581] [behavior_server]: Creating behavior plugin backup of type nav2_behaviors/BackUp
[behavior_server-10] [INFO] [1789633757.323628840] [behavior_server]: Configuring backup
[behavior_server-10] [INFO] [1789633757.368923033] [behavior_server]: Creating behavior plugin drive_on_heading of type nav2_behaviors/DriveOnHeading
[behavior_server-10] [INFO] [1789633757.373821349] [behavior_server]: Configuring drive_on_heading
[behavior_server-10] [INFO] [1789633757.450733025] [behavior_server]: Creating behavior plugin wait of type nav2_behaviors/Wait
[behavior_server-10] [INFO] [1789633757.452565242] [behavior_server]: Configuring wait
[lifecycle_manager-13] [INFO] [1789633757.527332498] [lifecycle_manager_navigation]: [34m[1mConfiguring bt_navigator[0m[0m
[bt_navigator-11] [INFO] [1789633757.528816330] [bt_navigator]: Configuring
[lifecycle_manager-13] [INFO] [1789633757.954653269] [lifecycle_manager_navigation]: [34m[1mConfiguring waypoint_follower[0m[0m
[waypoint_follower-12] [INFO] [1789633757.956632199] [waypoint_follower]: Configuring
[waypoint_follower-12] [INFO] [1789633758.052450995] [waypoint_follower]: Created waypoint_task_executor : wait_at_waypoint of type nav2_waypoint_follower::WaitAtWaypoint
[waypoint_follower-12] [INFO] [1789633758.052634220] [waypoint_follower]: Waypoint pause duration is set to zero, disabling task executor plugin.
[lifecycle_manager-13] [INFO] [1789633758.058295747] [lifecycle_manager_navigation]: [34m[1mActivating map_server[0m[0m
[map_server-7] [INFO] [1789633758.059018828] [map_server]: Activating
[map_server-7] [INFO] [1789633758.059975292] [map_server]: Creating bond (map_server) to lifecycle manager.
[planner_server-9] [INFO] [1789633758.063668254] [global_costmap.global_costmap]: StaticLayer: Resizing costmap to 676 X 680 at 0.050000 m/pix
[lifecycle_manager-13] [INFO] [1789633758.187128706] [lifecycle_manager_navigation]: Server map_server connected with bond.
[lifecycle_manager-13] [INFO] [1789633758.187216273] [lifecycle_manager_navigation]: [34m[1mActivating controller_server[0m[0m
[controller_server-8] [INFO] [1789633758.188094379] [controller_server]: Activating
[controller_server-8] [INFO] [1789633758.188173291] [local_costmap.local_costmap]: Activating
[controller_server-8] [INFO] [1789633758.188199985] [local_costmap.local_costmap]: Checking transform
[controller_server-8] [INFO] [1789633758.188235561] [local_costmap.local_costmap]: Timed out waiting for transform from base_footprint to odom to become available, tf error: Invalid frame ID "odom" passed to canTransform argument target_frame - frame does not exist
[spawn_entity.py-3] [INFO] [1789633758.448499967] [spawn_swerve]: Waiting for service /spawn_entity, timeout = 30
[spawn_entity.py-3] [INFO] [1789633758.448955146] [spawn_swerve]: Waiting for service /spawn_entity
[controller_server-8] [INFO] [1789633758.689076769] [local_costmap.local_costmap]: Timed out waiting for transform from base_footprint to odom to become available, tf error: Invalid frame ID "odom" passed to canTransform argument target_frame - frame does not exist
[controller_server-8] [INFO] [1789633759.188686073] [local_costmap.local_costmap]: Timed out waiting for transform from base_footprint to odom to become available, tf error: Invalid frame ID "odom" passed to canTransform argument target_frame - frame does not exist
[controller_server-8] [INFO] [1789633759.688544229] [local_costmap.local_costmap]: Timed out waiting for transform from base_footprint to odom to become available, tf error: Invalid frame ID "odom" passed to canTransform argument target_frame - frame does not exist
[controller_server-8] [INFO] [1789633760.201288556] [local_costmap.local_costmap]: Timed out waiting for transform from base_footprint to odom to become available, tf error: Invalid frame ID "odom" passed to canTransform argument target_frame - frame does not exist
[controller_server-8] [INFO] [1789633760.689078096] [local_costmap.local_costmap]: Timed out waiting for transform from base_footprint to odom to become available, tf error: Invalid frame ID "odom" passed to canTransform argument target_frame - frame does not exist
[controller_server-8] [INFO] [1789633761.189071775] [local_costmap.local_costmap]: Timed out waiting for transform from base_footprint to odom to become available, tf error: Invalid frame ID "odom" passed to canTransform argument target_frame - frame does not exist
[controller_server-8] [INFO] [1789633761.688374592] [local_costmap.local_costmap]: Timed out waiting for transform from base_footprint to odom to become available, tf error: Invalid frame ID "odom" passed to canTransform argument target_frame - frame does not exist
[controller_server-8] [INFO] [1789633762.189316028] [local_costmap.local_costmap]: Timed out waiting for transform from base_footprint to odom to become available, tf error: Invalid frame ID "odom" passed to canTransform argument target_frame - frame does not exist
[spawn_entity.py-3] [INFO] [1789633762.277489892] [spawn_swerve]: Calling service /spawn_entity
[gzserver-1] [INFO] [1789633762.546506376] [gazebo_ros_state]: Publishing states of gazebo models at [/model_states]
[gzserver-1] [INFO] [1789633762.551204736] [gazebo_ros_state]: Publishing states of gazebo links at [/link_states]
[controller_server-8] [INFO] [1789633762.688706639] [local_costmap.local_costmap]: Timed out waiting for transform from base_footprint to odom to become available, tf error: Invalid frame ID "odom" passed to canTransform argument target_frame - frame does not exist
[gzserver-1] [INFO] [1789633763.123377908] [imu.imu_ros]: <initial_orientation_as_reference> is unset, using default value of false to comply with REP 145 (world as orientation reference)
[controller_server-8] [INFO] [1789633763.188543925] [local_costmap.local_costmap]: Timed out waiting for transform from base_footprint to odom to become available, tf error: Invalid frame ID "odom" passed to canTransform argument target_frame - frame does not exist
[controller_server-8] [INFO] [1789633763.688306186] [local_costmap.local_costmap]: Timed out waiting for transform from base_footprint to odom to become available, tf error: Invalid frame ID "odom" passed to canTransform argument target_frame - frame does not exist
[controller_server-8] [INFO] [1789633764.188641335] [local_costmap.local_costmap]: Timed out waiting for transform from base_footprint to odom to become available, tf error: Invalid frame ID "odom" passed to canTransform argument target_frame - frame does not exist
[controller_server-8] [INFO] [1789633764.688425303] [local_costmap.local_costmap]: Timed out waiting for transform from base_footprint to odom to become available, tf error: Invalid frame ID "odom" passed to canTransform argument target_frame - frame does not exist
[controller_server-8] [INFO] [1789633765.188790586] [local_costmap.local_costmap]: Timed out waiting for transform from base_footprint to odom to become available, tf error: Invalid frame ID "odom" passed to canTransform argument target_frame - frame does not exist
[controller_server-8] [INFO] [1789633765.688346933] [local_costmap.local_costmap]: Timed out waiting for transform from base_footprint to odom to become available, tf error: Invalid frame ID "odom" passed to canTransform argument target_frame - frame does not exist
[controller_server-8] [INFO] [1789633766.190020396] [local_costmap.local_costmap]: Timed out waiting for transform from base_footprint to odom to become available, tf error: Invalid frame ID "odom" passed to canTransform argument target_frame - frame does not exist
[controller_server-8] [INFO] [1789633766.688540266] [local_costmap.local_costmap]: Timed out waiting for transform from base_footprint to odom to become available, tf error: Invalid frame ID "odom" passed to canTransform argument target_frame - frame does not exist
[controller_server-8] [INFO] [1789633767.190921060] [local_costmap.local_costmap]: Timed out waiting for transform from base_footprint to odom to become available, tf error: Invalid frame ID "odom" passed to canTransform argument target_frame - frame does not exist
[controller_server-8] [INFO] [1789633767.688271294] [local_costmap.local_costmap]: Timed out waiting for transform from base_footprint to odom to become available, tf error: Invalid frame ID "odom" passed to canTransform argument target_frame - frame does not exist
[controller_server-8] [INFO] [1789633768.190381672] [local_costmap.local_costmap]: Timed out waiting for transform from base_footprint to odom to become available, tf error: Invalid frame ID "odom" passed to canTransform argument target_frame - frame does not exist
[controller_server-8] [INFO] [1789633768.689797982] [local_costmap.local_costmap]: Timed out waiting for transform from base_footprint to odom to become available, tf error: Invalid frame ID "odom" passed to canTransform argument target_frame - frame does not exist
[controller_server-8] [INFO] [1789633769.188867784] [local_costmap.local_costmap]: Timed out waiting for transform from base_footprint to odom to become available, tf error: Invalid frame ID "odom" passed to canTransform argument target_frame - frame does not exist
[controller_server-8] [INFO] [1789633769.688366877] [local_costmap.local_costmap]: Timed out waiting for transform from base_footprint to odom to become available, tf error: Invalid frame ID "odom" passed to canTransform argument target_frame - frame does not exist
[controller_server-8] [INFO] [1789633770.188733628] [local_costmap.local_costmap]: Timed out waiting for transform from base_footprint to odom to become available, tf error: Invalid frame ID "odom" passed to canTransform argument target_frame - frame does not exist
[controller_server-8] [INFO] [1789633770.689231554] [local_costmap.local_costmap]: Timed out waiting for transform from base_footprint to odom to become available, tf error: Invalid frame ID "odom" passed to canTransform argument target_frame - frame does not exist
[controller_server-8] [INFO] [1789633771.188447395] [local_costmap.local_costmap]: Timed out waiting for transform from base_footprint to odom to become available, tf error: Invalid frame ID "odom" passed to canTransform argument target_frame - frame does not exist
[controller_server-8] [INFO] [1789633771.689141617] [local_costmap.local_costmap]: Timed out waiting for transform from base_footprint to odom to become available, tf error: Invalid frame ID "odom" passed to canTransform argument target_frame - frame does not exist
[controller_server-8] [INFO] [1789633772.188410197] [local_costmap.local_costmap]: Timed out waiting for transform from base_footprint to odom to become available, tf error: Invalid frame ID "odom" passed to canTransform argument target_frame - frame does not exist
[controller_server-8] [INFO] [1789633772.688736813] [local_costmap.local_costmap]: Timed out waiting for transform from base_footprint to odom to become available, tf error: Invalid frame ID "odom" passed to canTransform argument target_frame - frame does not exist
[controller_server-8] [INFO] [1789633773.188372371] [local_costmap.local_costmap]: Timed out waiting for transform from base_footprint to odom to become available, tf error: Invalid frame ID "odom" passed to canTransform argument target_frame - frame does not exist
[controller_server-8] [INFO] [1789633773.688965268] [local_costmap.local_costmap]: Timed out waiting for transform from base_footprint to odom to become available, tf error: Invalid frame ID "odom" passed to canTransform argument target_frame - frame does not exist
[controller_server-8] [INFO] [1789633774.189449058] [local_costmap.local_costmap]: Timed out waiting for transform from base_footprint to odom to become available, tf error: Invalid frame ID "odom" passed to canTransform argument target_frame - frame does not exist
[controller_server-8] [INFO] [1789633774.689261821] [local_costmap.local_costmap]: Timed out waiting for transform from base_footprint to odom to become available, tf error: Invalid frame ID "odom" passed to canTransform argument target_frame - frame does not exist
[controller_server-8] [INFO] [1789633775.189067205] [local_costmap.local_costmap]: Timed out waiting for transform from base_footprint to odom to become available, tf error: Invalid frame ID "odom" passed to canTransform argument target_frame - frame does not exist
[controller_server-8] [INFO] [1789633775.689054002] [local_costmap.local_costmap]: Timed out waiting for transform from base_footprint to odom to become available, tf error: Invalid frame ID "odom" passed to canTransform argument target_frame - frame does not exist
[spawn_entity.py-3] [INFO] [1789633775.835825005] [spawn_swerve]: Spawn status: SpawnEntity: Successfully spawned entity [swerve_base]
[gzserver-1] [INFO] [1789633776.097003841] [gazebo_ros2_control]: Loading gazebo_ros2_control plugin
[INFO] [spawn_entity.py-3]: process has finished cleanly [pid 138061]
[INFO] [spawner-15]: process started with pid [138597]
[gzserver-1] [INFO] [1789633776.174819239] [gazebo_ros2_control]: Starting gazebo_ros2_control plugin in namespace: /
[gzserver-1] [INFO] [1789633776.174897503] [gazebo_ros2_control]: Starting gazebo_ros2_control plugin in ros 2 node: gazebo_ros2_control
[controller_server-8] [INFO] [1789633776.190409111] [local_costmap.local_costmap]: Timed out waiting for transform from base_footprint to odom to become available, tf error: Invalid frame ID "odom" passed to canTransform argument target_frame - frame does not exist
[gzserver-1] [INFO] [1789633776.225261303] [gazebo_ros2_control]: connected to service!! robot_state_publisher
[gzserver-1] [INFO] [1789633776.242170752] [gazebo_ros2_control]: Received urdf from param server, parsing...
[gzserver-1] [INFO] [1789633776.242309382] [gazebo_ros2_control]: Loading parameter files /home/yahboom/swerve_bringup/install/swerve_bringup/share/swerve_bringup/config/controllers.yaml
[gzserver-1] [INFO] [1789633776.280919027] [gazebo_ros2_control]: Loading joint: steer_front_joint
[gzserver-1] [INFO] [1789633776.280978589] [gazebo_ros2_control]: 	State:
[gzserver-1] [INFO] [1789633776.280993344] [gazebo_ros2_control]: 		 position
[gzserver-1] [INFO] [1789633776.281005757] [gazebo_ros2_control]: 		 velocity
[gzserver-1] [INFO] [1789633776.281015303] [gazebo_ros2_control]: 	Command:
[gzserver-1] [INFO] [1789633776.281024138] [gazebo_ros2_control]: 		 position
[gzserver-1] [INFO] [1789633776.281344086] [gazebo_ros2_control]: Loading joint: steer_rear_joint
[gzserver-1] [INFO] [1789633776.281372297] [gazebo_ros2_control]: 	State:
[gzserver-1] [INFO] [1789633776.281382215] [gazebo_ros2_control]: 		 position
[gzserver-1] [INFO] [1789633776.281392687] [gazebo_ros2_control]: 		 velocity
[gzserver-1] [INFO] [1789633776.281401613] [gazebo_ros2_control]: 	Command:
[gzserver-1] [INFO] [1789633776.281411367] [gazebo_ros2_control]: 		 position
[gzserver-1] [INFO] [1789633776.283804064] [gazebo_ros2_control]: Loading joint: wheel_front_drive_joint
[gzserver-1] [INFO] [1789633776.283837870] [gazebo_ros2_control]: 	State:
[gzserver-1] [INFO] [1789633776.283849426] [gazebo_ros2_control]: 		 position
[gzserver-1] [INFO] [1789633776.283861099] [gazebo_ros2_control]: 		 velocity
[gzserver-1] [INFO] [1789633776.283870763] [gazebo_ros2_control]: 	Command:
[gzserver-1] [INFO] [1789633776.283885308] [gazebo_ros2_control]: 		 velocity
[gzserver-1] [INFO] [1789633776.287353401] [gazebo_ros2_control]: Loading joint: wheel_rear_drive_joint
[gzserver-1] [INFO] [1789633776.287398892] [gazebo_ros2_control]: 	State:
[gzserver-1] [INFO] [1789633776.287412251] [gazebo_ros2_control]: 		 position
[gzserver-1] [INFO] [1789633776.287422966] [gazebo_ros2_control]: 		 velocity
[gzserver-1] [INFO] [1789633776.287432313] [gazebo_ros2_control]: 	Command:
[gzserver-1] [INFO] [1789633776.287456306] [gazebo_ros2_control]: 		 velocity
[gzserver-1] [INFO] [1789633776.298378160] [resource_manager]: Initialize hardware 'GazeboSystem' 
[gzserver-1] [INFO] [1789633776.298692749] [resource_manager]: Successful initialization of hardware 'GazeboSystem'
[gzserver-1] [INFO] [1789633776.298853701] [resource_manager]: 'configure' hardware 'GazeboSystem' 
[gzserver-1] [INFO] [1789633776.298870742] [resource_manager]: Successful 'configure' of hardware 'GazeboSystem'
[gzserver-1] [INFO] [1789633776.298879058] [resource_manager]: 'activate' hardware 'GazeboSystem' 
[gzserver-1] [INFO] [1789633776.298885546] [resource_manager]: Successful 'activate' of hardware 'GazeboSystem'
[gzserver-1] [INFO] [1789633776.299004899] [gazebo_ros2_control]: Loading controller_manager
[gzserver-1] [WARN] [1789633776.585084924] [gazebo_ros2_control]:  Desired controller update period (0.01 s) is slower than the gazebo simulation period (0.001 s).
[gzserver-1] [INFO] [1789633776.588912264] [gazebo_ros2_control]: Loaded gazebo_ros2_control.
[controller_server-8] [INFO] [1789633776.688473048] [local_costmap.local_costmap]: Timed out waiting for transform from base_footprint to odom to become available, tf error: Invalid frame ID "odom" passed to canTransform argument target_frame - frame does not exist
[controller_server-8] [INFO] [1789633777.189239288] [local_costmap.local_costmap]: start
[controller_server-8] [INFO] [1789633777.360973652] [controller_server]: Creating bond (controller_server) to lifecycle manager.
[lifecycle_manager-13] [INFO] [1789633777.493745039] [lifecycle_manager_navigation]: Server controller_server connected with bond.
[lifecycle_manager-13] [INFO] [1789633777.494176265] [lifecycle_manager_navigation]: [34m[1mActivating planner_server[0m[0m
[planner_server-9] [INFO] [1789633777.502088010] [planner_server]: Activating
[planner_server-9] [INFO] [1789633777.502162429] [global_costmap.global_costmap]: Activating
[planner_server-9] [INFO] [1789633777.502181346] [global_costmap.global_costmap]: Checking transform
[planner_server-9] [INFO] [1789633777.502322391] [global_costmap.global_costmap]: start
[spawner-15] [INFO] [1789633777.652772230] [spawn_joint_state_broadcaster]: waiting for service /controller_manager/list_controllers to become available...
[planner_server-9] [INFO] [1789633778.050320297] [planner_server]: Activating plugin GridBased of type NavfnPlanner
[planner_server-9] [INFO] [1789633778.129313829] [planner_server]: Creating bond (planner_server) to lifecycle manager.
[gzserver-1] [INFO] [1789633778.182034505] [controller_manager]: Loading controller 'joint_state_broadcaster'
[lifecycle_manager-13] [INFO] [1789633778.253079835] [lifecycle_manager_navigation]: Server planner_server connected with bond.
[lifecycle_manager-13] [INFO] [1789633778.253172180] [lifecycle_manager_navigation]: [34m[1mActivating behavior_server[0m[0m
[behavior_server-10] [INFO] [1789633778.254293830] [behavior_server]: Activating
[behavior_server-10] [INFO] [1789633778.254352295] [behavior_server]: Activating spin
[behavior_server-10] [INFO] [1789633778.254369892] [behavior_server]: Activating backup
[behavior_server-10] [INFO] [1789633778.254381265] [behavior_server]: Activating drive_on_heading
[behavior_server-10] [INFO] [1789633778.254391991] [behavior_server]: Activating wait
[behavior_server-10] [INFO] [1789633778.254408948] [behavior_server]: Creating bond (behavior_server) to lifecycle manager.
[lifecycle_manager-13] [INFO] [1789633778.396822888] [lifecycle_manager_navigation]: Server behavior_server connected with bond.
[lifecycle_manager-13] [INFO] [1789633778.396899537] [lifecycle_manager_navigation]: [34m[1mActivating bt_navigator[0m[0m
[bt_navigator-11] [INFO] [1789633778.399250498] [bt_navigator]: Activating
[spawner-15] [INFO] [1789633778.632628301] [spawn_joint_state_broadcaster]: [94mLoaded [1mjoint_state_broadcaster[0m
[gzserver-1] [INFO] [1789633778.727391149] [controller_manager]: Configuring controller 'joint_state_broadcaster'
[gzserver-1] [INFO] [1789633778.727976978] [joint_state_broadcaster]: 'joints' or 'interfaces' parameter is empty. All available state interfaces will be published
[bt_navigator-11] [INFO] [1789633779.038179318] [bt_navigator]: Creating bond (bt_navigator) to lifecycle manager.
[lifecycle_manager-13] [INFO] [1789633779.170188991] [lifecycle_manager_navigation]: Server bt_navigator connected with bond.
[lifecycle_manager-13] [INFO] [1789633779.170257101] [lifecycle_manager_navigation]: [34m[1mActivating waypoint_follower[0m[0m
[waypoint_follower-12] [INFO] [1789633779.174008466] [waypoint_follower]: Activating
[waypoint_follower-12] [INFO] [1789633779.174108180] [waypoint_follower]: Creating bond (waypoint_follower) to lifecycle manager.
[spawner-15] [INFO] [1789633779.254541497] [spawn_joint_state_broadcaster]: [92mConfigured and activated [1mjoint_state_broadcaster[0m
[lifecycle_manager-13] [INFO] [1789633779.317189628] [lifecycle_manager_navigation]: Server waypoint_follower connected with bond.
[lifecycle_manager-13] [INFO] [1789633779.317257071] [lifecycle_manager_navigation]: [34m[1mManaged nodes are active[0m[0m
[lifecycle_manager-13] [INFO] [1789633779.317273443] [lifecycle_manager_navigation]: [34m[1mCreating bond timer...[0m[0m
[INFO] [spawner-15]: process has finished cleanly [pid 138597]
[INFO] [spawner-16]: process started with pid [138616]
[spawner-16] [INFO] [1789633780.798476287] [spawn_steering_controller]: waiting for service /controller_manager/list_controllers to become available...
[gzserver-1] [INFO] [1789633783.849300735] [controller_manager]: Loading controller 'steering_controller'
[spawner-16] [INFO] [1789633784.148992286] [spawn_steering_controller]: [94mLoaded [1msteering_controller[0m
[gzserver-1] [INFO] [1789633784.160750094] [controller_manager]: Configuring controller 'steering_controller'
[gzserver-1] [INFO] [1789633784.162935396] [steering_controller]: configure successful
[gzserver-1] [INFO] [1789633784.295779147] [steering_controller]: activate successful
[spawner-16] [INFO] [1789633784.561154682] [spawn_steering_controller]: [92mConfigured and activated [1msteering_controller[0m
[INFO] [spawner-16]: process has finished cleanly [pid 138616]
[INFO] [spawner-17]: process started with pid [138628]
[spawner-17] [INFO] [1789633785.924353494] [spawn_drive_controller]: waiting for service /controller_manager/list_controllers to become available...
[gzserver-1] [INFO] [1789633786.946410784] [controller_manager]: Loading controller 'drive_controller'
[spawner-17] [INFO] [1789633787.109753222] [spawn_drive_controller]: [94mLoaded [1mdrive_controller[0m
[gzserver-1] [INFO] [1789633787.116086345] [controller_manager]: Configuring controller 'drive_controller'
[gzserver-1] [INFO] [1789633787.121590172] [drive_controller]: configure successful
[gzserver-1] [INFO] [1789633787.138150403] [drive_controller]: activate successful
[spawner-17] [INFO] [1789633787.161661161] [spawn_drive_controller]: [92mConfigured and activated [1mdrive_controller[0m
[INFO] [spawner-17]: process has finished cleanly [pid 138628]
[INFO] [swerve_controller_node-18]: process started with pid [138643]
[INFO] [swerve_odometry_node-19]: process started with pid [138645]
[swerve_odometry_node-19] [INFO] [1789633789.282366004] [swerve_odometry]: Encoder odometry ready: radius=0.0637 m, velocity_sign=+1.0
[swerve_controller_node-18] [INFO] [1789633789.680882346] [swerve_controller]: Swerve controller ready: radius=0.0675 m, modules={'front': (0.300042, 0.0), 'rear': (-0.300042, 0.0)}
[WARNING] [launch]: user interrupted with ctrl-c (SIGINT)
[waypoint_follower-12] [INFO] [1789633790.363001437] [rclcpp]: signal_handler(signum=2)
[waypoint_follower-12] [INFO] [1789633790.367382172] [waypoint_follower]: Running Nav2 LifecycleNode rcl preshutdown (waypoint_follower)
[waypoint_follower-12] [INFO] [1789633790.367463221] [waypoint_follower]: Deactivating
[waypoint_follower-12] [INFO] [1789633790.367492581] [waypoint_follower]: Destroying bond (waypoint_follower) to lifecycle manager.
[behavior_server-10] [INFO] [1789633790.363020594] [rclcpp]: signal_handler(signum=2)
[behavior_server-10] [INFO] [1789633790.363212978] [behavior_server]: Running Nav2 LifecycleNode rcl preshutdown (behavior_server)
[behavior_server-10] [INFO] [1789633790.365846103] [behavior_server]: Deactivating
[behavior_server-10] [INFO] [1789633790.365892651] [behavior_server]: Destroying bond (behavior_server) to lifecycle manager.
[map_server-7] [INFO] [1789633790.363052139] [rclcpp]: signal_handler(signum=2)
[map_server-7] [INFO] [1789633790.363333315] [map_server]: Running Nav2 LifecycleNode rcl preshutdown (map_server)
[map_server-7] [INFO] [1789633790.363420457] [map_server]: Deactivating
[map_server-7] [INFO] [1789633790.363450725] [map_server]: Destroying bond (map_server) to lifecycle manager.
[ekf_node-6] [INFO] [1789633790.363179207] [rclcpp]: signal_handler(signum=2)
[robot_state_publisher-2] [INFO] [1789633790.363192834] [rclcpp]: signal_handler(signum=2)
[ekf_node-4] [INFO] [1789633790.366073591] [rclcpp]: signal_handler(signum=2)
[bt_navigator-11] [INFO] [1789633790.366446736] [rclcpp]: signal_handler(signum=2)
[planner_server-9] [INFO] [1789633790.366625469] [rclcpp]: signal_handler(signum=2)
[planner_server-9] [INFO] [1789633790.366709804] [planner_server]: Running Nav2 LifecycleNode rcl preshutdown (planner_server)
[planner_server-9] [INFO] [1789633790.366788250] [planner_server]: Deactivating
[planner_server-9] [INFO] [1789633790.366827013] [global_costmap.global_costmap]: Deactivating
[INFO] [swerve_odometry_node-19]: sending signal 'SIGINT' to process[swerve_odometry_node-19]
[INFO] [swerve_controller_node-18]: sending signal 'SIGINT' to process[swerve_controller_node-18]
[INFO] [lifecycle_manager-13]: sending signal 'SIGINT' to process[lifecycle_manager-13]
[INFO] [waypoint_follower-12]: sending signal 'SIGINT' to process[waypoint_follower-12]
[INFO] [bt_navigator-11]: sending signal 'SIGINT' to process[bt_navigator-11]
[INFO] [behavior_server-10]: sending signal 'SIGINT' to process[behavior_server-10]
[INFO] [planner_server-9]: sending signal 'SIGINT' to process[planner_server-9]
[INFO] [controller_server-8]: sending signal 'SIGINT' to process[controller_server-8]
[INFO] [map_server-7]: sending signal 'SIGINT' to process[map_server-7]
[INFO] [ekf_node-6]: sending signal 'SIGINT' to process[ekf_node-6]
[INFO] [v30e_sim_node-5]: sending signal 'SIGINT' to process[v30e_sim_node-5]
[INFO] [ekf_node-4]: sending signal 'SIGINT' to process[ekf_node-4]
[INFO] [robot_state_publisher-2]: sending signal 'SIGINT' to process[robot_state_publisher-2]
[ERROR] [ekf_node-6]: process has died [pid 138070, exit code -2, cmd '/opt/ros/humble/lib/robot_localization/ekf_node --ros-args -r __node:=ekf_v30e --params-file /home/yahboom/swerve_bringup/install/swerve_bringup/share/swerve_bringup/config/v30e_localization_ekf.yaml --params-file /tmp/launch_params_q51cz2a6 -r odometry/filtered:=/odometry/v30e'].
[INFO] [gzserver-1]: sending signal 'SIGINT' to process[gzserver-1]
[lifecycle_manager-13] [INFO] [1789633790.368252959] [rclcpp]: signal_handler(signum=2)
[lifecycle_manager-13] [INFO] [1789633790.369157927] [lifecycle_manager_navigation]: Running Nav2 LifecycleManager rcl preshutdown (lifecycle_manager_navigation)
[lifecycle_manager-13] [INFO] [1789633790.369272032] [lifecycle_manager_navigation]: [34m[1mTerminating bond timer...[0m[0m
[ERROR] [ekf_node-4]: process has died [pid 138064, exit code -2, cmd '/opt/ros/humble/lib/robot_localization/ekf_node --ros-args -r __node:=ekf_filter_node --params-file /home/yahboom/swerve_bringup/install/swerve_bringup/share/swerve_bringup/config/ekf.yaml --params-file /tmp/launch_params_3kary0wc -r /odom:=/odom -r /imu/data:=/imu/data'].
[controller_server-8] [INFO] [1789633790.368381840] [rclcpp]: signal_handler(signum=2)
[controller_server-8] [INFO] [1789633790.370880634] [controller_server]: Running Nav2 LifecycleNode rcl preshutdown (controller_server)
[controller_server-8] [INFO] [1789633790.370967480] [controller_server]: Deactivating
[controller_server-8] [INFO] [1789633790.371021645] [local_costmap.local_costmap]: Deactivating
[v30e_sim_node-5] Exception ignored in: <function Future.__del__ at 0x70a1c03a7a30>
[v30e_sim_node-5] Traceback (most recent call last):
[v30e_sim_node-5]   File "/opt/ros/humble/local/lib/python3.10/dist-packages/rclpy/task.py", line 55, in __del__
[v30e_sim_node-5]     if self._exception is not None and not self._exception_fetched:
[v30e_sim_node-5] AttributeError: 'Task' object has no attribute '_exception'
[bt_navigator-11] [INFO] [1789633790.367278849] [bt_navigator]: Running Nav2 LifecycleNode rcl preshutdown (bt_navigator)
[bt_navigator-11] [INFO] [1789633790.369779025] [bt_navigator]: Deactivating
[bt_navigator-11] [INFO] [1789633790.369819174] [bt_navigator]: Destroying bond (bt_navigator) to lifecycle manager.
[behavior_server-10] [INFO] [1789633790.384979999] [behavior_server]: Cleaning up
[map_server-7] [INFO] [1789633790.424860044] [map_server]: Cleaning up
[map_server-7] [INFO] [1789633790.424988144] [map_server]: Destroying bond (map_server) to lifecycle manager.
[bt_navigator-11] [INFO] [1789633790.428368948] [bt_navigator]: Cleaning up
[swerve_odometry_node-19] Traceback (most recent call last):
[swerve_odometry_node-19]   File "/home/yahboom/swerve_bringup/install/swerve_bringup/lib/swerve_bringup/swerve_odometry_node", line 211, in main
[swerve_odometry_node-19]     rclpy.spin(node)
[swerve_odometry_node-19]   File "/opt/ros/humble/local/lib/python3.10/dist-packages/rclpy/__init__.py", line 229, in spin
[swerve_odometry_node-19]     executor.spin_once()
[swerve_odometry_node-19]   File "/opt/ros/humble/local/lib/python3.10/dist-packages/rclpy/executors.py", line 773, in spin_once
[swerve_odometry_node-19]     self._spin_once_impl(timeout_sec)
[swerve_odometry_node-19]   File "/opt/ros/humble/local/lib/python3.10/dist-packages/rclpy/executors.py", line 770, in _spin_once_impl
[swerve_odometry_node-19]     raise handler.exception()
[swerve_odometry_node-19]   File "/opt/ros/humble/local/lib/python3.10/dist-packages/rclpy/task.py", line 254, in __call__
[swerve_odometry_node-19]     self._handler.send(None)
[swerve_odometry_node-19]   File "/opt/ros/humble/local/lib/python3.10/dist-packages/rclpy/executors.py", line 453, in handler
[swerve_odometry_node-19]     arg = take_from_wait_list(entity)
[swerve_odometry_node-19]   File "/opt/ros/humble/local/lib/python3.10/dist-packages/rclpy/executors.py", line 375, in _take_subscription
[swerve_odometry_node-19]     msg_info = sub.handle.take_message(sub.msg_type, sub.raw)
[swerve_odometry_node-19] RuntimeError: Unable to convert call argument to Python object (compile in debug mode for details)
[swerve_odometry_node-19] 
[swerve_odometry_node-19] During handling of the above exception, another exception occurred:
[swerve_odometry_node-19] 
[swerve_odometry_node-19] Traceback (most recent call last):
[swerve_odometry_node-19]   File "/home/yahboom/swerve_bringup/install/swerve_bringup/lib/swerve_bringup/swerve_odometry_node", line 221, in <module>
[swerve_odometry_node-19]     main()
[swerve_odometry_node-19]   File "/home/yahboom/swerve_bringup/install/swerve_bringup/lib/swerve_bringup/swerve_odometry_node", line 215, in main
[swerve_odometry_node-19]     node.destroy_node()
[swerve_odometry_node-19]   File "/opt/ros/humble/local/lib/python3.10/dist-packages/rclpy/node.py", line 1691, in destroy_node
[swerve_odometry_node-19]     self.destroy_service(self._services[0])
[swerve_odometry_node-19]   File "/opt/ros/humble/local/lib/python3.10/dist-packages/rclpy/node.py", line 1615, in destroy_service
[swerve_odometry_node-19]     service.destroy()
[swerve_odometry_node-19]   File "/opt/ros/humble/local/lib/python3.10/dist-packages/rclpy/service.py", line 93, in destroy
[swerve_odometry_node-19]     self.__service.destroy_when_not_in_use()
[swerve_odometry_node-19] KeyboardInterrupt
[lifecycle_manager-13] [INFO] [1789633790.433281702] [rclcpp]: signal_handler(signum=2)
[waypoint_follower-12] [INFO] [1789633790.435905306] [waypoint_follower]: Cleaning up
[controller_server-8] [INFO] [1789633790.442989970] [controller_server]: Destroying bond (controller_server) to lifecycle manager.
[waypoint_follower-12] [INFO] [1789633790.443344167] [rclcpp]: signal_handler(signum=2)
[swerve_controller_node-18] Traceback (most recent call last):
[swerve_controller_node-18]   File "/home/yahboom/swerve_bringup/install/swerve_bringup/lib/swerve_bringup/swerve_controller_node", line 192, in <module>
[swerve_controller_node-18]     main()
[swerve_controller_node-18]   File "/home/yahboom/swerve_bringup/install/swerve_bringup/lib/swerve_bringup/swerve_controller_node", line 187, in main
[swerve_controller_node-18]     node.destroy_node()
[swerve_controller_node-18]   File "/opt/ros/humble/local/lib/python3.10/dist-packages/rclpy/node.py", line 1685, in destroy_node
[swerve_controller_node-18]     self.destroy_publisher(self._publishers[0])
[swerve_controller_node-18]   File "/opt/ros/humble/local/lib/python3.10/dist-packages/rclpy/node.py", line 1565, in destroy_publisher
[swerve_controller_node-18]     publisher.destroy()
[swerve_controller_node-18]   File "/opt/ros/humble/local/lib/python3.10/dist-packages/rclpy/publisher.py", line 99, in destroy
[swerve_controller_node-18]     self.__publisher.destroy_when_not_in_use()
[swerve_controller_node-18] KeyboardInterrupt
[bt_navigator-11] [INFO] [1789633790.447976985] [rclcpp]: signal_handler(signum=2)
[behavior_server-10] [INFO] [1789633790.452550822] [rclcpp]: signal_handler(signum=2)
[planner_server-9] [INFO] [1789633790.455563664] [rclcpp]: signal_handler(signum=2)
[controller_server-8] [INFO] [1789633790.467929437] [rclcpp]: signal_handler(signum=2)
[controller_server-8] [INFO] [1789633790.468684470] [controller_server]: Cleaning up
[controller_server-8] [INFO] [1789633790.468860754] [local_costmap.local_costmap]: Cleaning up
[map_server-7] [INFO] [1789633790.471842045] [rclcpp]: signal_handler(signum=2)
[v30e_sim_node-5] Traceback (most recent call last):
[v30e_sim_node-5]   File "/home/yahboom/swerve_bringup/install/swerve_bringup/lib/swerve_bringup/v30e_sim_node", line 188, in <module>
[v30e_sim_node-5]     if __name__ == '__main__': main()
[v30e_sim_node-5]   File "/home/yahboom/swerve_bringup/install/swerve_bringup/lib/swerve_bringup/v30e_sim_node", line 185, in main
[v30e_sim_node-5]     node.destroy_node(); rclpy.shutdown()
[v30e_sim_node-5]   File "/opt/ros/humble/local/lib/python3.10/dist-packages/rclpy/node.py", line 1689, in destroy_node
[v30e_sim_node-5]     self.destroy_client(self._clients[0])
[v30e_sim_node-5]   File "/opt/ros/humble/local/lib/python3.10/dist-packages/rclpy/node.py", line 1599, in destroy_client
[v30e_sim_node-5]     client.destroy()
[v30e_sim_node-5]   File "/opt/ros/humble/local/lib/python3.10/dist-packages/rclpy/client.py", line 187, in destroy
[v30e_sim_node-5]     self.__client.destroy_when_not_in_use()
[v30e_sim_node-5] KeyboardInterrupt
[planner_server-9] [INFO] [1789633790.507167291] [planner_server]: Deactivating plugin GridBased of type NavfnPlanner
[planner_server-9] [INFO] [1789633790.507226811] [planner_server]: Destroying bond (planner_server) to lifecycle manager.
[robot_state_publisher-2] [INFO] [1789633790.509344286] [rclcpp]: signal_handler(signum=2)
[planner_server-9] [INFO] [1789633790.571774760] [planner_server]: Cleaning up
[map_server-7] [INFO] [1789633790.643848341] [map_server]: Destroying
[ERROR] [swerve_odometry_node-19]: process has died [pid 138645, exit code -2, cmd '/home/yahboom/swerve_bringup/install/swerve_bringup/lib/swerve_bringup/swerve_odometry_node --ros-args -r __node:=swerve_odometry --params-file /home/yahboom/swerve_bringup/install/swerve_bringup/share/swerve_bringup/config/swerve_odometry.yaml --params-file /tmp/launch_params_8xbsv1xf'].
[waypoint_follower-12] [INFO] [1789633790.677130692] [waypoint_follower]: Destroying bond (waypoint_follower) to lifecycle manager.
[waypoint_follower-12] [INFO] [1789633790.689840093] [waypoint_follower]: Destroying
[planner_server-9] [INFO] [1789633790.729533433] [global_costmap.global_costmap]: Cleaning up
[behavior_server-10] [INFO] [1789633790.735113601] [behavior_server]: Destroying bond (behavior_server) to lifecycle manager.
[ERROR] [swerve_controller_node-18]: process has died [pid 138643, exit code -2, cmd '/home/yahboom/swerve_bringup/install/swerve_bringup/lib/swerve_bringup/swerve_controller_node --ros-args -r __node:=swerve_controller --params-file /home/yahboom/swerve_bringup/install/swerve_bringup/share/swerve_bringup/config/swerve_controller.yaml --params-file /tmp/launch_params_s4rvj1cx'].
[ERROR] [v30e_sim_node-5]: process has died [pid 138067, exit code -2, cmd '/home/yahboom/swerve_bringup/install/swerve_bringup/lib/swerve_bringup/v30e_sim_node --ros-args -r __node:=v30e_sim_node --params-file /home/yahboom/swerve_bringup/install/swerve_bringup/share/swerve_bringup/config/v30e_sim.yaml --params-file /tmp/launch_params_whyd8yo5'].
[planner_server-9] [INFO] [1789633790.786912121] [planner_server]: Cleaning up plugin GridBased of type NavfnPlanner
[planner_server-9] [INFO] [1789633790.786984654] [planner_server]: Destroying plugin GridBased of type NavfnPlanner
[behavior_server-10] [INFO] [1789633790.793285666] [behavior_server]: Destroying
[controller_server-8] [INFO] [1789633790.810426977] [controller_server]: Destroying bond (controller_server) to lifecycle manager.
[lifecycle_manager-13] [INFO] [1789633790.816284652] [lifecycle_manager_navigation]: Destroying lifecycle_manager_navigation
[controller_server-8] [INFO] [1789633790.839726929] [local_costmap.local_costmap]: Destroying
[controller_server-8] [INFO] [1789633790.855206089] [controller_server]: Destroying
[INFO] [robot_state_publisher-2]: process has finished cleanly [pid 138058]
[planner_server-9] [INFO] [1789633790.870314350] [planner_server]: Destroying bond (planner_server) to lifecycle manager.
[planner_server-9] [INFO] [1789633790.896180872] [global_costmap.global_costmap]: Destroying
[INFO] [waypoint_follower-12]: process has finished cleanly [pid 138103]
[planner_server-9] [INFO] [1789633790.929794125] [planner_server]: Destroying
[INFO] [map_server-7]: process has finished cleanly [pid 138074]
[INFO] [behavior_server-10]: process has finished cleanly [pid 138087]
[bt_navigator-11] [INFO] [1789633790.990150425] [bt_navigator]: Completed Cleaning up
[bt_navigator-11] [INFO] [1789633790.990234265] [bt_navigator]: Destroying bond (bt_navigator) to lifecycle manager.
[INFO] [lifecycle_manager-13]: process has finished cleanly [pid 138111]
[bt_navigator-11] [INFO] [1789633791.012408820] [bt_navigator]: Destroying
[INFO] [controller_server-8]: process has finished cleanly [pid 138078]
[INFO] [planner_server-9]: process has finished cleanly [pid 138081]
[INFO] [bt_navigator-11]: process has finished cleanly [pid 138098]
[INFO] [gzserver-1]: process has finished cleanly [pid 138055]
