{
  "samples": 124,
  "sim_duration": 5.0,
  "delta_z": -3.4611774274440066e-07,
  "max_abs_roll": 0.00025010104216376366,
  "max_abs_pitch": 0.00016948948597551042,
  "xy_drift": 0.0010031503160289616,
  "yaw_drift": 3.5739684618989014e-05,
  "contact_ratio": {
    "wheel_front_drive_link": 1.0,
    "wheel_rear_drive_link": 1.0,
    "wheel_front_left_link": 1.0,
    "wheel_front_right_link": 1.0,
    "wheel_rear_left_link": 1.0,
    "wheel_rear_right_link": 1.0
  },
  "mean_normal_metric": {
    "wheel_front_drive_link": 3550.724204459781,
    "wheel_rear_drive_link": 3389.883823306554,
    "wheel_front_left_link": 2332.4323959542116,
    "wheel_front_right_link": 2411.2389434495167,
    "wheel_rear_left_link": 2145.2993952135853,
    "wheel_rear_right_link": 2216.4547926448404
  },
  "drive_share": 0.4325435319553656,
  "joint_states_contains_passive": {
    "wheel_front_left_swivel_joint": false,
    "wheel_front_left_roll_joint": false,
    "wheel_front_right_swivel_joint": false,
    "wheel_front_right_roll_joint": false,
    "wheel_rear_left_swivel_joint": false,
    "wheel_rear_left_roll_joint": false,
    "wheel_rear_right_swivel_joint": false,
    "wheel_rear_right_roll_joint": false
  },
  "pass": true
}
