[INFO] [launch]: All log files can be found below /home/yahboom/.ros/log/2026-09-17-22-55-12-164637-yahboom-virtual-machine-217530
[INFO] [launch]: Default logging verbosity is set to INFO
[INFO] [launch.user]: CONTACT_DIAGNOSTICS=true
[INFO] [gzserver-1]: process started with pid [217583]
[INFO] [robot_state_publisher-2]: process started with pid [217585]
[INFO] [spawn_entity.py-3]: process started with pid [217587]
[INFO] [ekf_node-4]: process started with pid [217589]
[INFO] [v30e_sim_node-5]: process started with pid [217591]
[INFO] [ekf_node-6]: process started with pid [217593]
[INFO] [map_server-7]: process started with pid [217595]
[INFO] [controller_server-8]: process started with pid [217599]
[INFO] [planner_server-9]: process started with pid [217608]
[INFO] [behavior_server-10]: process started with pid [217612]
[INFO] [bt_navigator-11]: process started with pid [217619]
[INFO] [waypoint_follower-12]: process started with pid [217623]
[INFO] [lifecycle_manager-13]: process started with pid [217637]
[INFO] [swerve_bridge_node-14]: process started with pid [217652]
[lifecycle_manager-13] [INFO] [1789656915.349561424] [lifecycle_manager_navigation]: Creating
[lifecycle_manager-13] [INFO] [1789656915.406052315] [lifecycle_manager_navigation]: [34m[1mCreating and initializing lifecycle service clients[0m[0m
[planner_server-9] [INFO] [1789656915.540648360] [planner_server]: 
[planner_server-9] 	planner_server lifecycle node launched. 
[planner_server-9] 	Waiting on external lifecycle transitions to activate
[planner_server-9] 	See https://design.ros2.org/articles/node_lifecycle.html for more information.
[planner_server-9] [INFO] [1789656915.546977036] [planner_server]: Creating
[waypoint_follower-12] [INFO] [1789656915.606581546] [waypoint_follower]: 
[waypoint_follower-12] 	waypoint_follower lifecycle node launched. 
[waypoint_follower-12] 	Waiting on external lifecycle transitions to activate
[waypoint_follower-12] 	See https://design.ros2.org/articles/node_lifecycle.html for more information.
[waypoint_follower-12] [INFO] [1789656915.607164961] [waypoint_follower]: Creating
[robot_state_publisher-2] [INFO] [1789656915.642710584] [robot_state_publisher]: got segment base_footprint
[robot_state_publisher-2] [INFO] [1789656915.642933918] [robot_state_publisher]: got segment base_link
[robot_state_publisher-2] [INFO] [1789656915.642958479] [robot_state_publisher]: got segment imu_link
[robot_state_publisher-2] [INFO] [1789656915.642967963] [robot_state_publisher]: got segment lidar_link
[robot_state_publisher-2] [INFO] [1789656915.642975832] [robot_state_publisher]: got segment steer_front_link
[robot_state_publisher-2] [INFO] [1789656915.642983503] [robot_state_publisher]: got segment steer_rear_link
[robot_state_publisher-2] [INFO] [1789656915.642990865] [robot_state_publisher]: got segment v30e_link
[robot_state_publisher-2] [INFO] [1789656915.642998040] [robot_state_publisher]: got segment wheel_front_drive_link
[robot_state_publisher-2] [INFO] [1789656915.643006086] [robot_state_publisher]: got segment wheel_front_left_fork_link
[robot_state_publisher-2] [INFO] [1789656915.643013677] [robot_state_publisher]: got segment wheel_front_left_link
[robot_state_publisher-2] [INFO] [1789656915.643020622] [robot_state_publisher]: got segment wheel_front_right_fork_link
[robot_state_publisher-2] [INFO] [1789656915.643027547] [robot_state_publisher]: got segment wheel_front_right_link
[robot_state_publisher-2] [INFO] [1789656915.643034971] [robot_state_publisher]: got segment wheel_rear_drive_link
[robot_state_publisher-2] [INFO] [1789656915.643041742] [robot_state_publisher]: got segment wheel_rear_left_fork_link
[robot_state_publisher-2] [INFO] [1789656915.643048633] [robot_state_publisher]: got segment wheel_rear_left_link
[robot_state_publisher-2] [INFO] [1789656915.643055529] [robot_state_publisher]: got segment wheel_rear_right_fork_link
[robot_state_publisher-2] [INFO] [1789656915.643062765] [robot_state_publisher]: got segment wheel_rear_right_link
[map_server-7] [INFO] [1789656915.789644384] [map_server]: 
[map_server-7] 	map_server lifecycle node launched. 
[map_server-7] 	Waiting on external lifecycle transitions to activate
[map_server-7] 	See https://design.ros2.org/articles/node_lifecycle.html for more information.
[map_server-7] [INFO] [1789656915.790824133] [map_server]: Creating
[controller_server-8] [INFO] [1789656915.831597011] [controller_server]: 
[controller_server-8] 	controller_server lifecycle node launched. 
[controller_server-8] 	Waiting on external lifecycle transitions to activate
[controller_server-8] 	See https://design.ros2.org/articles/node_lifecycle.html for more information.
[controller_server-8] [INFO] [1789656915.859891214] [controller_server]: Creating controller server
[behavior_server-10] [INFO] [1789656915.893593936] [behavior_server]: 
[behavior_server-10] 	behavior_server lifecycle node launched. 
[behavior_server-10] 	Waiting on external lifecycle transitions to activate
[behavior_server-10] 	See https://design.ros2.org/articles/node_lifecycle.html for more information.
[planner_server-9] [INFO] [1789656915.927523780] [global_costmap.global_costmap]: 
[planner_server-9] 	global_costmap lifecycle node launched. 
[planner_server-9] 	Waiting on external lifecycle transitions to activate
[planner_server-9] 	See https://design.ros2.org/articles/node_lifecycle.html for more information.
[planner_server-9] [INFO] [1789656915.936147802] [global_costmap.global_costmap]: Creating Costmap
[bt_navigator-11] [INFO] [1789656915.945784212] [bt_navigator]: 
[bt_navigator-11] 	bt_navigator lifecycle node launched. 
[bt_navigator-11] 	Waiting on external lifecycle transitions to activate
[bt_navigator-11] 	See https://design.ros2.org/articles/node_lifecycle.html for more information.
[bt_navigator-11] [INFO] [1789656915.945975845] [bt_navigator]: Creating
[controller_server-8] [INFO] [1789656916.020053409] [local_costmap.local_costmap]: 
[controller_server-8] 	local_costmap lifecycle node launched. 
[controller_server-8] 	Waiting on external lifecycle transitions to activate
[controller_server-8] 	See https://design.ros2.org/articles/node_lifecycle.html for more information.
[controller_server-8] [INFO] [1789656916.025034312] [local_costmap.local_costmap]: Creating Costmap
[lifecycle_manager-13] [INFO] [1789656916.047014374] [lifecycle_manager_navigation]: [34m[1mStarting managed nodes bringup...[0m[0m
[lifecycle_manager-13] [INFO] [1789656916.047108058] [lifecycle_manager_navigation]: [34m[1mConfiguring map_server[0m[0m
[map_server-7] [INFO] [1789656916.051950473] [map_server]: Configuring
[map_server-7] [INFO] [1789656916.052176479] [map_io]: Loading yaml file: /home/yahboom/swerve_bringup/install/swerve_bringup/share/swerve_bringup/swerve_navigation/maps/warehouse.yaml
[map_server-7] [INFO] [1789656916.057242623] [map_io]: resolution: 0.05
[map_server-7] [INFO] [1789656916.057277028] [map_io]: origin[0]: -17.2
[map_server-7] [INFO] [1789656916.057284876] [map_io]: origin[1]: -17.4
[map_server-7] [INFO] [1789656916.057290617] [map_io]: origin[2]: 0
[map_server-7] [INFO] [1789656916.057296805] [map_io]: free_thresh: 0.25
[map_server-7] [INFO] [1789656916.057302706] [map_io]: occupied_thresh: 0.65
[map_server-7] [INFO] [1789656916.057309326] [map_io]: mode: trinary
[map_server-7] [INFO] [1789656916.057316024] [map_io]: negate: 0
[map_server-7] [INFO] [1789656916.057655193] [map_io]: Loading image_file: /home/yahboom/swerve_bringup/install/swerve_bringup/share/swerve_bringup/swerve_navigation/maps/warehouse.pgm
[map_server-7] [INFO] [1789656916.174484883] [map_io]: Read map /home/yahboom/swerve_bringup/install/swerve_bringup/share/swerve_bringup/swerve_navigation/maps/warehouse.pgm: 676 X 680 map @ 0.05 m/cell
[lifecycle_manager-13] [INFO] [1789656916.211223449] [lifecycle_manager_navigation]: [34m[1mConfiguring controller_server[0m[0m
[controller_server-8] [INFO] [1789656916.217054365] [controller_server]: Configuring controller interface
[controller_server-8] [INFO] [1789656916.221413646] [controller_server]: getting goal checker plugins..
[controller_server-8] [INFO] [1789656916.221504130] [controller_server]: Controller frequency set to 10.0000Hz
[controller_server-8] [INFO] [1789656916.221549894] [local_costmap.local_costmap]: Configuring
[controller_server-8] [INFO] [1789656916.348467782] [local_costmap.local_costmap]: Using plugin "voxel_layer"
[controller_server-8] [INFO] [1789656916.368944960] [local_costmap.local_costmap]: Subscribed to Topics: lidar3d scan
[controller_server-8] [INFO] [1789656916.486296437] [local_costmap.local_costmap]: Initialized plugin "voxel_layer"
[controller_server-8] [INFO] [1789656916.486368539] [local_costmap.local_costmap]: Using plugin "inflation_layer"
[controller_server-8] [INFO] [1789656916.490339376] [local_costmap.local_costmap]: Initialized plugin "inflation_layer"
[controller_server-8] [INFO] [1789656916.557804657] [controller_server]: Created progress_checker : progress_checker of type nav2_controller::SimpleProgressChecker
[controller_server-8] [INFO] [1789656916.558433044] [controller_server]: Created goal checker : general_goal_checker of type nav2_controller::SimpleGoalChecker
[controller_server-8] [INFO] [1789656916.558578566] [controller_server]: Controller Server has general_goal_checker  goal checkers available.
[controller_server-8] [INFO] [1789656916.596770391] [controller_server]: Created controller : FollowPath of type dwb_core::DWBLocalPlanner
[controller_server-8] [INFO] [1789656916.610614146] [controller_server]: Setting transform_tolerance to 0.200000
[controller_server-8] [INFO] [1789656916.808030666] [controller_server]: Using critic "RotateToGoal" (dwb_critics::RotateToGoalCritic)
[controller_server-8] [INFO] [1789656916.827203409] [controller_server]: Critic plugin initialized
[controller_server-8] [INFO] [1789656916.827358440] [controller_server]: Using critic "Oscillation" (dwb_critics::OscillationCritic)
[controller_server-8] [INFO] [1789656916.827613890] [controller_server]: Critic plugin initialized
[controller_server-8] [INFO] [1789656916.827684045] [controller_server]: Using critic "BaseObstacle" (dwb_critics::BaseObstacleCritic)
[controller_server-8] [INFO] [1789656916.827820727] [controller_server]: Critic plugin initialized
[controller_server-8] [INFO] [1789656916.827886512] [controller_server]: Using critic "GoalAlign" (dwb_critics::GoalAlignCritic)
[controller_server-8] [INFO] [1789656916.906184857] [controller_server]: Critic plugin initialized
[controller_server-8] [INFO] [1789656916.955428378] [controller_server]: Using critic "PathAlign" (dwb_critics::PathAlignCritic)
[controller_server-8] [INFO] [1789656917.013507286] [controller_server]: Critic plugin initialized
[controller_server-8] [INFO] [1789656917.013994560] [controller_server]: Using critic "PathDist" (dwb_critics::PathDistCritic)
[controller_server-8] [INFO] [1789656917.014672609] [controller_server]: Critic plugin initialized
[controller_server-8] [INFO] [1789656917.033270447] [controller_server]: Using critic "GoalDist" (dwb_critics::GoalDistCritic)
[controller_server-8] [INFO] [1789656917.047969205] [controller_server]: Critic plugin initialized
[controller_server-8] [INFO] [1789656917.048031987] [controller_server]: Controller Server has FollowPath  controllers available.
[spawn_entity.py-3] [INFO] [1789656917.201785831] [spawn_swerve]: Spawn Entity started
[spawn_entity.py-3] [INFO] [1789656917.202266103] [spawn_swerve]: Loading entity published on topic robot_description
[spawn_entity.py-3] [INFO] [1789656917.252753876] [spawn_swerve]: Waiting for entity xml on robot_description
[lifecycle_manager-13] [INFO] [1789656917.513733679] [lifecycle_manager_navigation]: [34m[1mConfiguring planner_server[0m[0m
[planner_server-9] [INFO] [1789656917.514113300] [planner_server]: Configuring
[planner_server-9] [INFO] [1789656917.517276687] [global_costmap.global_costmap]: Configuring
[planner_server-9] [INFO] [1789656917.562804305] [global_costmap.global_costmap]: Using plugin "static_layer"
[planner_server-9] [INFO] [1789656917.575991210] [global_costmap.global_costmap]: Subscribing to the map topic (/map) with transient local durability
[planner_server-9] [INFO] [1789656917.608491761] [global_costmap.global_costmap]: Initialized plugin "static_layer"
[planner_server-9] [INFO] [1789656917.608550059] [global_costmap.global_costmap]: Using plugin "obstacle_layer"
[planner_server-9] [INFO] [1789656917.676906925] [global_costmap.global_costmap]: Subscribed to Topics: scan
[swerve_bridge_node-14] [WARN] [1789656917.716579841] [swerve_bridge]: Django websocket disconnected: [Errno 111] Connection refused
[spawn_entity.py-3] [INFO] [1789656917.733291357] [spawn_swerve]: Waiting for service /spawn_entity, timeout = 30
[spawn_entity.py-3] [INFO] [1789656917.733753840] [spawn_swerve]: Waiting for service /spawn_entity
[planner_server-9] [INFO] [1789656917.882423517] [global_costmap.global_costmap]: Initialized plugin "obstacle_layer"
[planner_server-9] [INFO] [1789656917.882481819] [global_costmap.global_costmap]: Using plugin "inflation_layer"
[planner_server-9] [INFO] [1789656917.883063264] [global_costmap.global_costmap]: Initialized plugin "inflation_layer"
[v30e_sim_node-5] [INFO] [1789656917.931198161] [v30e_sim_node]: Using Gazebo /get_entity_state internally; odometry is not a V30E measurement input
[planner_server-9] [INFO] [1789656917.948901620] [planner_server]: Created global planner plugin GridBased of type nav2_navfn_planner/NavfnPlanner
[planner_server-9] [INFO] [1789656917.948971690] [planner_server]: Configuring plugin GridBased of type NavfnPlanner
[planner_server-9] [INFO] [1789656917.949581666] [planner_server]: Planner Server has GridBased  planners available.
[lifecycle_manager-13] [INFO] [1789656918.058011049] [lifecycle_manager_navigation]: [34m[1mConfiguring behavior_server[0m[0m
[behavior_server-10] [INFO] [1789656918.062137970] [behavior_server]: Configuring
[behavior_server-10] [INFO] [1789656918.164994074] [behavior_server]: Creating behavior plugin spin of type nav2_behaviors/Spin
[behavior_server-10] [INFO] [1789656918.166225376] [behavior_server]: Configuring spin
[behavior_server-10] [INFO] [1789656918.236866155] [behavior_server]: Creating behavior plugin backup of type nav2_behaviors/BackUp
[behavior_server-10] [INFO] [1789656918.237825514] [behavior_server]: Configuring backup
[behavior_server-10] [INFO] [1789656918.288066080] [behavior_server]: Creating behavior plugin drive_on_heading of type nav2_behaviors/DriveOnHeading
[behavior_server-10] [INFO] [1789656918.289398100] [behavior_server]: Configuring drive_on_heading
[behavior_server-10] [INFO] [1789656918.366474672] [behavior_server]: Creating behavior plugin wait of type nav2_behaviors/Wait
[behavior_server-10] [INFO] [1789656918.367338769] [behavior_server]: Configuring wait
[lifecycle_manager-13] [INFO] [1789656918.445277954] [lifecycle_manager_navigation]: [34m[1mConfiguring bt_navigator[0m[0m
[bt_navigator-11] [INFO] [1789656918.445725952] [bt_navigator]: Configuring
[lifecycle_manager-13] [INFO] [1789656919.009266768] [lifecycle_manager_navigation]: [34m[1mConfiguring waypoint_follower[0m[0m
[waypoint_follower-12] [INFO] [1789656919.009787840] [waypoint_follower]: Configuring
[waypoint_follower-12] [INFO] [1789656919.101642815] [waypoint_follower]: Created waypoint_task_executor : wait_at_waypoint of type nav2_waypoint_follower::WaitAtWaypoint
[waypoint_follower-12] [INFO] [1789656919.117956230] [waypoint_follower]: Waypoint pause duration is set to zero, disabling task executor plugin.
[lifecycle_manager-13] [INFO] [1789656919.125934676] [lifecycle_manager_navigation]: [34m[1mActivating map_server[0m[0m
[map_server-7] [INFO] [1789656919.126541124] [map_server]: Activating
[map_server-7] [INFO] [1789656919.127666183] [map_server]: Creating bond (map_server) to lifecycle manager.
[planner_server-9] [INFO] [1789656919.128797630] [global_costmap.global_costmap]: StaticLayer: Resizing costmap to 676 X 680 at 0.050000 m/pix
[lifecycle_manager-13] [INFO] [1789656919.270148248] [lifecycle_manager_navigation]: Server map_server connected with bond.
[lifecycle_manager-13] [INFO] [1789656919.270247285] [lifecycle_manager_navigation]: [34m[1mActivating controller_server[0m[0m
[controller_server-8] [INFO] [1789656919.271103306] [controller_server]: Activating
[controller_server-8] [INFO] [1789656919.271159327] [local_costmap.local_costmap]: Activating
[controller_server-8] [INFO] [1789656919.271168706] [local_costmap.local_costmap]: Checking transform
[controller_server-8] [INFO] [1789656919.271193485] [local_costmap.local_costmap]: Timed out waiting for transform from base_footprint to odom to become available, tf error: Invalid frame ID "odom" passed to canTransform argument target_frame - frame does not exist
[swerve_bridge_node-14] [WARN] [1789656919.722483038] [swerve_bridge]: Django websocket disconnected: [Errno 111] Connection refused
[controller_server-8] [INFO] [1789656919.773254890] [local_costmap.local_costmap]: Timed out waiting for transform from base_footprint to odom to become available, tf error: Invalid frame ID "odom" passed to canTransform argument target_frame - frame does not exist
[controller_server-8] [INFO] [1789656920.271306335] [local_costmap.local_costmap]: Timed out waiting for transform from base_footprint to odom to become available, tf error: Invalid frame ID "odom" passed to canTransform argument target_frame - frame does not exist
[controller_server-8] [INFO] [1789656920.772430562] [local_costmap.local_costmap]: Timed out waiting for transform from base_footprint to odom to become available, tf error: Invalid frame ID "odom" passed to canTransform argument target_frame - frame does not exist
[controller_server-8] [INFO] [1789656921.272326458] [local_costmap.local_costmap]: Timed out waiting for transform from base_footprint to odom to become available, tf error: Invalid frame ID "odom" passed to canTransform argument target_frame - frame does not exist
[swerve_bridge_node-14] [WARN] [1789656921.723732960] [swerve_bridge]: Django websocket disconnected: [Errno 111] Connection refused
[controller_server-8] [INFO] [1789656921.773232195] [local_costmap.local_costmap]: Timed out waiting for transform from base_footprint to odom to become available, tf error: Invalid frame ID "odom" passed to canTransform argument target_frame - frame does not exist
[controller_server-8] [INFO] [1789656922.271327679] [local_costmap.local_costmap]: Timed out waiting for transform from base_footprint to odom to become available, tf error: Invalid frame ID "odom" passed to canTransform argument target_frame - frame does not exist
[controller_server-8] [INFO] [1789656922.772043927] [local_costmap.local_costmap]: Timed out waiting for transform from base_footprint to odom to become available, tf error: Invalid frame ID "odom" passed to canTransform argument target_frame - frame does not exist
[controller_server-8] [INFO] [1789656923.272012893] [local_costmap.local_costmap]: Timed out waiting for transform from base_footprint to odom to become available, tf error: Invalid frame ID "odom" passed to canTransform argument target_frame - frame does not exist
[swerve_bridge_node-14] [WARN] [1789656923.725119877] [swerve_bridge]: Django websocket disconnected: [Errno 111] Connection refused
[controller_server-8] [INFO] [1789656923.772041614] [local_costmap.local_costmap]: Timed out waiting for transform from base_footprint to odom to become available, tf error: Invalid frame ID "odom" passed to canTransform argument target_frame - frame does not exist
[controller_server-8] [INFO] [1789656924.273330559] [local_costmap.local_costmap]: Timed out waiting for transform from base_footprint to odom to become available, tf error: Invalid frame ID "odom" passed to canTransform argument target_frame - frame does not exist
[controller_server-8] [INFO] [1789656924.771467772] [local_costmap.local_costmap]: Timed out waiting for transform from base_footprint to odom to become available, tf error: Invalid frame ID "odom" passed to canTransform argument target_frame - frame does not exist
[spawn_entity.py-3] [INFO] [1789656924.884149436] [spawn_swerve]: Calling service /spawn_entity
[gzserver-1] [INFO] [1789656925.040343365] [gazebo_ros_state]: Publishing states of gazebo models at [/model_states]
[gzserver-1] [INFO] [1789656925.053757262] [gazebo_ros_state]: Publishing states of gazebo links at [/link_states]
[gzserver-1] [ERROR] [1789656925.212904423] [gazebo_ros_state]: GetEntityState: entity [swerve_base] does not exist
[v30e_sim_node-5] [WARN] [1789656925.219432035] [v30e_sim_node]: get_entity_state failed: entity not available
[gzserver-1] [ERROR] [1789656925.267046148] [gazebo_ros_state]: GetEntityState: entity [swerve_base] does not exist
[controller_server-8] [INFO] [1789656925.272025472] [local_costmap.local_costmap]: Timed out waiting for transform from base_footprint to odom to become available, tf error: Invalid frame ID "odom" passed to canTransform argument target_frame - frame does not exist
[gzserver-1] [ERROR] [1789656925.322864665] [gazebo_ros_state]: GetEntityState: entity [swerve_base] does not exist
[gzserver-1] [ERROR] [1789656925.377800929] [gazebo_ros_state]: GetEntityState: entity [swerve_base] does not exist
[gzserver-1] [ERROR] [1789656925.434571214] [gazebo_ros_state]: GetEntityState: entity [swerve_base] does not exist
[gzserver-1] [ERROR] [1789656925.490486743] [gazebo_ros_state]: GetEntityState: entity [swerve_base] does not exist
[gzserver-1] [ERROR] [1789656925.558201827] [gazebo_ros_state]: GetEntityState: entity [swerve_base] does not exist
[gzserver-1] [ERROR] [1789656925.617410009] [gazebo_ros_state]: GetEntityState: entity [swerve_base] does not exist
[gzserver-1] [ERROR] [1789656925.674656317] [gazebo_ros_state]: GetEntityState: entity [swerve_base] does not exist
[gzserver-1] [ERROR] [1789656925.727134648] [gazebo_ros_state]: GetEntityState: entity [swerve_base] does not exist
[swerve_bridge_node-14] [WARN] [1789656925.728314975] [swerve_bridge]: Django websocket disconnected: [Errno 111] Connection refused
[controller_server-8] [INFO] [1789656925.771766834] [local_costmap.local_costmap]: Timed out waiting for transform from base_footprint to odom to become available, tf error: Invalid frame ID "odom" passed to canTransform argument target_frame - frame does not exist
[gzserver-1] [ERROR] [1789656925.787099652] [gazebo_ros_state]: GetEntityState: entity [swerve_base] does not exist
[gzserver-1] [INFO] [1789656925.981076458] [imu.imu_ros]: <initial_orientation_as_reference> is unset, using default value of false to comply with REP 145 (world as orientation reference)
[controller_server-8] [INFO] [1789656926.272885491] [local_costmap.local_costmap]: Timed out waiting for transform from base_footprint to odom to become available, tf error: Invalid frame ID "odom" passed to canTransform argument target_frame - frame does not exist
[controller_server-8] [INFO] [1789656926.772905951] [local_costmap.local_costmap]: Timed out waiting for transform from base_footprint to odom to become available, tf error: Invalid frame ID "odom" passed to canTransform argument target_frame - frame does not exist
[controller_server-8] [INFO] [1789656927.275099861] [local_costmap.local_costmap]: Timed out waiting for transform from base_footprint to odom to become available, tf error: Invalid frame ID "odom" passed to canTransform argument target_frame - frame does not exist
[swerve_bridge_node-14] [WARN] [1789656927.736944565] [swerve_bridge]: Django websocket disconnected: [Errno 111] Connection refused
[controller_server-8] [INFO] [1789656927.772273429] [local_costmap.local_costmap]: Timed out waiting for transform from base_footprint to odom to become available, tf error: Invalid frame ID "odom" passed to canTransform argument target_frame - frame does not exist
[controller_server-8] [INFO] [1789656928.273149071] [local_costmap.local_costmap]: Timed out waiting for transform from base_footprint to odom to become available, tf error: Invalid frame ID "odom" passed to canTransform argument target_frame - frame does not exist
[controller_server-8] [INFO] [1789656928.773512593] [local_costmap.local_costmap]: Timed out waiting for transform from base_footprint to odom to become available, tf error: Invalid frame ID "odom" passed to canTransform argument target_frame - frame does not exist
[controller_server-8] [INFO] [1789656929.274477677] [local_costmap.local_costmap]: Timed out waiting for transform from base_footprint to odom to become available, tf error: Invalid frame ID "odom" passed to canTransform argument target_frame - frame does not exist
[swerve_bridge_node-14] [WARN] [1789656929.740935822] [swerve_bridge]: Django websocket disconnected: [Errno 111] Connection refused
[controller_server-8] [INFO] [1789656929.771804950] [local_costmap.local_costmap]: Timed out waiting for transform from base_footprint to odom to become available, tf error: Invalid frame ID "odom" passed to canTransform argument target_frame - frame does not exist
[controller_server-8] [INFO] [1789656930.271685039] [local_costmap.local_costmap]: Timed out waiting for transform from base_footprint to odom to become available, tf error: Invalid frame ID "odom" passed to canTransform argument target_frame - frame does not exist
[controller_server-8] [INFO] [1789656930.779060596] [local_costmap.local_costmap]: Timed out waiting for transform from base_footprint to odom to become available, tf error: Invalid frame ID "odom" passed to canTransform argument target_frame - frame does not exist
[controller_server-8] [INFO] [1789656931.271268695] [local_costmap.local_costmap]: Timed out waiting for transform from base_footprint to odom to become available, tf error: Invalid frame ID "odom" passed to canTransform argument target_frame - frame does not exist
[swerve_bridge_node-14] [WARN] [1789656931.745463504] [swerve_bridge]: Django websocket disconnected: [Errno 111] Connection refused
[controller_server-8] [INFO] [1789656931.774620136] [local_costmap.local_costmap]: Timed out waiting for transform from base_footprint to odom to become available, tf error: Invalid frame ID "odom" passed to canTransform argument target_frame - frame does not exist
[controller_server-8] [INFO] [1789656932.280613437] [local_costmap.local_costmap]: Timed out waiting for transform from base_footprint to odom to become available, tf error: Invalid frame ID "odom" passed to canTransform argument target_frame - frame does not exist
[controller_server-8] [INFO] [1789656932.772795960] [local_costmap.local_costmap]: Timed out waiting for transform from base_footprint to odom to become available, tf error: Invalid frame ID "odom" passed to canTransform argument target_frame - frame does not exist
[controller_server-8] [INFO] [1789656933.271863012] [local_costmap.local_costmap]: Timed out waiting for transform from base_footprint to odom to become available, tf error: Invalid frame ID "odom" passed to canTransform argument target_frame - frame does not exist
[swerve_bridge_node-14] [WARN] [1789656933.746801742] [swerve_bridge]: Django websocket disconnected: [Errno 111] Connection refused
[controller_server-8] [INFO] [1789656933.797689405] [local_costmap.local_costmap]: Timed out waiting for transform from base_footprint to odom to become available, tf error: Invalid frame ID "odom" passed to canTransform argument target_frame - frame does not exist
[controller_server-8] [INFO] [1789656934.271393940] [local_costmap.local_costmap]: Timed out waiting for transform from base_footprint to odom to become available, tf error: Invalid frame ID "odom" passed to canTransform argument target_frame - frame does not exist
[controller_server-8] [INFO] [1789656934.772182529] [local_costmap.local_costmap]: Timed out waiting for transform from base_footprint to odom to become available, tf error: Invalid frame ID "odom" passed to canTransform argument target_frame - frame does not exist
[controller_server-8] [INFO] [1789656935.272328805] [local_costmap.local_costmap]: Timed out waiting for transform from base_footprint to odom to become available, tf error: Invalid frame ID "odom" passed to canTransform argument target_frame - frame does not exist
[swerve_bridge_node-14] [WARN] [1789656935.748433677] [swerve_bridge]: Django websocket disconnected: [Errno 111] Connection refused
[controller_server-8] [INFO] [1789656935.771999738] [local_costmap.local_costmap]: Timed out waiting for transform from base_footprint to odom to become available, tf error: Invalid frame ID "odom" passed to canTransform argument target_frame - frame does not exist
[controller_server-8] [INFO] [1789656936.271598619] [local_costmap.local_costmap]: Timed out waiting for transform from base_footprint to odom to become available, tf error: Invalid frame ID "odom" passed to canTransform argument target_frame - frame does not exist
[controller_server-8] [INFO] [1789656936.773321789] [local_costmap.local_costmap]: Timed out waiting for transform from base_footprint to odom to become available, tf error: Invalid frame ID "odom" passed to canTransform argument target_frame - frame does not exist
[controller_server-8] [INFO] [1789656937.274483043] [local_costmap.local_costmap]: Timed out waiting for transform from base_footprint to odom to become available, tf error: Invalid frame ID "odom" passed to canTransform argument target_frame - frame does not exist
[swerve_bridge_node-14] [WARN] [1789656937.749978150] [swerve_bridge]: Django websocket disconnected: [Errno 111] Connection refused
[controller_server-8] [INFO] [1789656937.772562873] [local_costmap.local_costmap]: Timed out waiting for transform from base_footprint to odom to become available, tf error: Invalid frame ID "odom" passed to canTransform argument target_frame - frame does not exist
[controller_server-8] [INFO] [1789656938.274809266] [local_costmap.local_costmap]: Timed out waiting for transform from base_footprint to odom to become available, tf error: Invalid frame ID "odom" passed to canTransform argument target_frame - frame does not exist
[controller_server-8] [INFO] [1789656938.771574456] [local_costmap.local_costmap]: Timed out waiting for transform from base_footprint to odom to become available, tf error: Invalid frame ID "odom" passed to canTransform argument target_frame - frame does not exist
[controller_server-8] [INFO] [1789656939.271620345] [local_costmap.local_costmap]: Timed out waiting for transform from base_footprint to odom to become available, tf error: Invalid frame ID "odom" passed to canTransform argument target_frame - frame does not exist
[swerve_bridge_node-14] [WARN] [1789656939.752661003] [swerve_bridge]: Django websocket disconnected: [Errno 111] Connection refused
[controller_server-8] [INFO] [1789656939.771987709] [local_costmap.local_costmap]: Timed out waiting for transform from base_footprint to odom to become available, tf error: Invalid frame ID "odom" passed to canTransform argument target_frame - frame does not exist
[controller_server-8] [INFO] [1789656940.272127564] [local_costmap.local_costmap]: Timed out waiting for transform from base_footprint to odom to become available, tf error: Invalid frame ID "odom" passed to canTransform argument target_frame - frame does not exist
[controller_server-8] [INFO] [1789656940.771303388] [local_costmap.local_costmap]: Timed out waiting for transform from base_footprint to odom to become available, tf error: Invalid frame ID "odom" passed to canTransform argument target_frame - frame does not exist
[controller_server-8] [INFO] [1789656941.272022903] [local_costmap.local_costmap]: Timed out waiting for transform from base_footprint to odom to become available, tf error: Invalid frame ID "odom" passed to canTransform argument target_frame - frame does not exist
[swerve_bridge_node-14] [WARN] [1789656941.757008405] [swerve_bridge]: Django websocket disconnected: [Errno 111] Connection refused
[controller_server-8] [INFO] [1789656941.773220162] [local_costmap.local_costmap]: Timed out waiting for transform from base_footprint to odom to become available, tf error: Invalid frame ID "odom" passed to canTransform argument target_frame - frame does not exist
[controller_server-8] [INFO] [1789656942.271483527] [local_costmap.local_costmap]: Timed out waiting for transform from base_footprint to odom to become available, tf error: Invalid frame ID "odom" passed to canTransform argument target_frame - frame does not exist
[controller_server-8] [INFO] [1789656942.771921237] [local_costmap.local_costmap]: Timed out waiting for transform from base_footprint to odom to become available, tf error: Invalid frame ID "odom" passed to canTransform argument target_frame - frame does not exist
[controller_server-8] [INFO] [1789656943.272093033] [local_costmap.local_costmap]: Timed out waiting for transform from base_footprint to odom to become available, tf error: Invalid frame ID "odom" passed to canTransform argument target_frame - frame does not exist
[swerve_bridge_node-14] [WARN] [1789656943.759391145] [swerve_bridge]: Django websocket disconnected: [Errno 111] Connection refused
[controller_server-8] [INFO] [1789656943.771809078] [local_costmap.local_costmap]: Timed out waiting for transform from base_footprint to odom to become available, tf error: Invalid frame ID "odom" passed to canTransform argument target_frame - frame does not exist
[controller_server-8] [INFO] [1789656944.272808840] [local_costmap.local_costmap]: Timed out waiting for transform from base_footprint to odom to become available, tf error: Invalid frame ID "odom" passed to canTransform argument target_frame - frame does not exist
[gzserver-1] [INFO] [1789656944.280705932] [contact_load.wheel_front_drive_link_contact_plugin]: Publishing contact states to [/contact_load/wheel_front_drive_link]
[gzserver-1] [INFO] [1789656944.477681362] [contact_load.wheel_rear_drive_link_contact_plugin]: Publishing contact states to [/contact_load/wheel_rear_drive_link]
[gzserver-1] [INFO] [1789656944.599584810] [contact_load.wheel_front_left_link_contact_plugin]: Publishing contact states to [/contact_load/wheel_front_left_link]
[gzserver-1] [INFO] [1789656944.717152047] [contact_load.wheel_front_right_link_contact_plugin]: Publishing contact states to [/contact_load/wheel_front_right_link]
[controller_server-8] [INFO] [1789656944.772716682] [local_costmap.local_costmap]: Timed out waiting for transform from base_footprint to odom to become available, tf error: Invalid frame ID "odom" passed to canTransform argument target_frame - frame does not exist
[gzserver-1] [INFO] [1789656944.848659039] [contact_load.wheel_rear_left_link_contact_plugin]: Publishing contact states to [/contact_load/wheel_rear_left_link]
[spawn_entity.py-3] [INFO] [1789656944.872764591] [spawn_swerve]: Spawn status: SpawnEntity: Successfully spawned entity [swerve_base]
[gzserver-1] [INFO] [1789656944.986175108] [contact_load.wheel_rear_right_link_contact_plugin]: Publishing contact states to [/contact_load/wheel_rear_right_link]
[gzserver-1] [INFO] [1789656945.140620319] [gazebo_ros2_control]: Loading gazebo_ros2_control plugin
[INFO] [spawn_entity.py-3]: process has finished cleanly [pid 217587]
[INFO] [spawner-15]: process started with pid [217864]
[gzserver-1] [INFO] [1789656945.238634762] [gazebo_ros2_control]: Starting gazebo_ros2_control plugin in namespace: /
[gzserver-1] [INFO] [1789656945.239817817] [gazebo_ros2_control]: Starting gazebo_ros2_control plugin in ros 2 node: gazebo_ros2_control
[controller_server-8] [INFO] [1789656945.271879613] [local_costmap.local_costmap]: Timed out waiting for transform from base_footprint to odom to become available, tf error: Invalid frame ID "odom" passed to canTransform argument target_frame - frame does not exist
[gzserver-1] [INFO] [1789656945.317649236] [gazebo_ros2_control]: connected to service!! robot_state_publisher
[gzserver-1] [INFO] [1789656945.321660367] [gazebo_ros2_control]: Received urdf from param server, parsing...
[gzserver-1] [INFO] [1789656945.321837513] [gazebo_ros2_control]: Loading parameter files /home/yahboom/swerve_bringup/install/swerve_bringup/share/swerve_bringup/config/controllers.yaml
[gzserver-1] [INFO] [1789656945.370619577] [gazebo_ros2_control]: Loading joint: steer_front_joint
[gzserver-1] [INFO] [1789656945.370676077] [gazebo_ros2_control]: 	State:
[gzserver-1] [INFO] [1789656945.370689849] [gazebo_ros2_control]: 		 position
[gzserver-1] [INFO] [1789656945.370701349] [gazebo_ros2_control]: 		 velocity
[gzserver-1] [INFO] [1789656945.370710762] [gazebo_ros2_control]: 	Command:
[gzserver-1] [INFO] [1789656945.370719206] [gazebo_ros2_control]: 		 position
[gzserver-1] [INFO] [1789656945.379851334] [gazebo_ros2_control]: Loading joint: steer_rear_joint
[gzserver-1] [INFO] [1789656945.380396849] [gazebo_ros2_control]: 	State:
[gzserver-1] [INFO] [1789656945.380414694] [gazebo_ros2_control]: 		 position
[gzserver-1] [INFO] [1789656945.380425950] [gazebo_ros2_control]: 		 velocity
[gzserver-1] [INFO] [1789656945.380435135] [gazebo_ros2_control]: 	Command:
[gzserver-1] [INFO] [1789656945.380444232] [gazebo_ros2_control]: 		 position
[gzserver-1] [INFO] [1789656945.383328200] [gazebo_ros2_control]: Loading joint: wheel_front_drive_joint
[gzserver-1] [INFO] [1789656945.383374334] [gazebo_ros2_control]: 	State:
[gzserver-1] [INFO] [1789656945.383387339] [gazebo_ros2_control]: 		 position
[gzserver-1] [INFO] [1789656945.383431738] [gazebo_ros2_control]: 		 velocity
[gzserver-1] [INFO] [1789656945.383442889] [gazebo_ros2_control]: 	Command:
[gzserver-1] [INFO] [1789656945.383460641] [gazebo_ros2_control]: 		 velocity
[gzserver-1] [INFO] [1789656945.383704219] [gazebo_ros2_control]: Loading joint: wheel_rear_drive_joint
[gzserver-1] [INFO] [1789656945.383728748] [gazebo_ros2_control]: 	State:
[gzserver-1] [INFO] [1789656945.383738191] [gazebo_ros2_control]: 		 position
[gzserver-1] [INFO] [1789656945.383746843] [gazebo_ros2_control]: 		 velocity
[gzserver-1] [INFO] [1789656945.383755380] [gazebo_ros2_control]: 	Command:
[gzserver-1] [INFO] [1789656945.383771292] [gazebo_ros2_control]: 		 velocity
[gzserver-1] [INFO] [1789656945.384138149] [resource_manager]: Initialize hardware 'GazeboSystem' 
[gzserver-1] [INFO] [1789656945.385514118] [resource_manager]: Successful initialization of hardware 'GazeboSystem'
[gzserver-1] [INFO] [1789656945.385697102] [resource_manager]: 'configure' hardware 'GazeboSystem' 
[gzserver-1] [INFO] [1789656945.385723470] [resource_manager]: Successful 'configure' of hardware 'GazeboSystem'
[gzserver-1] [INFO] [1789656945.385732146] [resource_manager]: 'activate' hardware 'GazeboSystem' 
[gzserver-1] [INFO] [1789656945.385738899] [resource_manager]: Successful 'activate' of hardware 'GazeboSystem'
[gzserver-1] [INFO] [1789656945.385896615] [gazebo_ros2_control]: Loading controller_manager
[gzserver-1] [WARN] [1789656945.724778402] [gazebo_ros2_control]:  Desired controller update period (0.01 s) is slower than the gazebo simulation period (0.001 s).
[gzserver-1] [INFO] [1789656945.728450041] [gazebo_ros2_control]: Loaded gazebo_ros2_control.
[swerve_bridge_node-14] [WARN] [1789656945.764303547] [swerve_bridge]: Django websocket disconnected: [Errno 111] Connection refused
[controller_server-8] [INFO] [1789656945.773712722] [local_costmap.local_costmap]: Timed out waiting for transform from base_footprint to odom to become available, tf error: Invalid frame ID "odom" passed to canTransform argument target_frame - frame does not exist
[controller_server-8] [INFO] [1789656946.271412879] [local_costmap.local_costmap]: start
[controller_server-8] [INFO] [1789656946.434973717] [controller_server]: Creating bond (controller_server) to lifecycle manager.
[lifecycle_manager-13] [INFO] [1789656946.574589623] [lifecycle_manager_navigation]: Server controller_server connected with bond.
[lifecycle_manager-13] [INFO] [1789656946.574683050] [lifecycle_manager_navigation]: [34m[1mActivating planner_server[0m[0m
[planner_server-9] [INFO] [1789656946.575058523] [planner_server]: Activating
[planner_server-9] [INFO] [1789656946.575119461] [global_costmap.global_costmap]: Activating
[planner_server-9] [INFO] [1789656946.575138035] [global_costmap.global_costmap]: Checking transform
[planner_server-9] [INFO] [1789656946.575288148] [global_costmap.global_costmap]: start
[spawner-15] [INFO] [1789656947.019695825] [spawn_joint_state_broadcaster]: waiting for service /controller_manager/list_controllers to become available...
[planner_server-9] [INFO] [1789656947.184810648] [planner_server]: Activating plugin GridBased of type NavfnPlanner
[planner_server-9] [INFO] [1789656947.198372791] [planner_server]: Creating bond (planner_server) to lifecycle manager.
[lifecycle_manager-13] [INFO] [1789656947.345808050] [lifecycle_manager_navigation]: Server planner_server connected with bond.
[lifecycle_manager-13] [INFO] [1789656947.345904365] [lifecycle_manager_navigation]: [34m[1mActivating behavior_server[0m[0m
[behavior_server-10] [INFO] [1789656947.347121188] [behavior_server]: Activating
[behavior_server-10] [INFO] [1789656947.347209618] [behavior_server]: Activating spin
[behavior_server-10] [INFO] [1789656947.347237665] [behavior_server]: Activating backup
[behavior_server-10] [INFO] [1789656947.347253268] [behavior_server]: Activating drive_on_heading
[behavior_server-10] [INFO] [1789656947.347266501] [behavior_server]: Activating wait
[behavior_server-10] [INFO] [1789656947.347287893] [behavior_server]: Creating bond (behavior_server) to lifecycle manager.
[lifecycle_manager-13] [INFO] [1789656947.497237937] [lifecycle_manager_navigation]: Server behavior_server connected with bond.
[lifecycle_manager-13] [INFO] [1789656947.528952805] [lifecycle_manager_navigation]: [34m[1mActivating bt_navigator[0m[0m
[bt_navigator-11] [INFO] [1789656947.546639465] [bt_navigator]: Activating
[gzserver-1] [INFO] [1789656947.657906487] [controller_manager]: Loading controller 'joint_state_broadcaster'
[swerve_bridge_node-14] [WARN] [1789656947.765458367] [swerve_bridge]: Django websocket disconnected: [Errno 111] Connection refused
[spawner-15] [INFO] [1789656948.043873535] [spawn_joint_state_broadcaster]: [94mLoaded [1mjoint_state_broadcaster[0m
[gzserver-1] [INFO] [1789656948.056456471] [controller_manager]: Configuring controller 'joint_state_broadcaster'
[gzserver-1] [INFO] [1789656948.057186353] [joint_state_broadcaster]: 'joints' or 'interfaces' parameter is empty. All available state interfaces will be published
[spawner-15] [INFO] [1789656948.201123427] [spawn_joint_state_broadcaster]: [92mConfigured and activated [1mjoint_state_broadcaster[0m
[INFO] [spawner-15]: process has finished cleanly [pid 217864]
[bt_navigator-11] [INFO] [1789656948.655363770] [bt_navigator]: Creating bond (bt_navigator) to lifecycle manager.
[INFO] [spawner-16]: process started with pid [217889]
[lifecycle_manager-13] [INFO] [1789656948.781671518] [lifecycle_manager_navigation]: Server bt_navigator connected with bond.
[lifecycle_manager-13] [INFO] [1789656948.781751979] [lifecycle_manager_navigation]: [34m[1mActivating waypoint_follower[0m[0m
[waypoint_follower-12] [INFO] [1789656948.787415816] [waypoint_follower]: Activating
[waypoint_follower-12] [INFO] [1789656948.787524346] [waypoint_follower]: Creating bond (waypoint_follower) to lifecycle manager.
[lifecycle_manager-13] [INFO] [1789656948.938132138] [lifecycle_manager_navigation]: Server waypoint_follower connected with bond.
[lifecycle_manager-13] [INFO] [1789656948.938190721] [lifecycle_manager_navigation]: [34m[1mManaged nodes are active[0m[0m
[lifecycle_manager-13] [INFO] [1789656948.938205525] [lifecycle_manager_navigation]: [34m[1mCreating bond timer...[0m[0m
[swerve_bridge_node-14] [WARN] [1789656949.778077029] [swerve_bridge]: Django websocket disconnected: [Errno 111] Connection refused
[spawner-16] [INFO] [1789656950.078019730] [spawn_steering_controller]: waiting for service /controller_manager/list_controllers to become available...
[gzserver-1] [INFO] [1789656950.805858467] [controller_manager]: Loading controller 'steering_controller'
[spawner-16] [INFO] [1789656951.160405535] [spawn_steering_controller]: [94mLoaded [1msteering_controller[0m
[gzserver-1] [INFO] [1789656951.171276297] [controller_manager]: Configuring controller 'steering_controller'
[gzserver-1] [INFO] [1789656951.177023490] [steering_controller]: configure successful
[gzserver-1] [INFO] [1789656951.203002716] [steering_controller]: activate successful
[spawner-16] [INFO] [1789656951.221178624] [spawn_steering_controller]: [92mConfigured and activated [1msteering_controller[0m
[INFO] [spawner-16]: process has finished cleanly [pid 217889]
[INFO] [spawner-17]: process started with pid [217902]
[swerve_bridge_node-14] [WARN] [1789656951.779800046] [swerve_bridge]: Django websocket disconnected: [Errno 111] Connection refused
[spawner-17] [INFO] [1789656953.289769879] [spawn_drive_controller]: waiting for service /controller_manager/list_controllers to become available...
[swerve_bridge_node-14] [WARN] [1789656953.788508846] [swerve_bridge]: Django websocket disconnected: [Errno 111] Connection refused
[gzserver-1] [INFO] [1789656953.841122247] [controller_manager]: Loading controller 'drive_controller'
[spawner-17] [INFO] [1789656954.140386939] [spawn_drive_controller]: [94mLoaded [1mdrive_controller[0m
[gzserver-1] [INFO] [1789656954.158925611] [controller_manager]: Configuring controller 'drive_controller'
[gzserver-1] [INFO] [1789656954.166572540] [drive_controller]: configure successful
[gzserver-1] [INFO] [1789656954.210321113] [drive_controller]: activate successful
[spawner-17] [INFO] [1789656954.225198316] [spawn_drive_controller]: [92mConfigured and activated [1mdrive_controller[0m
[INFO] [spawner-17]: process has finished cleanly [pid 217902]
[INFO] [swerve_controller_node-18]: process started with pid [217915]
[INFO] [swerve_odometry_node-19]: process started with pid [217917]
[swerve_bridge_node-14] [WARN] [1789656955.798786231] [swerve_bridge]: Django websocket disconnected: [Errno 111] Connection refused
[swerve_odometry_node-19] [INFO] [1789656956.334672384] [swerve_odometry]: Encoder odometry ready: radius=0.0637 m, velocity_sign=+1.0
[swerve_controller_node-18] [INFO] [1789656956.509428136] [swerve_controller]: Swerve controller ready: radius=0.0675 m, modules={'front': (0.300042, 0.0), 'rear': (-0.300042, 0.0)}
[swerve_bridge_node-14] [WARN] [1789656957.801278494] [swerve_bridge]: Django websocket disconnected: [Errno 111] Connection refused
[swerve_bridge_node-14] [WARN] [1789656959.802820208] [swerve_bridge]: Django websocket disconnected: [Errno 111] Connection refused
[swerve_bridge_node-14] [WARN] [1789656961.805118143] [swerve_bridge]: Django websocket disconnected: [Errno 111] Connection refused
[swerve_bridge_node-14] [WARN] [1789656963.810193695] [swerve_bridge]: Django websocket disconnected: [Errno 111] Connection refused
[swerve_bridge_node-14] [WARN] [1789656965.813777542] [swerve_bridge]: Django websocket disconnected: [Errno 111] Connection refused
[swerve_bridge_node-14] [WARN] [1789656967.815301566] [swerve_bridge]: Django websocket disconnected: [Errno 111] Connection refused
[swerve_bridge_node-14] [WARN] [1789656969.819434840] [swerve_bridge]: Django websocket disconnected: [Errno 111] Connection refused
[swerve_bridge_node-14] [WARN] [1789656971.823974006] [swerve_bridge]: Django websocket disconnected: [Errno 111] Connection refused
[swerve_bridge_node-14] [WARN] [1789656973.825853733] [swerve_bridge]: Django websocket disconnected: [Errno 111] Connection refused
[swerve_bridge_node-14] [WARN] [1789656975.827376956] [swerve_bridge]: Django websocket disconnected: [Errno 111] Connection refused
[swerve_bridge_node-14] [WARN] [1789656977.833883499] [swerve_bridge]: Django websocket disconnected: [Errno 111] Connection refused
[swerve_bridge_node-14] [WARN] [1789656979.835277464] [swerve_bridge]: Django websocket disconnected: [Errno 111] Connection refused
[swerve_bridge_node-14] [WARN] [1789656981.839023872] [swerve_bridge]: Django websocket disconnected: [Errno 111] Connection refused
[swerve_bridge_node-14] [WARN] [1789656983.842761174] [swerve_bridge]: Django websocket disconnected: [Errno 111] Connection refused
[swerve_bridge_node-14] [WARN] [1789656985.843639463] [swerve_bridge]: Django websocket disconnected: [Errno 111] Connection refused
[swerve_bridge_node-14] [WARN] [1789656987.846954106] [swerve_bridge]: Django websocket disconnected: [Errno 111] Connection refused
[swerve_bridge_node-14] [WARN] [1789656989.849476833] [swerve_bridge]: Django websocket disconnected: [Errno 111] Connection refused
[swerve_bridge_node-14] [WARN] [1789656991.851150832] [swerve_bridge]: Django websocket disconnected: [Errno 111] Connection refused
[swerve_bridge_node-14] [WARN] [1789656993.853857408] [swerve_bridge]: Django websocket disconnected: [Errno 111] Connection refused
[WARNING] [launch]: user interrupted with ctrl-c (SIGINT)
[bt_navigator-11] [INFO] [1789656995.285848075] [rclcpp]: signal_handler(signum=2)
[behavior_server-10] [INFO] [1789656995.285936321] [rclcpp]: signal_handler(signum=2)
[behavior_server-10] [INFO] [1789656995.286221074] [behavior_server]: Running Nav2 LifecycleNode rcl preshutdown (behavior_server)
[behavior_server-10] [INFO] [1789656995.286295309] [behavior_server]: Deactivating
[behavior_server-10] [INFO] [1789656995.286333783] [behavior_server]: Destroying bond (behavior_server) to lifecycle manager.
[lifecycle_manager-13] [INFO] [1789656995.288419746] [rclcpp]: signal_handler(signum=2)
[lifecycle_manager-13] [INFO] [1789656995.290628617] [lifecycle_manager_navigation]: Running Nav2 LifecycleManager rcl preshutdown (lifecycle_manager_navigation)
[lifecycle_manager-13] [INFO] [1789656995.292812634] [lifecycle_manager_navigation]: [34m[1mTerminating bond timer...[0m[0m
[controller_server-8] [INFO] [1789656995.289493679] [rclcpp]: signal_handler(signum=2)
[controller_server-8] [INFO] [1789656995.292319876] [controller_server]: Running Nav2 LifecycleNode rcl preshutdown (controller_server)
[controller_server-8] [INFO] [1789656995.292425240] [controller_server]: Deactivating
[controller_server-8] [INFO] [1789656995.292477849] [local_costmap.local_costmap]: Deactivating
[robot_state_publisher-2] [INFO] [1789656995.289799782] [rclcpp]: signal_handler(signum=2)
[planner_server-9] [INFO] [1789656995.289944944] [rclcpp]: signal_handler(signum=2)
[planner_server-9] [INFO] [1789656995.302762215] [planner_server]: Running Nav2 LifecycleNode rcl preshutdown (planner_server)
[planner_server-9] [INFO] [1789656995.302860918] [planner_server]: Deactivating
[planner_server-9] [INFO] [1789656995.302902493] [global_costmap.global_costmap]: Deactivating
[map_server-7] [INFO] [1789656995.291107482] [rclcpp]: signal_handler(signum=2)
[map_server-7] [INFO] [1789656995.293565778] [map_server]: Running Nav2 LifecycleNode rcl preshutdown (map_server)
[map_server-7] [INFO] [1789656995.293637288] [map_server]: Deactivating
[map_server-7] [INFO] [1789656995.293664357] [map_server]: Destroying bond (map_server) to lifecycle manager.
[bt_navigator-11] [INFO] [1789656995.291354957] [bt_navigator]: Running Nav2 LifecycleNode rcl preshutdown (bt_navigator)
[bt_navigator-11] [INFO] [1789656995.293133645] [bt_navigator]: Deactivating
[bt_navigator-11] [INFO] [1789656995.293175529] [bt_navigator]: Destroying bond (bt_navigator) to lifecycle manager.
[waypoint_follower-12] [INFO] [1789656995.292875265] [waypoint_follower]: Running Nav2 LifecycleNode rcl preshutdown (waypoint_follower)
[waypoint_follower-12] [INFO] [1789656995.292954327] [waypoint_follower]: Deactivating
[waypoint_follower-12] [INFO] [1789656995.292988721] [waypoint_follower]: Destroying bond (waypoint_follower) to lifecycle manager.
[ekf_node-6] [INFO] [1789656995.293326538] [rclcpp]: signal_handler(signum=2)
[ekf_node-4] [INFO] [1789656995.293423676] [rclcpp]: signal_handler(signum=2)
[INFO] [swerve_odometry_node-19]: sending signal 'SIGINT' to process[swerve_odometry_node-19]
[INFO] [swerve_controller_node-18]: sending signal 'SIGINT' to process[swerve_controller_node-18]
[INFO] [swerve_bridge_node-14]: sending signal 'SIGINT' to process[swerve_bridge_node-14]
[INFO] [lifecycle_manager-13]: sending signal 'SIGINT' to process[lifecycle_manager-13]
[INFO] [waypoint_follower-12]: sending signal 'SIGINT' to process[waypoint_follower-12]
[INFO] [bt_navigator-11]: sending signal 'SIGINT' to process[bt_navigator-11]
[INFO] [behavior_server-10]: sending signal 'SIGINT' to process[behavior_server-10]
[INFO] [planner_server-9]: sending signal 'SIGINT' to process[planner_server-9]
[INFO] [controller_server-8]: sending signal 'SIGINT' to process[controller_server-8]
[INFO] [map_server-7]: sending signal 'SIGINT' to process[map_server-7]
[INFO] [ekf_node-6]: sending signal 'SIGINT' to process[ekf_node-6]
[INFO] [v30e_sim_node-5]: sending signal 'SIGINT' to process[v30e_sim_node-5]
[INFO] [ekf_node-4]: sending signal 'SIGINT' to process[ekf_node-4]
[INFO] [robot_state_publisher-2]: sending signal 'SIGINT' to process[robot_state_publisher-2]
[INFO] [gzserver-1]: sending signal 'SIGINT' to process[gzserver-1]
[behavior_server-10] [INFO] [1789656995.310799213] [behavior_server]: Cleaning up
[ERROR] [ekf_node-4]: process has died [pid 217589, exit code -2, cmd '/opt/ros/humble/lib/robot_localization/ekf_node --ros-args -r __node:=ekf_filter_node --params-file /home/yahboom/swerve_bringup/install/swerve_bringup/share/swerve_bringup/config/ekf.yaml --params-file /tmp/launch_params_kboo64f7 -r /odom:=/odom -r /imu/data:=/imu/data'].
[waypoint_follower-12] [INFO] [1789656995.334356101] [waypoint_follower]: Cleaning up
[map_server-7] [INFO] [1789656995.336574679] [map_server]: Cleaning up
[map_server-7] [INFO] [1789656995.336711984] [map_server]: Destroying bond (map_server) to lifecycle manager.
[bt_navigator-11] [INFO] [1789656995.337702571] [bt_navigator]: Cleaning up
[swerve_controller_node-18] Traceback (most recent call last):
[swerve_controller_node-18]   File "/home/yahboom/swerve_bringup/install/swerve_bringup/lib/swerve_bringup/swerve_controller_node", line 192, in <module>
[swerve_controller_node-18]     main()
[swerve_controller_node-18]   File "/home/yahboom/swerve_bringup/install/swerve_bringup/lib/swerve_bringup/swerve_controller_node", line 184, in main
[swerve_controller_node-18]     node.steer_pub.publish(Float64MultiArray(data=[
[swerve_controller_node-18]   File "/opt/ros/humble/local/lib/python3.10/dist-packages/rclpy/publisher.py", line 70, in publish
[swerve_controller_node-18]     self.__publisher.publish(msg)
[swerve_controller_node-18] rclpy._rclpy_pybind11.RCLError: Failed to publish: publisher's context is invalid, at ./src/rcl/publisher.c:389
[swerve_controller_node-18] Error in sys.excepthook:
[swerve_controller_node-18] Traceback (most recent call last):
[swerve_controller_node-18]   File "/usr/lib/python3/dist-packages/apport_python_hook.py", line 72, in apport_excepthook
[swerve_controller_node-18]     from apport.fileutils import likely_packaged, get_recent_crashes
[swerve_controller_node-18]   File "/usr/lib/python3/dist-packages/apport/__init__.py", line 5, in <module>
[swerve_controller_node-18]     from apport.report import Report
[swerve_controller_node-18]   File "/usr/lib/python3/dist-packages/apport/report.py", line 21, in <module>
[swerve_controller_node-18]     from urllib.request import urlopen
[swerve_controller_node-18]   File "/usr/lib/python3.10/urllib/request.py", line 88, in <module>
[swerve_controller_node-18]     import http.client
[swerve_controller_node-18]   File "/usr/lib/python3.10/http/client.py", line 71, in <module>
[swerve_controller_node-18]     import email.parser
[swerve_controller_node-18]   File "/usr/lib/python3.10/email/parser.py", line 12, in <module>
[swerve_controller_node-18]     from email.feedparser import FeedParser, BytesFeedParser
[swerve_controller_node-18]   File "/usr/lib/python3.10/email/feedparser.py", line 27, in <module>
[swerve_controller_node-18]     from email._policybase import compat32
[swerve_controller_node-18]   File "/usr/lib/python3.10/email/_policybase.py", line 7, in <module>
[swerve_controller_node-18]     from email import header
[swerve_controller_node-18]   File "/usr/lib/python3.10/email/header.py", line 20, in <module>
[swerve_controller_node-18]     from email import charset as _charset
[swerve_controller_node-18]   File "/usr/lib/python3.10/email/charset.py", line 18, in <module>
[swerve_controller_node-18]     from email.encoders import encode_7or8bit
[swerve_controller_node-18]   File "/usr/lib/python3.10/email/encoders.py", line 16, in <module>
[swerve_bridge_node-14] Traceback (most recent call last):
[swerve_bridge_node-14]   File "/home/yahboom/swerve_bringup/build/swerve_bridge/swerve_bridge/bridge_node.py", line 272, in main
[swerve_bridge_node-14]     rclpy.spin(node)
[swerve_bridge_node-14]   File "/opt/ros/humble/local/lib/python3.10/dist-packages/rclpy/__init__.py", line 229, in spin
[swerve_bridge_node-14]     executor.spin_once()
[swerve_bridge_node-14]   File "/opt/ros/humble/local/lib/python3.10/dist-packages/rclpy/executors.py", line 773, in spin_once
[swerve_bridge_node-14]     self._spin_once_impl(timeout_sec)
[swerve_bridge_node-14]   File "/opt/ros/humble/local/lib/python3.10/dist-packages/rclpy/executors.py", line 762, in _spin_once_impl
[swerve_bridge_node-14]     handler, entity, node = self.wait_for_ready_callbacks(timeout_sec=timeout_sec)
[swerve_bridge_node-14]   File "/opt/ros/humble/local/lib/python3.10/dist-packages/rclpy/executors.py", line 745, in wait_for_ready_callbacks
[swerve_bridge_node-14]     return next(self._cb_iter)
[swerve_bridge_node-14]   File "/opt/ros/humble/local/lib/python3.10/dist-packages/rclpy/executors.py", line 642, in _wait_for_ready_callbacks
[swerve_bridge_node-14]     wait_set.wait(timeout_nsec)
[swerve_bridge_node-14] KeyboardInterrupt
[swerve_bridge_node-14] 
[swerve_bridge_node-14] During handling of the above exception, another exception occurred:
[swerve_bridge_node-14] 
[swerve_bridge_node-14] Traceback (most recent call last):
[swerve_bridge_node-14]   File "/home/yahboom/swerve_bringup/install/swerve_bridge/lib/swerve_bridge/swerve_bridge_node", line 33, in <module>
[swerve_bridge_node-14]     sys.exit(load_entry_point('swerve-bridge', 'console_scripts', 'swerve_bridge_node')())
[swerve_bridge_node-14]   File "/home/yahboom/swerve_bringup/build/swerve_bridge/swerve_bridge/bridge_node.py", line 274, in main
[swerve_bridge_node-14]     node.destroy_node()
[swerve_bridge_node-14]   File "/home/yahboom/swerve_bringup/build/swerve_bridge/swerve_bridge/bridge_node.py", line 265, in destroy_node
[swerve_bridge_node-14]     super().destroy_node()
[swerve_bridge_node-14]   File "/opt/ros/humble/local/lib/python3.10/dist-packages/rclpy/node.py", line 1691, in destroy_node
[lifecycle_manager-13] [INFO] [1789656995.370200855] [rclcpp]: signal_handler(signum=2)
[ERROR] [ekf_node-6]: process has died [pid 217593, exit code -2, cmd '/opt/ros/humble/lib/robot_localization/ekf_node --ros-args -r __node:=ekf_v30e --params-file /home/yahboom/swerve_bringup/install/swerve_bringup/share/swerve_bringup/config/v30e_localization_ekf.yaml --params-file /tmp/launch_params_jfzie6zz -r odometry/filtered:=/odometry/v30e'].
[swerve_controller_node-18]     from quopri import encodestring as _encodestring
[swerve_controller_node-18]   File "<frozen importlib._bootstrap>", line 1027, in _find_and_load
[swerve_controller_node-18]   File "<frozen importlib._bootstrap>", line 1006, in _find_and_load_unlocked
[swerve_controller_node-18]   File "<frozen importlib._bootstrap>", line 688, in _load_unlocked
[swerve_controller_node-18]   File "<frozen importlib._bootstrap_external>", line 879, in exec_module
[swerve_controller_node-18]   File "<frozen importlib._bootstrap_external>", line 1012, in get_code
[swerve_controller_node-18]   File "<frozen importlib._bootstrap_external>", line 672, in _compile_bytecode
[swerve_controller_node-18] KeyboardInterrupt
[swerve_controller_node-18] 
[swerve_controller_node-18] Original exception was:
[swerve_controller_node-18] Traceback (most recent call last):
[swerve_controller_node-18]   File "/home/yahboom/swerve_bringup/install/swerve_bringup/lib/swerve_bringup/swerve_controller_node", line 192, in <module>
[swerve_controller_node-18]     main()
[swerve_controller_node-18]   File "/home/yahboom/swerve_bringup/install/swerve_bringup/lib/swerve_bringup/swerve_controller_node", line 184, in main
[swerve_controller_node-18]     node.steer_pub.publish(Float64MultiArray(data=[
[swerve_controller_node-18]   File "/opt/ros/humble/local/lib/python3.10/dist-packages/rclpy/publisher.py", line 70, in publish
[swerve_controller_node-18]     self.__publisher.publish(msg)
[swerve_controller_node-18] rclpy._rclpy_pybind11.RCLError: Failed to publish: publisher's context is invalid, at ./src/rcl/publisher.c:389
[swerve_bridge_node-14]     self.destroy_service(self._services[0])
[swerve_bridge_node-14]   File "/opt/ros/humble/local/lib/python3.10/dist-packages/rclpy/node.py", line 1615, in destroy_service
[swerve_bridge_node-14]     service.destroy()
[swerve_bridge_node-14]   File "/opt/ros/humble/local/lib/python3.10/dist-packages/rclpy/service.py", line 93, in destroy
[swerve_bridge_node-14]     self.__service.destroy_when_not_in_use()
[swerve_bridge_node-14] KeyboardInterrupt
[waypoint_follower-12] [INFO] [1789656995.377546932] [rclcpp]: signal_handler(signum=2)
[bt_navigator-11] [INFO] [1789656995.389273693] [rclcpp]: signal_handler(signum=2)
[behavior_server-10] [INFO] [1789656995.402429868] [rclcpp]: signal_handler(signum=2)
[controller_server-8] [INFO] [1789656995.411125955] [controller_server]: Destroying bond (controller_server) to lifecycle manager.
[planner_server-9] [INFO] [1789656995.418836072] [rclcpp]: signal_handler(signum=2)
[controller_server-8] [INFO] [1789656995.438280661] [rclcpp]: signal_handler(signum=2)
[map_server-7] [INFO] [1789656995.442893410] [rclcpp]: signal_handler(signum=2)
[swerve_odometry_node-19] Traceback (most recent call last):
[swerve_odometry_node-19]   File "/home/yahboom/swerve_bringup/install/swerve_bringup/lib/swerve_bringup/swerve_odometry_node", line 221, in <module>
[swerve_odometry_node-19]     main()
[swerve_odometry_node-19]   File "/home/yahboom/swerve_bringup/install/swerve_bringup/lib/swerve_bringup/swerve_odometry_node", line 215, in main
[swerve_odometry_node-19]     node.destroy_node()
[swerve_odometry_node-19]   File "/opt/ros/humble/local/lib/python3.10/dist-packages/rclpy/node.py", line 1691, in destroy_node
[swerve_odometry_node-19]     self.destroy_service(self._services[0])
[swerve_odometry_node-19]   File "/opt/ros/humble/local/lib/python3.10/dist-packages/rclpy/node.py", line 1615, in destroy_service
[swerve_odometry_node-19]     service.destroy()
[swerve_odometry_node-19]   File "/opt/ros/humble/local/lib/python3.10/dist-packages/rclpy/service.py", line 93, in destroy
[swerve_odometry_node-19]     self.__service.destroy_when_not_in_use()
[swerve_odometry_node-19] KeyboardInterrupt
[v30e_sim_node-5] Traceback (most recent call last):
[v30e_sim_node-5]   File "/home/yahboom/swerve_bringup/install/swerve_bringup/lib/swerve_bringup/v30e_sim_node", line 188, in <module>
[v30e_sim_node-5]     if __name__ == '__main__': main()
[v30e_sim_node-5]   File "/home/yahboom/swerve_bringup/install/swerve_bringup/lib/swerve_bringup/v30e_sim_node", line 185, in main
[v30e_sim_node-5]     node.destroy_node(); rclpy.shutdown()
[v30e_sim_node-5]   File "/opt/ros/humble/local/lib/python3.10/dist-packages/rclpy/node.py", line 1685, in destroy_node
[v30e_sim_node-5]     self.destroy_publisher(self._publishers[0])
[v30e_sim_node-5]   File "/opt/ros/humble/local/lib/python3.10/dist-packages/rclpy/node.py", line 1565, in destroy_publisher
[v30e_sim_node-5]     publisher.destroy()
[v30e_sim_node-5]   File "/opt/ros/humble/local/lib/python3.10/dist-packages/rclpy/publisher.py", line 99, in destroy
[v30e_sim_node-5]     self.__publisher.destroy_when_not_in_use()
[v30e_sim_node-5] KeyboardInterrupt
[behavior_server-10] [INFO] [1789656995.495758988] [behavior_server]: Destroying bond (behavior_server) to lifecycle manager.
[robot_state_publisher-2] [INFO] [1789656995.499642240] [rclcpp]: signal_handler(signum=2)
[controller_server-8] [INFO] [1789656995.499750616] [controller_server]: Cleaning up
[controller_server-8] [INFO] [1789656995.499912803] [local_costmap.local_costmap]: Cleaning up
[planner_server-9] [INFO] [1789656995.577713551] [planner_server]: Deactivating plugin GridBased of type NavfnPlanner
[planner_server-9] [INFO] [1789656995.577786120] [planner_server]: Destroying bond (planner_server) to lifecycle manager.
[planner_server-9] [INFO] [1789656995.590987625] [planner_server]: Cleaning up
[map_server-7] [INFO] [1789656995.622797826] [map_server]: Destroying
[waypoint_follower-12] [INFO] [1789656995.679404637] [waypoint_follower]: Destroying bond (waypoint_follower) to lifecycle manager.
[waypoint_follower-12] [INFO] [1789656995.723214798] [waypoint_follower]: Destroying
[planner_server-9] [INFO] [1789656995.760651189] [global_costmap.global_costmap]: Cleaning up
[ERROR] [v30e_sim_node-5]: process has died [pid 217591, exit code -2, cmd '/home/yahboom/swerve_bringup/install/swerve_bringup/lib/swerve_bringup/v30e_sim_node --ros-args -r __node:=v30e_sim_node --params-file /home/yahboom/swerve_bringup/install/swerve_bringup/share/swerve_bringup/config/v30e_sim.yaml --params-file /tmp/launch_params_iqiwumg1'].
[lifecycle_manager-13] [INFO] [1789656995.807444449] [lifecycle_manager_navigation]: Destroying lifecycle_manager_navigation
[ERROR] [swerve_odometry_node-19]: process has died [pid 217917, exit code -2, cmd '/home/yahboom/swerve_bringup/install/swerve_bringup/lib/swerve_bringup/swerve_odometry_node --ros-args -r __node:=swerve_odometry --params-file /home/yahboom/swerve_bringup/install/swerve_bringup/share/swerve_bringup/config/swerve_odometry.yaml --params-file /tmp/launch_params_z255b3oo'].
[INFO] [map_server-7]: process has finished cleanly [pid 217595]
[planner_server-9] [INFO] [1789656995.890516134] [planner_server]: Cleaning up plugin GridBased of type NavfnPlanner
[planner_server-9] [INFO] [1789656995.890648414] [planner_server]: Destroying plugin GridBased of type NavfnPlanner
[behavior_server-10] [INFO] [1789656995.896456107] [behavior_server]: Destroying
[ERROR] [swerve_bridge_node-14]: process has died [pid 217652, exit code -2, cmd '/home/yahboom/swerve_bringup/install/swerve_bridge/lib/swerve_bridge/swerve_bridge_node --ros-args -r __node:=swerve_bridge --params-file /home/yahboom/swerve_bringup/install/swerve_bridge/share/swerve_bridge/config/bridge.yaml --params-file /tmp/launch_params_p3ubw58d'].
[ERROR] [swerve_controller_node-18]: process has died [pid 217915, exit code 1, cmd '/home/yahboom/swerve_bringup/install/swerve_bringup/lib/swerve_bringup/swerve_controller_node --ros-args -r __node:=swerve_controller --params-file /home/yahboom/swerve_bringup/install/swerve_bringup/share/swerve_bringup/config/swerve_controller.yaml --params-file /tmp/launch_params_0knp4mbs'].
[planner_server-9] [INFO] [1789656995.947101114] [planner_server]: Destroying bond (planner_server) to lifecycle manager.
[INFO] [robot_state_publisher-2]: process has finished cleanly [pid 217585]
[controller_server-8] [INFO] [1789656995.982302550] [controller_server]: Destroying bond (controller_server) to lifecycle manager.
[planner_server-9] [INFO] [1789656995.982627111] [global_costmap.global_costmap]: Destroying
[controller_server-8] [INFO] [1789656996.005232459] [local_costmap.local_costmap]: Destroying
[controller_server-8] [INFO] [1789656996.022791104] [controller_server]: Destroying
[planner_server-9] [INFO] [1789656996.033805094] [planner_server]: Destroying
[INFO] [lifecycle_manager-13]: process has finished cleanly [pid 217637]
[INFO] [waypoint_follower-12]: process has finished cleanly [pid 217623]
[bt_navigator-11] [INFO] [1789656996.107672199] [bt_navigator]: Completed Cleaning up
[bt_navigator-11] [INFO] [1789656996.107759633] [bt_navigator]: Destroying bond (bt_navigator) to lifecycle manager.
[bt_navigator-11] [INFO] [1789656996.115745008] [bt_navigator]: Destroying
[INFO] [behavior_server-10]: process has finished cleanly [pid 217612]
[INFO] [planner_server-9]: process has finished cleanly [pid 217608]
[INFO] [controller_server-8]: process has finished cleanly [pid 217599]
[INFO] [bt_navigator-11]: process has finished cleanly [pid 217619]
[INFO] [gzserver-1]: process has finished cleanly [pid 217583]
