[INFO] [launch]: All log files can be found below /home/yahboom/.ros/log/2026-09-17-16-27-28-140143-yahboom-virtual-machine-136428
[INFO] [launch]: Default logging verbosity is set to INFO
[INFO] [gzserver-1]: process started with pid [136456]
[INFO] [robot_state_publisher-2]: process started with pid [136458]
[INFO] [spawn_entity.py-3]: process started with pid [136460]
[INFO] [ekf_node-4]: process started with pid [136462]
[INFO] [v30e_sim_node-5]: process started with pid [136464]
[INFO] [ekf_node-6]: process started with pid [136467]
[INFO] [map_server-7]: process started with pid [136475]
[INFO] [controller_server-8]: process started with pid [136478]
[INFO] [planner_server-9]: process started with pid [136486]
[INFO] [behavior_server-10]: process started with pid [136491]
[INFO] [bt_navigator-11]: process started with pid [136493]
[INFO] [waypoint_follower-12]: process started with pid [136495]
[INFO] [lifecycle_manager-13]: process started with pid [136502]
[INFO] [swerve_bridge_node-14]: process started with pid [136509]
[robot_state_publisher-2] [INFO] [1789633651.336172328] [robot_state_publisher]: got segment base_footprint
[robot_state_publisher-2] [INFO] [1789633651.371237426] [robot_state_publisher]: got segment base_link
[robot_state_publisher-2] [INFO] [1789633651.378926428] [robot_state_publisher]: got segment imu_link
[robot_state_publisher-2] [INFO] [1789633651.378946776] [robot_state_publisher]: got segment lidar_link
[robot_state_publisher-2] [INFO] [1789633651.378956745] [robot_state_publisher]: got segment steer_front_link
[robot_state_publisher-2] [INFO] [1789633651.378965383] [robot_state_publisher]: got segment steer_rear_link
[robot_state_publisher-2] [INFO] [1789633651.378973113] [robot_state_publisher]: got segment v30e_link
[robot_state_publisher-2] [INFO] [1789633651.378980520] [robot_state_publisher]: got segment wheel_front_drive_link
[robot_state_publisher-2] [INFO] [1789633651.378988204] [robot_state_publisher]: got segment wheel_front_left_link
[robot_state_publisher-2] [INFO] [1789633651.378995949] [robot_state_publisher]: got segment wheel_front_right_link
[robot_state_publisher-2] [INFO] [1789633651.379003720] [robot_state_publisher]: got segment wheel_rear_drive_link
[robot_state_publisher-2] [INFO] [1789633651.379011422] [robot_state_publisher]: got segment wheel_rear_left_link
[robot_state_publisher-2] [INFO] [1789633651.379018906] [robot_state_publisher]: got segment wheel_rear_right_link
[lifecycle_manager-13] [INFO] [1789633651.548159040] [lifecycle_manager_navigation]: Creating
[lifecycle_manager-13] [INFO] [1789633651.568892201] [lifecycle_manager_navigation]: [34m[1mCreating and initializing lifecycle service clients[0m[0m
[map_server-7] [INFO] [1789633651.686159087] [map_server]: 
[map_server-7] 	map_server lifecycle node launched. 
[map_server-7] 	Waiting on external lifecycle transitions to activate
[map_server-7] 	See https://design.ros2.org/articles/node_lifecycle.html for more information.
[map_server-7] [INFO] [1789633651.686338316] [map_server]: Creating
[controller_server-8] [INFO] [1789633651.728726636] [controller_server]: 
[controller_server-8] 	controller_server lifecycle node launched. 
[controller_server-8] 	Waiting on external lifecycle transitions to activate
[controller_server-8] 	See https://design.ros2.org/articles/node_lifecycle.html for more information.
[planner_server-9] [INFO] [1789633651.737658783] [planner_server]: 
[planner_server-9] 	planner_server lifecycle node launched. 
[planner_server-9] 	Waiting on external lifecycle transitions to activate
[planner_server-9] 	See https://design.ros2.org/articles/node_lifecycle.html for more information.
[planner_server-9] [INFO] [1789633651.744194568] [planner_server]: Creating
[bt_navigator-11] [INFO] [1789633651.752536835] [bt_navigator]: 
[bt_navigator-11] 	bt_navigator lifecycle node launched. 
[bt_navigator-11] 	Waiting on external lifecycle transitions to activate
[bt_navigator-11] 	See https://design.ros2.org/articles/node_lifecycle.html for more information.
[bt_navigator-11] [INFO] [1789633651.752713831] [bt_navigator]: Creating
[waypoint_follower-12] [INFO] [1789633651.755916664] [waypoint_follower]: 
[waypoint_follower-12] 	waypoint_follower lifecycle node launched. 
[waypoint_follower-12] 	Waiting on external lifecycle transitions to activate
[waypoint_follower-12] 	See https://design.ros2.org/articles/node_lifecycle.html for more information.
[waypoint_follower-12] [INFO] [1789633651.756470685] [waypoint_follower]: Creating
[controller_server-8] [INFO] [1789633651.779319848] [controller_server]: Creating controller server
[behavior_server-10] [INFO] [1789633651.829354733] [behavior_server]: 
[behavior_server-10] 	behavior_server lifecycle node launched. 
[behavior_server-10] 	Waiting on external lifecycle transitions to activate
[behavior_server-10] 	See https://design.ros2.org/articles/node_lifecycle.html for more information.
[lifecycle_manager-13] [INFO] [1789633651.895640391] [lifecycle_manager_navigation]: [34m[1mStarting managed nodes bringup...[0m[0m
[lifecycle_manager-13] [INFO] [1789633651.895714114] [lifecycle_manager_navigation]: [34m[1mConfiguring map_server[0m[0m
[map_server-7] [INFO] [1789633651.908761840] [map_server]: Configuring
[map_server-7] [INFO] [1789633651.913060089] [map_io]: Loading yaml file: /home/yahboom/swerve_bringup/install/swerve_bringup/share/swerve_bringup/swerve_navigation/maps/warehouse.yaml
[map_server-7] [INFO] [1789633651.913381253] [map_io]: resolution: 0.05
[map_server-7] [INFO] [1789633651.913398409] [map_io]: origin[0]: -17.2
[map_server-7] [INFO] [1789633651.913407134] [map_io]: origin[1]: -17.4
[map_server-7] [INFO] [1789633651.913412428] [map_io]: origin[2]: 0
[map_server-7] [INFO] [1789633651.913417970] [map_io]: free_thresh: 0.25
[map_server-7] [INFO] [1789633651.913704491] [map_io]: occupied_thresh: 0.65
[map_server-7] [INFO] [1789633651.913722781] [map_io]: mode: trinary
[map_server-7] [INFO] [1789633651.913729327] [map_io]: negate: 0
[map_server-7] [INFO] [1789633651.914005544] [map_io]: Loading image_file: /home/yahboom/swerve_bringup/install/swerve_bringup/share/swerve_bringup/swerve_navigation/maps/warehouse.pgm
[swerve_bridge_node-14] Traceback (most recent call last):
[swerve_bridge_node-14]   File "/home/yahboom/swerve_bringup/install/swerve_bridge/lib/swerve_bridge/swerve_bridge_node", line 33, in <module>
[swerve_bridge_node-14]     sys.exit(load_entry_point('swerve-bridge', 'console_scripts', 'swerve_bridge_node')())
[swerve_bridge_node-14]   File "/home/yahboom/swerve_bringup/install/swerve_bridge/lib/swerve_bridge/swerve_bridge_node", line 22, in importlib_load_entry_point
[swerve_bridge_node-14]     for entry_point in distribution(dist_name).entry_points
[swerve_bridge_node-14]   File "/usr/lib/python3.10/importlib/metadata/__init__.py", line 969, in distribution
[swerve_bridge_node-14]     return Distribution.from_name(distribution_name)
[swerve_bridge_node-14]   File "/usr/lib/python3.10/importlib/metadata/__init__.py", line 548, in from_name
[swerve_bridge_node-14]     raise PackageNotFoundError(name)
[swerve_bridge_node-14] importlib.metadata.PackageNotFoundError: No package metadata was found for swerve-bridge
[ERROR] [swerve_bridge_node-14]: process has died [pid 136509, exit code 1, cmd '/home/yahboom/swerve_bringup/install/swerve_bridge/lib/swerve_bridge/swerve_bridge_node --ros-args -r __node:=swerve_bridge --params-file /home/yahboom/swerve_bringup/install/swerve_bridge/share/swerve_bridge/config/bridge.yaml --params-file /tmp/launch_params_3k89gkpt'].
[planner_server-9] [INFO] [1789633651.988695423] [global_costmap.global_costmap]: 
[planner_server-9] 	global_costmap lifecycle node launched. 
[planner_server-9] 	Waiting on external lifecycle transitions to activate
[planner_server-9] 	See https://design.ros2.org/articles/node_lifecycle.html for more information.
[planner_server-9] [INFO] [1789633651.993469167] [global_costmap.global_costmap]: Creating Costmap
[map_server-7] [INFO] [1789633652.046087419] [map_io]: Read map /home/yahboom/swerve_bringup/install/swerve_bringup/share/swerve_bringup/swerve_navigation/maps/warehouse.pgm: 676 X 680 map @ 0.05 m/cell
[controller_server-8] [INFO] [1789633652.109577236] [local_costmap.local_costmap]: 
[controller_server-8] 	local_costmap lifecycle node launched. 
[controller_server-8] 	Waiting on external lifecycle transitions to activate
[controller_server-8] 	See https://design.ros2.org/articles/node_lifecycle.html for more information.
[controller_server-8] [INFO] [1789633652.110140913] [local_costmap.local_costmap]: Creating Costmap
[lifecycle_manager-13] [INFO] [1789633652.126906963] [lifecycle_manager_navigation]: [34m[1mConfiguring controller_server[0m[0m
[controller_server-8] [INFO] [1789633652.135917551] [controller_server]: Configuring controller interface
[controller_server-8] [INFO] [1789633652.136338886] [controller_server]: getting goal checker plugins..
[controller_server-8] [INFO] [1789633652.136511043] [controller_server]: Controller frequency set to 10.0000Hz
[controller_server-8] [INFO] [1789633652.136579624] [local_costmap.local_costmap]: Configuring
[controller_server-8] [INFO] [1789633652.165769761] [local_costmap.local_costmap]: Using plugin "voxel_layer"
[controller_server-8] [INFO] [1789633652.187576970] [local_costmap.local_costmap]: Subscribed to Topics: lidar3d scan
[controller_server-8] [INFO] [1789633652.272141764] [local_costmap.local_costmap]: Initialized plugin "voxel_layer"
[controller_server-8] [INFO] [1789633652.272192171] [local_costmap.local_costmap]: Using plugin "inflation_layer"
[controller_server-8] [INFO] [1789633652.283381544] [local_costmap.local_costmap]: Initialized plugin "inflation_layer"
[controller_server-8] [INFO] [1789633652.408817687] [controller_server]: Created progress_checker : progress_checker of type nav2_controller::SimpleProgressChecker
[controller_server-8] [INFO] [1789633652.428332858] [controller_server]: Created goal checker : general_goal_checker of type nav2_controller::SimpleGoalChecker
[controller_server-8] [INFO] [1789633652.428668455] [controller_server]: Controller Server has general_goal_checker  goal checkers available.
[controller_server-8] [INFO] [1789633652.434202103] [controller_server]: Created controller : FollowPath of type dwb_core::DWBLocalPlanner
[controller_server-8] [INFO] [1789633652.440811465] [controller_server]: Setting transform_tolerance to 0.200000
[controller_server-8] [INFO] [1789633652.500237407] [controller_server]: Using critic "RotateToGoal" (dwb_critics::RotateToGoalCritic)
[controller_server-8] [INFO] [1789633652.505465660] [controller_server]: Critic plugin initialized
[controller_server-8] [INFO] [1789633652.510697679] [controller_server]: Using critic "Oscillation" (dwb_critics::OscillationCritic)
[controller_server-8] [INFO] [1789633652.519402819] [controller_server]: Critic plugin initialized
[controller_server-8] [INFO] [1789633652.519574773] [controller_server]: Using critic "BaseObstacle" (dwb_critics::BaseObstacleCritic)
[controller_server-8] [INFO] [1789633652.519694530] [controller_server]: Critic plugin initialized
[controller_server-8] [INFO] [1789633652.519757055] [controller_server]: Using critic "GoalAlign" (dwb_critics::GoalAlignCritic)
[controller_server-8] [INFO] [1789633652.520165653] [controller_server]: Critic plugin initialized
[controller_server-8] [INFO] [1789633652.520226162] [controller_server]: Using critic "PathAlign" (dwb_critics::PathAlignCritic)
[controller_server-8] [INFO] [1789633652.520617616] [controller_server]: Critic plugin initialized
[controller_server-8] [INFO] [1789633652.520675942] [controller_server]: Using critic "PathDist" (dwb_critics::PathDistCritic)
[controller_server-8] [INFO] [1789633652.520962163] [controller_server]: Critic plugin initialized
[controller_server-8] [INFO] [1789633652.521021360] [controller_server]: Using critic "GoalDist" (dwb_critics::GoalDistCritic)
[controller_server-8] [INFO] [1789633652.530190758] [controller_server]: Critic plugin initialized
[controller_server-8] [INFO] [1789633652.530247929] [controller_server]: Controller Server has FollowPath  controllers available.
[lifecycle_manager-13] [INFO] [1789633652.782758619] [lifecycle_manager_navigation]: [34m[1mConfiguring planner_server[0m[0m
[spawn_entity.py-3] [INFO] [1789633652.805459398] [spawn_swerve]: Spawn Entity started
[spawn_entity.py-3] [INFO] [1789633652.805884074] [spawn_swerve]: Loading entity published on topic robot_description
[planner_server-9] [INFO] [1789633652.810101824] [planner_server]: Configuring
[planner_server-9] [INFO] [1789633652.810170137] [global_costmap.global_costmap]: Configuring
[spawn_entity.py-3] [INFO] [1789633652.937975503] [spawn_swerve]: Waiting for entity xml on robot_description
[spawn_entity.py-3] [INFO] [1789633652.957893341] [spawn_swerve]: Waiting for service /spawn_entity, timeout = 30
[spawn_entity.py-3] [INFO] [1789633652.958507635] [spawn_swerve]: Waiting for service /spawn_entity
[planner_server-9] [INFO] [1789633653.020401338] [global_costmap.global_costmap]: Using plugin "static_layer"
[planner_server-9] [INFO] [1789633653.056828432] [global_costmap.global_costmap]: Subscribing to the map topic (/map) with transient local durability
[planner_server-9] [INFO] [1789633653.075810331] [global_costmap.global_costmap]: Initialized plugin "static_layer"
[planner_server-9] [INFO] [1789633653.075860352] [global_costmap.global_costmap]: Using plugin "obstacle_layer"
[planner_server-9] [INFO] [1789633653.079945302] [global_costmap.global_costmap]: Subscribed to Topics: scan
[planner_server-9] [INFO] [1789633653.116949776] [global_costmap.global_costmap]: Initialized plugin "obstacle_layer"
[planner_server-9] [INFO] [1789633653.117026229] [global_costmap.global_costmap]: Using plugin "inflation_layer"
[planner_server-9] [INFO] [1789633653.122245772] [global_costmap.global_costmap]: Initialized plugin "inflation_layer"
[planner_server-9] [INFO] [1789633653.206510415] [planner_server]: Created global planner plugin GridBased of type nav2_navfn_planner/NavfnPlanner
[planner_server-9] [INFO] [1789633653.210278087] [planner_server]: Configuring plugin GridBased of type NavfnPlanner
[planner_server-9] [INFO] [1789633653.210753125] [planner_server]: Planner Server has GridBased  planners available.
[lifecycle_manager-13] [INFO] [1789633653.316690912] [lifecycle_manager_navigation]: [34m[1mConfiguring behavior_server[0m[0m
[behavior_server-10] [INFO] [1789633653.319385784] [behavior_server]: Configuring
[v30e_sim_node-5] [INFO] [1789633653.352620462] [v30e_sim_node]: Using Gazebo /get_entity_state internally; odometry is not a V30E measurement input
[behavior_server-10] [INFO] [1789633653.411452446] [behavior_server]: Creating behavior plugin spin of type nav2_behaviors/Spin
[behavior_server-10] [INFO] [1789633653.412748304] [behavior_server]: Configuring spin
[behavior_server-10] [INFO] [1789633653.474676891] [behavior_server]: Creating behavior plugin backup of type nav2_behaviors/BackUp
[behavior_server-10] [INFO] [1789633653.475616305] [behavior_server]: Configuring backup
[behavior_server-10] [INFO] [1789633653.513630903] [behavior_server]: Creating behavior plugin drive_on_heading of type nav2_behaviors/DriveOnHeading
[behavior_server-10] [INFO] [1789633653.514565444] [behavior_server]: Configuring drive_on_heading
[behavior_server-10] [INFO] [1789633653.570205510] [behavior_server]: Creating behavior plugin wait of type nav2_behaviors/Wait
[behavior_server-10] [INFO] [1789633653.571053379] [behavior_server]: Configuring wait
[lifecycle_manager-13] [INFO] [1789633653.635469593] [lifecycle_manager_navigation]: [34m[1mConfiguring bt_navigator[0m[0m
[bt_navigator-11] [INFO] [1789633653.635998296] [bt_navigator]: Configuring
[lifecycle_manager-13] [INFO] [1789633654.064570197] [lifecycle_manager_navigation]: [34m[1mConfiguring waypoint_follower[0m[0m
[waypoint_follower-12] [INFO] [1789633654.065044188] [waypoint_follower]: Configuring
[waypoint_follower-12] [INFO] [1789633654.137581617] [waypoint_follower]: Created waypoint_task_executor : wait_at_waypoint of type nav2_waypoint_follower::WaitAtWaypoint
[waypoint_follower-12] [INFO] [1789633654.137731738] [waypoint_follower]: Waypoint pause duration is set to zero, disabling task executor plugin.
[lifecycle_manager-13] [INFO] [1789633654.142096966] [lifecycle_manager_navigation]: [34m[1mActivating map_server[0m[0m
[map_server-7] [INFO] [1789633654.144267108] [map_server]: Activating
[map_server-7] [INFO] [1789633654.144848920] [map_server]: Creating bond (map_server) to lifecycle manager.
[planner_server-9] [INFO] [1789633654.146684222] [global_costmap.global_costmap]: StaticLayer: Resizing costmap to 676 X 680 at 0.050000 m/pix
[lifecycle_manager-13] [INFO] [1789633654.257215836] [lifecycle_manager_navigation]: Server map_server connected with bond.
[lifecycle_manager-13] [INFO] [1789633654.257273875] [lifecycle_manager_navigation]: [34m[1mActivating controller_server[0m[0m
[controller_server-8] [INFO] [1789633654.259545263] [controller_server]: Activating
[controller_server-8] [INFO] [1789633654.259610201] [local_costmap.local_costmap]: Activating
[controller_server-8] [INFO] [1789633654.259629038] [local_costmap.local_costmap]: Checking transform
[controller_server-8] [INFO] [1789633654.259664809] [local_costmap.local_costmap]: Timed out waiting for transform from base_footprint to odom to become available, tf error: Invalid frame ID "odom" passed to canTransform argument target_frame - frame does not exist
[controller_server-8] [INFO] [1789633654.759778403] [local_costmap.local_costmap]: Timed out waiting for transform from base_footprint to odom to become available, tf error: Invalid frame ID "odom" passed to canTransform argument target_frame - frame does not exist
[controller_server-8] [INFO] [1789633655.260148889] [local_costmap.local_costmap]: Timed out waiting for transform from base_footprint to odom to become available, tf error: Invalid frame ID "odom" passed to canTransform argument target_frame - frame does not exist
[controller_server-8] [INFO] [1789633655.760310676] [local_costmap.local_costmap]: Timed out waiting for transform from base_footprint to odom to become available, tf error: Invalid frame ID "odom" passed to canTransform argument target_frame - frame does not exist
[controller_server-8] [INFO] [1789633656.261033175] [local_costmap.local_costmap]: Timed out waiting for transform from base_footprint to odom to become available, tf error: Invalid frame ID "odom" passed to canTransform argument target_frame - frame does not exist
[controller_server-8] [INFO] [1789633656.761888374] [local_costmap.local_costmap]: Timed out waiting for transform from base_footprint to odom to become available, tf error: Invalid frame ID "odom" passed to canTransform argument target_frame - frame does not exist
[controller_server-8] [INFO] [1789633657.260678302] [local_costmap.local_costmap]: Timed out waiting for transform from base_footprint to odom to become available, tf error: Invalid frame ID "odom" passed to canTransform argument target_frame - frame does not exist
[controller_server-8] [INFO] [1789633657.761810122] [local_costmap.local_costmap]: Timed out waiting for transform from base_footprint to odom to become available, tf error: Invalid frame ID "odom" passed to canTransform argument target_frame - frame does not exist
[controller_server-8] [INFO] [1789633658.262140047] [local_costmap.local_costmap]: Timed out waiting for transform from base_footprint to odom to become available, tf error: Invalid frame ID "odom" passed to canTransform argument target_frame - frame does not exist
[controller_server-8] [INFO] [1789633658.765384308] [local_costmap.local_costmap]: Timed out waiting for transform from base_footprint to odom to become available, tf error: Invalid frame ID "odom" passed to canTransform argument target_frame - frame does not exist
[spawn_entity.py-3] [INFO] [1789633659.061066375] [spawn_swerve]: Calling service /spawn_entity
[gzserver-1] [INFO] [1789633659.198496451] [gazebo_ros_state]: Publishing states of gazebo models at [/model_states]
[gzserver-1] [INFO] [1789633659.208531770] [gazebo_ros_state]: Publishing states of gazebo links at [/link_states]
[controller_server-8] [INFO] [1789633659.260194298] [local_costmap.local_costmap]: Timed out waiting for transform from base_footprint to odom to become available, tf error: Invalid frame ID "odom" passed to canTransform argument target_frame - frame does not exist
[gzserver-1] [INFO] [1789633659.696912299] [imu.imu_ros]: <initial_orientation_as_reference> is unset, using default value of false to comply with REP 145 (world as orientation reference)
[controller_server-8] [INFO] [1789633659.759803451] [local_costmap.local_costmap]: Timed out waiting for transform from base_footprint to odom to become available, tf error: Invalid frame ID "odom" passed to canTransform argument target_frame - frame does not exist
[controller_server-8] [INFO] [1789633660.261371307] [local_costmap.local_costmap]: Timed out waiting for transform from base_footprint to odom to become available, tf error: Invalid frame ID "odom" passed to canTransform argument target_frame - frame does not exist
[controller_server-8] [INFO] [1789633660.760453069] [local_costmap.local_costmap]: Timed out waiting for transform from base_footprint to odom to become available, tf error: Invalid frame ID "odom" passed to canTransform argument target_frame - frame does not exist
[controller_server-8] [INFO] [1789633661.260239872] [local_costmap.local_costmap]: Timed out waiting for transform from base_footprint to odom to become available, tf error: Invalid frame ID "odom" passed to canTransform argument target_frame - frame does not exist
[controller_server-8] [INFO] [1789633661.761236345] [local_costmap.local_costmap]: Timed out waiting for transform from base_footprint to odom to become available, tf error: Invalid frame ID "odom" passed to canTransform argument target_frame - frame does not exist
[controller_server-8] [INFO] [1789633662.260126311] [local_costmap.local_costmap]: Timed out waiting for transform from base_footprint to odom to become available, tf error: Invalid frame ID "odom" passed to canTransform argument target_frame - frame does not exist
[controller_server-8] [INFO] [1789633662.762256977] [local_costmap.local_costmap]: Timed out waiting for transform from base_footprint to odom to become available, tf error: Invalid frame ID "odom" passed to canTransform argument target_frame - frame does not exist
[controller_server-8] [INFO] [1789633663.260828279] [local_costmap.local_costmap]: Timed out waiting for transform from base_footprint to odom to become available, tf error: Invalid frame ID "odom" passed to canTransform argument target_frame - frame does not exist
[controller_server-8] [INFO] [1789633663.762556090] [local_costmap.local_costmap]: Timed out waiting for transform from base_footprint to odom to become available, tf error: Invalid frame ID "odom" passed to canTransform argument target_frame - frame does not exist
[controller_server-8] [INFO] [1789633664.265117718] [local_costmap.local_costmap]: Timed out waiting for transform from base_footprint to odom to become available, tf error: Invalid frame ID "odom" passed to canTransform argument target_frame - frame does not exist
[controller_server-8] [INFO] [1789633664.760074128] [local_costmap.local_costmap]: Timed out waiting for transform from base_footprint to odom to become available, tf error: Invalid frame ID "odom" passed to canTransform argument target_frame - frame does not exist
[controller_server-8] [INFO] [1789633665.261242723] [local_costmap.local_costmap]: Timed out waiting for transform from base_footprint to odom to become available, tf error: Invalid frame ID "odom" passed to canTransform argument target_frame - frame does not exist
[controller_server-8] [INFO] [1789633665.759842901] [local_costmap.local_costmap]: Timed out waiting for transform from base_footprint to odom to become available, tf error: Invalid frame ID "odom" passed to canTransform argument target_frame - frame does not exist
[controller_server-8] [INFO] [1789633666.260427732] [local_costmap.local_costmap]: Timed out waiting for transform from base_footprint to odom to become available, tf error: Invalid frame ID "odom" passed to canTransform argument target_frame - frame does not exist
[controller_server-8] [INFO] [1789633666.760909162] [local_costmap.local_costmap]: Timed out waiting for transform from base_footprint to odom to become available, tf error: Invalid frame ID "odom" passed to canTransform argument target_frame - frame does not exist
[controller_server-8] [INFO] [1789633667.259904672] [local_costmap.local_costmap]: Timed out waiting for transform from base_footprint to odom to become available, tf error: Invalid frame ID "odom" passed to canTransform argument target_frame - frame does not exist
[controller_server-8] [INFO] [1789633667.760294637] [local_costmap.local_costmap]: Timed out waiting for transform from base_footprint to odom to become available, tf error: Invalid frame ID "odom" passed to canTransform argument target_frame - frame does not exist
[controller_server-8] [INFO] [1789633668.259818475] [local_costmap.local_costmap]: Timed out waiting for transform from base_footprint to odom to become available, tf error: Invalid frame ID "odom" passed to canTransform argument target_frame - frame does not exist
[controller_server-8] [INFO] [1789633668.760103916] [local_costmap.local_costmap]: Timed out waiting for transform from base_footprint to odom to become available, tf error: Invalid frame ID "odom" passed to canTransform argument target_frame - frame does not exist
[controller_server-8] [INFO] [1789633669.290181439] [local_costmap.local_costmap]: Timed out waiting for transform from base_footprint to odom to become available, tf error: Invalid frame ID "odom" passed to canTransform argument target_frame - frame does not exist
[controller_server-8] [INFO] [1789633669.760068449] [local_costmap.local_costmap]: Timed out waiting for transform from base_footprint to odom to become available, tf error: Invalid frame ID "odom" passed to canTransform argument target_frame - frame does not exist
[controller_server-8] [INFO] [1789633670.259724971] [local_costmap.local_costmap]: Timed out waiting for transform from base_footprint to odom to become available, tf error: Invalid frame ID "odom" passed to canTransform argument target_frame - frame does not exist
[controller_server-8] [INFO] [1789633670.760611442] [local_costmap.local_costmap]: Timed out waiting for transform from base_footprint to odom to become available, tf error: Invalid frame ID "odom" passed to canTransform argument target_frame - frame does not exist
[controller_server-8] [INFO] [1789633671.259862605] [local_costmap.local_costmap]: Timed out waiting for transform from base_footprint to odom to become available, tf error: Invalid frame ID "odom" passed to canTransform argument target_frame - frame does not exist
[controller_server-8] [INFO] [1789633671.760419483] [local_costmap.local_costmap]: Timed out waiting for transform from base_footprint to odom to become available, tf error: Invalid frame ID "odom" passed to canTransform argument target_frame - frame does not exist
[controller_server-8] [INFO] [1789633672.259967045] [local_costmap.local_costmap]: Timed out waiting for transform from base_footprint to odom to become available, tf error: Invalid frame ID "odom" passed to canTransform argument target_frame - frame does not exist
[controller_server-8] [INFO] [1789633672.761382743] [local_costmap.local_costmap]: Timed out waiting for transform from base_footprint to odom to become available, tf error: Invalid frame ID "odom" passed to canTransform argument target_frame - frame does not exist
[controller_server-8] [INFO] [1789633673.260901465] [local_costmap.local_costmap]: Timed out waiting for transform from base_footprint to odom to become available, tf error: Invalid frame ID "odom" passed to canTransform argument target_frame - frame does not exist
[controller_server-8] [INFO] [1789633673.763489612] [local_costmap.local_costmap]: Timed out waiting for transform from base_footprint to odom to become available, tf error: Invalid frame ID "odom" passed to canTransform argument target_frame - frame does not exist
[controller_server-8] [INFO] [1789633674.260065074] [local_costmap.local_costmap]: Timed out waiting for transform from base_footprint to odom to become available, tf error: Invalid frame ID "odom" passed to canTransform argument target_frame - frame does not exist
[spawn_entity.py-3] [INFO] [1789633674.643925491] [spawn_swerve]: Spawn status: SpawnEntity: Successfully spawned entity [swerve_base]
[controller_server-8] [INFO] [1789633674.761535838] [local_costmap.local_costmap]: Timed out waiting for transform from base_footprint to odom to become available, tf error: Invalid frame ID "odom" passed to canTransform argument target_frame - frame does not exist
[gzserver-1] [INFO] [1789633674.820873913] [gazebo_ros2_control]: Loading gazebo_ros2_control plugin
[gzserver-1] [INFO] [1789633674.905504810] [gazebo_ros2_control]: Starting gazebo_ros2_control plugin in namespace: /
[gzserver-1] [INFO] [1789633674.905653279] [gazebo_ros2_control]: Starting gazebo_ros2_control plugin in ros 2 node: gazebo_ros2_control
[INFO] [spawn_entity.py-3]: process has finished cleanly [pid 136460]
[gzserver-1] [INFO] [1789633674.994682312] [gazebo_ros2_control]: connected to service!! robot_state_publisher
[INFO] [spawner-15]: process started with pid [137066]
[gzserver-1] [INFO] [1789633675.006488681] [gazebo_ros2_control]: Received urdf from param server, parsing...
[gzserver-1] [INFO] [1789633675.012745805] [gazebo_ros2_control]: Loading parameter files /home/yahboom/swerve_bringup/install/swerve_bringup/share/swerve_bringup/config/controllers.yaml
[gzserver-1] [INFO] [1789633675.051623707] [gazebo_ros2_control]: Loading joint: steer_front_joint
[gzserver-1] [INFO] [1789633675.051687127] [gazebo_ros2_control]: 	State:
[gzserver-1] [INFO] [1789633675.051701059] [gazebo_ros2_control]: 		 position
[gzserver-1] [INFO] [1789633675.051713718] [gazebo_ros2_control]: 		 velocity
[gzserver-1] [INFO] [1789633675.051723761] [gazebo_ros2_control]: 	Command:
[gzserver-1] [INFO] [1789633675.051732864] [gazebo_ros2_control]: 		 position
[gzserver-1] [INFO] [1789633675.060923680] [gazebo_ros2_control]: Loading joint: steer_rear_joint
[gzserver-1] [INFO] [1789633675.060977026] [gazebo_ros2_control]: 	State:
[gzserver-1] [INFO] [1789633675.060989760] [gazebo_ros2_control]: 		 position
[gzserver-1] [INFO] [1789633675.061000413] [gazebo_ros2_control]: 		 velocity
[gzserver-1] [INFO] [1789633675.061009591] [gazebo_ros2_control]: 	Command:
[gzserver-1] [INFO] [1789633675.061018179] [gazebo_ros2_control]: 		 position
[gzserver-1] [INFO] [1789633675.061260247] [gazebo_ros2_control]: Loading joint: wheel_front_drive_joint
[gzserver-1] [INFO] [1789633675.061287003] [gazebo_ros2_control]: 	State:
[gzserver-1] [INFO] [1789633675.061296332] [gazebo_ros2_control]: 		 position
[gzserver-1] [INFO] [1789633675.061305773] [gazebo_ros2_control]: 		 velocity
[gzserver-1] [INFO] [1789633675.061314320] [gazebo_ros2_control]: 	Command:
[gzserver-1] [INFO] [1789633675.061326675] [gazebo_ros2_control]: 		 velocity
[gzserver-1] [INFO] [1789633675.069947079] [gazebo_ros2_control]: Loading joint: wheel_rear_drive_joint
[gzserver-1] [INFO] [1789633675.070762146] [gazebo_ros2_control]: 	State:
[gzserver-1] [INFO] [1789633675.070782889] [gazebo_ros2_control]: 		 position
[gzserver-1] [INFO] [1789633675.070793481] [gazebo_ros2_control]: 		 velocity
[gzserver-1] [INFO] [1789633675.070802265] [gazebo_ros2_control]: 	Command:
[gzserver-1] [INFO] [1789633675.070829524] [gazebo_ros2_control]: 		 velocity
[gzserver-1] [INFO] [1789633675.079521180] [resource_manager]: Initialize hardware 'GazeboSystem' 
[gzserver-1] [INFO] [1789633675.079827400] [resource_manager]: Successful initialization of hardware 'GazeboSystem'
[gzserver-1] [INFO] [1789633675.079970912] [resource_manager]: 'configure' hardware 'GazeboSystem' 
[gzserver-1] [INFO] [1789633675.079985745] [resource_manager]: Successful 'configure' of hardware 'GazeboSystem'
[gzserver-1] [INFO] [1789633675.079993299] [resource_manager]: 'activate' hardware 'GazeboSystem' 
[gzserver-1] [INFO] [1789633675.080000064] [resource_manager]: Successful 'activate' of hardware 'GazeboSystem'
[gzserver-1] [INFO] [1789633675.080107298] [gazebo_ros2_control]: Loading controller_manager
[controller_server-8] [INFO] [1789633675.259928017] [local_costmap.local_costmap]: Timed out waiting for transform from base_footprint to odom to become available, tf error: Invalid frame ID "odom" passed to canTransform argument target_frame - frame does not exist
[gzserver-1] [WARN] [1789633675.313119162] [gazebo_ros2_control]:  Desired controller update period (0.01 s) is slower than the gazebo simulation period (0.001 s).
[gzserver-1] [INFO] [1789633675.317459351] [gazebo_ros2_control]: Loaded gazebo_ros2_control.
[controller_server-8] [INFO] [1789633675.760491484] [local_costmap.local_costmap]: start
[controller_server-8] [INFO] [1789633675.944421689] [controller_server]: Creating bond (controller_server) to lifecycle manager.
[lifecycle_manager-13] [INFO] [1789633676.221284370] [lifecycle_manager_navigation]: Server controller_server connected with bond.
[lifecycle_manager-13] [INFO] [1789633676.233897388] [lifecycle_manager_navigation]: [34m[1mActivating planner_server[0m[0m
[planner_server-9] [INFO] [1789633676.236879552] [planner_server]: Activating
[planner_server-9] [INFO] [1789633676.236936238] [global_costmap.global_costmap]: Activating
[planner_server-9] [INFO] [1789633676.236956071] [global_costmap.global_costmap]: Checking transform
[planner_server-9] [INFO] [1789633676.237078747] [global_costmap.global_costmap]: start
[spawner-15] [INFO] [1789633676.398720876] [spawn_joint_state_broadcaster]: waiting for service /controller_manager/list_controllers to become available...
[gzserver-1] [WARN] [1789633676.763253294] [controller_manager.rclcpp]: failed to send response to /controller_manager/list_controllers (timeout): client will not receive response, at ./src/rmw_response.cpp:154, at ./src/rcl/service.c:314
[planner_server-9] [INFO] [1789633676.792975367] [planner_server]: Activating plugin GridBased of type NavfnPlanner
[planner_server-9] [INFO] [1789633676.816094674] [planner_server]: Creating bond (planner_server) to lifecycle manager.
[lifecycle_manager-13] [INFO] [1789633677.025433965] [lifecycle_manager_navigation]: Server planner_server connected with bond.
[lifecycle_manager-13] [INFO] [1789633677.025501566] [lifecycle_manager_navigation]: [34m[1mActivating behavior_server[0m[0m
[behavior_server-10] [INFO] [1789633677.027255832] [behavior_server]: Activating
[behavior_server-10] [INFO] [1789633677.027322478] [behavior_server]: Activating spin
[behavior_server-10] [INFO] [1789633677.027343225] [behavior_server]: Activating backup
[behavior_server-10] [INFO] [1789633677.027355495] [behavior_server]: Activating drive_on_heading
[behavior_server-10] [INFO] [1789633677.027366177] [behavior_server]: Activating wait
[behavior_server-10] [INFO] [1789633677.027382127] [behavior_server]: Creating bond (behavior_server) to lifecycle manager.
[lifecycle_manager-13] [INFO] [1789633677.147109693] [lifecycle_manager_navigation]: Server behavior_server connected with bond.
[lifecycle_manager-13] [INFO] [1789633677.147181765] [lifecycle_manager_navigation]: [34m[1mActivating bt_navigator[0m[0m
[bt_navigator-11] [INFO] [1789633677.148783105] [bt_navigator]: Activating
[bt_navigator-11] [INFO] [1789633677.911439924] [bt_navigator]: Creating bond (bt_navigator) to lifecycle manager.
[lifecycle_manager-13] [INFO] [1789633678.081497300] [lifecycle_manager_navigation]: Server bt_navigator connected with bond.
[lifecycle_manager-13] [INFO] [1789633678.081585124] [lifecycle_manager_navigation]: [34m[1mActivating waypoint_follower[0m[0m
[waypoint_follower-12] [INFO] [1789633678.083742996] [waypoint_follower]: Activating
[waypoint_follower-12] [INFO] [1789633678.083816934] [waypoint_follower]: Creating bond (waypoint_follower) to lifecycle manager.
[lifecycle_manager-13] [INFO] [1789633678.212478407] [lifecycle_manager_navigation]: Server waypoint_follower connected with bond.
[lifecycle_manager-13] [INFO] [1789633678.212595177] [lifecycle_manager_navigation]: [34m[1mManaged nodes are active[0m[0m
[lifecycle_manager-13] [INFO] [1789633678.212615911] [lifecycle_manager_navigation]: [34m[1mCreating bond timer...[0m[0m
[spawner-15] [WARN] [1789633686.656428606] [spawn_joint_state_broadcaster]: Failed getting a result from calling /controller_manager/list_controllers in 10.0. (Attempt 1 of 3.)
[gzserver-1] [INFO] [1789633686.672880214] [controller_manager]: Loading controller 'joint_state_broadcaster'
[spawner-15] [INFO] [1789633686.936615217] [spawn_joint_state_broadcaster]: [94mLoaded [1mjoint_state_broadcaster[0m
[gzserver-1] [INFO] [1789633686.952833939] [controller_manager]: Configuring controller 'joint_state_broadcaster'
[gzserver-1] [INFO] [1789633686.953365279] [joint_state_broadcaster]: 'joints' or 'interfaces' parameter is empty. All available state interfaces will be published
[spawner-15] [INFO] [1789633687.074481463] [spawn_joint_state_broadcaster]: [92mConfigured and activated [1mjoint_state_broadcaster[0m
[INFO] [spawner-15]: process has finished cleanly [pid 137066]
[INFO] [spawner-16]: process started with pid [137158]
[spawner-16] [INFO] [1789633688.731211817] [spawn_steering_controller]: waiting for service /controller_manager/list_controllers to become available...
[gzserver-1] [INFO] [1789633688.998371310] [controller_manager]: Loading controller 'steering_controller'
[spawner-16] [INFO] [1789633689.225001232] [spawn_steering_controller]: [94mLoaded [1msteering_controller[0m
[gzserver-1] [INFO] [1789633689.240983219] [controller_manager]: Configuring controller 'steering_controller'
[gzserver-1] [INFO] [1789633689.253033351] [steering_controller]: configure successful
[gzserver-1] [INFO] [1789633689.269910896] [steering_controller]: activate successful
[spawner-16] [INFO] [1789633689.308161249] [spawn_steering_controller]: [92mConfigured and activated [1msteering_controller[0m
[INFO] [spawner-16]: process has finished cleanly [pid 137158]
[INFO] [spawner-17]: process started with pid [137170]
[spawner-17] [INFO] [1789633692.082858765] [spawn_drive_controller]: waiting for service /controller_manager/list_controllers to become available...
[gzserver-1] [INFO] [1789633692.916720819] [controller_manager]: Loading controller 'drive_controller'
[spawner-17] [INFO] [1789633693.348546304] [spawn_drive_controller]: [94mLoaded [1mdrive_controller[0m
[gzserver-1] [INFO] [1789633693.369605840] [controller_manager]: Configuring controller 'drive_controller'
[gzserver-1] [INFO] [1789633693.387549961] [drive_controller]: configure successful
[gzserver-1] [INFO] [1789633693.404378546] [drive_controller]: activate successful
[spawner-17] [INFO] [1789633693.421308972] [spawn_drive_controller]: [92mConfigured and activated [1mdrive_controller[0m
[INFO] [spawner-17]: process has finished cleanly [pid 137170]
[INFO] [swerve_controller_node-18]: process started with pid [137182]
[INFO] [swerve_odometry_node-19]: process started with pid [137184]
[swerve_odometry_node-19] [INFO] [1789633695.845886253] [swerve_odometry]: Encoder odometry ready: radius=0.0637 m, velocity_sign=+1.0
[swerve_controller_node-18] [INFO] [1789633695.895631710] [swerve_controller]: Swerve controller ready: radius=0.0675 m, modules={'front': (0.300042, 0.0), 'rear': (-0.300042, 0.0)}
[WARNING] [launch]: user interrupted with ctrl-c (SIGINT)
[controller_server-8] [INFO] [1789633697.652543456] [rclcpp]: signal_handler(signum=2)
[controller_server-8] [INFO] [1789633697.654348887] [controller_server]: Running Nav2 LifecycleNode rcl preshutdown (controller_server)
[controller_server-8] [INFO] [1789633697.654434956] [controller_server]: Deactivating
[controller_server-8] [INFO] [1789633697.654494131] [local_costmap.local_costmap]: Deactivating
[planner_server-9] [INFO] [1789633697.652631335] [rclcpp]: signal_handler(signum=2)
[planner_server-9] [INFO] [1789633697.653463174] [planner_server]: Running Nav2 LifecycleNode rcl preshutdown (planner_server)
[planner_server-9] [INFO] [1789633697.653558313] [planner_server]: Deactivating
[planner_server-9] [INFO] [1789633697.653600600] [global_costmap.global_costmap]: Deactivating
[ekf_node-6] [INFO] [1789633697.653116305] [rclcpp]: signal_handler(signum=2)
[ekf_node-4] [INFO] [1789633697.653676809] [rclcpp]: signal_handler(signum=2)
[robot_state_publisher-2] [INFO] [1789633697.654096187] [rclcpp]: signal_handler(signum=2)
[map_server-7] [INFO] [1789633697.654450135] [rclcpp]: signal_handler(signum=2)
[map_server-7] [INFO] [1789633697.654616062] [map_server]: Running Nav2 LifecycleNode rcl preshutdown (map_server)
[map_server-7] [INFO] [1789633697.654709755] [map_server]: Deactivating
[map_server-7] [INFO] [1789633697.654739563] [map_server]: Destroying bond (map_server) to lifecycle manager.
[waypoint_follower-12] [INFO] [1789633697.654906199] [rclcpp]: signal_handler(signum=2)
[lifecycle_manager-13] [INFO] [1789633697.656028414] [rclcpp]: signal_handler(signum=2)
[INFO] [swerve_odometry_node-19]: sending signal 'SIGINT' to process[swerve_odometry_node-19]
[INFO] [swerve_controller_node-18]: sending signal 'SIGINT' to process[swerve_controller_node-18]
[INFO] [lifecycle_manager-13]: sending signal 'SIGINT' to process[lifecycle_manager-13]
[INFO] [waypoint_follower-12]: sending signal 'SIGINT' to process[waypoint_follower-12]
[INFO] [bt_navigator-11]: sending signal 'SIGINT' to process[bt_navigator-11]
[INFO] [behavior_server-10]: sending signal 'SIGINT' to process[behavior_server-10]
[INFO] [planner_server-9]: sending signal 'SIGINT' to process[planner_server-9]
[INFO] [controller_server-8]: sending signal 'SIGINT' to process[controller_server-8]
[INFO] [map_server-7]: sending signal 'SIGINT' to process[map_server-7]
[INFO] [ekf_node-6]: sending signal 'SIGINT' to process[ekf_node-6]
[INFO] [v30e_sim_node-5]: sending signal 'SIGINT' to process[v30e_sim_node-5]
[INFO] [ekf_node-4]: sending signal 'SIGINT' to process[ekf_node-4]
[INFO] [robot_state_publisher-2]: sending signal 'SIGINT' to process[robot_state_publisher-2]
[INFO] [gzserver-1]: sending signal 'SIGINT' to process[gzserver-1]
[bt_navigator-11] [INFO] [1789633697.660382982] [rclcpp]: signal_handler(signum=2)
[bt_navigator-11] [INFO] [1789633697.662707474] [bt_navigator]: Running Nav2 LifecycleNode rcl preshutdown (bt_navigator)
[bt_navigator-11] [INFO] [1789633697.662832154] [bt_navigator]: Deactivating
[bt_navigator-11] [INFO] [1789633697.662872215] [bt_navigator]: Destroying bond (bt_navigator) to lifecycle manager.
[ERROR] [ekf_node-6]: process has died [pid 136467, exit code -2, cmd '/opt/ros/humble/lib/robot_localization/ekf_node --ros-args -r __node:=ekf_v30e --params-file /home/yahboom/swerve_bringup/install/swerve_bringup/share/swerve_bringup/config/v30e_localization_ekf.yaml --params-file /tmp/launch_params_y7udtft4 -r odometry/filtered:=/odometry/v30e'].
[ERROR] [ekf_node-4]: process has died [pid 136462, exit code -2, cmd '/opt/ros/humble/lib/robot_localization/ekf_node --ros-args -r __node:=ekf_filter_node --params-file /home/yahboom/swerve_bringup/install/swerve_bringup/share/swerve_bringup/config/ekf.yaml --params-file /tmp/launch_params_zoqu3gr0 -r /odom:=/odom -r /imu/data:=/imu/data'].
[behavior_server-10] [INFO] [1789633697.660596932] [rclcpp]: signal_handler(signum=2)
[behavior_server-10] [INFO] [1789633697.663298695] [behavior_server]: Running Nav2 LifecycleNode rcl preshutdown (behavior_server)
[behavior_server-10] [INFO] [1789633697.663377894] [behavior_server]: Deactivating
[behavior_server-10] [INFO] [1789633697.663418223] [behavior_server]: Destroying bond (behavior_server) to lifecycle manager.
[waypoint_follower-12] [INFO] [1789633697.661208322] [waypoint_follower]: Running Nav2 LifecycleNode rcl preshutdown (waypoint_follower)
[waypoint_follower-12] [INFO] [1789633697.663539167] [waypoint_follower]: Deactivating
[waypoint_follower-12] [INFO] [1789633697.663575894] [waypoint_follower]: Destroying bond (waypoint_follower) to lifecycle manager.
[lifecycle_manager-13] [INFO] [1789633697.663771347] [lifecycle_manager_navigation]: Running Nav2 LifecycleManager rcl preshutdown (lifecycle_manager_navigation)
[lifecycle_manager-13] [INFO] [1789633697.669637784] [lifecycle_manager_navigation]: [34m[1mTerminating bond timer...[0m[0m
[map_server-7] [INFO] [1789633697.668487533] [map_server]: Cleaning up
[map_server-7] [INFO] [1789633697.668633429] [map_server]: Destroying bond (map_server) to lifecycle manager.
[swerve_controller_node-18] Traceback (most recent call last):
[swerve_controller_node-18]   File "/home/yahboom/swerve_bringup/install/swerve_bringup/lib/swerve_bringup/swerve_controller_node", line 192, in <module>
[swerve_controller_node-18]     main()
[swerve_controller_node-18]   File "/home/yahboom/swerve_bringup/install/swerve_bringup/lib/swerve_bringup/swerve_controller_node", line 184, in main
[swerve_controller_node-18]     node.steer_pub.publish(Float64MultiArray(data=[
[swerve_controller_node-18]   File "/opt/ros/humble/local/lib/python3.10/dist-packages/rclpy/publisher.py", line 70, in publish
[swerve_controller_node-18]     self.__publisher.publish(msg)
[swerve_controller_node-18] rclpy._rclpy_pybind11.RCLError: Failed to publish: publisher's context is invalid, at ./src/rcl/publisher.c:389
[swerve_controller_node-18] Error in sys.excepthook:
[swerve_controller_node-18] Traceback (most recent call last):
[swerve_controller_node-18]   File "/usr/lib/python3/dist-packages/apport_python_hook.py", line 72, in apport_excepthook
[swerve_controller_node-18]     from apport.fileutils import likely_packaged, get_recent_crashes
[swerve_controller_node-18]   File "/usr/lib/python3/dist-packages/apport/__init__.py", line 5, in <module>
[swerve_controller_node-18]     from apport.report import Report
[swerve_controller_node-18]   File "/usr/lib/python3/dist-packages/apport/report.py", line 21, in <module>
[swerve_controller_node-18]     from urllib.request import urlopen
[swerve_controller_node-18]   File "/usr/lib/python3.10/urllib/request.py", line 88, in <module>
[swerve_controller_node-18]     import http.client
[swerve_controller_node-18]   File "<frozen importlib._bootstrap>", line 1027, in _find_and_load
[swerve_controller_node-18]   File "<frozen importlib._bootstrap>", line 1002, in _find_and_load_unlocked
[swerve_controller_node-18]   File "<frozen importlib._bootstrap>", line 945, in _find_spec
[swerve_controller_node-18]   File "<frozen importlib._bootstrap_external>", line 1439, in find_spec
[swerve_controller_node-18]   File "<frozen importlib._bootstrap_external>", line 1411, in _get_spec
[swerve_controller_node-18]   File "<frozen importlib._bootstrap_external>", line 1577, in find_spec
[swerve_controller_node-18]   File "<frozen importlib._bootstrap_external>", line 159, in _path_isfile
[swerve_controller_node-18] KeyboardInterrupt
[swerve_controller_node-18] 
[swerve_controller_node-18] Original exception was:
[swerve_controller_node-18] Traceback (most recent call last):
[swerve_controller_node-18]   File "/home/yahboom/swerve_bringup/install/swerve_bringup/lib/swerve_bringup/swerve_controller_node", line 192, in <module>
[swerve_controller_node-18]     main()
[swerve_controller_node-18]   File "/home/yahboom/swerve_bringup/install/swerve_bringup/lib/swerve_bringup/swerve_controller_node", line 184, in main
[swerve_controller_node-18]     node.steer_pub.publish(Float64MultiArray(data=[
[swerve_controller_node-18]   File "/opt/ros/humble/local/lib/python3.10/dist-packages/rclpy/publisher.py", line 70, in publish
[swerve_controller_node-18]     self.__publisher.publish(msg)
[swerve_controller_node-18] rclpy._rclpy_pybind11.RCLError: Failed to publish: publisher's context is invalid, at ./src/rcl/publisher.c:389
[swerve_odometry_node-19] Traceback (most recent call last):
[swerve_odometry_node-19]   File "/home/yahboom/swerve_bringup/install/swerve_bringup/lib/swerve_bringup/swerve_odometry_node", line 221, in <module>
[swerve_odometry_node-19]     main()
[swerve_odometry_node-19]   File "/home/yahboom/swerve_bringup/install/swerve_bringup/lib/swerve_bringup/swerve_odometry_node", line 215, in main
[swerve_odometry_node-19]     node.destroy_node()
[swerve_odometry_node-19]   File "/opt/ros/humble/local/lib/python3.10/dist-packages/rclpy/node.py", line 1685, in destroy_node
[swerve_odometry_node-19]     self.destroy_publisher(self._publishers[0])
[swerve_odometry_node-19]   File "/opt/ros/humble/local/lib/python3.10/dist-packages/rclpy/node.py", line 1565, in destroy_publisher
[swerve_odometry_node-19]     publisher.destroy()
[swerve_odometry_node-19]   File "/opt/ros/humble/local/lib/python3.10/dist-packages/rclpy/publisher.py", line 99, in destroy
[swerve_odometry_node-19]     self.__publisher.destroy_when_not_in_use()
[swerve_odometry_node-19] KeyboardInterrupt
[lifecycle_manager-13] [INFO] [1789633697.722952924] [rclcpp]: signal_handler(signum=2)
[waypoint_follower-12] [INFO] [1789633697.738499969] [rclcpp]: signal_handler(signum=2)
[bt_navigator-11] [INFO] [1789633697.743473107] [rclcpp]: signal_handler(signum=2)
[behavior_server-10] [INFO] [1789633697.746741070] [rclcpp]: signal_handler(signum=2)
[planner_server-9] [INFO] [1789633697.748041940] [planner_server]: Deactivating plugin GridBased of type NavfnPlanner
[planner_server-9] [INFO] [1789633697.748139915] [planner_server]: Destroying bond (planner_server) to lifecycle manager.
[planner_server-9] [INFO] [1789633697.752211913] [rclcpp]: signal_handler(signum=2)
[controller_server-8] [INFO] [1789633697.762609222] [rclcpp]: signal_handler(signum=2)
[bt_navigator-11] [INFO] [1789633697.763520065] [bt_navigator]: Cleaning up
[waypoint_follower-12] [INFO] [1789633697.765554935] [waypoint_follower]: Cleaning up
[controller_server-8] [INFO] [1789633697.771077361] [controller_server]: Destroying bond (controller_server) to lifecycle manager.
[map_server-7] [INFO] [1789633697.777744138] [rclcpp]: signal_handler(signum=2)
[robot_state_publisher-2] [INFO] [1789633697.801182586] [rclcpp]: signal_handler(signum=2)
[behavior_server-10] [INFO] [1789633698.797424232] [behavior_server]: Cleaning up
[v30e_sim_node-5] Traceback (most recent call last):
[v30e_sim_node-5]   File "/home/yahboom/swerve_bringup/install/swerve_bringup/lib/swerve_bringup/v30e_sim_node", line 188, in <module>
[v30e_sim_node-5]     if __name__ == '__main__': main()
[v30e_sim_node-5]   File "/home/yahboom/swerve_bringup/install/swerve_bringup/lib/swerve_bringup/v30e_sim_node", line 185, in main
[v30e_sim_node-5]     node.destroy_node(); rclpy.shutdown()
[v30e_sim_node-5]   File "/opt/ros/humble/local/lib/python3.10/dist-packages/rclpy/node.py", line 1685, in destroy_node
[v30e_sim_node-5]     self.destroy_publisher(self._publishers[0])
[v30e_sim_node-5]   File "/opt/ros/humble/local/lib/python3.10/dist-packages/rclpy/node.py", line 1565, in destroy_publisher
[v30e_sim_node-5]     publisher.destroy()
[v30e_sim_node-5]   File "/opt/ros/humble/local/lib/python3.10/dist-packages/rclpy/publisher.py", line 99, in destroy
[v30e_sim_node-5]     self.__publisher.destroy_when_not_in_use()
[v30e_sim_node-5] KeyboardInterrupt
[map_server-7] [INFO] [1789633698.825654581] [map_server]: Destroying
[controller_server-8] [INFO] [1789633698.831983212] [controller_server]: Cleaning up
[controller_server-8] [INFO] [1789633698.832165956] [local_costmap.local_costmap]: Cleaning up
[planner_server-9] [INFO] [1789633698.848391257] [planner_server]: Cleaning up
[waypoint_follower-12] [INFO] [1789633698.866372280] [waypoint_follower]: Destroying bond (waypoint_follower) to lifecycle manager.
[waypoint_follower-12] [INFO] [1789633698.898802771] [waypoint_follower]: Destroying
[planner_server-9] [INFO] [1789633698.983039235] [global_costmap.global_costmap]: Cleaning up
[behavior_server-10] [INFO] [1789633699.011605236] [behavior_server]: Destroying bond (behavior_server) to lifecycle manager.
[INFO] [robot_state_publisher-2]: process has finished cleanly [pid 136458]
[planner_server-9] [INFO] [1789633699.048446608] [planner_server]: Cleaning up plugin GridBased of type NavfnPlanner
[planner_server-9] [INFO] [1789633699.049705071] [planner_server]: Destroying plugin GridBased of type NavfnPlanner
[INFO] [waypoint_follower-12]: process has finished cleanly [pid 136495]
[ERROR] [swerve_odometry_node-19]: process has died [pid 137184, exit code -2, cmd '/home/yahboom/swerve_bringup/install/swerve_bringup/lib/swerve_bringup/swerve_odometry_node --ros-args -r __node:=swerve_odometry --params-file /home/yahboom/swerve_bringup/install/swerve_bringup/share/swerve_bringup/config/swerve_odometry.yaml --params-file /tmp/launch_params_o09j_ui3'].
[INFO] [map_server-7]: process has finished cleanly [pid 136475]
[ERROR] [v30e_sim_node-5]: process has died [pid 136464, exit code -2, cmd '/home/yahboom/swerve_bringup/install/swerve_bringup/lib/swerve_bringup/v30e_sim_node --ros-args -r __node:=v30e_sim_node --params-file /home/yahboom/swerve_bringup/install/swerve_bringup/share/swerve_bringup/config/v30e_sim.yaml --params-file /tmp/launch_params_t0nhpmyi'].
[controller_server-8] [INFO] [1789633699.093456272] [controller_server]: Destroying bond (controller_server) to lifecycle manager.
[behavior_server-10] [INFO] [1789633699.098098283] [behavior_server]: Destroying
[controller_server-8] [INFO] [1789633699.107167943] [local_costmap.local_costmap]: Destroying
[planner_server-9] [INFO] [1789633699.119793664] [planner_server]: Destroying bond (planner_server) to lifecycle manager.
[controller_server-8] [INFO] [1789633699.130635246] [controller_server]: Destroying
[lifecycle_manager-13] [INFO] [1789633699.135123263] [lifecycle_manager_navigation]: Destroying lifecycle_manager_navigation
[planner_server-9] [INFO] [1789633699.138340124] [global_costmap.global_costmap]: Destroying
[ERROR] [swerve_controller_node-18]: process has died [pid 137182, exit code 1, cmd '/home/yahboom/swerve_bringup/install/swerve_bringup/lib/swerve_bringup/swerve_controller_node --ros-args -r __node:=swerve_controller --params-file /home/yahboom/swerve_bringup/install/swerve_bringup/share/swerve_bringup/config/swerve_controller.yaml --params-file /tmp/launch_params_0ivv_0cc'].
[planner_server-9] [INFO] [1789633699.190081351] [planner_server]: Destroying
[INFO] [behavior_server-10]: process has finished cleanly [pid 136491]
[bt_navigator-11] [INFO] [1789633699.234527631] [bt_navigator]: Completed Cleaning up
[bt_navigator-11] [INFO] [1789633699.234629569] [bt_navigator]: Destroying bond (bt_navigator) to lifecycle manager.
[bt_navigator-11] [INFO] [1789633699.246039023] [bt_navigator]: Destroying
[INFO] [lifecycle_manager-13]: process has finished cleanly [pid 136502]
[INFO] [controller_server-8]: process has finished cleanly [pid 136478]
[INFO] [planner_server-9]: process has finished cleanly [pid 136486]
[INFO] [bt_navigator-11]: process has finished cleanly [pid 136493]
[INFO] [gzserver-1]: process has finished cleanly [pid 136456]
