[INFO] [launch]: All log files can be found below /home/yahboom/.ros/log/2026-09-17-17-06-32-292699-yahboom-virtual-machine-155660
[INFO] [launch]: Default logging verbosity is set to INFO
[INFO] [gzserver-1]: process started with pid [155709]
[INFO] [robot_state_publisher-2]: process started with pid [155711]
[INFO] [spawn_entity.py-3]: process started with pid [155713]
[INFO] [ekf_node-4]: process started with pid [155715]
[INFO] [v30e_sim_node-5]: process started with pid [155717]
[INFO] [ekf_node-6]: process started with pid [155719]
[INFO] [map_server-7]: process started with pid [155721]
[INFO] [controller_server-8]: process started with pid [155723]
[INFO] [planner_server-9]: process started with pid [155725]
[INFO] [behavior_server-10]: process started with pid [155727]
[INFO] [bt_navigator-11]: process started with pid [155731]
[INFO] [waypoint_follower-12]: process started with pid [155756]
[INFO] [lifecycle_manager-13]: process started with pid [155760]
[INFO] [swerve_bridge_node-14]: process started with pid [155767]
[planner_server-9] [INFO] [1789635995.244229514] [planner_server]: 
[planner_server-9] 	planner_server lifecycle node launched. 
[planner_server-9] 	Waiting on external lifecycle transitions to activate
[planner_server-9] 	See https://design.ros2.org/articles/node_lifecycle.html for more information.
[planner_server-9] [INFO] [1789635995.256905083] [planner_server]: Creating
[bt_navigator-11] [INFO] [1789635995.559615589] [bt_navigator]: 
[bt_navigator-11] 	bt_navigator lifecycle node launched. 
[bt_navigator-11] 	Waiting on external lifecycle transitions to activate
[bt_navigator-11] 	See https://design.ros2.org/articles/node_lifecycle.html for more information.
[bt_navigator-11] [INFO] [1789635995.559800386] [bt_navigator]: Creating
[planner_server-9] [INFO] [1789635995.631658396] [global_costmap.global_costmap]: 
[planner_server-9] 	global_costmap lifecycle node launched. 
[planner_server-9] 	Waiting on external lifecycle transitions to activate
[planner_server-9] 	See https://design.ros2.org/articles/node_lifecycle.html for more information.
[planner_server-9] [INFO] [1789635995.636889445] [global_costmap.global_costmap]: Creating Costmap
[waypoint_follower-12] [INFO] [1789635995.655432305] [waypoint_follower]: 
[waypoint_follower-12] 	waypoint_follower lifecycle node launched. 
[waypoint_follower-12] 	Waiting on external lifecycle transitions to activate
[waypoint_follower-12] 	See https://design.ros2.org/articles/node_lifecycle.html for more information.
[waypoint_follower-12] [INFO] [1789635995.656054443] [waypoint_follower]: Creating
[controller_server-8] [INFO] [1789635995.827437720] [controller_server]: 
[controller_server-8] 	controller_server lifecycle node launched. 
[controller_server-8] 	Waiting on external lifecycle transitions to activate
[controller_server-8] 	See https://design.ros2.org/articles/node_lifecycle.html for more information.
[controller_server-8] [INFO] [1789635995.858262435] [controller_server]: Creating controller server
[lifecycle_manager-13] [INFO] [1789635995.879399053] [lifecycle_manager_navigation]: Creating
[swerve_bridge_node-14] Traceback (most recent call last):
[swerve_bridge_node-14]   File "/home/yahboom/swerve_bringup/install/swerve_bridge/lib/swerve_bridge/swerve_bridge_node", line 33, in <module>
[swerve_bridge_node-14]     sys.exit(load_entry_point('swerve-bridge', 'console_scripts', 'swerve_bridge_node')())
[swerve_bridge_node-14]   File "/home/yahboom/swerve_bringup/install/swerve_bridge/lib/swerve_bridge/swerve_bridge_node", line 22, in importlib_load_entry_point
[swerve_bridge_node-14]     for entry_point in distribution(dist_name).entry_points
[swerve_bridge_node-14]   File "/usr/lib/python3.10/importlib/metadata/__init__.py", line 969, in distribution
[swerve_bridge_node-14]     return Distribution.from_name(distribution_name)
[swerve_bridge_node-14]   File "/usr/lib/python3.10/importlib/metadata/__init__.py", line 548, in from_name
[swerve_bridge_node-14]     raise PackageNotFoundError(name)
[swerve_bridge_node-14] importlib.metadata.PackageNotFoundError: No package metadata was found for swerve-bridge
[map_server-7] [INFO] [1789635995.926741407] [map_server]: 
[map_server-7] 	map_server lifecycle node launched. 
[map_server-7] 	Waiting on external lifecycle transitions to activate
[map_server-7] 	See https://design.ros2.org/articles/node_lifecycle.html for more information.
[robot_state_publisher-2] [INFO] [1789635995.934492144] [robot_state_publisher]: got segment base_footprint
[robot_state_publisher-2] [INFO] [1789635995.934625399] [robot_state_publisher]: got segment base_link
[robot_state_publisher-2] [INFO] [1789635995.934638484] [robot_state_publisher]: got segment imu_link
[robot_state_publisher-2] [INFO] [1789635995.934646778] [robot_state_publisher]: got segment lidar_link
[robot_state_publisher-2] [INFO] [1789635995.934654256] [robot_state_publisher]: got segment steer_front_link
[robot_state_publisher-2] [INFO] [1789635995.934661722] [robot_state_publisher]: got segment steer_rear_link
[lifecycle_manager-13] [INFO] [1789635995.930427810] [lifecycle_manager_navigation]: [34m[1mCreating and initializing lifecycle service clients[0m[0m
[map_server-7] [INFO] [1789635995.938096327] [map_server]: Creating
[robot_state_publisher-2] [INFO] [1789635995.938642426] [robot_state_publisher]: got segment v30e_link
[robot_state_publisher-2] [INFO] [1789635995.938670195] [robot_state_publisher]: got segment wheel_front_drive_link
[robot_state_publisher-2] [INFO] [1789635995.938679101] [robot_state_publisher]: got segment wheel_front_left_link
[robot_state_publisher-2] [INFO] [1789635995.938686700] [robot_state_publisher]: got segment wheel_front_right_link
[robot_state_publisher-2] [INFO] [1789635995.938693490] [robot_state_publisher]: got segment wheel_rear_drive_link
[robot_state_publisher-2] [INFO] [1789635995.938701408] [robot_state_publisher]: got segment wheel_rear_left_link
[robot_state_publisher-2] [INFO] [1789635995.938708695] [robot_state_publisher]: got segment wheel_rear_right_link
[ERROR] [swerve_bridge_node-14]: process has died [pid 155767, exit code 1, cmd '/home/yahboom/swerve_bringup/install/swerve_bridge/lib/swerve_bridge/swerve_bridge_node --ros-args -r __node:=swerve_bridge --params-file /home/yahboom/swerve_bringup/install/swerve_bridge/share/swerve_bridge/config/bridge.yaml --params-file /tmp/launch_params_0k9n50gy'].
[behavior_server-10] [INFO] [1789635995.970110683] [behavior_server]: 
[behavior_server-10] 	behavior_server lifecycle node launched. 
[behavior_server-10] 	Waiting on external lifecycle transitions to activate
[behavior_server-10] 	See https://design.ros2.org/articles/node_lifecycle.html for more information.
[controller_server-8] [INFO] [1789635996.128651674] [local_costmap.local_costmap]: 
[controller_server-8] 	local_costmap lifecycle node launched. 
[controller_server-8] 	Waiting on external lifecycle transitions to activate
[controller_server-8] 	See https://design.ros2.org/articles/node_lifecycle.html for more information.
[controller_server-8] [INFO] [1789635996.129212302] [local_costmap.local_costmap]: Creating Costmap
[lifecycle_manager-13] [INFO] [1789635996.388183223] [lifecycle_manager_navigation]: [34m[1mStarting managed nodes bringup...[0m[0m
[lifecycle_manager-13] [INFO] [1789635996.388275077] [lifecycle_manager_navigation]: [34m[1mConfiguring map_server[0m[0m
[map_server-7] [INFO] [1789635996.400892234] [map_server]: Configuring
[map_server-7] [INFO] [1789635996.401076090] [map_io]: Loading yaml file: /home/yahboom/swerve_bringup/install/swerve_bringup/share/swerve_bringup/swerve_navigation/maps/warehouse.yaml
[map_server-7] [INFO] [1789635996.401452967] [map_io]: resolution: 0.05
[map_server-7] [INFO] [1789635996.401470802] [map_io]: origin[0]: -17.2
[map_server-7] [INFO] [1789635996.401477245] [map_io]: origin[1]: -17.4
[map_server-7] [INFO] [1789635996.401482756] [map_io]: origin[2]: 0
[map_server-7] [INFO] [1789635996.401488840] [map_io]: free_thresh: 0.25
[map_server-7] [INFO] [1789635996.401494542] [map_io]: occupied_thresh: 0.65
[map_server-7] [INFO] [1789635996.401502540] [map_io]: mode: trinary
[map_server-7] [INFO] [1789635996.401509175] [map_io]: negate: 0
[map_server-7] [INFO] [1789635996.401781898] [map_io]: Loading image_file: /home/yahboom/swerve_bringup/install/swerve_bringup/share/swerve_bringup/swerve_navigation/maps/warehouse.pgm
[map_server-7] [INFO] [1789635996.547245466] [map_io]: Read map /home/yahboom/swerve_bringup/install/swerve_bringup/share/swerve_bringup/swerve_navigation/maps/warehouse.pgm: 676 X 680 map @ 0.05 m/cell
[lifecycle_manager-13] [INFO] [1789635996.659011240] [lifecycle_manager_navigation]: [34m[1mConfiguring controller_server[0m[0m
[controller_server-8] [INFO] [1789635996.679796808] [controller_server]: Configuring controller interface
[controller_server-8] [INFO] [1789635996.715073127] [controller_server]: getting goal checker plugins..
[controller_server-8] [INFO] [1789635996.715213828] [controller_server]: Controller frequency set to 10.0000Hz
[controller_server-8] [INFO] [1789635996.715258126] [local_costmap.local_costmap]: Configuring
[controller_server-8] [INFO] [1789635996.772463096] [local_costmap.local_costmap]: Using plugin "voxel_layer"
[controller_server-8] [INFO] [1789635996.879377536] [local_costmap.local_costmap]: Subscribed to Topics: lidar3d scan
[spawn_entity.py-3] [INFO] [1789635997.059296041] [spawn_swerve]: Spawn Entity started
[spawn_entity.py-3] [INFO] [1789635997.061598627] [spawn_swerve]: Loading entity published on topic robot_description
[spawn_entity.py-3] [INFO] [1789635997.076800340] [spawn_swerve]: Waiting for entity xml on robot_description
[controller_server-8] [INFO] [1789635997.085160326] [local_costmap.local_costmap]: Initialized plugin "voxel_layer"
[controller_server-8] [INFO] [1789635997.085966238] [local_costmap.local_costmap]: Using plugin "inflation_layer"
[controller_server-8] [INFO] [1789635997.106010125] [local_costmap.local_costmap]: Initialized plugin "inflation_layer"
[controller_server-8] [INFO] [1789635997.190129881] [controller_server]: Created progress_checker : progress_checker of type nav2_controller::SimpleProgressChecker
[controller_server-8] [INFO] [1789635997.199978499] [controller_server]: Created goal checker : general_goal_checker of type nav2_controller::SimpleGoalChecker
[controller_server-8] [INFO] [1789635997.200244163] [controller_server]: Controller Server has general_goal_checker  goal checkers available.
[controller_server-8] [INFO] [1789635997.203470310] [controller_server]: Created controller : FollowPath of type dwb_core::DWBLocalPlanner
[controller_server-8] [INFO] [1789635997.209393883] [controller_server]: Setting transform_tolerance to 0.200000
[controller_server-8] [INFO] [1789635997.296358731] [controller_server]: Using critic "RotateToGoal" (dwb_critics::RotateToGoalCritic)
[controller_server-8] [INFO] [1789635997.325413889] [controller_server]: Critic plugin initialized
[controller_server-8] [INFO] [1789635997.325563477] [controller_server]: Using critic "Oscillation" (dwb_critics::OscillationCritic)
[controller_server-8] [INFO] [1789635997.334802606] [controller_server]: Critic plugin initialized
[controller_server-8] [INFO] [1789635997.334945242] [controller_server]: Using critic "BaseObstacle" (dwb_critics::BaseObstacleCritic)
[controller_server-8] [INFO] [1789635997.335032149] [controller_server]: Critic plugin initialized
[controller_server-8] [INFO] [1789635997.335079188] [controller_server]: Using critic "GoalAlign" (dwb_critics::GoalAlignCritic)
[controller_server-8] [INFO] [1789635997.335287213] [controller_server]: Critic plugin initialized
[controller_server-8] [INFO] [1789635997.335333559] [controller_server]: Using critic "PathAlign" (dwb_critics::PathAlignCritic)
[controller_server-8] [INFO] [1789635997.335494685] [controller_server]: Critic plugin initialized
[controller_server-8] [INFO] [1789635997.335531146] [controller_server]: Using critic "PathDist" (dwb_critics::PathDistCritic)
[controller_server-8] [INFO] [1789635997.335658947] [controller_server]: Critic plugin initialized
[controller_server-8] [INFO] [1789635997.335684654] [controller_server]: Using critic "GoalDist" (dwb_critics::GoalDistCritic)
[controller_server-8] [INFO] [1789635997.335831138] [controller_server]: Critic plugin initialized
[controller_server-8] [INFO] [1789635997.335844468] [controller_server]: Controller Server has FollowPath  controllers available.
[v30e_sim_node-5] [INFO] [1789635997.362722017] [v30e_sim_node]: Using Gazebo /get_entity_state internally; odometry is not a V30E measurement input
[lifecycle_manager-13] [INFO] [1789635997.424676922] [lifecycle_manager_navigation]: [34m[1mConfiguring planner_server[0m[0m
[planner_server-9] [INFO] [1789635997.425127133] [planner_server]: Configuring
[planner_server-9] [INFO] [1789635997.425178799] [global_costmap.global_costmap]: Configuring
[planner_server-9] [INFO] [1789635997.491711771] [global_costmap.global_costmap]: Using plugin "static_layer"
[planner_server-9] [INFO] [1789635997.510542775] [global_costmap.global_costmap]: Subscribing to the map topic (/map) with transient local durability
[planner_server-9] [INFO] [1789635997.517065787] [global_costmap.global_costmap]: Initialized plugin "static_layer"
[planner_server-9] [INFO] [1789635997.517120370] [global_costmap.global_costmap]: Using plugin "obstacle_layer"
[planner_server-9] [INFO] [1789635997.525843550] [global_costmap.global_costmap]: Subscribed to Topics: scan
[planner_server-9] [INFO] [1789635997.550499872] [global_costmap.global_costmap]: Initialized plugin "obstacle_layer"
[planner_server-9] [INFO] [1789635997.550554601] [global_costmap.global_costmap]: Using plugin "inflation_layer"
[planner_server-9] [INFO] [1789635997.553860411] [global_costmap.global_costmap]: Initialized plugin "inflation_layer"
[planner_server-9] [INFO] [1789635997.699209036] [planner_server]: Created global planner plugin GridBased of type nav2_navfn_planner/NavfnPlanner
[planner_server-9] [INFO] [1789635997.699510571] [planner_server]: Configuring plugin GridBased of type NavfnPlanner
[planner_server-9] [INFO] [1789635997.711732288] [planner_server]: Planner Server has GridBased  planners available.
[spawn_entity.py-3] [INFO] [1789635997.737783810] [spawn_swerve]: Waiting for service /spawn_entity, timeout = 30
[spawn_entity.py-3] [INFO] [1789635997.742317668] [spawn_swerve]: Waiting for service /spawn_entity
[lifecycle_manager-13] [INFO] [1789635997.814947712] [lifecycle_manager_navigation]: [34m[1mConfiguring behavior_server[0m[0m
[behavior_server-10] [INFO] [1789635997.818513362] [behavior_server]: Configuring
[behavior_server-10] [INFO] [1789635997.883864328] [behavior_server]: Creating behavior plugin spin of type nav2_behaviors/Spin
[behavior_server-10] [INFO] [1789635997.886066049] [behavior_server]: Configuring spin
[behavior_server-10] [INFO] [1789635997.936186246] [behavior_server]: Creating behavior plugin backup of type nav2_behaviors/BackUp
[behavior_server-10] [INFO] [1789635997.937306849] [behavior_server]: Configuring backup
[behavior_server-10] [INFO] [1789635997.970190793] [behavior_server]: Creating behavior plugin drive_on_heading of type nav2_behaviors/DriveOnHeading
[behavior_server-10] [INFO] [1789635997.971056373] [behavior_server]: Configuring drive_on_heading
[behavior_server-10] [INFO] [1789635998.016672863] [behavior_server]: Creating behavior plugin wait of type nav2_behaviors/Wait
[behavior_server-10] [INFO] [1789635998.021307273] [behavior_server]: Configuring wait
[lifecycle_manager-13] [INFO] [1789635998.035830676] [lifecycle_manager_navigation]: [34m[1mConfiguring bt_navigator[0m[0m
[bt_navigator-11] [INFO] [1789635998.038188307] [bt_navigator]: Configuring
[lifecycle_manager-13] [INFO] [1789635998.443341876] [lifecycle_manager_navigation]: [34m[1mConfiguring waypoint_follower[0m[0m
[waypoint_follower-12] [INFO] [1789635998.448318365] [waypoint_follower]: Configuring
[waypoint_follower-12] [INFO] [1789635998.518125954] [waypoint_follower]: Created waypoint_task_executor : wait_at_waypoint of type nav2_waypoint_follower::WaitAtWaypoint
[waypoint_follower-12] [INFO] [1789635998.518219731] [waypoint_follower]: Waypoint pause duration is set to zero, disabling task executor plugin.
[lifecycle_manager-13] [INFO] [1789635998.528017851] [lifecycle_manager_navigation]: [34m[1mActivating map_server[0m[0m
[map_server-7] [INFO] [1789635998.528547459] [map_server]: Activating
[map_server-7] [INFO] [1789635998.531164294] [map_server]: Creating bond (map_server) to lifecycle manager.
[planner_server-9] [INFO] [1789635998.534773691] [global_costmap.global_costmap]: StaticLayer: Resizing costmap to 676 X 680 at 0.050000 m/pix
[lifecycle_manager-13] [INFO] [1789635998.638367525] [lifecycle_manager_navigation]: Server map_server connected with bond.
[lifecycle_manager-13] [INFO] [1789635998.639516388] [lifecycle_manager_navigation]: [34m[1mActivating controller_server[0m[0m
[controller_server-8] [INFO] [1789635998.642172571] [controller_server]: Activating
[controller_server-8] [INFO] [1789635998.642255908] [local_costmap.local_costmap]: Activating
[controller_server-8] [INFO] [1789635998.642275918] [local_costmap.local_costmap]: Checking transform
[controller_server-8] [INFO] [1789635998.642312705] [local_costmap.local_costmap]: Timed out waiting for transform from base_footprint to odom to become available, tf error: Invalid frame ID "odom" passed to canTransform argument target_frame - frame does not exist
[controller_server-8] [INFO] [1789635999.147344144] [local_costmap.local_costmap]: Timed out waiting for transform from base_footprint to odom to become available, tf error: Invalid frame ID "odom" passed to canTransform argument target_frame - frame does not exist
[controller_server-8] [INFO] [1789635999.642973900] [local_costmap.local_costmap]: Timed out waiting for transform from base_footprint to odom to become available, tf error: Invalid frame ID "odom" passed to canTransform argument target_frame - frame does not exist
[controller_server-8] [INFO] [1789636000.143798722] [local_costmap.local_costmap]: Timed out waiting for transform from base_footprint to odom to become available, tf error: Invalid frame ID "odom" passed to canTransform argument target_frame - frame does not exist
[controller_server-8] [INFO] [1789636000.642820254] [local_costmap.local_costmap]: Timed out waiting for transform from base_footprint to odom to become available, tf error: Invalid frame ID "odom" passed to canTransform argument target_frame - frame does not exist
[controller_server-8] [INFO] [1789636001.143311409] [local_costmap.local_costmap]: Timed out waiting for transform from base_footprint to odom to become available, tf error: Invalid frame ID "odom" passed to canTransform argument target_frame - frame does not exist
[controller_server-8] [INFO] [1789636001.642746479] [local_costmap.local_costmap]: Timed out waiting for transform from base_footprint to odom to become available, tf error: Invalid frame ID "odom" passed to canTransform argument target_frame - frame does not exist
[controller_server-8] [INFO] [1789636002.142527149] [local_costmap.local_costmap]: Timed out waiting for transform from base_footprint to odom to become available, tf error: Invalid frame ID "odom" passed to canTransform argument target_frame - frame does not exist
[controller_server-8] [INFO] [1789636002.643336869] [local_costmap.local_costmap]: Timed out waiting for transform from base_footprint to odom to become available, tf error: Invalid frame ID "odom" passed to canTransform argument target_frame - frame does not exist
[spawn_entity.py-3] [INFO] [1789636003.082173588] [spawn_swerve]: Calling service /spawn_entity
[controller_server-8] [INFO] [1789636003.144174221] [local_costmap.local_costmap]: Timed out waiting for transform from base_footprint to odom to become available, tf error: Invalid frame ID "odom" passed to canTransform argument target_frame - frame does not exist
[gzserver-1] [INFO] [1789636003.612955479] [gazebo_ros_state]: Publishing states of gazebo models at [/model_states]
[gzserver-1] [INFO] [1789636003.623709580] [gazebo_ros_state]: Publishing states of gazebo links at [/link_states]
[controller_server-8] [INFO] [1789636003.642798217] [local_costmap.local_costmap]: Timed out waiting for transform from base_footprint to odom to become available, tf error: Invalid frame ID "odom" passed to canTransform argument target_frame - frame does not exist
[gzserver-1] [INFO] [1789636004.136174169] [imu.imu_ros]: <initial_orientation_as_reference> is unset, using default value of false to comply with REP 145 (world as orientation reference)
[controller_server-8] [INFO] [1789636004.144288526] [local_costmap.local_costmap]: Timed out waiting for transform from base_footprint to odom to become available, tf error: Invalid frame ID "odom" passed to canTransform argument target_frame - frame does not exist
[controller_server-8] [INFO] [1789636004.643294350] [local_costmap.local_costmap]: Timed out waiting for transform from base_footprint to odom to become available, tf error: Invalid frame ID "odom" passed to canTransform argument target_frame - frame does not exist
[controller_server-8] [INFO] [1789636005.142667924] [local_costmap.local_costmap]: Timed out waiting for transform from base_footprint to odom to become available, tf error: Invalid frame ID "odom" passed to canTransform argument target_frame - frame does not exist
[controller_server-8] [INFO] [1789636005.644699260] [local_costmap.local_costmap]: Timed out waiting for transform from base_footprint to odom to become available, tf error: Invalid frame ID "odom" passed to canTransform argument target_frame - frame does not exist
[controller_server-8] [INFO] [1789636006.142987329] [local_costmap.local_costmap]: Timed out waiting for transform from base_footprint to odom to become available, tf error: Invalid frame ID "odom" passed to canTransform argument target_frame - frame does not exist
[controller_server-8] [INFO] [1789636006.642800660] [local_costmap.local_costmap]: Timed out waiting for transform from base_footprint to odom to become available, tf error: Invalid frame ID "odom" passed to canTransform argument target_frame - frame does not exist
[controller_server-8] [INFO] [1789636007.142647015] [local_costmap.local_costmap]: Timed out waiting for transform from base_footprint to odom to become available, tf error: Invalid frame ID "odom" passed to canTransform argument target_frame - frame does not exist
[controller_server-8] [INFO] [1789636007.645571954] [local_costmap.local_costmap]: Timed out waiting for transform from base_footprint to odom to become available, tf error: Invalid frame ID "odom" passed to canTransform argument target_frame - frame does not exist
[controller_server-8] [INFO] [1789636008.142523565] [local_costmap.local_costmap]: Timed out waiting for transform from base_footprint to odom to become available, tf error: Invalid frame ID "odom" passed to canTransform argument target_frame - frame does not exist
[controller_server-8] [INFO] [1789636008.642785392] [local_costmap.local_costmap]: Timed out waiting for transform from base_footprint to odom to become available, tf error: Invalid frame ID "odom" passed to canTransform argument target_frame - frame does not exist
[controller_server-8] [INFO] [1789636009.142799298] [local_costmap.local_costmap]: Timed out waiting for transform from base_footprint to odom to become available, tf error: Invalid frame ID "odom" passed to canTransform argument target_frame - frame does not exist
[controller_server-8] [INFO] [1789636009.643005257] [local_costmap.local_costmap]: Timed out waiting for transform from base_footprint to odom to become available, tf error: Invalid frame ID "odom" passed to canTransform argument target_frame - frame does not exist
[controller_server-8] [INFO] [1789636010.144480897] [local_costmap.local_costmap]: Timed out waiting for transform from base_footprint to odom to become available, tf error: Invalid frame ID "odom" passed to canTransform argument target_frame - frame does not exist
[controller_server-8] [INFO] [1789636010.642656589] [local_costmap.local_costmap]: Timed out waiting for transform from base_footprint to odom to become available, tf error: Invalid frame ID "odom" passed to canTransform argument target_frame - frame does not exist
[controller_server-8] [INFO] [1789636011.142379876] [local_costmap.local_costmap]: Timed out waiting for transform from base_footprint to odom to become available, tf error: Invalid frame ID "odom" passed to canTransform argument target_frame - frame does not exist
[controller_server-8] [INFO] [1789636011.644143880] [local_costmap.local_costmap]: Timed out waiting for transform from base_footprint to odom to become available, tf error: Invalid frame ID "odom" passed to canTransform argument target_frame - frame does not exist
[controller_server-8] [INFO] [1789636012.142853402] [local_costmap.local_costmap]: Timed out waiting for transform from base_footprint to odom to become available, tf error: Invalid frame ID "odom" passed to canTransform argument target_frame - frame does not exist
[controller_server-8] [INFO] [1789636012.643004434] [local_costmap.local_costmap]: Timed out waiting for transform from base_footprint to odom to become available, tf error: Invalid frame ID "odom" passed to canTransform argument target_frame - frame does not exist
[controller_server-8] [INFO] [1789636013.142465940] [local_costmap.local_costmap]: Timed out waiting for transform from base_footprint to odom to become available, tf error: Invalid frame ID "odom" passed to canTransform argument target_frame - frame does not exist
[controller_server-8] [INFO] [1789636013.643305385] [local_costmap.local_costmap]: Timed out waiting for transform from base_footprint to odom to become available, tf error: Invalid frame ID "odom" passed to canTransform argument target_frame - frame does not exist
[controller_server-8] [INFO] [1789636014.143204360] [local_costmap.local_costmap]: Timed out waiting for transform from base_footprint to odom to become available, tf error: Invalid frame ID "odom" passed to canTransform argument target_frame - frame does not exist
[controller_server-8] [INFO] [1789636014.642727668] [local_costmap.local_costmap]: Timed out waiting for transform from base_footprint to odom to become available, tf error: Invalid frame ID "odom" passed to canTransform argument target_frame - frame does not exist
[controller_server-8] [INFO] [1789636015.142754276] [local_costmap.local_costmap]: Timed out waiting for transform from base_footprint to odom to become available, tf error: Invalid frame ID "odom" passed to canTransform argument target_frame - frame does not exist
[controller_server-8] [INFO] [1789636015.642596248] [local_costmap.local_costmap]: Timed out waiting for transform from base_footprint to odom to become available, tf error: Invalid frame ID "odom" passed to canTransform argument target_frame - frame does not exist
[controller_server-8] [INFO] [1789636016.153928936] [local_costmap.local_costmap]: Timed out waiting for transform from base_footprint to odom to become available, tf error: Invalid frame ID "odom" passed to canTransform argument target_frame - frame does not exist
[controller_server-8] [INFO] [1789636016.645560294] [local_costmap.local_costmap]: Timed out waiting for transform from base_footprint to odom to become available, tf error: Invalid frame ID "odom" passed to canTransform argument target_frame - frame does not exist
[controller_server-8] [INFO] [1789636017.142654444] [local_costmap.local_costmap]: Timed out waiting for transform from base_footprint to odom to become available, tf error: Invalid frame ID "odom" passed to canTransform argument target_frame - frame does not exist
[controller_server-8] [INFO] [1789636017.642728185] [local_costmap.local_costmap]: Timed out waiting for transform from base_footprint to odom to become available, tf error: Invalid frame ID "odom" passed to canTransform argument target_frame - frame does not exist
[spawn_entity.py-3] [INFO] [1789636017.815677714] [spawn_swerve]: Spawn status: SpawnEntity: Successfully spawned entity [swerve_base]
[gzserver-1] [INFO] [1789636018.081899422] [gazebo_ros2_control]: Loading gazebo_ros2_control plugin
[controller_server-8] [INFO] [1789636018.144559504] [local_costmap.local_costmap]: Timed out waiting for transform from base_footprint to odom to become available, tf error: Invalid frame ID "odom" passed to canTransform argument target_frame - frame does not exist
[gzserver-1] [INFO] [1789636018.174827479] [gazebo_ros2_control]: Starting gazebo_ros2_control plugin in namespace: /
[gzserver-1] [INFO] [1789636018.174904698] [gazebo_ros2_control]: Starting gazebo_ros2_control plugin in ros 2 node: gazebo_ros2_control
[INFO] [spawn_entity.py-3]: process has finished cleanly [pid 155713]
[INFO] [spawner-15]: process started with pid [156240]
[gzserver-1] [INFO] [1789636018.275363547] [gazebo_ros2_control]: connected to service!! robot_state_publisher
[gzserver-1] [INFO] [1789636018.286886406] [gazebo_ros2_control]: Received urdf from param server, parsing...
[gzserver-1] [INFO] [1789636018.289577234] [gazebo_ros2_control]: Loading parameter files /home/yahboom/swerve_bringup/install/swerve_bringup/share/swerve_bringup/config/controllers.yaml
[gzserver-1] [INFO] [1789636018.342041699] [gazebo_ros2_control]: Loading joint: steer_front_joint
[gzserver-1] [INFO] [1789636018.342104228] [gazebo_ros2_control]: 	State:
[gzserver-1] [INFO] [1789636018.342119697] [gazebo_ros2_control]: 		 position
[gzserver-1] [INFO] [1789636018.342132616] [gazebo_ros2_control]: 		 velocity
[gzserver-1] [INFO] [1789636018.342143191] [gazebo_ros2_control]: 	Command:
[gzserver-1] [INFO] [1789636018.342152609] [gazebo_ros2_control]: 		 position
[gzserver-1] [INFO] [1789636018.352663815] [gazebo_ros2_control]: Loading joint: steer_rear_joint
[gzserver-1] [INFO] [1789636018.352735910] [gazebo_ros2_control]: 	State:
[gzserver-1] [INFO] [1789636018.352749913] [gazebo_ros2_control]: 		 position
[gzserver-1] [INFO] [1789636018.352762290] [gazebo_ros2_control]: 		 velocity
[gzserver-1] [INFO] [1789636018.352772498] [gazebo_ros2_control]: 	Command:
[gzserver-1] [INFO] [1789636018.352781965] [gazebo_ros2_control]: 		 position
[gzserver-1] [INFO] [1789636018.359120554] [gazebo_ros2_control]: Loading joint: wheel_front_drive_joint
[gzserver-1] [INFO] [1789636018.359190852] [gazebo_ros2_control]: 	State:
[gzserver-1] [INFO] [1789636018.359203895] [gazebo_ros2_control]: 		 position
[gzserver-1] [INFO] [1789636018.359214412] [gazebo_ros2_control]: 		 velocity
[gzserver-1] [INFO] [1789636018.359224037] [gazebo_ros2_control]: 	Command:
[gzserver-1] [INFO] [1789636018.359242783] [gazebo_ros2_control]: 		 velocity
[gzserver-1] [INFO] [1789636018.361446480] [gazebo_ros2_control]: Loading joint: wheel_rear_drive_joint
[gzserver-1] [INFO] [1789636018.361513319] [gazebo_ros2_control]: 	State:
[gzserver-1] [INFO] [1789636018.361528364] [gazebo_ros2_control]: 		 position
[gzserver-1] [INFO] [1789636018.361539045] [gazebo_ros2_control]: 		 velocity
[gzserver-1] [INFO] [1789636018.361647236] [gazebo_ros2_control]: 	Command:
[gzserver-1] [INFO] [1789636018.361680586] [gazebo_ros2_control]: 		 velocity
[gzserver-1] [INFO] [1789636018.363627559] [resource_manager]: Initialize hardware 'GazeboSystem' 
[gzserver-1] [INFO] [1789636018.363976263] [resource_manager]: Successful initialization of hardware 'GazeboSystem'
[gzserver-1] [INFO] [1789636018.364136631] [resource_manager]: 'configure' hardware 'GazeboSystem' 
[gzserver-1] [INFO] [1789636018.364152037] [resource_manager]: Successful 'configure' of hardware 'GazeboSystem'
[gzserver-1] [INFO] [1789636018.364160168] [resource_manager]: 'activate' hardware 'GazeboSystem' 
[gzserver-1] [INFO] [1789636018.364166674] [resource_manager]: Successful 'activate' of hardware 'GazeboSystem'
[gzserver-1] [INFO] [1789636018.364272875] [gazebo_ros2_control]: Loading controller_manager
[gzserver-1] [WARN] [1789636018.619894079] [gazebo_ros2_control]:  Desired controller update period (0.01 s) is slower than the gazebo simulation period (0.001 s).
[gzserver-1] [INFO] [1789636018.620149343] [gazebo_ros2_control]: Loaded gazebo_ros2_control.
[controller_server-8] [INFO] [1789636018.645970343] [local_costmap.local_costmap]: Timed out waiting for transform from base_footprint to odom to become available, tf error: Invalid frame ID "odom" passed to canTransform argument target_frame - frame does not exist
[controller_server-8] [INFO] [1789636019.148774994] [local_costmap.local_costmap]: start
[controller_server-8] [INFO] [1789636019.329001505] [controller_server]: Creating bond (controller_server) to lifecycle manager.
[lifecycle_manager-13] [INFO] [1789636019.455679255] [lifecycle_manager_navigation]: Server controller_server connected with bond.
[lifecycle_manager-13] [INFO] [1789636019.455793461] [lifecycle_manager_navigation]: [34m[1mActivating planner_server[0m[0m
[planner_server-9] [INFO] [1789636019.456444309] [planner_server]: Activating
[planner_server-9] [INFO] [1789636019.456527567] [global_costmap.global_costmap]: Activating
[planner_server-9] [INFO] [1789636019.456548118] [global_costmap.global_costmap]: Checking transform
[planner_server-9] [INFO] [1789636019.456582255] [global_costmap.global_costmap]: Timed out waiting for transform from base_footprint to map to become available, tf error: Invalid frame ID "map" passed to canTransform argument target_frame - frame does not exist
[planner_server-9] [INFO] [1789636019.956865957] [global_costmap.global_costmap]: start
[planner_server-9] [INFO] [1789636020.526630723] [planner_server]: Activating plugin GridBased of type NavfnPlanner
[planner_server-9] [INFO] [1789636020.531022036] [planner_server]: Creating bond (planner_server) to lifecycle manager.
[lifecycle_manager-13] [INFO] [1789636020.658694776] [lifecycle_manager_navigation]: Server planner_server connected with bond.
[lifecycle_manager-13] [INFO] [1789636020.661014362] [lifecycle_manager_navigation]: [34m[1mActivating behavior_server[0m[0m
[behavior_server-10] [INFO] [1789636020.661438974] [behavior_server]: Activating
[behavior_server-10] [INFO] [1789636020.661481037] [behavior_server]: Activating spin
[behavior_server-10] [INFO] [1789636020.661499129] [behavior_server]: Activating backup
[behavior_server-10] [INFO] [1789636020.661511381] [behavior_server]: Activating drive_on_heading
[behavior_server-10] [INFO] [1789636020.661522837] [behavior_server]: Activating wait
[behavior_server-10] [INFO] [1789636020.661539961] [behavior_server]: Creating bond (behavior_server) to lifecycle manager.
[lifecycle_manager-13] [INFO] [1789636020.788613748] [lifecycle_manager_navigation]: Server behavior_server connected with bond.
[lifecycle_manager-13] [INFO] [1789636020.788697103] [lifecycle_manager_navigation]: [34m[1mActivating bt_navigator[0m[0m
[bt_navigator-11] [INFO] [1789636020.791905477] [bt_navigator]: Activating
[gzserver-1] [INFO] [1789636021.306292917] [controller_manager]: Loading controller 'joint_state_broadcaster'
[bt_navigator-11] [INFO] [1789636021.399303460] [bt_navigator]: Creating bond (bt_navigator) to lifecycle manager.
[lifecycle_manager-13] [INFO] [1789636021.528407156] [lifecycle_manager_navigation]: Server bt_navigator connected with bond.
[lifecycle_manager-13] [INFO] [1789636021.528490728] [lifecycle_manager_navigation]: [34m[1mActivating waypoint_follower[0m[0m
[waypoint_follower-12] [INFO] [1789636021.529955551] [waypoint_follower]: Activating
[waypoint_follower-12] [INFO] [1789636021.530103687] [waypoint_follower]: Creating bond (waypoint_follower) to lifecycle manager.
[lifecycle_manager-13] [INFO] [1789636021.652440803] [lifecycle_manager_navigation]: Server waypoint_follower connected with bond.
[lifecycle_manager-13] [INFO] [1789636021.652506922] [lifecycle_manager_navigation]: [34m[1mManaged nodes are active[0m[0m
[lifecycle_manager-13] [INFO] [1789636021.652522742] [lifecycle_manager_navigation]: [34m[1mCreating bond timer...[0m[0m
[spawner-15] [INFO] [1789636021.675783867] [spawn_joint_state_broadcaster]: [94mLoaded [1mjoint_state_broadcaster[0m
[gzserver-1] [INFO] [1789636021.688786878] [controller_manager]: Configuring controller 'joint_state_broadcaster'
[gzserver-1] [INFO] [1789636021.689443393] [joint_state_broadcaster]: 'joints' or 'interfaces' parameter is empty. All available state interfaces will be published
[spawner-15] [INFO] [1789636021.795531333] [spawn_joint_state_broadcaster]: [92mConfigured and activated [1mjoint_state_broadcaster[0m
[INFO] [spawner-15]: process has finished cleanly [pid 156240]
[INFO] [spawner-16]: process started with pid [156258]
[spawner-16] [INFO] [1789636023.413923187] [spawn_steering_controller]: waiting for service /controller_manager/list_controllers to become available...
[gzserver-1] [INFO] [1789636024.253067160] [controller_manager]: Loading controller 'steering_controller'
[spawner-16] [INFO] [1789636024.525452453] [spawn_steering_controller]: [94mLoaded [1msteering_controller[0m
[gzserver-1] [INFO] [1789636024.538091596] [controller_manager]: Configuring controller 'steering_controller'
[gzserver-1] [INFO] [1789636024.556631109] [steering_controller]: configure successful
[gzserver-1] [INFO] [1789636024.583026669] [steering_controller]: activate successful
[spawner-16] [INFO] [1789636024.602496935] [spawn_steering_controller]: [92mConfigured and activated [1msteering_controller[0m
[INFO] [spawner-16]: process has finished cleanly [pid 156258]
[INFO] [spawner-17]: process started with pid [156270]
[spawner-17] [INFO] [1789636026.394594864] [spawn_drive_controller]: waiting for service /controller_manager/list_controllers to become available...
[gzserver-1] [INFO] [1789636027.005442475] [controller_manager]: Loading controller 'drive_controller'
[spawner-17] [INFO] [1789636027.396379687] [spawn_drive_controller]: [94mLoaded [1mdrive_controller[0m
[gzserver-1] [INFO] [1789636027.409428690] [controller_manager]: Configuring controller 'drive_controller'
[gzserver-1] [INFO] [1789636027.415701117] [drive_controller]: configure successful
[gzserver-1] [INFO] [1789636027.454219586] [drive_controller]: activate successful
[spawner-17] [INFO] [1789636027.476150233] [spawn_drive_controller]: [92mConfigured and activated [1mdrive_controller[0m
[INFO] [spawner-17]: process has finished cleanly [pid 156270]
[INFO] [swerve_controller_node-18]: process started with pid [156282]
[INFO] [swerve_odometry_node-19]: process started with pid [156284]
[swerve_controller_node-18] [INFO] [1789636029.561771948] [swerve_controller]: Swerve controller ready: radius=0.0675 m, modules={'front': (0.300042, 0.0), 'rear': (-0.300042, 0.0)}
[swerve_odometry_node-19] [INFO] [1789636029.761966154] [swerve_odometry]: Encoder odometry ready: radius=0.0637 m, velocity_sign=+1.0
[WARNING] [launch]: user interrupted with ctrl-c (SIGINT)
[bt_navigator-11] [INFO] [1789636042.791796495] [rclcpp]: signal_handler(signum=2)
[bt_navigator-11] [INFO] [1789636042.794265183] [bt_navigator]: Running Nav2 LifecycleNode rcl preshutdown (bt_navigator)
[bt_navigator-11] [INFO] [1789636042.794352100] [bt_navigator]: Deactivating
[bt_navigator-11] [INFO] [1789636042.794389389] [bt_navigator]: Destroying bond (bt_navigator) to lifecycle manager.
[controller_server-8] [INFO] [1789636042.791845832] [rclcpp]: signal_handler(signum=2)
[controller_server-8] [INFO] [1789636042.792645560] [controller_server]: Running Nav2 LifecycleNode rcl preshutdown (controller_server)
[controller_server-8] [INFO] [1789636042.792737829] [controller_server]: Deactivating
[controller_server-8] [INFO] [1789636042.792796368] [local_costmap.local_costmap]: Deactivating
[robot_state_publisher-2] [INFO] [1789636042.791873308] [rclcpp]: signal_handler(signum=2)
[map_server-7] [INFO] [1789636042.792523282] [rclcpp]: signal_handler(signum=2)
[lifecycle_manager-13] [INFO] [1789636042.793945651] [rclcpp]: signal_handler(signum=2)
[lifecycle_manager-13] [INFO] [1789636042.794876817] [lifecycle_manager_navigation]: Running Nav2 LifecycleManager rcl preshutdown (lifecycle_manager_navigation)
[lifecycle_manager-13] [INFO] [1789636042.794915563] [lifecycle_manager_navigation]: [34m[1mTerminating bond timer...[0m[0m
[ekf_node-4] [INFO] [1789636042.793942245] [rclcpp]: signal_handler(signum=2)
[planner_server-9] [INFO] [1789636042.794052855] [rclcpp]: signal_handler(signum=2)
[planner_server-9] [INFO] [1789636042.794879178] [planner_server]: Running Nav2 LifecycleNode rcl preshutdown (planner_server)
[planner_server-9] [INFO] [1789636042.794931436] [planner_server]: Deactivating
[waypoint_follower-12] [INFO] [1789636042.794228267] [rclcpp]: signal_handler(signum=2)
[waypoint_follower-12] [INFO] [1789636042.794348078] [waypoint_follower]: Running Nav2 LifecycleNode rcl preshutdown (waypoint_follower)
[waypoint_follower-12] [INFO] [1789636042.794417181] [waypoint_follower]: Deactivating
[waypoint_follower-12] [INFO] [1789636042.794466045] [waypoint_follower]: Destroying bond (waypoint_follower) to lifecycle manager.
[INFO] [swerve_odometry_node-19]: sending signal 'SIGINT' to process[swerve_odometry_node-19]
[INFO] [swerve_controller_node-18]: sending signal 'SIGINT' to process[swerve_controller_node-18]
[INFO] [lifecycle_manager-13]: sending signal 'SIGINT' to process[lifecycle_manager-13]
[INFO] [waypoint_follower-12]: sending signal 'SIGINT' to process[waypoint_follower-12]
[INFO] [bt_navigator-11]: sending signal 'SIGINT' to process[bt_navigator-11]
[INFO] [behavior_server-10]: sending signal 'SIGINT' to process[behavior_server-10]
[INFO] [planner_server-9]: sending signal 'SIGINT' to process[planner_server-9]
[INFO] [controller_server-8]: sending signal 'SIGINT' to process[controller_server-8]
[INFO] [map_server-7]: sending signal 'SIGINT' to process[map_server-7]
[INFO] [ekf_node-6]: sending signal 'SIGINT' to process[ekf_node-6]
[INFO] [v30e_sim_node-5]: sending signal 'SIGINT' to process[v30e_sim_node-5]
[INFO] [ekf_node-4]: sending signal 'SIGINT' to process[ekf_node-4]
[INFO] [robot_state_publisher-2]: sending signal 'SIGINT' to process[robot_state_publisher-2]
[INFO] [gzserver-1]: sending signal 'SIGINT' to process[gzserver-1]
[planner_server-9] [INFO] [1789636042.794948046] [global_costmap.global_costmap]: Deactivating
[ekf_node-6] [INFO] [1789636042.798664004] [rclcpp]: signal_handler(signum=2)
[behavior_server-10] [INFO] [1789636042.802308051] [rclcpp]: signal_handler(signum=2)
[behavior_server-10] [INFO] [1789636042.807614245] [behavior_server]: Running Nav2 LifecycleNode rcl preshutdown (behavior_server)
[behavior_server-10] [INFO] [1789636042.807688118] [behavior_server]: Deactivating
[behavior_server-10] [INFO] [1789636042.807727771] [behavior_server]: Destroying bond (behavior_server) to lifecycle manager.
[map_server-7] [INFO] [1789636042.806871227] [map_server]: Running Nav2 LifecycleNode rcl preshutdown (map_server)
[map_server-7] [INFO] [1789636042.806967637] [map_server]: Deactivating
[map_server-7] [INFO] [1789636042.806996155] [map_server]: Destroying bond (map_server) to lifecycle manager.
[map_server-7] [INFO] [1789636042.831072428] [map_server]: Cleaning up
[map_server-7] [INFO] [1789636042.831197978] [map_server]: Destroying bond (map_server) to lifecycle manager.
[bt_navigator-11] [INFO] [1789636042.826187882] [bt_navigator]: Cleaning up
[swerve_controller_node-18] Traceback (most recent call last):
[swerve_controller_node-18]   File "/home/yahboom/swerve_bringup/install/swerve_bringup/lib/swerve_bringup/swerve_controller_node", line 192, in <module>
[swerve_controller_node-18]     main()
[swerve_controller_node-18]   File "/home/yahboom/swerve_bringup/install/swerve_bringup/lib/swerve_bringup/swerve_controller_node", line 184, in main
[swerve_controller_node-18]     node.steer_pub.publish(Float64MultiArray(data=[
[swerve_controller_node-18]   File "/opt/ros/humble/local/lib/python3.10/dist-packages/rclpy/publisher.py", line 70, in publish
[swerve_controller_node-18]     self.__publisher.publish(msg)
[swerve_controller_node-18] rclpy._rclpy_pybind11.RCLError: Failed to publish: publisher's context is invalid, at ./src/rcl/publisher.c:389
[swerve_controller_node-18] Error in sys.excepthook:
[swerve_controller_node-18] Traceback (most recent call last):
[swerve_controller_node-18]   File "/usr/lib/python3/dist-packages/apport_python_hook.py", line 72, in apport_excepthook
[swerve_controller_node-18]     from apport.fileutils import likely_packaged, get_recent_crashes
[swerve_controller_node-18]   File "/usr/lib/python3/dist-packages/apport/__init__.py", line 5, in <module>
[swerve_controller_node-18]     from apport.report import Report
[swerve_controller_node-18]   File "/usr/lib/python3/dist-packages/apport/report.py", line 20, in <module>
[swerve_controller_node-18]     from urllib.error import URLError
[swerve_controller_node-18]   File "/usr/lib/python3.10/urllib/error.py", line 14, in <module>
[swerve_controller_node-18]     import urllib.response
[swerve_controller_node-18]   File "<frozen importlib._bootstrap>", line 1027, in _find_and_load
[swerve_controller_node-18]   File "<frozen importlib._bootstrap>", line 1006, in _find_and_load_unlocked
[swerve_controller_node-18]   File "<frozen importlib._bootstrap>", line 688, in _load_unlocked
[swerve_controller_node-18]   File "<frozen importlib._bootstrap_external>", line 879, in exec_module
[waypoint_follower-12] [INFO] [1789636042.845996290] [waypoint_follower]: Cleaning up
[swerve_controller_node-18]   File "<frozen importlib._bootstrap_external>", line 1012, in get_code
[swerve_controller_node-18]   File "<frozen importlib._bootstrap_external>", line 672, in _compile_bytecode
[swerve_controller_node-18] KeyboardInterrupt
[swerve_controller_node-18] 
[swerve_controller_node-18] Original exception was:
[swerve_controller_node-18] Traceback (most recent call last):
[swerve_controller_node-18]   File "/home/yahboom/swerve_bringup/install/swerve_bringup/lib/swerve_bringup/swerve_controller_node", line 192, in <module>
[swerve_controller_node-18]     main()
[swerve_controller_node-18]   File "/home/yahboom/swerve_bringup/install/swerve_bringup/lib/swerve_bringup/swerve_controller_node", line 184, in main
[swerve_controller_node-18]     node.steer_pub.publish(Float64MultiArray(data=[
[swerve_controller_node-18]   File "/opt/ros/humble/local/lib/python3.10/dist-packages/rclpy/publisher.py", line 70, in publish
[swerve_controller_node-18]     self.__publisher.publish(msg)
[swerve_controller_node-18] rclpy._rclpy_pybind11.RCLError: Failed to publish: publisher's context is invalid, at ./src/rcl/publisher.c:389
[ERROR] [ekf_node-6]: process has died [pid 155719, exit code -2, cmd '/opt/ros/humble/lib/robot_localization/ekf_node --ros-args -r __node:=ekf_v30e --params-file /home/yahboom/swerve_bringup/install/swerve_bringup/share/swerve_bringup/config/v30e_localization_ekf.yaml --params-file /tmp/launch_params_fh1zdp8_ -r odometry/filtered:=/odometry/v30e'].
[lifecycle_manager-13] [INFO] [1789636042.855038032] [rclcpp]: signal_handler(signum=2)
[behavior_server-10] [INFO] [1789636042.858232360] [behavior_server]: Cleaning up
[waypoint_follower-12] [INFO] [1789636042.862509599] [rclcpp]: signal_handler(signum=2)
[bt_navigator-11] [INFO] [1789636042.875704422] [rclcpp]: signal_handler(signum=2)
[behavior_server-10] [INFO] [1789636042.889459594] [rclcpp]: signal_handler(signum=2)
[planner_server-9] [INFO] [1789636042.896048445] [rclcpp]: signal_handler(signum=2)
[swerve_odometry_node-19] Traceback (most recent call last):
[swerve_odometry_node-19]   File "/home/yahboom/swerve_bringup/install/swerve_bringup/lib/swerve_bringup/swerve_odometry_node", line 221, in <module>
[swerve_odometry_node-19]     main()
[swerve_odometry_node-19]   File "/home/yahboom/swerve_bringup/install/swerve_bringup/lib/swerve_bringup/swerve_odometry_node", line 215, in main
[swerve_odometry_node-19]     node.destroy_node()
[swerve_odometry_node-19]   File "/opt/ros/humble/local/lib/python3.10/dist-packages/rclpy/node.py", line 1685, in destroy_node
[swerve_odometry_node-19]     self.destroy_publisher(self._publishers[0])
[swerve_odometry_node-19]   File "/opt/ros/humble/local/lib/python3.10/dist-packages/rclpy/node.py", line 1565, in destroy_publisher
[swerve_odometry_node-19]     publisher.destroy()
[swerve_odometry_node-19]   File "/opt/ros/humble/local/lib/python3.10/dist-packages/rclpy/publisher.py", line 99, in destroy
[swerve_odometry_node-19]     self.__publisher.destroy_when_not_in_use()
[swerve_odometry_node-19] KeyboardInterrupt
[controller_server-8] [INFO] [1789636042.903474311] [controller_server]: Destroying bond (controller_server) to lifecycle manager.
[controller_server-8] [INFO] [1789636042.909696623] [rclcpp]: signal_handler(signum=2)
[ERROR] [ekf_node-4]: process has died [pid 155715, exit code -2, cmd '/opt/ros/humble/lib/robot_localization/ekf_node --ros-args -r __node:=ekf_filter_node --params-file /home/yahboom/swerve_bringup/install/swerve_bringup/share/swerve_bringup/config/ekf.yaml --params-file /tmp/launch_params_2ph8ae62 -r /odom:=/odom -r /imu/data:=/imu/data'].
[map_server-7] [INFO] [1789636042.917138196] [rclcpp]: signal_handler(signum=2)
[v30e_sim_node-5] Traceback (most recent call last):
[v30e_sim_node-5]   File "/home/yahboom/swerve_bringup/install/swerve_bringup/lib/swerve_bringup/v30e_sim_node", line 188, in <module>
[v30e_sim_node-5]     if __name__ == '__main__': main()
[v30e_sim_node-5]   File "/home/yahboom/swerve_bringup/install/swerve_bringup/lib/swerve_bringup/v30e_sim_node", line 185, in main
[v30e_sim_node-5]     node.destroy_node(); rclpy.shutdown()
[v30e_sim_node-5]   File "/opt/ros/humble/local/lib/python3.10/dist-packages/rclpy/node.py", line 1691, in destroy_node
[v30e_sim_node-5]     self.destroy_service(self._services[0])
[v30e_sim_node-5]   File "/opt/ros/humble/local/lib/python3.10/dist-packages/rclpy/node.py", line 1615, in destroy_service
[v30e_sim_node-5]     service.destroy()
[v30e_sim_node-5]   File "/opt/ros/humble/local/lib/python3.10/dist-packages/rclpy/service.py", line 93, in destroy
[v30e_sim_node-5]     self.__service.destroy_when_not_in_use()
[v30e_sim_node-5] KeyboardInterrupt
[robot_state_publisher-2] [INFO] [1789636042.952688653] [rclcpp]: signal_handler(signum=2)
[planner_server-9] [INFO] [1789636042.970835134] [planner_server]: Deactivating plugin GridBased of type NavfnPlanner
[planner_server-9] [INFO] [1789636042.970892659] [planner_server]: Destroying bond (planner_server) to lifecycle manager.
[planner_server-9] [INFO] [1789636043.071740359] [planner_server]: Cleaning up
[planner_server-9] [INFO] [1789636043.084385078] [global_costmap.global_costmap]: Cleaning up
[planner_server-9] [INFO] [1789636043.093624668] [planner_server]: Cleaning up plugin GridBased of type NavfnPlanner
[planner_server-9] [INFO] [1789636043.093901583] [planner_server]: Destroying plugin GridBased of type NavfnPlanner
[planner_server-9] [INFO] [1789636043.100030518] [planner_server]: Destroying bond (planner_server) to lifecycle manager.
[planner_server-9] [INFO] [1789636043.102176596] [global_costmap.global_costmap]: Destroying
[planner_server-9] [INFO] [1789636043.118234900] [planner_server]: Destroying
[map_server-7] [INFO] [1789636043.960801478] [map_server]: Destroying
[controller_server-8] [INFO] [1789636043.981601017] [controller_server]: Cleaning up
[controller_server-8] [INFO] [1789636043.981840163] [local_costmap.local_costmap]: Cleaning up
[behavior_server-10] [INFO] [1789636044.052723486] [behavior_server]: Destroying bond (behavior_server) to lifecycle manager.
[waypoint_follower-12] [INFO] [1789636044.071099534] [waypoint_follower]: Destroying bond (waypoint_follower) to lifecycle manager.
[waypoint_follower-12] [INFO] [1789636044.122298926] [waypoint_follower]: Destroying
[ERROR] [v30e_sim_node-5]: process has died [pid 155717, exit code -2, cmd '/home/yahboom/swerve_bringup/install/swerve_bringup/lib/swerve_bringup/v30e_sim_node --ros-args -r __node:=v30e_sim_node --params-file /home/yahboom/swerve_bringup/install/swerve_bringup/share/swerve_bringup/config/v30e_sim.yaml --params-file /tmp/launch_params_xyp3jh3i'].
[ERROR] [swerve_odometry_node-19]: process has died [pid 156284, exit code -2, cmd '/home/yahboom/swerve_bringup/install/swerve_bringup/lib/swerve_bringup/swerve_odometry_node --ros-args -r __node:=swerve_odometry --params-file /home/yahboom/swerve_bringup/install/swerve_bringup/share/swerve_bringup/config/swerve_odometry.yaml --params-file /tmp/launch_params_t1p8vufb'].
[INFO] [robot_state_publisher-2]: process has finished cleanly [pid 155711]
[ERROR] [swerve_controller_node-18]: process has died [pid 156282, exit code 1, cmd '/home/yahboom/swerve_bringup/install/swerve_bringup/lib/swerve_bringup/swerve_controller_node --ros-args -r __node:=swerve_controller --params-file /home/yahboom/swerve_bringup/install/swerve_bringup/share/swerve_bringup/config/swerve_controller.yaml --params-file /tmp/launch_params_1rsanxjt'].
[controller_server-8] [INFO] [1789636044.199469284] [controller_server]: Destroying bond (controller_server) to lifecycle manager.
[behavior_server-10] [INFO] [1789636044.199518551] [behavior_server]: Destroying
[controller_server-8] [INFO] [1789636044.212671390] [local_costmap.local_costmap]: Destroying
[controller_server-8] [INFO] [1789636044.248073117] [controller_server]: Destroying
[INFO] [map_server-7]: process has finished cleanly [pid 155721]
[lifecycle_manager-13] [INFO] [1789636044.306003229] [lifecycle_manager_navigation]: Destroying lifecycle_manager_navigation
[INFO] [waypoint_follower-12]: process has finished cleanly [pid 155756]
[bt_navigator-11] [INFO] [1789636044.360986447] [bt_navigator]: Completed Cleaning up
[bt_navigator-11] [INFO] [1789636044.361069419] [bt_navigator]: Destroying bond (bt_navigator) to lifecycle manager.
[bt_navigator-11] [INFO] [1789636044.381721844] [bt_navigator]: Destroying
[INFO] [behavior_server-10]: process has finished cleanly [pid 155727]
[INFO] [lifecycle_manager-13]: process has finished cleanly [pid 155760]
[INFO] [controller_server-8]: process has finished cleanly [pid 155723]
[INFO] [bt_navigator-11]: process has finished cleanly [pid 155731]
[INFO] [gzserver-1]: process has finished cleanly [pid 155709]
[INFO] [planner_server-9]: process has finished cleanly [pid 155725]
