[INFO] [launch]: All log files can be found below /home/yahboom/.ros/log/2026-09-17-16-33-31-768487-yahboom-virtual-machine-140240
[INFO] [launch]: Default logging verbosity is set to INFO
[INFO] [gzserver-1]: process started with pid [140287]
[INFO] [robot_state_publisher-2]: process started with pid [140289]
[INFO] [spawn_entity.py-3]: process started with pid [140291]
[INFO] [ekf_node-4]: process started with pid [140293]
[INFO] [v30e_sim_node-5]: process started with pid [140295]
[INFO] [ekf_node-6]: process started with pid [140297]
[INFO] [map_server-7]: process started with pid [140299]
[INFO] [controller_server-8]: process started with pid [140302]
[INFO] [planner_server-9]: process started with pid [140312]
[INFO] [behavior_server-10]: process started with pid [140327]
[INFO] [bt_navigator-11]: process started with pid [140334]
[INFO] [waypoint_follower-12]: process started with pid [140338]
[INFO] [lifecycle_manager-13]: process started with pid [140348]
[INFO] [swerve_bridge_node-14]: process started with pid [140360]
[robot_state_publisher-2] [INFO] [1789634014.626062123] [robot_state_publisher]: got segment base_footprint
[robot_state_publisher-2] [INFO] [1789634014.630515254] [robot_state_publisher]: got segment base_link
[robot_state_publisher-2] [INFO] [1789634014.630558562] [robot_state_publisher]: got segment imu_link
[robot_state_publisher-2] [INFO] [1789634014.630569145] [robot_state_publisher]: got segment lidar_link
[robot_state_publisher-2] [INFO] [1789634014.630577646] [robot_state_publisher]: got segment steer_front_link
[robot_state_publisher-2] [INFO] [1789634014.630585366] [robot_state_publisher]: got segment steer_rear_link
[robot_state_publisher-2] [INFO] [1789634014.630592792] [robot_state_publisher]: got segment v30e_link
[robot_state_publisher-2] [INFO] [1789634014.630600029] [robot_state_publisher]: got segment wheel_front_drive_link
[robot_state_publisher-2] [INFO] [1789634014.630607938] [robot_state_publisher]: got segment wheel_front_left_link
[robot_state_publisher-2] [INFO] [1789634014.630615602] [robot_state_publisher]: got segment wheel_front_right_link
[robot_state_publisher-2] [INFO] [1789634014.630622974] [robot_state_publisher]: got segment wheel_rear_drive_link
[robot_state_publisher-2] [INFO] [1789634014.630629997] [robot_state_publisher]: got segment wheel_rear_left_link
[robot_state_publisher-2] [INFO] [1789634014.630656877] [robot_state_publisher]: got segment wheel_rear_right_link
[lifecycle_manager-13] [INFO] [1789634014.687577513] [lifecycle_manager_navigation]: Creating
[controller_server-8] [INFO] [1789634014.697394891] [controller_server]: 
[controller_server-8] 	controller_server lifecycle node launched. 
[controller_server-8] 	Waiting on external lifecycle transitions to activate
[controller_server-8] 	See https://design.ros2.org/articles/node_lifecycle.html for more information.
[lifecycle_manager-13] [INFO] [1789634014.698872230] [lifecycle_manager_navigation]: [34m[1mCreating and initializing lifecycle service clients[0m[0m
[controller_server-8] [INFO] [1789634014.710203764] [controller_server]: Creating controller server
[planner_server-9] [INFO] [1789634014.825368853] [planner_server]: 
[planner_server-9] 	planner_server lifecycle node launched. 
[planner_server-9] 	Waiting on external lifecycle transitions to activate
[planner_server-9] 	See https://design.ros2.org/articles/node_lifecycle.html for more information.
[planner_server-9] [INFO] [1789634014.837905178] [planner_server]: Creating
[map_server-7] [INFO] [1789634014.871907432] [map_server]: 
[map_server-7] 	map_server lifecycle node launched. 
[map_server-7] 	Waiting on external lifecycle transitions to activate
[map_server-7] 	See https://design.ros2.org/articles/node_lifecycle.html for more information.
[map_server-7] [INFO] [1789634014.889186667] [map_server]: Creating
[waypoint_follower-12] [INFO] [1789634015.001567283] [waypoint_follower]: 
[waypoint_follower-12] 	waypoint_follower lifecycle node launched. 
[waypoint_follower-12] 	Waiting on external lifecycle transitions to activate
[waypoint_follower-12] 	See https://design.ros2.org/articles/node_lifecycle.html for more information.
[waypoint_follower-12] [INFO] [1789634015.016745921] [waypoint_follower]: Creating
[swerve_bridge_node-14] Traceback (most recent call last):
[swerve_bridge_node-14]   File "/home/yahboom/swerve_bringup/install/swerve_bridge/lib/swerve_bridge/swerve_bridge_node", line 33, in <module>
[swerve_bridge_node-14]     sys.exit(load_entry_point('swerve-bridge', 'console_scripts', 'swerve_bridge_node')())
[swerve_bridge_node-14]   File "/home/yahboom/swerve_bringup/install/swerve_bridge/lib/swerve_bridge/swerve_bridge_node", line 22, in importlib_load_entry_point
[swerve_bridge_node-14]     for entry_point in distribution(dist_name).entry_points
[swerve_bridge_node-14]   File "/usr/lib/python3.10/importlib/metadata/__init__.py", line 969, in distribution
[swerve_bridge_node-14]     return Distribution.from_name(distribution_name)
[swerve_bridge_node-14]   File "/usr/lib/python3.10/importlib/metadata/__init__.py", line 548, in from_name
[swerve_bridge_node-14]     raise PackageNotFoundError(name)
[swerve_bridge_node-14] importlib.metadata.PackageNotFoundError: No package metadata was found for swerve-bridge
[controller_server-8] [INFO] [1789634015.085163438] [local_costmap.local_costmap]: 
[controller_server-8] 	local_costmap lifecycle node launched. 
[controller_server-8] 	Waiting on external lifecycle transitions to activate
[controller_server-8] 	See https://design.ros2.org/articles/node_lifecycle.html for more information.
[controller_server-8] [INFO] [1789634015.085694182] [local_costmap.local_costmap]: Creating Costmap
[ERROR] [swerve_bridge_node-14]: process has died [pid 140360, exit code 1, cmd '/home/yahboom/swerve_bringup/install/swerve_bridge/lib/swerve_bridge/swerve_bridge_node --ros-args -r __node:=swerve_bridge --params-file /home/yahboom/swerve_bringup/install/swerve_bridge/share/swerve_bridge/config/bridge.yaml --params-file /tmp/launch_params_85qvx3zf'].
[behavior_server-10] [INFO] [1789634015.179686933] [behavior_server]: 
[behavior_server-10] 	behavior_server lifecycle node launched. 
[behavior_server-10] 	Waiting on external lifecycle transitions to activate
[behavior_server-10] 	See https://design.ros2.org/articles/node_lifecycle.html for more information.
[bt_navigator-11] [INFO] [1789634015.200525866] [bt_navigator]: 
[bt_navigator-11] 	bt_navigator lifecycle node launched. 
[bt_navigator-11] 	Waiting on external lifecycle transitions to activate
[bt_navigator-11] 	See https://design.ros2.org/articles/node_lifecycle.html for more information.
[bt_navigator-11] [INFO] [1789634015.200697561] [bt_navigator]: Creating
[lifecycle_manager-13] [INFO] [1789634015.236738725] [lifecycle_manager_navigation]: [34m[1mStarting managed nodes bringup...[0m[0m
[lifecycle_manager-13] [INFO] [1789634015.242145902] [lifecycle_manager_navigation]: [34m[1mConfiguring map_server[0m[0m
[map_server-7] [INFO] [1789634015.246387855] [map_server]: Configuring
[map_server-7] [INFO] [1789634015.246481099] [map_io]: Loading yaml file: /home/yahboom/swerve_bringup/install/swerve_bringup/share/swerve_bringup/swerve_navigation/maps/warehouse.yaml
[map_server-7] [INFO] [1789634015.246812994] [map_io]: resolution: 0.05
[map_server-7] [INFO] [1789634015.246830408] [map_io]: origin[0]: -17.2
[map_server-7] [INFO] [1789634015.246836651] [map_io]: origin[1]: -17.4
[map_server-7] [INFO] [1789634015.246842297] [map_io]: origin[2]: 0
[map_server-7] [INFO] [1789634015.246847875] [map_io]: free_thresh: 0.25
[map_server-7] [INFO] [1789634015.246853375] [map_io]: occupied_thresh: 0.65
[map_server-7] [INFO] [1789634015.246860709] [map_io]: mode: trinary
[map_server-7] [INFO] [1789634015.246867421] [map_io]: negate: 0
[map_server-7] [INFO] [1789634015.247152164] [map_io]: Loading image_file: /home/yahboom/swerve_bringup/install/swerve_bringup/share/swerve_bringup/swerve_navigation/maps/warehouse.pgm
[planner_server-9] [INFO] [1789634015.249416269] [global_costmap.global_costmap]: 
[planner_server-9] 	global_costmap lifecycle node launched. 
[planner_server-9] 	Waiting on external lifecycle transitions to activate
[planner_server-9] 	See https://design.ros2.org/articles/node_lifecycle.html for more information.
[planner_server-9] [INFO] [1789634015.249898646] [global_costmap.global_costmap]: Creating Costmap
[map_server-7] [INFO] [1789634015.332421696] [map_io]: Read map /home/yahboom/swerve_bringup/install/swerve_bringup/share/swerve_bringup/swerve_navigation/maps/warehouse.pgm: 676 X 680 map @ 0.05 m/cell
[lifecycle_manager-13] [INFO] [1789634015.358589009] [lifecycle_manager_navigation]: [34m[1mConfiguring controller_server[0m[0m
[controller_server-8] [INFO] [1789634015.359734453] [controller_server]: Configuring controller interface
[controller_server-8] [INFO] [1789634015.363193966] [controller_server]: getting goal checker plugins..
[controller_server-8] [INFO] [1789634015.363536025] [controller_server]: Controller frequency set to 10.0000Hz
[controller_server-8] [INFO] [1789634015.363590058] [local_costmap.local_costmap]: Configuring
[controller_server-8] [INFO] [1789634015.407214000] [local_costmap.local_costmap]: Using plugin "voxel_layer"
[controller_server-8] [INFO] [1789634015.414207502] [local_costmap.local_costmap]: Subscribed to Topics: lidar3d scan
[controller_server-8] [INFO] [1789634015.509239852] [local_costmap.local_costmap]: Initialized plugin "voxel_layer"
[controller_server-8] [INFO] [1789634015.509293567] [local_costmap.local_costmap]: Using plugin "inflation_layer"
[controller_server-8] [INFO] [1789634015.509862295] [local_costmap.local_costmap]: Initialized plugin "inflation_layer"
[controller_server-8] [INFO] [1789634015.584357228] [controller_server]: Created progress_checker : progress_checker of type nav2_controller::SimpleProgressChecker
[controller_server-8] [INFO] [1789634015.605001956] [controller_server]: Created goal checker : general_goal_checker of type nav2_controller::SimpleGoalChecker
[controller_server-8] [INFO] [1789634015.605358029] [controller_server]: Controller Server has general_goal_checker  goal checkers available.
[controller_server-8] [INFO] [1789634015.607178947] [controller_server]: Created controller : FollowPath of type dwb_core::DWBLocalPlanner
[controller_server-8] [INFO] [1789634015.624105642] [controller_server]: Setting transform_tolerance to 0.200000
[controller_server-8] [INFO] [1789634015.719039695] [controller_server]: Using critic "RotateToGoal" (dwb_critics::RotateToGoalCritic)
[controller_server-8] [INFO] [1789634015.727716681] [controller_server]: Critic plugin initialized
[controller_server-8] [INFO] [1789634015.727912983] [controller_server]: Using critic "Oscillation" (dwb_critics::OscillationCritic)
[controller_server-8] [INFO] [1789634015.728553277] [controller_server]: Critic plugin initialized
[controller_server-8] [INFO] [1789634015.728695247] [controller_server]: Using critic "BaseObstacle" (dwb_critics::BaseObstacleCritic)
[controller_server-8] [INFO] [1789634015.728963920] [controller_server]: Critic plugin initialized
[controller_server-8] [INFO] [1789634015.729118911] [controller_server]: Using critic "GoalAlign" (dwb_critics::GoalAlignCritic)
[controller_server-8] [INFO] [1789634015.729863347] [controller_server]: Critic plugin initialized
[controller_server-8] [INFO] [1789634015.730067945] [controller_server]: Using critic "PathAlign" (dwb_critics::PathAlignCritic)
[controller_server-8] [INFO] [1789634015.760549085] [controller_server]: Critic plugin initialized
[controller_server-8] [INFO] [1789634015.763577326] [controller_server]: Using critic "PathDist" (dwb_critics::PathDistCritic)
[controller_server-8] [INFO] [1789634015.769040074] [controller_server]: Critic plugin initialized
[controller_server-8] [INFO] [1789634015.769302761] [controller_server]: Using critic "GoalDist" (dwb_critics::GoalDistCritic)
[controller_server-8] [INFO] [1789634015.786979714] [controller_server]: Critic plugin initialized
[controller_server-8] [INFO] [1789634015.791275528] [controller_server]: Controller Server has FollowPath  controllers available.
[lifecycle_manager-13] [INFO] [1789634016.038142425] [lifecycle_manager_navigation]: [34m[1mConfiguring planner_server[0m[0m
[planner_server-9] [INFO] [1789634016.056681415] [planner_server]: Configuring
[planner_server-9] [INFO] [1789634016.058125685] [global_costmap.global_costmap]: Configuring
[planner_server-9] [INFO] [1789634016.200859389] [global_costmap.global_costmap]: Using plugin "static_layer"
[planner_server-9] [INFO] [1789634016.224576140] [global_costmap.global_costmap]: Subscribing to the map topic (/map) with transient local durability
[planner_server-9] [INFO] [1789634016.239025778] [global_costmap.global_costmap]: Initialized plugin "static_layer"
[planner_server-9] [INFO] [1789634016.239072650] [global_costmap.global_costmap]: Using plugin "obstacle_layer"
[planner_server-9] [INFO] [1789634016.239447904] [global_costmap.global_costmap]: Subscribed to Topics: scan
[planner_server-9] [INFO] [1789634016.260688795] [global_costmap.global_costmap]: Initialized plugin "obstacle_layer"
[planner_server-9] [INFO] [1789634016.260761180] [global_costmap.global_costmap]: Using plugin "inflation_layer"
[planner_server-9] [INFO] [1789634016.267150765] [global_costmap.global_costmap]: Initialized plugin "inflation_layer"
[spawn_entity.py-3] [INFO] [1789634016.321156147] [spawn_swerve]: Spawn Entity started
[spawn_entity.py-3] [INFO] [1789634016.321620405] [spawn_swerve]: Loading entity published on topic robot_description
[spawn_entity.py-3] [INFO] [1789634016.331093065] [spawn_swerve]: Waiting for entity xml on robot_description
[planner_server-9] [INFO] [1789634016.405845286] [planner_server]: Created global planner plugin GridBased of type nav2_navfn_planner/NavfnPlanner
[planner_server-9] [INFO] [1789634016.405895422] [planner_server]: Configuring plugin GridBased of type NavfnPlanner
[planner_server-9] [INFO] [1789634016.413825474] [planner_server]: Planner Server has GridBased  planners available.
[lifecycle_manager-13] [INFO] [1789634016.513958784] [lifecycle_manager_navigation]: [34m[1mConfiguring behavior_server[0m[0m
[behavior_server-10] [INFO] [1789634016.515044207] [behavior_server]: Configuring
[behavior_server-10] [INFO] [1789634016.564589440] [behavior_server]: Creating behavior plugin spin of type nav2_behaviors/Spin
[behavior_server-10] [INFO] [1789634016.565462026] [behavior_server]: Configuring spin
[behavior_server-10] [INFO] [1789634016.638875858] [behavior_server]: Creating behavior plugin backup of type nav2_behaviors/BackUp
[behavior_server-10] [INFO] [1789634016.639756172] [behavior_server]: Configuring backup
[v30e_sim_node-5] [INFO] [1789634016.671437538] [v30e_sim_node]: Using Gazebo /get_entity_state internally; odometry is not a V30E measurement input
[behavior_server-10] [INFO] [1789634016.673490368] [behavior_server]: Creating behavior plugin drive_on_heading of type nav2_behaviors/DriveOnHeading
[behavior_server-10] [INFO] [1789634016.674828915] [behavior_server]: Configuring drive_on_heading
[behavior_server-10] [INFO] [1789634016.726212194] [behavior_server]: Creating behavior plugin wait of type nav2_behaviors/Wait
[behavior_server-10] [INFO] [1789634016.727140410] [behavior_server]: Configuring wait
[lifecycle_manager-13] [INFO] [1789634016.773898415] [lifecycle_manager_navigation]: [34m[1mConfiguring bt_navigator[0m[0m
[bt_navigator-11] [INFO] [1789634016.775311589] [bt_navigator]: Configuring
[lifecycle_manager-13] [INFO] [1789634017.504847613] [lifecycle_manager_navigation]: [34m[1mConfiguring waypoint_follower[0m[0m
[waypoint_follower-12] [INFO] [1789634017.510258345] [waypoint_follower]: Configuring
[waypoint_follower-12] [INFO] [1789634017.576512312] [waypoint_follower]: Created waypoint_task_executor : wait_at_waypoint of type nav2_waypoint_follower::WaitAtWaypoint
[waypoint_follower-12] [INFO] [1789634017.576701638] [waypoint_follower]: Waypoint pause duration is set to zero, disabling task executor plugin.
[lifecycle_manager-13] [INFO] [1789634017.581549305] [lifecycle_manager_navigation]: [34m[1mActivating map_server[0m[0m
[map_server-7] [INFO] [1789634017.583823121] [map_server]: Activating
[map_server-7] [INFO] [1789634017.587639990] [map_server]: Creating bond (map_server) to lifecycle manager.
[planner_server-9] [INFO] [1789634017.589929796] [global_costmap.global_costmap]: StaticLayer: Resizing costmap to 676 X 680 at 0.050000 m/pix
[lifecycle_manager-13] [INFO] [1789634017.702416689] [lifecycle_manager_navigation]: Server map_server connected with bond.
[lifecycle_manager-13] [INFO] [1789634017.702496418] [lifecycle_manager_navigation]: [34m[1mActivating controller_server[0m[0m
[controller_server-8] [INFO] [1789634017.703540205] [controller_server]: Activating
[controller_server-8] [INFO] [1789634017.703603138] [local_costmap.local_costmap]: Activating
[controller_server-8] [INFO] [1789634017.703620563] [local_costmap.local_costmap]: Checking transform
[controller_server-8] [INFO] [1789634017.703655930] [local_costmap.local_costmap]: Timed out waiting for transform from base_footprint to odom to become available, tf error: Invalid frame ID "odom" passed to canTransform argument target_frame - frame does not exist
[spawn_entity.py-3] [INFO] [1789634018.166215809] [spawn_swerve]: Waiting for service /spawn_entity, timeout = 30
[spawn_entity.py-3] [INFO] [1789634018.166747224] [spawn_swerve]: Waiting for service /spawn_entity
[controller_server-8] [INFO] [1789634018.204481669] [local_costmap.local_costmap]: Timed out waiting for transform from base_footprint to odom to become available, tf error: Invalid frame ID "odom" passed to canTransform argument target_frame - frame does not exist
[controller_server-8] [INFO] [1789634018.704275852] [local_costmap.local_costmap]: Timed out waiting for transform from base_footprint to odom to become available, tf error: Invalid frame ID "odom" passed to canTransform argument target_frame - frame does not exist
[controller_server-8] [INFO] [1789634019.207163007] [local_costmap.local_costmap]: Timed out waiting for transform from base_footprint to odom to become available, tf error: Invalid frame ID "odom" passed to canTransform argument target_frame - frame does not exist
[controller_server-8] [INFO] [1789634019.703758476] [local_costmap.local_costmap]: Timed out waiting for transform from base_footprint to odom to become available, tf error: Invalid frame ID "odom" passed to canTransform argument target_frame - frame does not exist
[controller_server-8] [INFO] [1789634020.203903394] [local_costmap.local_costmap]: Timed out waiting for transform from base_footprint to odom to become available, tf error: Invalid frame ID "odom" passed to canTransform argument target_frame - frame does not exist
[controller_server-8] [INFO] [1789634020.705331958] [local_costmap.local_costmap]: Timed out waiting for transform from base_footprint to odom to become available, tf error: Invalid frame ID "odom" passed to canTransform argument target_frame - frame does not exist
[controller_server-8] [INFO] [1789634021.203906301] [local_costmap.local_costmap]: Timed out waiting for transform from base_footprint to odom to become available, tf error: Invalid frame ID "odom" passed to canTransform argument target_frame - frame does not exist
[controller_server-8] [INFO] [1789634021.707973419] [local_costmap.local_costmap]: Timed out waiting for transform from base_footprint to odom to become available, tf error: Invalid frame ID "odom" passed to canTransform argument target_frame - frame does not exist
[spawn_entity.py-3] [INFO] [1789634021.966405633] [spawn_swerve]: Calling service /spawn_entity
[controller_server-8] [INFO] [1789634022.204555137] [local_costmap.local_costmap]: Timed out waiting for transform from base_footprint to odom to become available, tf error: Invalid frame ID "odom" passed to canTransform argument target_frame - frame does not exist
[gzserver-1] [INFO] [1789634022.247139322] [gazebo_ros_state]: Publishing states of gazebo models at [/model_states]
[gzserver-1] [INFO] [1789634022.261351022] [gazebo_ros_state]: Publishing states of gazebo links at [/link_states]
[controller_server-8] [INFO] [1789634022.704236712] [local_costmap.local_costmap]: Timed out waiting for transform from base_footprint to odom to become available, tf error: Invalid frame ID "odom" passed to canTransform argument target_frame - frame does not exist
[gzserver-1] [INFO] [1789634022.819292175] [imu.imu_ros]: <initial_orientation_as_reference> is unset, using default value of false to comply with REP 145 (world as orientation reference)
[controller_server-8] [INFO] [1789634023.204169383] [local_costmap.local_costmap]: Timed out waiting for transform from base_footprint to odom to become available, tf error: Invalid frame ID "odom" passed to canTransform argument target_frame - frame does not exist
[controller_server-8] [INFO] [1789634023.704277139] [local_costmap.local_costmap]: Timed out waiting for transform from base_footprint to odom to become available, tf error: Invalid frame ID "odom" passed to canTransform argument target_frame - frame does not exist
[controller_server-8] [INFO] [1789634024.204821410] [local_costmap.local_costmap]: Timed out waiting for transform from base_footprint to odom to become available, tf error: Invalid frame ID "odom" passed to canTransform argument target_frame - frame does not exist
[controller_server-8] [INFO] [1789634024.704320894] [local_costmap.local_costmap]: Timed out waiting for transform from base_footprint to odom to become available, tf error: Invalid frame ID "odom" passed to canTransform argument target_frame - frame does not exist
[controller_server-8] [INFO] [1789634025.208077869] [local_costmap.local_costmap]: Timed out waiting for transform from base_footprint to odom to become available, tf error: Invalid frame ID "odom" passed to canTransform argument target_frame - frame does not exist
[controller_server-8] [INFO] [1789634025.704476202] [local_costmap.local_costmap]: Timed out waiting for transform from base_footprint to odom to become available, tf error: Invalid frame ID "odom" passed to canTransform argument target_frame - frame does not exist
[controller_server-8] [INFO] [1789634026.242285253] [local_costmap.local_costmap]: Timed out waiting for transform from base_footprint to odom to become available, tf error: Invalid frame ID "odom" passed to canTransform argument target_frame - frame does not exist
[controller_server-8] [INFO] [1789634026.704707545] [local_costmap.local_costmap]: Timed out waiting for transform from base_footprint to odom to become available, tf error: Invalid frame ID "odom" passed to canTransform argument target_frame - frame does not exist
[controller_server-8] [INFO] [1789634027.204692872] [local_costmap.local_costmap]: Timed out waiting for transform from base_footprint to odom to become available, tf error: Invalid frame ID "odom" passed to canTransform argument target_frame - frame does not exist
[controller_server-8] [INFO] [1789634027.704684274] [local_costmap.local_costmap]: Timed out waiting for transform from base_footprint to odom to become available, tf error: Invalid frame ID "odom" passed to canTransform argument target_frame - frame does not exist
[controller_server-8] [INFO] [1789634028.206165131] [local_costmap.local_costmap]: Timed out waiting for transform from base_footprint to odom to become available, tf error: Invalid frame ID "odom" passed to canTransform argument target_frame - frame does not exist
[controller_server-8] [INFO] [1789634028.704152164] [local_costmap.local_costmap]: Timed out waiting for transform from base_footprint to odom to become available, tf error: Invalid frame ID "odom" passed to canTransform argument target_frame - frame does not exist
[controller_server-8] [INFO] [1789634029.204032037] [local_costmap.local_costmap]: Timed out waiting for transform from base_footprint to odom to become available, tf error: Invalid frame ID "odom" passed to canTransform argument target_frame - frame does not exist
[controller_server-8] [INFO] [1789634029.703754321] [local_costmap.local_costmap]: Timed out waiting for transform from base_footprint to odom to become available, tf error: Invalid frame ID "odom" passed to canTransform argument target_frame - frame does not exist
[controller_server-8] [INFO] [1789634030.203760773] [local_costmap.local_costmap]: Timed out waiting for transform from base_footprint to odom to become available, tf error: Invalid frame ID "odom" passed to canTransform argument target_frame - frame does not exist
[controller_server-8] [INFO] [1789634030.706371294] [local_costmap.local_costmap]: Timed out waiting for transform from base_footprint to odom to become available, tf error: Invalid frame ID "odom" passed to canTransform argument target_frame - frame does not exist
[controller_server-8] [INFO] [1789634031.205146457] [local_costmap.local_costmap]: Timed out waiting for transform from base_footprint to odom to become available, tf error: Invalid frame ID "odom" passed to canTransform argument target_frame - frame does not exist
[controller_server-8] [INFO] [1789634031.705947461] [local_costmap.local_costmap]: Timed out waiting for transform from base_footprint to odom to become available, tf error: Invalid frame ID "odom" passed to canTransform argument target_frame - frame does not exist
[controller_server-8] [INFO] [1789634032.204058938] [local_costmap.local_costmap]: Timed out waiting for transform from base_footprint to odom to become available, tf error: Invalid frame ID "odom" passed to canTransform argument target_frame - frame does not exist
[controller_server-8] [INFO] [1789634032.703848711] [local_costmap.local_costmap]: Timed out waiting for transform from base_footprint to odom to become available, tf error: Invalid frame ID "odom" passed to canTransform argument target_frame - frame does not exist
[controller_server-8] [INFO] [1789634033.204870364] [local_costmap.local_costmap]: Timed out waiting for transform from base_footprint to odom to become available, tf error: Invalid frame ID "odom" passed to canTransform argument target_frame - frame does not exist
[controller_server-8] [INFO] [1789634033.703847523] [local_costmap.local_costmap]: Timed out waiting for transform from base_footprint to odom to become available, tf error: Invalid frame ID "odom" passed to canTransform argument target_frame - frame does not exist
[controller_server-8] [INFO] [1789634034.206626837] [local_costmap.local_costmap]: Timed out waiting for transform from base_footprint to odom to become available, tf error: Invalid frame ID "odom" passed to canTransform argument target_frame - frame does not exist
[controller_server-8] [INFO] [1789634034.705433493] [local_costmap.local_costmap]: Timed out waiting for transform from base_footprint to odom to become available, tf error: Invalid frame ID "odom" passed to canTransform argument target_frame - frame does not exist
[controller_server-8] [INFO] [1789634035.205166871] [local_costmap.local_costmap]: Timed out waiting for transform from base_footprint to odom to become available, tf error: Invalid frame ID "odom" passed to canTransform argument target_frame - frame does not exist
[controller_server-8] [INFO] [1789634035.706134062] [local_costmap.local_costmap]: Timed out waiting for transform from base_footprint to odom to become available, tf error: Invalid frame ID "odom" passed to canTransform argument target_frame - frame does not exist
[spawn_entity.py-3] [INFO] [1789634036.125085431] [spawn_swerve]: Spawn status: SpawnEntity: Successfully spawned entity [swerve_base]
[controller_server-8] [INFO] [1789634036.205045184] [local_costmap.local_costmap]: Timed out waiting for transform from base_footprint to odom to become available, tf error: Invalid frame ID "odom" passed to canTransform argument target_frame - frame does not exist
[gzserver-1] [INFO] [1789634036.386060661] [gazebo_ros2_control]: Loading gazebo_ros2_control plugin
[INFO] [spawn_entity.py-3]: process has finished cleanly [pid 140291]
[INFO] [spawner-15]: process started with pid [140748]
[gzserver-1] [INFO] [1789634036.465999376] [gazebo_ros2_control]: Starting gazebo_ros2_control plugin in namespace: /
[gzserver-1] [INFO] [1789634036.466148711] [gazebo_ros2_control]: Starting gazebo_ros2_control plugin in ros 2 node: gazebo_ros2_control
[gzserver-1] [INFO] [1789634036.550165923] [gazebo_ros2_control]: connected to service!! robot_state_publisher
[gzserver-1] [INFO] [1789634036.555443747] [gazebo_ros2_control]: Received urdf from param server, parsing...
[gzserver-1] [INFO] [1789634036.555732891] [gazebo_ros2_control]: Loading parameter files /home/yahboom/swerve_bringup/install/swerve_bringup/share/swerve_bringup/config/controllers.yaml
[gzserver-1] [INFO] [1789634036.586514418] [gazebo_ros2_control]: Loading joint: steer_front_joint
[gzserver-1] [INFO] [1789634036.586681694] [gazebo_ros2_control]: 	State:
[gzserver-1] [INFO] [1789634036.586700657] [gazebo_ros2_control]: 		 position
[gzserver-1] [INFO] [1789634036.586713242] [gazebo_ros2_control]: 		 velocity
[gzserver-1] [INFO] [1789634036.586723838] [gazebo_ros2_control]: 	Command:
[gzserver-1] [INFO] [1789634036.586733824] [gazebo_ros2_control]: 		 position
[gzserver-1] [INFO] [1789634036.589316924] [gazebo_ros2_control]: Loading joint: steer_rear_joint
[gzserver-1] [INFO] [1789634036.589365750] [gazebo_ros2_control]: 	State:
[gzserver-1] [INFO] [1789634036.589378610] [gazebo_ros2_control]: 		 position
[gzserver-1] [INFO] [1789634036.589390544] [gazebo_ros2_control]: 		 velocity
[gzserver-1] [INFO] [1789634036.589400504] [gazebo_ros2_control]: 	Command:
[gzserver-1] [INFO] [1789634036.589410140] [gazebo_ros2_control]: 		 position
[gzserver-1] [INFO] [1789634036.595574453] [gazebo_ros2_control]: Loading joint: wheel_front_drive_joint
[gzserver-1] [INFO] [1789634036.595688590] [gazebo_ros2_control]: 	State:
[gzserver-1] [INFO] [1789634036.595707347] [gazebo_ros2_control]: 		 position
[gzserver-1] [INFO] [1789634036.595719605] [gazebo_ros2_control]: 		 velocity
[gzserver-1] [INFO] [1789634036.595729497] [gazebo_ros2_control]: 	Command:
[gzserver-1] [INFO] [1789634036.595755277] [gazebo_ros2_control]: 		 velocity
[gzserver-1] [INFO] [1789634036.605380266] [gazebo_ros2_control]: Loading joint: wheel_rear_drive_joint
[gzserver-1] [INFO] [1789634036.605590827] [gazebo_ros2_control]: 	State:
[gzserver-1] [INFO] [1789634036.605607778] [gazebo_ros2_control]: 		 position
[gzserver-1] [INFO] [1789634036.605619118] [gazebo_ros2_control]: 		 velocity
[gzserver-1] [INFO] [1789634036.605628529] [gazebo_ros2_control]: 	Command:
[gzserver-1] [INFO] [1789634036.605679530] [gazebo_ros2_control]: 		 velocity
[gzserver-1] [INFO] [1789634036.617360922] [resource_manager]: Initialize hardware 'GazeboSystem' 
[gzserver-1] [INFO] [1789634036.617680819] [resource_manager]: Successful initialization of hardware 'GazeboSystem'
[gzserver-1] [INFO] [1789634036.617830587] [resource_manager]: 'configure' hardware 'GazeboSystem' 
[gzserver-1] [INFO] [1789634036.617845823] [resource_manager]: Successful 'configure' of hardware 'GazeboSystem'
[gzserver-1] [INFO] [1789634036.617853730] [resource_manager]: 'activate' hardware 'GazeboSystem' 
[gzserver-1] [INFO] [1789634036.617860613] [resource_manager]: Successful 'activate' of hardware 'GazeboSystem'
[gzserver-1] [INFO] [1789634036.617962930] [gazebo_ros2_control]: Loading controller_manager
[controller_server-8] [INFO] [1789634036.703827332] [local_costmap.local_costmap]: Timed out waiting for transform from base_footprint to odom to become available, tf error: Invalid frame ID "odom" passed to canTransform argument target_frame - frame does not exist
[gzserver-1] [WARN] [1789634036.973869437] [gazebo_ros2_control]:  Desired controller update period (0.01 s) is slower than the gazebo simulation period (0.001 s).
[gzserver-1] [INFO] [1789634036.979403566] [gazebo_ros2_control]: Loaded gazebo_ros2_control.
[controller_server-8] [INFO] [1789634037.203956726] [local_costmap.local_costmap]: start
[controller_server-8] [INFO] [1789634037.367791756] [controller_server]: Creating bond (controller_server) to lifecycle manager.
[lifecycle_manager-13] [INFO] [1789634037.517948788] [lifecycle_manager_navigation]: Server controller_server connected with bond.
[lifecycle_manager-13] [INFO] [1789634037.528528555] [lifecycle_manager_navigation]: [34m[1mActivating planner_server[0m[0m
[planner_server-9] [INFO] [1789634037.544648341] [planner_server]: Activating
[planner_server-9] [INFO] [1789634037.544714824] [global_costmap.global_costmap]: Activating
[planner_server-9] [INFO] [1789634037.544732043] [global_costmap.global_costmap]: Checking transform
[planner_server-9] [INFO] [1789634037.544767180] [global_costmap.global_costmap]: Timed out waiting for transform from base_footprint to map to become available, tf error: Invalid frame ID "map" passed to canTransform argument target_frame - frame does not exist
[spawner-15] [INFO] [1789634037.783360250] [spawn_joint_state_broadcaster]: waiting for service /controller_manager/list_controllers to become available...
[planner_server-9] [INFO] [1789634038.045249662] [global_costmap.global_costmap]: start
[gzserver-1] [INFO] [1789634038.402515491] [controller_manager]: Loading controller 'joint_state_broadcaster'
[planner_server-9] [INFO] [1789634038.606345512] [planner_server]: Activating plugin GridBased of type NavfnPlanner
[planner_server-9] [INFO] [1789634038.639777032] [planner_server]: Creating bond (planner_server) to lifecycle manager.
[spawner-15] [INFO] [1789634038.644347829] [spawn_joint_state_broadcaster]: [94mLoaded [1mjoint_state_broadcaster[0m
[gzserver-1] [INFO] [1789634038.661087013] [controller_manager]: Configuring controller 'joint_state_broadcaster'
[gzserver-1] [INFO] [1789634038.661582583] [joint_state_broadcaster]: 'joints' or 'interfaces' parameter is empty. All available state interfaces will be published
[lifecycle_manager-13] [INFO] [1789634038.767224854] [lifecycle_manager_navigation]: Server planner_server connected with bond.
[lifecycle_manager-13] [INFO] [1789634038.767318350] [lifecycle_manager_navigation]: [34m[1mActivating behavior_server[0m[0m
[behavior_server-10] [INFO] [1789634038.767795328] [behavior_server]: Activating
[behavior_server-10] [INFO] [1789634038.767848686] [behavior_server]: Activating spin
[behavior_server-10] [INFO] [1789634038.767869886] [behavior_server]: Activating backup
[behavior_server-10] [INFO] [1789634038.767881467] [behavior_server]: Activating drive_on_heading
[behavior_server-10] [INFO] [1789634038.767892711] [behavior_server]: Activating wait
[behavior_server-10] [INFO] [1789634038.767911101] [behavior_server]: Creating bond (behavior_server) to lifecycle manager.
[lifecycle_manager-13] [INFO] [1789634038.877404336] [lifecycle_manager_navigation]: Server behavior_server connected with bond.
[lifecycle_manager-13] [INFO] [1789634038.877494301] [lifecycle_manager_navigation]: [34m[1mActivating bt_navigator[0m[0m
[bt_navigator-11] [INFO] [1789634038.880498612] [bt_navigator]: Activating
[spawner-15] [INFO] [1789634039.097943515] [spawn_joint_state_broadcaster]: [92mConfigured and activated [1mjoint_state_broadcaster[0m
[INFO] [spawner-15]: process has finished cleanly [pid 140748]
[INFO] [spawner-16]: process started with pid [140769]
[bt_navigator-11] [INFO] [1789634039.620271687] [bt_navigator]: Creating bond (bt_navigator) to lifecycle manager.
[lifecycle_manager-13] [INFO] [1789634039.739317079] [lifecycle_manager_navigation]: Server bt_navigator connected with bond.
[lifecycle_manager-13] [INFO] [1789634039.739373824] [lifecycle_manager_navigation]: [34m[1mActivating waypoint_follower[0m[0m
[waypoint_follower-12] [INFO] [1789634039.745224850] [waypoint_follower]: Activating
[waypoint_follower-12] [INFO] [1789634039.745306337] [waypoint_follower]: Creating bond (waypoint_follower) to lifecycle manager.
[lifecycle_manager-13] [INFO] [1789634039.866034328] [lifecycle_manager_navigation]: Server waypoint_follower connected with bond.
[lifecycle_manager-13] [INFO] [1789634039.866095457] [lifecycle_manager_navigation]: [34m[1mManaged nodes are active[0m[0m
[lifecycle_manager-13] [INFO] [1789634039.866110932] [lifecycle_manager_navigation]: [34m[1mCreating bond timer...[0m[0m
[spawner-16] [INFO] [1789634040.753043196] [spawn_steering_controller]: waiting for service /controller_manager/list_controllers to become available...
[gzserver-1] [INFO] [1789634041.015745973] [controller_manager]: Loading controller 'steering_controller'
[spawner-16] [INFO] [1789634041.228822811] [spawn_steering_controller]: [94mLoaded [1msteering_controller[0m
[gzserver-1] [INFO] [1789634041.243688123] [controller_manager]: Configuring controller 'steering_controller'
[gzserver-1] [INFO] [1789634041.252619235] [steering_controller]: configure successful
[gzserver-1] [INFO] [1789634041.272672812] [steering_controller]: activate successful
[spawner-16] [INFO] [1789634041.288545896] [spawn_steering_controller]: [92mConfigured and activated [1msteering_controller[0m
[INFO] [spawner-16]: process has finished cleanly [pid 140769]
[INFO] [spawner-17]: process started with pid [140787]
[spawner-17] [INFO] [1789634042.767888211] [spawn_drive_controller]: waiting for service /controller_manager/list_controllers to become available...
[gzserver-1] [INFO] [1789634043.544065787] [controller_manager]: Loading controller 'drive_controller'
[spawner-17] [INFO] [1789634043.729535231] [spawn_drive_controller]: [94mLoaded [1mdrive_controller[0m
[gzserver-1] [INFO] [1789634043.737365514] [controller_manager]: Configuring controller 'drive_controller'
[gzserver-1] [INFO] [1789634043.746953596] [drive_controller]: configure successful
[gzserver-1] [INFO] [1789634043.784834208] [drive_controller]: activate successful
[spawner-17] [INFO] [1789634043.807396219] [spawn_drive_controller]: [92mConfigured and activated [1mdrive_controller[0m
[INFO] [spawner-17]: process has finished cleanly [pid 140787]
[INFO] [swerve_controller_node-18]: process started with pid [140799]
[INFO] [swerve_odometry_node-19]: process started with pid [140801]
[swerve_controller_node-18] [INFO] [1789634045.819602171] [swerve_controller]: Swerve controller ready: radius=0.0675 m, modules={'front': (0.300042, 0.0), 'rear': (-0.300042, 0.0)}
[swerve_odometry_node-19] [INFO] [1789634045.932180088] [swerve_odometry]: Encoder odometry ready: radius=0.0637 m, velocity_sign=+1.0
[WARNING] [launch]: user interrupted with ctrl-c (SIGINT)
[robot_state_publisher-2] [INFO] [1789634059.105644949] [rclcpp]: signal_handler(signum=2)
[controller_server-8] [INFO] [1789634059.105765594] [rclcpp]: signal_handler(signum=2)
[INFO] [swerve_odometry_node-19]: sending signal 'SIGINT' to process[swerve_odometry_node-19]
[INFO] [swerve_controller_node-18]: sending signal 'SIGINT' to process[swerve_controller_node-18]
[INFO] [lifecycle_manager-13]: sending signal 'SIGINT' to process[lifecycle_manager-13]
[INFO] [waypoint_follower-12]: sending signal 'SIGINT' to process[waypoint_follower-12]
[INFO] [bt_navigator-11]: sending signal 'SIGINT' to process[bt_navigator-11]
[INFO] [behavior_server-10]: sending signal 'SIGINT' to process[behavior_server-10]
[INFO] [planner_server-9]: sending signal 'SIGINT' to process[planner_server-9]
[INFO] [controller_server-8]: sending signal 'SIGINT' to process[controller_server-8]
[INFO] [map_server-7]: sending signal 'SIGINT' to process[map_server-7]
[INFO] [ekf_node-6]: sending signal 'SIGINT' to process[ekf_node-6]
[INFO] [v30e_sim_node-5]: sending signal 'SIGINT' to process[v30e_sim_node-5]
[INFO] [ekf_node-4]: sending signal 'SIGINT' to process[ekf_node-4]
[INFO] [robot_state_publisher-2]: sending signal 'SIGINT' to process[robot_state_publisher-2]
[INFO] [gzserver-1]: sending signal 'SIGINT' to process[gzserver-1]
[ERROR] [ekf_node-6]: process has died [pid 140297, exit code -2, cmd '/opt/ros/humble/lib/robot_localization/ekf_node --ros-args -r __node:=ekf_v30e --params-file /home/yahboom/swerve_bringup/install/swerve_bringup/share/swerve_bringup/config/v30e_localization_ekf.yaml --params-file /tmp/launch_params_t4nsj348 -r odometry/filtered:=/odometry/v30e'].
[ekf_node-6] [INFO] [1789634059.105843081] [rclcpp]: signal_handler(signum=2)
[ekf_node-4] [INFO] [1789634059.106346000] [rclcpp]: signal_handler(signum=2)
[waypoint_follower-12] [INFO] [1789634059.106515822] [rclcpp]: signal_handler(signum=2)
[waypoint_follower-12] [INFO] [1789634059.114168692] [waypoint_follower]: Running Nav2 LifecycleNode rcl preshutdown (waypoint_follower)
[waypoint_follower-12] [INFO] [1789634059.114369999] [waypoint_follower]: Deactivating
[waypoint_follower-12] [INFO] [1789634059.114404351] [waypoint_follower]: Destroying bond (waypoint_follower) to lifecycle manager.
[waypoint_follower-12] [INFO] [1789634059.133760173] [waypoint_follower]: Cleaning up
[planner_server-9] [INFO] [1789634059.108469413] [rclcpp]: signal_handler(signum=2)
[planner_server-9] [INFO] [1789634059.114640917] [planner_server]: Running Nav2 LifecycleNode rcl preshutdown (planner_server)
[planner_server-9] [INFO] [1789634059.114720302] [planner_server]: Deactivating
[planner_server-9] [INFO] [1789634059.114761527] [global_costmap.global_costmap]: Deactivating
[ERROR] [ekf_node-4]: process has died [pid 140293, exit code -2, cmd '/opt/ros/humble/lib/robot_localization/ekf_node --ros-args -r __node:=ekf_filter_node --params-file /home/yahboom/swerve_bringup/install/swerve_bringup/share/swerve_bringup/config/ekf.yaml --params-file /tmp/launch_params_rfyoswea -r /odom:=/odom -r /imu/data:=/imu/data'].
[lifecycle_manager-13] [INFO] [1789634059.108487332] [rclcpp]: signal_handler(signum=2)
[lifecycle_manager-13] [INFO] [1789634059.109076004] [lifecycle_manager_navigation]: Running Nav2 LifecycleManager rcl preshutdown (lifecycle_manager_navigation)
[lifecycle_manager-13] [INFO] [1789634059.109129669] [lifecycle_manager_navigation]: [34m[1mTerminating bond timer...[0m[0m
[controller_server-8] [INFO] [1789634059.108630466] [controller_server]: Running Nav2 LifecycleNode rcl preshutdown (controller_server)
[controller_server-8] [INFO] [1789634059.108817635] [controller_server]: Deactivating
[controller_server-8] [INFO] [1789634059.108882697] [local_costmap.local_costmap]: Deactivating
[behavior_server-10] [INFO] [1789634059.112229810] [rclcpp]: signal_handler(signum=2)
[behavior_server-10] [INFO] [1789634059.112329497] [behavior_server]: Running Nav2 LifecycleNode rcl preshutdown (behavior_server)
[behavior_server-10] [INFO] [1789634059.112413987] [behavior_server]: Deactivating
[behavior_server-10] [INFO] [1789634059.112476414] [behavior_server]: Destroying bond (behavior_server) to lifecycle manager.
[behavior_server-10] [INFO] [1789634059.142856573] [behavior_server]: Cleaning up
[bt_navigator-11] [INFO] [1789634059.115601451] [rclcpp]: signal_handler(signum=2)
[bt_navigator-11] [INFO] [1789634059.120713747] [bt_navigator]: Running Nav2 LifecycleNode rcl preshutdown (bt_navigator)
[bt_navigator-11] [INFO] [1789634059.120832298] [bt_navigator]: Deactivating
[bt_navigator-11] [INFO] [1789634059.120873330] [bt_navigator]: Destroying bond (bt_navigator) to lifecycle manager.
[map_server-7] [INFO] [1789634059.115659041] [rclcpp]: signal_handler(signum=2)
[map_server-7] [INFO] [1789634059.118948557] [map_server]: Running Nav2 LifecycleNode rcl preshutdown (map_server)
[map_server-7] [INFO] [1789634059.119050939] [map_server]: Deactivating
[map_server-7] [INFO] [1789634059.119081526] [map_server]: Destroying bond (map_server) to lifecycle manager.
[swerve_controller_node-18] Traceback (most recent call last):
[swerve_controller_node-18]   File "/home/yahboom/swerve_bringup/install/swerve_bringup/lib/swerve_bringup/swerve_controller_node", line 192, in <module>
[swerve_controller_node-18]     main()
[swerve_controller_node-18]   File "/home/yahboom/swerve_bringup/install/swerve_bringup/lib/swerve_bringup/swerve_controller_node", line 184, in main
[swerve_controller_node-18]     node.steer_pub.publish(Float64MultiArray(data=[
[swerve_controller_node-18]   File "/opt/ros/humble/local/lib/python3.10/dist-packages/rclpy/publisher.py", line 70, in publish
[swerve_controller_node-18]     self.__publisher.publish(msg)
[swerve_controller_node-18] rclpy._rclpy_pybind11.RCLError: Failed to publish: publisher's context is invalid, at ./src/rcl/publisher.c:389
[swerve_controller_node-18] Error in sys.excepthook:
[swerve_controller_node-18] Traceback (most recent call last):
[swerve_controller_node-18]   File "/usr/lib/python3/dist-packages/apport_python_hook.py", line 72, in apport_excepthook
[swerve_controller_node-18]     from apport.fileutils import likely_packaged, get_recent_crashes
[swerve_controller_node-18]   File "/usr/lib/python3/dist-packages/apport/__init__.py", line 5, in <module>
[swerve_controller_node-18]     from apport.report import Report
[swerve_controller_node-18]   File "/usr/lib/python3/dist-packages/apport/report.py", line 15, in <module>
[swerve_controller_node-18]     import xml.dom, xml.dom.minidom
[swerve_controller_node-18]   File "<frozen importlib._bootstrap>", line 1027, in _find_and_load
[swerve_controller_node-18]   File "<frozen importlib._bootstrap>", line 1006, in _find_and_load_unlocked
[swerve_controller_node-18]   File "<frozen importlib._bootstrap>", line 688, in _load_unlocked
[swerve_controller_node-18]   File "<frozen importlib._bootstrap_external>", line 879, in exec_module
[swerve_controller_node-18]   File "<frozen importlib._bootstrap_external>", line 975, in get_code
[swerve_controller_node-18]   File "<frozen importlib._bootstrap_external>", line 1074, in get_data
[swerve_controller_node-18] KeyboardInterrupt
[swerve_controller_node-18] 
[swerve_controller_node-18] Original exception was:
[swerve_controller_node-18] Traceback (most recent call last):
[swerve_controller_node-18]   File "/home/yahboom/swerve_bringup/install/swerve_bringup/lib/swerve_bringup/swerve_controller_node", line 192, in <module>
[swerve_controller_node-18]     main()
[swerve_controller_node-18]   File "/home/yahboom/swerve_bringup/install/swerve_bringup/lib/swerve_bringup/swerve_controller_node", line 184, in main
[lifecycle_manager-13] [INFO] [1789634059.180596701] [rclcpp]: signal_handler(signum=2)
[swerve_controller_node-18]     node.steer_pub.publish(Float64MultiArray(data=[
[swerve_controller_node-18]   File "/opt/ros/humble/local/lib/python3.10/dist-packages/rclpy/publisher.py", line 70, in publish
[swerve_controller_node-18]     self.__publisher.publish(msg)
[swerve_controller_node-18] rclpy._rclpy_pybind11.RCLError: Failed to publish: publisher's context is invalid, at ./src/rcl/publisher.c:389
[waypoint_follower-12] [INFO] [1789634059.194307976] [rclcpp]: signal_handler(signum=2)
[map_server-7] [INFO] [1789634059.194726201] [map_server]: Cleaning up
[map_server-7] [INFO] [1789634059.195207732] [map_server]: Destroying bond (map_server) to lifecycle manager.
[bt_navigator-11] [INFO] [1789634059.194924940] [rclcpp]: signal_handler(signum=2)
[behavior_server-10] [INFO] [1789634059.205096734] [rclcpp]: signal_handler(signum=2)
[controller_server-8] [INFO] [1789634059.207683012] [controller_server]: Destroying bond (controller_server) to lifecycle manager.
[swerve_odometry_node-19] Traceback (most recent call last):
[swerve_odometry_node-19]   File "/home/yahboom/swerve_bringup/install/swerve_bringup/lib/swerve_bringup/swerve_odometry_node", line 221, in <module>
[swerve_odometry_node-19]     main()
[swerve_odometry_node-19]   File "/home/yahboom/swerve_bringup/install/swerve_bringup/lib/swerve_bringup/swerve_odometry_node", line 215, in main
[swerve_odometry_node-19]     node.destroy_node()
[swerve_odometry_node-19]   File "/opt/ros/humble/local/lib/python3.10/dist-packages/rclpy/node.py", line 1685, in destroy_node
[swerve_odometry_node-19]     self.destroy_publisher(self._publishers[0])
[swerve_odometry_node-19]   File "/opt/ros/humble/local/lib/python3.10/dist-packages/rclpy/node.py", line 1565, in destroy_publisher
[swerve_odometry_node-19]     publisher.destroy()
[swerve_odometry_node-19]   File "/opt/ros/humble/local/lib/python3.10/dist-packages/rclpy/publisher.py", line 99, in destroy
[swerve_odometry_node-19]     self.__publisher.destroy_when_not_in_use()
[swerve_odometry_node-19] KeyboardInterrupt
[planner_server-9] [INFO] [1789634059.217970259] [rclcpp]: signal_handler(signum=2)
[controller_server-8] [INFO] [1789634059.221325805] [rclcpp]: signal_handler(signum=2)
[map_server-7] [INFO] [1789634059.235068172] [rclcpp]: signal_handler(signum=2)
[bt_navigator-11] [INFO] [1789634059.243250878] [bt_navigator]: Cleaning up
[robot_state_publisher-2] [INFO] [1789634059.265391402] [rclcpp]: signal_handler(signum=2)
[controller_server-8] [INFO] [1789634059.274534936] [controller_server]: Cleaning up
[controller_server-8] [INFO] [1789634059.274726976] [local_costmap.local_costmap]: Cleaning up
[v30e_sim_node-5] Traceback (most recent call last):
[v30e_sim_node-5]   File "/home/yahboom/swerve_bringup/install/swerve_bringup/lib/swerve_bringup/v30e_sim_node", line 188, in <module>
[v30e_sim_node-5]     if __name__ == '__main__': main()
[v30e_sim_node-5]   File "/home/yahboom/swerve_bringup/install/swerve_bringup/lib/swerve_bringup/v30e_sim_node", line 185, in main
[v30e_sim_node-5]     node.destroy_node(); rclpy.shutdown()
[v30e_sim_node-5]   File "/opt/ros/humble/local/lib/python3.10/dist-packages/rclpy/node.py", line 1691, in destroy_node
[v30e_sim_node-5]     self.destroy_service(self._services[0])
[v30e_sim_node-5]   File "/opt/ros/humble/local/lib/python3.10/dist-packages/rclpy/node.py", line 1615, in destroy_service
[v30e_sim_node-5]     service.destroy()
[v30e_sim_node-5]   File "/opt/ros/humble/local/lib/python3.10/dist-packages/rclpy/service.py", line 93, in destroy
[v30e_sim_node-5]     self.__service.destroy_when_not_in_use()
[v30e_sim_node-5] KeyboardInterrupt
[map_server-7] [INFO] [1789634059.318699781] [map_server]: Destroying
[waypoint_follower-12] [INFO] [1789634059.384670409] [waypoint_follower]: Destroying bond (waypoint_follower) to lifecycle manager.
[behavior_server-10] [INFO] [1789634059.402644540] [behavior_server]: Destroying bond (behavior_server) to lifecycle manager.
[waypoint_follower-12] [INFO] [1789634059.405699288] [waypoint_follower]: Destroying
[ERROR] [v30e_sim_node-5]: process has died [pid 140295, exit code -2, cmd '/home/yahboom/swerve_bringup/install/swerve_bringup/lib/swerve_bringup/v30e_sim_node --ros-args -r __node:=v30e_sim_node --params-file /home/yahboom/swerve_bringup/install/swerve_bringup/share/swerve_bringup/config/v30e_sim.yaml --params-file /tmp/launch_params_6wayjehc'].
[behavior_server-10] [INFO] [1789634059.524008441] [behavior_server]: Destroying
[INFO] [robot_state_publisher-2]: process has finished cleanly [pid 140289]
[planner_server-9] [INFO] [1789634059.546227516] [planner_server]: Deactivating plugin GridBased of type NavfnPlanner
[planner_server-9] [INFO] [1789634059.546299835] [planner_server]: Destroying bond (planner_server) to lifecycle manager.
[ERROR] [swerve_odometry_node-19]: process has died [pid 140801, exit code -2, cmd '/home/yahboom/swerve_bringup/install/swerve_bringup/lib/swerve_bringup/swerve_odometry_node --ros-args -r __node:=swerve_odometry --params-file /home/yahboom/swerve_bringup/install/swerve_bringup/share/swerve_bringup/config/swerve_odometry.yaml --params-file /tmp/launch_params_7p3whecy'].
[planner_server-9] [INFO] [1789634059.557210812] [planner_server]: Cleaning up
[INFO] [map_server-7]: process has finished cleanly [pid 140299]
[controller_server-8] [INFO] [1789634059.623905596] [controller_server]: Destroying bond (controller_server) to lifecycle manager.
[lifecycle_manager-13] [INFO] [1789634059.630477710] [lifecycle_manager_navigation]: Destroying lifecycle_manager_navigation
[ERROR] [swerve_controller_node-18]: process has died [pid 140799, exit code 1, cmd '/home/yahboom/swerve_bringup/install/swerve_bringup/lib/swerve_bringup/swerve_controller_node --ros-args -r __node:=swerve_controller --params-file /home/yahboom/swerve_bringup/install/swerve_bringup/share/swerve_bringup/config/swerve_controller.yaml --params-file /tmp/launch_params_6rcl741o'].
[controller_server-8] [INFO] [1789634059.652344311] [local_costmap.local_costmap]: Destroying
[planner_server-9] [INFO] [1789634059.656388998] [global_costmap.global_costmap]: Cleaning up
[planner_server-9] [INFO] [1789634059.686200841] [planner_server]: Cleaning up plugin GridBased of type NavfnPlanner
[planner_server-9] [INFO] [1789634059.686388622] [planner_server]: Destroying plugin GridBased of type NavfnPlanner
[controller_server-8] [INFO] [1789634059.697930969] [controller_server]: Destroying
[INFO] [waypoint_follower-12]: process has finished cleanly [pid 140338]
[planner_server-9] [INFO] [1789634059.732367387] [planner_server]: Destroying bond (planner_server) to lifecycle manager.
[planner_server-9] [INFO] [1789634059.740508303] [global_costmap.global_costmap]: Destroying
[INFO] [behavior_server-10]: process has finished cleanly [pid 140327]
[planner_server-9] [INFO] [1789634059.759961029] [planner_server]: Destroying
[bt_navigator-11] [INFO] [1789634059.805605220] [bt_navigator]: Completed Cleaning up
[bt_navigator-11] [INFO] [1789634059.805688890] [bt_navigator]: Destroying bond (bt_navigator) to lifecycle manager.
[INFO] [lifecycle_manager-13]: process has finished cleanly [pid 140348]
[bt_navigator-11] [INFO] [1789634059.815878664] [bt_navigator]: Destroying
[INFO] [controller_server-8]: process has finished cleanly [pid 140302]
[INFO] [planner_server-9]: process has finished cleanly [pid 140312]
[INFO] [bt_navigator-11]: process has finished cleanly [pid 140334]
[INFO] [gzserver-1]: process has finished cleanly [pid 140287]
