[INFO] [launch]: All log files can be found below /home/yahboom/.ros/log/2026-09-17-18-19-42-068894-yahboom-virtual-machine-171038
[INFO] [launch]: Default logging verbosity is set to INFO
[INFO] [gzserver-1]: process started with pid [171074]
[INFO] [robot_state_publisher-2]: process started with pid [171076]
[INFO] [spawn_entity.py-3]: process started with pid [171078]
[INFO] [ekf_node-4]: process started with pid [171080]
[INFO] [v30e_sim_node-5]: process started with pid [171082]
[INFO] [ekf_node-6]: process started with pid [171084]
[INFO] [map_server-7]: process started with pid [171087]
[INFO] [controller_server-8]: process started with pid [171092]
[INFO] [planner_server-9]: process started with pid [171103]
[INFO] [behavior_server-10]: process started with pid [171113]
[INFO] [bt_navigator-11]: process started with pid [171123]
[INFO] [waypoint_follower-12]: process started with pid [171126]
[INFO] [lifecycle_manager-13]: process started with pid [171139]
[INFO] [swerve_bridge_node-14]: process started with pid [171151]
[bt_navigator-11] [INFO] [1789640385.353998359] [bt_navigator]: 
[bt_navigator-11] 	bt_navigator lifecycle node launched. 
[bt_navigator-11] 	Waiting on external lifecycle transitions to activate
[bt_navigator-11] 	See https://design.ros2.org/articles/node_lifecycle.html for more information.
[bt_navigator-11] [INFO] [1789640385.354177817] [bt_navigator]: Creating
[waypoint_follower-12] [INFO] [1789640385.423067815] [waypoint_follower]: 
[waypoint_follower-12] 	waypoint_follower lifecycle node launched. 
[waypoint_follower-12] 	Waiting on external lifecycle transitions to activate
[waypoint_follower-12] 	See https://design.ros2.org/articles/node_lifecycle.html for more information.
[behavior_server-10] [INFO] [1789640385.433228708] [behavior_server]: 
[behavior_server-10] 	behavior_server lifecycle node launched. 
[behavior_server-10] 	Waiting on external lifecycle transitions to activate
[behavior_server-10] 	See https://design.ros2.org/articles/node_lifecycle.html for more information.
[waypoint_follower-12] [INFO] [1789640385.447860311] [waypoint_follower]: Creating
[controller_server-8] [INFO] [1789640385.453848471] [controller_server]: 
[controller_server-8] 	controller_server lifecycle node launched. 
[controller_server-8] 	Waiting on external lifecycle transitions to activate
[controller_server-8] 	See https://design.ros2.org/articles/node_lifecycle.html for more information.
[controller_server-8] [INFO] [1789640385.484239212] [controller_server]: Creating controller server
[lifecycle_manager-13] [INFO] [1789640385.495122870] [lifecycle_manager_navigation]: Creating
[robot_state_publisher-2] [INFO] [1789640385.507711778] [robot_state_publisher]: got segment base_footprint
[robot_state_publisher-2] [INFO] [1789640385.507854146] [robot_state_publisher]: got segment base_link
[robot_state_publisher-2] [INFO] [1789640385.507868093] [robot_state_publisher]: got segment imu_link
[robot_state_publisher-2] [INFO] [1789640385.507875995] [robot_state_publisher]: got segment lidar_link
[robot_state_publisher-2] [INFO] [1789640385.507882932] [robot_state_publisher]: got segment steer_front_link
[robot_state_publisher-2] [INFO] [1789640385.507889738] [robot_state_publisher]: got segment steer_rear_link
[robot_state_publisher-2] [INFO] [1789640385.507896239] [robot_state_publisher]: got segment v30e_link
[robot_state_publisher-2] [INFO] [1789640385.507902534] [robot_state_publisher]: got segment wheel_front_drive_link
[robot_state_publisher-2] [INFO] [1789640385.507909433] [robot_state_publisher]: got segment wheel_front_left_link
[robot_state_publisher-2] [INFO] [1789640385.507915934] [robot_state_publisher]: got segment wheel_front_right_link
[robot_state_publisher-2] [INFO] [1789640385.507922222] [robot_state_publisher]: got segment wheel_rear_drive_link
[robot_state_publisher-2] [INFO] [1789640385.507928519] [robot_state_publisher]: got segment wheel_rear_left_link
[robot_state_publisher-2] [INFO] [1789640385.507935064] [robot_state_publisher]: got segment wheel_rear_right_link
[map_server-7] [INFO] [1789640385.536026742] [map_server]: 
[map_server-7] 	map_server lifecycle node launched. 
[map_server-7] 	Waiting on external lifecycle transitions to activate
[map_server-7] 	See https://design.ros2.org/articles/node_lifecycle.html for more information.
[map_server-7] [INFO] [1789640385.536224779] [map_server]: Creating
[lifecycle_manager-13] [INFO] [1789640385.588584226] [lifecycle_manager_navigation]: [34m[1mCreating and initializing lifecycle service clients[0m[0m
[planner_server-9] [INFO] [1789640385.651674664] [planner_server]: 
[planner_server-9] 	planner_server lifecycle node launched. 
[planner_server-9] 	Waiting on external lifecycle transitions to activate
[planner_server-9] 	See https://design.ros2.org/articles/node_lifecycle.html for more information.
[planner_server-9] [INFO] [1789640385.659017983] [planner_server]: Creating
[lifecycle_manager-13] [INFO] [1789640385.746473204] [lifecycle_manager_navigation]: [34m[1mStarting managed nodes bringup...[0m[0m
[lifecycle_manager-13] [INFO] [1789640385.746558396] [lifecycle_manager_navigation]: [34m[1mConfiguring map_server[0m[0m
[map_server-7] [INFO] [1789640385.758265810] [map_server]: Configuring
[map_server-7] [INFO] [1789640385.758376421] [map_io]: Loading yaml file: /home/yahboom/swerve_bringup/install/swerve_bringup/share/swerve_bringup/swerve_navigation/maps/warehouse.yaml
[map_server-7] [INFO] [1789640385.758724319] [map_io]: resolution: 0.05
[map_server-7] [INFO] [1789640385.758741778] [map_io]: origin[0]: -17.2
[map_server-7] [INFO] [1789640385.758748529] [map_io]: origin[1]: -17.4
[map_server-7] [INFO] [1789640385.758754174] [map_io]: origin[2]: 0
[map_server-7] [INFO] [1789640385.758760300] [map_io]: free_thresh: 0.25
[map_server-7] [INFO] [1789640385.758766135] [map_io]: occupied_thresh: 0.65
[map_server-7] [INFO] [1789640385.758772461] [map_io]: mode: trinary
[map_server-7] [INFO] [1789640385.758778947] [map_io]: negate: 0
[map_server-7] [INFO] [1789640385.759041372] [map_io]: Loading image_file: /home/yahboom/swerve_bringup/install/swerve_bringup/share/swerve_bringup/swerve_navigation/maps/warehouse.pgm
[swerve_bridge_node-14] Traceback (most recent call last):
[swerve_bridge_node-14]   File "/home/yahboom/swerve_bringup/install/swerve_bridge/lib/swerve_bridge/swerve_bridge_node", line 33, in <module>
[swerve_bridge_node-14]     sys.exit(load_entry_point('swerve-bridge', 'console_scripts', 'swerve_bridge_node')())
[swerve_bridge_node-14]   File "/home/yahboom/swerve_bringup/install/swerve_bridge/lib/swerve_bridge/swerve_bridge_node", line 22, in importlib_load_entry_point
[swerve_bridge_node-14]     for entry_point in distribution(dist_name).entry_points
[swerve_bridge_node-14]   File "/usr/lib/python3.10/importlib/metadata/__init__.py", line 969, in distribution
[swerve_bridge_node-14]     return Distribution.from_name(distribution_name)
[swerve_bridge_node-14]   File "/usr/lib/python3.10/importlib/metadata/__init__.py", line 548, in from_name
[swerve_bridge_node-14]     raise PackageNotFoundError(name)
[swerve_bridge_node-14] importlib.metadata.PackageNotFoundError: No package metadata was found for swerve-bridge
[map_server-7] [INFO] [1789640385.903364864] [map_io]: Read map /home/yahboom/swerve_bringup/install/swerve_bringup/share/swerve_bringup/swerve_navigation/maps/warehouse.pgm: 676 X 680 map @ 0.05 m/cell
[ERROR] [swerve_bridge_node-14]: process has died [pid 171151, exit code 1, cmd '/home/yahboom/swerve_bringup/install/swerve_bridge/lib/swerve_bridge/swerve_bridge_node --ros-args -r __node:=swerve_bridge --params-file /home/yahboom/swerve_bringup/install/swerve_bridge/share/swerve_bridge/config/bridge.yaml --params-file /tmp/launch_params_u4yklf4z'].
[controller_server-8] [INFO] [1789640385.935819593] [local_costmap.local_costmap]: 
[controller_server-8] 	local_costmap lifecycle node launched. 
[controller_server-8] 	Waiting on external lifecycle transitions to activate
[controller_server-8] 	See https://design.ros2.org/articles/node_lifecycle.html for more information.
[controller_server-8] [INFO] [1789640385.936516043] [local_costmap.local_costmap]: Creating Costmap
[planner_server-9] [INFO] [1789640385.939910158] [global_costmap.global_costmap]: 
[planner_server-9] 	global_costmap lifecycle node launched. 
[planner_server-9] 	Waiting on external lifecycle transitions to activate
[planner_server-9] 	See https://design.ros2.org/articles/node_lifecycle.html for more information.
[planner_server-9] [INFO] [1789640385.940531864] [global_costmap.global_costmap]: Creating Costmap
[lifecycle_manager-13] [INFO] [1789640385.989514119] [lifecycle_manager_navigation]: [34m[1mConfiguring controller_server[0m[0m
[controller_server-8] [INFO] [1789640386.493691740] [controller_server]: Configuring controller interface
[controller_server-8] [INFO] [1789640386.509553512] [controller_server]: getting goal checker plugins..
[controller_server-8] [INFO] [1789640386.520056566] [controller_server]: Controller frequency set to 10.0000Hz
[controller_server-8] [INFO] [1789640386.520151607] [local_costmap.local_costmap]: Configuring
[controller_server-8] [INFO] [1789640386.860048832] [local_costmap.local_costmap]: Using plugin "voxel_layer"
[controller_server-8] [INFO] [1789640386.902246976] [local_costmap.local_costmap]: Subscribed to Topics: lidar3d scan
[spawn_entity.py-3] [INFO] [1789640386.951121094] [spawn_swerve]: Spawn Entity started
[spawn_entity.py-3] [INFO] [1789640386.951802513] [spawn_swerve]: Loading entity published on topic robot_description
[spawn_entity.py-3] [INFO] [1789640386.961075700] [spawn_swerve]: Waiting for entity xml on robot_description
[controller_server-8] [INFO] [1789640387.025088913] [local_costmap.local_costmap]: Initialized plugin "voxel_layer"
[controller_server-8] [INFO] [1789640387.025138419] [local_costmap.local_costmap]: Using plugin "inflation_layer"
[controller_server-8] [INFO] [1789640387.025605299] [local_costmap.local_costmap]: Initialized plugin "inflation_layer"
[controller_server-8] [INFO] [1789640387.115877791] [controller_server]: Created progress_checker : progress_checker of type nav2_controller::SimpleProgressChecker
[controller_server-8] [INFO] [1789640387.123415602] [controller_server]: Created goal checker : general_goal_checker of type nav2_controller::SimpleGoalChecker
[controller_server-8] [INFO] [1789640387.126694347] [controller_server]: Controller Server has general_goal_checker  goal checkers available.
[controller_server-8] [INFO] [1789640387.128400972] [controller_server]: Created controller : FollowPath of type dwb_core::DWBLocalPlanner
[controller_server-8] [INFO] [1789640387.128793348] [controller_server]: Setting transform_tolerance to 0.200000
[controller_server-8] [INFO] [1789640387.226787430] [controller_server]: Using critic "RotateToGoal" (dwb_critics::RotateToGoalCritic)
[v30e_sim_node-5] [INFO] [1789640387.250046421] [v30e_sim_node]: Using Gazebo /get_entity_state internally; odometry is not a V30E measurement input
[controller_server-8] [INFO] [1789640387.254516475] [controller_server]: Critic plugin initialized
[controller_server-8] [INFO] [1789640387.257050336] [controller_server]: Using critic "Oscillation" (dwb_critics::OscillationCritic)
[controller_server-8] [INFO] [1789640387.277527253] [controller_server]: Critic plugin initialized
[controller_server-8] [INFO] [1789640387.280341914] [controller_server]: Using critic "BaseObstacle" (dwb_critics::BaseObstacleCritic)
[controller_server-8] [INFO] [1789640387.280553423] [controller_server]: Critic plugin initialized
[controller_server-8] [INFO] [1789640387.280642877] [controller_server]: Using critic "GoalAlign" (dwb_critics::GoalAlignCritic)
[controller_server-8] [INFO] [1789640387.281142219] [controller_server]: Critic plugin initialized
[controller_server-8] [INFO] [1789640387.281204627] [controller_server]: Using critic "PathAlign" (dwb_critics::PathAlignCritic)
[controller_server-8] [INFO] [1789640387.281553866] [controller_server]: Critic plugin initialized
[controller_server-8] [INFO] [1789640387.281610901] [controller_server]: Using critic "PathDist" (dwb_critics::PathDistCritic)
[controller_server-8] [INFO] [1789640387.281923202] [controller_server]: Critic plugin initialized
[controller_server-8] [INFO] [1789640387.282001349] [controller_server]: Using critic "GoalDist" (dwb_critics::GoalDistCritic)
[controller_server-8] [INFO] [1789640387.282301265] [controller_server]: Critic plugin initialized
[controller_server-8] [INFO] [1789640387.282327069] [controller_server]: Controller Server has FollowPath  controllers available.
[lifecycle_manager-13] [INFO] [1789640387.363618313] [lifecycle_manager_navigation]: [34m[1mConfiguring planner_server[0m[0m
[planner_server-9] [INFO] [1789640387.365484449] [planner_server]: Configuring
[planner_server-9] [INFO] [1789640387.365563075] [global_costmap.global_costmap]: Configuring
[planner_server-9] [INFO] [1789640387.412935217] [global_costmap.global_costmap]: Using plugin "static_layer"
[planner_server-9] [INFO] [1789640387.428287907] [global_costmap.global_costmap]: Subscribing to the map topic (/map) with transient local durability
[spawn_entity.py-3] [INFO] [1789640387.436187805] [spawn_swerve]: Waiting for service /spawn_entity, timeout = 30
[spawn_entity.py-3] [INFO] [1789640387.436871783] [spawn_swerve]: Waiting for service /spawn_entity
[planner_server-9] [INFO] [1789640387.451246277] [global_costmap.global_costmap]: Initialized plugin "static_layer"
[planner_server-9] [INFO] [1789640387.451299805] [global_costmap.global_costmap]: Using plugin "obstacle_layer"
[planner_server-9] [INFO] [1789640387.467040788] [global_costmap.global_costmap]: Subscribed to Topics: scan
[planner_server-9] [INFO] [1789640387.481476719] [global_costmap.global_costmap]: Initialized plugin "obstacle_layer"
[planner_server-9] [INFO] [1789640387.481524668] [global_costmap.global_costmap]: Using plugin "inflation_layer"
[planner_server-9] [INFO] [1789640387.488611967] [global_costmap.global_costmap]: Initialized plugin "inflation_layer"
[planner_server-9] [INFO] [1789640387.560627365] [planner_server]: Created global planner plugin GridBased of type nav2_navfn_planner/NavfnPlanner
[planner_server-9] [INFO] [1789640387.560687141] [planner_server]: Configuring plugin GridBased of type NavfnPlanner
[planner_server-9] [INFO] [1789640387.569753281] [planner_server]: Planner Server has GridBased  planners available.
[lifecycle_manager-13] [INFO] [1789640387.651866516] [lifecycle_manager_navigation]: [34m[1mConfiguring behavior_server[0m[0m
[behavior_server-10] [INFO] [1789640387.652419356] [behavior_server]: Configuring
[behavior_server-10] [INFO] [1789640387.721293165] [behavior_server]: Creating behavior plugin spin of type nav2_behaviors/Spin
[behavior_server-10] [INFO] [1789640387.722379862] [behavior_server]: Configuring spin
[behavior_server-10] [INFO] [1789640387.758317275] [behavior_server]: Creating behavior plugin backup of type nav2_behaviors/BackUp
[behavior_server-10] [INFO] [1789640387.759950946] [behavior_server]: Configuring backup
[behavior_server-10] [INFO] [1789640387.791504450] [behavior_server]: Creating behavior plugin drive_on_heading of type nav2_behaviors/DriveOnHeading
[behavior_server-10] [INFO] [1789640387.794006418] [behavior_server]: Configuring drive_on_heading
[behavior_server-10] [INFO] [1789640387.845281285] [behavior_server]: Creating behavior plugin wait of type nav2_behaviors/Wait
[behavior_server-10] [INFO] [1789640387.848413785] [behavior_server]: Configuring wait
[lifecycle_manager-13] [INFO] [1789640387.921733127] [lifecycle_manager_navigation]: [34m[1mConfiguring bt_navigator[0m[0m
[bt_navigator-11] [INFO] [1789640387.923189374] [bt_navigator]: Configuring
[lifecycle_manager-13] [INFO] [1789640388.419002140] [lifecycle_manager_navigation]: [34m[1mConfiguring waypoint_follower[0m[0m
[waypoint_follower-12] [INFO] [1789640388.426651859] [waypoint_follower]: Configuring
[waypoint_follower-12] [INFO] [1789640388.538967675] [waypoint_follower]: Created waypoint_task_executor : wait_at_waypoint of type nav2_waypoint_follower::WaitAtWaypoint
[waypoint_follower-12] [INFO] [1789640388.541492007] [waypoint_follower]: Waypoint pause duration is set to zero, disabling task executor plugin.
[lifecycle_manager-13] [INFO] [1789640388.547034713] [lifecycle_manager_navigation]: [34m[1mActivating map_server[0m[0m
[map_server-7] [INFO] [1789640388.549953196] [map_server]: Activating
[map_server-7] [INFO] [1789640388.550844364] [map_server]: Creating bond (map_server) to lifecycle manager.
[planner_server-9] [INFO] [1789640388.553442180] [global_costmap.global_costmap]: StaticLayer: Resizing costmap to 676 X 680 at 0.050000 m/pix
[lifecycle_manager-13] [INFO] [1789640388.670198620] [lifecycle_manager_navigation]: Server map_server connected with bond.
[lifecycle_manager-13] [INFO] [1789640388.670265133] [lifecycle_manager_navigation]: [34m[1mActivating controller_server[0m[0m
[controller_server-8] [INFO] [1789640388.672950748] [controller_server]: Activating
[controller_server-8] [INFO] [1789640388.673055774] [local_costmap.local_costmap]: Activating
[controller_server-8] [INFO] [1789640388.673074811] [local_costmap.local_costmap]: Checking transform
[controller_server-8] [INFO] [1789640388.673108183] [local_costmap.local_costmap]: Timed out waiting for transform from base_footprint to odom to become available, tf error: Invalid frame ID "odom" passed to canTransform argument target_frame - frame does not exist
[controller_server-8] [INFO] [1789640389.177895570] [local_costmap.local_costmap]: Timed out waiting for transform from base_footprint to odom to become available, tf error: Invalid frame ID "odom" passed to canTransform argument target_frame - frame does not exist
[controller_server-8] [INFO] [1789640389.673179662] [local_costmap.local_costmap]: Timed out waiting for transform from base_footprint to odom to become available, tf error: Invalid frame ID "odom" passed to canTransform argument target_frame - frame does not exist
[controller_server-8] [INFO] [1789640390.174003689] [local_costmap.local_costmap]: Timed out waiting for transform from base_footprint to odom to become available, tf error: Invalid frame ID "odom" passed to canTransform argument target_frame - frame does not exist
[controller_server-8] [INFO] [1789640390.673843675] [local_costmap.local_costmap]: Timed out waiting for transform from base_footprint to odom to become available, tf error: Invalid frame ID "odom" passed to canTransform argument target_frame - frame does not exist
[controller_server-8] [INFO] [1789640391.173412138] [local_costmap.local_costmap]: Timed out waiting for transform from base_footprint to odom to become available, tf error: Invalid frame ID "odom" passed to canTransform argument target_frame - frame does not exist
[controller_server-8] [INFO] [1789640391.673274884] [local_costmap.local_costmap]: Timed out waiting for transform from base_footprint to odom to become available, tf error: Invalid frame ID "odom" passed to canTransform argument target_frame - frame does not exist
[controller_server-8] [INFO] [1789640392.175168409] [local_costmap.local_costmap]: Timed out waiting for transform from base_footprint to odom to become available, tf error: Invalid frame ID "odom" passed to canTransform argument target_frame - frame does not exist
[controller_server-8] [INFO] [1789640392.674257930] [local_costmap.local_costmap]: Timed out waiting for transform from base_footprint to odom to become available, tf error: Invalid frame ID "odom" passed to canTransform argument target_frame - frame does not exist
[spawn_entity.py-3] [INFO] [1789640392.760577282] [spawn_swerve]: Calling service /spawn_entity
[gzserver-1] [INFO] [1789640392.939312624] [gazebo_ros_state]: Publishing states of gazebo models at [/model_states]
[gzserver-1] [INFO] [1789640392.945042680] [gazebo_ros_state]: Publishing states of gazebo links at [/link_states]
[controller_server-8] [INFO] [1789640393.175172160] [local_costmap.local_costmap]: Timed out waiting for transform from base_footprint to odom to become available, tf error: Invalid frame ID "odom" passed to canTransform argument target_frame - frame does not exist
[gzserver-1] [INFO] [1789640393.384448816] [imu.imu_ros]: <initial_orientation_as_reference> is unset, using default value of false to comply with REP 145 (world as orientation reference)
[controller_server-8] [INFO] [1789640393.673952604] [local_costmap.local_costmap]: Timed out waiting for transform from base_footprint to odom to become available, tf error: Invalid frame ID "odom" passed to canTransform argument target_frame - frame does not exist
[controller_server-8] [INFO] [1789640394.174075970] [local_costmap.local_costmap]: Timed out waiting for transform from base_footprint to odom to become available, tf error: Invalid frame ID "odom" passed to canTransform argument target_frame - frame does not exist
[controller_server-8] [INFO] [1789640394.673924417] [local_costmap.local_costmap]: Timed out waiting for transform from base_footprint to odom to become available, tf error: Invalid frame ID "odom" passed to canTransform argument target_frame - frame does not exist
[controller_server-8] [INFO] [1789640395.173460038] [local_costmap.local_costmap]: Timed out waiting for transform from base_footprint to odom to become available, tf error: Invalid frame ID "odom" passed to canTransform argument target_frame - frame does not exist
[controller_server-8] [INFO] [1789640395.673311894] [local_costmap.local_costmap]: Timed out waiting for transform from base_footprint to odom to become available, tf error: Invalid frame ID "odom" passed to canTransform argument target_frame - frame does not exist
[controller_server-8] [INFO] [1789640396.174403784] [local_costmap.local_costmap]: Timed out waiting for transform from base_footprint to odom to become available, tf error: Invalid frame ID "odom" passed to canTransform argument target_frame - frame does not exist
[controller_server-8] [INFO] [1789640396.673200815] [local_costmap.local_costmap]: Timed out waiting for transform from base_footprint to odom to become available, tf error: Invalid frame ID "odom" passed to canTransform argument target_frame - frame does not exist
[controller_server-8] [INFO] [1789640397.174082008] [local_costmap.local_costmap]: Timed out waiting for transform from base_footprint to odom to become available, tf error: Invalid frame ID "odom" passed to canTransform argument target_frame - frame does not exist
[controller_server-8] [INFO] [1789640397.674667127] [local_costmap.local_costmap]: Timed out waiting for transform from base_footprint to odom to become available, tf error: Invalid frame ID "odom" passed to canTransform argument target_frame - frame does not exist
[controller_server-8] [INFO] [1789640398.173384342] [local_costmap.local_costmap]: Timed out waiting for transform from base_footprint to odom to become available, tf error: Invalid frame ID "odom" passed to canTransform argument target_frame - frame does not exist
[controller_server-8] [INFO] [1789640398.674471191] [local_costmap.local_costmap]: Timed out waiting for transform from base_footprint to odom to become available, tf error: Invalid frame ID "odom" passed to canTransform argument target_frame - frame does not exist
[controller_server-8] [INFO] [1789640399.174544312] [local_costmap.local_costmap]: Timed out waiting for transform from base_footprint to odom to become available, tf error: Invalid frame ID "odom" passed to canTransform argument target_frame - frame does not exist
[controller_server-8] [INFO] [1789640399.674293037] [local_costmap.local_costmap]: Timed out waiting for transform from base_footprint to odom to become available, tf error: Invalid frame ID "odom" passed to canTransform argument target_frame - frame does not exist
[controller_server-8] [INFO] [1789640400.175842774] [local_costmap.local_costmap]: Timed out waiting for transform from base_footprint to odom to become available, tf error: Invalid frame ID "odom" passed to canTransform argument target_frame - frame does not exist
[controller_server-8] [INFO] [1789640400.673143652] [local_costmap.local_costmap]: Timed out waiting for transform from base_footprint to odom to become available, tf error: Invalid frame ID "odom" passed to canTransform argument target_frame - frame does not exist
[controller_server-8] [INFO] [1789640401.173501928] [local_costmap.local_costmap]: Timed out waiting for transform from base_footprint to odom to become available, tf error: Invalid frame ID "odom" passed to canTransform argument target_frame - frame does not exist
[controller_server-8] [INFO] [1789640401.674029357] [local_costmap.local_costmap]: Timed out waiting for transform from base_footprint to odom to become available, tf error: Invalid frame ID "odom" passed to canTransform argument target_frame - frame does not exist
[controller_server-8] [INFO] [1789640402.173349688] [local_costmap.local_costmap]: Timed out waiting for transform from base_footprint to odom to become available, tf error: Invalid frame ID "odom" passed to canTransform argument target_frame - frame does not exist
[controller_server-8] [INFO] [1789640402.673577834] [local_costmap.local_costmap]: Timed out waiting for transform from base_footprint to odom to become available, tf error: Invalid frame ID "odom" passed to canTransform argument target_frame - frame does not exist
[controller_server-8] [INFO] [1789640403.173628529] [local_costmap.local_costmap]: Timed out waiting for transform from base_footprint to odom to become available, tf error: Invalid frame ID "odom" passed to canTransform argument target_frame - frame does not exist
[controller_server-8] [INFO] [1789640403.678113476] [local_costmap.local_costmap]: Timed out waiting for transform from base_footprint to odom to become available, tf error: Invalid frame ID "odom" passed to canTransform argument target_frame - frame does not exist
[controller_server-8] [INFO] [1789640404.173422011] [local_costmap.local_costmap]: Timed out waiting for transform from base_footprint to odom to become available, tf error: Invalid frame ID "odom" passed to canTransform argument target_frame - frame does not exist
[controller_server-8] [INFO] [1789640404.675185752] [local_costmap.local_costmap]: Timed out waiting for transform from base_footprint to odom to become available, tf error: Invalid frame ID "odom" passed to canTransform argument target_frame - frame does not exist
[controller_server-8] [INFO] [1789640405.173165537] [local_costmap.local_costmap]: Timed out waiting for transform from base_footprint to odom to become available, tf error: Invalid frame ID "odom" passed to canTransform argument target_frame - frame does not exist
[controller_server-8] [INFO] [1789640405.673442115] [local_costmap.local_costmap]: Timed out waiting for transform from base_footprint to odom to become available, tf error: Invalid frame ID "odom" passed to canTransform argument target_frame - frame does not exist
[controller_server-8] [INFO] [1789640406.174063973] [local_costmap.local_costmap]: Timed out waiting for transform from base_footprint to odom to become available, tf error: Invalid frame ID "odom" passed to canTransform argument target_frame - frame does not exist
[controller_server-8] [INFO] [1789640406.674847775] [local_costmap.local_costmap]: Timed out waiting for transform from base_footprint to odom to become available, tf error: Invalid frame ID "odom" passed to canTransform argument target_frame - frame does not exist
[spawn_entity.py-3] [INFO] [1789640407.050672393] [spawn_swerve]: Spawn status: SpawnEntity: Successfully spawned entity [swerve_base]
[controller_server-8] [INFO] [1789640407.173279317] [local_costmap.local_costmap]: Timed out waiting for transform from base_footprint to odom to become available, tf error: Invalid frame ID "odom" passed to canTransform argument target_frame - frame does not exist
[gzserver-1] [INFO] [1789640407.313299946] [gazebo_ros2_control]: Loading gazebo_ros2_control plugin
[INFO] [spawn_entity.py-3]: process has finished cleanly [pid 171078]
[gzserver-1] [INFO] [1789640407.396516967] [gazebo_ros2_control]: Starting gazebo_ros2_control plugin in namespace: /
[gzserver-1] [INFO] [1789640407.396579008] [gazebo_ros2_control]: Starting gazebo_ros2_control plugin in ros 2 node: gazebo_ros2_control
[INFO] [spawner-15]: process started with pid [171626]
[gzserver-1] [INFO] [1789640407.457497141] [gazebo_ros2_control]: connected to service!! robot_state_publisher
[gzserver-1] [INFO] [1789640407.463895075] [gazebo_ros2_control]: Received urdf from param server, parsing...
[gzserver-1] [INFO] [1789640407.464030494] [gazebo_ros2_control]: Loading parameter files /home/yahboom/swerve_bringup/install/swerve_bringup/share/swerve_bringup/config/controllers.yaml
[gzserver-1] [INFO] [1789640407.515124958] [gazebo_ros2_control]: Loading joint: steer_front_joint
[gzserver-1] [INFO] [1789640407.515269826] [gazebo_ros2_control]: 	State:
[gzserver-1] [INFO] [1789640407.515301352] [gazebo_ros2_control]: 		 position
[gzserver-1] [INFO] [1789640407.515315477] [gazebo_ros2_control]: 		 velocity
[gzserver-1] [INFO] [1789640407.515325804] [gazebo_ros2_control]: 	Command:
[gzserver-1] [INFO] [1789640407.515335035] [gazebo_ros2_control]: 		 position
[gzserver-1] [INFO] [1789640407.526836688] [gazebo_ros2_control]: Loading joint: steer_rear_joint
[gzserver-1] [INFO] [1789640407.526912493] [gazebo_ros2_control]: 	State:
[gzserver-1] [INFO] [1789640407.526925565] [gazebo_ros2_control]: 		 position
[gzserver-1] [INFO] [1789640407.526936518] [gazebo_ros2_control]: 		 velocity
[gzserver-1] [INFO] [1789640407.528115967] [gazebo_ros2_control]: 	Command:
[gzserver-1] [INFO] [1789640407.528130298] [gazebo_ros2_control]: 		 position
[gzserver-1] [INFO] [1789640407.539916449] [gazebo_ros2_control]: Loading joint: wheel_front_drive_joint
[gzserver-1] [INFO] [1789640407.539978066] [gazebo_ros2_control]: 	State:
[gzserver-1] [INFO] [1789640407.539991778] [gazebo_ros2_control]: 		 position
[gzserver-1] [INFO] [1789640407.540003117] [gazebo_ros2_control]: 		 velocity
[gzserver-1] [INFO] [1789640407.540012189] [gazebo_ros2_control]: 	Command:
[gzserver-1] [INFO] [1789640407.540029005] [gazebo_ros2_control]: 		 velocity
[gzserver-1] [INFO] [1789640407.549345011] [gazebo_ros2_control]: Loading joint: wheel_rear_drive_joint
[gzserver-1] [INFO] [1789640407.549412962] [gazebo_ros2_control]: 	State:
[gzserver-1] [INFO] [1789640407.549425900] [gazebo_ros2_control]: 		 position
[gzserver-1] [INFO] [1789640407.549436007] [gazebo_ros2_control]: 		 velocity
[gzserver-1] [INFO] [1789640407.549445078] [gazebo_ros2_control]: 	Command:
[gzserver-1] [INFO] [1789640407.549473898] [gazebo_ros2_control]: 		 velocity
[gzserver-1] [INFO] [1789640407.551091021] [resource_manager]: Initialize hardware 'GazeboSystem' 
[gzserver-1] [INFO] [1789640407.551348221] [resource_manager]: Successful initialization of hardware 'GazeboSystem'
[gzserver-1] [INFO] [1789640407.551560966] [resource_manager]: 'configure' hardware 'GazeboSystem' 
[gzserver-1] [INFO] [1789640407.551582176] [resource_manager]: Successful 'configure' of hardware 'GazeboSystem'
[gzserver-1] [INFO] [1789640407.551590239] [resource_manager]: 'activate' hardware 'GazeboSystem' 
[gzserver-1] [INFO] [1789640407.551596958] [resource_manager]: Successful 'activate' of hardware 'GazeboSystem'
[gzserver-1] [INFO] [1789640407.551703315] [gazebo_ros2_control]: Loading controller_manager
[controller_server-8] [INFO] [1789640407.675309511] [local_costmap.local_costmap]: Timed out waiting for transform from base_footprint to odom to become available, tf error: Invalid frame ID "odom" passed to canTransform argument target_frame - frame does not exist
[gzserver-1] [WARN] [1789640407.868850241] [gazebo_ros2_control]:  Desired controller update period (0.01 s) is slower than the gazebo simulation period (0.001 s).
[gzserver-1] [INFO] [1789640407.873660687] [gazebo_ros2_control]: Loaded gazebo_ros2_control.
[controller_server-8] [INFO] [1789640408.173962976] [local_costmap.local_costmap]: start
[controller_server-8] [INFO] [1789640408.341817864] [controller_server]: Creating bond (controller_server) to lifecycle manager.
[lifecycle_manager-13] [INFO] [1789640408.492647620] [lifecycle_manager_navigation]: Server controller_server connected with bond.
[lifecycle_manager-13] [INFO] [1789640408.492715124] [lifecycle_manager_navigation]: [34m[1mActivating planner_server[0m[0m
[planner_server-9] [INFO] [1789640408.493281754] [planner_server]: Activating
[planner_server-9] [INFO] [1789640408.493337763] [global_costmap.global_costmap]: Activating
[planner_server-9] [INFO] [1789640408.493353392] [global_costmap.global_costmap]: Checking transform
[planner_server-9] [INFO] [1789640408.493385354] [global_costmap.global_costmap]: Timed out waiting for transform from base_footprint to map to become available, tf error: Invalid frame ID "map" passed to canTransform argument target_frame - frame does not exist
[spawner-15] [INFO] [1789640408.638164942] [spawn_joint_state_broadcaster]: waiting for service /controller_manager/list_controllers to become available...
[planner_server-9] [INFO] [1789640408.994136725] [global_costmap.global_costmap]: start
[planner_server-9] [INFO] [1789640409.554802557] [planner_server]: Activating plugin GridBased of type NavfnPlanner
[planner_server-9] [INFO] [1789640409.567371081] [planner_server]: Creating bond (planner_server) to lifecycle manager.
[lifecycle_manager-13] [INFO] [1789640409.695871964] [lifecycle_manager_navigation]: Server planner_server connected with bond.
[lifecycle_manager-13] [INFO] [1789640409.695950445] [lifecycle_manager_navigation]: [34m[1mActivating behavior_server[0m[0m
[behavior_server-10] [INFO] [1789640409.696518735] [behavior_server]: Activating
[behavior_server-10] [INFO] [1789640409.696576230] [behavior_server]: Activating spin
[behavior_server-10] [INFO] [1789640409.696599003] [behavior_server]: Activating backup
[behavior_server-10] [INFO] [1789640409.696611196] [behavior_server]: Activating drive_on_heading
[behavior_server-10] [INFO] [1789640409.696623393] [behavior_server]: Activating wait
[behavior_server-10] [INFO] [1789640409.696640496] [behavior_server]: Creating bond (behavior_server) to lifecycle manager.
[lifecycle_manager-13] [INFO] [1789640409.824328823] [lifecycle_manager_navigation]: Server behavior_server connected with bond.
[lifecycle_manager-13] [INFO] [1789640409.824395208] [lifecycle_manager_navigation]: [34m[1mActivating bt_navigator[0m[0m
[bt_navigator-11] [INFO] [1789640409.827950054] [bt_navigator]: Activating
[bt_navigator-11] [INFO] [1789640410.555203057] [bt_navigator]: Creating bond (bt_navigator) to lifecycle manager.
[lifecycle_manager-13] [INFO] [1789640410.692828104] [lifecycle_manager_navigation]: Server bt_navigator connected with bond.
[lifecycle_manager-13] [INFO] [1789640410.692906030] [lifecycle_manager_navigation]: [34m[1mActivating waypoint_follower[0m[0m
[waypoint_follower-12] [INFO] [1789640410.693933817] [waypoint_follower]: Activating
[waypoint_follower-12] [INFO] [1789640410.694004353] [waypoint_follower]: Creating bond (waypoint_follower) to lifecycle manager.
[lifecycle_manager-13] [INFO] [1789640410.814720336] [lifecycle_manager_navigation]: Server waypoint_follower connected with bond.
[lifecycle_manager-13] [INFO] [1789640410.814789238] [lifecycle_manager_navigation]: [34m[1mManaged nodes are active[0m[0m
[lifecycle_manager-13] [INFO] [1789640410.814804235] [lifecycle_manager_navigation]: [34m[1mCreating bond timer...[0m[0m
[gzserver-1] [INFO] [1789640411.172097537] [controller_manager]: Loading controller 'joint_state_broadcaster'
[spawner-15] [INFO] [1789640411.356460582] [spawn_joint_state_broadcaster]: [94mLoaded [1mjoint_state_broadcaster[0m
[gzserver-1] [INFO] [1789640411.365233670] [controller_manager]: Configuring controller 'joint_state_broadcaster'
[gzserver-1] [INFO] [1789640411.365720260] [joint_state_broadcaster]: 'joints' or 'interfaces' parameter is empty. All available state interfaces will be published
[spawner-15] [INFO] [1789640411.846763967] [spawn_joint_state_broadcaster]: [92mConfigured and activated [1mjoint_state_broadcaster[0m
[INFO] [spawner-15]: process has finished cleanly [pid 171626]
[INFO] [spawner-16]: process started with pid [171688]
[spawner-16] [INFO] [1789640413.241854913] [spawn_steering_controller]: waiting for service /controller_manager/list_controllers to become available...
[gzserver-1] [INFO] [1789640414.273847069] [controller_manager]: Loading controller 'steering_controller'
[spawner-16] [INFO] [1789640414.535616699] [spawn_steering_controller]: [94mLoaded [1msteering_controller[0m
[gzserver-1] [INFO] [1789640414.540652950] [controller_manager]: Configuring controller 'steering_controller'
[gzserver-1] [INFO] [1789640414.556268356] [steering_controller]: configure successful
[gzserver-1] [INFO] [1789640414.580284111] [steering_controller]: activate successful
[spawner-16] [INFO] [1789640414.600737188] [spawn_steering_controller]: [92mConfigured and activated [1msteering_controller[0m
[INFO] [spawner-16]: process has finished cleanly [pid 171688]
[INFO] [spawner-17]: process started with pid [171763]
[spawner-17] [INFO] [1789640416.020872446] [spawn_drive_controller]: waiting for service /controller_manager/list_controllers to become available...
[gzserver-1] [INFO] [1789640417.402400124] [controller_manager]: Loading controller 'drive_controller'
[spawner-17] [INFO] [1789640417.567895847] [spawn_drive_controller]: [94mLoaded [1mdrive_controller[0m
[gzserver-1] [INFO] [1789640417.574655266] [controller_manager]: Configuring controller 'drive_controller'
[gzserver-1] [INFO] [1789640417.582596250] [drive_controller]: configure successful
[gzserver-1] [INFO] [1789640417.614781735] [drive_controller]: activate successful
[spawner-17] [INFO] [1789640417.635344654] [spawn_drive_controller]: [92mConfigured and activated [1mdrive_controller[0m
[INFO] [spawner-17]: process has finished cleanly [pid 171763]
[INFO] [swerve_controller_node-18]: process started with pid [171804]
[INFO] [swerve_odometry_node-19]: process started with pid [171806]
[swerve_odometry_node-19] [INFO] [1789640420.106376365] [swerve_odometry]: Encoder odometry ready: radius=0.0637 m, velocity_sign=+1.0
[swerve_controller_node-18] [INFO] [1789640420.828882477] [swerve_controller]: Swerve controller ready: radius=0.0675 m, modules={'front': (0.300042, 0.0), 'rear': (-0.300042, 0.0)}
[WARNING] [launch]: user interrupted with ctrl-c (SIGINT)
[map_server-7] [INFO] [1789640472.461895814] [rclcpp]: signal_handler(signum=2)
[waypoint_follower-12] [INFO] [1789640472.462025760] [rclcpp]: signal_handler(signum=2)
[behavior_server-10] [INFO] [1789640472.462051068] [rclcpp]: signal_handler(signum=2)
[ekf_node-6] [INFO] [1789640472.462061413] [rclcpp]: signal_handler(signum=2)
[INFO] [swerve_odometry_node-19]: sending signal 'SIGINT' to process[swerve_odometry_node-19]
[INFO] [swerve_controller_node-18]: sending signal 'SIGINT' to process[swerve_controller_node-18]
[INFO] [lifecycle_manager-13]: sending signal 'SIGINT' to process[lifecycle_manager-13]
[INFO] [waypoint_follower-12]: sending signal 'SIGINT' to process[waypoint_follower-12]
[INFO] [bt_navigator-11]: sending signal 'SIGINT' to process[bt_navigator-11]
[INFO] [behavior_server-10]: sending signal 'SIGINT' to process[behavior_server-10]
[INFO] [planner_server-9]: sending signal 'SIGINT' to process[planner_server-9]
[INFO] [controller_server-8]: sending signal 'SIGINT' to process[controller_server-8]
[INFO] [map_server-7]: sending signal 'SIGINT' to process[map_server-7]
[INFO] [ekf_node-6]: sending signal 'SIGINT' to process[ekf_node-6]
[INFO] [v30e_sim_node-5]: sending signal 'SIGINT' to process[v30e_sim_node-5]
[INFO] [ekf_node-4]: sending signal 'SIGINT' to process[ekf_node-4]
[INFO] [robot_state_publisher-2]: sending signal 'SIGINT' to process[robot_state_publisher-2]
[INFO] [gzserver-1]: sending signal 'SIGINT' to process[gzserver-1]
[ERROR] [ekf_node-6]: process has died [pid 171084, exit code -2, cmd '/opt/ros/humble/lib/robot_localization/ekf_node --ros-args -r __node:=ekf_v30e --params-file /home/yahboom/swerve_bringup/install/swerve_bringup/share/swerve_bringup/config/v30e_localization_ekf.yaml --params-file /tmp/launch_params_c0wn62f1 -r odometry/filtered:=/odometry/v30e'].
[robot_state_publisher-2] [INFO] [1789640472.462179722] [rclcpp]: signal_handler(signum=2)
[map_server-7] [INFO] [1789640472.462427559] [map_server]: Running Nav2 LifecycleNode rcl preshutdown (map_server)
[map_server-7] [INFO] [1789640472.462539137] [map_server]: Deactivating
[map_server-7] [INFO] [1789640472.462572166] [map_server]: Destroying bond (map_server) to lifecycle manager.
[map_server-7] [INFO] [1789640472.480861873] [map_server]: Cleaning up
[map_server-7] [INFO] [1789640472.493328128] [map_server]: Destroying bond (map_server) to lifecycle manager.
[planner_server-9] [INFO] [1789640472.462678356] [rclcpp]: signal_handler(signum=2)
[planner_server-9] [INFO] [1789640472.463919000] [planner_server]: Running Nav2 LifecycleNode rcl preshutdown (planner_server)
[planner_server-9] [INFO] [1789640472.463998250] [planner_server]: Deactivating
[planner_server-9] [INFO] [1789640472.464038837] [global_costmap.global_costmap]: Deactivating
[controller_server-8] [INFO] [1789640472.462738146] [rclcpp]: signal_handler(signum=2)
[controller_server-8] [INFO] [1789640472.465701713] [controller_server]: Running Nav2 LifecycleNode rcl preshutdown (controller_server)
[controller_server-8] [INFO] [1789640472.465810597] [controller_server]: Deactivating
[controller_server-8] [INFO] [1789640472.465871912] [local_costmap.local_costmap]: Deactivating
[behavior_server-10] [INFO] [1789640472.462928466] [behavior_server]: Running Nav2 LifecycleNode rcl preshutdown (behavior_server)
[behavior_server-10] [INFO] [1789640472.463058394] [behavior_server]: Deactivating
[behavior_server-10] [INFO] [1789640472.463102038] [behavior_server]: Destroying bond (behavior_server) to lifecycle manager.
[behavior_server-10] [INFO] [1789640472.501634173] [behavior_server]: Cleaning up
[lifecycle_manager-13] [INFO] [1789640472.463261291] [rclcpp]: signal_handler(signum=2)
[lifecycle_manager-13] [INFO] [1789640472.468903878] [lifecycle_manager_navigation]: Running Nav2 LifecycleManager rcl preshutdown (lifecycle_manager_navigation)
[lifecycle_manager-13] [INFO] [1789640472.468972114] [lifecycle_manager_navigation]: [34m[1mTerminating bond timer...[0m[0m
[waypoint_follower-12] [INFO] [1789640472.463335699] [waypoint_follower]: Running Nav2 LifecycleNode rcl preshutdown (waypoint_follower)
[waypoint_follower-12] [INFO] [1789640472.463419382] [waypoint_follower]: Deactivating
[waypoint_follower-12] [INFO] [1789640472.463449896] [waypoint_follower]: Destroying bond (waypoint_follower) to lifecycle manager.
[waypoint_follower-12] [INFO] [1789640472.485634774] [waypoint_follower]: Cleaning up
[bt_navigator-11] [INFO] [1789640472.463427453] [rclcpp]: signal_handler(signum=2)
[bt_navigator-11] [INFO] [1789640472.464962516] [bt_navigator]: Running Nav2 LifecycleNode rcl preshutdown (bt_navigator)
[bt_navigator-11] [INFO] [1789640472.465053615] [bt_navigator]: Deactivating
[bt_navigator-11] [INFO] [1789640472.465093095] [bt_navigator]: Destroying bond (bt_navigator) to lifecycle manager.
[bt_navigator-11] [INFO] [1789640472.489217567] [bt_navigator]: Cleaning up
[ekf_node-4] [INFO] [1789640472.463711210] [rclcpp]: signal_handler(signum=2)
[planner_server-9] [INFO] [1789640472.501198859] [planner_server]: Deactivating plugin GridBased of type NavfnPlanner
[planner_server-9] [INFO] [1789640472.501248165] [planner_server]: Destroying bond (planner_server) to lifecycle manager.
[swerve_odometry_node-19] Traceback (most recent call last):
[swerve_odometry_node-19]   File "/home/yahboom/swerve_bringup/install/swerve_bringup/lib/swerve_bringup/swerve_odometry_node", line 221, in <module>
[swerve_odometry_node-19]     main()
[swerve_odometry_node-19]   File "/home/yahboom/swerve_bringup/install/swerve_bringup/lib/swerve_bringup/swerve_odometry_node", line 215, in main
[swerve_odometry_node-19]     node.destroy_node()
[swerve_odometry_node-19]   File "/opt/ros/humble/local/lib/python3.10/dist-packages/rclpy/node.py", line 1685, in destroy_node
[swerve_odometry_node-19]     self.destroy_publisher(self._publishers[0])
[swerve_odometry_node-19]   File "/opt/ros/humble/local/lib/python3.10/dist-packages/rclpy/node.py", line 1565, in destroy_publisher
[swerve_odometry_node-19]     publisher.destroy()
[swerve_odometry_node-19]   File "/opt/ros/humble/local/lib/python3.10/dist-packages/rclpy/publisher.py", line 99, in destroy
[swerve_odometry_node-19]     self.__publisher.destroy_when_not_in_use()
[swerve_odometry_node-19] KeyboardInterrupt
[swerve_controller_node-18] Traceback (most recent call last):
[swerve_controller_node-18]   File "/home/yahboom/swerve_bringup/install/swerve_bringup/lib/swerve_bringup/swerve_controller_node", line 192, in <module>
[swerve_controller_node-18]     main()
[swerve_controller_node-18]   File "/home/yahboom/swerve_bringup/install/swerve_bringup/lib/swerve_bringup/swerve_controller_node", line 184, in main
[swerve_controller_node-18]     node.steer_pub.publish(Float64MultiArray(data=[
[swerve_controller_node-18]   File "/opt/ros/humble/local/lib/python3.10/dist-packages/rclpy/publisher.py", line 70, in publish
[swerve_controller_node-18]     self.__publisher.publish(msg)
[swerve_controller_node-18] rclpy._rclpy_pybind11.RCLError: Failed to publish: publisher's context is invalid, at ./src/rcl/publisher.c:389
[swerve_controller_node-18] Error in sys.excepthook:
[swerve_controller_node-18] Traceback (most recent call last):
[swerve_controller_node-18]   File "/usr/lib/python3/dist-packages/apport_python_hook.py", line 72, in apport_excepthook
[swerve_controller_node-18]     from apport.fileutils import likely_packaged, get_recent_crashes
[swerve_controller_node-18]   File "/usr/lib/python3/dist-packages/apport/__init__.py", line 5, in <module>
[swerve_controller_node-18]     from apport.report import Report
[swerve_controller_node-18]   File "/usr/lib/python3/dist-packages/apport/report.py", line 21, in <module>
[swerve_controller_node-18]     from urllib.request import urlopen
[swerve_controller_node-18]   File "/usr/lib/python3.10/urllib/request.py", line 88, in <module>
[swerve_controller_node-18]     import http.client
[swerve_controller_node-18]   File "/usr/lib/python3.10/http/client.py", line 71, in <module>
[swerve_controller_node-18]     import email.parser
[swerve_controller_node-18]   File "/usr/lib/python3.10/email/parser.py", line 12, in <module>
[swerve_controller_node-18]     from email.feedparser import FeedParser, BytesFeedParser
[swerve_controller_node-18]   File "/usr/lib/python3.10/email/feedparser.py", line 27, in <module>
[swerve_controller_node-18]     from email._policybase import compat32
[swerve_controller_node-18]   File "/usr/lib/python3.10/email/_policybase.py", line 7, in <module>
[swerve_controller_node-18]     from email import header
[swerve_controller_node-18]   File "/usr/lib/python3.10/email/header.py", line 16, in <module>
[swerve_controller_node-18]     import email.quoprimime
[swerve_controller_node-18]   File "<frozen importlib._bootstrap>", line 1027, in _find_and_load
[swerve_controller_node-18]   File "<frozen importlib._bootstrap>", line 1006, in _find_and_load_unlocked
[swerve_controller_node-18]   File "<frozen importlib._bootstrap>", line 688, in _load_unlocked
[swerve_controller_node-18]   File "<frozen importlib._bootstrap_external>", line 879, in exec_module
[swerve_controller_node-18]   File "<frozen importlib._bootstrap_external>", line 1012, in get_code
[swerve_controller_node-18]   File "<frozen importlib._bootstrap_external>", line 672, in _compile_bytecode
[swerve_controller_node-18] KeyboardInterrupt
[swerve_controller_node-18] 
[swerve_controller_node-18] Original exception was:
[swerve_controller_node-18] Traceback (most recent call last):
[swerve_controller_node-18]   File "/home/yahboom/swerve_bringup/install/swerve_bringup/lib/swerve_bringup/swerve_controller_node", line 192, in <module>
[swerve_controller_node-18]     main()
[swerve_controller_node-18]   File "/home/yahboom/swerve_bringup/install/swerve_bringup/lib/swerve_bringup/swerve_controller_node", line 184, in main
[lifecycle_manager-13] [INFO] [1789640472.524728024] [rclcpp]: signal_handler(signum=2)
[swerve_controller_node-18]     node.steer_pub.publish(Float64MultiArray(data=[
[swerve_controller_node-18]   File "/opt/ros/humble/local/lib/python3.10/dist-packages/rclpy/publisher.py", line 70, in publish
[swerve_controller_node-18]     self.__publisher.publish(msg)
[swerve_controller_node-18] rclpy._rclpy_pybind11.RCLError: Failed to publish: publisher's context is invalid, at ./src/rcl/publisher.c:389
[waypoint_follower-12] [INFO] [1789640472.531768968] [rclcpp]: signal_handler(signum=2)
[bt_navigator-11] [INFO] [1789640472.535227466] [rclcpp]: signal_handler(signum=2)
[planner_server-9] [INFO] [1789640472.547480802] [rclcpp]: signal_handler(signum=2)
[behavior_server-10] [INFO] [1789640472.547926592] [rclcpp]: signal_handler(signum=2)
[controller_server-8] [INFO] [1789640472.556588788] [rclcpp]: signal_handler(signum=2)
[map_server-7] [INFO] [1789640472.561354367] [rclcpp]: signal_handler(signum=2)
[controller_server-8] [INFO] [1789640472.567179548] [controller_server]: Destroying bond (controller_server) to lifecycle manager.
[planner_server-9] [INFO] [1789640472.571030481] [planner_server]: Cleaning up
[robot_state_publisher-2] [INFO] [1789640472.594384451] [rclcpp]: signal_handler(signum=2)
[waypoint_follower-12] [INFO] [1789640472.614437223] [waypoint_follower]: Destroying bond (waypoint_follower) to lifecycle manager.
[waypoint_follower-12] [INFO] [1789640472.624189405] [waypoint_follower]: Destroying
[v30e_sim_node-5] Traceback (most recent call last):
[v30e_sim_node-5]   File "/home/yahboom/swerve_bringup/install/swerve_bringup/lib/swerve_bringup/v30e_sim_node", line 188, in <module>
[v30e_sim_node-5]     if __name__ == '__main__': main()
[v30e_sim_node-5]   File "/home/yahboom/swerve_bringup/install/swerve_bringup/lib/swerve_bringup/v30e_sim_node", line 185, in main
[v30e_sim_node-5]     node.destroy_node(); rclpy.shutdown()
[v30e_sim_node-5]   File "/opt/ros/humble/local/lib/python3.10/dist-packages/rclpy/node.py", line 1691, in destroy_node
[v30e_sim_node-5]     self.destroy_service(self._services[0])
[v30e_sim_node-5]   File "/opt/ros/humble/local/lib/python3.10/dist-packages/rclpy/node.py", line 1615, in destroy_service
[v30e_sim_node-5]     service.destroy()
[v30e_sim_node-5]   File "/opt/ros/humble/local/lib/python3.10/dist-packages/rclpy/service.py", line 93, in destroy
[v30e_sim_node-5]     self.__service.destroy_when_not_in_use()
[v30e_sim_node-5] KeyboardInterrupt
[behavior_server-10] [INFO] [1789640472.628474764] [behavior_server]: Destroying bond (behavior_server) to lifecycle manager.
[ERROR] [ekf_node-4]: process has died [pid 171080, exit code -2, cmd '/opt/ros/humble/lib/robot_localization/ekf_node --ros-args -r __node:=ekf_filter_node --params-file /home/yahboom/swerve_bringup/install/swerve_bringup/share/swerve_bringup/config/ekf.yaml --params-file /tmp/launch_params_pyfxwy1y -r /odom:=/odom -r /imu/data:=/imu/data'].
[controller_server-8] [INFO] [1789640472.642505756] [controller_server]: Cleaning up
[controller_server-8] [INFO] [1789640472.643586778] [local_costmap.local_costmap]: Cleaning up
[map_server-7] [INFO] [1789640472.669938876] [map_server]: Destroying
[behavior_server-10] [INFO] [1789640472.807024396] [behavior_server]: Destroying
[ERROR] [swerve_odometry_node-19]: process has died [pid 171806, exit code -2, cmd '/home/yahboom/swerve_bringup/install/swerve_bringup/lib/swerve_bringup/swerve_odometry_node --ros-args -r __node:=swerve_odometry --params-file /home/yahboom/swerve_bringup/install/swerve_bringup/share/swerve_bringup/config/swerve_odometry.yaml --params-file /tmp/launch_params_z7aoxqgb'].
[planner_server-9] [INFO] [1789640472.852235782] [global_costmap.global_costmap]: Cleaning up
[ERROR] [v30e_sim_node-5]: process has died [pid 171082, exit code -2, cmd '/home/yahboom/swerve_bringup/install/swerve_bringup/lib/swerve_bringup/v30e_sim_node --ros-args -r __node:=v30e_sim_node --params-file /home/yahboom/swerve_bringup/install/swerve_bringup/share/swerve_bringup/config/v30e_sim.yaml --params-file /tmp/launch_params_fjukgsi_'].
[planner_server-9] [INFO] [1789640472.883705268] [planner_server]: Cleaning up plugin GridBased of type NavfnPlanner
[planner_server-9] [INFO] [1789640472.883833115] [planner_server]: Destroying plugin GridBased of type NavfnPlanner
[controller_server-8] [INFO] [1789640472.901141099] [controller_server]: Destroying bond (controller_server) to lifecycle manager.
[INFO] [map_server-7]: process has finished cleanly [pid 171087]
[controller_server-8] [INFO] [1789640472.924310579] [local_costmap.local_costmap]: Destroying
[INFO] [robot_state_publisher-2]: process has finished cleanly [pid 171076]
[ERROR] [swerve_controller_node-18]: process has died [pid 171804, exit code 1, cmd '/home/yahboom/swerve_bringup/install/swerve_bringup/lib/swerve_bringup/swerve_controller_node --ros-args -r __node:=swerve_controller --params-file /home/yahboom/swerve_bringup/install/swerve_bringup/share/swerve_bringup/config/swerve_controller.yaml --params-file /tmp/launch_params_rj9s8mfx'].
[planner_server-9] [INFO] [1789640472.948288309] [planner_server]: Destroying bond (planner_server) to lifecycle manager.
[INFO] [waypoint_follower-12]: process has finished cleanly [pid 171126]
[planner_server-9] [INFO] [1789640472.959786245] [global_costmap.global_costmap]: Destroying
[lifecycle_manager-13] [INFO] [1789640472.965507085] [lifecycle_manager_navigation]: Destroying lifecycle_manager_navigation
[controller_server-8] [INFO] [1789640472.982127989] [controller_server]: Destroying
[planner_server-9] [INFO] [1789640473.014800370] [planner_server]: Destroying
[bt_navigator-11] [INFO] [1789640473.051965031] [bt_navigator]: Completed Cleaning up
[bt_navigator-11] [INFO] [1789640473.052041987] [bt_navigator]: Destroying bond (bt_navigator) to lifecycle manager.
[INFO] [behavior_server-10]: process has finished cleanly [pid 171113]
[bt_navigator-11] [INFO] [1789640473.112359611] [bt_navigator]: Destroying
[INFO] [controller_server-8]: process has finished cleanly [pid 171092]
[INFO] [lifecycle_manager-13]: process has finished cleanly [pid 171139]
[INFO] [planner_server-9]: process has finished cleanly [pid 171103]
[INFO] [bt_navigator-11]: process has finished cleanly [pid 171123]
[INFO] [gzserver-1]: process has finished cleanly [pid 171074]
