[0.308s] DEBUG:colcon:Command line arguments: ['/usr/bin/colcon', 'build', '--symlink-install', '--base-paths', 'swerve_bridge', '--packages-select', 'swerve_bridge']
[0.308s] DEBUG:colcon:Parsed command line arguments: Namespace(log_base=None, log_level=None, verb_name='build', build_base='build', install_base='install', merge_install=False, symlink_install=True, test_result_base=None, continue_on_error=False, executor='parallel', parallel_workers=16, event_handlers=None, ignore_user_meta=False, metas=['./colcon.meta'], base_paths=['swerve_bridge'], packages_ignore=None, packages_ignore_regex=None, paths=None, packages_up_to=None, packages_up_to_regex=None, packages_above=None, packages_above_and_dependencies=None, packages_above_depth=None, packages_select_by_dep=None, packages_skip_by_dep=None, packages_skip_up_to=None, packages_select_build_failed=False, packages_skip_build_finished=False, packages_select_test_failures=False, packages_skip_test_passed=False, packages_select=['swerve_bridge'], packages_skip=None, packages_select_regex=None, packages_skip_regex=None, packages_start=None, packages_end=None, allow_overriding=[], cmake_args=None, cmake_target=None, cmake_target_skip_unavailable=False, cmake_clean_cache=False, cmake_clean_first=False, cmake_force_configure=False, ament_cmake_args=None, catkin_cmake_args=None, catkin_skip_building_tests=False, mixin_files=None, mixin=None, verb_parser=<colcon_mixin.mixin.mixin_argument.MixinArgumentDecorator object at 0x74d074ead7e0>, verb_extension=<colcon_core.verb.build.BuildVerb object at 0x74d074fb5cf0>, main=<bound method BuildVerb.main of <colcon_core.verb.build.BuildVerb object at 0x74d074fb5cf0>>, mixin_verb=('build',))
[0.821s] Level 1:colcon.colcon_core.package_discovery:discover_packages(colcon_meta) check parameters
[0.821s] Level 1:colcon.colcon_core.package_discovery:discover_packages(recursive) check parameters
[0.821s] Level 1:colcon.colcon_core.package_discovery:discover_packages(ignore) check parameters
[0.821s] Level 1:colcon.colcon_core.package_discovery:discover_packages(path) check parameters
[0.821s] Level 1:colcon.colcon_core.package_discovery:discover_packages(recursive) discover
[0.821s] INFO:colcon.colcon_core.package_discovery:Crawling recursively for packages in '/home/yahboom/swerve_bringup/swerve_bridge'
[0.823s] Level 1:colcon.colcon_core.package_identification:_identify(swerve_bridge) by extensions ['ignore', 'ignore_ament_install']
[0.823s] Level 1:colcon.colcon_core.package_identification:_identify(swerve_bridge) by extension 'ignore'
[0.823s] Level 1:colcon.colcon_core.package_identification:_identify(swerve_bridge) by extension 'ignore_ament_install'
[0.823s] Level 1:colcon.colcon_core.package_identification:_identify(swerve_bridge) by extensions ['colcon_pkg']
[0.823s] Level 1:colcon.colcon_core.package_identification:_identify(swerve_bridge) by extension 'colcon_pkg'
[0.823s] Level 1:colcon.colcon_core.package_identification:_identify(swerve_bridge) by extensions ['colcon_meta']
[0.823s] Level 1:colcon.colcon_core.package_identification:_identify(swerve_bridge) by extension 'colcon_meta'
[0.823s] Level 1:colcon.colcon_core.package_identification:_identify(swerve_bridge) by extensions ['ros']
[0.823s] Level 1:colcon.colcon_core.package_identification:_identify(swerve_bridge) by extension 'ros'
[0.874s] DEBUG:colcon.colcon_core.package_identification:Package 'swerve_bridge' with type 'ros.ament_python' and name 'swerve_bridge'
[0.874s] Level 1:colcon.colcon_core.package_discovery:discover_packages(recursive) using defaults
[0.932s] Level 1:colcon.colcon_core.package_discovery:discover_packages(prefix_path) check parameters
[0.934s] Level 1:colcon.colcon_core.package_discovery:discover_packages(prefix_path) discover
[0.944s] DEBUG:colcon.colcon_installed_package_information.package_discovery:Found 18 installed packages in /home/yahboom/yahboomcar_ws/install
[0.950s] DEBUG:colcon.colcon_installed_package_information.package_discovery:Found 76 installed packages in /home/yahboom/cartoros2/install
[0.954s] DEBUG:colcon.colcon_installed_package_information.package_discovery:Found 3 installed packages in /home/yahboom/ros2_ws/install
[0.958s] DEBUG:colcon.colcon_installed_package_information.package_discovery:Found 455 installed packages in /opt/ros/humble
[0.971s] Level 1:colcon.colcon_core.package_discovery:discover_packages(prefix_path) using defaults
[1.126s] Level 5:colcon.colcon_core.verb:set package 'swerve_bridge' build argument 'cmake_args' from command line to 'None'
[1.126s] Level 5:colcon.colcon_core.verb:set package 'swerve_bridge' build argument 'cmake_target' from command line to 'None'
[1.126s] Level 5:colcon.colcon_core.verb:set package 'swerve_bridge' build argument 'cmake_target_skip_unavailable' from command line to 'False'
[1.126s] Level 5:colcon.colcon_core.verb:set package 'swerve_bridge' build argument 'cmake_clean_cache' from command line to 'False'
[1.126s] Level 5:colcon.colcon_core.verb:set package 'swerve_bridge' build argument 'cmake_clean_first' from command line to 'False'
[1.126s] Level 5:colcon.colcon_core.verb:set package 'swerve_bridge' build argument 'cmake_force_configure' from command line to 'False'
[1.127s] Level 5:colcon.colcon_core.verb:set package 'swerve_bridge' build argument 'ament_cmake_args' from command line to 'None'
[1.127s] Level 5:colcon.colcon_core.verb:set package 'swerve_bridge' build argument 'catkin_cmake_args' from command line to 'None'
[1.127s] Level 5:colcon.colcon_core.verb:set package 'swerve_bridge' build argument 'catkin_skip_building_tests' from command line to 'False'
[1.127s] DEBUG:colcon.colcon_core.verb:Building package 'swerve_bridge' with the following arguments: {'ament_cmake_args': None, 'build_base': '/home/yahboom/swerve_bringup/build/swerve_bridge', 'catkin_cmake_args': None, 'catkin_skip_building_tests': False, 'cmake_args': None, 'cmake_clean_cache': False, 'cmake_clean_first': False, 'cmake_force_configure': False, 'cmake_target': None, 'cmake_target_skip_unavailable': False, 'install_base': '/home/yahboom/swerve_bringup/install/swerve_bridge', 'merge_install': False, 'path': '/home/yahboom/swerve_bringup/swerve_bridge', 'symlink_install': True, 'test_result_base': None}
[1.127s] INFO:colcon.colcon_core.executor:Executing jobs using 'parallel' executor
[1.134s] DEBUG:colcon.colcon_parallel_executor.executor.parallel:run_until_complete
[1.134s] INFO:colcon.colcon_ros.task.ament_python.build:Building ROS package in '/home/yahboom/swerve_bringup/swerve_bridge' with build type 'ament_python'
[1.134s] Level 1:colcon.colcon_core.shell:create_environment_hook('swerve_bridge', 'ament_prefix_path')
[1.141s] INFO:colcon.colcon_core.plugin_system:Skipping extension 'colcon_core.shell.bat': Not used on non-Windows systems
[1.141s] INFO:colcon.colcon_core.shell:Creating environment hook '/home/yahboom/swerve_bringup/install/swerve_bridge/share/swerve_bridge/hook/ament_prefix_path.ps1'
[1.143s] INFO:colcon.colcon_core.shell:Creating environment descriptor '/home/yahboom/swerve_bringup/install/swerve_bridge/share/swerve_bridge/hook/ament_prefix_path.dsv'
[1.144s] INFO:colcon.colcon_core.shell:Creating environment hook '/home/yahboom/swerve_bringup/install/swerve_bridge/share/swerve_bridge/hook/ament_prefix_path.sh'
[1.145s] INFO:colcon.colcon_core.shell:Skip shell extension 'powershell' for command environment: Not usable outside of PowerShell
[1.147s] DEBUG:colcon.colcon_core.shell:Skip shell extension 'dsv' for command environment
[1.977s] INFO:colcon.colcon_core.task.python.build:Building Python package in '/home/yahboom/swerve_bringup/swerve_bridge'
[1.977s] INFO:colcon.colcon_core.shell:Skip shell extension 'powershell' for command environment: Not usable outside of PowerShell
[1.977s] DEBUG:colcon.colcon_core.shell:Skip shell extension 'dsv' for command environment
[3.946s] DEBUG:colcon.colcon_core.event_handler.log_command:Invoking command in '/home/yahboom/swerve_bringup/build/swerve_bridge': PYTHONPATH=/home/yahboom/swerve_bringup/build/swerve_bridge/prefix_override:/usr/lib/python3/dist-packages/colcon_core/task/python/colcon_distutils_commands:/home/yahboom/swerve_bringup/install/swerve_bridge/lib/python3.10/site-packages:${PYTHONPATH} /usr/bin/python3 -W ignore:setup.py install is deprecated -W ignore:easy_install command is deprecated setup.py develop --editable --build-directory /home/yahboom/swerve_bringup/build/swerve_bridge/build --no-deps symlink_data
[5.330s] Level 1:colcon.colcon_core.shell:create_environment_hook('swerve_bridge', 'pythonpath_develop')
[5.330s] DEBUG:colcon.colcon_core.event_handler.log_command:Invoked command in '/home/yahboom/swerve_bringup/build/swerve_bridge' returned '0': PYTHONPATH=/home/yahboom/swerve_bringup/build/swerve_bridge/prefix_override:/usr/lib/python3/dist-packages/colcon_core/task/python/colcon_distutils_commands:/home/yahboom/swerve_bringup/install/swerve_bridge/lib/python3.10/site-packages:${PYTHONPATH} /usr/bin/python3 -W ignore:setup.py install is deprecated -W ignore:easy_install command is deprecated setup.py develop --editable --build-directory /home/yahboom/swerve_bringup/build/swerve_bridge/build --no-deps symlink_data
[5.331s] INFO:colcon.colcon_core.shell:Creating environment hook '/home/yahboom/swerve_bringup/build/swerve_bridge/share/swerve_bridge/hook/pythonpath_develop.ps1'
[5.332s] INFO:colcon.colcon_core.shell:Creating environment descriptor '/home/yahboom/swerve_bringup/build/swerve_bridge/share/swerve_bridge/hook/pythonpath_develop.dsv'
[5.333s] INFO:colcon.colcon_core.shell:Creating environment hook '/home/yahboom/swerve_bringup/build/swerve_bridge/share/swerve_bridge/hook/pythonpath_develop.sh'
[5.341s] Level 1:colcon.colcon_core.environment:checking '/home/yahboom/swerve_bringup/install/swerve_bridge' for CMake module files
[5.343s] Level 1:colcon.colcon_core.environment:checking '/home/yahboom/swerve_bringup/install/swerve_bridge' for CMake config files
[5.347s] Level 1:colcon.colcon_core.environment:checking '/home/yahboom/swerve_bringup/install/swerve_bridge/lib'
[5.349s] Level 1:colcon.colcon_core.environment:checking '/home/yahboom/swerve_bringup/install/swerve_bridge/bin'
[5.350s] Level 1:colcon.colcon_core.environment:checking '/home/yahboom/swerve_bringup/install/swerve_bridge/lib/pkgconfig/swerve_bridge.pc'
[5.350s] Level 1:colcon.colcon_core.environment:checking '/home/yahboom/swerve_bringup/install/swerve_bridge/lib/python3.10/site-packages'
[5.350s] Level 1:colcon.colcon_core.shell:create_environment_hook('swerve_bridge', 'pythonpath')
[5.351s] INFO:colcon.colcon_core.shell:Creating environment hook '/home/yahboom/swerve_bringup/install/swerve_bridge/share/swerve_bridge/hook/pythonpath.ps1'
[5.351s] INFO:colcon.colcon_core.shell:Creating environment descriptor '/home/yahboom/swerve_bringup/install/swerve_bridge/share/swerve_bridge/hook/pythonpath.dsv'
[5.352s] INFO:colcon.colcon_core.shell:Creating environment hook '/home/yahboom/swerve_bringup/install/swerve_bridge/share/swerve_bridge/hook/pythonpath.sh'
[5.355s] Level 1:colcon.colcon_core.environment:checking '/home/yahboom/swerve_bringup/install/swerve_bridge/bin'
[5.355s] Level 1:colcon.colcon_core.environment:create_environment_scripts_only(swerve_bridge)
[5.355s] INFO:colcon.colcon_core.shell:Creating package script '/home/yahboom/swerve_bringup/install/swerve_bridge/share/swerve_bridge/package.ps1'
[5.358s] INFO:colcon.colcon_core.shell:Creating package descriptor '/home/yahboom/swerve_bringup/install/swerve_bridge/share/swerve_bridge/package.dsv'
[5.359s] INFO:colcon.colcon_core.shell:Creating package script '/home/yahboom/swerve_bringup/install/swerve_bridge/share/swerve_bridge/package.sh'
[5.361s] INFO:colcon.colcon_core.shell:Creating package script '/home/yahboom/swerve_bringup/install/swerve_bridge/share/swerve_bridge/package.bash'
[5.362s] INFO:colcon.colcon_core.shell:Creating package script '/home/yahboom/swerve_bringup/install/swerve_bridge/share/swerve_bridge/package.zsh'
[5.363s] Level 1:colcon.colcon_core.environment:create_file_with_runtime_dependencies(/home/yahboom/swerve_bringup/install/swerve_bridge/share/colcon-core/packages/swerve_bridge)
[5.363s] DEBUG:colcon.colcon_parallel_executor.executor.parallel:closing loop
[5.364s] DEBUG:colcon.colcon_parallel_executor.executor.parallel:loop closed
[5.364s] DEBUG:colcon.colcon_parallel_executor.executor.parallel:run_until_complete finished with '0'
[5.364s] DEBUG:colcon.colcon_core.event_reactor:joining thread
[5.378s] INFO:colcon.colcon_core.plugin_system:Skipping extension 'colcon_notification.desktop_notification.terminal_notifier': Not used on non-Darwin systems
[5.378s] INFO:colcon.colcon_core.plugin_system:Skipping extension 'colcon_notification.desktop_notification.win32': Not used on non-Windows systems
[5.378s] INFO:colcon.colcon_notification.desktop_notification:Sending desktop notification using 'notify2'
[5.402s] DEBUG:colcon.colcon_core.event_reactor:joined thread
[5.403s] INFO:colcon.colcon_core.shell:Creating prefix script '/home/yahboom/swerve_bringup/install/local_setup.ps1'
[5.404s] INFO:colcon.colcon_core.shell:Creating prefix util module '/home/yahboom/swerve_bringup/install/_local_setup_util_ps1.py'
[5.410s] INFO:colcon.colcon_core.shell:Creating prefix chain script '/home/yahboom/swerve_bringup/install/setup.ps1'
[5.417s] INFO:colcon.colcon_core.shell:Creating prefix script '/home/yahboom/swerve_bringup/install/local_setup.sh'
[5.418s] INFO:colcon.colcon_core.shell:Creating prefix util module '/home/yahboom/swerve_bringup/install/_local_setup_util_sh.py'
[5.419s] INFO:colcon.colcon_core.shell:Creating prefix chain script '/home/yahboom/swerve_bringup/install/setup.sh'
[5.425s] INFO:colcon.colcon_core.shell:Creating prefix script '/home/yahboom/swerve_bringup/install/local_setup.bash'
[5.428s] INFO:colcon.colcon_core.shell:Creating prefix chain script '/home/yahboom/swerve_bringup/install/setup.bash'
[5.436s] INFO:colcon.colcon_core.shell:Creating prefix script '/home/yahboom/swerve_bringup/install/local_setup.zsh'
[5.437s] INFO:colcon.colcon_core.shell:Creating prefix chain script '/home/yahboom/swerve_bringup/install/setup.zsh'
