[INFO] [launch]: All log files can be found below /home/yahboom/.ros/log/2026-09-17-23-34-17-919880-yahboom-virtual-machine-222874
[INFO] [launch]: Default logging verbosity is set to INFO
[INFO] [launch.user]: CONTACT_DIAGNOSTICS=true
[INFO] [gzserver-1]: process started with pid [222895]
[INFO] [robot_state_publisher-2]: process started with pid [222897]
[INFO] [spawn_entity.py-3]: process started with pid [222899]
[INFO] [ekf_node-4]: process started with pid [222901]
[INFO] [v30e_sim_node-5]: process started with pid [222903]
[INFO] [ekf_node-6]: process started with pid [222905]
[INFO] [map_server-7]: process started with pid [222907]
[INFO] [controller_server-8]: process started with pid [222909]
[INFO] [planner_server-9]: process started with pid [222912]
[INFO] [behavior_server-10]: process started with pid [222915]
[INFO] [bt_navigator-11]: process started with pid [222925]
[INFO] [waypoint_follower-12]: process started with pid [222938]
[INFO] [lifecycle_manager-13]: process started with pid [222959]
[INFO] [swerve_bridge_node-14]: process started with pid [222973]
[planner_server-9] [INFO] [1789659261.077313911] [planner_server]: 
[planner_server-9] 	planner_server lifecycle node launched. 
[planner_server-9] 	Waiting on external lifecycle transitions to activate
[planner_server-9] 	See https://design.ros2.org/articles/node_lifecycle.html for more information.
[map_server-7] [INFO] [1789659261.094345489] [map_server]: 
[map_server-7] 	map_server lifecycle node launched. 
[map_server-7] 	Waiting on external lifecycle transitions to activate
[map_server-7] 	See https://design.ros2.org/articles/node_lifecycle.html for more information.
[map_server-7] [INFO] [1789659261.100529781] [map_server]: Creating
[planner_server-9] [INFO] [1789659261.101955599] [planner_server]: Creating
[waypoint_follower-12] [INFO] [1789659261.167972954] [waypoint_follower]: 
[waypoint_follower-12] 	waypoint_follower lifecycle node launched. 
[waypoint_follower-12] 	Waiting on external lifecycle transitions to activate
[waypoint_follower-12] 	See https://design.ros2.org/articles/node_lifecycle.html for more information.
[robot_state_publisher-2] [INFO] [1789659261.174507311] [robot_state_publisher]: got segment base_footprint
[robot_state_publisher-2] [INFO] [1789659261.174629329] [robot_state_publisher]: got segment base_link
[robot_state_publisher-2] [INFO] [1789659261.174640129] [robot_state_publisher]: got segment imu_link
[robot_state_publisher-2] [INFO] [1789659261.174647498] [robot_state_publisher]: got segment lidar_link
[robot_state_publisher-2] [INFO] [1789659261.174654366] [robot_state_publisher]: got segment steer_front_link
[robot_state_publisher-2] [INFO] [1789659261.174661153] [robot_state_publisher]: got segment steer_rear_link
[robot_state_publisher-2] [INFO] [1789659261.174667619] [robot_state_publisher]: got segment v30e_link
[robot_state_publisher-2] [INFO] [1789659261.174673977] [robot_state_publisher]: got segment wheel_front_drive_link
[robot_state_publisher-2] [INFO] [1789659261.174680829] [robot_state_publisher]: got segment wheel_front_left_fork_link
[robot_state_publisher-2] [INFO] [1789659261.174687862] [robot_state_publisher]: got segment wheel_front_left_link
[robot_state_publisher-2] [INFO] [1789659261.174694368] [robot_state_publisher]: got segment wheel_front_right_fork_link
[robot_state_publisher-2] [INFO] [1789659261.174700828] [robot_state_publisher]: got segment wheel_front_right_link
[robot_state_publisher-2] [INFO] [1789659261.174707304] [robot_state_publisher]: got segment wheel_rear_drive_link
[robot_state_publisher-2] [INFO] [1789659261.174713654] [robot_state_publisher]: got segment wheel_rear_left_fork_link
[robot_state_publisher-2] [INFO] [1789659261.174720078] [robot_state_publisher]: got segment wheel_rear_left_link
[robot_state_publisher-2] [INFO] [1789659261.174727137] [robot_state_publisher]: got segment wheel_rear_right_fork_link
[robot_state_publisher-2] [INFO] [1789659261.174733627] [robot_state_publisher]: got segment wheel_rear_right_link
[waypoint_follower-12] [INFO] [1789659261.179711724] [waypoint_follower]: Creating
[bt_navigator-11] [INFO] [1789659261.246004071] [bt_navigator]: 
[bt_navigator-11] 	bt_navigator lifecycle node launched. 
[bt_navigator-11] 	Waiting on external lifecycle transitions to activate
[bt_navigator-11] 	See https://design.ros2.org/articles/node_lifecycle.html for more information.
[bt_navigator-11] [INFO] [1789659261.247203380] [bt_navigator]: Creating
[controller_server-8] [INFO] [1789659261.321437410] [controller_server]: 
[controller_server-8] 	controller_server lifecycle node launched. 
[controller_server-8] 	Waiting on external lifecycle transitions to activate
[controller_server-8] 	See https://design.ros2.org/articles/node_lifecycle.html for more information.
[controller_server-8] [INFO] [1789659261.336855888] [controller_server]: Creating controller server
[lifecycle_manager-13] [INFO] [1789659261.371490777] [lifecycle_manager_navigation]: Creating
[planner_server-9] [INFO] [1789659261.416520101] [global_costmap.global_costmap]: 
[planner_server-9] 	global_costmap lifecycle node launched. 
[planner_server-9] 	Waiting on external lifecycle transitions to activate
[planner_server-9] 	See https://design.ros2.org/articles/node_lifecycle.html for more information.
[planner_server-9] [INFO] [1789659261.417140445] [global_costmap.global_costmap]: Creating Costmap
[swerve_bridge_node-14] Traceback (most recent call last):
[swerve_bridge_node-14]   File "/home/yahboom/swerve_bringup/install/swerve_bridge/lib/swerve_bridge/swerve_bridge_node", line 33, in <module>
[swerve_bridge_node-14]     sys.exit(load_entry_point('swerve-bridge', 'console_scripts', 'swerve_bridge_node')())
[swerve_bridge_node-14]   File "/home/yahboom/swerve_bringup/install/swerve_bridge/lib/swerve_bridge/swerve_bridge_node", line 22, in importlib_load_entry_point
[swerve_bridge_node-14]     for entry_point in distribution(dist_name).entry_points
[swerve_bridge_node-14]   File "/usr/lib/python3.10/importlib/metadata/__init__.py", line 969, in distribution
[swerve_bridge_node-14]     return Distribution.from_name(distribution_name)
[swerve_bridge_node-14]   File "/usr/lib/python3.10/importlib/metadata/__init__.py", line 548, in from_name
[swerve_bridge_node-14]     raise PackageNotFoundError(name)
[swerve_bridge_node-14] importlib.metadata.PackageNotFoundError: No package metadata was found for swerve-bridge
[lifecycle_manager-13] [INFO] [1789659261.447074331] [lifecycle_manager_navigation]: [34m[1mCreating and initializing lifecycle service clients[0m[0m
[ERROR] [swerve_bridge_node-14]: process has died [pid 222973, exit code 1, cmd '/home/yahboom/swerve_bringup/install/swerve_bridge/lib/swerve_bridge/swerve_bridge_node --ros-args -r __node:=swerve_bridge --params-file /home/yahboom/swerve_bringup/install/swerve_bridge/share/swerve_bridge/config/bridge.yaml --params-file /tmp/launch_params_ict9mx9e'].
[behavior_server-10] [INFO] [1789659261.516224698] [behavior_server]: 
[behavior_server-10] 	behavior_server lifecycle node launched. 
[behavior_server-10] 	Waiting on external lifecycle transitions to activate
[behavior_server-10] 	See https://design.ros2.org/articles/node_lifecycle.html for more information.
[lifecycle_manager-13] [INFO] [1789659261.610629276] [lifecycle_manager_navigation]: [34m[1mStarting managed nodes bringup...[0m[0m
[lifecycle_manager-13] [INFO] [1789659261.610700332] [lifecycle_manager_navigation]: [34m[1mConfiguring map_server[0m[0m
[map_server-7] [INFO] [1789659261.612548438] [map_server]: Configuring
[map_server-7] [INFO] [1789659261.612663373] [map_io]: Loading yaml file: /home/yahboom/swerve_bringup/install/swerve_bringup/share/swerve_bringup/swerve_navigation/maps/warehouse.yaml
[map_server-7] [INFO] [1789659261.612976460] [map_io]: resolution: 0.05
[map_server-7] [INFO] [1789659261.612991684] [map_io]: origin[0]: -17.2
[map_server-7] [INFO] [1789659261.612998115] [map_io]: origin[1]: -17.4
[map_server-7] [INFO] [1789659261.613003674] [map_io]: origin[2]: 0
[map_server-7] [INFO] [1789659261.613009746] [map_io]: free_thresh: 0.25
[map_server-7] [INFO] [1789659261.613015584] [map_io]: occupied_thresh: 0.65
[map_server-7] [INFO] [1789659261.613021512] [map_io]: mode: trinary
[map_server-7] [INFO] [1789659261.613027427] [map_io]: negate: 0
[map_server-7] [INFO] [1789659261.613384959] [map_io]: Loading image_file: /home/yahboom/swerve_bringup/install/swerve_bringup/share/swerve_bringup/swerve_navigation/maps/warehouse.pgm
[controller_server-8] [INFO] [1789659261.613678400] [local_costmap.local_costmap]: 
[controller_server-8] 	local_costmap lifecycle node launched. 
[controller_server-8] 	Waiting on external lifecycle transitions to activate
[controller_server-8] 	See https://design.ros2.org/articles/node_lifecycle.html for more information.
[controller_server-8] [INFO] [1789659261.617663647] [local_costmap.local_costmap]: Creating Costmap
[map_server-7] [INFO] [1789659261.709028419] [map_io]: Read map /home/yahboom/swerve_bringup/install/swerve_bringup/share/swerve_bringup/swerve_navigation/maps/warehouse.pgm: 676 X 680 map @ 0.05 m/cell
[lifecycle_manager-13] [INFO] [1789659261.727856622] [lifecycle_manager_navigation]: [34m[1mConfiguring controller_server[0m[0m
[controller_server-8] [INFO] [1789659261.731824437] [controller_server]: Configuring controller interface
[controller_server-8] [INFO] [1789659261.732412737] [controller_server]: getting goal checker plugins..
[controller_server-8] [INFO] [1789659261.732726874] [controller_server]: Controller frequency set to 10.0000Hz
[controller_server-8] [INFO] [1789659261.732783253] [local_costmap.local_costmap]: Configuring
[controller_server-8] [INFO] [1789659261.762915350] [local_costmap.local_costmap]: Using plugin "voxel_layer"
[controller_server-8] [INFO] [1789659261.770659429] [local_costmap.local_costmap]: Subscribed to Topics: lidar3d scan
[controller_server-8] [INFO] [1789659261.817809217] [local_costmap.local_costmap]: Initialized plugin "voxel_layer"
[controller_server-8] [INFO] [1789659261.819418961] [local_costmap.local_costmap]: Using plugin "inflation_layer"
[controller_server-8] [INFO] [1789659261.820286476] [local_costmap.local_costmap]: Initialized plugin "inflation_layer"
[controller_server-8] [INFO] [1789659261.935339645] [controller_server]: Created progress_checker : progress_checker of type nav2_controller::SimpleProgressChecker
[controller_server-8] [INFO] [1789659261.936036798] [controller_server]: Created goal checker : general_goal_checker of type nav2_controller::SimpleGoalChecker
[controller_server-8] [INFO] [1789659261.945016678] [controller_server]: Controller Server has general_goal_checker  goal checkers available.
[controller_server-8] [INFO] [1789659261.951423086] [controller_server]: Created controller : FollowPath of type dwb_core::DWBLocalPlanner
[controller_server-8] [INFO] [1789659261.964143303] [controller_server]: Setting transform_tolerance to 0.200000
[controller_server-8] [INFO] [1789659262.108358839] [controller_server]: Using critic "RotateToGoal" (dwb_critics::RotateToGoalCritic)
[controller_server-8] [INFO] [1789659262.150622103] [controller_server]: Critic plugin initialized
[controller_server-8] [INFO] [1789659262.150742155] [controller_server]: Using critic "Oscillation" (dwb_critics::OscillationCritic)
[controller_server-8] [INFO] [1789659262.150947869] [controller_server]: Critic plugin initialized
[controller_server-8] [INFO] [1789659262.151022096] [controller_server]: Using critic "BaseObstacle" (dwb_critics::BaseObstacleCritic)
[controller_server-8] [INFO] [1789659262.151096598] [controller_server]: Critic plugin initialized
[controller_server-8] [INFO] [1789659262.151163574] [controller_server]: Using critic "GoalAlign" (dwb_critics::GoalAlignCritic)
[controller_server-8] [INFO] [1789659262.151626297] [controller_server]: Critic plugin initialized
[controller_server-8] [INFO] [1789659262.151724290] [controller_server]: Using critic "PathAlign" (dwb_critics::PathAlignCritic)
[controller_server-8] [INFO] [1789659262.207275746] [controller_server]: Critic plugin initialized
[controller_server-8] [INFO] [1789659262.207688623] [controller_server]: Using critic "PathDist" (dwb_critics::PathDistCritic)
[controller_server-8] [INFO] [1789659262.226827961] [controller_server]: Critic plugin initialized
[controller_server-8] [INFO] [1789659262.227022811] [controller_server]: Using critic "GoalDist" (dwb_critics::GoalDistCritic)
[controller_server-8] [INFO] [1789659262.227166453] [controller_server]: Critic plugin initialized
[controller_server-8] [INFO] [1789659262.227179547] [controller_server]: Controller Server has FollowPath  controllers available.
[spawn_entity.py-3] [INFO] [1789659262.471262494] [spawn_swerve]: Spawn Entity started
[spawn_entity.py-3] [INFO] [1789659262.471774323] [spawn_swerve]: Loading entity published on topic robot_description
[spawn_entity.py-3] [INFO] [1789659262.479479436] [spawn_swerve]: Waiting for entity xml on robot_description
[lifecycle_manager-13] [INFO] [1789659262.589936997] [lifecycle_manager_navigation]: [34m[1mConfiguring planner_server[0m[0m
[planner_server-9] [INFO] [1789659262.590719718] [planner_server]: Configuring
[planner_server-9] [INFO] [1789659262.590775974] [global_costmap.global_costmap]: Configuring
[planner_server-9] [INFO] [1789659262.644844130] [global_costmap.global_costmap]: Using plugin "static_layer"
[planner_server-9] [INFO] [1789659262.666618033] [global_costmap.global_costmap]: Subscribing to the map topic (/map) with transient local durability
[planner_server-9] [INFO] [1789659262.673270145] [global_costmap.global_costmap]: Initialized plugin "static_layer"
[planner_server-9] [INFO] [1789659262.673317611] [global_costmap.global_costmap]: Using plugin "obstacle_layer"
[planner_server-9] [INFO] [1789659262.684184025] [global_costmap.global_costmap]: Subscribed to Topics: scan
[planner_server-9] [INFO] [1789659262.707881054] [global_costmap.global_costmap]: Initialized plugin "obstacle_layer"
[planner_server-9] [INFO] [1789659262.707991833] [global_costmap.global_costmap]: Using plugin "inflation_layer"
[planner_server-9] [INFO] [1789659262.717683485] [global_costmap.global_costmap]: Initialized plugin "inflation_layer"
[planner_server-9] [INFO] [1789659262.790609727] [planner_server]: Created global planner plugin GridBased of type nav2_navfn_planner/NavfnPlanner
[planner_server-9] [INFO] [1789659262.790771239] [planner_server]: Configuring plugin GridBased of type NavfnPlanner
[planner_server-9] [INFO] [1789659262.810924469] [planner_server]: Planner Server has GridBased  planners available.
[v30e_sim_node-5] [INFO] [1789659262.843994837] [v30e_sim_node]: Using Gazebo /get_entity_state internally; odometry is not a V30E measurement input
[lifecycle_manager-13] [INFO] [1789659262.954443020] [lifecycle_manager_navigation]: [34m[1mConfiguring behavior_server[0m[0m
[behavior_server-10] [INFO] [1789659262.955879438] [behavior_server]: Configuring
[behavior_server-10] [INFO] [1789659263.014164361] [behavior_server]: Creating behavior plugin spin of type nav2_behaviors/Spin
[behavior_server-10] [INFO] [1789659263.015860273] [behavior_server]: Configuring spin
[behavior_server-10] [INFO] [1789659263.087148388] [behavior_server]: Creating behavior plugin backup of type nav2_behaviors/BackUp
[behavior_server-10] [INFO] [1789659263.091440954] [behavior_server]: Configuring backup
[behavior_server-10] [INFO] [1789659263.155854064] [behavior_server]: Creating behavior plugin drive_on_heading of type nav2_behaviors/DriveOnHeading
[behavior_server-10] [INFO] [1789659263.157107788] [behavior_server]: Configuring drive_on_heading
[behavior_server-10] [INFO] [1789659263.185980726] [behavior_server]: Creating behavior plugin wait of type nav2_behaviors/Wait
[behavior_server-10] [INFO] [1789659263.188386562] [behavior_server]: Configuring wait
[lifecycle_manager-13] [INFO] [1789659263.219648756] [lifecycle_manager_navigation]: [34m[1mConfiguring bt_navigator[0m[0m
[bt_navigator-11] [INFO] [1789659263.221903000] [bt_navigator]: Configuring
[lifecycle_manager-13] [INFO] [1789659263.711435673] [lifecycle_manager_navigation]: [34m[1mConfiguring waypoint_follower[0m[0m
[waypoint_follower-12] [INFO] [1789659263.711742362] [waypoint_follower]: Configuring
[waypoint_follower-12] [INFO] [1789659263.790719893] [waypoint_follower]: Created waypoint_task_executor : wait_at_waypoint of type nav2_waypoint_follower::WaitAtWaypoint
[waypoint_follower-12] [INFO] [1789659263.790896429] [waypoint_follower]: Waypoint pause duration is set to zero, disabling task executor plugin.
[lifecycle_manager-13] [INFO] [1789659263.792710266] [lifecycle_manager_navigation]: [34m[1mActivating map_server[0m[0m
[map_server-7] [INFO] [1789659263.793031305] [map_server]: Activating
[map_server-7] [INFO] [1789659263.797300656] [map_server]: Creating bond (map_server) to lifecycle manager.
[planner_server-9] [INFO] [1789659263.797838769] [global_costmap.global_costmap]: StaticLayer: Resizing costmap to 676 X 680 at 0.050000 m/pix
[lifecycle_manager-13] [INFO] [1789659263.918592422] [lifecycle_manager_navigation]: Server map_server connected with bond.
[lifecycle_manager-13] [INFO] [1789659263.918656425] [lifecycle_manager_navigation]: [34m[1mActivating controller_server[0m[0m
[controller_server-8] [INFO] [1789659263.919258387] [controller_server]: Activating
[controller_server-8] [INFO] [1789659263.919314923] [local_costmap.local_costmap]: Activating
[controller_server-8] [INFO] [1789659263.919332033] [local_costmap.local_costmap]: Checking transform
[controller_server-8] [INFO] [1789659263.919364978] [local_costmap.local_costmap]: Timed out waiting for transform from base_footprint to odom to become available, tf error: Invalid frame ID "odom" passed to canTransform argument target_frame - frame does not exist
[controller_server-8] [INFO] [1789659264.424198816] [local_costmap.local_costmap]: Timed out waiting for transform from base_footprint to odom to become available, tf error: Invalid frame ID "odom" passed to canTransform argument target_frame - frame does not exist
[spawn_entity.py-3] [INFO] [1789659264.562755745] [spawn_swerve]: Waiting for service /spawn_entity, timeout = 30
[spawn_entity.py-3] [INFO] [1789659264.563396274] [spawn_swerve]: Waiting for service /spawn_entity
[controller_server-8] [INFO] [1789659264.919604395] [local_costmap.local_costmap]: Timed out waiting for transform from base_footprint to odom to become available, tf error: Invalid frame ID "odom" passed to canTransform argument target_frame - frame does not exist
[controller_server-8] [INFO] [1789659265.419673300] [local_costmap.local_costmap]: Timed out waiting for transform from base_footprint to odom to become available, tf error: Invalid frame ID "odom" passed to canTransform argument target_frame - frame does not exist
[controller_server-8] [INFO] [1789659265.919514623] [local_costmap.local_costmap]: Timed out waiting for transform from base_footprint to odom to become available, tf error: Invalid frame ID "odom" passed to canTransform argument target_frame - frame does not exist
[controller_server-8] [INFO] [1789659266.420098090] [local_costmap.local_costmap]: Timed out waiting for transform from base_footprint to odom to become available, tf error: Invalid frame ID "odom" passed to canTransform argument target_frame - frame does not exist
[controller_server-8] [INFO] [1789659266.922363378] [local_costmap.local_costmap]: Timed out waiting for transform from base_footprint to odom to become available, tf error: Invalid frame ID "odom" passed to canTransform argument target_frame - frame does not exist
[controller_server-8] [INFO] [1789659267.419971491] [local_costmap.local_costmap]: Timed out waiting for transform from base_footprint to odom to become available, tf error: Invalid frame ID "odom" passed to canTransform argument target_frame - frame does not exist
[controller_server-8] [INFO] [1789659267.920137001] [local_costmap.local_costmap]: Timed out waiting for transform from base_footprint to odom to become available, tf error: Invalid frame ID "odom" passed to canTransform argument target_frame - frame does not exist
[controller_server-8] [INFO] [1789659268.420456845] [local_costmap.local_costmap]: Timed out waiting for transform from base_footprint to odom to become available, tf error: Invalid frame ID "odom" passed to canTransform argument target_frame - frame does not exist
[spawn_entity.py-3] [INFO] [1789659268.874658169] [spawn_swerve]: Calling service /spawn_entity
[controller_server-8] [INFO] [1789659268.919814814] [local_costmap.local_costmap]: Timed out waiting for transform from base_footprint to odom to become available, tf error: Invalid frame ID "odom" passed to canTransform argument target_frame - frame does not exist
[gzserver-1] [INFO] [1789659269.008348565] [gazebo_ros_state]: Publishing states of gazebo models at [/model_states]
[gzserver-1] [INFO] [1789659269.012657972] [gazebo_ros_state]: Publishing states of gazebo links at [/link_states]
[gzserver-1] [ERROR] [1789659269.172780798] [gazebo_ros_state]: GetEntityState: entity [swerve_base] does not exist
[v30e_sim_node-5] [WARN] [1789659269.175212149] [v30e_sim_node]: get_entity_state failed: entity not available
[gzserver-1] [ERROR] [1789659269.227334064] [gazebo_ros_state]: GetEntityState: entity [swerve_base] does not exist
[gzserver-1] [ERROR] [1789659269.281393917] [gazebo_ros_state]: GetEntityState: entity [swerve_base] does not exist
[gzserver-1] [ERROR] [1789659269.338558758] [gazebo_ros_state]: GetEntityState: entity [swerve_base] does not exist
[gzserver-1] [ERROR] [1789659269.392242072] [gazebo_ros_state]: GetEntityState: entity [swerve_base] does not exist
[controller_server-8] [INFO] [1789659269.419755537] [local_costmap.local_costmap]: Timed out waiting for transform from base_footprint to odom to become available, tf error: Invalid frame ID "odom" passed to canTransform argument target_frame - frame does not exist
[gzserver-1] [ERROR] [1789659269.444404678] [gazebo_ros_state]: GetEntityState: entity [swerve_base] does not exist
[gzserver-1] [ERROR] [1789659269.499169365] [gazebo_ros_state]: GetEntityState: entity [swerve_base] does not exist
[gzserver-1] [ERROR] [1789659269.551864375] [gazebo_ros_state]: GetEntityState: entity [swerve_base] does not exist
[gzserver-1] [ERROR] [1789659269.607020143] [gazebo_ros_state]: GetEntityState: entity [swerve_base] does not exist
[gzserver-1] [INFO] [1789659269.780439327] [imu.imu_ros]: <initial_orientation_as_reference> is unset, using default value of false to comply with REP 145 (world as orientation reference)
[controller_server-8] [INFO] [1789659269.919917806] [local_costmap.local_costmap]: Timed out waiting for transform from base_footprint to odom to become available, tf error: Invalid frame ID "odom" passed to canTransform argument target_frame - frame does not exist
[controller_server-8] [INFO] [1789659270.419706188] [local_costmap.local_costmap]: Timed out waiting for transform from base_footprint to odom to become available, tf error: Invalid frame ID "odom" passed to canTransform argument target_frame - frame does not exist
[controller_server-8] [INFO] [1789659270.919525846] [local_costmap.local_costmap]: Timed out waiting for transform from base_footprint to odom to become available, tf error: Invalid frame ID "odom" passed to canTransform argument target_frame - frame does not exist
[controller_server-8] [INFO] [1789659271.419508709] [local_costmap.local_costmap]: Timed out waiting for transform from base_footprint to odom to become available, tf error: Invalid frame ID "odom" passed to canTransform argument target_frame - frame does not exist
[controller_server-8] [INFO] [1789659271.919837468] [local_costmap.local_costmap]: Timed out waiting for transform from base_footprint to odom to become available, tf error: Invalid frame ID "odom" passed to canTransform argument target_frame - frame does not exist
[controller_server-8] [INFO] [1789659272.419733001] [local_costmap.local_costmap]: Timed out waiting for transform from base_footprint to odom to become available, tf error: Invalid frame ID "odom" passed to canTransform argument target_frame - frame does not exist
[controller_server-8] [INFO] [1789659272.919784125] [local_costmap.local_costmap]: Timed out waiting for transform from base_footprint to odom to become available, tf error: Invalid frame ID "odom" passed to canTransform argument target_frame - frame does not exist
[controller_server-8] [INFO] [1789659273.420793899] [local_costmap.local_costmap]: Timed out waiting for transform from base_footprint to odom to become available, tf error: Invalid frame ID "odom" passed to canTransform argument target_frame - frame does not exist
[controller_server-8] [INFO] [1789659273.919637526] [local_costmap.local_costmap]: Timed out waiting for transform from base_footprint to odom to become available, tf error: Invalid frame ID "odom" passed to canTransform argument target_frame - frame does not exist
[controller_server-8] [INFO] [1789659274.419929779] [local_costmap.local_costmap]: Timed out waiting for transform from base_footprint to odom to become available, tf error: Invalid frame ID "odom" passed to canTransform argument target_frame - frame does not exist
[controller_server-8] [INFO] [1789659274.919790868] [local_costmap.local_costmap]: Timed out waiting for transform from base_footprint to odom to become available, tf error: Invalid frame ID "odom" passed to canTransform argument target_frame - frame does not exist
[controller_server-8] [INFO] [1789659275.421854215] [local_costmap.local_costmap]: Timed out waiting for transform from base_footprint to odom to become available, tf error: Invalid frame ID "odom" passed to canTransform argument target_frame - frame does not exist
[controller_server-8] [INFO] [1789659275.919431385] [local_costmap.local_costmap]: Timed out waiting for transform from base_footprint to odom to become available, tf error: Invalid frame ID "odom" passed to canTransform argument target_frame - frame does not exist
[controller_server-8] [INFO] [1789659276.420648808] [local_costmap.local_costmap]: Timed out waiting for transform from base_footprint to odom to become available, tf error: Invalid frame ID "odom" passed to canTransform argument target_frame - frame does not exist
[controller_server-8] [INFO] [1789659276.932898723] [local_costmap.local_costmap]: Timed out waiting for transform from base_footprint to odom to become available, tf error: Invalid frame ID "odom" passed to canTransform argument target_frame - frame does not exist
[controller_server-8] [INFO] [1789659277.420020571] [local_costmap.local_costmap]: Timed out waiting for transform from base_footprint to odom to become available, tf error: Invalid frame ID "odom" passed to canTransform argument target_frame - frame does not exist
[controller_server-8] [INFO] [1789659277.922097963] [local_costmap.local_costmap]: Timed out waiting for transform from base_footprint to odom to become available, tf error: Invalid frame ID "odom" passed to canTransform argument target_frame - frame does not exist
[controller_server-8] [INFO] [1789659278.419692491] [local_costmap.local_costmap]: Timed out waiting for transform from base_footprint to odom to become available, tf error: Invalid frame ID "odom" passed to canTransform argument target_frame - frame does not exist
[controller_server-8] [INFO] [1789659278.922309511] [local_costmap.local_costmap]: Timed out waiting for transform from base_footprint to odom to become available, tf error: Invalid frame ID "odom" passed to canTransform argument target_frame - frame does not exist
[controller_server-8] [INFO] [1789659279.419996147] [local_costmap.local_costmap]: Timed out waiting for transform from base_footprint to odom to become available, tf error: Invalid frame ID "odom" passed to canTransform argument target_frame - frame does not exist
[controller_server-8] [INFO] [1789659279.919736708] [local_costmap.local_costmap]: Timed out waiting for transform from base_footprint to odom to become available, tf error: Invalid frame ID "odom" passed to canTransform argument target_frame - frame does not exist
[controller_server-8] [INFO] [1789659280.424824321] [local_costmap.local_costmap]: Timed out waiting for transform from base_footprint to odom to become available, tf error: Invalid frame ID "odom" passed to canTransform argument target_frame - frame does not exist
[controller_server-8] [INFO] [1789659280.920827562] [local_costmap.local_costmap]: Timed out waiting for transform from base_footprint to odom to become available, tf error: Invalid frame ID "odom" passed to canTransform argument target_frame - frame does not exist
[controller_server-8] [INFO] [1789659281.419731672] [local_costmap.local_costmap]: Timed out waiting for transform from base_footprint to odom to become available, tf error: Invalid frame ID "odom" passed to canTransform argument target_frame - frame does not exist
[controller_server-8] [INFO] [1789659281.923436386] [local_costmap.local_costmap]: Timed out waiting for transform from base_footprint to odom to become available, tf error: Invalid frame ID "odom" passed to canTransform argument target_frame - frame does not exist
[controller_server-8] [INFO] [1789659282.420348148] [local_costmap.local_costmap]: Timed out waiting for transform from base_footprint to odom to become available, tf error: Invalid frame ID "odom" passed to canTransform argument target_frame - frame does not exist
[controller_server-8] [INFO] [1789659282.920452981] [local_costmap.local_costmap]: Timed out waiting for transform from base_footprint to odom to become available, tf error: Invalid frame ID "odom" passed to canTransform argument target_frame - frame does not exist
[controller_server-8] [INFO] [1789659283.420447636] [local_costmap.local_costmap]: Timed out waiting for transform from base_footprint to odom to become available, tf error: Invalid frame ID "odom" passed to canTransform argument target_frame - frame does not exist
[controller_server-8] [INFO] [1789659283.920295216] [local_costmap.local_costmap]: Timed out waiting for transform from base_footprint to odom to become available, tf error: Invalid frame ID "odom" passed to canTransform argument target_frame - frame does not exist
[gzserver-1] [INFO] [1789659284.306673653] [contact_load.wheel_front_drive_link_contact_plugin]: Publishing contact states to [/contact_load/wheel_front_drive_link]
[controller_server-8] [INFO] [1789659284.420280910] [local_costmap.local_costmap]: Timed out waiting for transform from base_footprint to odom to become available, tf error: Invalid frame ID "odom" passed to canTransform argument target_frame - frame does not exist
[gzserver-1] [INFO] [1789659284.441696003] [contact_load.wheel_rear_drive_link_contact_plugin]: Publishing contact states to [/contact_load/wheel_rear_drive_link]
[gzserver-1] [INFO] [1789659284.546336683] [contact_load.wheel_front_left_link_contact_plugin]: Publishing contact states to [/contact_load/wheel_front_left_link]
[gzserver-1] [INFO] [1789659284.652768992] [contact_load.wheel_front_right_link_contact_plugin]: Publishing contact states to [/contact_load/wheel_front_right_link]
[gzserver-1] [INFO] [1789659284.724857854] [contact_load.wheel_rear_left_link_contact_plugin]: Publishing contact states to [/contact_load/wheel_rear_left_link]
[spawn_entity.py-3] [INFO] [1789659284.741429299] [spawn_swerve]: Spawn status: SpawnEntity: Successfully spawned entity [swerve_base]
[gzserver-1] [INFO] [1789659284.864655044] [contact_load.wheel_rear_right_link_contact_plugin]: Publishing contact states to [/contact_load/wheel_rear_right_link]
[controller_server-8] [INFO] [1789659284.920798108] [local_costmap.local_costmap]: Timed out waiting for transform from base_footprint to odom to become available, tf error: Invalid frame ID "odom" passed to canTransform argument target_frame - frame does not exist
[gzserver-1] [INFO] [1789659285.031431006] [gazebo_ros2_control]: Loading gazebo_ros2_control plugin
[gzserver-1] [INFO] [1789659285.137508107] [gazebo_ros2_control]: Starting gazebo_ros2_control plugin in namespace: /
[gzserver-1] [INFO] [1789659285.137573655] [gazebo_ros2_control]: Starting gazebo_ros2_control plugin in ros 2 node: gazebo_ros2_control
[INFO] [spawn_entity.py-3]: process has finished cleanly [pid 222899]
[INFO] [spawner-15]: process started with pid [223151]
[gzserver-1] [INFO] [1789659285.242485348] [gazebo_ros2_control]: connected to service!! robot_state_publisher
[gzserver-1] [INFO] [1789659285.249167098] [gazebo_ros2_control]: Received urdf from param server, parsing...
[gzserver-1] [INFO] [1789659285.249321646] [gazebo_ros2_control]: Loading parameter files /home/yahboom/swerve_bringup/install/swerve_bringup/share/swerve_bringup/config/controllers.yaml
[gzserver-1] [INFO] [1789659285.289581408] [gazebo_ros2_control]: Loading joint: steer_front_joint
[gzserver-1] [INFO] [1789659285.289673747] [gazebo_ros2_control]: 	State:
[gzserver-1] [INFO] [1789659285.289691164] [gazebo_ros2_control]: 		 position
[gzserver-1] [INFO] [1789659285.289703605] [gazebo_ros2_control]: 		 velocity
[gzserver-1] [INFO] [1789659285.289714013] [gazebo_ros2_control]: 	Command:
[gzserver-1] [INFO] [1789659285.289723023] [gazebo_ros2_control]: 		 position
[gzserver-1] [INFO] [1789659285.306084490] [gazebo_ros2_control]: Loading joint: steer_rear_joint
[gzserver-1] [INFO] [1789659285.306149095] [gazebo_ros2_control]: 	State:
[gzserver-1] [INFO] [1789659285.306161266] [gazebo_ros2_control]: 		 position
[gzserver-1] [INFO] [1789659285.306173192] [gazebo_ros2_control]: 		 velocity
[gzserver-1] [INFO] [1789659285.306182382] [gazebo_ros2_control]: 	Command:
[gzserver-1] [INFO] [1789659285.306191038] [gazebo_ros2_control]: 		 position
[gzserver-1] [INFO] [1789659285.311944122] [gazebo_ros2_control]: Loading joint: wheel_front_drive_joint
[gzserver-1] [INFO] [1789659285.312014259] [gazebo_ros2_control]: 	State:
[gzserver-1] [INFO] [1789659285.312028807] [gazebo_ros2_control]: 		 position
[gzserver-1] [INFO] [1789659285.312039676] [gazebo_ros2_control]: 		 velocity
[gzserver-1] [INFO] [1789659285.312048952] [gazebo_ros2_control]: 	Command:
[gzserver-1] [INFO] [1789659285.312067026] [gazebo_ros2_control]: 		 velocity
[gzserver-1] [INFO] [1789659285.312376850] [gazebo_ros2_control]: Loading joint: wheel_rear_drive_joint
[gzserver-1] [INFO] [1789659285.312405293] [gazebo_ros2_control]: 	State:
[gzserver-1] [INFO] [1789659285.312415647] [gazebo_ros2_control]: 		 position
[gzserver-1] [INFO] [1789659285.312425139] [gazebo_ros2_control]: 		 velocity
[gzserver-1] [INFO] [1789659285.312434373] [gazebo_ros2_control]: 	Command:
[gzserver-1] [INFO] [1789659285.312454023] [gazebo_ros2_control]: 		 velocity
[gzserver-1] [INFO] [1789659285.318294361] [resource_manager]: Initialize hardware 'GazeboSystem' 
[gzserver-1] [INFO] [1789659285.318616223] [resource_manager]: Successful initialization of hardware 'GazeboSystem'
[gzserver-1] [INFO] [1789659285.318772846] [resource_manager]: 'configure' hardware 'GazeboSystem' 
[gzserver-1] [INFO] [1789659285.318789371] [resource_manager]: Successful 'configure' of hardware 'GazeboSystem'
[gzserver-1] [INFO] [1789659285.318798405] [resource_manager]: 'activate' hardware 'GazeboSystem' 
[gzserver-1] [INFO] [1789659285.318805528] [resource_manager]: Successful 'activate' of hardware 'GazeboSystem'
[gzserver-1] [INFO] [1789659285.318918939] [gazebo_ros2_control]: Loading controller_manager
[controller_server-8] [INFO] [1789659285.419681808] [local_costmap.local_costmap]: Timed out waiting for transform from base_footprint to odom to become available, tf error: Invalid frame ID "odom" passed to canTransform argument target_frame - frame does not exist
[gzserver-1] [WARN] [1789659285.621464585] [gazebo_ros2_control]:  Desired controller update period (0.01 s) is slower than the gazebo simulation period (0.001 s).
[gzserver-1] [INFO] [1789659285.623282545] [gazebo_ros2_control]: Loaded gazebo_ros2_control.
[controller_server-8] [INFO] [1789659285.921425995] [local_costmap.local_costmap]: start
[controller_server-8] [INFO] [1789659286.097643577] [controller_server]: Creating bond (controller_server) to lifecycle manager.
[lifecycle_manager-13] [INFO] [1789659286.242312659] [lifecycle_manager_navigation]: Server controller_server connected with bond.
[lifecycle_manager-13] [INFO] [1789659286.242419819] [lifecycle_manager_navigation]: [34m[1mActivating planner_server[0m[0m
[planner_server-9] [INFO] [1789659286.243279151] [planner_server]: Activating
[planner_server-9] [INFO] [1789659286.243352013] [global_costmap.global_costmap]: Activating
[planner_server-9] [INFO] [1789659286.243361652] [global_costmap.global_costmap]: Checking transform
[planner_server-9] [INFO] [1789659286.243473245] [global_costmap.global_costmap]: start
[planner_server-9] [INFO] [1789659286.796064347] [planner_server]: Activating plugin GridBased of type NavfnPlanner
[planner_server-9] [INFO] [1789659286.814448979] [planner_server]: Creating bond (planner_server) to lifecycle manager.
[spawner-15] [INFO] [1789659286.834058019] [spawn_joint_state_broadcaster]: waiting for service /controller_manager/list_controllers to become available...
[lifecycle_manager-13] [INFO] [1789659286.963751034] [lifecycle_manager_navigation]: Server planner_server connected with bond.
[lifecycle_manager-13] [INFO] [1789659286.963809813] [lifecycle_manager_navigation]: [34m[1mActivating behavior_server[0m[0m
[behavior_server-10] [INFO] [1789659286.966387014] [behavior_server]: Activating
[behavior_server-10] [INFO] [1789659286.966456193] [behavior_server]: Activating spin
[behavior_server-10] [INFO] [1789659286.966480223] [behavior_server]: Activating backup
[behavior_server-10] [INFO] [1789659286.966493274] [behavior_server]: Activating drive_on_heading
[behavior_server-10] [INFO] [1789659286.966504780] [behavior_server]: Activating wait
[behavior_server-10] [INFO] [1789659286.966522697] [behavior_server]: Creating bond (behavior_server) to lifecycle manager.
[lifecycle_manager-13] [INFO] [1789659287.120120261] [lifecycle_manager_navigation]: Server behavior_server connected with bond.
[lifecycle_manager-13] [INFO] [1789659287.120182765] [lifecycle_manager_navigation]: [34m[1mActivating bt_navigator[0m[0m
[bt_navigator-11] [INFO] [1789659287.123261996] [bt_navigator]: Activating
[gzserver-1] [INFO] [1789659287.361624799] [controller_manager]: Loading controller 'joint_state_broadcaster'
[spawner-15] [INFO] [1789659287.959448448] [spawn_joint_state_broadcaster]: [94mLoaded [1mjoint_state_broadcaster[0m
[bt_navigator-11] [INFO] [1789659288.018504904] [bt_navigator]: Creating bond (bt_navigator) to lifecycle manager.
[gzserver-1] [INFO] [1789659288.059345646] [controller_manager]: Configuring controller 'joint_state_broadcaster'
[gzserver-1] [INFO] [1789659288.059845438] [joint_state_broadcaster]: 'joints' or 'interfaces' parameter is empty. All available state interfaces will be published
[lifecycle_manager-13] [INFO] [1789659288.172930438] [lifecycle_manager_navigation]: Server bt_navigator connected with bond.
[lifecycle_manager-13] [INFO] [1789659288.173020679] [lifecycle_manager_navigation]: [34m[1mActivating waypoint_follower[0m[0m
[waypoint_follower-12] [INFO] [1789659288.173895927] [waypoint_follower]: Activating
[waypoint_follower-12] [INFO] [1789659288.173949344] [waypoint_follower]: Creating bond (waypoint_follower) to lifecycle manager.
[lifecycle_manager-13] [INFO] [1789659288.286344918] [lifecycle_manager_navigation]: Server waypoint_follower connected with bond.
[lifecycle_manager-13] [INFO] [1789659288.286428509] [lifecycle_manager_navigation]: [34m[1mManaged nodes are active[0m[0m
[lifecycle_manager-13] [INFO] [1789659288.286444851] [lifecycle_manager_navigation]: [34m[1mCreating bond timer...[0m[0m
[spawner-15] [INFO] [1789659288.502105656] [spawn_joint_state_broadcaster]: [92mConfigured and activated [1mjoint_state_broadcaster[0m
[INFO] [spawner-15]: process has finished cleanly [pid 223151]
[INFO] [spawner-16]: process started with pid [223176]
[spawner-16] [INFO] [1789659290.732950431] [spawn_steering_controller]: waiting for service /controller_manager/list_controllers to become available...
[gzserver-1] [INFO] [1789659291.913906426] [controller_manager]: Loading controller 'steering_controller'
[spawner-16] [INFO] [1789659292.131414364] [spawn_steering_controller]: [94mLoaded [1msteering_controller[0m
[gzserver-1] [INFO] [1789659292.148426367] [controller_manager]: Configuring controller 'steering_controller'
[gzserver-1] [INFO] [1789659292.155819995] [steering_controller]: configure successful
[gzserver-1] [INFO] [1789659292.186477478] [steering_controller]: activate successful
[spawner-16] [INFO] [1789659292.208772304] [spawn_steering_controller]: [92mConfigured and activated [1msteering_controller[0m
[INFO] [spawner-16]: process has finished cleanly [pid 223176]
[INFO] [spawner-17]: process started with pid [223194]
[spawner-17] [INFO] [1789659293.780025131] [spawn_drive_controller]: waiting for service /controller_manager/list_controllers to become available...
[gzserver-1] [INFO] [1789659296.321635908] [controller_manager]: Loading controller 'drive_controller'
[spawner-17] [INFO] [1789659296.915952540] [spawn_drive_controller]: [94mLoaded [1mdrive_controller[0m
[gzserver-1] [INFO] [1789659296.928672157] [controller_manager]: Configuring controller 'drive_controller'
[gzserver-1] [INFO] [1789659296.938522536] [drive_controller]: configure successful
[gzserver-1] [INFO] [1789659296.962052709] [drive_controller]: activate successful
[spawner-17] [INFO] [1789659296.988911160] [spawn_drive_controller]: [92mConfigured and activated [1mdrive_controller[0m
[INFO] [spawner-17]: process has finished cleanly [pid 223194]
[INFO] [swerve_controller_node-18]: process started with pid [223207]
[INFO] [swerve_odometry_node-19]: process started with pid [223209]
[swerve_controller_node-18] [INFO] [1789659298.435861658] [swerve_controller]: Swerve controller ready: radius=0.0675 m, modules={'front': (0.300042, 0.0), 'rear': (-0.300042, 0.0)}
[swerve_odometry_node-19] [INFO] [1789659299.477400094] [swerve_odometry]: Encoder odometry ready: radius=0.0637 m, velocity_sign=+1.0
[WARNING] [launch]: user interrupted with ctrl-c (SIGINT)
[controller_server-8] [INFO] [1789659345.038409228] [rclcpp]: signal_handler(signum=2)
[controller_server-8] [INFO] [1789659345.038700920] [controller_server]: Running Nav2 LifecycleNode rcl preshutdown (controller_server)
[controller_server-8] [INFO] [1789659345.038801619] [controller_server]: Deactivating
[controller_server-8] [INFO] [1789659345.038863153] [local_costmap.local_costmap]: Deactivating
[planner_server-9] [INFO] [1789659345.038477277] [rclcpp]: signal_handler(signum=2)
[planner_server-9] [INFO] [1789659345.038623529] [planner_server]: Running Nav2 LifecycleNode rcl preshutdown (planner_server)
[planner_server-9] [INFO] [1789659345.038722569] [planner_server]: Deactivating
[planner_server-9] [INFO] [1789659345.038763849] [global_costmap.global_costmap]: Deactivating
[map_server-7] [INFO] [1789659345.038597075] [rclcpp]: signal_handler(signum=2)
[ekf_node-6] [INFO] [1789659345.039491068] [rclcpp]: signal_handler(signum=2)
[ekf_node-4] [INFO] [1789659345.039591928] [rclcpp]: signal_handler(signum=2)
[bt_navigator-11] [INFO] [1789659345.039746359] [rclcpp]: signal_handler(signum=2)
[bt_navigator-11] [INFO] [1789659345.039972722] [bt_navigator]: Running Nav2 LifecycleNode rcl preshutdown (bt_navigator)
[bt_navigator-11] [INFO] [1789659345.040056658] [bt_navigator]: Deactivating
[bt_navigator-11] [INFO] [1789659345.040094577] [bt_navigator]: Destroying bond (bt_navigator) to lifecycle manager.
[behavior_server-10] [INFO] [1789659345.040262097] [behavior_server]: Running Nav2 LifecycleNode rcl preshutdown (behavior_server)
[behavior_server-10] [INFO] [1789659345.040350760] [behavior_server]: Deactivating
[behavior_server-10] [INFO] [1789659345.040388821] [behavior_server]: Destroying bond (behavior_server) to lifecycle manager.
[map_server-7] [INFO] [1789659345.041135763] [map_server]: Running Nav2 LifecycleNode rcl preshutdown (map_server)
[map_server-7] [INFO] [1789659345.041210924] [map_server]: Deactivating
[map_server-7] [INFO] [1789659345.041238419] [map_server]: Destroying bond (map_server) to lifecycle manager.
[lifecycle_manager-13] [INFO] [1789659345.041758020] [rclcpp]: signal_handler(signum=2)
[lifecycle_manager-13] [INFO] [1789659345.043365310] [lifecycle_manager_navigation]: Running Nav2 LifecycleManager rcl preshutdown (lifecycle_manager_navigation)
[lifecycle_manager-13] [INFO] [1789659345.043415773] [lifecycle_manager_navigation]: [34m[1mTerminating bond timer...[0m[0m
[waypoint_follower-12] [INFO] [1789659345.041824327] [rclcpp]: signal_handler(signum=2)
[waypoint_follower-12] [INFO] [1789659345.043035990] [waypoint_follower]: Running Nav2 LifecycleNode rcl preshutdown (waypoint_follower)
[waypoint_follower-12] [INFO] [1789659345.043104763] [waypoint_follower]: Deactivating
[waypoint_follower-12] [INFO] [1789659345.043132311] [waypoint_follower]: Destroying bond (waypoint_follower) to lifecycle manager.
[robot_state_publisher-2] [INFO] [1789659345.042313937] [rclcpp]: signal_handler(signum=2)
[INFO] [swerve_odometry_node-19]: sending signal 'SIGINT' to process[swerve_odometry_node-19]
[INFO] [swerve_controller_node-18]: sending signal 'SIGINT' to process[swerve_controller_node-18]
[INFO] [lifecycle_manager-13]: sending signal 'SIGINT' to process[lifecycle_manager-13]
[INFO] [waypoint_follower-12]: sending signal 'SIGINT' to process[waypoint_follower-12]
[INFO] [bt_navigator-11]: sending signal 'SIGINT' to process[bt_navigator-11]
[INFO] [behavior_server-10]: sending signal 'SIGINT' to process[behavior_server-10]
[INFO] [planner_server-9]: sending signal 'SIGINT' to process[planner_server-9]
[INFO] [controller_server-8]: sending signal 'SIGINT' to process[controller_server-8]
[INFO] [map_server-7]: sending signal 'SIGINT' to process[map_server-7]
[INFO] [ekf_node-6]: sending signal 'SIGINT' to process[ekf_node-6]
[INFO] [v30e_sim_node-5]: sending signal 'SIGINT' to process[v30e_sim_node-5]
[INFO] [ekf_node-4]: sending signal 'SIGINT' to process[ekf_node-4]
[INFO] [robot_state_publisher-2]: sending signal 'SIGINT' to process[robot_state_publisher-2]
[INFO] [gzserver-1]: sending signal 'SIGINT' to process[gzserver-1]
[ERROR] [ekf_node-6]: process has died [pid 222905, exit code -2, cmd '/opt/ros/humble/lib/robot_localization/ekf_node --ros-args -r __node:=ekf_v30e --params-file /home/yahboom/swerve_bringup/install/swerve_bringup/share/swerve_bringup/config/v30e_localization_ekf.yaml --params-file /tmp/launch_params_tgdvjmp9 -r odometry/filtered:=/odometry/v30e'].
[controller_server-8] [INFO] [1789659345.048394498] [controller_server]: Destroying bond (controller_server) to lifecycle manager.
[controller_server-8] [INFO] [1789659345.066263529] [controller_server]: Cleaning up
[controller_server-8] [INFO] [1789659345.066412119] [local_costmap.local_costmap]: Cleaning up
[behavior_server-10] [INFO] [1789659345.061820071] [behavior_server]: Cleaning up
[map_server-7] [INFO] [1789659345.062157066] [map_server]: Cleaning up
[waypoint_follower-12] [INFO] [1789659345.069880823] [waypoint_follower]: Cleaning up
[map_server-7] [INFO] [1789659345.079505805] [map_server]: Destroying bond (map_server) to lifecycle manager.
[bt_navigator-11] [INFO] [1789659345.093105539] [bt_navigator]: Cleaning up
[swerve_odometry_node-19] Traceback (most recent call last):
[swerve_odometry_node-19]   File "/home/yahboom/swerve_bringup/install/swerve_bringup/lib/swerve_bringup/swerve_odometry_node", line 221, in <module>
[swerve_odometry_node-19]     main()
[swerve_odometry_node-19]   File "/home/yahboom/swerve_bringup/install/swerve_bringup/lib/swerve_bringup/swerve_odometry_node", line 215, in main
[swerve_odometry_node-19]     node.destroy_node()
[swerve_odometry_node-19]   File "/opt/ros/humble/local/lib/python3.10/dist-packages/rclpy/node.py", line 1687, in destroy_node
[swerve_odometry_node-19]     self.destroy_subscription(self._subscriptions[0])
[swerve_odometry_node-19]   File "/opt/ros/humble/local/lib/python3.10/dist-packages/rclpy/node.py", line 1583, in destroy_subscription
[swerve_odometry_node-19]     subscription.destroy()
[swerve_odometry_node-19]   File "/opt/ros/humble/local/lib/python3.10/dist-packages/rclpy/subscription.py", line 80, in destroy
[swerve_odometry_node-19]     self.handle.destroy_when_not_in_use()
[swerve_odometry_node-19] KeyboardInterrupt
[lifecycle_manager-13] [INFO] [1789659345.120135624] [rclcpp]: signal_handler(signum=2)
[waypoint_follower-12] [INFO] [1789659345.129867195] [rclcpp]: signal_handler(signum=2)
[waypoint_follower-12] [INFO] [1789659345.131631804] [waypoint_follower]: Destroying bond (waypoint_follower) to lifecycle manager.
[bt_navigator-11] [INFO] [1789659345.133722600] [rclcpp]: signal_handler(signum=2)
[behavior_server-10] [INFO] [1789659345.139973449] [rclcpp]: signal_handler(signum=2)
[planner_server-9] [INFO] [1789659345.160609170] [rclcpp]: signal_handler(signum=2)
[controller_server-8] [INFO] [1789659345.169269052] [rclcpp]: signal_handler(signum=2)
[map_server-7] [INFO] [1789659345.169984409] [rclcpp]: signal_handler(signum=2)
[swerve_controller_node-18] Traceback (most recent call last):
[swerve_controller_node-18]   File "/home/yahboom/swerve_bringup/install/swerve_bringup/lib/swerve_bringup/swerve_controller_node", line 192, in <module>
[swerve_controller_node-18]     main()
[swerve_controller_node-18]   File "/home/yahboom/swerve_bringup/install/swerve_bringup/lib/swerve_bringup/swerve_controller_node", line 187, in main
[swerve_controller_node-18]     node.destroy_node()
[swerve_controller_node-18]   File "/opt/ros/humble/local/lib/python3.10/dist-packages/rclpy/node.py", line 1685, in destroy_node
[swerve_controller_node-18]     self.destroy_publisher(self._publishers[0])
[swerve_controller_node-18]   File "/opt/ros/humble/local/lib/python3.10/dist-packages/rclpy/node.py", line 1565, in destroy_publisher
[swerve_controller_node-18]     publisher.destroy()
[swerve_controller_node-18]   File "/opt/ros/humble/local/lib/python3.10/dist-packages/rclpy/publisher.py", line 99, in destroy
[swerve_controller_node-18]     self.__publisher.destroy_when_not_in_use()
[swerve_controller_node-18] KeyboardInterrupt
[robot_state_publisher-2] [INFO] [1789659345.192232095] [rclcpp]: signal_handler(signum=2)
[ERROR] [ekf_node-4]: process has died [pid 222901, exit code -2, cmd '/opt/ros/humble/lib/robot_localization/ekf_node --ros-args -r __node:=ekf_filter_node --params-file /home/yahboom/swerve_bringup/install/swerve_bringup/share/swerve_bringup/config/ekf.yaml --params-file /tmp/launch_params_g1d1bq0k -r /odom:=/odom -r /imu/data:=/imu/data'].
[waypoint_follower-12] [INFO] [1789659345.211597268] [waypoint_follower]: Destroying
[v30e_sim_node-5] Traceback (most recent call last):
[v30e_sim_node-5]   File "/home/yahboom/swerve_bringup/install/swerve_bringup/lib/swerve_bringup/v30e_sim_node", line 188, in <module>
[v30e_sim_node-5]     if __name__ == '__main__': main()
[v30e_sim_node-5]   File "/home/yahboom/swerve_bringup/install/swerve_bringup/lib/swerve_bringup/v30e_sim_node", line 185, in main
[v30e_sim_node-5]     node.destroy_node(); rclpy.shutdown()
[v30e_sim_node-5]   File "/opt/ros/humble/local/lib/python3.10/dist-packages/rclpy/node.py", line 1689, in destroy_node
[v30e_sim_node-5]     self.destroy_client(self._clients[0])
[v30e_sim_node-5]   File "/opt/ros/humble/local/lib/python3.10/dist-packages/rclpy/node.py", line 1599, in destroy_client
[v30e_sim_node-5]     client.destroy()
[v30e_sim_node-5]   File "/opt/ros/humble/local/lib/python3.10/dist-packages/rclpy/client.py", line 187, in destroy
[v30e_sim_node-5]     self.__client.destroy_when_not_in_use()
[v30e_sim_node-5] KeyboardInterrupt
[planner_server-9] [INFO] [1789659345.243789989] [planner_server]: Deactivating plugin GridBased of type NavfnPlanner
[planner_server-9] [INFO] [1789659345.243868578] [planner_server]: Destroying bond (planner_server) to lifecycle manager.
[planner_server-9] [INFO] [1789659345.266440460] [planner_server]: Cleaning up
[map_server-7] [INFO] [1789659345.283350436] [map_server]: Destroying
[behavior_server-10] [INFO] [1789659345.299189392] [behavior_server]: Destroying bond (behavior_server) to lifecycle manager.
[ERROR] [swerve_odometry_node-19]: process has died [pid 223209, exit code -2, cmd '/home/yahboom/swerve_bringup/install/swerve_bringup/lib/swerve_bringup/swerve_odometry_node --ros-args -r __node:=swerve_odometry --params-file /home/yahboom/swerve_bringup/install/swerve_bringup/share/swerve_bringup/config/swerve_odometry.yaml --params-file /tmp/launch_params_n7wlsiqc'].
[planner_server-9] [INFO] [1789659345.438518093] [global_costmap.global_costmap]: Cleaning up
[planner_server-9] [INFO] [1789659345.472913501] [planner_server]: Cleaning up plugin GridBased of type NavfnPlanner
[planner_server-9] [INFO] [1789659345.475092993] [planner_server]: Destroying plugin GridBased of type NavfnPlanner
[ERROR] [v30e_sim_node-5]: process has died [pid 222903, exit code -2, cmd '/home/yahboom/swerve_bringup/install/swerve_bringup/lib/swerve_bringup/v30e_sim_node --ros-args -r __node:=v30e_sim_node --params-file /home/yahboom/swerve_bringup/install/swerve_bringup/share/swerve_bringup/config/v30e_sim.yaml --params-file /tmp/launch_params_c_mxcqz7'].
[INFO] [waypoint_follower-12]: process has finished cleanly [pid 222938]
[behavior_server-10] [INFO] [1789659345.496474714] [behavior_server]: Destroying
[ERROR] [swerve_controller_node-18]: process has died [pid 223207, exit code -2, cmd '/home/yahboom/swerve_bringup/install/swerve_bringup/lib/swerve_bringup/swerve_controller_node --ros-args -r __node:=swerve_controller --params-file /home/yahboom/swerve_bringup/install/swerve_bringup/share/swerve_bringup/config/swerve_controller.yaml --params-file /tmp/launch_params_4guyvzg3'].
[planner_server-9] [INFO] [1789659345.513450066] [planner_server]: Destroying bond (planner_server) to lifecycle manager.
[planner_server-9] [INFO] [1789659345.529391360] [global_costmap.global_costmap]: Destroying
[lifecycle_manager-13] [INFO] [1789659345.530207662] [lifecycle_manager_navigation]: Destroying lifecycle_manager_navigation
[controller_server-8] [INFO] [1789659345.556957059] [controller_server]: Destroying bond (controller_server) to lifecycle manager.
[controller_server-8] [INFO] [1789659345.580840737] [local_costmap.local_costmap]: Destroying
[INFO] [robot_state_publisher-2]: process has finished cleanly [pid 222897]
[INFO] [map_server-7]: process has finished cleanly [pid 222907]
[planner_server-9] [INFO] [1789659345.619099237] [planner_server]: Destroying
[controller_server-8] [INFO] [1789659345.626152712] [controller_server]: Destroying
[INFO] [behavior_server-10]: process has finished cleanly [pid 222915]
[bt_navigator-11] [INFO] [1789659345.709861986] [bt_navigator]: Completed Cleaning up
[bt_navigator-11] [INFO] [1789659345.709931313] [bt_navigator]: Destroying bond (bt_navigator) to lifecycle manager.
[bt_navigator-11] [INFO] [1789659345.736103351] [bt_navigator]: Destroying
[INFO] [lifecycle_manager-13]: process has finished cleanly [pid 222959]
[INFO] [planner_server-9]: process has finished cleanly [pid 222912]
[INFO] [controller_server-8]: process has finished cleanly [pid 222909]
[INFO] [bt_navigator-11]: process has finished cleanly [pid 222925]
[INFO] [gzserver-1]: process has finished cleanly [pid 222895]
