[INFO] [launch]: All log files can be found below /home/yahboom/.ros/log/2026-09-17-22-57-18-267264-yahboom-virtual-machine-218240
[INFO] [launch]: Default logging verbosity is set to INFO
[INFO] [launch.user]: CONTACT_DIAGNOSTICS=true
[INFO] [gzserver-1]: process started with pid [218274]
[INFO] [robot_state_publisher-2]: process started with pid [218276]
[INFO] [spawn_entity.py-3]: process started with pid [218278]
[INFO] [ekf_node-4]: process started with pid [218280]
[INFO] [v30e_sim_node-5]: process started with pid [218282]
[INFO] [ekf_node-6]: process started with pid [218284]
[INFO] [map_server-7]: process started with pid [218286]
[INFO] [controller_server-8]: process started with pid [218288]
[INFO] [planner_server-9]: process started with pid [218291]
[INFO] [behavior_server-10]: process started with pid [218293]
[INFO] [bt_navigator-11]: process started with pid [218297]
[INFO] [waypoint_follower-12]: process started with pid [218308]
[INFO] [lifecycle_manager-13]: process started with pid [218319]
[INFO] [swerve_bridge_node-14]: process started with pid [218335]
[robot_state_publisher-2] [INFO] [1789657042.198233552] [robot_state_publisher]: got segment base_footprint
[robot_state_publisher-2] [INFO] [1789657042.198382381] [robot_state_publisher]: got segment base_link
[robot_state_publisher-2] [INFO] [1789657042.198397253] [robot_state_publisher]: got segment imu_link
[robot_state_publisher-2] [INFO] [1789657042.198405043] [robot_state_publisher]: got segment lidar_link
[robot_state_publisher-2] [INFO] [1789657042.198412466] [robot_state_publisher]: got segment steer_front_link
[robot_state_publisher-2] [INFO] [1789657042.198419488] [robot_state_publisher]: got segment steer_rear_link
[robot_state_publisher-2] [INFO] [1789657042.198426352] [robot_state_publisher]: got segment v30e_link
[robot_state_publisher-2] [INFO] [1789657042.198433172] [robot_state_publisher]: got segment wheel_front_drive_link
[robot_state_publisher-2] [INFO] [1789657042.198440609] [robot_state_publisher]: got segment wheel_front_left_fork_link
[robot_state_publisher-2] [INFO] [1789657042.198447616] [robot_state_publisher]: got segment wheel_front_left_link
[robot_state_publisher-2] [INFO] [1789657042.198454866] [robot_state_publisher]: got segment wheel_front_right_fork_link
[robot_state_publisher-2] [INFO] [1789657042.198461646] [robot_state_publisher]: got segment wheel_front_right_link
[robot_state_publisher-2] [INFO] [1789657042.198468446] [robot_state_publisher]: got segment wheel_rear_drive_link
[robot_state_publisher-2] [INFO] [1789657042.198474989] [robot_state_publisher]: got segment wheel_rear_left_fork_link
[robot_state_publisher-2] [INFO] [1789657042.198481768] [robot_state_publisher]: got segment wheel_rear_left_link
[robot_state_publisher-2] [INFO] [1789657042.198488842] [robot_state_publisher]: got segment wheel_rear_right_fork_link
[robot_state_publisher-2] [INFO] [1789657042.198495853] [robot_state_publisher]: got segment wheel_rear_right_link
[controller_server-8] [INFO] [1789657042.202903677] [controller_server]: 
[controller_server-8] 	controller_server lifecycle node launched. 
[controller_server-8] 	Waiting on external lifecycle transitions to activate
[controller_server-8] 	See https://design.ros2.org/articles/node_lifecycle.html for more information.
[controller_server-8] [INFO] [1789657042.210363486] [controller_server]: Creating controller server
[waypoint_follower-12] [INFO] [1789657042.228094314] [waypoint_follower]: 
[waypoint_follower-12] 	waypoint_follower lifecycle node launched. 
[waypoint_follower-12] 	Waiting on external lifecycle transitions to activate
[waypoint_follower-12] 	See https://design.ros2.org/articles/node_lifecycle.html for more information.
[waypoint_follower-12] [INFO] [1789657042.229502423] [waypoint_follower]: Creating
[behavior_server-10] [INFO] [1789657042.357952524] [behavior_server]: 
[behavior_server-10] 	behavior_server lifecycle node launched. 
[behavior_server-10] 	Waiting on external lifecycle transitions to activate
[behavior_server-10] 	See https://design.ros2.org/articles/node_lifecycle.html for more information.
[lifecycle_manager-13] [INFO] [1789657042.403341870] [lifecycle_manager_navigation]: Creating
[bt_navigator-11] [INFO] [1789657042.407420913] [bt_navigator]: 
[bt_navigator-11] 	bt_navigator lifecycle node launched. 
[bt_navigator-11] 	Waiting on external lifecycle transitions to activate
[bt_navigator-11] 	See https://design.ros2.org/articles/node_lifecycle.html for more information.
[bt_navigator-11] [INFO] [1789657042.407613565] [bt_navigator]: Creating
[controller_server-8] [INFO] [1789657042.414221978] [local_costmap.local_costmap]: 
[controller_server-8] 	local_costmap lifecycle node launched. 
[controller_server-8] 	Waiting on external lifecycle transitions to activate
[controller_server-8] 	See https://design.ros2.org/articles/node_lifecycle.html for more information.
[controller_server-8] [INFO] [1789657042.424939509] [local_costmap.local_costmap]: Creating Costmap
[planner_server-9] [INFO] [1789657042.453112542] [planner_server]: 
[planner_server-9] 	planner_server lifecycle node launched. 
[planner_server-9] 	Waiting on external lifecycle transitions to activate
[planner_server-9] 	See https://design.ros2.org/articles/node_lifecycle.html for more information.
[map_server-7] [INFO] [1789657042.464168840] [map_server]: 
[map_server-7] 	map_server lifecycle node launched. 
[map_server-7] 	Waiting on external lifecycle transitions to activate
[map_server-7] 	See https://design.ros2.org/articles/node_lifecycle.html for more information.
[map_server-7] [INFO] [1789657042.464357216] [map_server]: Creating
[planner_server-9] [INFO] [1789657042.466628317] [planner_server]: Creating
[lifecycle_manager-13] [INFO] [1789657042.495684070] [lifecycle_manager_navigation]: [34m[1mCreating and initializing lifecycle service clients[0m[0m
[planner_server-9] [INFO] [1789657042.653653421] [global_costmap.global_costmap]: 
[planner_server-9] 	global_costmap lifecycle node launched. 
[planner_server-9] 	Waiting on external lifecycle transitions to activate
[planner_server-9] 	See https://design.ros2.org/articles/node_lifecycle.html for more information.
[planner_server-9] [INFO] [1789657042.654195215] [global_costmap.global_costmap]: Creating Costmap
[lifecycle_manager-13] [INFO] [1789657043.072589587] [lifecycle_manager_navigation]: [34m[1mStarting managed nodes bringup...[0m[0m
[lifecycle_manager-13] [INFO] [1789657043.072687337] [lifecycle_manager_navigation]: [34m[1mConfiguring map_server[0m[0m
[map_server-7] [INFO] [1789657043.075400478] [map_server]: Configuring
[map_server-7] [INFO] [1789657043.075514258] [map_io]: Loading yaml file: /home/yahboom/swerve_bringup/install/swerve_bringup/share/swerve_bringup/swerve_navigation/maps/warehouse.yaml
[map_server-7] [INFO] [1789657043.075982032] [map_io]: resolution: 0.05
[map_server-7] [INFO] [1789657043.076003667] [map_io]: origin[0]: -17.2
[map_server-7] [INFO] [1789657043.076010211] [map_io]: origin[1]: -17.4
[map_server-7] [INFO] [1789657043.076015911] [map_io]: origin[2]: 0
[map_server-7] [INFO] [1789657043.076022083] [map_io]: free_thresh: 0.25
[map_server-7] [INFO] [1789657043.076068687] [map_io]: occupied_thresh: 0.65
[map_server-7] [INFO] [1789657043.076079456] [map_io]: mode: trinary
[map_server-7] [INFO] [1789657043.076087228] [map_io]: negate: 0
[map_server-7] [INFO] [1789657043.076404774] [map_io]: Loading image_file: /home/yahboom/swerve_bringup/install/swerve_bringup/share/swerve_bringup/swerve_navigation/maps/warehouse.pgm
[map_server-7] [INFO] [1789657043.210668556] [map_io]: Read map /home/yahboom/swerve_bringup/install/swerve_bringup/share/swerve_bringup/swerve_navigation/maps/warehouse.pgm: 676 X 680 map @ 0.05 m/cell
[lifecycle_manager-13] [INFO] [1789657043.319469503] [lifecycle_manager_navigation]: [34m[1mConfiguring controller_server[0m[0m
[controller_server-8] [INFO] [1789657043.351777618] [controller_server]: Configuring controller interface
[controller_server-8] [INFO] [1789657043.371160162] [controller_server]: getting goal checker plugins..
[controller_server-8] [INFO] [1789657043.388948596] [controller_server]: Controller frequency set to 10.0000Hz
[controller_server-8] [INFO] [1789657043.401514127] [local_costmap.local_costmap]: Configuring
[controller_server-8] [INFO] [1789657043.670624923] [local_costmap.local_costmap]: Using plugin "voxel_layer"
[controller_server-8] [INFO] [1789657043.708227708] [local_costmap.local_costmap]: Subscribed to Topics: lidar3d scan
[spawn_entity.py-3] [INFO] [1789657043.910421283] [spawn_swerve]: Spawn Entity started
[spawn_entity.py-3] [INFO] [1789657043.911559746] [spawn_swerve]: Loading entity published on topic robot_description
[spawn_entity.py-3] [INFO] [1789657043.930982593] [spawn_swerve]: Waiting for entity xml on robot_description
[controller_server-8] [INFO] [1789657044.126787451] [local_costmap.local_costmap]: Initialized plugin "voxel_layer"
[controller_server-8] [INFO] [1789657044.126850360] [local_costmap.local_costmap]: Using plugin "inflation_layer"
[controller_server-8] [INFO] [1789657044.127690483] [local_costmap.local_costmap]: Initialized plugin "inflation_layer"
[spawn_entity.py-3] [INFO] [1789657044.313038246] [spawn_swerve]: Waiting for service /spawn_entity, timeout = 30
[spawn_entity.py-3] [INFO] [1789657044.313537812] [spawn_swerve]: Waiting for service /spawn_entity
[swerve_bridge_node-14] [WARN] [1789657044.332363968] [swerve_bridge]: Django websocket disconnected: [Errno 111] Connection refused
[v30e_sim_node-5] [INFO] [1789657044.341465901] [v30e_sim_node]: Using Gazebo /get_entity_state internally; odometry is not a V30E measurement input
[controller_server-8] [INFO] [1789657044.590215095] [controller_server]: Created progress_checker : progress_checker of type nav2_controller::SimpleProgressChecker
[controller_server-8] [INFO] [1789657044.601444613] [controller_server]: Created goal checker : general_goal_checker of type nav2_controller::SimpleGoalChecker
[controller_server-8] [INFO] [1789657044.608662374] [controller_server]: Controller Server has general_goal_checker  goal checkers available.
[controller_server-8] [INFO] [1789657044.614051906] [controller_server]: Created controller : FollowPath of type dwb_core::DWBLocalPlanner
[controller_server-8] [INFO] [1789657044.621825778] [controller_server]: Setting transform_tolerance to 0.200000
[controller_server-8] [INFO] [1789657044.678965726] [controller_server]: Using critic "RotateToGoal" (dwb_critics::RotateToGoalCritic)
[controller_server-8] [INFO] [1789657044.682489056] [controller_server]: Critic plugin initialized
[controller_server-8] [INFO] [1789657044.682625963] [controller_server]: Using critic "Oscillation" (dwb_critics::OscillationCritic)
[controller_server-8] [INFO] [1789657044.682864328] [controller_server]: Critic plugin initialized
[controller_server-8] [INFO] [1789657044.682962949] [controller_server]: Using critic "BaseObstacle" (dwb_critics::BaseObstacleCritic)
[controller_server-8] [INFO] [1789657044.683064721] [controller_server]: Critic plugin initialized
[controller_server-8] [INFO] [1789657044.683152519] [controller_server]: Using critic "GoalAlign" (dwb_critics::GoalAlignCritic)
[controller_server-8] [INFO] [1789657044.683649613] [controller_server]: Critic plugin initialized
[controller_server-8] [INFO] [1789657044.683715903] [controller_server]: Using critic "PathAlign" (dwb_critics::PathAlignCritic)
[controller_server-8] [INFO] [1789657044.688609038] [controller_server]: Critic plugin initialized
[controller_server-8] [INFO] [1789657044.689788454] [controller_server]: Using critic "PathDist" (dwb_critics::PathDistCritic)
[controller_server-8] [INFO] [1789657044.690320573] [controller_server]: Critic plugin initialized
[controller_server-8] [INFO] [1789657044.690431359] [controller_server]: Using critic "GoalDist" (dwb_critics::GoalDistCritic)
[controller_server-8] [INFO] [1789657044.690788302] [controller_server]: Critic plugin initialized
[controller_server-8] [INFO] [1789657044.690816285] [controller_server]: Controller Server has FollowPath  controllers available.
[lifecycle_manager-13] [INFO] [1789657044.795028631] [lifecycle_manager_navigation]: [34m[1mConfiguring planner_server[0m[0m
[planner_server-9] [INFO] [1789657044.795413233] [planner_server]: Configuring
[planner_server-9] [INFO] [1789657044.795467505] [global_costmap.global_costmap]: Configuring
[planner_server-9] [INFO] [1789657044.851068653] [global_costmap.global_costmap]: Using plugin "static_layer"
[planner_server-9] [INFO] [1789657044.873724573] [global_costmap.global_costmap]: Subscribing to the map topic (/map) with transient local durability
[planner_server-9] [INFO] [1789657044.887143268] [global_costmap.global_costmap]: Initialized plugin "static_layer"
[planner_server-9] [INFO] [1789657044.889560253] [global_costmap.global_costmap]: Using plugin "obstacle_layer"
[planner_server-9] [INFO] [1789657044.933101530] [global_costmap.global_costmap]: Subscribed to Topics: scan
[planner_server-9] [INFO] [1789657044.983257184] [global_costmap.global_costmap]: Initialized plugin "obstacle_layer"
[planner_server-9] [INFO] [1789657044.983336361] [global_costmap.global_costmap]: Using plugin "inflation_layer"
[planner_server-9] [INFO] [1789657045.008256675] [global_costmap.global_costmap]: Initialized plugin "inflation_layer"
[planner_server-9] [INFO] [1789657045.079798791] [planner_server]: Created global planner plugin GridBased of type nav2_navfn_planner/NavfnPlanner
[planner_server-9] [INFO] [1789657045.080278536] [planner_server]: Configuring plugin GridBased of type NavfnPlanner
[planner_server-9] [INFO] [1789657045.088566160] [planner_server]: Planner Server has GridBased  planners available.
[lifecycle_manager-13] [INFO] [1789657045.171187172] [lifecycle_manager_navigation]: [34m[1mConfiguring behavior_server[0m[0m
[behavior_server-10] [INFO] [1789657045.177379690] [behavior_server]: Configuring
[behavior_server-10] [INFO] [1789657045.244082121] [behavior_server]: Creating behavior plugin spin of type nav2_behaviors/Spin
[behavior_server-10] [INFO] [1789657045.246028902] [behavior_server]: Configuring spin
[behavior_server-10] [INFO] [1789657045.327425247] [behavior_server]: Creating behavior plugin backup of type nav2_behaviors/BackUp
[behavior_server-10] [INFO] [1789657045.332595947] [behavior_server]: Configuring backup
[behavior_server-10] [INFO] [1789657045.386653640] [behavior_server]: Creating behavior plugin drive_on_heading of type nav2_behaviors/DriveOnHeading
[behavior_server-10] [INFO] [1789657045.390405421] [behavior_server]: Configuring drive_on_heading
[behavior_server-10] [INFO] [1789657045.471113884] [behavior_server]: Creating behavior plugin wait of type nav2_behaviors/Wait
[behavior_server-10] [INFO] [1789657045.472082713] [behavior_server]: Configuring wait
[lifecycle_manager-13] [INFO] [1789657045.515493667] [lifecycle_manager_navigation]: [34m[1mConfiguring bt_navigator[0m[0m
[bt_navigator-11] [INFO] [1789657045.515883756] [bt_navigator]: Configuring
[lifecycle_manager-13] [INFO] [1789657045.902370784] [lifecycle_manager_navigation]: [34m[1mConfiguring waypoint_follower[0m[0m
[waypoint_follower-12] [INFO] [1789657045.902823345] [waypoint_follower]: Configuring
[waypoint_follower-12] [INFO] [1789657045.987045317] [waypoint_follower]: Created waypoint_task_executor : wait_at_waypoint of type nav2_waypoint_follower::WaitAtWaypoint
[waypoint_follower-12] [INFO] [1789657045.989385595] [waypoint_follower]: Waypoint pause duration is set to zero, disabling task executor plugin.
[lifecycle_manager-13] [INFO] [1789657045.993252736] [lifecycle_manager_navigation]: [34m[1mActivating map_server[0m[0m
[map_server-7] [INFO] [1789657045.993635712] [map_server]: Activating
[map_server-7] [INFO] [1789657045.994582510] [map_server]: Creating bond (map_server) to lifecycle manager.
[planner_server-9] [INFO] [1789657045.996767743] [global_costmap.global_costmap]: StaticLayer: Resizing costmap to 676 X 680 at 0.050000 m/pix
[lifecycle_manager-13] [INFO] [1789657046.113788143] [lifecycle_manager_navigation]: Server map_server connected with bond.
[lifecycle_manager-13] [INFO] [1789657046.113874810] [lifecycle_manager_navigation]: [34m[1mActivating controller_server[0m[0m
[controller_server-8] [INFO] [1789657046.114660695] [controller_server]: Activating
[controller_server-8] [INFO] [1789657046.114736043] [local_costmap.local_costmap]: Activating
[controller_server-8] [INFO] [1789657046.114758222] [local_costmap.local_costmap]: Checking transform
[controller_server-8] [INFO] [1789657046.114799441] [local_costmap.local_costmap]: Timed out waiting for transform from base_footprint to odom to become available, tf error: Invalid frame ID "odom" passed to canTransform argument target_frame - frame does not exist
[swerve_bridge_node-14] [WARN] [1789657046.335805884] [swerve_bridge]: Django websocket disconnected: [Errno 111] Connection refused
[controller_server-8] [INFO] [1789657046.615165985] [local_costmap.local_costmap]: Timed out waiting for transform from base_footprint to odom to become available, tf error: Invalid frame ID "odom" passed to canTransform argument target_frame - frame does not exist
[controller_server-8] [INFO] [1789657047.117803630] [local_costmap.local_costmap]: Timed out waiting for transform from base_footprint to odom to become available, tf error: Invalid frame ID "odom" passed to canTransform argument target_frame - frame does not exist
[controller_server-8] [INFO] [1789657047.615040759] [local_costmap.local_costmap]: Timed out waiting for transform from base_footprint to odom to become available, tf error: Invalid frame ID "odom" passed to canTransform argument target_frame - frame does not exist
[controller_server-8] [INFO] [1789657048.116069823] [local_costmap.local_costmap]: Timed out waiting for transform from base_footprint to odom to become available, tf error: Invalid frame ID "odom" passed to canTransform argument target_frame - frame does not exist
[swerve_bridge_node-14] [WARN] [1789657048.337014522] [swerve_bridge]: Django websocket disconnected: [Errno 111] Connection refused
[controller_server-8] [INFO] [1789657048.614860902] [local_costmap.local_costmap]: Timed out waiting for transform from base_footprint to odom to become available, tf error: Invalid frame ID "odom" passed to canTransform argument target_frame - frame does not exist
[controller_server-8] [INFO] [1789657049.115448228] [local_costmap.local_costmap]: Timed out waiting for transform from base_footprint to odom to become available, tf error: Invalid frame ID "odom" passed to canTransform argument target_frame - frame does not exist
[controller_server-8] [INFO] [1789657049.615119981] [local_costmap.local_costmap]: Timed out waiting for transform from base_footprint to odom to become available, tf error: Invalid frame ID "odom" passed to canTransform argument target_frame - frame does not exist
[spawn_entity.py-3] [INFO] [1789657049.868289430] [spawn_swerve]: Calling service /spawn_entity
[controller_server-8] [INFO] [1789657050.117085333] [local_costmap.local_costmap]: Timed out waiting for transform from base_footprint to odom to become available, tf error: Invalid frame ID "odom" passed to canTransform argument target_frame - frame does not exist
[gzserver-1] [INFO] [1789657050.156555936] [gazebo_ros_state]: Publishing states of gazebo models at [/model_states]
[gzserver-1] [INFO] [1789657050.168308452] [gazebo_ros_state]: Publishing states of gazebo links at [/link_states]
[swerve_bridge_node-14] [WARN] [1789657050.339926358] [swerve_bridge]: Django websocket disconnected: [Errno 111] Connection refused
[controller_server-8] [INFO] [1789657050.615108427] [local_costmap.local_costmap]: Timed out waiting for transform from base_footprint to odom to become available, tf error: Invalid frame ID "odom" passed to canTransform argument target_frame - frame does not exist
[gzserver-1] [INFO] [1789657050.844867584] [imu.imu_ros]: <initial_orientation_as_reference> is unset, using default value of false to comply with REP 145 (world as orientation reference)
[controller_server-8] [INFO] [1789657051.115013413] [local_costmap.local_costmap]: Timed out waiting for transform from base_footprint to odom to become available, tf error: Invalid frame ID "odom" passed to canTransform argument target_frame - frame does not exist
[controller_server-8] [INFO] [1789657051.615836253] [local_costmap.local_costmap]: Timed out waiting for transform from base_footprint to odom to become available, tf error: Invalid frame ID "odom" passed to canTransform argument target_frame - frame does not exist
[controller_server-8] [INFO] [1789657052.131250734] [local_costmap.local_costmap]: Timed out waiting for transform from base_footprint to odom to become available, tf error: Invalid frame ID "odom" passed to canTransform argument target_frame - frame does not exist
[swerve_bridge_node-14] [WARN] [1789657052.342708578] [swerve_bridge]: Django websocket disconnected: [Errno 111] Connection refused
[controller_server-8] [INFO] [1789657052.615626479] [local_costmap.local_costmap]: Timed out waiting for transform from base_footprint to odom to become available, tf error: Invalid frame ID "odom" passed to canTransform argument target_frame - frame does not exist
[controller_server-8] [INFO] [1789657053.115547452] [local_costmap.local_costmap]: Timed out waiting for transform from base_footprint to odom to become available, tf error: Invalid frame ID "odom" passed to canTransform argument target_frame - frame does not exist
[controller_server-8] [INFO] [1789657053.615228053] [local_costmap.local_costmap]: Timed out waiting for transform from base_footprint to odom to become available, tf error: Invalid frame ID "odom" passed to canTransform argument target_frame - frame does not exist
[controller_server-8] [INFO] [1789657054.114964745] [local_costmap.local_costmap]: Timed out waiting for transform from base_footprint to odom to become available, tf error: Invalid frame ID "odom" passed to canTransform argument target_frame - frame does not exist
[swerve_bridge_node-14] [WARN] [1789657054.346396476] [swerve_bridge]: Django websocket disconnected: [Errno 111] Connection refused
[controller_server-8] [INFO] [1789657054.616356103] [local_costmap.local_costmap]: Timed out waiting for transform from base_footprint to odom to become available, tf error: Invalid frame ID "odom" passed to canTransform argument target_frame - frame does not exist
[controller_server-8] [INFO] [1789657055.116204340] [local_costmap.local_costmap]: Timed out waiting for transform from base_footprint to odom to become available, tf error: Invalid frame ID "odom" passed to canTransform argument target_frame - frame does not exist
[controller_server-8] [INFO] [1789657055.615605419] [local_costmap.local_costmap]: Timed out waiting for transform from base_footprint to odom to become available, tf error: Invalid frame ID "odom" passed to canTransform argument target_frame - frame does not exist
[controller_server-8] [INFO] [1789657056.115290111] [local_costmap.local_costmap]: Timed out waiting for transform from base_footprint to odom to become available, tf error: Invalid frame ID "odom" passed to canTransform argument target_frame - frame does not exist
[swerve_bridge_node-14] [WARN] [1789657056.348255492] [swerve_bridge]: Django websocket disconnected: [Errno 111] Connection refused
[controller_server-8] [INFO] [1789657056.615113381] [local_costmap.local_costmap]: Timed out waiting for transform from base_footprint to odom to become available, tf error: Invalid frame ID "odom" passed to canTransform argument target_frame - frame does not exist
[controller_server-8] [INFO] [1789657057.172876428] [local_costmap.local_costmap]: Timed out waiting for transform from base_footprint to odom to become available, tf error: Invalid frame ID "odom" passed to canTransform argument target_frame - frame does not exist
[controller_server-8] [INFO] [1789657057.616928889] [local_costmap.local_costmap]: Timed out waiting for transform from base_footprint to odom to become available, tf error: Invalid frame ID "odom" passed to canTransform argument target_frame - frame does not exist
[controller_server-8] [INFO] [1789657058.115768094] [local_costmap.local_costmap]: Timed out waiting for transform from base_footprint to odom to become available, tf error: Invalid frame ID "odom" passed to canTransform argument target_frame - frame does not exist
[swerve_bridge_node-14] [WARN] [1789657058.402172006] [swerve_bridge]: Django websocket disconnected: [Errno 111] Connection refused
[controller_server-8] [INFO] [1789657058.615293424] [local_costmap.local_costmap]: Timed out waiting for transform from base_footprint to odom to become available, tf error: Invalid frame ID "odom" passed to canTransform argument target_frame - frame does not exist
[controller_server-8] [INFO] [1789657059.115764913] [local_costmap.local_costmap]: Timed out waiting for transform from base_footprint to odom to become available, tf error: Invalid frame ID "odom" passed to canTransform argument target_frame - frame does not exist
[controller_server-8] [INFO] [1789657059.615675328] [local_costmap.local_costmap]: Timed out waiting for transform from base_footprint to odom to become available, tf error: Invalid frame ID "odom" passed to canTransform argument target_frame - frame does not exist
[controller_server-8] [INFO] [1789657060.114881642] [local_costmap.local_costmap]: Timed out waiting for transform from base_footprint to odom to become available, tf error: Invalid frame ID "odom" passed to canTransform argument target_frame - frame does not exist
[swerve_bridge_node-14] [WARN] [1789657060.423894930] [swerve_bridge]: Django websocket disconnected: [Errno 111] Connection refused
[controller_server-8] [INFO] [1789657060.615243460] [local_costmap.local_costmap]: Timed out waiting for transform from base_footprint to odom to become available, tf error: Invalid frame ID "odom" passed to canTransform argument target_frame - frame does not exist
[controller_server-8] [INFO] [1789657061.122850394] [local_costmap.local_costmap]: Timed out waiting for transform from base_footprint to odom to become available, tf error: Invalid frame ID "odom" passed to canTransform argument target_frame - frame does not exist
[controller_server-8] [INFO] [1789657061.619855536] [local_costmap.local_costmap]: Timed out waiting for transform from base_footprint to odom to become available, tf error: Invalid frame ID "odom" passed to canTransform argument target_frame - frame does not exist
[controller_server-8] [INFO] [1789657062.114988836] [local_costmap.local_costmap]: Timed out waiting for transform from base_footprint to odom to become available, tf error: Invalid frame ID "odom" passed to canTransform argument target_frame - frame does not exist
[swerve_bridge_node-14] [WARN] [1789657062.426871435] [swerve_bridge]: Django websocket disconnected: [Errno 111] Connection refused
[controller_server-8] [INFO] [1789657062.617731345] [local_costmap.local_costmap]: Timed out waiting for transform from base_footprint to odom to become available, tf error: Invalid frame ID "odom" passed to canTransform argument target_frame - frame does not exist
[controller_server-8] [INFO] [1789657063.117601244] [local_costmap.local_costmap]: Timed out waiting for transform from base_footprint to odom to become available, tf error: Invalid frame ID "odom" passed to canTransform argument target_frame - frame does not exist
[controller_server-8] [INFO] [1789657063.615185468] [local_costmap.local_costmap]: Timed out waiting for transform from base_footprint to odom to become available, tf error: Invalid frame ID "odom" passed to canTransform argument target_frame - frame does not exist
[controller_server-8] [INFO] [1789657064.115369307] [local_costmap.local_costmap]: Timed out waiting for transform from base_footprint to odom to become available, tf error: Invalid frame ID "odom" passed to canTransform argument target_frame - frame does not exist
[swerve_bridge_node-14] [WARN] [1789657064.429039084] [swerve_bridge]: Django websocket disconnected: [Errno 111] Connection refused
[controller_server-8] [INFO] [1789657064.615185995] [local_costmap.local_costmap]: Timed out waiting for transform from base_footprint to odom to become available, tf error: Invalid frame ID "odom" passed to canTransform argument target_frame - frame does not exist
[controller_server-8] [INFO] [1789657065.117918264] [local_costmap.local_costmap]: Timed out waiting for transform from base_footprint to odom to become available, tf error: Invalid frame ID "odom" passed to canTransform argument target_frame - frame does not exist
[controller_server-8] [INFO] [1789657065.615238099] [local_costmap.local_costmap]: Timed out waiting for transform from base_footprint to odom to become available, tf error: Invalid frame ID "odom" passed to canTransform argument target_frame - frame does not exist
[gzserver-1] [INFO] [1789657065.871957417] [contact_load.wheel_front_drive_link_contact_plugin]: Publishing contact states to [/contact_load/wheel_front_drive_link]
[gzserver-1] [INFO] [1789657066.031724572] [contact_load.wheel_rear_drive_link_contact_plugin]: Publishing contact states to [/contact_load/wheel_rear_drive_link]
[controller_server-8] [INFO] [1789657066.115102505] [local_costmap.local_costmap]: Timed out waiting for transform from base_footprint to odom to become available, tf error: Invalid frame ID "odom" passed to canTransform argument target_frame - frame does not exist
[gzserver-1] [INFO] [1789657066.146862280] [contact_load.wheel_front_left_link_contact_plugin]: Publishing contact states to [/contact_load/wheel_front_left_link]
[gzserver-1] [INFO] [1789657066.281980558] [contact_load.wheel_front_right_link_contact_plugin]: Publishing contact states to [/contact_load/wheel_front_right_link]
[gzserver-1] [INFO] [1789657066.410709141] [contact_load.wheel_rear_left_link_contact_plugin]: Publishing contact states to [/contact_load/wheel_rear_left_link]
[swerve_bridge_node-14] [WARN] [1789657066.433961361] [swerve_bridge]: Django websocket disconnected: [Errno 111] Connection refused
[spawn_entity.py-3] [INFO] [1789657066.436264308] [spawn_swerve]: Spawn status: SpawnEntity: Successfully spawned entity [swerve_base]
[gzserver-1] [INFO] [1789657066.568867238] [contact_load.wheel_rear_right_link_contact_plugin]: Publishing contact states to [/contact_load/wheel_rear_right_link]
[controller_server-8] [INFO] [1789657066.614922049] [local_costmap.local_costmap]: Timed out waiting for transform from base_footprint to odom to become available, tf error: Invalid frame ID "odom" passed to canTransform argument target_frame - frame does not exist
[gzserver-1] [INFO] [1789657066.688771564] [gazebo_ros2_control]: Loading gazebo_ros2_control plugin
[INFO] [spawn_entity.py-3]: process has finished cleanly [pid 218278]
[gzserver-1] [INFO] [1789657066.786022665] [gazebo_ros2_control]: Starting gazebo_ros2_control plugin in namespace: /
[gzserver-1] [INFO] [1789657066.786322028] [gazebo_ros2_control]: Starting gazebo_ros2_control plugin in ros 2 node: gazebo_ros2_control
[INFO] [spawner-15]: process started with pid [218555]
[gzserver-1] [INFO] [1789657066.877357237] [gazebo_ros2_control]: connected to service!! robot_state_publisher
[gzserver-1] [INFO] [1789657066.883504942] [gazebo_ros2_control]: Received urdf from param server, parsing...
[gzserver-1] [INFO] [1789657066.885386691] [gazebo_ros2_control]: Loading parameter files /home/yahboom/swerve_bringup/install/swerve_bringup/share/swerve_bringup/config/controllers.yaml
[gzserver-1] [INFO] [1789657066.950246963] [gazebo_ros2_control]: Loading joint: steer_front_joint
[gzserver-1] [INFO] [1789657066.951586919] [gazebo_ros2_control]: 	State:
[gzserver-1] [INFO] [1789657066.951634113] [gazebo_ros2_control]: 		 position
[gzserver-1] [INFO] [1789657066.951648245] [gazebo_ros2_control]: 		 velocity
[gzserver-1] [INFO] [1789657066.951659560] [gazebo_ros2_control]: 	Command:
[gzserver-1] [INFO] [1789657066.951669262] [gazebo_ros2_control]: 		 position
[gzserver-1] [INFO] [1789657066.952600445] [gazebo_ros2_control]: Loading joint: steer_rear_joint
[gzserver-1] [INFO] [1789657066.952636759] [gazebo_ros2_control]: 	State:
[gzserver-1] [INFO] [1789657066.952648381] [gazebo_ros2_control]: 		 position
[gzserver-1] [INFO] [1789657066.952659206] [gazebo_ros2_control]: 		 velocity
[gzserver-1] [INFO] [1789657066.952669831] [gazebo_ros2_control]: 	Command:
[gzserver-1] [INFO] [1789657066.952678957] [gazebo_ros2_control]: 		 position
[gzserver-1] [INFO] [1789657066.958317971] [gazebo_ros2_control]: Loading joint: wheel_front_drive_joint
[gzserver-1] [INFO] [1789657066.958384018] [gazebo_ros2_control]: 	State:
[gzserver-1] [INFO] [1789657066.958399564] [gazebo_ros2_control]: 		 position
[gzserver-1] [INFO] [1789657066.958411094] [gazebo_ros2_control]: 		 velocity
[gzserver-1] [INFO] [1789657066.958420362] [gazebo_ros2_control]: 	Command:
[gzserver-1] [INFO] [1789657066.958440411] [gazebo_ros2_control]: 		 velocity
[gzserver-1] [INFO] [1789657066.964056635] [gazebo_ros2_control]: Loading joint: wheel_rear_drive_joint
[gzserver-1] [INFO] [1789657066.964102921] [gazebo_ros2_control]: 	State:
[gzserver-1] [INFO] [1789657066.964115861] [gazebo_ros2_control]: 		 position
[gzserver-1] [INFO] [1789657066.964126257] [gazebo_ros2_control]: 		 velocity
[gzserver-1] [INFO] [1789657066.964134996] [gazebo_ros2_control]: 	Command:
[gzserver-1] [INFO] [1789657066.964159972] [gazebo_ros2_control]: 		 velocity
[gzserver-1] [INFO] [1789657066.966631055] [resource_manager]: Initialize hardware 'GazeboSystem' 
[gzserver-1] [INFO] [1789657066.966900262] [resource_manager]: Successful initialization of hardware 'GazeboSystem'
[gzserver-1] [INFO] [1789657066.967045798] [resource_manager]: 'configure' hardware 'GazeboSystem' 
[gzserver-1] [INFO] [1789657066.967061978] [resource_manager]: Successful 'configure' of hardware 'GazeboSystem'
[gzserver-1] [INFO] [1789657066.967070334] [resource_manager]: 'activate' hardware 'GazeboSystem' 
[gzserver-1] [INFO] [1789657066.967076943] [resource_manager]: Successful 'activate' of hardware 'GazeboSystem'
[gzserver-1] [INFO] [1789657066.967227848] [gazebo_ros2_control]: Loading controller_manager
[controller_server-8] [INFO] [1789657067.116513316] [local_costmap.local_costmap]: Timed out waiting for transform from base_footprint to odom to become available, tf error: Invalid frame ID "odom" passed to canTransform argument target_frame - frame does not exist
[gzserver-1] [WARN] [1789657067.203376942] [gazebo_ros2_control]:  Desired controller update period (0.01 s) is slower than the gazebo simulation period (0.001 s).
[gzserver-1] [INFO] [1789657067.208754650] [gazebo_ros2_control]: Loaded gazebo_ros2_control.
[controller_server-8] [INFO] [1789657067.615124880] [local_costmap.local_costmap]: start
[controller_server-8] [INFO] [1789657067.778753492] [controller_server]: Creating bond (controller_server) to lifecycle manager.
[spawner-15] [INFO] [1789657067.856447621] [spawn_joint_state_broadcaster]: waiting for service /controller_manager/list_controllers to become available...
[lifecycle_manager-13] [INFO] [1789657067.906185294] [lifecycle_manager_navigation]: Server controller_server connected with bond.
[lifecycle_manager-13] [INFO] [1789657067.906244996] [lifecycle_manager_navigation]: [34m[1mActivating planner_server[0m[0m
[planner_server-9] [INFO] [1789657067.907955516] [planner_server]: Activating
[planner_server-9] [INFO] [1789657067.908022341] [global_costmap.global_costmap]: Activating
[planner_server-9] [INFO] [1789657067.908042165] [global_costmap.global_costmap]: Checking transform
[planner_server-9] [INFO] [1789657067.908096496] [global_costmap.global_costmap]: Timed out waiting for transform from base_footprint to map to become available, tf error: Invalid frame ID "map" passed to canTransform argument target_frame - frame does not exist
[planner_server-9] [INFO] [1789657068.408723872] [global_costmap.global_costmap]: start
[swerve_bridge_node-14] [WARN] [1789657068.434790212] [swerve_bridge]: Django websocket disconnected: [Errno 111] Connection refused
[planner_server-9] [INFO] [1789657068.963038966] [planner_server]: Activating plugin GridBased of type NavfnPlanner
[planner_server-9] [INFO] [1789657068.972627411] [planner_server]: Creating bond (planner_server) to lifecycle manager.
[lifecycle_manager-13] [INFO] [1789657069.092102903] [lifecycle_manager_navigation]: Server planner_server connected with bond.
[lifecycle_manager-13] [INFO] [1789657069.092176021] [lifecycle_manager_navigation]: [34m[1mActivating behavior_server[0m[0m
[behavior_server-10] [INFO] [1789657069.092862063] [behavior_server]: Activating
[behavior_server-10] [INFO] [1789657069.092911766] [behavior_server]: Activating spin
[behavior_server-10] [INFO] [1789657069.092931196] [behavior_server]: Activating backup
[behavior_server-10] [INFO] [1789657069.092944623] [behavior_server]: Activating drive_on_heading
[behavior_server-10] [INFO] [1789657069.092956695] [behavior_server]: Activating wait
[behavior_server-10] [INFO] [1789657069.092974563] [behavior_server]: Creating bond (behavior_server) to lifecycle manager.
[lifecycle_manager-13] [INFO] [1789657069.228577764] [lifecycle_manager_navigation]: Server behavior_server connected with bond.
[lifecycle_manager-13] [INFO] [1789657069.228790663] [lifecycle_manager_navigation]: [34m[1mActivating bt_navigator[0m[0m
[bt_navigator-11] [INFO] [1789657069.233006458] [bt_navigator]: Activating
[swerve_bridge_node-14] [WARN] [1789657070.443826830] [swerve_bridge]: Django websocket disconnected: [Errno 111] Connection refused
[bt_navigator-11] [INFO] [1789657070.456759440] [bt_navigator]: Creating bond (bt_navigator) to lifecycle manager.
[lifecycle_manager-13] [INFO] [1789657070.579598627] [lifecycle_manager_navigation]: Server bt_navigator connected with bond.
[lifecycle_manager-13] [INFO] [1789657070.579684371] [lifecycle_manager_navigation]: [34m[1mActivating waypoint_follower[0m[0m
[waypoint_follower-12] [INFO] [1789657070.580144394] [waypoint_follower]: Activating
[waypoint_follower-12] [INFO] [1789657070.580201151] [waypoint_follower]: Creating bond (waypoint_follower) to lifecycle manager.
[lifecycle_manager-13] [INFO] [1789657070.707716723] [lifecycle_manager_navigation]: Server waypoint_follower connected with bond.
[lifecycle_manager-13] [INFO] [1789657070.707784383] [lifecycle_manager_navigation]: [34m[1mManaged nodes are active[0m[0m
[lifecycle_manager-13] [INFO] [1789657070.707801173] [lifecycle_manager_navigation]: [34m[1mCreating bond timer...[0m[0m
[gzserver-1] [INFO] [1789657071.145292677] [controller_manager]: Loading controller 'joint_state_broadcaster'
[spawner-15] [INFO] [1789657071.475473985] [spawn_joint_state_broadcaster]: [94mLoaded [1mjoint_state_broadcaster[0m
[gzserver-1] [INFO] [1789657071.485826088] [controller_manager]: Configuring controller 'joint_state_broadcaster'
[gzserver-1] [INFO] [1789657071.486280322] [joint_state_broadcaster]: 'joints' or 'interfaces' parameter is empty. All available state interfaces will be published
[spawner-15] [INFO] [1789657071.617438040] [spawn_joint_state_broadcaster]: [92mConfigured and activated [1mjoint_state_broadcaster[0m
[INFO] [spawner-15]: process has finished cleanly [pid 218555]
[INFO] [spawner-16]: process started with pid [218583]
[swerve_bridge_node-14] [WARN] [1789657072.448396989] [swerve_bridge]: Django websocket disconnected: [Errno 111] Connection refused
[spawner-16] [INFO] [1789657073.681028147] [spawn_steering_controller]: waiting for service /controller_manager/list_controllers to become available...
[swerve_bridge_node-14] [WARN] [1789657074.450561685] [swerve_bridge]: Django websocket disconnected: [Errno 111] Connection refused
[gzserver-1] [INFO] [1789657075.256913934] [controller_manager]: Loading controller 'steering_controller'
[spawner-16] [INFO] [1789657075.842545256] [spawn_steering_controller]: [94mLoaded [1msteering_controller[0m
[gzserver-1] [INFO] [1789657075.855851949] [controller_manager]: Configuring controller 'steering_controller'
[gzserver-1] [INFO] [1789657075.862536342] [steering_controller]: configure successful
[gzserver-1] [INFO] [1789657075.891679594] [steering_controller]: activate successful
[spawner-16] [INFO] [1789657075.915480440] [spawn_steering_controller]: [92mConfigured and activated [1msteering_controller[0m
[INFO] [spawner-16]: process has finished cleanly [pid 218583]
[INFO] [spawner-17]: process started with pid [218595]
[swerve_bridge_node-14] [WARN] [1789657076.454339532] [swerve_bridge]: Django websocket disconnected: [Errno 111] Connection refused
[spawner-17] [INFO] [1789657077.466985618] [spawn_drive_controller]: waiting for service /controller_manager/list_controllers to become available...
[gzserver-1] [INFO] [1789657078.377262788] [controller_manager]: Loading controller 'drive_controller'
[swerve_bridge_node-14] [WARN] [1789657078.458135598] [swerve_bridge]: Django websocket disconnected: [Errno 111] Connection refused
[spawner-17] [INFO] [1789657079.312777530] [spawn_drive_controller]: [94mLoaded [1mdrive_controller[0m
[gzserver-1] [INFO] [1789657079.327269969] [controller_manager]: Configuring controller 'drive_controller'
[gzserver-1] [INFO] [1789657079.329472377] [drive_controller]: configure successful
[gzserver-1] [INFO] [1789657079.367437648] [drive_controller]: activate successful
[spawner-17] [INFO] [1789657079.404225022] [spawn_drive_controller]: [92mConfigured and activated [1mdrive_controller[0m
[INFO] [spawner-17]: process has finished cleanly [pid 218595]
[INFO] [swerve_controller_node-18]: process started with pid [218607]
[INFO] [swerve_odometry_node-19]: process started with pid [218609]
[swerve_bridge_node-14] [WARN] [1789657080.462412844] [swerve_bridge]: Django websocket disconnected: [Errno 111] Connection refused
[swerve_odometry_node-19] [INFO] [1789657082.253413264] [swerve_odometry]: Encoder odometry ready: radius=0.0637 m, velocity_sign=+1.0
[swerve_controller_node-18] [INFO] [1789657082.265416206] [swerve_controller]: Swerve controller ready: radius=0.0675 m, modules={'front': (0.300042, 0.0), 'rear': (-0.300042, 0.0)}
[swerve_bridge_node-14] [WARN] [1789657082.464821632] [swerve_bridge]: Django websocket disconnected: [Errno 111] Connection refused
[swerve_bridge_node-14] [WARN] [1789657084.475651022] [swerve_bridge]: Django websocket disconnected: [Errno 111] Connection refused
[swerve_bridge_node-14] [WARN] [1789657086.477472388] [swerve_bridge]: Django websocket disconnected: [Errno 111] Connection refused
[swerve_bridge_node-14] [WARN] [1789657088.479220481] [swerve_bridge]: Django websocket disconnected: [Errno 111] Connection refused
[swerve_bridge_node-14] [WARN] [1789657090.513521272] [swerve_bridge]: Django websocket disconnected: [Errno 111] Connection refused
[swerve_bridge_node-14] [WARN] [1789657092.516982655] [swerve_bridge]: Django websocket disconnected: [Errno 111] Connection refused
[swerve_bridge_node-14] [WARN] [1789657094.519807948] [swerve_bridge]: Django websocket disconnected: [Errno 111] Connection refused
[swerve_bridge_node-14] [WARN] [1789657096.524344381] [swerve_bridge]: Django websocket disconnected: [Errno 111] Connection refused
[swerve_bridge_node-14] [WARN] [1789657098.532794373] [swerve_bridge]: Django websocket disconnected: [Errno 111] Connection refused
[swerve_bridge_node-14] [WARN] [1789657100.534455222] [swerve_bridge]: Django websocket disconnected: [Errno 111] Connection refused
[swerve_bridge_node-14] [WARN] [1789657102.535259279] [swerve_bridge]: Django websocket disconnected: [Errno 111] Connection refused
[swerve_bridge_node-14] [WARN] [1789657104.539549747] [swerve_bridge]: Django websocket disconnected: [Errno 111] Connection refused
[swerve_bridge_node-14] [WARN] [1789657106.544546404] [swerve_bridge]: Django websocket disconnected: [Errno 111] Connection refused
[swerve_bridge_node-14] [WARN] [1789657108.550621869] [swerve_bridge]: Django websocket disconnected: [Errno 111] Connection refused
[swerve_bridge_node-14] [WARN] [1789657110.552808723] [swerve_bridge]: Django websocket disconnected: [Errno 111] Connection refused
[swerve_bridge_node-14] [WARN] [1789657112.561862088] [swerve_bridge]: Django websocket disconnected: [Errno 111] Connection refused
[swerve_bridge_node-14] [WARN] [1789657114.564419537] [swerve_bridge]: Django websocket disconnected: [Errno 111] Connection refused
[swerve_bridge_node-14] [WARN] [1789657116.567720196] [swerve_bridge]: Django websocket disconnected: [Errno 111] Connection refused
[swerve_bridge_node-14] [WARN] [1789657118.569253626] [swerve_bridge]: Django websocket disconnected: [Errno 111] Connection refused
[swerve_bridge_node-14] [WARN] [1789657120.572590113] [swerve_bridge]: Django websocket disconnected: [Errno 111] Connection refused
[swerve_bridge_node-14] [WARN] [1789657122.578309684] [swerve_bridge]: Django websocket disconnected: [Errno 111] Connection refused
[swerve_bridge_node-14] [WARN] [1789657124.584108491] [swerve_bridge]: Django websocket disconnected: [Errno 111] Connection refused
[swerve_bridge_node-14] [WARN] [1789657126.586319027] [swerve_bridge]: Django websocket disconnected: [Errno 111] Connection refused
[swerve_bridge_node-14] [WARN] [1789657128.588219852] [swerve_bridge]: Django websocket disconnected: [Errno 111] Connection refused
[swerve_bridge_node-14] [WARN] [1789657130.589108429] [swerve_bridge]: Django websocket disconnected: [Errno 111] Connection refused
[swerve_bridge_node-14] [WARN] [1789657132.593568460] [swerve_bridge]: Django websocket disconnected: [Errno 111] Connection refused
[swerve_bridge_node-14] [WARN] [1789657134.595703366] [swerve_bridge]: Django websocket disconnected: [Errno 111] Connection refused
[swerve_bridge_node-14] [WARN] [1789657136.597931660] [swerve_bridge]: Django websocket disconnected: [Errno 111] Connection refused
[WARNING] [launch]: user interrupted with ctrl-c (SIGINT)
[planner_server-9] [INFO] [1789657137.060894465] [rclcpp]: signal_handler(signum=2)
[controller_server-8] [INFO] [1789657137.060961900] [rclcpp]: signal_handler(signum=2)
[behavior_server-10] [INFO] [1789657137.061049512] [rclcpp]: signal_handler(signum=2)
[behavior_server-10] [INFO] [1789657137.061158860] [behavior_server]: Running Nav2 LifecycleNode rcl preshutdown (behavior_server)
[behavior_server-10] [INFO] [1789657137.061244613] [behavior_server]: Deactivating
[behavior_server-10] [INFO] [1789657137.061286078] [behavior_server]: Destroying bond (behavior_server) to lifecycle manager.
[map_server-7] [INFO] [1789657137.061569553] [rclcpp]: signal_handler(signum=2)
[map_server-7] [INFO] [1789657137.061750538] [map_server]: Running Nav2 LifecycleNode rcl preshutdown (map_server)
[map_server-7] [INFO] [1789657137.061837907] [map_server]: Deactivating
[map_server-7] [INFO] [1789657137.061868539] [map_server]: Destroying bond (map_server) to lifecycle manager.
[controller_server-8] [INFO] [1789657137.061943122] [controller_server]: Running Nav2 LifecycleNode rcl preshutdown (controller_server)
[controller_server-8] [INFO] [1789657137.062026012] [controller_server]: Deactivating
[controller_server-8] [INFO] [1789657137.062083735] [local_costmap.local_costmap]: Deactivating
[planner_server-9] [INFO] [1789657137.062079767] [planner_server]: Running Nav2 LifecycleNode rcl preshutdown (planner_server)
[planner_server-9] [INFO] [1789657137.062168580] [planner_server]: Deactivating
[planner_server-9] [INFO] [1789657137.062207557] [global_costmap.global_costmap]: Deactivating
[lifecycle_manager-13] [INFO] [1789657137.063805308] [rclcpp]: signal_handler(signum=2)
[ekf_node-4] [INFO] [1789657137.063880000] [rclcpp]: signal_handler(signum=2)
[waypoint_follower-12] [INFO] [1789657137.060876612] [rclcpp]: signal_handler(signum=2)
[waypoint_follower-12] [INFO] [1789657137.064946671] [waypoint_follower]: Running Nav2 LifecycleNode rcl preshutdown (waypoint_follower)
[waypoint_follower-12] [INFO] [1789657137.065066911] [waypoint_follower]: Deactivating
[waypoint_follower-12] [INFO] [1789657137.065098395] [waypoint_follower]: Destroying bond (waypoint_follower) to lifecycle manager.
[ekf_node-6] [INFO] [1789657137.067165653] [rclcpp]: signal_handler(signum=2)
[INFO] [swerve_odometry_node-19]: sending signal 'SIGINT' to process[swerve_odometry_node-19]
[INFO] [swerve_controller_node-18]: sending signal 'SIGINT' to process[swerve_controller_node-18]
[INFO] [swerve_bridge_node-14]: sending signal 'SIGINT' to process[swerve_bridge_node-14]
[INFO] [lifecycle_manager-13]: sending signal 'SIGINT' to process[lifecycle_manager-13]
[INFO] [waypoint_follower-12]: sending signal 'SIGINT' to process[waypoint_follower-12]
[INFO] [bt_navigator-11]: sending signal 'SIGINT' to process[bt_navigator-11]
[INFO] [behavior_server-10]: sending signal 'SIGINT' to process[behavior_server-10]
[INFO] [planner_server-9]: sending signal 'SIGINT' to process[planner_server-9]
[INFO] [controller_server-8]: sending signal 'SIGINT' to process[controller_server-8]
[INFO] [map_server-7]: sending signal 'SIGINT' to process[map_server-7]
[INFO] [ekf_node-6]: sending signal 'SIGINT' to process[ekf_node-6]
[INFO] [v30e_sim_node-5]: sending signal 'SIGINT' to process[v30e_sim_node-5]
[INFO] [ekf_node-4]: sending signal 'SIGINT' to process[ekf_node-4]
[INFO] [robot_state_publisher-2]: sending signal 'SIGINT' to process[robot_state_publisher-2]
[INFO] [gzserver-1]: sending signal 'SIGINT' to process[gzserver-1]
[lifecycle_manager-13] [INFO] [1789657137.068019255] [lifecycle_manager_navigation]: Running Nav2 LifecycleManager rcl preshutdown (lifecycle_manager_navigation)
[lifecycle_manager-13] [INFO] [1789657137.068104065] [lifecycle_manager_navigation]: [34m[1mTerminating bond timer...[0m[0m
[robot_state_publisher-2] [INFO] [1789657137.068526739] [rclcpp]: signal_handler(signum=2)
[bt_navigator-11] [INFO] [1789657137.070221561] [rclcpp]: signal_handler(signum=2)
[bt_navigator-11] [INFO] [1789657137.072544818] [bt_navigator]: Running Nav2 LifecycleNode rcl preshutdown (bt_navigator)
[bt_navigator-11] [INFO] [1789657137.072808714] [bt_navigator]: Deactivating
[bt_navigator-11] [INFO] [1789657137.072865401] [bt_navigator]: Destroying bond (bt_navigator) to lifecycle manager.
[map_server-7] [INFO] [1789657137.107193231] [map_server]: Cleaning up
[map_server-7] [INFO] [1789657137.107592008] [map_server]: Destroying bond (map_server) to lifecycle manager.
[behavior_server-10] [INFO] [1789657137.107600230] [behavior_server]: Cleaning up
[waypoint_follower-12] [INFO] [1789657137.121662074] [waypoint_follower]: Cleaning up
[swerve_controller_node-18] Traceback (most recent call last):
[swerve_controller_node-18]   File "/home/yahboom/swerve_bringup/install/swerve_bringup/lib/swerve_bringup/swerve_controller_node", line 192, in <module>
[swerve_controller_node-18]     main()
[swerve_controller_node-18]   File "/home/yahboom/swerve_bringup/install/swerve_bringup/lib/swerve_bringup/swerve_controller_node", line 184, in main
[swerve_controller_node-18]     node.steer_pub.publish(Float64MultiArray(data=[
[swerve_controller_node-18]   File "/opt/ros/humble/local/lib/python3.10/dist-packages/rclpy/publisher.py", line 70, in publish
[swerve_controller_node-18]     self.__publisher.publish(msg)
[swerve_controller_node-18] rclpy._rclpy_pybind11.RCLError: Failed to publish: publisher's context is invalid, at ./src/rcl/publisher.c:389
[swerve_controller_node-18] Error in sys.excepthook:
[swerve_controller_node-18] Traceback (most recent call last):
[swerve_controller_node-18]   File "/usr/lib/python3/dist-packages/apport_python_hook.py", line 72, in apport_excepthook
[swerve_controller_node-18]     from apport.fileutils import likely_packaged, get_recent_crashes
[swerve_controller_node-18]   File "/usr/lib/python3/dist-packages/apport/__init__.py", line 5, in <module>
[swerve_controller_node-18]     from apport.report import Report
[swerve_controller_node-18]   File "/usr/lib/python3/dist-packages/apport/report.py", line 21, in <module>
[swerve_controller_node-18]     from urllib.request import urlopen
[swerve_controller_node-18]   File "/usr/lib/python3.10/urllib/request.py", line 88, in <module>
[swerve_controller_node-18]     import http.client
[swerve_controller_node-18]   File "/usr/lib/python3.10/http/client.py", line 71, in <module>
[swerve_controller_node-18]     import email.parser
[swerve_controller_node-18]   File "/usr/lib/python3.10/email/parser.py", line 12, in <module>
[swerve_controller_node-18]     from email.feedparser import FeedParser, BytesFeedParser
[swerve_controller_node-18]   File "/usr/lib/python3.10/email/feedparser.py", line 27, in <module>
[swerve_controller_node-18]     from email._policybase import compat32
[swerve_controller_node-18]   File "/usr/lib/python3.10/email/_policybase.py", line 9, in <module>
[swerve_controller_node-18]     from email.utils import _has_surrogates
[swerve_controller_node-18]   File "/usr/lib/python3.10/email/utils.py", line 33, in <module>
[swerve_controller_node-18]     from email._parseaddr import quote
[swerve_controller_node-18]   File "/usr/lib/python3.10/email/_parseaddr.py", line 16, in <module>
[swerve_controller_node-18]     import time, calendar
[swerve_controller_node-18]   File "/usr/lib/python3.10/calendar.py", line 10, in <module>
[swerve_controller_node-18]     import locale as _locale
[swerve_controller_node-18]   File "<frozen importlib._bootstrap>", line 1027, in _find_and_load
[swerve_controller_node-18]   File "<frozen importlib._bootstrap>", line 1002, in _find_and_load_unlocked
[swerve_controller_node-18]   File "<frozen importlib._bootstrap>", line 945, in _find_spec
[swerve_controller_node-18]   File "<frozen importlib._bootstrap_external>", line 1439, in find_spec
[swerve_controller_node-18]   File "<frozen importlib._bootstrap_external>", line 1411, in _get_spec
[controller_server-8] [INFO] [1789657137.142492772] [controller_server]: Destroying bond (controller_server) to lifecycle manager.
[swerve_controller_node-18]   File "<frozen importlib._bootstrap_external>", line 1576, in find_spec
[swerve_controller_node-18] KeyboardInterrupt
[swerve_controller_node-18] 
[swerve_controller_node-18] Original exception was:
[swerve_controller_node-18] Traceback (most recent call last):
[swerve_controller_node-18]   File "/home/yahboom/swerve_bringup/install/swerve_bringup/lib/swerve_bringup/swerve_controller_node", line 192, in <module>
[swerve_controller_node-18]     main()
[swerve_controller_node-18]   File "/home/yahboom/swerve_bringup/install/swerve_bringup/lib/swerve_bringup/swerve_controller_node", line 184, in main
[swerve_controller_node-18]     node.steer_pub.publish(Float64MultiArray(data=[
[swerve_controller_node-18]   File "/opt/ros/humble/local/lib/python3.10/dist-packages/rclpy/publisher.py", line 70, in publish
[swerve_controller_node-18]     self.__publisher.publish(msg)
[swerve_controller_node-18] rclpy._rclpy_pybind11.RCLError: Failed to publish: publisher's context is invalid, at ./src/rcl/publisher.c:389
[swerve_odometry_node-19] Traceback (most recent call last):
[swerve_odometry_node-19]   File "/home/yahboom/swerve_bringup/install/swerve_bringup/lib/swerve_bringup/swerve_odometry_node", line 221, in <module>
[swerve_odometry_node-19]     main()
[swerve_odometry_node-19]   File "/home/yahboom/swerve_bringup/install/swerve_bringup/lib/swerve_bringup/swerve_odometry_node", line 215, in main
[swerve_odometry_node-19]     node.destroy_node()
[swerve_odometry_node-19]   File "/opt/ros/humble/local/lib/python3.10/dist-packages/rclpy/node.py", line 1685, in destroy_node
[swerve_odometry_node-19]     self.destroy_publisher(self._publishers[0])
[swerve_odometry_node-19]   File "/opt/ros/humble/local/lib/python3.10/dist-packages/rclpy/node.py", line 1565, in destroy_publisher
[swerve_odometry_node-19]     publisher.destroy()
[swerve_odometry_node-19]   File "/opt/ros/humble/local/lib/python3.10/dist-packages/rclpy/publisher.py", line 99, in destroy
[swerve_odometry_node-19]     self.__publisher.destroy_when_not_in_use()
[swerve_odometry_node-19] KeyboardInterrupt
[swerve_bridge_node-14] Traceback (most recent call last):
[swerve_bridge_node-14]   File "/home/yahboom/swerve_bringup/build/swerve_bridge/swerve_bridge/bridge_node.py", line 272, in main
[swerve_bridge_node-14]     rclpy.spin(node)
[swerve_bridge_node-14]   File "/opt/ros/humble/local/lib/python3.10/dist-packages/rclpy/__init__.py", line 229, in spin
[swerve_bridge_node-14]     executor.spin_once()
[swerve_bridge_node-14]   File "/opt/ros/humble/local/lib/python3.10/dist-packages/rclpy/executors.py", line 773, in spin_once
[swerve_bridge_node-14]     self._spin_once_impl(timeout_sec)
[swerve_bridge_node-14]   File "/opt/ros/humble/local/lib/python3.10/dist-packages/rclpy/executors.py", line 762, in _spin_once_impl
[swerve_bridge_node-14]     handler, entity, node = self.wait_for_ready_callbacks(timeout_sec=timeout_sec)
[swerve_bridge_node-14]   File "/opt/ros/humble/local/lib/python3.10/dist-packages/rclpy/executors.py", line 745, in wait_for_ready_callbacks
[swerve_bridge_node-14]     return next(self._cb_iter)
[swerve_bridge_node-14]   File "/opt/ros/humble/local/lib/python3.10/dist-packages/rclpy/executors.py", line 642, in _wait_for_ready_callbacks
[swerve_bridge_node-14]     wait_set.wait(timeout_nsec)
[swerve_bridge_node-14] KeyboardInterrupt
[swerve_bridge_node-14] 
[swerve_bridge_node-14] During handling of the above exception, another exception occurred:
[swerve_bridge_node-14] 
[swerve_bridge_node-14] Traceback (most recent call last):
[swerve_bridge_node-14]   File "/home/yahboom/swerve_bringup/install/swerve_bridge/lib/swerve_bridge/swerve_bridge_node", line 33, in <module>
[swerve_bridge_node-14]     sys.exit(load_entry_point('swerve-bridge', 'console_scripts', 'swerve_bridge_node')())
[swerve_bridge_node-14]   File "/home/yahboom/swerve_bringup/build/swerve_bridge/swerve_bridge/bridge_node.py", line 274, in main
[swerve_bridge_node-14]     node.destroy_node()
[swerve_bridge_node-14]   File "/home/yahboom/swerve_bringup/build/swerve_bridge/swerve_bridge/bridge_node.py", line 265, in destroy_node
[swerve_bridge_node-14]     super().destroy_node()
[swerve_bridge_node-14]   File "/opt/ros/humble/local/lib/python3.10/dist-packages/rclpy/node.py", line 1687, in destroy_node
[swerve_bridge_node-14]     self.destroy_subscription(self._subscriptions[0])
[swerve_bridge_node-14]   File "/opt/ros/humble/local/lib/python3.10/dist-packages/rclpy/node.py", line 1583, in destroy_subscription
[lifecycle_manager-13] [INFO] [1789657137.154393308] [rclcpp]: signal_handler(signum=2)
[swerve_bridge_node-14]     subscription.destroy()
[swerve_bridge_node-14]   File "/opt/ros/humble/local/lib/python3.10/dist-packages/rclpy/subscription.py", line 80, in destroy
[swerve_bridge_node-14]     self.handle.destroy_when_not_in_use()
[swerve_bridge_node-14] KeyboardInterrupt
[bt_navigator-11] [INFO] [1789657137.161595223] [rclcpp]: signal_handler(signum=2)
[ERROR] [ekf_node-4]: process has died [pid 218280, exit code -2, cmd '/opt/ros/humble/lib/robot_localization/ekf_node --ros-args -r __node:=ekf_filter_node --params-file /home/yahboom/swerve_bringup/install/swerve_bringup/share/swerve_bringup/config/ekf.yaml --params-file /tmp/launch_params_i3zkcvje -r /odom:=/odom -r /imu/data:=/imu/data'].
[ERROR] [ekf_node-6]: process has died [pid 218284, exit code -2, cmd '/opt/ros/humble/lib/robot_localization/ekf_node --ros-args -r __node:=ekf_v30e --params-file /home/yahboom/swerve_bringup/install/swerve_bringup/share/swerve_bringup/config/v30e_localization_ekf.yaml --params-file /tmp/launch_params_dti761ti -r odometry/filtered:=/odometry/v30e'].
[waypoint_follower-12] [INFO] [1789657137.164665879] [rclcpp]: signal_handler(signum=2)
[behavior_server-10] [INFO] [1789657137.172917641] [rclcpp]: signal_handler(signum=2)
[bt_navigator-11] [INFO] [1789657137.178102023] [bt_navigator]: Cleaning up
[controller_server-8] [INFO] [1789657137.185558866] [controller_server]: Cleaning up
[controller_server-8] [INFO] [1789657137.185813679] [local_costmap.local_costmap]: Cleaning up
[planner_server-9] [INFO] [1789657137.188462182] [rclcpp]: signal_handler(signum=2)
[controller_server-8] [INFO] [1789657137.194217363] [rclcpp]: signal_handler(signum=2)
[map_server-7] [INFO] [1789657137.200033392] [rclcpp]: signal_handler(signum=2)
[map_server-7] [INFO] [1789657137.209008856] [map_server]: Destroying
[robot_state_publisher-2] [INFO] [1789657137.243141545] [rclcpp]: signal_handler(signum=2)
[v30e_sim_node-5] Traceback (most recent call last):
[v30e_sim_node-5]   File "/home/yahboom/swerve_bringup/install/swerve_bringup/lib/swerve_bringup/v30e_sim_node", line 188, in <module>
[v30e_sim_node-5]     if __name__ == '__main__': main()
[v30e_sim_node-5]   File "/home/yahboom/swerve_bringup/install/swerve_bringup/lib/swerve_bringup/v30e_sim_node", line 185, in main
[v30e_sim_node-5]     node.destroy_node(); rclpy.shutdown()
[v30e_sim_node-5]   File "/opt/ros/humble/local/lib/python3.10/dist-packages/rclpy/node.py", line 1689, in destroy_node
[v30e_sim_node-5]     self.destroy_client(self._clients[0])
[v30e_sim_node-5]   File "/opt/ros/humble/local/lib/python3.10/dist-packages/rclpy/node.py", line 1599, in destroy_client
[v30e_sim_node-5]     client.destroy()
[v30e_sim_node-5]   File "/opt/ros/humble/local/lib/python3.10/dist-packages/rclpy/client.py", line 187, in destroy
[v30e_sim_node-5]     self.__client.destroy_when_not_in_use()
[v30e_sim_node-5] KeyboardInterrupt
[waypoint_follower-12] [INFO] [1789657137.367795437] [waypoint_follower]: Destroying bond (waypoint_follower) to lifecycle manager.
[planner_server-9] [INFO] [1789657137.411046629] [planner_server]: Deactivating plugin GridBased of type NavfnPlanner
[planner_server-9] [INFO] [1789657137.411090487] [planner_server]: Destroying bond (planner_server) to lifecycle manager.
[planner_server-9] [INFO] [1789657137.423059447] [planner_server]: Cleaning up
[behavior_server-10] [INFO] [1789657137.461856717] [behavior_server]: Destroying bond (behavior_server) to lifecycle manager.
[waypoint_follower-12] [INFO] [1789657137.488828067] [waypoint_follower]: Destroying
[INFO] [robot_state_publisher-2]: process has finished cleanly [pid 218276]
[ERROR] [v30e_sim_node-5]: process has died [pid 218282, exit code -2, cmd '/home/yahboom/swerve_bringup/install/swerve_bringup/lib/swerve_bringup/v30e_sim_node --ros-args -r __node:=v30e_sim_node --params-file /home/yahboom/swerve_bringup/install/swerve_bringup/share/swerve_bringup/config/v30e_sim.yaml --params-file /tmp/launch_params_zyasb6vo'].
[planner_server-9] [INFO] [1789657137.560533739] [global_costmap.global_costmap]: Cleaning up
[controller_server-8] [INFO] [1789657137.562308955] [controller_server]: Destroying bond (controller_server) to lifecycle manager.
[lifecycle_manager-13] [INFO] [1789657137.574252251] [lifecycle_manager_navigation]: Destroying lifecycle_manager_navigation
[ERROR] [swerve_odometry_node-19]: process has died [pid 218609, exit code -2, cmd '/home/yahboom/swerve_bringup/install/swerve_bringup/lib/swerve_bringup/swerve_odometry_node --ros-args -r __node:=swerve_odometry --params-file /home/yahboom/swerve_bringup/install/swerve_bringup/share/swerve_bringup/config/swerve_odometry.yaml --params-file /tmp/launch_params_ass4t8r4'].
[planner_server-9] [INFO] [1789657137.600882710] [planner_server]: Cleaning up plugin GridBased of type NavfnPlanner
[planner_server-9] [INFO] [1789657137.600990929] [planner_server]: Destroying plugin GridBased of type NavfnPlanner
[behavior_server-10] [INFO] [1789657137.612820828] [behavior_server]: Destroying
[controller_server-8] [INFO] [1789657137.623434869] [local_costmap.local_costmap]: Destroying
[ERROR] [swerve_controller_node-18]: process has died [pid 218607, exit code 1, cmd '/home/yahboom/swerve_bringup/install/swerve_bringup/lib/swerve_bringup/swerve_controller_node --ros-args -r __node:=swerve_controller --params-file /home/yahboom/swerve_bringup/install/swerve_bringup/share/swerve_bringup/config/swerve_controller.yaml --params-file /tmp/launch_params_wk5qbcpu'].
[ERROR] [swerve_bridge_node-14]: process has died [pid 218335, exit code -2, cmd '/home/yahboom/swerve_bringup/install/swerve_bridge/lib/swerve_bridge/swerve_bridge_node --ros-args -r __node:=swerve_bridge --params-file /home/yahboom/swerve_bringup/install/swerve_bridge/share/swerve_bridge/config/bridge.yaml --params-file /tmp/launch_params_90av5j5z'].
[planner_server-9] [INFO] [1789657137.638399964] [planner_server]: Destroying bond (planner_server) to lifecycle manager.
[INFO] [map_server-7]: process has finished cleanly [pid 218286]
[planner_server-9] [INFO] [1789657137.661964785] [global_costmap.global_costmap]: Destroying
[controller_server-8] [INFO] [1789657137.676994529] [controller_server]: Destroying
[planner_server-9] [INFO] [1789657137.682894906] [planner_server]: Destroying
[INFO] [waypoint_follower-12]: process has finished cleanly [pid 218308]
[INFO] [lifecycle_manager-13]: process has finished cleanly [pid 218319]
[INFO] [behavior_server-10]: process has finished cleanly [pid 218293]
[INFO] [controller_server-8]: process has finished cleanly [pid 218288]
[INFO] [planner_server-9]: process has finished cleanly [pid 218291]
[bt_navigator-11] [INFO] [1789657138.363158332] [bt_navigator]: Completed Cleaning up
[bt_navigator-11] [INFO] [1789657138.363218053] [bt_navigator]: Destroying bond (bt_navigator) to lifecycle manager.
[INFO] [gzserver-1]: process has finished cleanly [pid 218274]
[bt_navigator-11] [INFO] [1789657138.370796612] [bt_navigator]: Destroying
[INFO] [bt_navigator-11]: process has finished cleanly [pid 218297]
