{
  "case": "yaw+",
  "samples": 54,
  "sim_duration": 8.0,
  "clock_verified": true,
  "telemetry_valid": false,
  "mean_gt_wz": 0.015223224948793315,
  "mean_encoder_wz": 0.1199475336544297,
  "mean_imu_wz": 0.014981381795375857,
  "casters": {
    "FL": {
      "initial_swivel": null,
      "desired_heading": 1.5696934317483615,
      "actual_heading": null,
      "mean_equivalent_heading_error": null,
      "p95_heading_error": null,
      "final_heading_error": null,
      "swivel_travel": 0,
      "mean_abs_swivel_velocity": null,
      "mean_abs_roll_velocity": null,
      "mean_tangential_metric": 583.3686403668992,
      "p95_tangential_metric": 925.8524545501613
    },
    "FR": {
      "initial_swivel": null,
      "desired_heading": 1.4926195843614452,
      "actual_heading": null,
      "mean_equivalent_heading_error": null,
      "p95_heading_error": null,
      "final_heading_error": null,
      "swivel_travel": 0,
      "mean_abs_swivel_velocity": null,
      "mean_abs_roll_velocity": null,
      "mean_tangential_metric": 1226.731643641511,
      "p95_tangential_metric": 1932.8365233145034
    },
    "RL": {
      "initial_swivel": null,
      "desired_heading": 1.569417682522425,
      "actual_heading": null,
      "mean_equivalent_heading_error": null,
      "p95_heading_error": null,
      "final_heading_error": null,
      "swivel_travel": 0,
      "mean_abs_swivel_velocity": null,
      "mean_abs_roll_velocity": null,
      "mean_tangential_metric": 370.93012922094226,
      "p95_tangential_metric": 578.003834129852
    },
    "RR": {
      "initial_swivel": null,
      "desired_heading": 1.4731851994985672,
      "actual_heading": null,
      "mean_equivalent_heading_error": null,
      "p95_heading_error": null,
      "final_heading_error": null,
      "swivel_travel": 0,
      "mean_abs_swivel_velocity": null,
      "mean_abs_roll_velocity": null,
      "mean_tangential_metric": 1581.5068816673759,
      "p95_tangential_metric": 2491.520872409594
    }
  },
  "t_stall": 2.6,
  "at_stall": {
    "FL": {
      "heading_error": null,
      "tangential_metric": 525.8638041048569
    },
    "FR": {
      "heading_error": null,
      "tangential_metric": 1192.2189079558007
    },
    "RL": {
      "heading_error": null,
      "tangential_metric": 374.02143842538135
    },
    "RR": {
      "heading_error": null,
      "tangential_metric": 1396.2555212552604
    }
  },
  "zero_trail_confirmed_as_blocker": "insufficient_evidence",
  "evidence": {
    "caster_heading_error_large": false,
    "caster_swivel_nearly_stationary": false,
    "drive_wheels_active": true,
    "gt_stall_detected": true
  }
}
