[INFO] [launch]: All log files can be found below /home/yahboom/.ros/log/2026-09-17-18-22-50-598921-yahboom-virtual-machine-173205
[INFO] [launch]: Default logging verbosity is set to INFO
[INFO] [gzserver-1]: process started with pid [173217]
[INFO] [robot_state_publisher-2]: process started with pid [173219]
[INFO] [spawn_entity.py-3]: process started with pid [173221]
[INFO] [ekf_node-4]: process started with pid [173223]
[INFO] [v30e_sim_node-5]: process started with pid [173225]
[INFO] [ekf_node-6]: process started with pid [173227]
[INFO] [map_server-7]: process started with pid [173233]
[INFO] [controller_server-8]: process started with pid [173244]
[INFO] [planner_server-9]: process started with pid [173249]
[INFO] [behavior_server-10]: process started with pid [173251]
[INFO] [bt_navigator-11]: process started with pid [173262]
[INFO] [waypoint_follower-12]: process started with pid [173266]
[INFO] [lifecycle_manager-13]: process started with pid [173272]
[INFO] [swerve_bridge_node-14]: process started with pid [173279]
[robot_state_publisher-2] [INFO] [1789640573.630017678] [robot_state_publisher]: got segment base_footprint
[robot_state_publisher-2] [INFO] [1789640573.630204248] [robot_state_publisher]: got segment base_link
[robot_state_publisher-2] [INFO] [1789640573.630220579] [robot_state_publisher]: got segment imu_link
[robot_state_publisher-2] [INFO] [1789640573.630230658] [robot_state_publisher]: got segment lidar_link
[robot_state_publisher-2] [INFO] [1789640573.630238541] [robot_state_publisher]: got segment steer_front_link
[robot_state_publisher-2] [INFO] [1789640573.630246226] [robot_state_publisher]: got segment steer_rear_link
[robot_state_publisher-2] [INFO] [1789640573.630253733] [robot_state_publisher]: got segment v30e_link
[robot_state_publisher-2] [INFO] [1789640573.630261048] [robot_state_publisher]: got segment wheel_front_drive_link
[robot_state_publisher-2] [INFO] [1789640573.630269233] [robot_state_publisher]: got segment wheel_front_left_link
[robot_state_publisher-2] [INFO] [1789640573.630276491] [robot_state_publisher]: got segment wheel_front_right_link
[robot_state_publisher-2] [INFO] [1789640573.630283990] [robot_state_publisher]: got segment wheel_rear_drive_link
[robot_state_publisher-2] [INFO] [1789640573.630290971] [robot_state_publisher]: got segment wheel_rear_left_link
[robot_state_publisher-2] [INFO] [1789640573.630298212] [robot_state_publisher]: got segment wheel_rear_right_link
[planner_server-9] [INFO] [1789640573.749110858] [planner_server]: 
[planner_server-9] 	planner_server lifecycle node launched. 
[planner_server-9] 	Waiting on external lifecycle transitions to activate
[planner_server-9] 	See https://design.ros2.org/articles/node_lifecycle.html for more information.
[planner_server-9] [INFO] [1789640573.754848541] [planner_server]: Creating
[bt_navigator-11] [INFO] [1789640573.760752771] [bt_navigator]: 
[bt_navigator-11] 	bt_navigator lifecycle node launched. 
[bt_navigator-11] 	Waiting on external lifecycle transitions to activate
[bt_navigator-11] 	See https://design.ros2.org/articles/node_lifecycle.html for more information.
[bt_navigator-11] [INFO] [1789640573.760911323] [bt_navigator]: Creating
[lifecycle_manager-13] [INFO] [1789640573.776338375] [lifecycle_manager_navigation]: Creating
[map_server-7] [INFO] [1789640573.903087671] [map_server]: 
[map_server-7] 	map_server lifecycle node launched. 
[map_server-7] 	Waiting on external lifecycle transitions to activate
[map_server-7] 	See https://design.ros2.org/articles/node_lifecycle.html for more information.
[map_server-7] [INFO] [1789640573.909147303] [map_server]: Creating
[lifecycle_manager-13] [INFO] [1789640573.906546072] [lifecycle_manager_navigation]: [34m[1mCreating and initializing lifecycle service clients[0m[0m
[behavior_server-10] [INFO] [1789640573.947133978] [behavior_server]: 
[behavior_server-10] 	behavior_server lifecycle node launched. 
[behavior_server-10] 	Waiting on external lifecycle transitions to activate
[behavior_server-10] 	See https://design.ros2.org/articles/node_lifecycle.html for more information.
[planner_server-9] [INFO] [1789640573.957160464] [global_costmap.global_costmap]: 
[planner_server-9] 	global_costmap lifecycle node launched. 
[planner_server-9] 	Waiting on external lifecycle transitions to activate
[planner_server-9] 	See https://design.ros2.org/articles/node_lifecycle.html for more information.
[planner_server-9] [INFO] [1789640573.957787672] [global_costmap.global_costmap]: Creating Costmap
[swerve_bridge_node-14] Traceback (most recent call last):
[swerve_bridge_node-14]   File "/home/yahboom/swerve_bringup/install/swerve_bridge/lib/swerve_bridge/swerve_bridge_node", line 33, in <module>
[swerve_bridge_node-14]     sys.exit(load_entry_point('swerve-bridge', 'console_scripts', 'swerve_bridge_node')())
[swerve_bridge_node-14]   File "/home/yahboom/swerve_bringup/install/swerve_bridge/lib/swerve_bridge/swerve_bridge_node", line 22, in importlib_load_entry_point
[swerve_bridge_node-14]     for entry_point in distribution(dist_name).entry_points
[swerve_bridge_node-14]   File "/usr/lib/python3.10/importlib/metadata/__init__.py", line 969, in distribution
[swerve_bridge_node-14]     return Distribution.from_name(distribution_name)
[swerve_bridge_node-14]   File "/usr/lib/python3.10/importlib/metadata/__init__.py", line 548, in from_name
[swerve_bridge_node-14]     raise PackageNotFoundError(name)
[swerve_bridge_node-14] importlib.metadata.PackageNotFoundError: No package metadata was found for swerve-bridge
[controller_server-8] [INFO] [1789640574.068831183] [controller_server]: 
[controller_server-8] 	controller_server lifecycle node launched. 
[controller_server-8] 	Waiting on external lifecycle transitions to activate
[controller_server-8] 	See https://design.ros2.org/articles/node_lifecycle.html for more information.
[ERROR] [swerve_bridge_node-14]: process has died [pid 173279, exit code 1, cmd '/home/yahboom/swerve_bringup/install/swerve_bridge/lib/swerve_bridge/swerve_bridge_node --ros-args -r __node:=swerve_bridge --params-file /home/yahboom/swerve_bringup/install/swerve_bridge/share/swerve_bridge/config/bridge.yaml --params-file /tmp/launch_params_zlvwrcp6'].
[controller_server-8] [INFO] [1789640574.083715677] [controller_server]: Creating controller server
[waypoint_follower-12] [INFO] [1789640574.146902871] [waypoint_follower]: 
[waypoint_follower-12] 	waypoint_follower lifecycle node launched. 
[waypoint_follower-12] 	Waiting on external lifecycle transitions to activate
[waypoint_follower-12] 	See https://design.ros2.org/articles/node_lifecycle.html for more information.
[waypoint_follower-12] [INFO] [1789640574.147555571] [waypoint_follower]: Creating
[controller_server-8] [INFO] [1789640574.312744245] [local_costmap.local_costmap]: 
[controller_server-8] 	local_costmap lifecycle node launched. 
[controller_server-8] 	Waiting on external lifecycle transitions to activate
[controller_server-8] 	See https://design.ros2.org/articles/node_lifecycle.html for more information.
[controller_server-8] [INFO] [1789640574.313267561] [local_costmap.local_costmap]: Creating Costmap
[lifecycle_manager-13] [INFO] [1789640574.706371511] [lifecycle_manager_navigation]: [34m[1mStarting managed nodes bringup...[0m[0m
[lifecycle_manager-13] [INFO] [1789640574.706454932] [lifecycle_manager_navigation]: [34m[1mConfiguring map_server[0m[0m
[map_server-7] [INFO] [1789640574.709322943] [map_server]: Configuring
[map_server-7] [INFO] [1789640574.709422008] [map_io]: Loading yaml file: /home/yahboom/swerve_bringup/install/swerve_bringup/share/swerve_bringup/swerve_navigation/maps/warehouse.yaml
[map_server-7] [INFO] [1789640574.713344548] [map_io]: resolution: 0.05
[map_server-7] [INFO] [1789640574.713364704] [map_io]: origin[0]: -17.2
[map_server-7] [INFO] [1789640574.713371285] [map_io]: origin[1]: -17.4
[map_server-7] [INFO] [1789640574.713376720] [map_io]: origin[2]: 0
[map_server-7] [INFO] [1789640574.713382374] [map_io]: free_thresh: 0.25
[map_server-7] [INFO] [1789640574.713388006] [map_io]: occupied_thresh: 0.65
[map_server-7] [INFO] [1789640574.713394585] [map_io]: mode: trinary
[map_server-7] [INFO] [1789640574.713400034] [map_io]: negate: 0
[map_server-7] [INFO] [1789640574.719818058] [map_io]: Loading image_file: /home/yahboom/swerve_bringup/install/swerve_bringup/share/swerve_bringup/swerve_navigation/maps/warehouse.pgm
[map_server-7] [INFO] [1789640574.865295363] [map_io]: Read map /home/yahboom/swerve_bringup/install/swerve_bringup/share/swerve_bringup/swerve_navigation/maps/warehouse.pgm: 676 X 680 map @ 0.05 m/cell
[lifecycle_manager-13] [INFO] [1789640575.022160794] [lifecycle_manager_navigation]: [34m[1mConfiguring controller_server[0m[0m
[controller_server-8] [INFO] [1789640575.036667015] [controller_server]: Configuring controller interface
[controller_server-8] [INFO] [1789640575.045775436] [controller_server]: getting goal checker plugins..
[controller_server-8] [INFO] [1789640575.053125792] [controller_server]: Controller frequency set to 10.0000Hz
[controller_server-8] [INFO] [1789640575.053218331] [local_costmap.local_costmap]: Configuring
[spawn_entity.py-3] [INFO] [1789640575.123849820] [spawn_swerve]: Spawn Entity started
[spawn_entity.py-3] [INFO] [1789640575.129624604] [spawn_swerve]: Loading entity published on topic robot_description
[controller_server-8] [INFO] [1789640575.141232992] [local_costmap.local_costmap]: Using plugin "voxel_layer"
[spawn_entity.py-3] [INFO] [1789640575.150184748] [spawn_swerve]: Waiting for entity xml on robot_description
[controller_server-8] [INFO] [1789640575.158805206] [local_costmap.local_costmap]: Subscribed to Topics: lidar3d scan
[spawn_entity.py-3] [INFO] [1789640575.167902047] [spawn_swerve]: Waiting for service /spawn_entity, timeout = 30
[spawn_entity.py-3] [INFO] [1789640575.168274458] [spawn_swerve]: Waiting for service /spawn_entity
[controller_server-8] [INFO] [1789640575.221547440] [local_costmap.local_costmap]: Initialized plugin "voxel_layer"
[controller_server-8] [INFO] [1789640575.221594979] [local_costmap.local_costmap]: Using plugin "inflation_layer"
[controller_server-8] [INFO] [1789640575.227125653] [local_costmap.local_costmap]: Initialized plugin "inflation_layer"
[controller_server-8] [INFO] [1789640575.305088248] [controller_server]: Created progress_checker : progress_checker of type nav2_controller::SimpleProgressChecker
[controller_server-8] [INFO] [1789640575.308454605] [controller_server]: Created goal checker : general_goal_checker of type nav2_controller::SimpleGoalChecker
[controller_server-8] [INFO] [1789640575.308699484] [controller_server]: Controller Server has general_goal_checker  goal checkers available.
[controller_server-8] [INFO] [1789640575.310512960] [controller_server]: Created controller : FollowPath of type dwb_core::DWBLocalPlanner
[controller_server-8] [INFO] [1789640575.324930120] [controller_server]: Setting transform_tolerance to 0.200000
[controller_server-8] [INFO] [1789640575.399526922] [controller_server]: Using critic "RotateToGoal" (dwb_critics::RotateToGoalCritic)
[controller_server-8] [INFO] [1789640575.410211037] [controller_server]: Critic plugin initialized
[controller_server-8] [INFO] [1789640575.414213168] [controller_server]: Using critic "Oscillation" (dwb_critics::OscillationCritic)
[controller_server-8] [INFO] [1789640575.425166834] [controller_server]: Critic plugin initialized
[controller_server-8] [INFO] [1789640575.425289861] [controller_server]: Using critic "BaseObstacle" (dwb_critics::BaseObstacleCritic)
[controller_server-8] [INFO] [1789640575.425403161] [controller_server]: Critic plugin initialized
[controller_server-8] [INFO] [1789640575.425473758] [controller_server]: Using critic "GoalAlign" (dwb_critics::GoalAlignCritic)
[controller_server-8] [INFO] [1789640575.435344113] [controller_server]: Critic plugin initialized
[controller_server-8] [INFO] [1789640575.435541512] [controller_server]: Using critic "PathAlign" (dwb_critics::PathAlignCritic)
[controller_server-8] [INFO] [1789640575.439428825] [controller_server]: Critic plugin initialized
[controller_server-8] [INFO] [1789640575.440592373] [controller_server]: Using critic "PathDist" (dwb_critics::PathDistCritic)
[controller_server-8] [INFO] [1789640575.442183473] [controller_server]: Critic plugin initialized
[controller_server-8] [INFO] [1789640575.444685235] [controller_server]: Using critic "GoalDist" (dwb_critics::GoalDistCritic)
[controller_server-8] [INFO] [1789640575.446331487] [controller_server]: Critic plugin initialized
[controller_server-8] [INFO] [1789640575.446388312] [controller_server]: Controller Server has FollowPath  controllers available.
[v30e_sim_node-5] [INFO] [1789640575.487796412] [v30e_sim_node]: Using Gazebo /get_entity_state internally; odometry is not a V30E measurement input
[lifecycle_manager-13] [INFO] [1789640575.532737817] [lifecycle_manager_navigation]: [34m[1mConfiguring planner_server[0m[0m
[planner_server-9] [INFO] [1789640575.533366131] [planner_server]: Configuring
[planner_server-9] [INFO] [1789640575.533417207] [global_costmap.global_costmap]: Configuring
[planner_server-9] [INFO] [1789640575.587475044] [global_costmap.global_costmap]: Using plugin "static_layer"
[planner_server-9] [INFO] [1789640575.600178638] [global_costmap.global_costmap]: Subscribing to the map topic (/map) with transient local durability
[planner_server-9] [INFO] [1789640575.609691201] [global_costmap.global_costmap]: Initialized plugin "static_layer"
[planner_server-9] [INFO] [1789640575.609756246] [global_costmap.global_costmap]: Using plugin "obstacle_layer"
[planner_server-9] [INFO] [1789640575.614745057] [global_costmap.global_costmap]: Subscribed to Topics: scan
[planner_server-9] [INFO] [1789640575.634785836] [global_costmap.global_costmap]: Initialized plugin "obstacle_layer"
[planner_server-9] [INFO] [1789640575.634855843] [global_costmap.global_costmap]: Using plugin "inflation_layer"
[planner_server-9] [INFO] [1789640575.639460602] [global_costmap.global_costmap]: Initialized plugin "inflation_layer"
[planner_server-9] [INFO] [1789640575.707204433] [planner_server]: Created global planner plugin GridBased of type nav2_navfn_planner/NavfnPlanner
[planner_server-9] [INFO] [1789640575.707280897] [planner_server]: Configuring plugin GridBased of type NavfnPlanner
[planner_server-9] [INFO] [1789640575.707609565] [planner_server]: Planner Server has GridBased  planners available.
[lifecycle_manager-13] [INFO] [1789640575.795572821] [lifecycle_manager_navigation]: [34m[1mConfiguring behavior_server[0m[0m
[behavior_server-10] [INFO] [1789640575.796359644] [behavior_server]: Configuring
[behavior_server-10] [INFO] [1789640575.853668702] [behavior_server]: Creating behavior plugin spin of type nav2_behaviors/Spin
[behavior_server-10] [INFO] [1789640575.854740712] [behavior_server]: Configuring spin
[behavior_server-10] [INFO] [1789640575.892315721] [behavior_server]: Creating behavior plugin backup of type nav2_behaviors/BackUp
[behavior_server-10] [INFO] [1789640575.893183291] [behavior_server]: Configuring backup
[behavior_server-10] [INFO] [1789640575.929532536] [behavior_server]: Creating behavior plugin drive_on_heading of type nav2_behaviors/DriveOnHeading
[behavior_server-10] [INFO] [1789640575.934565454] [behavior_server]: Configuring drive_on_heading
[behavior_server-10] [INFO] [1789640575.987170711] [behavior_server]: Creating behavior plugin wait of type nav2_behaviors/Wait
[behavior_server-10] [INFO] [1789640575.988010260] [behavior_server]: Configuring wait
[lifecycle_manager-13] [INFO] [1789640576.050390086] [lifecycle_manager_navigation]: [34m[1mConfiguring bt_navigator[0m[0m
[bt_navigator-11] [INFO] [1789640576.051693082] [bt_navigator]: Configuring
[lifecycle_manager-13] [INFO] [1789640576.505236808] [lifecycle_manager_navigation]: [34m[1mConfiguring waypoint_follower[0m[0m
[waypoint_follower-12] [INFO] [1789640576.505739672] [waypoint_follower]: Configuring
[waypoint_follower-12] [INFO] [1789640576.578160109] [waypoint_follower]: Created waypoint_task_executor : wait_at_waypoint of type nav2_waypoint_follower::WaitAtWaypoint
[waypoint_follower-12] [INFO] [1789640576.587648084] [waypoint_follower]: Waypoint pause duration is set to zero, disabling task executor plugin.
[lifecycle_manager-13] [INFO] [1789640576.600158291] [lifecycle_manager_navigation]: [34m[1mActivating map_server[0m[0m
[map_server-7] [INFO] [1789640576.600787579] [map_server]: Activating
[map_server-7] [INFO] [1789640576.601763926] [map_server]: Creating bond (map_server) to lifecycle manager.
[planner_server-9] [INFO] [1789640576.602783070] [global_costmap.global_costmap]: StaticLayer: Resizing costmap to 676 X 680 at 0.050000 m/pix
[lifecycle_manager-13] [INFO] [1789640576.731204547] [lifecycle_manager_navigation]: Server map_server connected with bond.
[lifecycle_manager-13] [INFO] [1789640576.731280403] [lifecycle_manager_navigation]: [34m[1mActivating controller_server[0m[0m
[controller_server-8] [INFO] [1789640576.731748019] [controller_server]: Activating
[controller_server-8] [INFO] [1789640576.731808875] [local_costmap.local_costmap]: Activating
[controller_server-8] [INFO] [1789640576.731826329] [local_costmap.local_costmap]: Checking transform
[controller_server-8] [INFO] [1789640576.731862253] [local_costmap.local_costmap]: Timed out waiting for transform from base_footprint to odom to become available, tf error: Invalid frame ID "odom" passed to canTransform argument target_frame - frame does not exist
[controller_server-8] [INFO] [1789640577.233604331] [local_costmap.local_costmap]: Timed out waiting for transform from base_footprint to odom to become available, tf error: Invalid frame ID "odom" passed to canTransform argument target_frame - frame does not exist
[controller_server-8] [INFO] [1789640577.732057910] [local_costmap.local_costmap]: Timed out waiting for transform from base_footprint to odom to become available, tf error: Invalid frame ID "odom" passed to canTransform argument target_frame - frame does not exist
[controller_server-8] [INFO] [1789640578.233209105] [local_costmap.local_costmap]: Timed out waiting for transform from base_footprint to odom to become available, tf error: Invalid frame ID "odom" passed to canTransform argument target_frame - frame does not exist
[controller_server-8] [INFO] [1789640578.734431198] [local_costmap.local_costmap]: Timed out waiting for transform from base_footprint to odom to become available, tf error: Invalid frame ID "odom" passed to canTransform argument target_frame - frame does not exist
[controller_server-8] [INFO] [1789640579.232668358] [local_costmap.local_costmap]: Timed out waiting for transform from base_footprint to odom to become available, tf error: Invalid frame ID "odom" passed to canTransform argument target_frame - frame does not exist
[controller_server-8] [INFO] [1789640579.731910180] [local_costmap.local_costmap]: Timed out waiting for transform from base_footprint to odom to become available, tf error: Invalid frame ID "odom" passed to canTransform argument target_frame - frame does not exist
[controller_server-8] [INFO] [1789640580.232341442] [local_costmap.local_costmap]: Timed out waiting for transform from base_footprint to odom to become available, tf error: Invalid frame ID "odom" passed to canTransform argument target_frame - frame does not exist
[controller_server-8] [INFO] [1789640580.732979745] [local_costmap.local_costmap]: Timed out waiting for transform from base_footprint to odom to become available, tf error: Invalid frame ID "odom" passed to canTransform argument target_frame - frame does not exist
[controller_server-8] [INFO] [1789640581.232442199] [local_costmap.local_costmap]: Timed out waiting for transform from base_footprint to odom to become available, tf error: Invalid frame ID "odom" passed to canTransform argument target_frame - frame does not exist
[spawn_entity.py-3] [INFO] [1789640581.248586766] [spawn_swerve]: Calling service /spawn_entity
[gzserver-1] [INFO] [1789640581.466068157] [gazebo_ros_state]: Publishing states of gazebo models at [/model_states]
[gzserver-1] [INFO] [1789640581.469854796] [gazebo_ros_state]: Publishing states of gazebo links at [/link_states]
[controller_server-8] [INFO] [1789640581.732777450] [local_costmap.local_costmap]: Timed out waiting for transform from base_footprint to odom to become available, tf error: Invalid frame ID "odom" passed to canTransform argument target_frame - frame does not exist
[gzserver-1] [INFO] [1789640581.911811399] [imu.imu_ros]: <initial_orientation_as_reference> is unset, using default value of false to comply with REP 145 (world as orientation reference)
[controller_server-8] [INFO] [1789640582.237329570] [local_costmap.local_costmap]: Timed out waiting for transform from base_footprint to odom to become available, tf error: Invalid frame ID "odom" passed to canTransform argument target_frame - frame does not exist
[controller_server-8] [INFO] [1789640582.733411548] [local_costmap.local_costmap]: Timed out waiting for transform from base_footprint to odom to become available, tf error: Invalid frame ID "odom" passed to canTransform argument target_frame - frame does not exist
[controller_server-8] [INFO] [1789640583.234198081] [local_costmap.local_costmap]: Timed out waiting for transform from base_footprint to odom to become available, tf error: Invalid frame ID "odom" passed to canTransform argument target_frame - frame does not exist
[controller_server-8] [INFO] [1789640583.733729946] [local_costmap.local_costmap]: Timed out waiting for transform from base_footprint to odom to become available, tf error: Invalid frame ID "odom" passed to canTransform argument target_frame - frame does not exist
[controller_server-8] [INFO] [1789640584.232462890] [local_costmap.local_costmap]: Timed out waiting for transform from base_footprint to odom to become available, tf error: Invalid frame ID "odom" passed to canTransform argument target_frame - frame does not exist
[controller_server-8] [INFO] [1789640584.732338985] [local_costmap.local_costmap]: Timed out waiting for transform from base_footprint to odom to become available, tf error: Invalid frame ID "odom" passed to canTransform argument target_frame - frame does not exist
[controller_server-8] [INFO] [1789640585.232536116] [local_costmap.local_costmap]: Timed out waiting for transform from base_footprint to odom to become available, tf error: Invalid frame ID "odom" passed to canTransform argument target_frame - frame does not exist
[controller_server-8] [INFO] [1789640585.732934155] [local_costmap.local_costmap]: Timed out waiting for transform from base_footprint to odom to become available, tf error: Invalid frame ID "odom" passed to canTransform argument target_frame - frame does not exist
[controller_server-8] [INFO] [1789640586.232448658] [local_costmap.local_costmap]: Timed out waiting for transform from base_footprint to odom to become available, tf error: Invalid frame ID "odom" passed to canTransform argument target_frame - frame does not exist
[controller_server-8] [INFO] [1789640586.732235673] [local_costmap.local_costmap]: Timed out waiting for transform from base_footprint to odom to become available, tf error: Invalid frame ID "odom" passed to canTransform argument target_frame - frame does not exist
[controller_server-8] [INFO] [1789640587.232176287] [local_costmap.local_costmap]: Timed out waiting for transform from base_footprint to odom to become available, tf error: Invalid frame ID "odom" passed to canTransform argument target_frame - frame does not exist
[controller_server-8] [INFO] [1789640587.733386237] [local_costmap.local_costmap]: Timed out waiting for transform from base_footprint to odom to become available, tf error: Invalid frame ID "odom" passed to canTransform argument target_frame - frame does not exist
[controller_server-8] [INFO] [1789640588.233598877] [local_costmap.local_costmap]: Timed out waiting for transform from base_footprint to odom to become available, tf error: Invalid frame ID "odom" passed to canTransform argument target_frame - frame does not exist
[controller_server-8] [INFO] [1789640588.732320420] [local_costmap.local_costmap]: Timed out waiting for transform from base_footprint to odom to become available, tf error: Invalid frame ID "odom" passed to canTransform argument target_frame - frame does not exist
[controller_server-8] [INFO] [1789640589.233053299] [local_costmap.local_costmap]: Timed out waiting for transform from base_footprint to odom to become available, tf error: Invalid frame ID "odom" passed to canTransform argument target_frame - frame does not exist
[controller_server-8] [INFO] [1789640589.732168326] [local_costmap.local_costmap]: Timed out waiting for transform from base_footprint to odom to become available, tf error: Invalid frame ID "odom" passed to canTransform argument target_frame - frame does not exist
[controller_server-8] [INFO] [1789640590.232249957] [local_costmap.local_costmap]: Timed out waiting for transform from base_footprint to odom to become available, tf error: Invalid frame ID "odom" passed to canTransform argument target_frame - frame does not exist
[controller_server-8] [INFO] [1789640590.732565428] [local_costmap.local_costmap]: Timed out waiting for transform from base_footprint to odom to become available, tf error: Invalid frame ID "odom" passed to canTransform argument target_frame - frame does not exist
[controller_server-8] [INFO] [1789640591.232658740] [local_costmap.local_costmap]: Timed out waiting for transform from base_footprint to odom to become available, tf error: Invalid frame ID "odom" passed to canTransform argument target_frame - frame does not exist
[controller_server-8] [INFO] [1789640591.732866197] [local_costmap.local_costmap]: Timed out waiting for transform from base_footprint to odom to become available, tf error: Invalid frame ID "odom" passed to canTransform argument target_frame - frame does not exist
[controller_server-8] [INFO] [1789640592.233980697] [local_costmap.local_costmap]: Timed out waiting for transform from base_footprint to odom to become available, tf error: Invalid frame ID "odom" passed to canTransform argument target_frame - frame does not exist
[controller_server-8] [INFO] [1789640592.732885656] [local_costmap.local_costmap]: Timed out waiting for transform from base_footprint to odom to become available, tf error: Invalid frame ID "odom" passed to canTransform argument target_frame - frame does not exist
[controller_server-8] [INFO] [1789640593.232936458] [local_costmap.local_costmap]: Timed out waiting for transform from base_footprint to odom to become available, tf error: Invalid frame ID "odom" passed to canTransform argument target_frame - frame does not exist
[controller_server-8] [INFO] [1789640593.732214076] [local_costmap.local_costmap]: Timed out waiting for transform from base_footprint to odom to become available, tf error: Invalid frame ID "odom" passed to canTransform argument target_frame - frame does not exist
[controller_server-8] [INFO] [1789640594.232758709] [local_costmap.local_costmap]: Timed out waiting for transform from base_footprint to odom to become available, tf error: Invalid frame ID "odom" passed to canTransform argument target_frame - frame does not exist
[controller_server-8] [INFO] [1789640594.732283697] [local_costmap.local_costmap]: Timed out waiting for transform from base_footprint to odom to become available, tf error: Invalid frame ID "odom" passed to canTransform argument target_frame - frame does not exist
[controller_server-8] [INFO] [1789640595.232656322] [local_costmap.local_costmap]: Timed out waiting for transform from base_footprint to odom to become available, tf error: Invalid frame ID "odom" passed to canTransform argument target_frame - frame does not exist
[spawn_entity.py-3] [INFO] [1789640595.726919820] [spawn_swerve]: Spawn status: SpawnEntity: Successfully spawned entity [swerve_base]
[controller_server-8] [INFO] [1789640595.738794183] [local_costmap.local_costmap]: Timed out waiting for transform from base_footprint to odom to become available, tf error: Invalid frame ID "odom" passed to canTransform argument target_frame - frame does not exist
[gzserver-1] [INFO] [1789640596.020915409] [gazebo_ros2_control]: Loading gazebo_ros2_control plugin
[controller_server-8] [INFO] [1789640596.232746912] [local_costmap.local_costmap]: Timed out waiting for transform from base_footprint to odom to become available, tf error: Invalid frame ID "odom" passed to canTransform argument target_frame - frame does not exist
[gzserver-1] [INFO] [1789640596.243429970] [gazebo_ros2_control]: Starting gazebo_ros2_control plugin in namespace: /
[gzserver-1] [INFO] [1789640596.244373052] [gazebo_ros2_control]: Starting gazebo_ros2_control plugin in ros 2 node: gazebo_ros2_control
[INFO] [spawn_entity.py-3]: process has finished cleanly [pid 173221]
[gzserver-1] [INFO] [1789640596.341611849] [gazebo_ros2_control]: connected to service!! robot_state_publisher
[gzserver-1] [INFO] [1789640596.347745203] [gazebo_ros2_control]: Received urdf from param server, parsing...
[gzserver-1] [INFO] [1789640596.347865725] [gazebo_ros2_control]: Loading parameter files /home/yahboom/swerve_bringup/install/swerve_bringup/share/swerve_bringup/config/controllers.yaml
[INFO] [spawner-15]: process started with pid [173539]
[gzserver-1] [INFO] [1789640596.389376431] [gazebo_ros2_control]: Loading joint: steer_front_joint
[gzserver-1] [INFO] [1789640596.389460580] [gazebo_ros2_control]: 	State:
[gzserver-1] [INFO] [1789640596.389480064] [gazebo_ros2_control]: 		 position
[gzserver-1] [INFO] [1789640596.389494322] [gazebo_ros2_control]: 		 velocity
[gzserver-1] [INFO] [1789640596.389504621] [gazebo_ros2_control]: 	Command:
[gzserver-1] [INFO] [1789640596.389514894] [gazebo_ros2_control]: 		 position
[gzserver-1] [INFO] [1789640596.395928317] [gazebo_ros2_control]: Loading joint: steer_rear_joint
[gzserver-1] [INFO] [1789640596.395994310] [gazebo_ros2_control]: 	State:
[gzserver-1] [INFO] [1789640596.396008743] [gazebo_ros2_control]: 		 position
[gzserver-1] [INFO] [1789640596.396019641] [gazebo_ros2_control]: 		 velocity
[gzserver-1] [INFO] [1789640596.396029323] [gazebo_ros2_control]: 	Command:
[gzserver-1] [INFO] [1789640596.396038247] [gazebo_ros2_control]: 		 position
[gzserver-1] [INFO] [1789640596.401254065] [gazebo_ros2_control]: Loading joint: wheel_front_drive_joint
[gzserver-1] [INFO] [1789640596.401301056] [gazebo_ros2_control]: 	State:
[gzserver-1] [INFO] [1789640596.401314526] [gazebo_ros2_control]: 		 position
[gzserver-1] [INFO] [1789640596.401325921] [gazebo_ros2_control]: 		 velocity
[gzserver-1] [INFO] [1789640596.401335635] [gazebo_ros2_control]: 	Command:
[gzserver-1] [INFO] [1789640596.401351969] [gazebo_ros2_control]: 		 velocity
[gzserver-1] [INFO] [1789640596.410571901] [gazebo_ros2_control]: Loading joint: wheel_rear_drive_joint
[gzserver-1] [INFO] [1789640596.410705267] [gazebo_ros2_control]: 	State:
[gzserver-1] [INFO] [1789640596.410723608] [gazebo_ros2_control]: 		 position
[gzserver-1] [INFO] [1789640596.410736945] [gazebo_ros2_control]: 		 velocity
[gzserver-1] [INFO] [1789640596.410746781] [gazebo_ros2_control]: 	Command:
[gzserver-1] [INFO] [1789640596.410779199] [gazebo_ros2_control]: 		 velocity
[gzserver-1] [INFO] [1789640596.420631390] [resource_manager]: Initialize hardware 'GazeboSystem' 
[gzserver-1] [INFO] [1789640596.420941171] [resource_manager]: Successful initialization of hardware 'GazeboSystem'
[gzserver-1] [INFO] [1789640596.421090746] [resource_manager]: 'configure' hardware 'GazeboSystem' 
[gzserver-1] [INFO] [1789640596.421108184] [resource_manager]: Successful 'configure' of hardware 'GazeboSystem'
[gzserver-1] [INFO] [1789640596.421117349] [resource_manager]: 'activate' hardware 'GazeboSystem' 
[gzserver-1] [INFO] [1789640596.421124927] [resource_manager]: Successful 'activate' of hardware 'GazeboSystem'
[gzserver-1] [INFO] [1789640596.421243982] [gazebo_ros2_control]: Loading controller_manager
[gzserver-1] [WARN] [1789640596.621927606] [gazebo_ros2_control]:  Desired controller update period (0.01 s) is slower than the gazebo simulation period (0.001 s).
[gzserver-1] [INFO] [1789640596.624520518] [gazebo_ros2_control]: Loaded gazebo_ros2_control.
[controller_server-8] [INFO] [1789640596.737013549] [local_costmap.local_costmap]: Timed out waiting for transform from base_footprint to odom to become available, tf error: Invalid frame ID "odom" passed to canTransform argument target_frame - frame does not exist
[controller_server-8] [INFO] [1789640597.233484087] [local_costmap.local_costmap]: start
[spawner-15] [INFO] [1789640597.348200251] [spawn_joint_state_broadcaster]: waiting for service /controller_manager/list_controllers to become available...
[controller_server-8] [INFO] [1789640597.404342391] [controller_server]: Creating bond (controller_server) to lifecycle manager.
[lifecycle_manager-13] [INFO] [1789640597.539268696] [lifecycle_manager_navigation]: Server controller_server connected with bond.
[lifecycle_manager-13] [INFO] [1789640597.539399708] [lifecycle_manager_navigation]: [34m[1mActivating planner_server[0m[0m
[planner_server-9] [INFO] [1789640597.539924740] [planner_server]: Activating
[planner_server-9] [INFO] [1789640597.540018954] [global_costmap.global_costmap]: Activating
[planner_server-9] [INFO] [1789640597.540062936] [global_costmap.global_costmap]: Checking transform
[planner_server-9] [INFO] [1789640597.540243013] [global_costmap.global_costmap]: start
[planner_server-9] [INFO] [1789640598.095720778] [planner_server]: Activating plugin GridBased of type NavfnPlanner
[planner_server-9] [INFO] [1789640598.164542339] [planner_server]: Creating bond (planner_server) to lifecycle manager.
[lifecycle_manager-13] [INFO] [1789640598.394965940] [lifecycle_manager_navigation]: Server planner_server connected with bond.
[lifecycle_manager-13] [INFO] [1789640598.395025720] [lifecycle_manager_navigation]: [34m[1mActivating behavior_server[0m[0m
[behavior_server-10] [INFO] [1789640598.396785119] [behavior_server]: Activating
[behavior_server-10] [INFO] [1789640598.396836529] [behavior_server]: Activating spin
[behavior_server-10] [INFO] [1789640598.396857344] [behavior_server]: Activating backup
[behavior_server-10] [INFO] [1789640598.396868753] [behavior_server]: Activating drive_on_heading
[behavior_server-10] [INFO] [1789640598.396879516] [behavior_server]: Activating wait
[behavior_server-10] [INFO] [1789640598.396901699] [behavior_server]: Creating bond (behavior_server) to lifecycle manager.
[lifecycle_manager-13] [INFO] [1789640598.519724232] [lifecycle_manager_navigation]: Server behavior_server connected with bond.
[lifecycle_manager-13] [INFO] [1789640598.519786463] [lifecycle_manager_navigation]: [34m[1mActivating bt_navigator[0m[0m
[bt_navigator-11] [INFO] [1789640598.522849496] [bt_navigator]: Activating
[bt_navigator-11] [INFO] [1789640599.146788111] [bt_navigator]: Creating bond (bt_navigator) to lifecycle manager.
[lifecycle_manager-13] [INFO] [1789640599.292747576] [lifecycle_manager_navigation]: Server bt_navigator connected with bond.
[lifecycle_manager-13] [INFO] [1789640599.292835110] [lifecycle_manager_navigation]: [34m[1mActivating waypoint_follower[0m[0m
[waypoint_follower-12] [INFO] [1789640599.293243174] [waypoint_follower]: Activating
[waypoint_follower-12] [INFO] [1789640599.293306362] [waypoint_follower]: Creating bond (waypoint_follower) to lifecycle manager.
[gzserver-1] [INFO] [1789640599.385527295] [controller_manager]: Loading controller 'joint_state_broadcaster'
[lifecycle_manager-13] [INFO] [1789640599.423944048] [lifecycle_manager_navigation]: Server waypoint_follower connected with bond.
[lifecycle_manager-13] [INFO] [1789640599.424012505] [lifecycle_manager_navigation]: [34m[1mManaged nodes are active[0m[0m
[lifecycle_manager-13] [INFO] [1789640599.424029077] [lifecycle_manager_navigation]: [34m[1mCreating bond timer...[0m[0m
[spawner-15] [INFO] [1789640599.592048871] [spawn_joint_state_broadcaster]: [94mLoaded [1mjoint_state_broadcaster[0m
[gzserver-1] [INFO] [1789640599.597774292] [controller_manager]: Configuring controller 'joint_state_broadcaster'
[gzserver-1] [INFO] [1789640599.598248644] [joint_state_broadcaster]: 'joints' or 'interfaces' parameter is empty. All available state interfaces will be published
[spawner-15] [INFO] [1789640599.978909993] [spawn_joint_state_broadcaster]: [92mConfigured and activated [1mjoint_state_broadcaster[0m
[INFO] [spawner-15]: process has finished cleanly [pid 173539]
[INFO] [spawner-16]: process started with pid [173626]
[spawner-16] [INFO] [1789640601.466354033] [spawn_steering_controller]: waiting for service /controller_manager/list_controllers to become available...
[gzserver-1] [INFO] [1789640602.576950189] [controller_manager]: Loading controller 'steering_controller'
[spawner-16] [INFO] [1789640602.914130266] [spawn_steering_controller]: [94mLoaded [1msteering_controller[0m
[gzserver-1] [INFO] [1789640602.926634366] [controller_manager]: Configuring controller 'steering_controller'
[gzserver-1] [INFO] [1789640602.948452121] [steering_controller]: configure successful
[gzserver-1] [INFO] [1789640602.988736371] [steering_controller]: activate successful
[spawner-16] [INFO] [1789640603.011220248] [spawn_steering_controller]: [92mConfigured and activated [1msteering_controller[0m
[INFO] [spawner-16]: process has finished cleanly [pid 173626]
[INFO] [spawner-17]: process started with pid [173702]
[spawner-17] [INFO] [1789640605.121977837] [spawn_drive_controller]: waiting for service /controller_manager/list_controllers to become available...
[gzserver-1] [INFO] [1789640605.299391572] [controller_manager]: Loading controller 'drive_controller'
[spawner-17] [INFO] [1789640605.608504899] [spawn_drive_controller]: [94mLoaded [1mdrive_controller[0m
[gzserver-1] [INFO] [1789640605.621992282] [controller_manager]: Configuring controller 'drive_controller'
[gzserver-1] [INFO] [1789640605.626276569] [drive_controller]: configure successful
[gzserver-1] [INFO] [1789640605.650990479] [drive_controller]: activate successful
[spawner-17] [INFO] [1789640605.671208421] [spawn_drive_controller]: [92mConfigured and activated [1mdrive_controller[0m
[INFO] [spawner-17]: process has finished cleanly [pid 173702]
[INFO] [swerve_controller_node-18]: process started with pid [173719]
[INFO] [swerve_odometry_node-19]: process started with pid [173721]
[swerve_controller_node-18] [INFO] [1789640608.084817511] [swerve_controller]: Swerve controller ready: radius=0.0675 m, modules={'front': (0.300042, 0.0), 'rear': (-0.300042, 0.0)}
[swerve_odometry_node-19] [INFO] [1789640608.132175270] [swerve_odometry]: Encoder odometry ready: radius=0.0637 m, velocity_sign=+1.0
[lifecycle_manager-13] [INFO] [1789640658.809179147] [rclcpp]: signal_handler(signum=2)
[behavior_server-10] [INFO] [1789640658.809272757] [rclcpp]: signal_handler(signum=2)
[WARNING] [launch]: user interrupted with ctrl-c (SIGINT)
[waypoint_follower-12] [INFO] [1789640658.809642787] [rclcpp]: signal_handler(signum=2)
[bt_navigator-11] [INFO] [1789640658.809697355] [rclcpp]: signal_handler(signum=2)
[bt_navigator-11] [INFO] [1789640658.810519879] [bt_navigator]: Running Nav2 LifecycleNode rcl preshutdown (bt_navigator)
[map_server-7] [INFO] [1789640658.811253839] [rclcpp]: signal_handler(signum=2)
[map_server-7] [INFO] [1789640658.811434199] [map_server]: Running Nav2 LifecycleNode rcl preshutdown (map_server)
[map_server-7] [INFO] [1789640658.811534143] [map_server]: Deactivating
[map_server-7] [INFO] [1789640658.811570415] [map_server]: Destroying bond (map_server) to lifecycle manager.
[waypoint_follower-12] [INFO] [1789640658.811534247] [waypoint_follower]: Running Nav2 LifecycleNode rcl preshutdown (waypoint_follower)
[waypoint_follower-12] [INFO] [1789640658.811619467] [waypoint_follower]: Deactivating
[waypoint_follower-12] [INFO] [1789640658.811652051] [waypoint_follower]: Destroying bond (waypoint_follower) to lifecycle manager.
[behavior_server-10] [INFO] [1789640658.811775837] [behavior_server]: Running Nav2 LifecycleNode rcl preshutdown (behavior_server)
[ekf_node-6] [INFO] [1789640658.811788499] [rclcpp]: signal_handler(signum=2)
[ekf_node-4] [INFO] [1789640658.812145334] [rclcpp]: signal_handler(signum=2)
[robot_state_publisher-2] [INFO] [1789640658.812561423] [rclcpp]: signal_handler(signum=2)
[planner_server-9] [INFO] [1789640658.814466709] [rclcpp]: signal_handler(signum=2)
[planner_server-9] [INFO] [1789640658.814656524] [planner_server]: Running Nav2 LifecycleNode rcl preshutdown (planner_server)
[planner_server-9] [INFO] [1789640658.814733751] [planner_server]: Deactivating
[planner_server-9] [INFO] [1789640658.814775312] [global_costmap.global_costmap]: Deactivating
[controller_server-8] [INFO] [1789640658.815259206] [rclcpp]: signal_handler(signum=2)
[INFO] [swerve_odometry_node-19]: sending signal 'SIGINT' to process[swerve_odometry_node-19]
[INFO] [swerve_controller_node-18]: sending signal 'SIGINT' to process[swerve_controller_node-18]
[INFO] [lifecycle_manager-13]: sending signal 'SIGINT' to process[lifecycle_manager-13]
[INFO] [waypoint_follower-12]: sending signal 'SIGINT' to process[waypoint_follower-12]
[INFO] [bt_navigator-11]: sending signal 'SIGINT' to process[bt_navigator-11]
[INFO] [behavior_server-10]: sending signal 'SIGINT' to process[behavior_server-10]
[INFO] [planner_server-9]: sending signal 'SIGINT' to process[planner_server-9]
[INFO] [controller_server-8]: sending signal 'SIGINT' to process[controller_server-8]
[INFO] [map_server-7]: sending signal 'SIGINT' to process[map_server-7]
[INFO] [ekf_node-6]: sending signal 'SIGINT' to process[ekf_node-6]
[INFO] [v30e_sim_node-5]: sending signal 'SIGINT' to process[v30e_sim_node-5]
[INFO] [ekf_node-4]: sending signal 'SIGINT' to process[ekf_node-4]
[INFO] [robot_state_publisher-2]: sending signal 'SIGINT' to process[robot_state_publisher-2]
[ERROR] [ekf_node-6]: process has died [pid 173227, exit code -2, cmd '/opt/ros/humble/lib/robot_localization/ekf_node --ros-args -r __node:=ekf_v30e --params-file /home/yahboom/swerve_bringup/install/swerve_bringup/share/swerve_bringup/config/v30e_localization_ekf.yaml --params-file /tmp/launch_params_41ky643v -r odometry/filtered:=/odometry/v30e'].
[ERROR] [map_server-7]: process has died [pid 173233, exit code -2, cmd '/home/yahboom/cartoros2/install/nav2_map_server/lib/nav2_map_server/map_server --ros-args -r __node:=map_server --params-file /tmp/launch_params_a_lp8hah'].
[INFO] [gzserver-1]: sending signal 'SIGINT' to process[gzserver-1]
[controller_server-8] [INFO] [1789640658.817909431] [controller_server]: Running Nav2 LifecycleNode rcl preshutdown (controller_server)
[controller_server-8] [INFO] [1789640658.818010832] [controller_server]: Deactivating
[controller_server-8] [INFO] [1789640658.818122337] [local_costmap.local_costmap]: Deactivating
[behavior_server-10] [INFO] [1789640658.820492029] [behavior_server]: Deactivating
[behavior_server-10] [INFO] [1789640658.820536462] [behavior_server]: Destroying bond (behavior_server) to lifecycle manager.
[bt_navigator-11] [INFO] [1789640658.818255323] [bt_navigator]: Deactivating
[bt_navigator-11] [INFO] [1789640658.823314545] [bt_navigator]: Destroying bond (bt_navigator) to lifecycle manager.
[map_server-7] [INFO] [1789640658.846047488] [map_server]: Cleaning up
[map_server-7] [INFO] [1789640658.846175348] [map_server]: Destroying bond (map_server) to lifecycle manager.
[swerve_odometry_node-19] Traceback (most recent call last):
[swerve_odometry_node-19]   File "/home/yahboom/swerve_bringup/install/swerve_bringup/lib/swerve_bringup/swerve_odometry_node", line 221, in <module>
[swerve_odometry_node-19]     main()
[swerve_odometry_node-19]   File "/home/yahboom/swerve_bringup/install/swerve_bringup/lib/swerve_bringup/swerve_odometry_node", line 215, in main
[swerve_odometry_node-19]     node.destroy_node()
[swerve_odometry_node-19]   File "/opt/ros/humble/local/lib/python3.10/dist-packages/rclpy/node.py", line 1685, in destroy_node
[swerve_odometry_node-19]     self.destroy_publisher(self._publishers[0])
[swerve_odometry_node-19]   File "/opt/ros/humble/local/lib/python3.10/dist-packages/rclpy/node.py", line 1565, in destroy_publisher
[swerve_odometry_node-19]     publisher.destroy()
[swerve_odometry_node-19]   File "/opt/ros/humble/local/lib/python3.10/dist-packages/rclpy/publisher.py", line 99, in destroy
[swerve_odometry_node-19]     self.__publisher.destroy_when_not_in_use()
[swerve_odometry_node-19] KeyboardInterrupt
[behavior_server-10] [INFO] [1789640658.853228788] [behavior_server]: Cleaning up
[controller_server-8] [INFO] [1789640658.863688612] [controller_server]: Destroying bond (controller_server) to lifecycle manager.
[swerve_controller_node-18] Traceback (most recent call last):
[swerve_controller_node-18]   File "/home/yahboom/swerve_bringup/install/swerve_bringup/lib/swerve_bringup/swerve_controller_node", line 192, in <module>
[swerve_controller_node-18]     main()
[swerve_controller_node-18]   File "/home/yahboom/swerve_bringup/install/swerve_bringup/lib/swerve_bringup/swerve_controller_node", line 184, in main
[swerve_controller_node-18]     node.steer_pub.publish(Float64MultiArray(data=[
[swerve_controller_node-18]   File "/opt/ros/humble/local/lib/python3.10/dist-packages/rclpy/publisher.py", line 70, in publish
[swerve_controller_node-18]     self.__publisher.publish(msg)
[swerve_controller_node-18] rclpy._rclpy_pybind11.RCLError: Failed to publish: publisher's context is invalid, at ./src/rcl/publisher.c:389
[swerve_controller_node-18] Error in sys.excepthook:
[swerve_controller_node-18] Traceback (most recent call last):
[swerve_controller_node-18]   File "/usr/lib/python3/dist-packages/apport_python_hook.py", line 72, in apport_excepthook
[swerve_controller_node-18]     from apport.fileutils import likely_packaged, get_recent_crashes
[swerve_controller_node-18]   File "/usr/lib/python3/dist-packages/apport/__init__.py", line 5, in <module>
[swerve_controller_node-18]     from apport.report import Report
[swerve_controller_node-18]   File "/usr/lib/python3/dist-packages/apport/report.py", line 15, in <module>
[swerve_controller_node-18]     import xml.dom, xml.dom.minidom
[swerve_controller_node-18]   File "<frozen importlib._bootstrap>", line 1027, in _find_and_load
[swerve_controller_node-18]   File "<frozen importlib._bootstrap>", line 1006, in _find_and_load_unlocked
[swerve_controller_node-18]   File "<frozen importlib._bootstrap>", line 688, in _load_unlocked
[swerve_controller_node-18]   File "<frozen importlib._bootstrap_external>", line 879, in exec_module
[swerve_controller_node-18]   File "<frozen importlib._bootstrap_external>", line 1012, in get_code
[swerve_controller_node-18]   File "<frozen importlib._bootstrap_external>", line 672, in _compile_bytecode
[swerve_controller_node-18] KeyboardInterrupt
[swerve_controller_node-18] 
[swerve_controller_node-18] Original exception was:
[swerve_controller_node-18] Traceback (most recent call last):
[swerve_controller_node-18]   File "/home/yahboom/swerve_bringup/install/swerve_bringup/lib/swerve_bringup/swerve_controller_node", line 192, in <module>
[swerve_controller_node-18]     main()
[swerve_controller_node-18]   File "/home/yahboom/swerve_bringup/install/swerve_bringup/lib/swerve_bringup/swerve_controller_node", line 184, in main
[swerve_controller_node-18]     node.steer_pub.publish(Float64MultiArray(data=[
[swerve_controller_node-18]   File "/opt/ros/humble/local/lib/python3.10/dist-packages/rclpy/publisher.py", line 70, in publish
[swerve_controller_node-18]     self.__publisher.publish(msg)
[swerve_controller_node-18] rclpy._rclpy_pybind11.RCLError: Failed to publish: publisher's context is invalid, at ./src/rcl/publisher.c:389
[lifecycle_manager-13] [INFO] [1789640658.809328469] [lifecycle_manager_navigation]: Running Nav2 LifecycleManager rcl preshutdown (lifecycle_manager_navigation)
[lifecycle_manager-13] [INFO] [1789640658.877656315] [rclcpp]: signal_handler(signum=2)
[lifecycle_manager-13] 4m[1mTerminating bond timer...[0m[0m
[waypoint_follower-12] [INFO] [1789640658.884856179] [waypoint_follower]: Cleaning up
[waypoint_follower-12] [INFO] [1789640658.889709866] [rclcpp]: signal_handler(signum=2)
[bt_navigator-11] [INFO] [1789640658.894537232] [bt_navigator]: Cleaning up
[bt_navigator-11] [INFO] [1789640658.895462474] [rclcpp]: signal_handler(signum=2)
[controller_server-8] [INFO] [1789640658.898875246] [controller_server]: Cleaning up
[controller_server-8] [INFO] [1789640658.899018839] [local_costmap.local_costmap]: Cleaning up
[behavior_server-10] [INFO] [1789640658.901395221] [rclcpp]: signal_handler(signum=2)
[planner_server-9] [INFO] [1789640658.910655573] [rclcpp]: signal_handler(signum=2)
[controller_server-8] [INFO] [1789640658.919068696] [rclcpp]: signal_handler(signum=2)
[v30e_sim_node-5] Traceback (most recent call last):
[v30e_sim_node-5]   File "/home/yahboom/swerve_bringup/install/swerve_bringup/lib/swerve_bringup/v30e_sim_node", line 188, in <module>
[v30e_sim_node-5]     if __name__ == '__main__': main()
[v30e_sim_node-5]   File "/home/yahboom/swerve_bringup/install/swerve_bringup/lib/swerve_bringup/v30e_sim_node", line 185, in main
[v30e_sim_node-5]     node.destroy_node(); rclpy.shutdown()
[v30e_sim_node-5]   File "/opt/ros/humble/local/lib/python3.10/dist-packages/rclpy/node.py", line 1685, in destroy_node
[v30e_sim_node-5]     self.destroy_publisher(self._publishers[0])
[v30e_sim_node-5]   File "/opt/ros/humble/local/lib/python3.10/dist-packages/rclpy/node.py", line 1565, in destroy_publisher
[v30e_sim_node-5]     publisher.destroy()
[v30e_sim_node-5]   File "/opt/ros/humble/local/lib/python3.10/dist-packages/rclpy/publisher.py", line 99, in destroy
[v30e_sim_node-5]     self.__publisher.destroy_when_not_in_use()
[v30e_sim_node-5] KeyboardInterrupt
[robot_state_publisher-2] [INFO] [1789640658.957048424] [rclcpp]: signal_handler(signum=2)
[ERROR] [ekf_node-4]: process has died [pid 173223, exit code -2, cmd '/opt/ros/humble/lib/robot_localization/ekf_node --ros-args -r __node:=ekf_filter_node --params-file /home/yahboom/swerve_bringup/install/swerve_bringup/share/swerve_bringup/config/ekf.yaml --params-file /tmp/launch_params_tg1d484c -r /odom:=/odom -r /imu/data:=/imu/data'].
[planner_server-9] [INFO] [1789640659.043612408] [planner_server]: Deactivating plugin GridBased of type NavfnPlanner
[planner_server-9] [INFO] [1789640659.043729283] [planner_server]: Destroying bond (planner_server) to lifecycle manager.
[planner_server-9] [INFO] [1789640659.062479590] [planner_server]: Cleaning up
[waypoint_follower-12] [INFO] [1789640659.100939423] [waypoint_follower]: Destroying bond (waypoint_follower) to lifecycle manager.
[waypoint_follower-12] [INFO] [1789640659.111706508] [waypoint_follower]: Destroying
[behavior_server-10] [INFO] [1789640659.167570306] [behavior_server]: Destroying bond (behavior_server) to lifecycle manager.
[lifecycle_manager-13] [INFO] [1789640659.197937443] [lifecycle_manager_navigation]: Destroying lifecycle_manager_navigation
[ERROR] [swerve_odometry_node-19]: process has died [pid 173721, exit code -2, cmd '/home/yahboom/swerve_bringup/install/swerve_bringup/lib/swerve_bringup/swerve_odometry_node --ros-args -r __node:=swerve_odometry --params-file /home/yahboom/swerve_bringup/install/swerve_bringup/share/swerve_bringup/config/swerve_odometry.yaml --params-file /tmp/launch_params_lx3y_hej'].
[behavior_server-10] [INFO] [1789640659.258488609] [behavior_server]: Destroying
[planner_server-9] [INFO] [1789640659.272945541] [global_costmap.global_costmap]: Cleaning up
[ERROR] [swerve_controller_node-18]: process has died [pid 173719, exit code 1, cmd '/home/yahboom/swerve_bringup/install/swerve_bringup/lib/swerve_bringup/swerve_controller_node --ros-args -r __node:=swerve_controller --params-file /home/yahboom/swerve_bringup/install/swerve_bringup/share/swerve_bringup/config/swerve_controller.yaml --params-file /tmp/launch_params_rq4n4_c1'].
[controller_server-8] [INFO] [1789640659.324041820] [controller_server]: Destroying bond (controller_server) to lifecycle manager.
[ERROR] [v30e_sim_node-5]: process has died [pid 173225, exit code -2, cmd '/home/yahboom/swerve_bringup/install/swerve_bringup/lib/swerve_bringup/v30e_sim_node --ros-args -r __node:=v30e_sim_node --params-file /home/yahboom/swerve_bringup/install/swerve_bringup/share/swerve_bringup/config/v30e_sim.yaml --params-file /tmp/launch_params_v9hipbq9'].
[planner_server-9] [INFO] [1789640659.336318033] [planner_server]: Cleaning up plugin GridBased of type NavfnPlanner
[planner_server-9] [INFO] [1789640659.336438970] [planner_server]: Destroying plugin GridBased of type NavfnPlanner
[INFO] [robot_state_publisher-2]: process has finished cleanly [pid 173219]
[controller_server-8] [INFO] [1789640659.342391662] [local_costmap.local_costmap]: Destroying
[planner_server-9] [INFO] [1789640659.356187362] [planner_server]: Destroying bond (planner_server) to lifecycle manager.
[controller_server-8] [INFO] [1789640659.372122679] [controller_server]: Destroying
[planner_server-9] [INFO] [1789640659.420052933] [global_costmap.global_costmap]: Destroying
[INFO] [waypoint_follower-12]: process has finished cleanly [pid 173266]
[planner_server-9] [INFO] [1789640659.446366971] [planner_server]: Destroying
[INFO] [behavior_server-10]: process has finished cleanly [pid 173251]
[INFO] [lifecycle_manager-13]: process has finished cleanly [pid 173272]
[bt_navigator-11] [INFO] [1789640659.506458993] [bt_navigator]: Completed Cleaning up
[bt_navigator-11] [INFO] [1789640659.506544216] [bt_navigator]: Destroying bond (bt_navigator) to lifecycle manager.
[bt_navigator-11] [INFO] [1789640659.527073433] [bt_navigator]: Destroying
[INFO] [controller_server-8]: process has finished cleanly [pid 173244]
[INFO] [planner_server-9]: process has finished cleanly [pid 173249]
[INFO] [bt_navigator-11]: process has finished cleanly [pid 173262]
[INFO] [gzserver-1]: process has finished cleanly [pid 173217]
