[INFO] [launch]: All log files can be found below /home/yahboom/.ros/log/2026-09-17-18-15-05-866385-yahboom-virtual-machine-168035
[INFO] [launch]: Default logging verbosity is set to INFO
[INFO] [gzserver-1]: process started with pid [168081]
[INFO] [robot_state_publisher-2]: process started with pid [168083]
[INFO] [spawn_entity.py-3]: process started with pid [168085]
[INFO] [ekf_node-4]: process started with pid [168087]
[INFO] [v30e_sim_node-5]: process started with pid [168089]
[INFO] [ekf_node-6]: process started with pid [168091]
[INFO] [map_server-7]: process started with pid [168094]
[INFO] [controller_server-8]: process started with pid [168096]
[INFO] [planner_server-9]: process started with pid [168098]
[INFO] [behavior_server-10]: process started with pid [168101]
[INFO] [bt_navigator-11]: process started with pid [168109]
[INFO] [waypoint_follower-12]: process started with pid [168113]
[INFO] [lifecycle_manager-13]: process started with pid [168123]
[INFO] [swerve_bridge_node-14]: process started with pid [168130]
[robot_state_publisher-2] [INFO] [1789640109.036284139] [robot_state_publisher]: got segment base_footprint
[robot_state_publisher-2] [INFO] [1789640109.041887206] [robot_state_publisher]: got segment base_link
[robot_state_publisher-2] [INFO] [1789640109.042371435] [robot_state_publisher]: got segment imu_link
[robot_state_publisher-2] [INFO] [1789640109.042763853] [robot_state_publisher]: got segment lidar_link
[robot_state_publisher-2] [INFO] [1789640109.048606256] [robot_state_publisher]: got segment steer_front_link
[robot_state_publisher-2] [INFO] [1789640109.048623719] [robot_state_publisher]: got segment steer_rear_link
[robot_state_publisher-2] [INFO] [1789640109.048632027] [robot_state_publisher]: got segment v30e_link
[robot_state_publisher-2] [INFO] [1789640109.048639770] [robot_state_publisher]: got segment wheel_front_drive_link
[robot_state_publisher-2] [INFO] [1789640109.048647324] [robot_state_publisher]: got segment wheel_front_left_link
[robot_state_publisher-2] [INFO] [1789640109.048654611] [robot_state_publisher]: got segment wheel_front_right_link
[robot_state_publisher-2] [INFO] [1789640109.048661445] [robot_state_publisher]: got segment wheel_rear_drive_link
[robot_state_publisher-2] [INFO] [1789640109.048667894] [robot_state_publisher]: got segment wheel_rear_left_link
[robot_state_publisher-2] [INFO] [1789640109.048674427] [robot_state_publisher]: got segment wheel_rear_right_link
[controller_server-8] [INFO] [1789640109.078544902] [controller_server]: 
[controller_server-8] 	controller_server lifecycle node launched. 
[controller_server-8] 	Waiting on external lifecycle transitions to activate
[controller_server-8] 	See https://design.ros2.org/articles/node_lifecycle.html for more information.
[controller_server-8] [INFO] [1789640109.098451446] [controller_server]: Creating controller server
[lifecycle_manager-13] [INFO] [1789640109.193904116] [lifecycle_manager_navigation]: Creating
[lifecycle_manager-13] [INFO] [1789640109.196227464] [lifecycle_manager_navigation]: [34m[1mCreating and initializing lifecycle service clients[0m[0m
[planner_server-9] [INFO] [1789640109.203182318] [planner_server]: 
[planner_server-9] 	planner_server lifecycle node launched. 
[planner_server-9] 	Waiting on external lifecycle transitions to activate
[planner_server-9] 	See https://design.ros2.org/articles/node_lifecycle.html for more information.
[planner_server-9] [INFO] [1789640109.204531197] [planner_server]: Creating
[behavior_server-10] [INFO] [1789640109.235069432] [behavior_server]: 
[behavior_server-10] 	behavior_server lifecycle node launched. 
[behavior_server-10] 	Waiting on external lifecycle transitions to activate
[behavior_server-10] 	See https://design.ros2.org/articles/node_lifecycle.html for more information.
[bt_navigator-11] [INFO] [1789640109.247572563] [bt_navigator]: 
[bt_navigator-11] 	bt_navigator lifecycle node launched. 
[bt_navigator-11] 	Waiting on external lifecycle transitions to activate
[bt_navigator-11] 	See https://design.ros2.org/articles/node_lifecycle.html for more information.
[bt_navigator-11] [INFO] [1789640109.248572567] [bt_navigator]: Creating
[map_server-7] [INFO] [1789640109.442278335] [map_server]: 
[map_server-7] 	map_server lifecycle node launched. 
[map_server-7] 	Waiting on external lifecycle transitions to activate
[map_server-7] 	See https://design.ros2.org/articles/node_lifecycle.html for more information.
[map_server-7] [INFO] [1789640109.442461745] [map_server]: Creating
[controller_server-8] [INFO] [1789640109.451475297] [local_costmap.local_costmap]: 
[controller_server-8] 	local_costmap lifecycle node launched. 
[controller_server-8] 	Waiting on external lifecycle transitions to activate
[controller_server-8] 	See https://design.ros2.org/articles/node_lifecycle.html for more information.
[controller_server-8] [INFO] [1789640109.452067490] [local_costmap.local_costmap]: Creating Costmap
[swerve_bridge_node-14] Traceback (most recent call last):
[swerve_bridge_node-14]   File "/home/yahboom/swerve_bringup/install/swerve_bridge/lib/swerve_bridge/swerve_bridge_node", line 33, in <module>
[swerve_bridge_node-14]     sys.exit(load_entry_point('swerve-bridge', 'console_scripts', 'swerve_bridge_node')())
[swerve_bridge_node-14]   File "/home/yahboom/swerve_bringup/install/swerve_bridge/lib/swerve_bridge/swerve_bridge_node", line 22, in importlib_load_entry_point
[swerve_bridge_node-14]     for entry_point in distribution(dist_name).entry_points
[swerve_bridge_node-14]   File "/usr/lib/python3.10/importlib/metadata/__init__.py", line 969, in distribution
[swerve_bridge_node-14]     return Distribution.from_name(distribution_name)
[swerve_bridge_node-14]   File "/usr/lib/python3.10/importlib/metadata/__init__.py", line 548, in from_name
[swerve_bridge_node-14]     raise PackageNotFoundError(name)
[swerve_bridge_node-14] importlib.metadata.PackageNotFoundError: No package metadata was found for swerve-bridge
[planner_server-9] [INFO] [1789640109.514559643] [global_costmap.global_costmap]: 
[planner_server-9] 	global_costmap lifecycle node launched. 
[planner_server-9] 	Waiting on external lifecycle transitions to activate
[planner_server-9] 	See https://design.ros2.org/articles/node_lifecycle.html for more information.
[planner_server-9] [INFO] [1789640109.515097775] [global_costmap.global_costmap]: Creating Costmap
[waypoint_follower-12] [INFO] [1789640109.517441059] [waypoint_follower]: 
[waypoint_follower-12] 	waypoint_follower lifecycle node launched. 
[waypoint_follower-12] 	Waiting on external lifecycle transitions to activate
[waypoint_follower-12] 	See https://design.ros2.org/articles/node_lifecycle.html for more information.
[waypoint_follower-12] [INFO] [1789640109.517987622] [waypoint_follower]: Creating
[ERROR] [swerve_bridge_node-14]: process has died [pid 168130, exit code 1, cmd '/home/yahboom/swerve_bringup/install/swerve_bridge/lib/swerve_bridge/swerve_bridge_node --ros-args -r __node:=swerve_bridge --params-file /home/yahboom/swerve_bringup/install/swerve_bridge/share/swerve_bridge/config/bridge.yaml --params-file /tmp/launch_params_345smxez'].
[lifecycle_manager-13] [INFO] [1789640110.014596060] [lifecycle_manager_navigation]: [34m[1mStarting managed nodes bringup...[0m[0m
[lifecycle_manager-13] [INFO] [1789640110.017797887] [lifecycle_manager_navigation]: [34m[1mConfiguring map_server[0m[0m
[map_server-7] [INFO] [1789640110.025123283] [map_server]: Configuring
[map_server-7] [INFO] [1789640110.025240583] [map_io]: Loading yaml file: /home/yahboom/swerve_bringup/install/swerve_bringup/share/swerve_bringup/swerve_navigation/maps/warehouse.yaml
[map_server-7] [INFO] [1789640110.025572574] [map_io]: resolution: 0.05
[map_server-7] [INFO] [1789640110.025588499] [map_io]: origin[0]: -17.2
[map_server-7] [INFO] [1789640110.025594611] [map_io]: origin[1]: -17.4
[map_server-7] [INFO] [1789640110.025599862] [map_io]: origin[2]: 0
[map_server-7] [INFO] [1789640110.025605506] [map_io]: free_thresh: 0.25
[map_server-7] [INFO] [1789640110.025610920] [map_io]: occupied_thresh: 0.65
[map_server-7] [INFO] [1789640110.025616480] [map_io]: mode: trinary
[map_server-7] [INFO] [1789640110.025622482] [map_io]: negate: 0
[map_server-7] [INFO] [1789640110.025919915] [map_io]: Loading image_file: /home/yahboom/swerve_bringup/install/swerve_bringup/share/swerve_bringup/swerve_navigation/maps/warehouse.pgm
[map_server-7] [INFO] [1789640110.140598426] [map_io]: Read map /home/yahboom/swerve_bringup/install/swerve_bringup/share/swerve_bringup/swerve_navigation/maps/warehouse.pgm: 676 X 680 map @ 0.05 m/cell
[lifecycle_manager-13] [INFO] [1789640110.339134635] [lifecycle_manager_navigation]: [34m[1mConfiguring controller_server[0m[0m
[controller_server-8] [INFO] [1789640110.344691618] [controller_server]: Configuring controller interface
[controller_server-8] [INFO] [1789640110.416096915] [controller_server]: getting goal checker plugins..
[controller_server-8] [INFO] [1789640110.417165460] [controller_server]: Controller frequency set to 10.0000Hz
[controller_server-8] [INFO] [1789640110.417319183] [local_costmap.local_costmap]: Configuring
[controller_server-8] [INFO] [1789640110.679126130] [local_costmap.local_costmap]: Using plugin "voxel_layer"
[spawn_entity.py-3] [INFO] [1789640110.697751587] [spawn_swerve]: Spawn Entity started
[spawn_entity.py-3] [INFO] [1789640110.698301542] [spawn_swerve]: Loading entity published on topic robot_description
[controller_server-8] [INFO] [1789640110.728997398] [local_costmap.local_costmap]: Subscribed to Topics: lidar3d scan
[spawn_entity.py-3] [INFO] [1789640110.738774231] [spawn_swerve]: Waiting for entity xml on robot_description
[spawn_entity.py-3] [INFO] [1789640110.781374739] [spawn_swerve]: Waiting for service /spawn_entity, timeout = 30
[spawn_entity.py-3] [INFO] [1789640110.784162479] [spawn_swerve]: Waiting for service /spawn_entity
[controller_server-8] [INFO] [1789640110.818166857] [local_costmap.local_costmap]: Initialized plugin "voxel_layer"
[controller_server-8] [INFO] [1789640110.818217990] [local_costmap.local_costmap]: Using plugin "inflation_layer"
[controller_server-8] [INFO] [1789640110.818954679] [local_costmap.local_costmap]: Initialized plugin "inflation_layer"
[v30e_sim_node-5] [INFO] [1789640110.889565038] [v30e_sim_node]: Using Gazebo /get_entity_state internally; odometry is not a V30E measurement input
[controller_server-8] [INFO] [1789640110.896928839] [controller_server]: Created progress_checker : progress_checker of type nav2_controller::SimpleProgressChecker
[controller_server-8] [INFO] [1789640110.904953617] [controller_server]: Created goal checker : general_goal_checker of type nav2_controller::SimpleGoalChecker
[controller_server-8] [INFO] [1789640110.905125951] [controller_server]: Controller Server has general_goal_checker  goal checkers available.
[controller_server-8] [INFO] [1789640110.905897469] [controller_server]: Created controller : FollowPath of type dwb_core::DWBLocalPlanner
[controller_server-8] [INFO] [1789640110.906072415] [controller_server]: Setting transform_tolerance to 0.200000
[controller_server-8] [INFO] [1789640111.004960234] [controller_server]: Using critic "RotateToGoal" (dwb_critics::RotateToGoalCritic)
[controller_server-8] [INFO] [1789640111.024673799] [controller_server]: Critic plugin initialized
[controller_server-8] [INFO] [1789640111.024830155] [controller_server]: Using critic "Oscillation" (dwb_critics::OscillationCritic)
[controller_server-8] [INFO] [1789640111.025052465] [controller_server]: Critic plugin initialized
[controller_server-8] [INFO] [1789640111.025133811] [controller_server]: Using critic "BaseObstacle" (dwb_critics::BaseObstacleCritic)
[controller_server-8] [INFO] [1789640111.030372413] [controller_server]: Critic plugin initialized
[controller_server-8] [INFO] [1789640111.036227610] [controller_server]: Using critic "GoalAlign" (dwb_critics::GoalAlignCritic)
[controller_server-8] [INFO] [1789640111.047975775] [controller_server]: Critic plugin initialized
[controller_server-8] [INFO] [1789640111.053644036] [controller_server]: Using critic "PathAlign" (dwb_critics::PathAlignCritic)
[controller_server-8] [INFO] [1789640111.064123697] [controller_server]: Critic plugin initialized
[controller_server-8] [INFO] [1789640111.066771201] [controller_server]: Using critic "PathDist" (dwb_critics::PathDistCritic)
[controller_server-8] [INFO] [1789640111.073822859] [controller_server]: Critic plugin initialized
[controller_server-8] [INFO] [1789640111.074066429] [controller_server]: Using critic "GoalDist" (dwb_critics::GoalDistCritic)
[controller_server-8] [INFO] [1789640111.074488642] [controller_server]: Critic plugin initialized
[controller_server-8] [INFO] [1789640111.074518644] [controller_server]: Controller Server has FollowPath  controllers available.
[lifecycle_manager-13] [INFO] [1789640111.103672891] [lifecycle_manager_navigation]: [34m[1mConfiguring planner_server[0m[0m
[planner_server-9] [INFO] [1789640111.105285909] [planner_server]: Configuring
[planner_server-9] [INFO] [1789640111.105365122] [global_costmap.global_costmap]: Configuring
[planner_server-9] [INFO] [1789640111.184733906] [global_costmap.global_costmap]: Using plugin "static_layer"
[planner_server-9] [INFO] [1789640111.207422630] [global_costmap.global_costmap]: Subscribing to the map topic (/map) with transient local durability
[planner_server-9] [INFO] [1789640111.217219422] [global_costmap.global_costmap]: Initialized plugin "static_layer"
[planner_server-9] [INFO] [1789640111.217278737] [global_costmap.global_costmap]: Using plugin "obstacle_layer"
[planner_server-9] [INFO] [1789640111.232192176] [global_costmap.global_costmap]: Subscribed to Topics: scan
[planner_server-9] [INFO] [1789640111.276028006] [global_costmap.global_costmap]: Initialized plugin "obstacle_layer"
[planner_server-9] [INFO] [1789640111.276061349] [global_costmap.global_costmap]: Using plugin "inflation_layer"
[planner_server-9] [INFO] [1789640111.276436345] [global_costmap.global_costmap]: Initialized plugin "inflation_layer"
[planner_server-9] [INFO] [1789640111.344112676] [planner_server]: Created global planner plugin GridBased of type nav2_navfn_planner/NavfnPlanner
[planner_server-9] [INFO] [1789640111.344907362] [planner_server]: Configuring plugin GridBased of type NavfnPlanner
[planner_server-9] [INFO] [1789640111.354668441] [planner_server]: Planner Server has GridBased  planners available.
[lifecycle_manager-13] [INFO] [1789640111.426668757] [lifecycle_manager_navigation]: [34m[1mConfiguring behavior_server[0m[0m
[behavior_server-10] [INFO] [1789640111.428238719] [behavior_server]: Configuring
[behavior_server-10] [INFO] [1789640111.487954310] [behavior_server]: Creating behavior plugin spin of type nav2_behaviors/Spin
[behavior_server-10] [INFO] [1789640111.492772483] [behavior_server]: Configuring spin
[behavior_server-10] [INFO] [1789640111.522764019] [behavior_server]: Creating behavior plugin backup of type nav2_behaviors/BackUp
[behavior_server-10] [INFO] [1789640111.525196791] [behavior_server]: Configuring backup
[behavior_server-10] [INFO] [1789640111.570168864] [behavior_server]: Creating behavior plugin drive_on_heading of type nav2_behaviors/DriveOnHeading
[behavior_server-10] [INFO] [1789640111.573013867] [behavior_server]: Configuring drive_on_heading
[behavior_server-10] [INFO] [1789640111.582795450] [behavior_server]: Creating behavior plugin wait of type nav2_behaviors/Wait
[behavior_server-10] [INFO] [1789640111.583555627] [behavior_server]: Configuring wait
[lifecycle_manager-13] [INFO] [1789640111.632926815] [lifecycle_manager_navigation]: [34m[1mConfiguring bt_navigator[0m[0m
[bt_navigator-11] [INFO] [1789640111.633273409] [bt_navigator]: Configuring
[lifecycle_manager-13] [INFO] [1789640112.062735021] [lifecycle_manager_navigation]: [34m[1mConfiguring waypoint_follower[0m[0m
[waypoint_follower-12] [INFO] [1789640112.064845683] [waypoint_follower]: Configuring
[waypoint_follower-12] [INFO] [1789640112.186257133] [waypoint_follower]: Created waypoint_task_executor : wait_at_waypoint of type nav2_waypoint_follower::WaitAtWaypoint
[waypoint_follower-12] [INFO] [1789640112.193166771] [waypoint_follower]: Waypoint pause duration is set to zero, disabling task executor plugin.
[lifecycle_manager-13] [INFO] [1789640112.197343335] [lifecycle_manager_navigation]: [34m[1mActivating map_server[0m[0m
[map_server-7] [INFO] [1789640112.197734022] [map_server]: Activating
[map_server-7] [INFO] [1789640112.198696356] [map_server]: Creating bond (map_server) to lifecycle manager.
[planner_server-9] [INFO] [1789640112.200471069] [global_costmap.global_costmap]: StaticLayer: Resizing costmap to 676 X 680 at 0.050000 m/pix
[lifecycle_manager-13] [INFO] [1789640112.322762440] [lifecycle_manager_navigation]: Server map_server connected with bond.
[lifecycle_manager-13] [INFO] [1789640112.322833002] [lifecycle_manager_navigation]: [34m[1mActivating controller_server[0m[0m
[controller_server-8] [INFO] [1789640112.324114215] [controller_server]: Activating
[controller_server-8] [INFO] [1789640112.324177177] [local_costmap.local_costmap]: Activating
[controller_server-8] [INFO] [1789640112.324195965] [local_costmap.local_costmap]: Checking transform
[controller_server-8] [INFO] [1789640112.324230654] [local_costmap.local_costmap]: Timed out waiting for transform from base_footprint to odom to become available, tf error: Invalid frame ID "odom" passed to canTransform argument target_frame - frame does not exist
[controller_server-8] [INFO] [1789640112.855888578] [local_costmap.local_costmap]: Timed out waiting for transform from base_footprint to odom to become available, tf error: Invalid frame ID "odom" passed to canTransform argument target_frame - frame does not exist
[controller_server-8] [INFO] [1789640113.324745486] [local_costmap.local_costmap]: Timed out waiting for transform from base_footprint to odom to become available, tf error: Invalid frame ID "odom" passed to canTransform argument target_frame - frame does not exist
[controller_server-8] [INFO] [1789640113.825704406] [local_costmap.local_costmap]: Timed out waiting for transform from base_footprint to odom to become available, tf error: Invalid frame ID "odom" passed to canTransform argument target_frame - frame does not exist
[controller_server-8] [INFO] [1789640114.325601323] [local_costmap.local_costmap]: Timed out waiting for transform from base_footprint to odom to become available, tf error: Invalid frame ID "odom" passed to canTransform argument target_frame - frame does not exist
[controller_server-8] [INFO] [1789640114.825742096] [local_costmap.local_costmap]: Timed out waiting for transform from base_footprint to odom to become available, tf error: Invalid frame ID "odom" passed to canTransform argument target_frame - frame does not exist
[controller_server-8] [INFO] [1789640115.324388551] [local_costmap.local_costmap]: Timed out waiting for transform from base_footprint to odom to become available, tf error: Invalid frame ID "odom" passed to canTransform argument target_frame - frame does not exist
[controller_server-8] [INFO] [1789640115.824472836] [local_costmap.local_costmap]: Timed out waiting for transform from base_footprint to odom to become available, tf error: Invalid frame ID "odom" passed to canTransform argument target_frame - frame does not exist
[controller_server-8] [INFO] [1789640116.324895096] [local_costmap.local_costmap]: Timed out waiting for transform from base_footprint to odom to become available, tf error: Invalid frame ID "odom" passed to canTransform argument target_frame - frame does not exist
[spawn_entity.py-3] [INFO] [1789640116.625394781] [spawn_swerve]: Calling service /spawn_entity
[gzserver-1] [INFO] [1789640116.779580343] [gazebo_ros_state]: Publishing states of gazebo models at [/model_states]
[gzserver-1] [INFO] [1789640116.790540342] [gazebo_ros_state]: Publishing states of gazebo links at [/link_states]
[controller_server-8] [INFO] [1789640116.825371570] [local_costmap.local_costmap]: Timed out waiting for transform from base_footprint to odom to become available, tf error: Invalid frame ID "odom" passed to canTransform argument target_frame - frame does not exist
[gzserver-1] [INFO] [1789640117.187105790] [imu.imu_ros]: <initial_orientation_as_reference> is unset, using default value of false to comply with REP 145 (world as orientation reference)
[controller_server-8] [INFO] [1789640117.326021777] [local_costmap.local_costmap]: Timed out waiting for transform from base_footprint to odom to become available, tf error: Invalid frame ID "odom" passed to canTransform argument target_frame - frame does not exist
[controller_server-8] [INFO] [1789640117.825519397] [local_costmap.local_costmap]: Timed out waiting for transform from base_footprint to odom to become available, tf error: Invalid frame ID "odom" passed to canTransform argument target_frame - frame does not exist
[controller_server-8] [INFO] [1789640118.325308411] [local_costmap.local_costmap]: Timed out waiting for transform from base_footprint to odom to become available, tf error: Invalid frame ID "odom" passed to canTransform argument target_frame - frame does not exist
[controller_server-8] [INFO] [1789640118.824323433] [local_costmap.local_costmap]: Timed out waiting for transform from base_footprint to odom to become available, tf error: Invalid frame ID "odom" passed to canTransform argument target_frame - frame does not exist
[controller_server-8] [INFO] [1789640119.324776070] [local_costmap.local_costmap]: Timed out waiting for transform from base_footprint to odom to become available, tf error: Invalid frame ID "odom" passed to canTransform argument target_frame - frame does not exist
[controller_server-8] [INFO] [1789640119.825694808] [local_costmap.local_costmap]: Timed out waiting for transform from base_footprint to odom to become available, tf error: Invalid frame ID "odom" passed to canTransform argument target_frame - frame does not exist
[controller_server-8] [INFO] [1789640120.325615278] [local_costmap.local_costmap]: Timed out waiting for transform from base_footprint to odom to become available, tf error: Invalid frame ID "odom" passed to canTransform argument target_frame - frame does not exist
[controller_server-8] [INFO] [1789640120.826076031] [local_costmap.local_costmap]: Timed out waiting for transform from base_footprint to odom to become available, tf error: Invalid frame ID "odom" passed to canTransform argument target_frame - frame does not exist
[controller_server-8] [INFO] [1789640121.324471096] [local_costmap.local_costmap]: Timed out waiting for transform from base_footprint to odom to become available, tf error: Invalid frame ID "odom" passed to canTransform argument target_frame - frame does not exist
[controller_server-8] [INFO] [1789640121.824782592] [local_costmap.local_costmap]: Timed out waiting for transform from base_footprint to odom to become available, tf error: Invalid frame ID "odom" passed to canTransform argument target_frame - frame does not exist
[controller_server-8] [INFO] [1789640122.324689069] [local_costmap.local_costmap]: Timed out waiting for transform from base_footprint to odom to become available, tf error: Invalid frame ID "odom" passed to canTransform argument target_frame - frame does not exist
[controller_server-8] [INFO] [1789640122.825583516] [local_costmap.local_costmap]: Timed out waiting for transform from base_footprint to odom to become available, tf error: Invalid frame ID "odom" passed to canTransform argument target_frame - frame does not exist
[controller_server-8] [INFO] [1789640123.327812055] [local_costmap.local_costmap]: Timed out waiting for transform from base_footprint to odom to become available, tf error: Invalid frame ID "odom" passed to canTransform argument target_frame - frame does not exist
[controller_server-8] [INFO] [1789640123.827739078] [local_costmap.local_costmap]: Timed out waiting for transform from base_footprint to odom to become available, tf error: Invalid frame ID "odom" passed to canTransform argument target_frame - frame does not exist
[controller_server-8] [INFO] [1789640124.325034006] [local_costmap.local_costmap]: Timed out waiting for transform from base_footprint to odom to become available, tf error: Invalid frame ID "odom" passed to canTransform argument target_frame - frame does not exist
[controller_server-8] [INFO] [1789640124.824288219] [local_costmap.local_costmap]: Timed out waiting for transform from base_footprint to odom to become available, tf error: Invalid frame ID "odom" passed to canTransform argument target_frame - frame does not exist
[controller_server-8] [INFO] [1789640125.325725956] [local_costmap.local_costmap]: Timed out waiting for transform from base_footprint to odom to become available, tf error: Invalid frame ID "odom" passed to canTransform argument target_frame - frame does not exist
[controller_server-8] [INFO] [1789640125.828820112] [local_costmap.local_costmap]: Timed out waiting for transform from base_footprint to odom to become available, tf error: Invalid frame ID "odom" passed to canTransform argument target_frame - frame does not exist
[controller_server-8] [INFO] [1789640126.324807910] [local_costmap.local_costmap]: Timed out waiting for transform from base_footprint to odom to become available, tf error: Invalid frame ID "odom" passed to canTransform argument target_frame - frame does not exist
[controller_server-8] [INFO] [1789640126.825089838] [local_costmap.local_costmap]: Timed out waiting for transform from base_footprint to odom to become available, tf error: Invalid frame ID "odom" passed to canTransform argument target_frame - frame does not exist
[controller_server-8] [INFO] [1789640127.325490046] [local_costmap.local_costmap]: Timed out waiting for transform from base_footprint to odom to become available, tf error: Invalid frame ID "odom" passed to canTransform argument target_frame - frame does not exist
[controller_server-8] [INFO] [1789640127.825709749] [local_costmap.local_costmap]: Timed out waiting for transform from base_footprint to odom to become available, tf error: Invalid frame ID "odom" passed to canTransform argument target_frame - frame does not exist
[controller_server-8] [INFO] [1789640128.324617148] [local_costmap.local_costmap]: Timed out waiting for transform from base_footprint to odom to become available, tf error: Invalid frame ID "odom" passed to canTransform argument target_frame - frame does not exist
[controller_server-8] [INFO] [1789640128.824427519] [local_costmap.local_costmap]: Timed out waiting for transform from base_footprint to odom to become available, tf error: Invalid frame ID "odom" passed to canTransform argument target_frame - frame does not exist
[controller_server-8] [INFO] [1789640129.324577660] [local_costmap.local_costmap]: Timed out waiting for transform from base_footprint to odom to become available, tf error: Invalid frame ID "odom" passed to canTransform argument target_frame - frame does not exist
[controller_server-8] [INFO] [1789640129.824709909] [local_costmap.local_costmap]: Timed out waiting for transform from base_footprint to odom to become available, tf error: Invalid frame ID "odom" passed to canTransform argument target_frame - frame does not exist
[controller_server-8] [INFO] [1789640130.324519776] [local_costmap.local_costmap]: Timed out waiting for transform from base_footprint to odom to become available, tf error: Invalid frame ID "odom" passed to canTransform argument target_frame - frame does not exist
[controller_server-8] [INFO] [1789640130.825298048] [local_costmap.local_costmap]: Timed out waiting for transform from base_footprint to odom to become available, tf error: Invalid frame ID "odom" passed to canTransform argument target_frame - frame does not exist
[spawn_entity.py-3] [INFO] [1789640130.981097982] [spawn_swerve]: Spawn status: SpawnEntity: Successfully spawned entity [swerve_base]
[gzserver-1] [INFO] [1789640131.164439921] [gazebo_ros2_control]: Loading gazebo_ros2_control plugin
[gzserver-1] [INFO] [1789640131.248670212] [gazebo_ros2_control]: Starting gazebo_ros2_control plugin in namespace: /
[gzserver-1] [INFO] [1789640131.248764350] [gazebo_ros2_control]: Starting gazebo_ros2_control plugin in ros 2 node: gazebo_ros2_control
[gzserver-1] [INFO] [1789640131.307367363] [gazebo_ros2_control]: connected to service!! robot_state_publisher
[gzserver-1] [INFO] [1789640131.308855311] [gazebo_ros2_control]: Received urdf from param server, parsing...
[gzserver-1] [INFO] [1789640131.308942669] [gazebo_ros2_control]: Loading parameter files /home/yahboom/swerve_bringup/install/swerve_bringup/share/swerve_bringup/config/controllers.yaml
[controller_server-8] [INFO] [1789640131.324592900] [local_costmap.local_costmap]: Timed out waiting for transform from base_footprint to odom to become available, tf error: Invalid frame ID "odom" passed to canTransform argument target_frame - frame does not exist
[INFO] [spawn_entity.py-3]: process has finished cleanly [pid 168085]
[gzserver-1] [INFO] [1789640131.364612875] [gazebo_ros2_control]: Loading joint: steer_front_joint
[gzserver-1] [INFO] [1789640131.364736879] [gazebo_ros2_control]: 	State:
[gzserver-1] [INFO] [1789640131.364759260] [gazebo_ros2_control]: 		 position
[gzserver-1] [INFO] [1789640131.366326081] [gazebo_ros2_control]: 		 velocity
[gzserver-1] [INFO] [1789640131.366378633] [gazebo_ros2_control]: 	Command:
[gzserver-1] [INFO] [1789640131.366451752] [gazebo_ros2_control]: 		 position
[gzserver-1] [INFO] [1789640131.367255350] [gazebo_ros2_control]: Loading joint: steer_rear_joint
[gzserver-1] [INFO] [1789640131.367285381] [gazebo_ros2_control]: 	State:
[gzserver-1] [INFO] [1789640131.367296128] [gazebo_ros2_control]: 		 position
[gzserver-1] [INFO] [1789640131.367306112] [gazebo_ros2_control]: 		 velocity
[gzserver-1] [INFO] [1789640131.367314845] [gazebo_ros2_control]: 	Command:
[gzserver-1] [INFO] [1789640131.367323401] [gazebo_ros2_control]: 		 position
[gzserver-1] [INFO] [1789640131.374484835] [gazebo_ros2_control]: Loading joint: wheel_front_drive_joint
[gzserver-1] [INFO] [1789640131.374547751] [gazebo_ros2_control]: 	State:
[gzserver-1] [INFO] [1789640131.374560959] [gazebo_ros2_control]: 		 position
[gzserver-1] [INFO] [1789640131.374573462] [gazebo_ros2_control]: 		 velocity
[gzserver-1] [INFO] [1789640131.374582349] [gazebo_ros2_control]: 	Command:
[gzserver-1] [INFO] [1789640131.374602785] [gazebo_ros2_control]: 		 velocity
[INFO] [spawner-15]: process started with pid [168629]
[gzserver-1] [INFO] [1789640131.385083757] [gazebo_ros2_control]: Loading joint: wheel_rear_drive_joint
[gzserver-1] [INFO] [1789640131.385158194] [gazebo_ros2_control]: 	State:
[gzserver-1] [INFO] [1789640131.385174356] [gazebo_ros2_control]: 		 position
[gzserver-1] [INFO] [1789640131.385186773] [gazebo_ros2_control]: 		 velocity
[gzserver-1] [INFO] [1789640131.385196496] [gazebo_ros2_control]: 	Command:
[gzserver-1] [INFO] [1789640131.385227337] [gazebo_ros2_control]: 		 velocity
[gzserver-1] [INFO] [1789640131.386751634] [resource_manager]: Initialize hardware 'GazeboSystem' 
[gzserver-1] [INFO] [1789640131.387007393] [resource_manager]: Successful initialization of hardware 'GazeboSystem'
[gzserver-1] [INFO] [1789640131.387157454] [resource_manager]: 'configure' hardware 'GazeboSystem' 
[gzserver-1] [INFO] [1789640131.387175347] [resource_manager]: Successful 'configure' of hardware 'GazeboSystem'
[gzserver-1] [INFO] [1789640131.387183536] [resource_manager]: 'activate' hardware 'GazeboSystem' 
[gzserver-1] [INFO] [1789640131.387190591] [resource_manager]: Successful 'activate' of hardware 'GazeboSystem'
[gzserver-1] [INFO] [1789640131.387298955] [gazebo_ros2_control]: Loading controller_manager
[gzserver-1] [WARN] [1789640131.645516783] [gazebo_ros2_control]:  Desired controller update period (0.01 s) is slower than the gazebo simulation period (0.001 s).
[gzserver-1] [INFO] [1789640131.648102519] [gazebo_ros2_control]: Loaded gazebo_ros2_control.
[controller_server-8] [INFO] [1789640131.824809050] [local_costmap.local_costmap]: Timed out waiting for transform from base_footprint to odom to become available, tf error: Invalid frame ID "odom" passed to canTransform argument target_frame - frame does not exist
[controller_server-8] [INFO] [1789640132.330220952] [local_costmap.local_costmap]: start
[controller_server-8] [INFO] [1789640132.477340731] [controller_server]: Creating bond (controller_server) to lifecycle manager.
[gzserver-1] [INFO] [1789640132.555600089] [controller_manager]: Loading controller 'joint_state_broadcaster'
[lifecycle_manager-13] [INFO] [1789640132.601910704] [lifecycle_manager_navigation]: Server controller_server connected with bond.
[lifecycle_manager-13] [INFO] [1789640132.602146660] [lifecycle_manager_navigation]: [34m[1mActivating planner_server[0m[0m
[planner_server-9] [INFO] [1789640132.609598108] [planner_server]: Activating
[planner_server-9] [INFO] [1789640132.609672745] [global_costmap.global_costmap]: Activating
[planner_server-9] [INFO] [1789640132.609692165] [global_costmap.global_costmap]: Checking transform
[planner_server-9] [INFO] [1789640132.609855144] [global_costmap.global_costmap]: start
[spawner-15] [INFO] [1789640132.919944429] [spawn_joint_state_broadcaster]: [94mLoaded [1mjoint_state_broadcaster[0m
[gzserver-1] [INFO] [1789640132.943102832] [controller_manager]: Configuring controller 'joint_state_broadcaster'
[gzserver-1] [INFO] [1789640132.943587760] [joint_state_broadcaster]: 'joints' or 'interfaces' parameter is empty. All available state interfaces will be published
[spawner-15] [INFO] [1789640133.049605246] [spawn_joint_state_broadcaster]: [92mConfigured and activated [1mjoint_state_broadcaster[0m
[planner_server-9] [INFO] [1789640133.177130109] [planner_server]: Activating plugin GridBased of type NavfnPlanner
[planner_server-9] [INFO] [1789640133.193722171] [planner_server]: Creating bond (planner_server) to lifecycle manager.
[lifecycle_manager-13] [INFO] [1789640133.315202958] [lifecycle_manager_navigation]: Server planner_server connected with bond.
[lifecycle_manager-13] [INFO] [1789640133.315285761] [lifecycle_manager_navigation]: [34m[1mActivating behavior_server[0m[0m
[behavior_server-10] [INFO] [1789640133.315791828] [behavior_server]: Activating
[behavior_server-10] [INFO] [1789640133.315835372] [behavior_server]: Activating spin
[behavior_server-10] [INFO] [1789640133.315853184] [behavior_server]: Activating backup
[behavior_server-10] [INFO] [1789640133.315865278] [behavior_server]: Activating drive_on_heading
[behavior_server-10] [INFO] [1789640133.315877603] [behavior_server]: Activating wait
[behavior_server-10] [INFO] [1789640133.315894832] [behavior_server]: Creating bond (behavior_server) to lifecycle manager.
[INFO] [spawner-15]: process has finished cleanly [pid 168629]
[lifecycle_manager-13] [INFO] [1789640133.452216256] [lifecycle_manager_navigation]: Server behavior_server connected with bond.
[lifecycle_manager-13] [INFO] [1789640133.452285848] [lifecycle_manager_navigation]: [34m[1mActivating bt_navigator[0m[0m
[bt_navigator-11] [INFO] [1789640133.452724586] [bt_navigator]: Activating
[INFO] [spawner-16]: process started with pid [168685]
[bt_navigator-11] [INFO] [1789640134.164941436] [bt_navigator]: Creating bond (bt_navigator) to lifecycle manager.
[lifecycle_manager-13] [INFO] [1789640134.296029872] [lifecycle_manager_navigation]: Server bt_navigator connected with bond.
[lifecycle_manager-13] [INFO] [1789640134.296138372] [lifecycle_manager_navigation]: [34m[1mActivating waypoint_follower[0m[0m
[waypoint_follower-12] [INFO] [1789640134.301788486] [waypoint_follower]: Activating
[waypoint_follower-12] [INFO] [1789640134.301882523] [waypoint_follower]: Creating bond (waypoint_follower) to lifecycle manager.
[lifecycle_manager-13] [INFO] [1789640134.433236339] [lifecycle_manager_navigation]: Server waypoint_follower connected with bond.
[lifecycle_manager-13] [INFO] [1789640134.433436822] [lifecycle_manager_navigation]: [34m[1mManaged nodes are active[0m[0m
[lifecycle_manager-13] [INFO] [1789640134.433454916] [lifecycle_manager_navigation]: [34m[1mCreating bond timer...[0m[0m
[spawner-16] [INFO] [1789640134.911202456] [spawn_steering_controller]: waiting for service /controller_manager/list_controllers to become available...
[gzserver-1] [INFO] [1789640135.221710287] [controller_manager]: Loading controller 'steering_controller'
[spawner-16] [INFO] [1789640135.518510840] [spawn_steering_controller]: [94mLoaded [1msteering_controller[0m
[gzserver-1] [INFO] [1789640135.550307335] [controller_manager]: Configuring controller 'steering_controller'
[gzserver-1] [INFO] [1789640135.558091700] [steering_controller]: configure successful
[gzserver-1] [INFO] [1789640135.581352428] [steering_controller]: activate successful
[spawner-16] [INFO] [1789640135.610694401] [spawn_steering_controller]: [92mConfigured and activated [1msteering_controller[0m
[INFO] [spawner-16]: process has finished cleanly [pid 168685]
[INFO] [spawner-17]: process started with pid [168724]
[spawner-17] [INFO] [1789640137.406363363] [spawn_drive_controller]: waiting for service /controller_manager/list_controllers to become available...
[gzserver-1] [INFO] [1789640138.256053852] [controller_manager]: Loading controller 'drive_controller'
[spawner-17] [INFO] [1789640138.472307278] [spawn_drive_controller]: [94mLoaded [1mdrive_controller[0m
[gzserver-1] [INFO] [1789640138.486310176] [controller_manager]: Configuring controller 'drive_controller'
[gzserver-1] [INFO] [1789640138.495485469] [drive_controller]: configure successful
[gzserver-1] [INFO] [1789640138.518757055] [drive_controller]: activate successful
[spawner-17] [INFO] [1789640138.538011476] [spawn_drive_controller]: [92mConfigured and activated [1mdrive_controller[0m
[INFO] [spawner-17]: process has finished cleanly [pid 168724]
[INFO] [swerve_controller_node-18]: process started with pid [168774]
[INFO] [swerve_odometry_node-19]: process started with pid [168776]
[swerve_controller_node-18] [INFO] [1789640140.524586647] [swerve_controller]: Swerve controller ready: radius=0.0675 m, modules={'front': (0.300042, 0.0), 'rear': (-0.300042, 0.0)}
[swerve_odometry_node-19] [INFO] [1789640140.792442009] [swerve_odometry]: Encoder odometry ready: radius=0.0637 m, velocity_sign=+1.0
[WARNING] [launch]: user interrupted with ctrl-c (SIGINT)
[planner_server-9] [INFO] [1789640191.540300289] [rclcpp]: signal_handler(signum=2)
[planner_server-9] [INFO] [1789640191.540447231] [planner_server]: Running Nav2 LifecycleNode rcl preshutdown (planner_server)
[planner_server-9] [INFO] [1789640191.540525201] [planner_server]: Deactivating
[planner_server-9] [INFO] [1789640191.540564253] [global_costmap.global_costmap]: Deactivating
[ekf_node-6] [INFO] [1789640191.540773968] [rclcpp]: signal_handler(signum=2)
[robot_state_publisher-2] [INFO] [1789640191.540810425] [rclcpp]: signal_handler(signum=2)
[bt_navigator-11] [INFO] [1789640191.540816312] [rclcpp]: signal_handler(signum=2)
[map_server-7] [INFO] [1789640191.540876483] [rclcpp]: signal_handler(signum=2)
[map_server-7] [INFO] [1789640191.541628667] [map_server]: Running Nav2 LifecycleNode rcl preshutdown (map_server)
[lifecycle_manager-13] [INFO] [1789640191.541033983] [rclcpp]: signal_handler(signum=2)
[waypoint_follower-12] [INFO] [1789640191.541248581] [rclcpp]: signal_handler(signum=2)
[waypoint_follower-12] [INFO] [1789640191.541404578] [waypoint_follower]: Running Nav2 LifecycleNode rcl preshutdown (waypoint_follower)
[waypoint_follower-12] [INFO] [1789640191.541490019] [waypoint_follower]: Deactivating
[waypoint_follower-12] [INFO] [1789640191.541525331] [waypoint_follower]: Destroying bond (waypoint_follower) to lifecycle manager.
[INFO] [swerve_odometry_node-19]: sending signal 'SIGINT' to process[swerve_odometry_node-19]
[INFO] [swerve_controller_node-18]: sending signal 'SIGINT' to process[swerve_controller_node-18]
[INFO] [lifecycle_manager-13]: sending signal 'SIGINT' to process[lifecycle_manager-13]
[INFO] [waypoint_follower-12]: sending signal 'SIGINT' to process[waypoint_follower-12]
[INFO] [bt_navigator-11]: sending signal 'SIGINT' to process[bt_navigator-11]
[INFO] [behavior_server-10]: sending signal 'SIGINT' to process[behavior_server-10]
[INFO] [planner_server-9]: sending signal 'SIGINT' to process[planner_server-9]
[INFO] [controller_server-8]: sending signal 'SIGINT' to process[controller_server-8]
[INFO] [map_server-7]: sending signal 'SIGINT' to process[map_server-7]
[INFO] [ekf_node-6]: sending signal 'SIGINT' to process[ekf_node-6]
[INFO] [v30e_sim_node-5]: sending signal 'SIGINT' to process[v30e_sim_node-5]
[INFO] [ekf_node-4]: sending signal 'SIGINT' to process[ekf_node-4]
[INFO] [robot_state_publisher-2]: sending signal 'SIGINT' to process[robot_state_publisher-2]
[INFO] [gzserver-1]: sending signal 'SIGINT' to process[gzserver-1]
[ERROR] [ekf_node-6]: process has died [pid 168091, exit code -2, cmd '/opt/ros/humble/lib/robot_localization/ekf_node --ros-args -r __node:=ekf_v30e --params-file /home/yahboom/swerve_bringup/install/swerve_bringup/share/swerve_bringup/config/v30e_localization_ekf.yaml --params-file /tmp/launch_params_9wsows0d -r odometry/filtered:=/odometry/v30e'].
[map_server-7] [INFO] [1789640191.541715871] [map_server]: Deactivating
[map_server-7] [INFO] [1789640191.541744492] [map_server]: Destroying bond (map_server) to lifecycle manager.
[controller_server-8] [INFO] [1789640191.541712907] [rclcpp]: signal_handler(signum=2)
[controller_server-8] [INFO] [1789640191.543482457] [controller_server]: Running Nav2 LifecycleNode rcl preshutdown (controller_server)
[controller_server-8] [INFO] [1789640191.546782303] [controller_server]: Deactivating
[controller_server-8] [INFO] [1789640191.546855435] [local_costmap.local_costmap]: Deactivating
[bt_navigator-11] [INFO] [1789640191.542321846] [bt_navigator]: Running Nav2 LifecycleNode rcl preshutdown (bt_navigator)
[bt_navigator-11] [INFO] [1789640191.542401785] [bt_navigator]: Deactivating
[bt_navigator-11] [INFO] [1789640191.542435884] [bt_navigator]: Destroying bond (bt_navigator) to lifecycle manager.
[behavior_server-10] [INFO] [1789640191.542675742] [rclcpp]: signal_handler(signum=2)
[behavior_server-10] [INFO] [1789640191.542791569] [behavior_server]: Running Nav2 LifecycleNode rcl preshutdown (behavior_server)
[behavior_server-10] [INFO] [1789640191.542860976] [behavior_server]: Deactivating
[behavior_server-10] [INFO] [1789640191.542898605] [behavior_server]: Destroying bond (behavior_server) to lifecycle manager.
[lifecycle_manager-13] [INFO] [1789640191.543042920] [lifecycle_manager_navigation]: Running Nav2 LifecycleManager rcl preshutdown (lifecycle_manager_navigation)
[lifecycle_manager-13] [INFO] [1789640191.543094517] [lifecycle_manager_navigation]: [34m[1mTerminating bond timer...[0m[0m
[ERROR] [ekf_node-4]: process has died [pid 168087, exit code -2, cmd '/opt/ros/humble/lib/robot_localization/ekf_node --ros-args -r __node:=ekf_filter_node --params-file /home/yahboom/swerve_bringup/install/swerve_bringup/share/swerve_bringup/config/ekf.yaml --params-file /tmp/launch_params_e0qz08d1 -r /odom:=/odom -r /imu/data:=/imu/data'].
[ekf_node-4] [INFO] [1789640191.546417196] [rclcpp]: signal_handler(signum=2)
[swerve_controller_node-18] Traceback (most recent call last):
[swerve_controller_node-18]   File "/home/yahboom/swerve_bringup/install/swerve_bringup/lib/swerve_bringup/swerve_controller_node", line 192, in <module>
[swerve_controller_node-18]     main()
[swerve_controller_node-18]   File "/home/yahboom/swerve_bringup/install/swerve_bringup/lib/swerve_bringup/swerve_controller_node", line 187, in main
[swerve_controller_node-18]     node.destroy_node()
[swerve_controller_node-18]   File "/opt/ros/humble/local/lib/python3.10/dist-packages/rclpy/node.py", line 1685, in destroy_node
[swerve_controller_node-18]     self.destroy_publisher(self._publishers[0])
[swerve_controller_node-18]   File "/opt/ros/humble/local/lib/python3.10/dist-packages/rclpy/node.py", line 1565, in destroy_publisher
[swerve_controller_node-18]     publisher.destroy()
[swerve_controller_node-18]   File "/opt/ros/humble/local/lib/python3.10/dist-packages/rclpy/publisher.py", line 99, in destroy
[swerve_controller_node-18]     self.__publisher.destroy_when_not_in_use()
[swerve_controller_node-18] KeyboardInterrupt
[controller_server-8] [INFO] [1789640191.585317909] [controller_server]: Destroying bond (controller_server) to lifecycle manager.
[map_server-7] [INFO] [1789640191.597045152] [map_server]: Cleaning up
[map_server-7] [INFO] [1789640191.597180383] [map_server]: Destroying bond (map_server) to lifecycle manager.
[lifecycle_manager-13] [INFO] [1789640191.598261125] [rclcpp]: signal_handler(signum=2)
[waypoint_follower-12] [INFO] [1789640191.605246617] [rclcpp]: signal_handler(signum=2)
[bt_navigator-11] [INFO] [1789640191.611209412] [rclcpp]: signal_handler(signum=2)
[swerve_odometry_node-19] Traceback (most recent call last):
[swerve_odometry_node-19]   File "/home/yahboom/swerve_bringup/install/swerve_bringup/lib/swerve_bringup/swerve_odometry_node", line 221, in <module>
[swerve_odometry_node-19]     main()
[swerve_odometry_node-19]   File "/home/yahboom/swerve_bringup/install/swerve_bringup/lib/swerve_bringup/swerve_odometry_node", line 215, in main
[controller_server-8] [INFO] [1789640191.613775184] [controller_server]: Cleaning up
[controller_server-8] [INFO] [1789640191.613992251] [local_costmap.local_costmap]: Cleaning up
[swerve_odometry_node-19]     node.destroy_node()
[swerve_odometry_node-19]   File "/opt/ros/humble/local/lib/python3.10/dist-packages/rclpy/node.py", line 1685, in destroy_node
[swerve_odometry_node-19]     self.destroy_publisher(self._publishers[0])
[swerve_odometry_node-19]   File "/opt/ros/humble/local/lib/python3.10/dist-packages/rclpy/node.py", line 1565, in destroy_publisher
[swerve_odometry_node-19]     publisher.destroy()
[swerve_odometry_node-19]   File "/opt/ros/humble/local/lib/python3.10/dist-packages/rclpy/publisher.py", line 99, in destroy
[swerve_odometry_node-19]     self.__publisher.destroy_when_not_in_use()
[swerve_odometry_node-19] KeyboardInterrupt
[planner_server-9] [INFO] [1789640191.619951527] [planner_server]: Deactivating plugin GridBased of type NavfnPlanner
[planner_server-9] [INFO] [1789640191.620006601] [planner_server]: Destroying bond (planner_server) to lifecycle manager.
[waypoint_follower-12] [INFO] [1789640191.622084702] [waypoint_follower]: Cleaning up
[behavior_server-10] [INFO] [1789640191.623225949] [rclcpp]: signal_handler(signum=2)
[bt_navigator-11] [INFO] [1789640191.630749240] [bt_navigator]: Cleaning up
[behavior_server-10] [INFO] [1789640191.634424829] [behavior_server]: Cleaning up
[planner_server-9] [INFO] [1789640191.636086295] [planner_server]: Cleaning up
[planner_server-9] [INFO] [1789640191.638977510] [rclcpp]: signal_handler(signum=2)
[controller_server-8] [INFO] [1789640191.645973362] [rclcpp]: signal_handler(signum=2)
[map_server-7] [INFO] [1789640191.666875686] [rclcpp]: signal_handler(signum=2)
[robot_state_publisher-2] [INFO] [1789640191.697438242] [rclcpp]: signal_handler(signum=2)
[v30e_sim_node-5] Traceback (most recent call last):
[v30e_sim_node-5]   File "/home/yahboom/swerve_bringup/install/swerve_bringup/lib/swerve_bringup/v30e_sim_node", line 188, in <module>
[v30e_sim_node-5]     if __name__ == '__main__': main()
[v30e_sim_node-5]   File "/home/yahboom/swerve_bringup/install/swerve_bringup/lib/swerve_bringup/v30e_sim_node", line 185, in main
[v30e_sim_node-5]     node.destroy_node(); rclpy.shutdown()
[v30e_sim_node-5]   File "/opt/ros/humble/local/lib/python3.10/dist-packages/rclpy/node.py", line 1691, in destroy_node
[v30e_sim_node-5]     self.destroy_service(self._services[0])
[v30e_sim_node-5]   File "/opt/ros/humble/local/lib/python3.10/dist-packages/rclpy/node.py", line 1615, in destroy_service
[v30e_sim_node-5]     service.destroy()
[v30e_sim_node-5]   File "/opt/ros/humble/local/lib/python3.10/dist-packages/rclpy/service.py", line 93, in destroy
[v30e_sim_node-5]     self.__service.destroy_when_not_in_use()
[v30e_sim_node-5] KeyboardInterrupt
[waypoint_follower-12] [INFO] [1789640191.780147365] [waypoint_follower]: Destroying bond (waypoint_follower) to lifecycle manager.
[map_server-7] [INFO] [1789640191.793469169] [map_server]: Destroying
[controller_server-8] [INFO] [1789640191.935705235] [controller_server]: Destroying bond (controller_server) to lifecycle manager.
[ERROR] [swerve_controller_node-18]: process has died [pid 168774, exit code -2, cmd '/home/yahboom/swerve_bringup/install/swerve_bringup/lib/swerve_bringup/swerve_controller_node --ros-args -r __node:=swerve_controller --params-file /home/yahboom/swerve_bringup/install/swerve_bringup/share/swerve_bringup/config/swerve_controller.yaml --params-file /tmp/launch_params_d4zsmhz0'].
[planner_server-9] [INFO] [1789640191.991029693] [global_costmap.global_costmap]: Cleaning up
[waypoint_follower-12] [INFO] [1789640192.000379786] [waypoint_follower]: Destroying
[controller_server-8] [INFO] [1789640192.022543278] [local_costmap.local_costmap]: Destroying
[ERROR] [v30e_sim_node-5]: process has died [pid 168089, exit code -2, cmd '/home/yahboom/swerve_bringup/install/swerve_bringup/lib/swerve_bringup/v30e_sim_node --ros-args -r __node:=v30e_sim_node --params-file /home/yahboom/swerve_bringup/install/swerve_bringup/share/swerve_bringup/config/v30e_sim.yaml --params-file /tmp/launch_params_vs0m9kkf'].
[planner_server-9] [INFO] [1789640192.048124566] [planner_server]: Cleaning up plugin GridBased of type NavfnPlanner
[planner_server-9] [INFO] [1789640192.048209619] [planner_server]: Destroying plugin GridBased of type NavfnPlanner
[behavior_server-10] [INFO] [1789640192.049024333] [behavior_server]: Destroying bond (behavior_server) to lifecycle manager.
[controller_server-8] [INFO] [1789640192.083809333] [controller_server]: Destroying
[planner_server-9] [INFO] [1789640192.114119637] [planner_server]: Destroying bond (planner_server) to lifecycle manager.
[ERROR] [swerve_odometry_node-19]: process has died [pid 168776, exit code -2, cmd '/home/yahboom/swerve_bringup/install/swerve_bringup/lib/swerve_bringup/swerve_odometry_node --ros-args -r __node:=swerve_odometry --params-file /home/yahboom/swerve_bringup/install/swerve_bringup/share/swerve_bringup/config/swerve_odometry.yaml --params-file /tmp/launch_params__hvva8_e'].
[planner_server-9] [INFO] [1789640192.123954640] [global_costmap.global_costmap]: Destroying
[lifecycle_manager-13] [INFO] [1789640192.128428991] [lifecycle_manager_navigation]: Destroying lifecycle_manager_navigation
[behavior_server-10] [INFO] [1789640192.157461747] [behavior_server]: Destroying
[INFO] [robot_state_publisher-2]: process has finished cleanly [pid 168083]
[planner_server-9] [INFO] [1789640192.164477897] [planner_server]: Destroying
[INFO] [map_server-7]: process has finished cleanly [pid 168094]
[INFO] [waypoint_follower-12]: process has finished cleanly [pid 168113]
[INFO] [controller_server-8]: process has finished cleanly [pid 168096]
[bt_navigator-11] [INFO] [1789640192.285723983] [bt_navigator]: Completed Cleaning up
[bt_navigator-11] [INFO] [1789640192.285823683] [bt_navigator]: Destroying bond (bt_navigator) to lifecycle manager.
[bt_navigator-11] [INFO] [1789640192.303165208] [bt_navigator]: Destroying
[INFO] [behavior_server-10]: process has finished cleanly [pid 168101]
[INFO] [lifecycle_manager-13]: process has finished cleanly [pid 168123]
[INFO] [planner_server-9]: process has finished cleanly [pid 168098]
[INFO] [bt_navigator-11]: process has finished cleanly [pid 168109]
[INFO] [gzserver-1]: process has finished cleanly [pid 168081]
