[INFO] [launch]: All log files can be found below /home/yahboom/.ros/log/2026-09-17-21-25-07-992513-yahboom-virtual-machine-202796
[INFO] [launch]: Default logging verbosity is set to INFO
[INFO] [launch.user]: CONTACT_DIAGNOSTICS=false
[INFO] [gzserver-1]: process started with pid [202816]
[INFO] [robot_state_publisher-2]: process started with pid [202818]
[INFO] [spawn_entity.py-3]: process started with pid [202820]
[INFO] [ekf_node-4]: process started with pid [202822]
[INFO] [v30e_sim_node-5]: process started with pid [202824]
[INFO] [ekf_node-6]: process started with pid [202826]
[INFO] [map_server-7]: process started with pid [202828]
[INFO] [controller_server-8]: process started with pid [202830]
[INFO] [planner_server-9]: process started with pid [202832]
[INFO] [behavior_server-10]: process started with pid [202834]
[INFO] [bt_navigator-11]: process started with pid [202837]
[INFO] [waypoint_follower-12]: process started with pid [202851]
[INFO] [lifecycle_manager-13]: process started with pid [202860]
[INFO] [swerve_bridge_node-14]: process started with pid [202879]
[robot_state_publisher-2] [INFO] [1789651511.282489679] [robot_state_publisher]: got segment base_footprint
[robot_state_publisher-2] [INFO] [1789651511.282635332] [robot_state_publisher]: got segment base_link
[robot_state_publisher-2] [INFO] [1789651511.282647801] [robot_state_publisher]: got segment imu_link
[robot_state_publisher-2] [INFO] [1789651511.282656073] [robot_state_publisher]: got segment lidar_link
[robot_state_publisher-2] [INFO] [1789651511.282663512] [robot_state_publisher]: got segment steer_front_link
[robot_state_publisher-2] [INFO] [1789651511.282671135] [robot_state_publisher]: got segment steer_rear_link
[robot_state_publisher-2] [INFO] [1789651511.282678238] [robot_state_publisher]: got segment v30e_link
[robot_state_publisher-2] [INFO] [1789651511.282685301] [robot_state_publisher]: got segment wheel_front_drive_link
[robot_state_publisher-2] [INFO] [1789651511.282692612] [robot_state_publisher]: got segment wheel_front_left_link
[robot_state_publisher-2] [INFO] [1789651511.282699655] [robot_state_publisher]: got segment wheel_front_right_link
[robot_state_publisher-2] [INFO] [1789651511.282706629] [robot_state_publisher]: got segment wheel_rear_drive_link
[robot_state_publisher-2] [INFO] [1789651511.282713313] [robot_state_publisher]: got segment wheel_rear_left_link
[robot_state_publisher-2] [INFO] [1789651511.282720250] [robot_state_publisher]: got segment wheel_rear_right_link
[behavior_server-10] [INFO] [1789651511.319590107] [behavior_server]: 
[behavior_server-10] 	behavior_server lifecycle node launched. 
[behavior_server-10] 	Waiting on external lifecycle transitions to activate
[behavior_server-10] 	See https://design.ros2.org/articles/node_lifecycle.html for more information.
[map_server-7] [INFO] [1789651511.348305728] [map_server]: 
[map_server-7] 	map_server lifecycle node launched. 
[map_server-7] 	Waiting on external lifecycle transitions to activate
[map_server-7] 	See https://design.ros2.org/articles/node_lifecycle.html for more information.
[map_server-7] [INFO] [1789651511.348512611] [map_server]: Creating
[controller_server-8] [INFO] [1789651511.365806036] [controller_server]: 
[controller_server-8] 	controller_server lifecycle node launched. 
[controller_server-8] 	Waiting on external lifecycle transitions to activate
[controller_server-8] 	See https://design.ros2.org/articles/node_lifecycle.html for more information.
[controller_server-8] [INFO] [1789651511.382755336] [controller_server]: Creating controller server
[planner_server-9] [INFO] [1789651511.425676093] [planner_server]: 
[planner_server-9] 	planner_server lifecycle node launched. 
[planner_server-9] 	Waiting on external lifecycle transitions to activate
[planner_server-9] 	See https://design.ros2.org/articles/node_lifecycle.html for more information.
[waypoint_follower-12] [INFO] [1789651511.432854818] [waypoint_follower]: 
[waypoint_follower-12] 	waypoint_follower lifecycle node launched. 
[waypoint_follower-12] 	Waiting on external lifecycle transitions to activate
[waypoint_follower-12] 	See https://design.ros2.org/articles/node_lifecycle.html for more information.
[waypoint_follower-12] [INFO] [1789651511.433463885] [waypoint_follower]: Creating
[planner_server-9] [INFO] [1789651511.436421231] [planner_server]: Creating
[swerve_bridge_node-14] Traceback (most recent call last):
[swerve_bridge_node-14]   File "/home/yahboom/swerve_bringup/install/swerve_bridge/lib/swerve_bridge/swerve_bridge_node", line 33, in <module>
[swerve_bridge_node-14]     sys.exit(load_entry_point('swerve-bridge', 'console_scripts', 'swerve_bridge_node')())
[swerve_bridge_node-14]   File "/home/yahboom/swerve_bringup/install/swerve_bridge/lib/swerve_bridge/swerve_bridge_node", line 22, in importlib_load_entry_point
[swerve_bridge_node-14]     for entry_point in distribution(dist_name).entry_points
[swerve_bridge_node-14]   File "/usr/lib/python3.10/importlib/metadata/__init__.py", line 969, in distribution
[swerve_bridge_node-14]     return Distribution.from_name(distribution_name)
[swerve_bridge_node-14]   File "/usr/lib/python3.10/importlib/metadata/__init__.py", line 548, in from_name
[swerve_bridge_node-14]     raise PackageNotFoundError(name)
[swerve_bridge_node-14] importlib.metadata.PackageNotFoundError: No package metadata was found for swerve-bridge
[lifecycle_manager-13] [INFO] [1789651511.672144328] [lifecycle_manager_navigation]: Creating
[bt_navigator-11] [INFO] [1789651511.680746080] [bt_navigator]: 
[bt_navigator-11] 	bt_navigator lifecycle node launched. 
[bt_navigator-11] 	Waiting on external lifecycle transitions to activate
[bt_navigator-11] 	See https://design.ros2.org/articles/node_lifecycle.html for more information.
[bt_navigator-11] [INFO] [1789651511.680940659] [bt_navigator]: Creating
[ERROR] [swerve_bridge_node-14]: process has died [pid 202879, exit code 1, cmd '/home/yahboom/swerve_bringup/install/swerve_bridge/lib/swerve_bridge/swerve_bridge_node --ros-args -r __node:=swerve_bridge --params-file /home/yahboom/swerve_bringup/install/swerve_bridge/share/swerve_bridge/config/bridge.yaml --params-file /tmp/launch_params_tdw9h8zm'].
[lifecycle_manager-13] [INFO] [1789651511.741855052] [lifecycle_manager_navigation]: [34m[1mCreating and initializing lifecycle service clients[0m[0m
[planner_server-9] [INFO] [1789651511.756687182] [global_costmap.global_costmap]: 
[planner_server-9] 	global_costmap lifecycle node launched. 
[planner_server-9] 	Waiting on external lifecycle transitions to activate
[planner_server-9] 	See https://design.ros2.org/articles/node_lifecycle.html for more information.
[planner_server-9] [INFO] [1789651511.757220140] [global_costmap.global_costmap]: Creating Costmap
[controller_server-8] [INFO] [1789651511.776603639] [local_costmap.local_costmap]: 
[controller_server-8] 	local_costmap lifecycle node launched. 
[controller_server-8] 	Waiting on external lifecycle transitions to activate
[controller_server-8] 	See https://design.ros2.org/articles/node_lifecycle.html for more information.
[controller_server-8] [INFO] [1789651511.779407330] [local_costmap.local_costmap]: Creating Costmap
[lifecycle_manager-13] [INFO] [1789651511.876029188] [lifecycle_manager_navigation]: [34m[1mStarting managed nodes bringup...[0m[0m
[lifecycle_manager-13] [INFO] [1789651511.876104197] [lifecycle_manager_navigation]: [34m[1mConfiguring map_server[0m[0m
[map_server-7] [INFO] [1789651512.188482926] [map_server]: Configuring
[map_server-7] [INFO] [1789651512.188620901] [map_io]: Loading yaml file: /home/yahboom/swerve_bringup/install/swerve_bringup/share/swerve_bringup/swerve_navigation/maps/warehouse.yaml
[map_server-7] [INFO] [1789651512.188958084] [map_io]: resolution: 0.05
[map_server-7] [INFO] [1789651512.188976900] [map_io]: origin[0]: -17.2
[map_server-7] [INFO] [1789651512.188983284] [map_io]: origin[1]: -17.4
[map_server-7] [INFO] [1789651512.188988665] [map_io]: origin[2]: 0
[map_server-7] [INFO] [1789651512.188994208] [map_io]: free_thresh: 0.25
[map_server-7] [INFO] [1789651512.188999628] [map_io]: occupied_thresh: 0.65
[map_server-7] [INFO] [1789651512.189005221] [map_io]: mode: trinary
[map_server-7] [INFO] [1789651512.189011020] [map_io]: negate: 0
[map_server-7] [INFO] [1789651512.189380609] [map_io]: Loading image_file: /home/yahboom/swerve_bringup/install/swerve_bringup/share/swerve_bringup/swerve_navigation/maps/warehouse.pgm
[map_server-7] [INFO] [1789651512.299056255] [map_io]: Read map /home/yahboom/swerve_bringup/install/swerve_bringup/share/swerve_bringup/swerve_navigation/maps/warehouse.pgm: 676 X 680 map @ 0.05 m/cell
[lifecycle_manager-13] [INFO] [1789651512.424807803] [lifecycle_manager_navigation]: [34m[1mConfiguring controller_server[0m[0m
[controller_server-8] [INFO] [1789651512.429990762] [controller_server]: Configuring controller interface
[controller_server-8] [INFO] [1789651512.430191871] [controller_server]: getting goal checker plugins..
[controller_server-8] [INFO] [1789651512.430239164] [controller_server]: Controller frequency set to 10.0000Hz
[controller_server-8] [INFO] [1789651512.430271347] [local_costmap.local_costmap]: Configuring
[controller_server-8] [INFO] [1789651512.608193399] [local_costmap.local_costmap]: Using plugin "voxel_layer"
[controller_server-8] [INFO] [1789651512.627296720] [local_costmap.local_costmap]: Subscribed to Topics: lidar3d scan
[controller_server-8] [INFO] [1789651512.787702562] [local_costmap.local_costmap]: Initialized plugin "voxel_layer"
[controller_server-8] [INFO] [1789651512.787754843] [local_costmap.local_costmap]: Using plugin "inflation_layer"
[controller_server-8] [INFO] [1789651512.788242429] [local_costmap.local_costmap]: Initialized plugin "inflation_layer"
[controller_server-8] [INFO] [1789651512.893199978] [controller_server]: Created progress_checker : progress_checker of type nav2_controller::SimpleProgressChecker
[controller_server-8] [INFO] [1789651512.912173091] [controller_server]: Created goal checker : general_goal_checker of type nav2_controller::SimpleGoalChecker
[spawn_entity.py-3] [INFO] [1789651512.920229527] [spawn_swerve]: Spawn Entity started
[spawn_entity.py-3] [INFO] [1789651512.920724179] [spawn_swerve]: Loading entity published on topic robot_description
[controller_server-8] [INFO] [1789651512.921668905] [controller_server]: Controller Server has general_goal_checker  goal checkers available.
[controller_server-8] [INFO] [1789651512.925300709] [controller_server]: Created controller : FollowPath of type dwb_core::DWBLocalPlanner
[controller_server-8] [INFO] [1789651512.925919237] [controller_server]: Setting transform_tolerance to 0.200000
[spawn_entity.py-3] [INFO] [1789651512.926602929] [spawn_swerve]: Waiting for entity xml on robot_description
[spawn_entity.py-3] [INFO] [1789651512.959903382] [spawn_swerve]: Waiting for service /spawn_entity, timeout = 30
[spawn_entity.py-3] [INFO] [1789651512.960349834] [spawn_swerve]: Waiting for service /spawn_entity
[controller_server-8] [INFO] [1789651513.000830947] [controller_server]: Using critic "RotateToGoal" (dwb_critics::RotateToGoalCritic)
[controller_server-8] [INFO] [1789651513.003318356] [controller_server]: Critic plugin initialized
[controller_server-8] [INFO] [1789651513.007060928] [controller_server]: Using critic "Oscillation" (dwb_critics::OscillationCritic)
[controller_server-8] [INFO] [1789651513.020466979] [controller_server]: Critic plugin initialized
[controller_server-8] [INFO] [1789651513.026605542] [controller_server]: Using critic "BaseObstacle" (dwb_critics::BaseObstacleCritic)
[controller_server-8] [INFO] [1789651513.030759518] [controller_server]: Critic plugin initialized
[controller_server-8] [INFO] [1789651513.030925700] [controller_server]: Using critic "GoalAlign" (dwb_critics::GoalAlignCritic)
[controller_server-8] [INFO] [1789651513.031398420] [controller_server]: Critic plugin initialized
[controller_server-8] [INFO] [1789651513.031463501] [controller_server]: Using critic "PathAlign" (dwb_critics::PathAlignCritic)
[controller_server-8] [INFO] [1789651513.031835445] [controller_server]: Critic plugin initialized
[controller_server-8] [INFO] [1789651513.031916125] [controller_server]: Using critic "PathDist" (dwb_critics::PathDistCritic)
[controller_server-8] [INFO] [1789651513.032234501] [controller_server]: Critic plugin initialized
[controller_server-8] [INFO] [1789651513.032292493] [controller_server]: Using critic "GoalDist" (dwb_critics::GoalDistCritic)
[controller_server-8] [INFO] [1789651513.042216308] [controller_server]: Critic plugin initialized
[controller_server-8] [INFO] [1789651513.042281711] [controller_server]: Controller Server has FollowPath  controllers available.
[v30e_sim_node-5] [INFO] [1789651513.121869645] [v30e_sim_node]: Using Gazebo /get_entity_state internally; odometry is not a V30E measurement input
[lifecycle_manager-13] [INFO] [1789651513.127078594] [lifecycle_manager_navigation]: [34m[1mConfiguring planner_server[0m[0m
[planner_server-9] [INFO] [1789651513.127564346] [planner_server]: Configuring
[planner_server-9] [INFO] [1789651513.127617799] [global_costmap.global_costmap]: Configuring
[planner_server-9] [INFO] [1789651513.187283359] [global_costmap.global_costmap]: Using plugin "static_layer"
[planner_server-9] [INFO] [1789651513.197589020] [global_costmap.global_costmap]: Subscribing to the map topic (/map) with transient local durability
[planner_server-9] [INFO] [1789651513.198437343] [global_costmap.global_costmap]: Initialized plugin "static_layer"
[planner_server-9] [INFO] [1789651513.198456080] [global_costmap.global_costmap]: Using plugin "obstacle_layer"
[planner_server-9] [INFO] [1789651513.198579522] [global_costmap.global_costmap]: Subscribed to Topics: scan
[planner_server-9] [INFO] [1789651513.208524301] [global_costmap.global_costmap]: Initialized plugin "obstacle_layer"
[planner_server-9] [INFO] [1789651513.208587865] [global_costmap.global_costmap]: Using plugin "inflation_layer"
[planner_server-9] [INFO] [1789651513.218876859] [global_costmap.global_costmap]: Initialized plugin "inflation_layer"
[planner_server-9] [INFO] [1789651513.297500049] [planner_server]: Created global planner plugin GridBased of type nav2_navfn_planner/NavfnPlanner
[planner_server-9] [INFO] [1789651513.297566871] [planner_server]: Configuring plugin GridBased of type NavfnPlanner
[planner_server-9] [INFO] [1789651513.309846115] [planner_server]: Planner Server has GridBased  planners available.
[lifecycle_manager-13] [INFO] [1789651513.441712889] [lifecycle_manager_navigation]: [34m[1mConfiguring behavior_server[0m[0m
[behavior_server-10] [INFO] [1789651513.443029353] [behavior_server]: Configuring
[behavior_server-10] [INFO] [1789651513.501287762] [behavior_server]: Creating behavior plugin spin of type nav2_behaviors/Spin
[behavior_server-10] [INFO] [1789651513.506232991] [behavior_server]: Configuring spin
[behavior_server-10] [INFO] [1789651513.548833121] [behavior_server]: Creating behavior plugin backup of type nav2_behaviors/BackUp
[behavior_server-10] [INFO] [1789651513.549739396] [behavior_server]: Configuring backup
[behavior_server-10] [INFO] [1789651513.597853162] [behavior_server]: Creating behavior plugin drive_on_heading of type nav2_behaviors/DriveOnHeading
[behavior_server-10] [INFO] [1789651513.598981814] [behavior_server]: Configuring drive_on_heading
[behavior_server-10] [INFO] [1789651513.645151007] [behavior_server]: Creating behavior plugin wait of type nav2_behaviors/Wait
[behavior_server-10] [INFO] [1789651513.646056227] [behavior_server]: Configuring wait
[lifecycle_manager-13] [INFO] [1789651513.683817665] [lifecycle_manager_navigation]: [34m[1mConfiguring bt_navigator[0m[0m
[bt_navigator-11] [INFO] [1789651513.684714215] [bt_navigator]: Configuring
[lifecycle_manager-13] [INFO] [1789651514.091601151] [lifecycle_manager_navigation]: [34m[1mConfiguring waypoint_follower[0m[0m
[waypoint_follower-12] [INFO] [1789651514.092065729] [waypoint_follower]: Configuring
[waypoint_follower-12] [INFO] [1789651514.178356386] [waypoint_follower]: Created waypoint_task_executor : wait_at_waypoint of type nav2_waypoint_follower::WaitAtWaypoint
[waypoint_follower-12] [INFO] [1789651514.181715713] [waypoint_follower]: Waypoint pause duration is set to zero, disabling task executor plugin.
[lifecycle_manager-13] [INFO] [1789651514.188358748] [lifecycle_manager_navigation]: [34m[1mActivating map_server[0m[0m
[map_server-7] [INFO] [1789651514.195390318] [map_server]: Activating
[map_server-7] [INFO] [1789651514.196722681] [map_server]: Creating bond (map_server) to lifecycle manager.
[planner_server-9] [INFO] [1789651514.199062912] [global_costmap.global_costmap]: StaticLayer: Resizing costmap to 676 X 680 at 0.050000 m/pix
[lifecycle_manager-13] [INFO] [1789651514.309365416] [lifecycle_manager_navigation]: Server map_server connected with bond.
[lifecycle_manager-13] [INFO] [1789651514.309433140] [lifecycle_manager_navigation]: [34m[1mActivating controller_server[0m[0m
[controller_server-8] [INFO] [1789651514.310894273] [controller_server]: Activating
[controller_server-8] [INFO] [1789651514.311046467] [local_costmap.local_costmap]: Activating
[controller_server-8] [INFO] [1789651514.311070993] [local_costmap.local_costmap]: Checking transform
[controller_server-8] [INFO] [1789651514.311105624] [local_costmap.local_costmap]: Timed out waiting for transform from base_footprint to odom to become available, tf error: Invalid frame ID "odom" passed to canTransform argument target_frame - frame does not exist
[controller_server-8] [INFO] [1789651514.812199174] [local_costmap.local_costmap]: Timed out waiting for transform from base_footprint to odom to become available, tf error: Invalid frame ID "odom" passed to canTransform argument target_frame - frame does not exist
[controller_server-8] [INFO] [1789651515.311637751] [local_costmap.local_costmap]: Timed out waiting for transform from base_footprint to odom to become available, tf error: Invalid frame ID "odom" passed to canTransform argument target_frame - frame does not exist
[controller_server-8] [INFO] [1789651515.812372091] [local_costmap.local_costmap]: Timed out waiting for transform from base_footprint to odom to become available, tf error: Invalid frame ID "odom" passed to canTransform argument target_frame - frame does not exist
[controller_server-8] [INFO] [1789651516.311831901] [local_costmap.local_costmap]: Timed out waiting for transform from base_footprint to odom to become available, tf error: Invalid frame ID "odom" passed to canTransform argument target_frame - frame does not exist
[controller_server-8] [INFO] [1789651516.812018539] [local_costmap.local_costmap]: Timed out waiting for transform from base_footprint to odom to become available, tf error: Invalid frame ID "odom" passed to canTransform argument target_frame - frame does not exist
[controller_server-8] [INFO] [1789651517.312756359] [local_costmap.local_costmap]: Timed out waiting for transform from base_footprint to odom to become available, tf error: Invalid frame ID "odom" passed to canTransform argument target_frame - frame does not exist
[controller_server-8] [INFO] [1789651517.811345822] [local_costmap.local_costmap]: Timed out waiting for transform from base_footprint to odom to become available, tf error: Invalid frame ID "odom" passed to canTransform argument target_frame - frame does not exist
[controller_server-8] [INFO] [1789651518.313588972] [local_costmap.local_costmap]: Timed out waiting for transform from base_footprint to odom to become available, tf error: Invalid frame ID "odom" passed to canTransform argument target_frame - frame does not exist
[spawn_entity.py-3] [INFO] [1789651518.780441211] [spawn_swerve]: Calling service /spawn_entity
[controller_server-8] [INFO] [1789651518.816825030] [local_costmap.local_costmap]: Timed out waiting for transform from base_footprint to odom to become available, tf error: Invalid frame ID "odom" passed to canTransform argument target_frame - frame does not exist
[gzserver-1] [INFO] [1789651519.015339075] [gazebo_ros_state]: Publishing states of gazebo models at [/model_states]
[gzserver-1] [INFO] [1789651519.018545072] [gazebo_ros_state]: Publishing states of gazebo links at [/link_states]
[controller_server-8] [INFO] [1789651519.314259272] [local_costmap.local_costmap]: Timed out waiting for transform from base_footprint to odom to become available, tf error: Invalid frame ID "odom" passed to canTransform argument target_frame - frame does not exist
[gzserver-1] [INFO] [1789651519.521701020] [imu.imu_ros]: <initial_orientation_as_reference> is unset, using default value of false to comply with REP 145 (world as orientation reference)
[controller_server-8] [INFO] [1789651519.815576841] [local_costmap.local_costmap]: Timed out waiting for transform from base_footprint to odom to become available, tf error: Invalid frame ID "odom" passed to canTransform argument target_frame - frame does not exist
[controller_server-8] [INFO] [1789651520.311646838] [local_costmap.local_costmap]: Timed out waiting for transform from base_footprint to odom to become available, tf error: Invalid frame ID "odom" passed to canTransform argument target_frame - frame does not exist
[controller_server-8] [INFO] [1789651520.812487041] [local_costmap.local_costmap]: Timed out waiting for transform from base_footprint to odom to become available, tf error: Invalid frame ID "odom" passed to canTransform argument target_frame - frame does not exist
[controller_server-8] [INFO] [1789651521.312159364] [local_costmap.local_costmap]: Timed out waiting for transform from base_footprint to odom to become available, tf error: Invalid frame ID "odom" passed to canTransform argument target_frame - frame does not exist
[controller_server-8] [INFO] [1789651521.811670580] [local_costmap.local_costmap]: Timed out waiting for transform from base_footprint to odom to become available, tf error: Invalid frame ID "odom" passed to canTransform argument target_frame - frame does not exist
[controller_server-8] [INFO] [1789651522.311232797] [local_costmap.local_costmap]: Timed out waiting for transform from base_footprint to odom to become available, tf error: Invalid frame ID "odom" passed to canTransform argument target_frame - frame does not exist
[controller_server-8] [INFO] [1789651522.811228869] [local_costmap.local_costmap]: Timed out waiting for transform from base_footprint to odom to become available, tf error: Invalid frame ID "odom" passed to canTransform argument target_frame - frame does not exist
[controller_server-8] [INFO] [1789651523.311525077] [local_costmap.local_costmap]: Timed out waiting for transform from base_footprint to odom to become available, tf error: Invalid frame ID "odom" passed to canTransform argument target_frame - frame does not exist
[controller_server-8] [INFO] [1789651523.811401002] [local_costmap.local_costmap]: Timed out waiting for transform from base_footprint to odom to become available, tf error: Invalid frame ID "odom" passed to canTransform argument target_frame - frame does not exist
[controller_server-8] [INFO] [1789651524.311508896] [local_costmap.local_costmap]: Timed out waiting for transform from base_footprint to odom to become available, tf error: Invalid frame ID "odom" passed to canTransform argument target_frame - frame does not exist
[controller_server-8] [INFO] [1789651524.811191082] [local_costmap.local_costmap]: Timed out waiting for transform from base_footprint to odom to become available, tf error: Invalid frame ID "odom" passed to canTransform argument target_frame - frame does not exist
[controller_server-8] [INFO] [1789651525.312373371] [local_costmap.local_costmap]: Timed out waiting for transform from base_footprint to odom to become available, tf error: Invalid frame ID "odom" passed to canTransform argument target_frame - frame does not exist
[controller_server-8] [INFO] [1789651525.814652776] [local_costmap.local_costmap]: Timed out waiting for transform from base_footprint to odom to become available, tf error: Invalid frame ID "odom" passed to canTransform argument target_frame - frame does not exist
[controller_server-8] [INFO] [1789651526.311600285] [local_costmap.local_costmap]: Timed out waiting for transform from base_footprint to odom to become available, tf error: Invalid frame ID "odom" passed to canTransform argument target_frame - frame does not exist
[controller_server-8] [INFO] [1789651526.811292849] [local_costmap.local_costmap]: Timed out waiting for transform from base_footprint to odom to become available, tf error: Invalid frame ID "odom" passed to canTransform argument target_frame - frame does not exist
[controller_server-8] [INFO] [1789651527.311312242] [local_costmap.local_costmap]: Timed out waiting for transform from base_footprint to odom to become available, tf error: Invalid frame ID "odom" passed to canTransform argument target_frame - frame does not exist
[controller_server-8] [INFO] [1789651527.812295778] [local_costmap.local_costmap]: Timed out waiting for transform from base_footprint to odom to become available, tf error: Invalid frame ID "odom" passed to canTransform argument target_frame - frame does not exist
[controller_server-8] [INFO] [1789651528.311255254] [local_costmap.local_costmap]: Timed out waiting for transform from base_footprint to odom to become available, tf error: Invalid frame ID "odom" passed to canTransform argument target_frame - frame does not exist
[controller_server-8] [INFO] [1789651528.812020986] [local_costmap.local_costmap]: Timed out waiting for transform from base_footprint to odom to become available, tf error: Invalid frame ID "odom" passed to canTransform argument target_frame - frame does not exist
[controller_server-8] [INFO] [1789651529.311616572] [local_costmap.local_costmap]: Timed out waiting for transform from base_footprint to odom to become available, tf error: Invalid frame ID "odom" passed to canTransform argument target_frame - frame does not exist
[controller_server-8] [INFO] [1789651529.812116664] [local_costmap.local_costmap]: Timed out waiting for transform from base_footprint to odom to become available, tf error: Invalid frame ID "odom" passed to canTransform argument target_frame - frame does not exist
[controller_server-8] [INFO] [1789651530.311376349] [local_costmap.local_costmap]: Timed out waiting for transform from base_footprint to odom to become available, tf error: Invalid frame ID "odom" passed to canTransform argument target_frame - frame does not exist
[controller_server-8] [INFO] [1789651530.811295994] [local_costmap.local_costmap]: Timed out waiting for transform from base_footprint to odom to become available, tf error: Invalid frame ID "odom" passed to canTransform argument target_frame - frame does not exist
[controller_server-8] [INFO] [1789651531.312586456] [local_costmap.local_costmap]: Timed out waiting for transform from base_footprint to odom to become available, tf error: Invalid frame ID "odom" passed to canTransform argument target_frame - frame does not exist
[controller_server-8] [INFO] [1789651531.811784553] [local_costmap.local_costmap]: Timed out waiting for transform from base_footprint to odom to become available, tf error: Invalid frame ID "odom" passed to canTransform argument target_frame - frame does not exist
[controller_server-8] [INFO] [1789651532.312879919] [local_costmap.local_costmap]: Timed out waiting for transform from base_footprint to odom to become available, tf error: Invalid frame ID "odom" passed to canTransform argument target_frame - frame does not exist
[spawn_entity.py-3] [INFO] [1789651532.565430465] [spawn_swerve]: Spawn status: SpawnEntity: Successfully spawned entity [swerve_base]
[controller_server-8] [INFO] [1789651532.811175538] [local_costmap.local_costmap]: Timed out waiting for transform from base_footprint to odom to become available, tf error: Invalid frame ID "odom" passed to canTransform argument target_frame - frame does not exist
[gzserver-1] [INFO] [1789651532.854299786] [gazebo_ros2_control]: Loading gazebo_ros2_control plugin
[INFO] [spawn_entity.py-3]: process has finished cleanly [pid 202820]
[INFO] [spawner-15]: process started with pid [203281]
[gzserver-1] [INFO] [1789651532.976951471] [gazebo_ros2_control]: Starting gazebo_ros2_control plugin in namespace: /
[gzserver-1] [INFO] [1789651532.977041217] [gazebo_ros2_control]: Starting gazebo_ros2_control plugin in ros 2 node: gazebo_ros2_control
[gzserver-1] [INFO] [1789651533.045957062] [gazebo_ros2_control]: connected to service!! robot_state_publisher
[gzserver-1] [INFO] [1789651533.054650060] [gazebo_ros2_control]: Received urdf from param server, parsing...
[gzserver-1] [INFO] [1789651533.054816399] [gazebo_ros2_control]: Loading parameter files /home/yahboom/swerve_bringup/install/swerve_bringup/share/swerve_bringup/config/controllers.yaml
[gzserver-1] [INFO] [1789651533.096385845] [gazebo_ros2_control]: Loading joint: steer_front_joint
[gzserver-1] [INFO] [1789651533.096451421] [gazebo_ros2_control]: 	State:
[gzserver-1] [INFO] [1789651533.096465278] [gazebo_ros2_control]: 		 position
[gzserver-1] [INFO] [1789651533.096476625] [gazebo_ros2_control]: 		 velocity
[gzserver-1] [INFO] [1789651533.096485868] [gazebo_ros2_control]: 	Command:
[gzserver-1] [INFO] [1789651533.096494809] [gazebo_ros2_control]: 		 position
[gzserver-1] [INFO] [1789651533.110363526] [gazebo_ros2_control]: Loading joint: steer_rear_joint
[gzserver-1] [INFO] [1789651533.110468271] [gazebo_ros2_control]: 	State:
[gzserver-1] [INFO] [1789651533.110483635] [gazebo_ros2_control]: 		 position
[gzserver-1] [INFO] [1789651533.110495303] [gazebo_ros2_control]: 		 velocity
[gzserver-1] [INFO] [1789651533.110504632] [gazebo_ros2_control]: 	Command:
[gzserver-1] [INFO] [1789651533.110513317] [gazebo_ros2_control]: 		 position
[gzserver-1] [INFO] [1789651533.111303137] [gazebo_ros2_control]: Loading joint: wheel_front_drive_joint
[gzserver-1] [INFO] [1789651533.111340720] [gazebo_ros2_control]: 	State:
[gzserver-1] [INFO] [1789651533.111352012] [gazebo_ros2_control]: 		 position
[gzserver-1] [INFO] [1789651533.111363682] [gazebo_ros2_control]: 		 velocity
[gzserver-1] [INFO] [1789651533.111373179] [gazebo_ros2_control]: 	Command:
[gzserver-1] [INFO] [1789651533.111389273] [gazebo_ros2_control]: 		 velocity
[gzserver-1] [INFO] [1789651533.115786617] [gazebo_ros2_control]: Loading joint: wheel_rear_drive_joint
[gzserver-1] [INFO] [1789651533.115832620] [gazebo_ros2_control]: 	State:
[gzserver-1] [INFO] [1789651533.115845301] [gazebo_ros2_control]: 		 position
[gzserver-1] [INFO] [1789651533.115855648] [gazebo_ros2_control]: 		 velocity
[gzserver-1] [INFO] [1789651533.115864488] [gazebo_ros2_control]: 	Command:
[gzserver-1] [INFO] [1789651533.115887687] [gazebo_ros2_control]: 		 velocity
[gzserver-1] [INFO] [1789651533.120751642] [resource_manager]: Initialize hardware 'GazeboSystem' 
[gzserver-1] [INFO] [1789651533.121124887] [resource_manager]: Successful initialization of hardware 'GazeboSystem'
[gzserver-1] [INFO] [1789651533.121266225] [resource_manager]: 'configure' hardware 'GazeboSystem' 
[gzserver-1] [INFO] [1789651533.121279000] [resource_manager]: Successful 'configure' of hardware 'GazeboSystem'
[gzserver-1] [INFO] [1789651533.121286401] [resource_manager]: 'activate' hardware 'GazeboSystem' 
[gzserver-1] [INFO] [1789651533.121292788] [resource_manager]: Successful 'activate' of hardware 'GazeboSystem'
[gzserver-1] [INFO] [1789651533.121391779] [gazebo_ros2_control]: Loading controller_manager
[controller_server-8] [INFO] [1789651533.311199356] [local_costmap.local_costmap]: Timed out waiting for transform from base_footprint to odom to become available, tf error: Invalid frame ID "odom" passed to canTransform argument target_frame - frame does not exist
[gzserver-1] [WARN] [1789651533.511551868] [gazebo_ros2_control]:  Desired controller update period (0.01 s) is slower than the gazebo simulation period (0.001 s).
[gzserver-1] [INFO] [1789651533.515908550] [gazebo_ros2_control]: Loaded gazebo_ros2_control.
[controller_server-8] [INFO] [1789651533.813932723] [local_costmap.local_costmap]: start
[controller_server-8] [INFO] [1789651533.951075044] [controller_server]: Creating bond (controller_server) to lifecycle manager.
[spawner-15] [INFO] [1789651533.995972964] [spawn_joint_state_broadcaster]: waiting for service /controller_manager/list_controllers to become available...
[lifecycle_manager-13] [INFO] [1789651534.069210126] [lifecycle_manager_navigation]: Server controller_server connected with bond.
[lifecycle_manager-13] [INFO] [1789651534.069830838] [lifecycle_manager_navigation]: [34m[1mActivating planner_server[0m[0m
[planner_server-9] [INFO] [1789651534.071180004] [planner_server]: Activating
[planner_server-9] [INFO] [1789651534.071280061] [global_costmap.global_costmap]: Activating
[planner_server-9] [INFO] [1789651534.071300542] [global_costmap.global_costmap]: Checking transform
[planner_server-9] [INFO] [1789651534.071334630] [global_costmap.global_costmap]: Timed out waiting for transform from base_footprint to map to become available, tf error: Invalid frame ID "map" passed to canTransform argument target_frame - frame does not exist
[planner_server-9] [INFO] [1789651534.574295255] [global_costmap.global_costmap]: start
[planner_server-9] [INFO] [1789651535.143837055] [planner_server]: Activating plugin GridBased of type NavfnPlanner
[planner_server-9] [INFO] [1789651535.145278337] [planner_server]: Creating bond (planner_server) to lifecycle manager.
[lifecycle_manager-13] [INFO] [1789651535.259676745] [lifecycle_manager_navigation]: Server planner_server connected with bond.
[lifecycle_manager-13] [INFO] [1789651535.259812169] [lifecycle_manager_navigation]: [34m[1mActivating behavior_server[0m[0m
[behavior_server-10] [INFO] [1789651535.262776086] [behavior_server]: Activating
[behavior_server-10] [INFO] [1789651535.262828422] [behavior_server]: Activating spin
[behavior_server-10] [INFO] [1789651535.262846960] [behavior_server]: Activating backup
[behavior_server-10] [INFO] [1789651535.262860084] [behavior_server]: Activating drive_on_heading
[behavior_server-10] [INFO] [1789651535.262873031] [behavior_server]: Activating wait
[behavior_server-10] [INFO] [1789651535.262890828] [behavior_server]: Creating bond (behavior_server) to lifecycle manager.
[lifecycle_manager-13] [INFO] [1789651535.381810339] [lifecycle_manager_navigation]: Server behavior_server connected with bond.
[lifecycle_manager-13] [INFO] [1789651535.382563142] [lifecycle_manager_navigation]: [34m[1mActivating bt_navigator[0m[0m
[bt_navigator-11] [INFO] [1789651535.386064165] [bt_navigator]: Activating
[bt_navigator-11] [INFO] [1789651536.341590556] [bt_navigator]: Creating bond (bt_navigator) to lifecycle manager.
[lifecycle_manager-13] [INFO] [1789651536.459643288] [lifecycle_manager_navigation]: Server bt_navigator connected with bond.
[lifecycle_manager-13] [INFO] [1789651536.459769996] [lifecycle_manager_navigation]: [34m[1mActivating waypoint_follower[0m[0m
[waypoint_follower-12] [INFO] [1789651536.460437709] [waypoint_follower]: Activating
[waypoint_follower-12] [INFO] [1789651536.460540569] [waypoint_follower]: Creating bond (waypoint_follower) to lifecycle manager.
[lifecycle_manager-13] [INFO] [1789651536.583852410] [lifecycle_manager_navigation]: Server waypoint_follower connected with bond.
[lifecycle_manager-13] [INFO] [1789651536.583915427] [lifecycle_manager_navigation]: [34m[1mManaged nodes are active[0m[0m
[lifecycle_manager-13] [INFO] [1789651536.583931996] [lifecycle_manager_navigation]: [34m[1mCreating bond timer...[0m[0m
[gzserver-1] [INFO] [1789651537.023806732] [controller_manager]: Loading controller 'joint_state_broadcaster'
[spawner-15] [INFO] [1789651537.527511383] [spawn_joint_state_broadcaster]: [94mLoaded [1mjoint_state_broadcaster[0m
[gzserver-1] [INFO] [1789651537.541929927] [controller_manager]: Configuring controller 'joint_state_broadcaster'
[gzserver-1] [INFO] [1789651537.542504570] [joint_state_broadcaster]: 'joints' or 'interfaces' parameter is empty. All available state interfaces will be published
[spawner-15] [INFO] [1789651537.641963975] [spawn_joint_state_broadcaster]: [92mConfigured and activated [1mjoint_state_broadcaster[0m
[INFO] [spawner-15]: process has finished cleanly [pid 203281]
[INFO] [spawner-16]: process started with pid [203366]
[spawner-16] [INFO] [1789651539.620837939] [spawn_steering_controller]: waiting for service /controller_manager/list_controllers to become available...
[gzserver-1] [INFO] [1789651540.144918477] [controller_manager]: Loading controller 'steering_controller'
[spawner-16] [INFO] [1789651540.682437552] [spawn_steering_controller]: [94mLoaded [1msteering_controller[0m
[gzserver-1] [INFO] [1789651540.693674051] [controller_manager]: Configuring controller 'steering_controller'
[gzserver-1] [INFO] [1789651540.705543896] [steering_controller]: configure successful
[gzserver-1] [INFO] [1789651540.750419503] [steering_controller]: activate successful
[spawner-16] [INFO] [1789651540.768981390] [spawn_steering_controller]: [92mConfigured and activated [1msteering_controller[0m
[INFO] [spawner-16]: process has finished cleanly [pid 203366]
[INFO] [spawner-17]: process started with pid [203378]
[spawner-17] [INFO] [1789651542.581614747] [spawn_drive_controller]: waiting for service /controller_manager/list_controllers to become available...
[gzserver-1] [INFO] [1789651543.102174033] [controller_manager]: Loading controller 'drive_controller'
[spawner-17] [INFO] [1789651543.240303555] [spawn_drive_controller]: [94mLoaded [1mdrive_controller[0m
[gzserver-1] [INFO] [1789651543.254997964] [controller_manager]: Configuring controller 'drive_controller'
[gzserver-1] [INFO] [1789651543.263913903] [drive_controller]: configure successful
[gzserver-1] [INFO] [1789651543.720024132] [drive_controller]: activate successful
[spawner-17] [INFO] [1789651543.742695642] [spawn_drive_controller]: [92mConfigured and activated [1mdrive_controller[0m
[INFO] [spawner-17]: process has finished cleanly [pid 203378]
[INFO] [swerve_controller_node-18]: process started with pid [203456]
[INFO] [swerve_odometry_node-19]: process started with pid [203458]
[swerve_controller_node-18] [INFO] [1789651545.473822867] [swerve_controller]: Swerve controller ready: radius=0.0675 m, modules={'front': (0.300042, 0.0), 'rear': (-0.300042, 0.0)}
[swerve_odometry_node-19] [INFO] [1789651545.797295505] [swerve_odometry]: Encoder odometry ready: radius=0.0637 m, velocity_sign=+1.0
[waypoint_follower-12] [INFO] [1789651600.031693034] [rclcpp]: signal_handler(signum=2)
[waypoint_follower-12] [INFO] [1789651600.031948034] [waypoint_follower]: Running Nav2 LifecycleNode rcl preshutdown (waypoint_follower)
[waypoint_follower-12] [INFO] [1789651600.032052770] [waypoint_follower]: Deactivating
[waypoint_follower-12] [INFO] [1789651600.032083847] [waypoint_follower]: Destroying bond (waypoint_follower) to lifecycle manager.
[bt_navigator-11] [INFO] [1789651600.032208856] [rclcpp]: signal_handler(signum=2)
[controller_server-8] [INFO] [1789651600.032383746] [rclcpp]: signal_handler(signum=2)
/opt/ros/humble/lib/python3.10/site-packages/launch/launch_service.py:324: RuntimeWarning: coroutine 'wait' was never awaited
  completed_tasks, _ = await asyncio.wait(
RuntimeWarning: Enable tracemalloc to get the object allocation traceback
[behavior_server-10] [INFO] [1789651600.032445899] [rclcpp]: signal_handler(signum=2)
[WARNING] [launch]: user interrupted with ctrl-c (SIGINT)
[planner_server-9] [INFO] [1789651600.032528581] [rclcpp]: signal_handler(signum=2)
[lifecycle_manager-13] [INFO] [1789651600.034064006] [rclcpp]: signal_handler(signum=2)
[lifecycle_manager-13] [INFO] [1789651600.034864146] [lifecycle_manager_navigation]: Running Nav2 LifecycleManager rcl preshutdown (lifecycle_manager_navigation)
[lifecycle_manager-13] [INFO] [1789651600.034943564] [lifecycle_manager_navigation]: [34m[1mTerminating bond timer...[0m[0m
[behavior_server-10] [INFO] [1789651600.035204583] [behavior_server]: Running Nav2 LifecycleNode rcl preshutdown (behavior_server)
[behavior_server-10] [INFO] [1789651600.035277168] [behavior_server]: Deactivating
[behavior_server-10] [INFO] [1789651600.035320610] [behavior_server]: Destroying bond (behavior_server) to lifecycle manager.
[robot_state_publisher-2] [INFO] [1789651600.035637654] [rclcpp]: signal_handler(signum=2)
[bt_navigator-11] [INFO] [1789651600.035656208] [bt_navigator]: Running Nav2 LifecycleNode rcl preshutdown (bt_navigator)
[bt_navigator-11] [INFO] [1789651600.035746264] [bt_navigator]: Deactivating
[bt_navigator-11] [INFO] [1789651600.035781122] [bt_navigator]: Destroying bond (bt_navigator) to lifecycle manager.
[planner_server-9] [INFO] [1789651600.035704501] [planner_server]: Running Nav2 LifecycleNode rcl preshutdown (planner_server)
[planner_server-9] [INFO] [1789651600.035780710] [planner_server]: Deactivating
[planner_server-9] [INFO] [1789651600.035820265] [global_costmap.global_costmap]: Deactivating
[controller_server-8] [INFO] [1789651600.036142736] [controller_server]: Running Nav2 LifecycleNode rcl preshutdown (controller_server)
[controller_server-8] [INFO] [1789651600.042680748] [controller_server]: Deactivating
[controller_server-8] [INFO] [1789651600.045741574] [local_costmap.local_costmap]: Deactivating
[ekf_node-4] [INFO] [1789651600.037721955] [rclcpp]: signal_handler(signum=2)
[ekf_node-6] [INFO] [1789651600.038248155] [rclcpp]: signal_handler(signum=2)
[map_server-7] [INFO] [1789651600.040736556] [rclcpp]: signal_handler(signum=2)
[map_server-7] [INFO] [1789651600.043693628] [map_server]: Running Nav2 LifecycleNode rcl preshutdown (map_server)
[map_server-7] [INFO] [1789651600.043765862] [map_server]: Deactivating
[map_server-7] [INFO] [1789651600.043793886] [map_server]: Destroying bond (map_server) to lifecycle manager.
[INFO] [swerve_odometry_node-19]: sending signal 'SIGINT' to process[swerve_odometry_node-19]
[INFO] [swerve_controller_node-18]: sending signal 'SIGINT' to process[swerve_controller_node-18]
[INFO] [lifecycle_manager-13]: sending signal 'SIGINT' to process[lifecycle_manager-13]
[INFO] [waypoint_follower-12]: sending signal 'SIGINT' to process[waypoint_follower-12]
[INFO] [bt_navigator-11]: sending signal 'SIGINT' to process[bt_navigator-11]
[INFO] [behavior_server-10]: sending signal 'SIGINT' to process[behavior_server-10]
[INFO] [planner_server-9]: sending signal 'SIGINT' to process[planner_server-9]
[INFO] [controller_server-8]: sending signal 'SIGINT' to process[controller_server-8]
[INFO] [map_server-7]: sending signal 'SIGINT' to process[map_server-7]
[INFO] [ekf_node-6]: sending signal 'SIGINT' to process[ekf_node-6]
[INFO] [v30e_sim_node-5]: sending signal 'SIGINT' to process[v30e_sim_node-5]
[INFO] [ekf_node-4]: sending signal 'SIGINT' to process[ekf_node-4]
[INFO] [robot_state_publisher-2]: sending signal 'SIGINT' to process[robot_state_publisher-2]
[ERROR] [ekf_node-6]: process has died [pid 202826, exit code -2, cmd '/opt/ros/humble/lib/robot_localization/ekf_node --ros-args -r __node:=ekf_v30e --params-file /home/yahboom/swerve_bringup/install/swerve_bringup/share/swerve_bringup/config/v30e_localization_ekf.yaml --params-file /tmp/launch_params_oyuvxai9 -r odometry/filtered:=/odometry/v30e'].
[INFO] [gzserver-1]: sending signal 'SIGINT' to process[gzserver-1]
[behavior_server-10] [INFO] [1789651600.068379887] [behavior_server]: Cleaning up
[controller_server-8] [INFO] [1789651600.087355856] [controller_server]: Destroying bond (controller_server) to lifecycle manager.
[planner_server-9] [INFO] [1789651600.087932654] [planner_server]: Deactivating plugin GridBased of type NavfnPlanner
[planner_server-9] [INFO] [1789651600.087975769] [planner_server]: Destroying bond (planner_server) to lifecycle manager.
[map_server-7] [INFO] [1789651600.091130237] [map_server]: Cleaning up
[map_server-7] [INFO] [1789651600.092123707] [map_server]: Destroying bond (map_server) to lifecycle manager.
[swerve_odometry_node-19] Traceback (most recent call last):
[swerve_odometry_node-19]   File "/home/yahboom/swerve_bringup/install/swerve_bringup/lib/swerve_bringup/swerve_odometry_node", line 221, in <module>
[swerve_odometry_node-19]     main()
[swerve_odometry_node-19]   File "/home/yahboom/swerve_bringup/install/swerve_bringup/lib/swerve_bringup/swerve_odometry_node", line 215, in main
[swerve_odometry_node-19]     node.destroy_node()
[swerve_odometry_node-19]   File "/opt/ros/humble/local/lib/python3.10/dist-packages/rclpy/node.py", line 1685, in destroy_node
[swerve_odometry_node-19]     self.destroy_publisher(self._publishers[0])
[swerve_odometry_node-19]   File "/opt/ros/humble/local/lib/python3.10/dist-packages/rclpy/node.py", line 1565, in destroy_publisher
[swerve_odometry_node-19]     publisher.destroy()
[swerve_odometry_node-19]   File "/opt/ros/humble/local/lib/python3.10/dist-packages/rclpy/publisher.py", line 99, in destroy
[swerve_odometry_node-19]     self.__publisher.destroy_when_not_in_use()
[swerve_odometry_node-19] KeyboardInterrupt
[swerve_controller_node-18] Traceback (most recent call last):
[swerve_controller_node-18]   File "/home/yahboom/swerve_bringup/install/swerve_bringup/lib/swerve_bringup/swerve_controller_node", line 192, in <module>
[swerve_controller_node-18]     main()
[swerve_controller_node-18]   File "/home/yahboom/swerve_bringup/install/swerve_bringup/lib/swerve_bringup/swerve_controller_node", line 184, in main
[swerve_controller_node-18]     node.steer_pub.publish(Float64MultiArray(data=[
[swerve_controller_node-18]   File "/opt/ros/humble/local/lib/python3.10/dist-packages/rclpy/publisher.py", line 70, in publish
[swerve_controller_node-18]     self.__publisher.publish(msg)
[swerve_controller_node-18] rclpy._rclpy_pybind11.RCLError: Failed to publish: publisher's context is invalid, at ./src/rcl/publisher.c:389
[swerve_controller_node-18] Error in sys.excepthook:
[swerve_controller_node-18] Traceback (most recent call last):
[swerve_controller_node-18]   File "/usr/lib/python3/dist-packages/apport_python_hook.py", line 72, in apport_excepthook
[swerve_controller_node-18]     from apport.fileutils import likely_packaged, get_recent_crashes
[swerve_controller_node-18]   File "/usr/lib/python3/dist-packages/apport/__init__.py", line 5, in <module>
[swerve_controller_node-18]     from apport.report import Report
[swerve_controller_node-18]   File "/usr/lib/python3/dist-packages/apport/report.py", line 21, in <module>
[swerve_controller_node-18]     from urllib.request import urlopen
[swerve_controller_node-18]   File "/usr/lib/python3.10/urllib/request.py", line 88, in <module>
[swerve_controller_node-18]     import http.client
[swerve_controller_node-18]   File "/usr/lib/python3.10/http/client.py", line 71, in <module>
[swerve_controller_node-18]     import email.parser
[swerve_controller_node-18]   File "/usr/lib/python3.10/email/parser.py", line 12, in <module>
[swerve_controller_node-18]     from email.feedparser import FeedParser, BytesFeedParser
[swerve_controller_node-18]   File "/usr/lib/python3.10/email/feedparser.py", line 27, in <module>
[swerve_controller_node-18]     from email._policybase import compat32
[swerve_controller_node-18]   File "/usr/lib/python3.10/email/_policybase.py", line 7, in <module>
[swerve_controller_node-18]     from email import header
[swerve_controller_node-18]   File "/usr/lib/python3.10/email/header.py", line 52, in <module>
[swerve_controller_node-18]     _embedded_header = re.compile(r'\n[^ \t]+:')
[swerve_controller_node-18]   File "/usr/lib/python3.10/re.py", line 251, in compile
[swerve_controller_node-18]     return _compile(pattern, flags)
[swerve_controller_node-18]   File "/usr/lib/python3.10/re.py", line 303, in _compile
[swerve_controller_node-18]     p = sre_compile.compile(pattern, flags)
[swerve_controller_node-18]   File "/usr/lib/python3.10/sre_compile.py", line 792, in compile
[swerve_controller_node-18]     code = _code(p, flags)
[swerve_controller_node-18]   File "/usr/lib/python3.10/sre_compile.py", line 628, in _code
[swerve_controller_node-18]     _compile_info(code, p, flags)
[swerve_controller_node-18]   File "/usr/lib/python3.10/sre_compile.py", line 564, in _compile_info
[swerve_controller_node-18]     lo, hi = pattern.getwidth()
[swerve_controller_node-18]   File "/usr/lib/python3.10/sre_parse.py", line 175, in getwidth
[swerve_controller_node-18]     def getwidth(self):
[swerve_controller_node-18] KeyboardInterrupt
[swerve_controller_node-18] 
[swerve_controller_node-18] Original exception was:
[swerve_controller_node-18] Traceback (most recent call last):
[swerve_controller_node-18]   File "/home/yahboom/swerve_bringup/install/swerve_bringup/lib/swerve_bringup/swerve_controller_node", line 192, in <module>
[swerve_controller_node-18]     main()
[swerve_controller_node-18]   File "/home/yahboom/swerve_bringup/install/swerve_bringup/lib/swerve_bringup/swerve_controller_node", line 184, in main
[swerve_controller_node-18]     node.steer_pub.publish(Float64MultiArray(data=[
[swerve_controller_node-18]   File "/opt/ros/humble/local/lib/python3.10/dist-packages/rclpy/publisher.py", line 70, in publish
[swerve_controller_node-18]     self.__publisher.publish(msg)
[swerve_controller_node-18] rclpy._rclpy_pybind11.RCLError: Failed to publish: publisher's context is invalid, at ./src/rcl/publisher.c:389
[lifecycle_manager-13] [INFO] [1789651600.105844320] [rclcpp]: signal_handler(signum=2)
[waypoint_follower-12] [INFO] [1789651600.106403208] [waypoint_follower]: Cleaning up
[bt_navigator-11] [INFO] [1789651600.109090564] [bt_navigator]: Cleaning up
[waypoint_follower-12] [INFO] [1789651600.116973954] [rclcpp]: signal_handler(signum=2)
[bt_navigator-11] [INFO] [1789651600.119291926] [rclcpp]: signal_handler(signum=2)
[controller_server-8] [INFO] [1789651600.120328886] [controller_server]: Cleaning up
[controller_server-8] [INFO] [1789651600.120501819] [local_costmap.local_costmap]: Cleaning up
[behavior_server-10] [INFO] [1789651600.122439674] [rclcpp]: signal_handler(signum=2)
[planner_server-9] [INFO] [1789651600.131412282] [rclcpp]: signal_handler(signum=2)
[planner_server-9] [INFO] [1789651600.136978357] [planner_server]: Cleaning up
[ERROR] [ekf_node-4]: process has died [pid 202822, exit code -2, cmd '/opt/ros/humble/lib/robot_localization/ekf_node --ros-args -r __node:=ekf_filter_node --params-file /home/yahboom/swerve_bringup/install/swerve_bringup/share/swerve_bringup/config/ekf.yaml --params-file /tmp/launch_params_mo7jjicg -r /odom:=/odom -r /imu/data:=/imu/data'].
[controller_server-8] [INFO] [1789651600.136643515] [rclcpp]: signal_handler(signum=2)
[map_server-7] [INFO] [1789651600.149700659] [rclcpp]: signal_handler(signum=2)
[robot_state_publisher-2] [INFO] [1789651600.177682677] [rclcpp]: signal_handler(signum=2)
[v30e_sim_node-5] Traceback (most recent call last):
[v30e_sim_node-5]   File "/home/yahboom/swerve_bringup/install/swerve_bringup/lib/swerve_bringup/v30e_sim_node", line 188, in <module>
[v30e_sim_node-5]     if __name__ == '__main__': main()
[v30e_sim_node-5]   File "/home/yahboom/swerve_bringup/install/swerve_bringup/lib/swerve_bringup/v30e_sim_node", line 185, in main
[v30e_sim_node-5]     node.destroy_node(); rclpy.shutdown()
[v30e_sim_node-5]   File "/opt/ros/humble/local/lib/python3.10/dist-packages/rclpy/node.py", line 1691, in destroy_node
[v30e_sim_node-5]     self.destroy_service(self._services[0])
[v30e_sim_node-5]   File "/opt/ros/humble/local/lib/python3.10/dist-packages/rclpy/node.py", line 1615, in destroy_service
[v30e_sim_node-5]     service.destroy()
[v30e_sim_node-5]   File "/opt/ros/humble/local/lib/python3.10/dist-packages/rclpy/service.py", line 93, in destroy
[v30e_sim_node-5]     self.__service.destroy_when_not_in_use()
[v30e_sim_node-5] KeyboardInterrupt
[waypoint_follower-12] [INFO] [1789651600.238225432] [waypoint_follower]: Destroying bond (waypoint_follower) to lifecycle manager.
[waypoint_follower-12] [INFO] [1789651600.243388365] [waypoint_follower]: Destroying
[map_server-7] [INFO] [1789651600.289486306] [map_server]: Destroying
[lifecycle_manager-13] [INFO] [1789651600.354139586] [lifecycle_manager_navigation]: Destroying lifecycle_manager_navigation
[planner_server-9] [INFO] [1789651600.384518661] [global_costmap.global_costmap]: Cleaning up
[behavior_server-10] [INFO] [1789651600.386409137] [behavior_server]: Destroying bond (behavior_server) to lifecycle manager.
[ERROR] [v30e_sim_node-5]: process has died [pid 202824, exit code -2, cmd '/home/yahboom/swerve_bringup/install/swerve_bringup/lib/swerve_bringup/v30e_sim_node --ros-args -r __node:=v30e_sim_node --params-file /home/yahboom/swerve_bringup/install/swerve_bringup/share/swerve_bringup/config/v30e_sim.yaml --params-file /tmp/launch_params_nfmhp4_x'].
[ERROR] [swerve_odometry_node-19]: process has died [pid 203458, exit code -2, cmd '/home/yahboom/swerve_bringup/install/swerve_bringup/lib/swerve_bringup/swerve_odometry_node --ros-args -r __node:=swerve_odometry --params-file /home/yahboom/swerve_bringup/install/swerve_bringup/share/swerve_bringup/config/swerve_odometry.yaml --params-file /tmp/launch_params_4tb297az'].
[INFO] [robot_state_publisher-2]: process has finished cleanly [pid 202818]
[planner_server-9] [INFO] [1789651600.463602864] [planner_server]: Cleaning up plugin GridBased of type NavfnPlanner
[planner_server-9] [INFO] [1789651600.463760056] [planner_server]: Destroying plugin GridBased of type NavfnPlanner
[behavior_server-10] [INFO] [1789651600.472835980] [behavior_server]: Destroying
[controller_server-8] [INFO] [1789651600.480225368] [controller_server]: Destroying bond (controller_server) to lifecycle manager.
[controller_server-8] [INFO] [1789651600.505268217] [local_costmap.local_costmap]: Destroying
[INFO] [waypoint_follower-12]: process has finished cleanly [pid 202851]
[planner_server-9] [INFO] [1789651600.532285248] [planner_server]: Destroying bond (planner_server) to lifecycle manager.
[planner_server-9] [INFO] [1789651600.542390399] [global_costmap.global_costmap]: Destroying
[ERROR] [swerve_controller_node-18]: process has died [pid 203456, exit code 1, cmd '/home/yahboom/swerve_bringup/install/swerve_bringup/lib/swerve_bringup/swerve_controller_node --ros-args -r __node:=swerve_controller --params-file /home/yahboom/swerve_bringup/install/swerve_bringup/share/swerve_bringup/config/swerve_controller.yaml --params-file /tmp/launch_params_krabptkb'].
[planner_server-9] [INFO] [1789651600.572230273] [planner_server]: Destroying
[controller_server-8] [INFO] [1789651600.583776050] [controller_server]: Destroying
[INFO] [map_server-7]: process has finished cleanly [pid 202828]
[bt_navigator-11] [INFO] [1789651600.663935099] [bt_navigator]: Completed Cleaning up
[bt_navigator-11] [INFO] [1789651600.664004200] [bt_navigator]: Destroying bond (bt_navigator) to lifecycle manager.
[INFO] [lifecycle_manager-13]: process has finished cleanly [pid 202860]
[bt_navigator-11] [INFO] [1789651600.679618249] [bt_navigator]: Destroying
[INFO] [behavior_server-10]: process has finished cleanly [pid 202834]
[INFO] [planner_server-9]: process has finished cleanly [pid 202832]
[INFO] [controller_server-8]: process has finished cleanly [pid 202830]
[INFO] [bt_navigator-11]: process has finished cleanly [pid 202837]
[INFO] [gzserver-1]: process has finished cleanly [pid 202816]
