[0.307s] DEBUG:colcon:Command line arguments: ['/usr/bin/colcon', 'list', '--paths', '.', 'swerve_bridge']
[0.307s] DEBUG:colcon:Parsed command line arguments: Namespace(log_base=None, log_level=None, verb_name='list', build_base='build', ignore_user_meta=False, metas=['./colcon.meta'], base_paths=['.'], packages_ignore=None, packages_ignore_regex=None, paths=['/home/yahboom/swerve_bringup', '/home/yahboom/swerve_bringup/swerve_bridge'], packages_up_to=None, packages_up_to_regex=None, packages_above=None, packages_above_and_dependencies=None, packages_above_depth=None, packages_select_by_dep=None, packages_skip_by_dep=None, packages_skip_up_to=None, packages_select_build_failed=False, packages_skip_build_finished=False, packages_select_test_failures=False, packages_skip_test_passed=False, packages_select=None, packages_skip=None, packages_select_regex=None, packages_skip_regex=None, packages_start=None, packages_end=None, allow_overriding=[], topological_order=False, names_only=False, paths_only=False, topological_graph=False, topological_graph_dot=False, topological_graph_density=False, topological_graph_legend=False, topological_graph_dot_cluster=False, topological_graph_dot_include_skipped=False, mixin_files=None, mixin=None, verb_parser=<colcon_mixin.mixin.mixin_argument.MixinArgumentDecorator object at 0x7da011d72800>, verb_extension=<colcon_package_information.verb.list.ListVerb object at 0x7da011d71870>, main=<bound method ListVerb.main of <colcon_package_information.verb.list.ListVerb object at 0x7da011d71870>>, mixin_verb=('list',))
[0.804s] Level 1:colcon.colcon_core.package_discovery:discover_packages(colcon_meta) check parameters
[0.806s] Level 1:colcon.colcon_core.package_discovery:discover_packages(recursive) check parameters
[0.806s] Level 1:colcon.colcon_core.package_discovery:discover_packages(ignore) check parameters
[0.806s] Level 1:colcon.colcon_core.package_discovery:discover_packages(path) check parameters
[0.806s] Level 1:colcon.colcon_core.package_discovery:discover_packages(path) discover
[0.806s] Level 1:colcon.colcon_core.package_discovery:PathPackageDiscovery.discover(['/home/yahboom/swerve_bringup', '/home/yahboom/swerve_bringup/swerve_bridge'])
[0.807s] Level 1:colcon.colcon_core.package_identification:_identify(/home/yahboom/swerve_bringup) by extensions ['ignore', 'ignore_ament_install']
[0.808s] Level 1:colcon.colcon_core.package_identification:_identify(/home/yahboom/swerve_bringup) by extension 'ignore'
[0.808s] Level 1:colcon.colcon_core.package_identification:_identify(/home/yahboom/swerve_bringup) by extension 'ignore_ament_install'
[0.808s] Level 1:colcon.colcon_core.package_identification:_identify(/home/yahboom/swerve_bringup) by extensions ['colcon_pkg']
[0.808s] Level 1:colcon.colcon_core.package_identification:_identify(/home/yahboom/swerve_bringup) by extension 'colcon_pkg'
[0.808s] Level 1:colcon.colcon_core.package_identification:_identify(/home/yahboom/swerve_bringup) by extensions ['colcon_meta']
[0.808s] Level 1:colcon.colcon_core.package_identification:_identify(/home/yahboom/swerve_bringup) by extension 'colcon_meta'
[0.808s] Level 1:colcon.colcon_core.package_identification:_identify(/home/yahboom/swerve_bringup) by extensions ['ros']
[0.808s] Level 1:colcon.colcon_core.package_identification:_identify(/home/yahboom/swerve_bringup) by extension 'ros'
[0.862s] DEBUG:colcon.colcon_core.package_identification:Package '/home/yahboom/swerve_bringup' with type 'ros.ament_cmake' and name 'swerve_bringup'
[0.864s] Level 1:colcon.colcon_core.package_identification:_identify(/home/yahboom/swerve_bringup/swerve_bridge) by extensions ['ignore', 'ignore_ament_install']
[0.864s] Level 1:colcon.colcon_core.package_identification:_identify(/home/yahboom/swerve_bringup/swerve_bridge) by extension 'ignore'
[0.864s] Level 1:colcon.colcon_core.package_identification:_identify(/home/yahboom/swerve_bringup/swerve_bridge) by extension 'ignore_ament_install'
[0.864s] Level 1:colcon.colcon_core.package_identification:_identify(/home/yahboom/swerve_bringup/swerve_bridge) by extensions ['colcon_pkg']
[0.864s] Level 1:colcon.colcon_core.package_identification:_identify(/home/yahboom/swerve_bringup/swerve_bridge) by extension 'colcon_pkg'
[0.864s] Level 1:colcon.colcon_core.package_identification:_identify(/home/yahboom/swerve_bringup/swerve_bridge) by extensions ['colcon_meta']
[0.864s] Level 1:colcon.colcon_core.package_identification:_identify(/home/yahboom/swerve_bringup/swerve_bridge) by extension 'colcon_meta'
[0.864s] Level 1:colcon.colcon_core.package_identification:_identify(/home/yahboom/swerve_bringup/swerve_bridge) by extensions ['ros']
[0.864s] Level 1:colcon.colcon_core.package_identification:_identify(/home/yahboom/swerve_bringup/swerve_bridge) by extension 'ros'
[0.866s] DEBUG:colcon.colcon_core.package_identification:Package '/home/yahboom/swerve_bringup/swerve_bridge' with type 'ros.ament_python' and name 'swerve_bridge'
[0.866s] Level 1:colcon.colcon_core.package_discovery:discover_packages(path) using defaults
