[INFO] [launch]: All log files can be found below /home/yahboom/.ros/log/2026-09-17-16-23-48-090957-yahboom-virtual-machine-134731
[INFO] [launch]: Default logging verbosity is set to INFO
[INFO] [gzserver-1]: process started with pid [134749]
[INFO] [robot_state_publisher-2]: process started with pid [134751]
[INFO] [spawn_entity.py-3]: process started with pid [134753]
[INFO] [ekf_node-4]: process started with pid [134755]
[INFO] [v30e_sim_node-5]: process started with pid [134757]
[INFO] [ekf_node-6]: process started with pid [134759]
[INFO] [map_server-7]: process started with pid [134762]
[INFO] [controller_server-8]: process started with pid [134768]
[INFO] [planner_server-9]: process started with pid [134773]
[INFO] [behavior_server-10]: process started with pid [134776]
[INFO] [bt_navigator-11]: process started with pid [134786]
[INFO] [waypoint_follower-12]: process started with pid [134802]
[INFO] [lifecycle_manager-13]: process started with pid [134809]
[INFO] [swerve_bridge_node-14]: process started with pid [134827]
[robot_state_publisher-2] [INFO] [1789633431.237754331] [robot_state_publisher]: got segment base_footprint
[robot_state_publisher-2] [INFO] [1789633431.237899935] [robot_state_publisher]: got segment base_link
[robot_state_publisher-2] [INFO] [1789633431.237911359] [robot_state_publisher]: got segment imu_link
[robot_state_publisher-2] [INFO] [1789633431.237919251] [robot_state_publisher]: got segment lidar_link
[robot_state_publisher-2] [INFO] [1789633431.237926611] [robot_state_publisher]: got segment steer_front_link
[robot_state_publisher-2] [INFO] [1789633431.237933541] [robot_state_publisher]: got segment steer_rear_link
[robot_state_publisher-2] [INFO] [1789633431.237940453] [robot_state_publisher]: got segment v30e_link
[robot_state_publisher-2] [INFO] [1789633431.237947124] [robot_state_publisher]: got segment wheel_front_drive_link
[robot_state_publisher-2] [INFO] [1789633431.237954200] [robot_state_publisher]: got segment wheel_front_left_link
[robot_state_publisher-2] [INFO] [1789633431.237960432] [robot_state_publisher]: got segment wheel_front_right_link
[robot_state_publisher-2] [INFO] [1789633431.237966851] [robot_state_publisher]: got segment wheel_rear_drive_link
[robot_state_publisher-2] [INFO] [1789633431.237973146] [robot_state_publisher]: got segment wheel_rear_left_link
[robot_state_publisher-2] [INFO] [1789633431.237979527] [robot_state_publisher]: got segment wheel_rear_right_link
[behavior_server-10] [INFO] [1789633431.318989001] [behavior_server]: 
[behavior_server-10] 	behavior_server lifecycle node launched. 
[behavior_server-10] 	Waiting on external lifecycle transitions to activate
[behavior_server-10] 	See https://design.ros2.org/articles/node_lifecycle.html for more information.
[controller_server-8] [INFO] [1789633431.465014321] [controller_server]: 
[controller_server-8] 	controller_server lifecycle node launched. 
[controller_server-8] 	Waiting on external lifecycle transitions to activate
[controller_server-8] 	See https://design.ros2.org/articles/node_lifecycle.html for more information.
[controller_server-8] [INFO] [1789633431.488668300] [controller_server]: Creating controller server
[lifecycle_manager-13] [INFO] [1789633431.582540697] [lifecycle_manager_navigation]: Creating
[planner_server-9] [INFO] [1789633431.626125877] [planner_server]: 
[planner_server-9] 	planner_server lifecycle node launched. 
[planner_server-9] 	Waiting on external lifecycle transitions to activate
[planner_server-9] 	See https://design.ros2.org/articles/node_lifecycle.html for more information.
[planner_server-9] [INFO] [1789633431.636975237] [planner_server]: Creating
[lifecycle_manager-13] [INFO] [1789633431.727880626] [lifecycle_manager_navigation]: [34m[1mCreating and initializing lifecycle service clients[0m[0m
[map_server-7] [INFO] [1789633431.856053177] [map_server]: 
[map_server-7] 	map_server lifecycle node launched. 
[map_server-7] 	Waiting on external lifecycle transitions to activate
[map_server-7] 	See https://design.ros2.org/articles/node_lifecycle.html for more information.
[map_server-7] [INFO] [1789633431.856254994] [map_server]: Creating
[bt_navigator-11] [INFO] [1789633431.859172448] [bt_navigator]: 
[bt_navigator-11] 	bt_navigator lifecycle node launched. 
[bt_navigator-11] 	Waiting on external lifecycle transitions to activate
[bt_navigator-11] 	See https://design.ros2.org/articles/node_lifecycle.html for more information.
[bt_navigator-11] [INFO] [1789633431.859324881] [bt_navigator]: Creating
[waypoint_follower-12] [INFO] [1789633431.875742164] [waypoint_follower]: 
[waypoint_follower-12] 	waypoint_follower lifecycle node launched. 
[waypoint_follower-12] 	Waiting on external lifecycle transitions to activate
[waypoint_follower-12] 	See https://design.ros2.org/articles/node_lifecycle.html for more information.
[controller_server-8] [INFO] [1789633431.883160615] [local_costmap.local_costmap]: 
[controller_server-8] 	local_costmap lifecycle node launched. 
[controller_server-8] 	Waiting on external lifecycle transitions to activate
[controller_server-8] 	See https://design.ros2.org/articles/node_lifecycle.html for more information.
[controller_server-8] [INFO] [1789633431.883787069] [local_costmap.local_costmap]: Creating Costmap
[waypoint_follower-12] [INFO] [1789633431.886650109] [waypoint_follower]: Creating
[planner_server-9] [INFO] [1789633432.012919455] [global_costmap.global_costmap]: 
[planner_server-9] 	global_costmap lifecycle node launched. 
[planner_server-9] 	Waiting on external lifecycle transitions to activate
[planner_server-9] 	See https://design.ros2.org/articles/node_lifecycle.html for more information.
[planner_server-9] [INFO] [1789633432.013502375] [global_costmap.global_costmap]: Creating Costmap
[lifecycle_manager-13] [INFO] [1789633432.290312195] [lifecycle_manager_navigation]: [34m[1mStarting managed nodes bringup...[0m[0m
[lifecycle_manager-13] [INFO] [1789633432.290441643] [lifecycle_manager_navigation]: [34m[1mConfiguring map_server[0m[0m
[map_server-7] [INFO] [1789633432.292414330] [map_server]: Configuring
[map_server-7] [INFO] [1789633432.292535683] [map_io]: Loading yaml file: /home/yahboom/swerve_bringup/install/swerve_bringup/share/swerve_bringup/swerve_navigation/maps/warehouse.yaml
[map_server-7] [INFO] [1789633432.292847398] [map_io]: resolution: 0.05
[map_server-7] [INFO] [1789633432.292862827] [map_io]: origin[0]: -17.2
[map_server-7] [INFO] [1789633432.292869391] [map_io]: origin[1]: -17.4
[map_server-7] [INFO] [1789633432.292874974] [map_io]: origin[2]: 0
[map_server-7] [INFO] [1789633432.292881007] [map_io]: free_thresh: 0.25
[map_server-7] [INFO] [1789633432.292886826] [map_io]: occupied_thresh: 0.65
[map_server-7] [INFO] [1789633432.292892757] [map_io]: mode: trinary
[map_server-7] [INFO] [1789633432.292898763] [map_io]: negate: 0
[map_server-7] [INFO] [1789633432.293147256] [map_io]: Loading image_file: /home/yahboom/swerve_bringup/install/swerve_bringup/share/swerve_bringup/swerve_navigation/maps/warehouse.pgm
[map_server-7] [INFO] [1789633432.374014069] [map_io]: Read map /home/yahboom/swerve_bringup/install/swerve_bringup/share/swerve_bringup/swerve_navigation/maps/warehouse.pgm: 676 X 680 map @ 0.05 m/cell
[lifecycle_manager-13] [INFO] [1789633432.404493506] [lifecycle_manager_navigation]: [34m[1mConfiguring controller_server[0m[0m
[controller_server-8] [INFO] [1789633432.408339830] [controller_server]: Configuring controller interface
[controller_server-8] [INFO] [1789633432.408999656] [controller_server]: getting goal checker plugins..
[controller_server-8] [INFO] [1789633432.409326777] [controller_server]: Controller frequency set to 10.0000Hz
[controller_server-8] [INFO] [1789633432.409383197] [local_costmap.local_costmap]: Configuring
[controller_server-8] [INFO] [1789633432.447663089] [local_costmap.local_costmap]: Using plugin "voxel_layer"
[controller_server-8] [INFO] [1789633432.455289662] [local_costmap.local_costmap]: Subscribed to Topics: lidar3d scan
[controller_server-8] [INFO] [1789633432.506668523] [local_costmap.local_costmap]: Initialized plugin "voxel_layer"
[controller_server-8] [INFO] [1789633432.506717585] [local_costmap.local_costmap]: Using plugin "inflation_layer"
[controller_server-8] [INFO] [1789633432.507279006] [local_costmap.local_costmap]: Initialized plugin "inflation_layer"
[controller_server-8] [INFO] [1789633432.691236568] [controller_server]: Created progress_checker : progress_checker of type nav2_controller::SimpleProgressChecker
[controller_server-8] [INFO] [1789633432.760930122] [controller_server]: Created goal checker : general_goal_checker of type nav2_controller::SimpleGoalChecker
[controller_server-8] [INFO] [1789633432.761169593] [controller_server]: Controller Server has general_goal_checker  goal checkers available.
[controller_server-8] [INFO] [1789633432.766947217] [controller_server]: Created controller : FollowPath of type dwb_core::DWBLocalPlanner
[controller_server-8] [INFO] [1789633432.767322356] [controller_server]: Setting transform_tolerance to 0.200000
[spawn_entity.py-3] [INFO] [1789633433.038177180] [spawn_swerve]: Spawn Entity started
[spawn_entity.py-3] [INFO] [1789633433.038723553] [spawn_swerve]: Loading entity published on topic robot_description
[spawn_entity.py-3] [INFO] [1789633433.120281726] [spawn_swerve]: Waiting for entity xml on robot_description
[spawn_entity.py-3] [INFO] [1789633433.167106988] [spawn_swerve]: Waiting for service /spawn_entity, timeout = 30
[spawn_entity.py-3] [INFO] [1789633433.168182881] [spawn_swerve]: Waiting for service /spawn_entity
[swerve_bridge_node-14] [WARN] [1789633433.443917508] [swerve_bridge]: Django websocket disconnected: [Errno 111] Connection refused
[controller_server-8] [INFO] [1789633433.458986222] [controller_server]: Using critic "RotateToGoal" (dwb_critics::RotateToGoalCritic)
[controller_server-8] [INFO] [1789633433.459388798] [controller_server]: Critic plugin initialized
[controller_server-8] [INFO] [1789633433.459467949] [controller_server]: Using critic "Oscillation" (dwb_critics::OscillationCritic)
[controller_server-8] [INFO] [1789633433.459742367] [controller_server]: Critic plugin initialized
[controller_server-8] [INFO] [1789633433.459842020] [controller_server]: Using critic "BaseObstacle" (dwb_critics::BaseObstacleCritic)
[controller_server-8] [INFO] [1789633433.459962959] [controller_server]: Critic plugin initialized
[controller_server-8] [INFO] [1789633433.460021910] [controller_server]: Using critic "GoalAlign" (dwb_critics::GoalAlignCritic)
[controller_server-8] [INFO] [1789633433.471732671] [controller_server]: Critic plugin initialized
[controller_server-8] [INFO] [1789633433.474115094] [controller_server]: Using critic "PathAlign" (dwb_critics::PathAlignCritic)
[controller_server-8] [INFO] [1789633433.485251839] [controller_server]: Critic plugin initialized
[controller_server-8] [INFO] [1789633433.490112183] [controller_server]: Using critic "PathDist" (dwb_critics::PathDistCritic)
[controller_server-8] [INFO] [1789633433.492719122] [controller_server]: Critic plugin initialized
[controller_server-8] [INFO] [1789633433.493527422] [controller_server]: Using critic "GoalDist" (dwb_critics::GoalDistCritic)
[controller_server-8] [INFO] [1789633433.497592306] [controller_server]: Critic plugin initialized
[controller_server-8] [INFO] [1789633433.497654695] [controller_server]: Controller Server has FollowPath  controllers available.
[lifecycle_manager-13] [INFO] [1789633433.594025273] [lifecycle_manager_navigation]: [34m[1mConfiguring planner_server[0m[0m
[planner_server-9] [INFO] [1789633433.595055068] [planner_server]: Configuring
[planner_server-9] [INFO] [1789633433.595107851] [global_costmap.global_costmap]: Configuring
[v30e_sim_node-5] [INFO] [1789633433.595987310] [v30e_sim_node]: Using Gazebo /get_entity_state internally; odometry is not a V30E measurement input
[planner_server-9] [INFO] [1789633433.667738800] [global_costmap.global_costmap]: Using plugin "static_layer"
[planner_server-9] [INFO] [1789633433.678431793] [global_costmap.global_costmap]: Subscribing to the map topic (/map) with transient local durability
[planner_server-9] [INFO] [1789633433.692081472] [global_costmap.global_costmap]: Initialized plugin "static_layer"
[planner_server-9] [INFO] [1789633433.692151316] [global_costmap.global_costmap]: Using plugin "obstacle_layer"
[planner_server-9] [INFO] [1789633433.706581552] [global_costmap.global_costmap]: Subscribed to Topics: scan
[planner_server-9] [INFO] [1789633433.759260115] [global_costmap.global_costmap]: Initialized plugin "obstacle_layer"
[planner_server-9] [INFO] [1789633433.759323359] [global_costmap.global_costmap]: Using plugin "inflation_layer"
[planner_server-9] [INFO] [1789633433.781223286] [global_costmap.global_costmap]: Initialized plugin "inflation_layer"
[planner_server-9] [INFO] [1789633433.874620965] [planner_server]: Created global planner plugin GridBased of type nav2_navfn_planner/NavfnPlanner
[planner_server-9] [INFO] [1789633433.874679226] [planner_server]: Configuring plugin GridBased of type NavfnPlanner
[planner_server-9] [INFO] [1789633433.883143655] [planner_server]: Planner Server has GridBased  planners available.
[lifecycle_manager-13] [INFO] [1789633433.972981683] [lifecycle_manager_navigation]: [34m[1mConfiguring behavior_server[0m[0m
[behavior_server-10] [INFO] [1789633433.975656102] [behavior_server]: Configuring
[behavior_server-10] [INFO] [1789633434.034909444] [behavior_server]: Creating behavior plugin spin of type nav2_behaviors/Spin
[behavior_server-10] [INFO] [1789633434.036355749] [behavior_server]: Configuring spin
[behavior_server-10] [INFO] [1789633434.090799831] [behavior_server]: Creating behavior plugin backup of type nav2_behaviors/BackUp
[behavior_server-10] [INFO] [1789633434.091825269] [behavior_server]: Configuring backup
[behavior_server-10] [INFO] [1789633434.142181128] [behavior_server]: Creating behavior plugin drive_on_heading of type nav2_behaviors/DriveOnHeading
[behavior_server-10] [INFO] [1789633434.143340683] [behavior_server]: Configuring drive_on_heading
[behavior_server-10] [INFO] [1789633434.181503384] [behavior_server]: Creating behavior plugin wait of type nav2_behaviors/Wait
[behavior_server-10] [INFO] [1789633434.183197199] [behavior_server]: Configuring wait
[lifecycle_manager-13] [INFO] [1789633434.220988348] [lifecycle_manager_navigation]: [34m[1mConfiguring bt_navigator[0m[0m
[bt_navigator-11] [INFO] [1789633434.222748328] [bt_navigator]: Configuring
[lifecycle_manager-13] [INFO] [1789633434.676834794] [lifecycle_manager_navigation]: [34m[1mConfiguring waypoint_follower[0m[0m
[waypoint_follower-12] [INFO] [1789633434.677807564] [waypoint_follower]: Configuring
[waypoint_follower-12] [INFO] [1789633434.792643258] [waypoint_follower]: Created waypoint_task_executor : wait_at_waypoint of type nav2_waypoint_follower::WaitAtWaypoint
[waypoint_follower-12] [INFO] [1789633434.797624220] [waypoint_follower]: Waypoint pause duration is set to zero, disabling task executor plugin.
[lifecycle_manager-13] [INFO] [1789633434.800137680] [lifecycle_manager_navigation]: [34m[1mActivating map_server[0m[0m
[map_server-7] [INFO] [1789633434.800442015] [map_server]: Activating
[map_server-7] [INFO] [1789633434.803910246] [map_server]: Creating bond (map_server) to lifecycle manager.
[planner_server-9] [INFO] [1789633434.807298530] [global_costmap.global_costmap]: StaticLayer: Resizing costmap to 676 X 680 at 0.050000 m/pix
[lifecycle_manager-13] [INFO] [1789633434.921173171] [lifecycle_manager_navigation]: Server map_server connected with bond.
[lifecycle_manager-13] [INFO] [1789633434.921226731] [lifecycle_manager_navigation]: [34m[1mActivating controller_server[0m[0m
[controller_server-8] [INFO] [1789633434.921612695] [controller_server]: Activating
[controller_server-8] [INFO] [1789633434.921671761] [local_costmap.local_costmap]: Activating
[controller_server-8] [INFO] [1789633434.921690630] [local_costmap.local_costmap]: Checking transform
[controller_server-8] [INFO] [1789633434.921722899] [local_costmap.local_costmap]: Timed out waiting for transform from base_footprint to odom to become available, tf error: Invalid frame ID "odom" passed to canTransform argument target_frame - frame does not exist
[controller_server-8] [INFO] [1789633435.421859945] [local_costmap.local_costmap]: Timed out waiting for transform from base_footprint to odom to become available, tf error: Invalid frame ID "odom" passed to canTransform argument target_frame - frame does not exist
[swerve_bridge_node-14] [WARN] [1789633435.446088742] [swerve_bridge]: Django websocket disconnected: [Errno 111] Connection refused
[controller_server-8] [INFO] [1789633435.922180226] [local_costmap.local_costmap]: Timed out waiting for transform from base_footprint to odom to become available, tf error: Invalid frame ID "odom" passed to canTransform argument target_frame - frame does not exist
[controller_server-8] [INFO] [1789633436.422139029] [local_costmap.local_costmap]: Timed out waiting for transform from base_footprint to odom to become available, tf error: Invalid frame ID "odom" passed to canTransform argument target_frame - frame does not exist
[controller_server-8] [INFO] [1789633436.921890637] [local_costmap.local_costmap]: Timed out waiting for transform from base_footprint to odom to become available, tf error: Invalid frame ID "odom" passed to canTransform argument target_frame - frame does not exist
[controller_server-8] [INFO] [1789633437.422164398] [local_costmap.local_costmap]: Timed out waiting for transform from base_footprint to odom to become available, tf error: Invalid frame ID "odom" passed to canTransform argument target_frame - frame does not exist
[swerve_bridge_node-14] [WARN] [1789633437.447676049] [swerve_bridge]: Django websocket disconnected: [Errno 111] Connection refused
[controller_server-8] [INFO] [1789633437.921857821] [local_costmap.local_costmap]: Timed out waiting for transform from base_footprint to odom to become available, tf error: Invalid frame ID "odom" passed to canTransform argument target_frame - frame does not exist
[controller_server-8] [INFO] [1789633438.422493201] [local_costmap.local_costmap]: Timed out waiting for transform from base_footprint to odom to become available, tf error: Invalid frame ID "odom" passed to canTransform argument target_frame - frame does not exist
[controller_server-8] [INFO] [1789633438.923367741] [local_costmap.local_costmap]: Timed out waiting for transform from base_footprint to odom to become available, tf error: Invalid frame ID "odom" passed to canTransform argument target_frame - frame does not exist
[controller_server-8] [INFO] [1789633439.423079901] [local_costmap.local_costmap]: Timed out waiting for transform from base_footprint to odom to become available, tf error: Invalid frame ID "odom" passed to canTransform argument target_frame - frame does not exist
[swerve_bridge_node-14] [WARN] [1789633439.450117748] [swerve_bridge]: Django websocket disconnected: [Errno 111] Connection refused
[spawn_entity.py-3] [INFO] [1789633439.529698429] [spawn_swerve]: Calling service /spawn_entity
[gzserver-1] [INFO] [1789633439.730902677] [gazebo_ros_state]: Publishing states of gazebo models at [/model_states]
[gzserver-1] [INFO] [1789633439.741923322] [gazebo_ros_state]: Publishing states of gazebo links at [/link_states]
[controller_server-8] [INFO] [1789633439.921873144] [local_costmap.local_costmap]: Timed out waiting for transform from base_footprint to odom to become available, tf error: Invalid frame ID "odom" passed to canTransform argument target_frame - frame does not exist
[gzserver-1] [INFO] [1789633440.257932146] [imu.imu_ros]: <initial_orientation_as_reference> is unset, using default value of false to comply with REP 145 (world as orientation reference)
[controller_server-8] [INFO] [1789633440.422533991] [local_costmap.local_costmap]: Timed out waiting for transform from base_footprint to odom to become available, tf error: Invalid frame ID "odom" passed to canTransform argument target_frame - frame does not exist
[controller_server-8] [INFO] [1789633440.921817924] [local_costmap.local_costmap]: Timed out waiting for transform from base_footprint to odom to become available, tf error: Invalid frame ID "odom" passed to canTransform argument target_frame - frame does not exist
[controller_server-8] [INFO] [1789633441.423098505] [local_costmap.local_costmap]: Timed out waiting for transform from base_footprint to odom to become available, tf error: Invalid frame ID "odom" passed to canTransform argument target_frame - frame does not exist
[swerve_bridge_node-14] [WARN] [1789633441.459867495] [swerve_bridge]: Django websocket disconnected: [Errno 111] Connection refused
[controller_server-8] [INFO] [1789633441.922213541] [local_costmap.local_costmap]: Timed out waiting for transform from base_footprint to odom to become available, tf error: Invalid frame ID "odom" passed to canTransform argument target_frame - frame does not exist
[controller_server-8] [INFO] [1789633442.422261511] [local_costmap.local_costmap]: Timed out waiting for transform from base_footprint to odom to become available, tf error: Invalid frame ID "odom" passed to canTransform argument target_frame - frame does not exist
[controller_server-8] [INFO] [1789633442.922700233] [local_costmap.local_costmap]: Timed out waiting for transform from base_footprint to odom to become available, tf error: Invalid frame ID "odom" passed to canTransform argument target_frame - frame does not exist
[controller_server-8] [INFO] [1789633443.421951426] [local_costmap.local_costmap]: Timed out waiting for transform from base_footprint to odom to become available, tf error: Invalid frame ID "odom" passed to canTransform argument target_frame - frame does not exist
[swerve_bridge_node-14] [WARN] [1789633443.461549367] [swerve_bridge]: Django websocket disconnected: [Errno 111] Connection refused
[controller_server-8] [INFO] [1789633443.925098354] [local_costmap.local_costmap]: Timed out waiting for transform from base_footprint to odom to become available, tf error: Invalid frame ID "odom" passed to canTransform argument target_frame - frame does not exist
[controller_server-8] [INFO] [1789633444.421860866] [local_costmap.local_costmap]: Timed out waiting for transform from base_footprint to odom to become available, tf error: Invalid frame ID "odom" passed to canTransform argument target_frame - frame does not exist
[controller_server-8] [INFO] [1789633444.921998294] [local_costmap.local_costmap]: Timed out waiting for transform from base_footprint to odom to become available, tf error: Invalid frame ID "odom" passed to canTransform argument target_frame - frame does not exist
[controller_server-8] [INFO] [1789633445.422362303] [local_costmap.local_costmap]: Timed out waiting for transform from base_footprint to odom to become available, tf error: Invalid frame ID "odom" passed to canTransform argument target_frame - frame does not exist
[swerve_bridge_node-14] [WARN] [1789633445.467044719] [swerve_bridge]: Django websocket disconnected: [Errno 111] Connection refused
[controller_server-8] [INFO] [1789633445.922794819] [local_costmap.local_costmap]: Timed out waiting for transform from base_footprint to odom to become available, tf error: Invalid frame ID "odom" passed to canTransform argument target_frame - frame does not exist
[controller_server-8] [INFO] [1789633446.423403989] [local_costmap.local_costmap]: Timed out waiting for transform from base_footprint to odom to become available, tf error: Invalid frame ID "odom" passed to canTransform argument target_frame - frame does not exist
[controller_server-8] [INFO] [1789633446.922705125] [local_costmap.local_costmap]: Timed out waiting for transform from base_footprint to odom to become available, tf error: Invalid frame ID "odom" passed to canTransform argument target_frame - frame does not exist
[controller_server-8] [INFO] [1789633447.422576993] [local_costmap.local_costmap]: Timed out waiting for transform from base_footprint to odom to become available, tf error: Invalid frame ID "odom" passed to canTransform argument target_frame - frame does not exist
[swerve_bridge_node-14] [WARN] [1789633447.468684144] [swerve_bridge]: Django websocket disconnected: [Errno 111] Connection refused
[controller_server-8] [INFO] [1789633447.921885848] [local_costmap.local_costmap]: Timed out waiting for transform from base_footprint to odom to become available, tf error: Invalid frame ID "odom" passed to canTransform argument target_frame - frame does not exist
[controller_server-8] [INFO] [1789633448.422296579] [local_costmap.local_costmap]: Timed out waiting for transform from base_footprint to odom to become available, tf error: Invalid frame ID "odom" passed to canTransform argument target_frame - frame does not exist
[controller_server-8] [INFO] [1789633448.921794172] [local_costmap.local_costmap]: Timed out waiting for transform from base_footprint to odom to become available, tf error: Invalid frame ID "odom" passed to canTransform argument target_frame - frame does not exist
[controller_server-8] [INFO] [1789633449.422131217] [local_costmap.local_costmap]: Timed out waiting for transform from base_footprint to odom to become available, tf error: Invalid frame ID "odom" passed to canTransform argument target_frame - frame does not exist
[swerve_bridge_node-14] [WARN] [1789633449.470260822] [swerve_bridge]: Django websocket disconnected: [Errno 111] Connection refused
[controller_server-8] [INFO] [1789633449.921979812] [local_costmap.local_costmap]: Timed out waiting for transform from base_footprint to odom to become available, tf error: Invalid frame ID "odom" passed to canTransform argument target_frame - frame does not exist
[controller_server-8] [INFO] [1789633450.423726248] [local_costmap.local_costmap]: Timed out waiting for transform from base_footprint to odom to become available, tf error: Invalid frame ID "odom" passed to canTransform argument target_frame - frame does not exist
[controller_server-8] [INFO] [1789633450.922358501] [local_costmap.local_costmap]: Timed out waiting for transform from base_footprint to odom to become available, tf error: Invalid frame ID "odom" passed to canTransform argument target_frame - frame does not exist
[controller_server-8] [INFO] [1789633451.424370189] [local_costmap.local_costmap]: Timed out waiting for transform from base_footprint to odom to become available, tf error: Invalid frame ID "odom" passed to canTransform argument target_frame - frame does not exist
[swerve_bridge_node-14] [WARN] [1789633451.472800048] [swerve_bridge]: Django websocket disconnected: [Errno 111] Connection refused
[controller_server-8] [INFO] [1789633451.921985409] [local_costmap.local_costmap]: Timed out waiting for transform from base_footprint to odom to become available, tf error: Invalid frame ID "odom" passed to canTransform argument target_frame - frame does not exist
[controller_server-8] [INFO] [1789633452.422118900] [local_costmap.local_costmap]: Timed out waiting for transform from base_footprint to odom to become available, tf error: Invalid frame ID "odom" passed to canTransform argument target_frame - frame does not exist
[controller_server-8] [INFO] [1789633452.921992361] [local_costmap.local_costmap]: Timed out waiting for transform from base_footprint to odom to become available, tf error: Invalid frame ID "odom" passed to canTransform argument target_frame - frame does not exist
[controller_server-8] [INFO] [1789633453.423343268] [local_costmap.local_costmap]: Timed out waiting for transform from base_footprint to odom to become available, tf error: Invalid frame ID "odom" passed to canTransform argument target_frame - frame does not exist
[swerve_bridge_node-14] [WARN] [1789633453.474436538] [swerve_bridge]: Django websocket disconnected: [Errno 111] Connection refused
[controller_server-8] [INFO] [1789633453.921860727] [local_costmap.local_costmap]: Timed out waiting for transform from base_footprint to odom to become available, tf error: Invalid frame ID "odom" passed to canTransform argument target_frame - frame does not exist
[controller_server-8] [INFO] [1789633454.422053725] [local_costmap.local_costmap]: Timed out waiting for transform from base_footprint to odom to become available, tf error: Invalid frame ID "odom" passed to canTransform argument target_frame - frame does not exist
[controller_server-8] [INFO] [1789633454.921839730] [local_costmap.local_costmap]: Timed out waiting for transform from base_footprint to odom to become available, tf error: Invalid frame ID "odom" passed to canTransform argument target_frame - frame does not exist
[spawn_entity.py-3] [INFO] [1789633455.109289650] [spawn_swerve]: Spawn status: SpawnEntity: Successfully spawned entity [swerve_base]
[gzserver-1] [INFO] [1789633455.377874490] [gazebo_ros2_control]: Loading gazebo_ros2_control plugin
[controller_server-8] [INFO] [1789633455.423226243] [local_costmap.local_costmap]: Timed out waiting for transform from base_footprint to odom to become available, tf error: Invalid frame ID "odom" passed to canTransform argument target_frame - frame does not exist
[INFO] [spawn_entity.py-3]: process has finished cleanly [pid 134753]
[INFO] [spawner-15]: process started with pid [135014]
[gzserver-1] [INFO] [1789633455.469507241] [gazebo_ros2_control]: Starting gazebo_ros2_control plugin in namespace: /
[gzserver-1] [INFO] [1789633455.469587062] [gazebo_ros2_control]: Starting gazebo_ros2_control plugin in ros 2 node: gazebo_ros2_control
[swerve_bridge_node-14] [WARN] [1789633455.478382083] [swerve_bridge]: Django websocket disconnected: [Errno 111] Connection refused
[gzserver-1] [INFO] [1789633455.535518812] [gazebo_ros2_control]: connected to service!! robot_state_publisher
[gzserver-1] [INFO] [1789633455.546071249] [gazebo_ros2_control]: Received urdf from param server, parsing...
[gzserver-1] [INFO] [1789633455.546243705] [gazebo_ros2_control]: Loading parameter files /home/yahboom/swerve_bringup/install/swerve_bringup/share/swerve_bringup/config/controllers.yaml
[gzserver-1] [INFO] [1789633455.586032471] [gazebo_ros2_control]: Loading joint: steer_front_joint
[gzserver-1] [INFO] [1789633455.586186761] [gazebo_ros2_control]: 	State:
[gzserver-1] [INFO] [1789633455.586206695] [gazebo_ros2_control]: 		 position
[gzserver-1] [INFO] [1789633455.586608122] [gazebo_ros2_control]: 		 velocity
[gzserver-1] [INFO] [1789633455.586622976] [gazebo_ros2_control]: 	Command:
[gzserver-1] [INFO] [1789633455.586632814] [gazebo_ros2_control]: 		 position
[gzserver-1] [INFO] [1789633455.590395771] [gazebo_ros2_control]: Loading joint: steer_rear_joint
[gzserver-1] [INFO] [1789633455.590439379] [gazebo_ros2_control]: 	State:
[gzserver-1] [INFO] [1789633455.590451125] [gazebo_ros2_control]: 		 position
[gzserver-1] [INFO] [1789633455.590463414] [gazebo_ros2_control]: 		 velocity
[gzserver-1] [INFO] [1789633455.590472731] [gazebo_ros2_control]: 	Command:
[gzserver-1] [INFO] [1789633455.590481918] [gazebo_ros2_control]: 		 position
[gzserver-1] [INFO] [1789633455.590607494] [gazebo_ros2_control]: Loading joint: wheel_front_drive_joint
[gzserver-1] [INFO] [1789633455.590624003] [gazebo_ros2_control]: 	State:
[gzserver-1] [INFO] [1789633455.590633463] [gazebo_ros2_control]: 		 position
[gzserver-1] [INFO] [1789633455.590643371] [gazebo_ros2_control]: 		 velocity
[gzserver-1] [INFO] [1789633455.590651996] [gazebo_ros2_control]: 	Command:
[gzserver-1] [INFO] [1789633455.590663399] [gazebo_ros2_control]: 		 velocity
[gzserver-1] [INFO] [1789633455.600384799] [gazebo_ros2_control]: Loading joint: wheel_rear_drive_joint
[gzserver-1] [INFO] [1789633455.600436167] [gazebo_ros2_control]: 	State:
[gzserver-1] [INFO] [1789633455.600448131] [gazebo_ros2_control]: 		 position
[gzserver-1] [INFO] [1789633455.600458236] [gazebo_ros2_control]: 		 velocity
[gzserver-1] [INFO] [1789633455.600466679] [gazebo_ros2_control]: 	Command:
[gzserver-1] [INFO] [1789633455.600494676] [gazebo_ros2_control]: 		 velocity
[gzserver-1] [INFO] [1789633455.601395629] [resource_manager]: Initialize hardware 'GazeboSystem' 
[gzserver-1] [INFO] [1789633455.601903782] [resource_manager]: Successful initialization of hardware 'GazeboSystem'
[gzserver-1] [INFO] [1789633455.602062768] [resource_manager]: 'configure' hardware 'GazeboSystem' 
[gzserver-1] [INFO] [1789633455.602078551] [resource_manager]: Successful 'configure' of hardware 'GazeboSystem'
[gzserver-1] [INFO] [1789633455.602086057] [resource_manager]: 'activate' hardware 'GazeboSystem' 
[gzserver-1] [INFO] [1789633455.602092484] [resource_manager]: Successful 'activate' of hardware 'GazeboSystem'
[gzserver-1] [INFO] [1789633455.602193962] [gazebo_ros2_control]: Loading controller_manager
[controller_server-8] [INFO] [1789633455.924332061] [local_costmap.local_costmap]: Timed out waiting for transform from base_footprint to odom to become available, tf error: Invalid frame ID "odom" passed to canTransform argument target_frame - frame does not exist
[gzserver-1] [WARN] [1789633455.926649777] [gazebo_ros2_control]:  Desired controller update period (0.01 s) is slower than the gazebo simulation period (0.001 s).
[gzserver-1] [INFO] [1789633455.930928491] [gazebo_ros2_control]: Loaded gazebo_ros2_control.
[controller_server-8] [INFO] [1789633456.422671643] [local_costmap.local_costmap]: start
[spawner-15] [INFO] [1789633456.454973079] [spawn_joint_state_broadcaster]: waiting for service /controller_manager/list_controllers to become available...
[controller_server-8] [INFO] [1789633456.596282648] [controller_server]: Creating bond (controller_server) to lifecycle manager.
[WARNING] [launch]: user interrupted with ctrl-c (SIGINT)
[lifecycle_manager-13] [INFO] [1789633456.676035775] [rclcpp]: signal_handler(signum=2)
[lifecycle_manager-13] [INFO] [1789633456.676243490] [lifecycle_manager_navigation]: Running Nav2 LifecycleManager rcl preshutdown (lifecycle_manager_navigation)
[planner_server-9] [INFO] [1789633456.676138537] [rclcpp]: signal_handler(signum=2)
[map_server-7] [INFO] [1789633456.677131241] [rclcpp]: signal_handler(signum=2)
[behavior_server-10] [INFO] [1789633456.677360070] [rclcpp]: signal_handler(signum=2)
[behavior_server-10] [INFO] [1789633456.677646564] [behavior_server]: Running Nav2 LifecycleNode rcl preshutdown (behavior_server)
[behavior_server-10] [INFO] [1789633456.677747335] [behavior_server]: Cleaning up
[bt_navigator-11] [INFO] [1789633456.677418699] [rclcpp]: signal_handler(signum=2)
[controller_server-8] [INFO] [1789633456.677509734] [rclcpp]: signal_handler(signum=2)
[ekf_node-6] [INFO] [1789633456.677584355] [rclcpp]: signal_handler(signum=2)
[INFO] [spawner-15]: sending signal 'SIGINT' to process[spawner-15]
[INFO] [swerve_bridge_node-14]: sending signal 'SIGINT' to process[swerve_bridge_node-14]
[INFO] [lifecycle_manager-13]: sending signal 'SIGINT' to process[lifecycle_manager-13]
[INFO] [waypoint_follower-12]: sending signal 'SIGINT' to process[waypoint_follower-12]
[INFO] [bt_navigator-11]: sending signal 'SIGINT' to process[bt_navigator-11]
[INFO] [behavior_server-10]: sending signal 'SIGINT' to process[behavior_server-10]
[INFO] [planner_server-9]: sending signal 'SIGINT' to process[planner_server-9]
[INFO] [controller_server-8]: sending signal 'SIGINT' to process[controller_server-8]
[INFO] [map_server-7]: sending signal 'SIGINT' to process[map_server-7]
[INFO] [ekf_node-6]: sending signal 'SIGINT' to process[ekf_node-6]
[INFO] [v30e_sim_node-5]: sending signal 'SIGINT' to process[v30e_sim_node-5]
[INFO] [ekf_node-4]: sending signal 'SIGINT' to process[ekf_node-4]
[INFO] [robot_state_publisher-2]: sending signal 'SIGINT' to process[robot_state_publisher-2]
[INFO] [gzserver-1]: sending signal 'SIGINT' to process[gzserver-1]
[ekf_node-4] [INFO] [1789633456.677894527] [rclcpp]: signal_handler(signum=2)
[map_server-7] [INFO] [1789633456.678571104] [map_server]: Running Nav2 LifecycleNode rcl preshutdown (map_server)
[map_server-7] [INFO] [1789633456.678651772] [map_server]: Deactivating
[map_server-7] [INFO] [1789633456.678681517] [map_server]: Destroying bond (map_server) to lifecycle manager.
[map_server-7] [INFO] [1789633456.691553725] [map_server]: Cleaning up
[map_server-7] [INFO] [1789633456.691677115] [map_server]: Destroying bond (map_server) to lifecycle manager.
[waypoint_follower-12] [INFO] [1789633456.679313020] [rclcpp]: signal_handler(signum=2)
[waypoint_follower-12] [INFO] [1789633456.681426492] [waypoint_follower]: Running Nav2 LifecycleNode rcl preshutdown (waypoint_follower)
[waypoint_follower-12] [INFO] [1789633456.681523300] [waypoint_follower]: Cleaning up
[robot_state_publisher-2] [INFO] [1789633456.679435476] [rclcpp]: signal_handler(signum=2)
[bt_navigator-11] [INFO] [1789633456.679440141] [bt_navigator]: Running Nav2 LifecycleNode rcl preshutdown (bt_navigator)
[bt_navigator-11] [INFO] [1789633456.680948032] [bt_navigator]: Cleaning up
[planner_server-9] [INFO] [1789633456.680559616] [planner_server]: Running Nav2 LifecycleNode rcl preshutdown (planner_server)
[planner_server-9] [INFO] [1789633456.680651942] [planner_server]: Cleaning up
[controller_server-8] [INFO] [1789633456.683337541] [controller_server]: Running Nav2 LifecycleNode rcl preshutdown (controller_server)
[controller_server-8] [INFO] [1789633456.683426383] [controller_server]: Deactivating
[controller_server-8] [INFO] [1789633456.683479688] [local_costmap.local_costmap]: Deactivating
[waypoint_follower-12] [INFO] [1789633456.721153347] [rclcpp]: signal_handler(signum=2)
[lifecycle_manager-13] [INFO] [1789633456.721954919] [lifecycle_manager_navigation]: Server controller_server connected with bond.
[lifecycle_manager-13] [INFO] [1789633456.722003276] [lifecycle_manager_navigation]: [34m[1mActivating planner_server[0m[0m
[lifecycle_manager-13] [INFO] [1789633456.722217559] [rclcpp]: signal_handler(signum=2)
[planner_server-9] [WARN] [1789633456.726963626] [rcl_lifecycle]: No transition matching 3 found for current state cleaningup
[planner_server-9] [WARN] [1789633456.727030803] [rcl_lifecycle]: No transition matching 3 found for current state cleaningup
[planner_server-9] [ERROR] [1789633456.727047795] [planner_server]: Unable to start transition 3 from current state cleaningup: Transition is not registered., at ./src/rcl_lifecycle.c:355
[bt_navigator-11] [INFO] [1789633456.730678141] [rclcpp]: signal_handler(signum=2)
[spawner-15] Traceback (most recent call last):
[spawner-15]   File "/opt/ros/humble/lib/controller_manager/spawner", line 33, in <module>
[spawner-15]     sys.exit(load_entry_point('controller-manager==2.52.2', 'console_scripts', 'spawner')())
[spawner-15]   File "/opt/ros/humble/local/lib/python3.10/dist-packages/controller_manager/spawner.py", line 361, in main
[spawner-15]     node.destroy_node()
[spawner-15]   File "/opt/ros/humble/local/lib/python3.10/dist-packages/rclpy/node.py", line 1691, in destroy_node
[spawner-15]     self.destroy_service(self._services[0])
[spawner-15]   File "/opt/ros/humble/local/lib/python3.10/dist-packages/rclpy/node.py", line 1615, in destroy_service
[spawner-15]     service.destroy()
[spawner-15]   File "/opt/ros/humble/local/lib/python3.10/dist-packages/rclpy/service.py", line 93, in destroy
[spawner-15]     self.__service.destroy_when_not_in_use()
[spawner-15] KeyboardInterrupt
[planner_server-9] [INFO] [1789633456.755106919] [rclcpp]: signal_handler(signum=2)
[swerve_bridge_node-14] Traceback (most recent call last):
[swerve_bridge_node-14]   File "/home/yahboom/swerve_bringup/build/swerve_bridge/swerve_bridge/bridge_node.py", line 272, in main
[swerve_bridge_node-14]     rclpy.spin(node)
[swerve_bridge_node-14]   File "/opt/ros/humble/local/lib/python3.10/dist-packages/rclpy/__init__.py", line 229, in spin
[swerve_bridge_node-14]     executor.spin_once()
[swerve_bridge_node-14]   File "/opt/ros/humble/local/lib/python3.10/dist-packages/rclpy/executors.py", line 773, in spin_once
[swerve_bridge_node-14]     self._spin_once_impl(timeout_sec)
[swerve_bridge_node-14]   File "/opt/ros/humble/local/lib/python3.10/dist-packages/rclpy/executors.py", line 762, in _spin_once_impl
[swerve_bridge_node-14]     handler, entity, node = self.wait_for_ready_callbacks(timeout_sec=timeout_sec)
[swerve_bridge_node-14]   File "/opt/ros/humble/local/lib/python3.10/dist-packages/rclpy/executors.py", line 745, in wait_for_ready_callbacks
[swerve_bridge_node-14]     return next(self._cb_iter)
[swerve_bridge_node-14]   File "/opt/ros/humble/local/lib/python3.10/dist-packages/rclpy/executors.py", line 642, in _wait_for_ready_callbacks
[swerve_bridge_node-14]     wait_set.wait(timeout_nsec)
[swerve_bridge_node-14] KeyboardInterrupt
[swerve_bridge_node-14] 
[swerve_bridge_node-14] During handling of the above exception, another exception occurred:
[swerve_bridge_node-14] 
[swerve_bridge_node-14] Traceback (most recent call last):
[swerve_bridge_node-14]   File "/home/yahboom/swerve_bringup/install/swerve_bridge/lib/swerve_bridge/swerve_bridge_node", line 33, in <module>
[swerve_bridge_node-14]     sys.exit(load_entry_point('swerve-bridge', 'console_scripts', 'swerve_bridge_node')())
[swerve_bridge_node-14]   File "/home/yahboom/swerve_bringup/build/swerve_bridge/swerve_bridge/bridge_node.py", line 274, in main
[swerve_bridge_node-14]     node.destroy_node()
[swerve_bridge_node-14]   File "/home/yahboom/swerve_bringup/build/swerve_bridge/swerve_bridge/bridge_node.py", line 265, in destroy_node
[swerve_bridge_node-14]     super().destroy_node()
[swerve_bridge_node-14]   File "/opt/ros/humble/local/lib/python3.10/dist-packages/rclpy/node.py", line 1685, in destroy_node
[swerve_bridge_node-14]     self.destroy_publisher(self._publishers[0])
[swerve_bridge_node-14]   File "/opt/ros/humble/local/lib/python3.10/dist-packages/rclpy/node.py", line 1565, in destroy_publisher
[swerve_bridge_node-14]     publisher.destroy()
[swerve_bridge_node-14]   File "/opt/ros/humble/local/lib/python3.10/dist-packages/rclpy/publisher.py", line 99, in destroy
[swerve_bridge_node-14]     self.__publisher.destroy_when_not_in_use()
[swerve_bridge_node-14] KeyboardInterrupt
[controller_server-8] [INFO] [1789633456.763495264] [rclcpp]: signal_handler(signum=2)
[ERROR] [ekf_node-6]: process has died [pid 134759, exit code -2, cmd '/opt/ros/humble/lib/robot_localization/ekf_node --ros-args -r __node:=ekf_v30e --params-file /home/yahboom/swerve_bringup/install/swerve_bringup/share/swerve_bringup/config/v30e_localization_ekf.yaml --params-file /tmp/launch_params_vxd_c4od -r odometry/filtered:=/odometry/v30e'].
[ERROR] [ekf_node-4]: process has died [pid 134755, exit code -2, cmd '/opt/ros/humble/lib/robot_localization/ekf_node --ros-args -r __node:=ekf_filter_node --params-file /home/yahboom/swerve_bringup/install/swerve_bringup/share/swerve_bringup/config/ekf.yaml --params-file /tmp/launch_params_29algszr -r /odom:=/odom -r /imu/data:=/imu/data'].
[waypoint_follower-12] [INFO] [1789633456.768975224] [waypoint_follower]: Destroying bond (waypoint_follower) to lifecycle manager.
[map_server-7] [INFO] [1789633456.770237565] [rclcpp]: signal_handler(signum=2)
[lifecycle_manager-13] [ERROR] [1789633456.775437747] [lifecycle_manager_navigation]: Failed to change state for node: planner_server
[lifecycle_manager-13] [ERROR] [1789633456.775492265] [lifecycle_manager_navigation]: Failed to bring up all requested nodes. Aborting bringup.
[controller_server-8] [INFO] [1789633456.806535715] [controller_server]: Destroying bond (controller_server) to lifecycle manager.
[robot_state_publisher-2] [INFO] [1789633456.815208597] [rclcpp]: signal_handler(signum=2)
[ERROR] [spawner-15]: process has died [pid 135014, exit code -2, cmd '/opt/ros/humble/lib/controller_manager/spawner joint_state_broadcaster --controller-manager /controller_manager --controller-manager-timeout 60 --ros-args -r __node:=spawn_joint_state_broadcaster'].
[controller_server-8] [INFO] [1789633457.902533753] [controller_server]: Cleaning up
[controller_server-8] [INFO] [1789633457.902743706] [local_costmap.local_costmap]: Cleaning up
[behavior_server-10] [INFO] [1789633459.122355210] [behavior_server]: Destroying bond (behavior_server) to lifecycle manager.
[v30e_sim_node-5] Traceback (most recent call last):
[v30e_sim_node-5]   File "/home/yahboom/swerve_bringup/install/swerve_bringup/lib/swerve_bringup/v30e_sim_node", line 188, in <module>
[v30e_sim_node-5]     if __name__ == '__main__': main()
[v30e_sim_node-5]   File "/home/yahboom/swerve_bringup/install/swerve_bringup/lib/swerve_bringup/v30e_sim_node", line 185, in main
[v30e_sim_node-5]     node.destroy_node(); rclpy.shutdown()
[v30e_sim_node-5]   File "/opt/ros/humble/local/lib/python3.10/dist-packages/rclpy/node.py", line 1691, in destroy_node
[v30e_sim_node-5]     self.destroy_service(self._services[0])
[v30e_sim_node-5]   File "/opt/ros/humble/local/lib/python3.10/dist-packages/rclpy/node.py", line 1615, in destroy_service
[v30e_sim_node-5]     service.destroy()
[v30e_sim_node-5]   File "/opt/ros/humble/local/lib/python3.10/dist-packages/rclpy/service.py", line 93, in destroy
[v30e_sim_node-5]     self.__service.destroy_when_not_in_use()
[v30e_sim_node-5] KeyboardInterrupt
[behavior_server-10] [INFO] [1789633456.756184411] [rclcpp]: signal_handler(signum=2)
[waypoint_follower-12] [INFO] [1789633459.221802679] [waypoint_follower]: Destroying
[map_server-7] [INFO] [1789633459.223607868] [map_server]: Destroying
[ERROR] [v30e_sim_node-5]: process has died [pid 134757, exit code -2, cmd '/home/yahboom/swerve_bringup/install/swerve_bringup/lib/swerve_bringup/v30e_sim_node --ros-args -r __node:=v30e_sim_node --params-file /home/yahboom/swerve_bringup/install/swerve_bringup/share/swerve_bringup/config/v30e_sim.yaml --params-file /tmp/launch_params_yxny7gc_'].
[planner_server-9] [INFO] [1789633459.294528598] [global_costmap.global_costmap]: Cleaning up
[lifecycle_manager-13] [INFO] [1789633459.325329535] [lifecycle_manager_navigation]: Destroying lifecycle_manager_navigation
[INFO] [robot_state_publisher-2]: process has finished cleanly [pid 134751]
[planner_server-9] [INFO] [1789633459.372292800] [planner_server]: Cleaning up plugin GridBased of type NavfnPlanner
[planner_server-9] [INFO] [1789633459.372388191] [planner_server]: Destroying plugin GridBased of type NavfnPlanner
[behavior_server-10] [INFO] [1789633459.418292082] [behavior_server]: Destroying
[ERROR] [swerve_bridge_node-14]: process has died [pid 134827, exit code -2, cmd '/home/yahboom/swerve_bringup/install/swerve_bridge/lib/swerve_bridge/swerve_bridge_node --ros-args -r __node:=swerve_bridge --params-file /home/yahboom/swerve_bringup/install/swerve_bridge/share/swerve_bridge/config/bridge.yaml --params-file /tmp/launch_params_1gp7y6pp'].
[planner_server-9] [INFO] [1789633459.479363047] [planner_server]: Destroying bond (planner_server) to lifecycle manager.
[planner_server-9] [INFO] [1789633459.501012195] [global_costmap.global_costmap]: Destroying
[controller_server-8] [INFO] [1789633459.531589227] [controller_server]: Destroying bond (controller_server) to lifecycle manager.
[INFO] [waypoint_follower-12]: process has finished cleanly [pid 134802]
[controller_server-8] [INFO] [1789633459.544773752] [local_costmap.local_costmap]: Destroying
[planner_server-9] [INFO] [1789633459.555189420] [planner_server]: Destroying
[INFO] [map_server-7]: process has finished cleanly [pid 134762]
[INFO] [lifecycle_manager-13]: process has finished cleanly [pid 134809]
[controller_server-8] [INFO] [1789633459.613042487] [controller_server]: Destroying
[INFO] [behavior_server-10]: process has finished cleanly [pid 134776]
[INFO] [planner_server-9]: process has finished cleanly [pid 134773]
[INFO] [controller_server-8]: process has finished cleanly [pid 134768]
[bt_navigator-11] [INFO] [1789633459.856917762] [bt_navigator]: Completed Cleaning up
[bt_navigator-11] [INFO] [1789633459.857049545] [bt_navigator]: Destroying bond (bt_navigator) to lifecycle manager.
[bt_navigator-11] [INFO] [1789633459.900158549] [bt_navigator]: Destroying
[INFO] [bt_navigator-11]: process has finished cleanly [pid 134786]
[INFO] [gzserver-1]: process has finished cleanly [pid 134749]
