[INFO] [launch]: All log files can be found below /home/yahboom/.ros/log/2026-09-17-18-25-05-935182-yahboom-virtual-machine-174378
[INFO] [launch]: Default logging verbosity is set to INFO
[INFO] [gzserver-1]: process started with pid [174427]
[INFO] [robot_state_publisher-2]: process started with pid [174429]
[INFO] [spawn_entity.py-3]: process started with pid [174431]
[INFO] [ekf_node-4]: process started with pid [174433]
[INFO] [v30e_sim_node-5]: process started with pid [174435]
[INFO] [ekf_node-6]: process started with pid [174437]
[INFO] [map_server-7]: process started with pid [174439]
[INFO] [controller_server-8]: process started with pid [174441]
[INFO] [planner_server-9]: process started with pid [174444]
[INFO] [behavior_server-10]: process started with pid [174447]
[INFO] [bt_navigator-11]: process started with pid [174456]
[INFO] [waypoint_follower-12]: process started with pid [174463]
[INFO] [lifecycle_manager-13]: process started with pid [174476]
[INFO] [swerve_bridge_node-14]: process started with pid [174480]
[planner_server-9] [INFO] [1789640709.108611220] [planner_server]: 
[planner_server-9] 	planner_server lifecycle node launched. 
[planner_server-9] 	Waiting on external lifecycle transitions to activate
[planner_server-9] 	See https://design.ros2.org/articles/node_lifecycle.html for more information.
[map_server-7] [INFO] [1789640709.115863997] [map_server]: 
[map_server-7] 	map_server lifecycle node launched. 
[map_server-7] 	Waiting on external lifecycle transitions to activate
[map_server-7] 	See https://design.ros2.org/articles/node_lifecycle.html for more information.
[map_server-7] [INFO] [1789640709.116030773] [map_server]: Creating
[planner_server-9] [INFO] [1789640709.122059907] [planner_server]: Creating
[controller_server-8] [INFO] [1789640709.185664704] [controller_server]: 
[controller_server-8] 	controller_server lifecycle node launched. 
[controller_server-8] 	Waiting on external lifecycle transitions to activate
[controller_server-8] 	See https://design.ros2.org/articles/node_lifecycle.html for more information.
[controller_server-8] [INFO] [1789640709.195146196] [controller_server]: Creating controller server
[bt_navigator-11] [INFO] [1789640709.252719090] [bt_navigator]: 
[bt_navigator-11] 	bt_navigator lifecycle node launched. 
[bt_navigator-11] 	Waiting on external lifecycle transitions to activate
[bt_navigator-11] 	See https://design.ros2.org/articles/node_lifecycle.html for more information.
[bt_navigator-11] [INFO] [1789640709.253903576] [bt_navigator]: Creating
[robot_state_publisher-2] [INFO] [1789640709.294720513] [robot_state_publisher]: got segment base_footprint
[robot_state_publisher-2] [INFO] [1789640709.298954840] [robot_state_publisher]: got segment base_link
[robot_state_publisher-2] [INFO] [1789640709.298980631] [robot_state_publisher]: got segment imu_link
[robot_state_publisher-2] [INFO] [1789640709.298989915] [robot_state_publisher]: got segment lidar_link
[robot_state_publisher-2] [INFO] [1789640709.298997624] [robot_state_publisher]: got segment steer_front_link
[robot_state_publisher-2] [INFO] [1789640709.299005138] [robot_state_publisher]: got segment steer_rear_link
[robot_state_publisher-2] [INFO] [1789640709.299012420] [robot_state_publisher]: got segment v30e_link
[robot_state_publisher-2] [INFO] [1789640709.299019463] [robot_state_publisher]: got segment wheel_front_drive_link
[robot_state_publisher-2] [INFO] [1789640709.299026568] [robot_state_publisher]: got segment wheel_front_left_link
[robot_state_publisher-2] [INFO] [1789640709.299033444] [robot_state_publisher]: got segment wheel_front_right_link
[robot_state_publisher-2] [INFO] [1789640709.299040182] [robot_state_publisher]: got segment wheel_rear_drive_link
[robot_state_publisher-2] [INFO] [1789640709.299047320] [robot_state_publisher]: got segment wheel_rear_left_link
[robot_state_publisher-2] [INFO] [1789640709.299054074] [robot_state_publisher]: got segment wheel_rear_right_link
[behavior_server-10] [INFO] [1789640709.340367508] [behavior_server]: 
[behavior_server-10] 	behavior_server lifecycle node launched. 
[behavior_server-10] 	Waiting on external lifecycle transitions to activate
[behavior_server-10] 	See https://design.ros2.org/articles/node_lifecycle.html for more information.
[waypoint_follower-12] [INFO] [1789640709.409654153] [waypoint_follower]: 
[waypoint_follower-12] 	waypoint_follower lifecycle node launched. 
[waypoint_follower-12] 	Waiting on external lifecycle transitions to activate
[waypoint_follower-12] 	See https://design.ros2.org/articles/node_lifecycle.html for more information.
[waypoint_follower-12] [INFO] [1789640709.410307950] [waypoint_follower]: Creating
[swerve_bridge_node-14] Traceback (most recent call last):
[swerve_bridge_node-14]   File "/home/yahboom/swerve_bringup/install/swerve_bridge/lib/swerve_bridge/swerve_bridge_node", line 33, in <module>
[swerve_bridge_node-14]     sys.exit(load_entry_point('swerve-bridge', 'console_scripts', 'swerve_bridge_node')())
[swerve_bridge_node-14]   File "/home/yahboom/swerve_bringup/install/swerve_bridge/lib/swerve_bridge/swerve_bridge_node", line 22, in importlib_load_entry_point
[swerve_bridge_node-14]     for entry_point in distribution(dist_name).entry_points
[swerve_bridge_node-14]   File "/usr/lib/python3.10/importlib/metadata/__init__.py", line 969, in distribution
[swerve_bridge_node-14]     return Distribution.from_name(distribution_name)
[swerve_bridge_node-14]   File "/usr/lib/python3.10/importlib/metadata/__init__.py", line 548, in from_name
[swerve_bridge_node-14]     raise PackageNotFoundError(name)
[swerve_bridge_node-14] importlib.metadata.PackageNotFoundError: No package metadata was found for swerve-bridge
[ERROR] [swerve_bridge_node-14]: process has died [pid 174480, exit code 1, cmd '/home/yahboom/swerve_bringup/install/swerve_bridge/lib/swerve_bridge/swerve_bridge_node --ros-args -r __node:=swerve_bridge --params-file /home/yahboom/swerve_bringup/install/swerve_bridge/share/swerve_bridge/config/bridge.yaml --params-file /tmp/launch_params_z1xjiw9s'].
[planner_server-9] [INFO] [1789640709.613195049] [global_costmap.global_costmap]: 
[planner_server-9] 	global_costmap lifecycle node launched. 
[planner_server-9] 	Waiting on external lifecycle transitions to activate
[planner_server-9] 	See https://design.ros2.org/articles/node_lifecycle.html for more information.
[planner_server-9] [INFO] [1789640709.613817019] [global_costmap.global_costmap]: Creating Costmap
[lifecycle_manager-13] [INFO] [1789640709.645864797] [lifecycle_manager_navigation]: Creating
[lifecycle_manager-13] [INFO] [1789640709.673364426] [lifecycle_manager_navigation]: [34m[1mCreating and initializing lifecycle service clients[0m[0m
[controller_server-8] [INFO] [1789640709.700972574] [local_costmap.local_costmap]: 
[controller_server-8] 	local_costmap lifecycle node launched. 
[controller_server-8] 	Waiting on external lifecycle transitions to activate
[controller_server-8] 	See https://design.ros2.org/articles/node_lifecycle.html for more information.
[controller_server-8] [INFO] [1789640709.701505771] [local_costmap.local_costmap]: Creating Costmap
[lifecycle_manager-13] [INFO] [1789640709.791118668] [lifecycle_manager_navigation]: [34m[1mStarting managed nodes bringup...[0m[0m
[lifecycle_manager-13] [INFO] [1789640709.791200831] [lifecycle_manager_navigation]: [34m[1mConfiguring map_server[0m[0m
[map_server-7] [INFO] [1789640710.157190145] [map_server]: Configuring
[map_server-7] [INFO] [1789640710.157332731] [map_io]: Loading yaml file: /home/yahboom/swerve_bringup/install/swerve_bringup/share/swerve_bringup/swerve_navigation/maps/warehouse.yaml
[map_server-7] [INFO] [1789640710.157688094] [map_io]: resolution: 0.05
[map_server-7] [INFO] [1789640710.157706150] [map_io]: origin[0]: -17.2
[map_server-7] [INFO] [1789640710.157712592] [map_io]: origin[1]: -17.4
[map_server-7] [INFO] [1789640710.157718253] [map_io]: origin[2]: 0
[map_server-7] [INFO] [1789640710.157724330] [map_io]: free_thresh: 0.25
[map_server-7] [INFO] [1789640710.157730199] [map_io]: occupied_thresh: 0.65
[map_server-7] [INFO] [1789640710.157736731] [map_io]: mode: trinary
[map_server-7] [INFO] [1789640710.157744429] [map_io]: negate: 0
[map_server-7] [INFO] [1789640710.161168456] [map_io]: Loading image_file: /home/yahboom/swerve_bringup/install/swerve_bringup/share/swerve_bringup/swerve_navigation/maps/warehouse.pgm
[map_server-7] [INFO] [1789640710.353259802] [map_io]: Read map /home/yahboom/swerve_bringup/install/swerve_bringup/share/swerve_bringup/swerve_navigation/maps/warehouse.pgm: 676 X 680 map @ 0.05 m/cell
[lifecycle_manager-13] [INFO] [1789640710.441114305] [lifecycle_manager_navigation]: [34m[1mConfiguring controller_server[0m[0m
[controller_server-8] [INFO] [1789640710.446584308] [controller_server]: Configuring controller interface
[controller_server-8] [INFO] [1789640710.450384467] [controller_server]: getting goal checker plugins..
[controller_server-8] [INFO] [1789640710.450532215] [controller_server]: Controller frequency set to 10.0000Hz
[controller_server-8] [INFO] [1789640710.450580721] [local_costmap.local_costmap]: Configuring
[spawn_entity.py-3] [INFO] [1789640710.582111296] [spawn_swerve]: Spawn Entity started
[spawn_entity.py-3] [INFO] [1789640710.584400329] [spawn_swerve]: Loading entity published on topic robot_description
[spawn_entity.py-3] [INFO] [1789640710.600386934] [spawn_swerve]: Waiting for entity xml on robot_description
[controller_server-8] [INFO] [1789640710.632880838] [local_costmap.local_costmap]: Using plugin "voxel_layer"
[spawn_entity.py-3] [INFO] [1789640710.637791068] [spawn_swerve]: Waiting for service /spawn_entity, timeout = 30
[spawn_entity.py-3] [INFO] [1789640710.638542903] [spawn_swerve]: Waiting for service /spawn_entity
[controller_server-8] [INFO] [1789640710.653618105] [local_costmap.local_costmap]: Subscribed to Topics: lidar3d scan
[controller_server-8] [INFO] [1789640710.729704929] [local_costmap.local_costmap]: Initialized plugin "voxel_layer"
[controller_server-8] [INFO] [1789640710.731223813] [local_costmap.local_costmap]: Using plugin "inflation_layer"
[controller_server-8] [INFO] [1789640710.737106175] [local_costmap.local_costmap]: Initialized plugin "inflation_layer"
[controller_server-8] [INFO] [1789640710.854446698] [controller_server]: Created progress_checker : progress_checker of type nav2_controller::SimpleProgressChecker
[controller_server-8] [INFO] [1789640710.866082752] [controller_server]: Created goal checker : general_goal_checker of type nav2_controller::SimpleGoalChecker
[controller_server-8] [INFO] [1789640710.872728041] [controller_server]: Controller Server has general_goal_checker  goal checkers available.
[controller_server-8] [INFO] [1789640710.874859074] [controller_server]: Created controller : FollowPath of type dwb_core::DWBLocalPlanner
[controller_server-8] [INFO] [1789640710.880510733] [controller_server]: Setting transform_tolerance to 0.200000
[v30e_sim_node-5] [INFO] [1789640710.883455864] [v30e_sim_node]: Using Gazebo /get_entity_state internally; odometry is not a V30E measurement input
[controller_server-8] [INFO] [1789640711.007649625] [controller_server]: Using critic "RotateToGoal" (dwb_critics::RotateToGoalCritic)
[controller_server-8] [INFO] [1789640711.019246415] [controller_server]: Critic plugin initialized
[controller_server-8] [INFO] [1789640711.025865592] [controller_server]: Using critic "Oscillation" (dwb_critics::OscillationCritic)
[controller_server-8] [INFO] [1789640711.031676167] [controller_server]: Critic plugin initialized
[controller_server-8] [INFO] [1789640711.031774052] [controller_server]: Using critic "BaseObstacle" (dwb_critics::BaseObstacleCritic)
[controller_server-8] [INFO] [1789640711.031868768] [controller_server]: Critic plugin initialized
[controller_server-8] [INFO] [1789640711.031935948] [controller_server]: Using critic "GoalAlign" (dwb_critics::GoalAlignCritic)
[controller_server-8] [INFO] [1789640711.032391546] [controller_server]: Critic plugin initialized
[controller_server-8] [INFO] [1789640711.032465765] [controller_server]: Using critic "PathAlign" (dwb_critics::PathAlignCritic)
[controller_server-8] [INFO] [1789640711.039388414] [controller_server]: Critic plugin initialized
[controller_server-8] [INFO] [1789640711.040697210] [controller_server]: Using critic "PathDist" (dwb_critics::PathDistCritic)
[controller_server-8] [INFO] [1789640711.041564564] [controller_server]: Critic plugin initialized
[controller_server-8] [INFO] [1789640711.041711789] [controller_server]: Using critic "GoalDist" (dwb_critics::GoalDistCritic)
[controller_server-8] [INFO] [1789640711.042357555] [controller_server]: Critic plugin initialized
[controller_server-8] [INFO] [1789640711.042391303] [controller_server]: Controller Server has FollowPath  controllers available.
[lifecycle_manager-13] [INFO] [1789640711.139066764] [lifecycle_manager_navigation]: [34m[1mConfiguring planner_server[0m[0m
[planner_server-9] [INFO] [1789640711.139992186] [planner_server]: Configuring
[planner_server-9] [INFO] [1789640711.140041910] [global_costmap.global_costmap]: Configuring
[planner_server-9] [INFO] [1789640711.223219757] [global_costmap.global_costmap]: Using plugin "static_layer"
[planner_server-9] [INFO] [1789640711.238552261] [global_costmap.global_costmap]: Subscribing to the map topic (/map) with transient local durability
[planner_server-9] [INFO] [1789640711.255511287] [global_costmap.global_costmap]: Initialized plugin "static_layer"
[planner_server-9] [INFO] [1789640711.255568084] [global_costmap.global_costmap]: Using plugin "obstacle_layer"
[planner_server-9] [INFO] [1789640711.265900668] [global_costmap.global_costmap]: Subscribed to Topics: scan
[planner_server-9] [INFO] [1789640711.304827541] [global_costmap.global_costmap]: Initialized plugin "obstacle_layer"
[planner_server-9] [INFO] [1789640711.304879760] [global_costmap.global_costmap]: Using plugin "inflation_layer"
[planner_server-9] [INFO] [1789640711.308999104] [global_costmap.global_costmap]: Initialized plugin "inflation_layer"
[planner_server-9] [INFO] [1789640711.372227232] [planner_server]: Created global planner plugin GridBased of type nav2_navfn_planner/NavfnPlanner
[planner_server-9] [INFO] [1789640711.372326902] [planner_server]: Configuring plugin GridBased of type NavfnPlanner
[planner_server-9] [INFO] [1789640711.378790399] [planner_server]: Planner Server has GridBased  planners available.
[lifecycle_manager-13] [INFO] [1789640711.473027760] [lifecycle_manager_navigation]: [34m[1mConfiguring behavior_server[0m[0m
[behavior_server-10] [INFO] [1789640711.473606264] [behavior_server]: Configuring
[behavior_server-10] [INFO] [1789640711.522384093] [behavior_server]: Creating behavior plugin spin of type nav2_behaviors/Spin
[behavior_server-10] [INFO] [1789640711.523276651] [behavior_server]: Configuring spin
[behavior_server-10] [INFO] [1789640711.570290176] [behavior_server]: Creating behavior plugin backup of type nav2_behaviors/BackUp
[behavior_server-10] [INFO] [1789640711.572820781] [behavior_server]: Configuring backup
[behavior_server-10] [INFO] [1789640711.638852501] [behavior_server]: Creating behavior plugin drive_on_heading of type nav2_behaviors/DriveOnHeading
[behavior_server-10] [INFO] [1789640711.640105377] [behavior_server]: Configuring drive_on_heading
[behavior_server-10] [INFO] [1789640711.677689262] [behavior_server]: Creating behavior plugin wait of type nav2_behaviors/Wait
[behavior_server-10] [INFO] [1789640711.678690763] [behavior_server]: Configuring wait
[lifecycle_manager-13] [INFO] [1789640711.727327816] [lifecycle_manager_navigation]: [34m[1mConfiguring bt_navigator[0m[0m
[bt_navigator-11] [INFO] [1789640711.727798385] [bt_navigator]: Configuring
[lifecycle_manager-13] [INFO] [1789640712.525371529] [lifecycle_manager_navigation]: [34m[1mConfiguring waypoint_follower[0m[0m
[waypoint_follower-12] [INFO] [1789640712.532401687] [waypoint_follower]: Configuring
[waypoint_follower-12] [INFO] [1789640712.687038616] [waypoint_follower]: Created waypoint_task_executor : wait_at_waypoint of type nav2_waypoint_follower::WaitAtWaypoint
[waypoint_follower-12] [INFO] [1789640712.706557114] [waypoint_follower]: Waypoint pause duration is set to zero, disabling task executor plugin.
[lifecycle_manager-13] [INFO] [1789640712.716608258] [lifecycle_manager_navigation]: [34m[1mActivating map_server[0m[0m
[map_server-7] [INFO] [1789640712.719332749] [map_server]: Activating
[map_server-7] [INFO] [1789640712.720276207] [map_server]: Creating bond (map_server) to lifecycle manager.
[planner_server-9] [INFO] [1789640712.721550223] [global_costmap.global_costmap]: StaticLayer: Resizing costmap to 676 X 680 at 0.050000 m/pix
[lifecycle_manager-13] [INFO] [1789640712.847764543] [lifecycle_manager_navigation]: Server map_server connected with bond.
[lifecycle_manager-13] [INFO] [1789640712.848716454] [lifecycle_manager_navigation]: [34m[1mActivating controller_server[0m[0m
[controller_server-8] [INFO] [1789640712.849352768] [controller_server]: Activating
[controller_server-8] [INFO] [1789640712.849418956] [local_costmap.local_costmap]: Activating
[controller_server-8] [INFO] [1789640712.849440067] [local_costmap.local_costmap]: Checking transform
[controller_server-8] [INFO] [1789640712.849477942] [local_costmap.local_costmap]: Timed out waiting for transform from base_footprint to odom to become available, tf error: Invalid frame ID "odom" passed to canTransform argument target_frame - frame does not exist
[controller_server-8] [INFO] [1789640713.352484755] [local_costmap.local_costmap]: Timed out waiting for transform from base_footprint to odom to become available, tf error: Invalid frame ID "odom" passed to canTransform argument target_frame - frame does not exist
[controller_server-8] [INFO] [1789640713.851926634] [local_costmap.local_costmap]: Timed out waiting for transform from base_footprint to odom to become available, tf error: Invalid frame ID "odom" passed to canTransform argument target_frame - frame does not exist
[controller_server-8] [INFO] [1789640714.350171530] [local_costmap.local_costmap]: Timed out waiting for transform from base_footprint to odom to become available, tf error: Invalid frame ID "odom" passed to canTransform argument target_frame - frame does not exist
[controller_server-8] [INFO] [1789640714.850472886] [local_costmap.local_costmap]: Timed out waiting for transform from base_footprint to odom to become available, tf error: Invalid frame ID "odom" passed to canTransform argument target_frame - frame does not exist
[controller_server-8] [INFO] [1789640715.351433543] [local_costmap.local_costmap]: Timed out waiting for transform from base_footprint to odom to become available, tf error: Invalid frame ID "odom" passed to canTransform argument target_frame - frame does not exist
[controller_server-8] [INFO] [1789640715.849674272] [local_costmap.local_costmap]: Timed out waiting for transform from base_footprint to odom to become available, tf error: Invalid frame ID "odom" passed to canTransform argument target_frame - frame does not exist
[controller_server-8] [INFO] [1789640716.350654913] [local_costmap.local_costmap]: Timed out waiting for transform from base_footprint to odom to become available, tf error: Invalid frame ID "odom" passed to canTransform argument target_frame - frame does not exist
[controller_server-8] [INFO] [1789640716.852254409] [local_costmap.local_costmap]: Timed out waiting for transform from base_footprint to odom to become available, tf error: Invalid frame ID "odom" passed to canTransform argument target_frame - frame does not exist
[spawn_entity.py-3] [INFO] [1789640717.202889965] [spawn_swerve]: Calling service /spawn_entity
[controller_server-8] [INFO] [1789640717.350976293] [local_costmap.local_costmap]: Timed out waiting for transform from base_footprint to odom to become available, tf error: Invalid frame ID "odom" passed to canTransform argument target_frame - frame does not exist
[gzserver-1] [INFO] [1789640717.464767453] [gazebo_ros_state]: Publishing states of gazebo models at [/model_states]
[gzserver-1] [INFO] [1789640717.467101344] [gazebo_ros_state]: Publishing states of gazebo links at [/link_states]
[controller_server-8] [INFO] [1789640717.849812808] [local_costmap.local_costmap]: Timed out waiting for transform from base_footprint to odom to become available, tf error: Invalid frame ID "odom" passed to canTransform argument target_frame - frame does not exist
[gzserver-1] [INFO] [1789640717.876952914] [imu.imu_ros]: <initial_orientation_as_reference> is unset, using default value of false to comply with REP 145 (world as orientation reference)
[controller_server-8] [INFO] [1789640718.350828921] [local_costmap.local_costmap]: Timed out waiting for transform from base_footprint to odom to become available, tf error: Invalid frame ID "odom" passed to canTransform argument target_frame - frame does not exist
[controller_server-8] [INFO] [1789640718.850048954] [local_costmap.local_costmap]: Timed out waiting for transform from base_footprint to odom to become available, tf error: Invalid frame ID "odom" passed to canTransform argument target_frame - frame does not exist
[controller_server-8] [INFO] [1789640719.350720552] [local_costmap.local_costmap]: Timed out waiting for transform from base_footprint to odom to become available, tf error: Invalid frame ID "odom" passed to canTransform argument target_frame - frame does not exist
[controller_server-8] [INFO] [1789640719.853472236] [local_costmap.local_costmap]: Timed out waiting for transform from base_footprint to odom to become available, tf error: Invalid frame ID "odom" passed to canTransform argument target_frame - frame does not exist
[controller_server-8] [INFO] [1789640720.350085316] [local_costmap.local_costmap]: Timed out waiting for transform from base_footprint to odom to become available, tf error: Invalid frame ID "odom" passed to canTransform argument target_frame - frame does not exist
[controller_server-8] [INFO] [1789640720.850496174] [local_costmap.local_costmap]: Timed out waiting for transform from base_footprint to odom to become available, tf error: Invalid frame ID "odom" passed to canTransform argument target_frame - frame does not exist
[controller_server-8] [INFO] [1789640721.349675920] [local_costmap.local_costmap]: Timed out waiting for transform from base_footprint to odom to become available, tf error: Invalid frame ID "odom" passed to canTransform argument target_frame - frame does not exist
[controller_server-8] [INFO] [1789640721.850062585] [local_costmap.local_costmap]: Timed out waiting for transform from base_footprint to odom to become available, tf error: Invalid frame ID "odom" passed to canTransform argument target_frame - frame does not exist
[controller_server-8] [INFO] [1789640722.349952637] [local_costmap.local_costmap]: Timed out waiting for transform from base_footprint to odom to become available, tf error: Invalid frame ID "odom" passed to canTransform argument target_frame - frame does not exist
[controller_server-8] [INFO] [1789640722.850482093] [local_costmap.local_costmap]: Timed out waiting for transform from base_footprint to odom to become available, tf error: Invalid frame ID "odom" passed to canTransform argument target_frame - frame does not exist
[controller_server-8] [INFO] [1789640723.349870176] [local_costmap.local_costmap]: Timed out waiting for transform from base_footprint to odom to become available, tf error: Invalid frame ID "odom" passed to canTransform argument target_frame - frame does not exist
[controller_server-8] [INFO] [1789640723.852911939] [local_costmap.local_costmap]: Timed out waiting for transform from base_footprint to odom to become available, tf error: Invalid frame ID "odom" passed to canTransform argument target_frame - frame does not exist
[controller_server-8] [INFO] [1789640724.349619891] [local_costmap.local_costmap]: Timed out waiting for transform from base_footprint to odom to become available, tf error: Invalid frame ID "odom" passed to canTransform argument target_frame - frame does not exist
[controller_server-8] [INFO] [1789640724.849671035] [local_costmap.local_costmap]: Timed out waiting for transform from base_footprint to odom to become available, tf error: Invalid frame ID "odom" passed to canTransform argument target_frame - frame does not exist
[controller_server-8] [INFO] [1789640725.349567209] [local_costmap.local_costmap]: Timed out waiting for transform from base_footprint to odom to become available, tf error: Invalid frame ID "odom" passed to canTransform argument target_frame - frame does not exist
[controller_server-8] [INFO] [1789640725.849760893] [local_costmap.local_costmap]: Timed out waiting for transform from base_footprint to odom to become available, tf error: Invalid frame ID "odom" passed to canTransform argument target_frame - frame does not exist
[controller_server-8] [INFO] [1789640726.351912928] [local_costmap.local_costmap]: Timed out waiting for transform from base_footprint to odom to become available, tf error: Invalid frame ID "odom" passed to canTransform argument target_frame - frame does not exist
[controller_server-8] [INFO] [1789640726.849752612] [local_costmap.local_costmap]: Timed out waiting for transform from base_footprint to odom to become available, tf error: Invalid frame ID "odom" passed to canTransform argument target_frame - frame does not exist
[controller_server-8] [INFO] [1789640727.353109371] [local_costmap.local_costmap]: Timed out waiting for transform from base_footprint to odom to become available, tf error: Invalid frame ID "odom" passed to canTransform argument target_frame - frame does not exist
[controller_server-8] [INFO] [1789640727.849562790] [local_costmap.local_costmap]: Timed out waiting for transform from base_footprint to odom to become available, tf error: Invalid frame ID "odom" passed to canTransform argument target_frame - frame does not exist
[controller_server-8] [INFO] [1789640728.349585741] [local_costmap.local_costmap]: Timed out waiting for transform from base_footprint to odom to become available, tf error: Invalid frame ID "odom" passed to canTransform argument target_frame - frame does not exist
[controller_server-8] [INFO] [1789640728.849714019] [local_costmap.local_costmap]: Timed out waiting for transform from base_footprint to odom to become available, tf error: Invalid frame ID "odom" passed to canTransform argument target_frame - frame does not exist
[controller_server-8] [INFO] [1789640729.351003039] [local_costmap.local_costmap]: Timed out waiting for transform from base_footprint to odom to become available, tf error: Invalid frame ID "odom" passed to canTransform argument target_frame - frame does not exist
[controller_server-8] [INFO] [1789640729.850342524] [local_costmap.local_costmap]: Timed out waiting for transform from base_footprint to odom to become available, tf error: Invalid frame ID "odom" passed to canTransform argument target_frame - frame does not exist
[controller_server-8] [INFO] [1789640730.349562141] [local_costmap.local_costmap]: Timed out waiting for transform from base_footprint to odom to become available, tf error: Invalid frame ID "odom" passed to canTransform argument target_frame - frame does not exist
[controller_server-8] [INFO] [1789640730.850272707] [local_costmap.local_costmap]: Timed out waiting for transform from base_footprint to odom to become available, tf error: Invalid frame ID "odom" passed to canTransform argument target_frame - frame does not exist
[spawn_entity.py-3] [INFO] [1789640731.211143999] [spawn_swerve]: Spawn status: SpawnEntity: Successfully spawned entity [swerve_base]
[controller_server-8] [INFO] [1789640731.350320663] [local_costmap.local_costmap]: Timed out waiting for transform from base_footprint to odom to become available, tf error: Invalid frame ID "odom" passed to canTransform argument target_frame - frame does not exist
[gzserver-1] [INFO] [1789640731.366210406] [gazebo_ros2_control]: Loading gazebo_ros2_control plugin
[gzserver-1] [INFO] [1789640731.471171920] [gazebo_ros2_control]: Starting gazebo_ros2_control plugin in namespace: /
[gzserver-1] [INFO] [1789640731.471238963] [gazebo_ros2_control]: Starting gazebo_ros2_control plugin in ros 2 node: gazebo_ros2_control
[gzserver-1] [INFO] [1789640731.534906230] [gazebo_ros2_control]: connected to service!! robot_state_publisher
[gzserver-1] [INFO] [1789640731.545127795] [gazebo_ros2_control]: Received urdf from param server, parsing...
[gzserver-1] [INFO] [1789640731.545394184] [gazebo_ros2_control]: Loading parameter files /home/yahboom/swerve_bringup/install/swerve_bringup/share/swerve_bringup/config/controllers.yaml
[INFO] [spawn_entity.py-3]: process has finished cleanly [pid 174431]
[INFO] [spawner-15]: process started with pid [174881]
[gzserver-1] [INFO] [1789640731.580416292] [gazebo_ros2_control]: Loading joint: steer_front_joint
[gzserver-1] [INFO] [1789640731.580711520] [gazebo_ros2_control]: 	State:
[gzserver-1] [INFO] [1789640731.580731158] [gazebo_ros2_control]: 		 position
[gzserver-1] [INFO] [1789640731.580744723] [gazebo_ros2_control]: 		 velocity
[gzserver-1] [INFO] [1789640731.580754902] [gazebo_ros2_control]: 	Command:
[gzserver-1] [INFO] [1789640731.580763941] [gazebo_ros2_control]: 		 position
[gzserver-1] [INFO] [1789640731.581222196] [gazebo_ros2_control]: Loading joint: steer_rear_joint
[gzserver-1] [INFO] [1789640731.581248684] [gazebo_ros2_control]: 	State:
[gzserver-1] [INFO] [1789640731.581258303] [gazebo_ros2_control]: 		 position
[gzserver-1] [INFO] [1789640731.581267874] [gazebo_ros2_control]: 		 velocity
[gzserver-1] [INFO] [1789640731.581276475] [gazebo_ros2_control]: 	Command:
[gzserver-1] [INFO] [1789640731.581285001] [gazebo_ros2_control]: 		 position
[gzserver-1] [INFO] [1789640731.581407200] [gazebo_ros2_control]: Loading joint: wheel_front_drive_joint
[gzserver-1] [INFO] [1789640731.581429098] [gazebo_ros2_control]: 	State:
[gzserver-1] [INFO] [1789640731.581438960] [gazebo_ros2_control]: 		 position
[gzserver-1] [INFO] [1789640731.581448808] [gazebo_ros2_control]: 		 velocity
[gzserver-1] [INFO] [1789640731.581457773] [gazebo_ros2_control]: 	Command:
[gzserver-1] [INFO] [1789640731.581471827] [gazebo_ros2_control]: 		 velocity
[gzserver-1] [INFO] [1789640731.581576672] [gazebo_ros2_control]: Loading joint: wheel_rear_drive_joint
[gzserver-1] [INFO] [1789640731.586127687] [gazebo_ros2_control]: 	State:
[gzserver-1] [INFO] [1789640731.587150584] [gazebo_ros2_control]: 		 position
[gzserver-1] [INFO] [1789640731.587170000] [gazebo_ros2_control]: 		 velocity
[gzserver-1] [INFO] [1789640731.587179902] [gazebo_ros2_control]: 	Command:
[gzserver-1] [INFO] [1789640731.587209900] [gazebo_ros2_control]: 		 velocity
[gzserver-1] [INFO] [1789640731.594677174] [resource_manager]: Initialize hardware 'GazeboSystem' 
[gzserver-1] [INFO] [1789640731.594976545] [resource_manager]: Successful initialization of hardware 'GazeboSystem'
[gzserver-1] [INFO] [1789640731.595117154] [resource_manager]: 'configure' hardware 'GazeboSystem' 
[gzserver-1] [INFO] [1789640731.595130809] [resource_manager]: Successful 'configure' of hardware 'GazeboSystem'
[gzserver-1] [INFO] [1789640731.595139011] [resource_manager]: 'activate' hardware 'GazeboSystem' 
[gzserver-1] [INFO] [1789640731.595145605] [resource_manager]: Successful 'activate' of hardware 'GazeboSystem'
[gzserver-1] [INFO] [1789640731.595247257] [gazebo_ros2_control]: Loading controller_manager
[controller_server-8] [INFO] [1789640731.850431115] [local_costmap.local_costmap]: Timed out waiting for transform from base_footprint to odom to become available, tf error: Invalid frame ID "odom" passed to canTransform argument target_frame - frame does not exist
[gzserver-1] [WARN] [1789640731.861036637] [gazebo_ros2_control]:  Desired controller update period (0.01 s) is slower than the gazebo simulation period (0.001 s).
[gzserver-1] [INFO] [1789640731.862960690] [gazebo_ros2_control]: Loaded gazebo_ros2_control.
[controller_server-8] [INFO] [1789640732.349861458] [local_costmap.local_costmap]: start
[controller_server-8] [INFO] [1789640732.517485561] [controller_server]: Creating bond (controller_server) to lifecycle manager.
[lifecycle_manager-13] [INFO] [1789640732.696507415] [lifecycle_manager_navigation]: Server controller_server connected with bond.
[lifecycle_manager-13] [INFO] [1789640732.701695789] [lifecycle_manager_navigation]: [34m[1mActivating planner_server[0m[0m
[planner_server-9] [INFO] [1789640732.704619564] [planner_server]: Activating
[planner_server-9] [INFO] [1789640732.704957334] [global_costmap.global_costmap]: Activating
[planner_server-9] [INFO] [1789640732.705656084] [global_costmap.global_costmap]: Checking transform
[planner_server-9] [INFO] [1789640732.705923514] [global_costmap.global_costmap]: start
[spawner-15] [INFO] [1789640732.717037656] [spawn_joint_state_broadcaster]: waiting for service /controller_manager/list_controllers to become available...
[planner_server-9] [INFO] [1789640733.269189977] [planner_server]: Activating plugin GridBased of type NavfnPlanner
[planner_server-9] [INFO] [1789640733.281042973] [planner_server]: Creating bond (planner_server) to lifecycle manager.
[lifecycle_manager-13] [INFO] [1789640733.406785935] [lifecycle_manager_navigation]: Server planner_server connected with bond.
[lifecycle_manager-13] [INFO] [1789640733.406859100] [lifecycle_manager_navigation]: [34m[1mActivating behavior_server[0m[0m
[behavior_server-10] [INFO] [1789640733.409795907] [behavior_server]: Activating
[behavior_server-10] [INFO] [1789640733.409849393] [behavior_server]: Activating spin
[behavior_server-10] [INFO] [1789640733.409868732] [behavior_server]: Activating backup
[behavior_server-10] [INFO] [1789640733.409882319] [behavior_server]: Activating drive_on_heading
[behavior_server-10] [INFO] [1789640733.409892708] [behavior_server]: Activating wait
[behavior_server-10] [INFO] [1789640733.409910527] [behavior_server]: Creating bond (behavior_server) to lifecycle manager.
[lifecycle_manager-13] [INFO] [1789640733.533305189] [lifecycle_manager_navigation]: Server behavior_server connected with bond.
[lifecycle_manager-13] [INFO] [1789640733.533379620] [lifecycle_manager_navigation]: [34m[1mActivating bt_navigator[0m[0m
[bt_navigator-11] [INFO] [1789640733.534376526] [bt_navigator]: Activating
[bt_navigator-11] [INFO] [1789640734.154221507] [bt_navigator]: Creating bond (bt_navigator) to lifecycle manager.
[lifecycle_manager-13] [INFO] [1789640734.280592683] [lifecycle_manager_navigation]: Server bt_navigator connected with bond.
[lifecycle_manager-13] [INFO] [1789640734.280671342] [lifecycle_manager_navigation]: [34m[1mActivating waypoint_follower[0m[0m
[waypoint_follower-12] [INFO] [1789640734.281092831] [waypoint_follower]: Activating
[waypoint_follower-12] [INFO] [1789640734.281147101] [waypoint_follower]: Creating bond (waypoint_follower) to lifecycle manager.
[lifecycle_manager-13] [INFO] [1789640734.415967001] [lifecycle_manager_navigation]: Server waypoint_follower connected with bond.
[lifecycle_manager-13] [INFO] [1789640734.417480749] [lifecycle_manager_navigation]: [34m[1mManaged nodes are active[0m[0m
[lifecycle_manager-13] [INFO] [1789640734.417504549] [lifecycle_manager_navigation]: [34m[1mCreating bond timer...[0m[0m
[gzserver-1] [INFO] [1789640735.031970482] [controller_manager]: Loading controller 'joint_state_broadcaster'
[spawner-15] [INFO] [1789640735.265640959] [spawn_joint_state_broadcaster]: [94mLoaded [1mjoint_state_broadcaster[0m
[gzserver-1] [INFO] [1789640735.278294088] [controller_manager]: Configuring controller 'joint_state_broadcaster'
[gzserver-1] [INFO] [1789640735.278799743] [joint_state_broadcaster]: 'joints' or 'interfaces' parameter is empty. All available state interfaces will be published
[spawner-15] [INFO] [1789640735.367534459] [spawn_joint_state_broadcaster]: [92mConfigured and activated [1mjoint_state_broadcaster[0m
[INFO] [spawner-15]: process has finished cleanly [pid 174881]
[INFO] [spawner-16]: process started with pid [174899]
[spawner-16] [INFO] [1789640737.520436371] [spawn_steering_controller]: waiting for service /controller_manager/list_controllers to become available...
[gzserver-1] [INFO] [1789640737.849381988] [controller_manager]: Loading controller 'steering_controller'
[spawner-16] [INFO] [1789640738.445689575] [spawn_steering_controller]: [94mLoaded [1msteering_controller[0m
[gzserver-1] [INFO] [1789640738.456222242] [controller_manager]: Configuring controller 'steering_controller'
[gzserver-1] [INFO] [1789640738.466611258] [steering_controller]: configure successful
[gzserver-1] [INFO] [1789640738.491054394] [steering_controller]: activate successful
[spawner-16] [INFO] [1789640738.507392616] [spawn_steering_controller]: [92mConfigured and activated [1msteering_controller[0m
[INFO] [spawner-16]: process has finished cleanly [pid 174899]
[INFO] [spawner-17]: process started with pid [174911]
[spawner-17] [INFO] [1789640740.078008106] [spawn_drive_controller]: waiting for service /controller_manager/list_controllers to become available...
[gzserver-1] [INFO] [1789640741.184876340] [controller_manager]: Loading controller 'drive_controller'
[spawner-17] [INFO] [1789640741.396379715] [spawn_drive_controller]: [94mLoaded [1mdrive_controller[0m
[gzserver-1] [INFO] [1789640741.408440214] [controller_manager]: Configuring controller 'drive_controller'
[gzserver-1] [INFO] [1789640741.410740529] [drive_controller]: configure successful
[gzserver-1] [INFO] [1789640741.441437898] [drive_controller]: activate successful
[spawner-17] [INFO] [1789640741.458425728] [spawn_drive_controller]: [92mConfigured and activated [1mdrive_controller[0m
[INFO] [spawner-17]: process has finished cleanly [pid 174911]
[INFO] [swerve_controller_node-18]: process started with pid [174923]
[INFO] [swerve_odometry_node-19]: process started with pid [174925]
[swerve_odometry_node-19] [INFO] [1789640743.173403280] [swerve_odometry]: Encoder odometry ready: radius=0.0637 m, velocity_sign=+1.0
[swerve_controller_node-18] [INFO] [1789640743.518302309] [swerve_controller]: Swerve controller ready: radius=0.0675 m, modules={'front': (0.300042, 0.0), 'rear': (-0.300042, 0.0)}
[bt_navigator-11] [INFO] [1789640750.070254788] [bt_navigator]: Begin navigating from current location (-0.00, -0.00) to (1.00, -0.00)
[controller_server-8] [INFO] [1789640750.102756616] [controller_server]: Received a goal, begin computing control effort.
[controller_server-8] [WARN] [1789640750.102865289] [controller_server]: No goal checker was specified in parameter 'current_goal_checker'. Server will use only plugin loaded general_goal_checker . This warning will appear once.
[bt_navigator-11] [WARN] [1789640750.390909471] [BehaviorTreeEngine]: Behavior Tree tick rate 100.00 was exceeded!
[bt_navigator-11] [WARN] [1789640750.491364291] [BehaviorTreeEngine]: Behavior Tree tick rate 100.00 was exceeded!
[bt_navigator-11] [WARN] [1789640751.025035496] [BehaviorTreeEngine]: Behavior Tree tick rate 100.00 was exceeded!
[controller_server-8] [INFO] [1789640751.205642518] [controller_server]: Passing new path to controller.
[bt_navigator-11] [WARN] [1789640751.735504058] [BehaviorTreeEngine]: Behavior Tree tick rate 100.00 was exceeded!
[bt_navigator-11] [WARN] [1789640751.937713162] [BehaviorTreeEngine]: Behavior Tree tick rate 100.00 was exceeded!
[bt_navigator-11] [WARN] [1789640752.027527452] [BehaviorTreeEngine]: Behavior Tree tick rate 100.00 was exceeded!
[controller_server-8] [INFO] [1789640752.206425923] [controller_server]: Passing new path to controller.
[bt_navigator-11] [WARN] [1789640752.330647765] [BehaviorTreeEngine]: Behavior Tree tick rate 100.00 was exceeded!
[bt_navigator-11] [WARN] [1789640752.336071542] [BehaviorTreeEngine]: Behavior Tree tick rate 100.00 was exceeded!
[bt_navigator-11] [WARN] [1789640752.735771218] [BehaviorTreeEngine]: Behavior Tree tick rate 100.00 was exceeded!
[bt_navigator-11] [WARN] [1789640752.869223094] [BehaviorTreeEngine]: Behavior Tree tick rate 100.00 was exceeded!
[controller_server-8] [INFO] [1789640753.206573180] [controller_server]: Passing new path to controller.
[bt_navigator-11] [WARN] [1789640753.930001284] [BehaviorTreeEngine]: Behavior Tree tick rate 100.00 was exceeded!
[bt_navigator-11] [WARN] [1789640754.139749104] [BehaviorTreeEngine]: Behavior Tree tick rate 100.00 was exceeded!
[controller_server-8] [INFO] [1789640754.205550555] [controller_server]: Passing new path to controller.
[bt_navigator-11] [WARN] [1789640754.212863340] [BehaviorTreeEngine]: Behavior Tree tick rate 100.00 was exceeded!
[controller_server-8] [INFO] [1789640755.307449013] [controller_server]: Passing new path to controller.
[bt_navigator-11] [WARN] [1789640755.522608066] [BehaviorTreeEngine]: Behavior Tree tick rate 100.00 was exceeded!
[bt_navigator-11] [WARN] [1789640755.529309107] [BehaviorTreeEngine]: Behavior Tree tick rate 100.00 was exceeded!
[bt_navigator-11] [WARN] [1789640755.823971798] [BehaviorTreeEngine]: Behavior Tree tick rate 100.00 was exceeded!
[bt_navigator-11] [WARN] [1789640755.832225924] [BehaviorTreeEngine]: Behavior Tree tick rate 100.00 was exceeded!
[bt_navigator-11] [WARN] [1789640755.929806056] [BehaviorTreeEngine]: Behavior Tree tick rate 100.00 was exceeded!
[bt_navigator-11] [WARN] [1789640756.062061447] [BehaviorTreeEngine]: Behavior Tree tick rate 100.00 was exceeded!
[bt_navigator-11] [WARN] [1789640756.134785816] [BehaviorTreeEngine]: Behavior Tree tick rate 100.00 was exceeded!
[bt_navigator-11] [WARN] [1789640756.140790776] [BehaviorTreeEngine]: Behavior Tree tick rate 100.00 was exceeded!
[controller_server-8] [INFO] [1789640756.307079365] [controller_server]: Passing new path to controller.
[bt_navigator-11] [WARN] [1789640756.879390420] [BehaviorTreeEngine]: Behavior Tree tick rate 100.00 was exceeded!
[bt_navigator-11] [WARN] [1789640757.199821798] [BehaviorTreeEngine]: Behavior Tree tick rate 100.00 was exceeded!
[bt_navigator-11] [WARN] [1789640757.244927829] [BehaviorTreeEngine]: Behavior Tree tick rate 100.00 was exceeded!
[controller_server-8] [INFO] [1789640757.305517653] [controller_server]: Passing new path to controller.
[bt_navigator-11] [WARN] [1789640758.299753788] [BehaviorTreeEngine]: Behavior Tree tick rate 100.00 was exceeded!
[bt_navigator-11] [WARN] [1789640758.310835614] [BehaviorTreeEngine]: Behavior Tree tick rate 100.00 was exceeded!
[bt_navigator-11] [WARN] [1789640758.319924338] [BehaviorTreeEngine]: Behavior Tree tick rate 100.00 was exceeded!
[bt_navigator-11] [WARN] [1789640758.365089856] [BehaviorTreeEngine]: Behavior Tree tick rate 100.00 was exceeded!
[bt_navigator-11] [WARN] [1789640758.370166766] [BehaviorTreeEngine]: Behavior Tree tick rate 100.00 was exceeded!
[controller_server-8] [INFO] [1789640758.405603284] [controller_server]: Passing new path to controller.
[bt_navigator-11] [WARN] [1789640758.874315759] [BehaviorTreeEngine]: Behavior Tree tick rate 100.00 was exceeded!
[bt_navigator-11] [WARN] [1789640759.225122738] [BehaviorTreeEngine]: Behavior Tree tick rate 100.00 was exceeded!
[controller_server-8] [INFO] [1789640759.405703847] [controller_server]: Passing new path to controller.
[controller_server-8] [INFO] [1789640760.405729475] [controller_server]: Passing new path to controller.
[bt_navigator-11] [WARN] [1789640761.325346909] [BehaviorTreeEngine]: Behavior Tree tick rate 100.00 was exceeded!
[controller_server-8] [INFO] [1789640761.410501346] [controller_server]: Passing new path to controller.
[bt_navigator-11] [WARN] [1789640761.694338462] [BehaviorTreeEngine]: Behavior Tree tick rate 100.00 was exceeded!
[bt_navigator-11] [WARN] [1789640762.205603257] [BehaviorTreeEngine]: Behavior Tree tick rate 100.00 was exceeded!
[bt_navigator-11] [WARN] [1789640762.328957934] [BehaviorTreeEngine]: Behavior Tree tick rate 100.00 was exceeded!
[controller_server-8] [INFO] [1789640762.506824199] [controller_server]: Passing new path to controller.
[bt_navigator-11] [WARN] [1789640763.220700519] [BehaviorTreeEngine]: Behavior Tree tick rate 100.00 was exceeded!
[controller_server-8] [INFO] [1789640763.509509391] [controller_server]: Passing new path to controller.
[bt_navigator-11] [WARN] [1789640763.523555702] [BehaviorTreeEngine]: Behavior Tree tick rate 100.00 was exceeded!
[bt_navigator-11] [WARN] [1789640763.577558421] [BehaviorTreeEngine]: Behavior Tree tick rate 100.00 was exceeded!
[bt_navigator-11] [WARN] [1789640763.585161619] [BehaviorTreeEngine]: Behavior Tree tick rate 100.00 was exceeded!
[bt_navigator-11] [WARN] [1789640763.921404321] [BehaviorTreeEngine]: Behavior Tree tick rate 100.00 was exceeded!
[bt_navigator-11] [WARN] [1789640763.991165625] [BehaviorTreeEngine]: Behavior Tree tick rate 100.00 was exceeded!
[bt_navigator-11] [WARN] [1789640764.422056355] [BehaviorTreeEngine]: Behavior Tree tick rate 100.00 was exceeded!
[controller_server-8] [INFO] [1789640764.506099460] [controller_server]: Passing new path to controller.
[bt_navigator-11] [WARN] [1789640764.562382198] [BehaviorTreeEngine]: Behavior Tree tick rate 100.00 was exceeded!
[controller_server-8] [INFO] [1789640765.507739356] [controller_server]: Passing new path to controller.
[bt_navigator-11] [WARN] [1789640766.083801525] [BehaviorTreeEngine]: Behavior Tree tick rate 100.00 was exceeded!
[bt_navigator-11] [WARN] [1789640766.173971726] [BehaviorTreeEngine]: Behavior Tree tick rate 100.00 was exceeded!
[controller_server-8] [INFO] [1789640766.506557979] [controller_server]: Passing new path to controller.
[bt_navigator-11] [WARN] [1789640766.534611541] [BehaviorTreeEngine]: Behavior Tree tick rate 100.00 was exceeded!
[bt_navigator-11] [WARN] [1789640767.091636366] [BehaviorTreeEngine]: Behavior Tree tick rate 100.00 was exceeded!
[bt_navigator-11] [WARN] [1789640767.511124345] [BehaviorTreeEngine]: Behavior Tree tick rate 100.00 was exceeded!
[controller_server-8] [INFO] [1789640767.606535756] [controller_server]: Passing new path to controller.
[bt_navigator-11] [WARN] [1789640768.438668892] [BehaviorTreeEngine]: Behavior Tree tick rate 100.00 was exceeded!
[bt_navigator-11] [WARN] [1789640768.441044863] [BehaviorTreeEngine]: Behavior Tree tick rate 100.00 was exceeded!
[bt_navigator-11] [WARN] [1789640768.463294644] [BehaviorTreeEngine]: Behavior Tree tick rate 100.00 was exceeded!
[bt_navigator-11] [WARN] [1789640768.550719915] [BehaviorTreeEngine]: Behavior Tree tick rate 100.00 was exceeded!
[bt_navigator-11] [WARN] [1789640768.604518024] [BehaviorTreeEngine]: Behavior Tree tick rate 100.00 was exceeded!
[controller_server-8] [INFO] [1789640768.607848346] [controller_server]: Passing new path to controller.
[bt_navigator-11] [WARN] [1789640768.618638914] [BehaviorTreeEngine]: Behavior Tree tick rate 100.00 was exceeded!
[bt_navigator-11] [WARN] [1789640769.121090297] [BehaviorTreeEngine]: Behavior Tree tick rate 100.00 was exceeded!
[bt_navigator-11] [WARN] [1789640769.523532659] [BehaviorTreeEngine]: Behavior Tree tick rate 100.00 was exceeded!
[bt_navigator-11] [WARN] [1789640769.575814483] [BehaviorTreeEngine]: Behavior Tree tick rate 100.00 was exceeded!
[bt_navigator-11] [WARN] [1789640769.581659684] [BehaviorTreeEngine]: Behavior Tree tick rate 100.00 was exceeded!
[controller_server-8] [INFO] [1789640769.608859128] [controller_server]: Passing new path to controller.
[bt_navigator-11] [WARN] [1789640769.675367902] [BehaviorTreeEngine]: Behavior Tree tick rate 100.00 was exceeded!
[bt_navigator-11] [WARN] [1789640769.791951435] [BehaviorTreeEngine]: Behavior Tree tick rate 100.00 was exceeded!
[bt_navigator-11] [WARN] [1789640770.336858432] [BehaviorTreeEngine]: Behavior Tree tick rate 100.00 was exceeded!
[bt_navigator-11] [WARN] [1789640770.676418993] [BehaviorTreeEngine]: Behavior Tree tick rate 100.00 was exceeded!
[bt_navigator-11] [WARN] [1789640770.680780996] [BehaviorTreeEngine]: Behavior Tree tick rate 100.00 was exceeded!
[bt_navigator-11] [WARN] [1789640770.700813150] [BehaviorTreeEngine]: Behavior Tree tick rate 100.00 was exceeded!
[controller_server-8] [INFO] [1789640770.706298048] [controller_server]: Passing new path to controller.
[bt_navigator-11] [WARN] [1789640770.771498699] [BehaviorTreeEngine]: Behavior Tree tick rate 100.00 was exceeded!
[bt_navigator-11] [WARN] [1789640771.014028624] [BehaviorTreeEngine]: Behavior Tree tick rate 100.00 was exceeded!
[controller_server-8] [INFO] [1789640771.705659865] [controller_server]: Passing new path to controller.
[bt_navigator-11] [WARN] [1789640771.839627910] [BehaviorTreeEngine]: Behavior Tree tick rate 100.00 was exceeded!
[bt_navigator-11] [WARN] [1789640772.513844655] [BehaviorTreeEngine]: Behavior Tree tick rate 100.00 was exceeded!
[bt_navigator-11] [WARN] [1789640772.547090431] [BehaviorTreeEngine]: Behavior Tree tick rate 100.00 was exceeded!
[bt_navigator-11] [WARN] [1789640772.621303789] [BehaviorTreeEngine]: Behavior Tree tick rate 100.00 was exceeded!
[bt_navigator-11] [WARN] [1789640772.628741467] [BehaviorTreeEngine]: Behavior Tree tick rate 100.00 was exceeded!
[controller_server-8] [INFO] [1789640772.707177243] [controller_server]: Passing new path to controller.
[bt_navigator-11] [WARN] [1789640772.930632577] [BehaviorTreeEngine]: Behavior Tree tick rate 100.00 was exceeded!
[bt_navigator-11] [WARN] [1789640773.107379641] [BehaviorTreeEngine]: Behavior Tree tick rate 100.00 was exceeded!
[bt_navigator-11] [WARN] [1789640773.517406911] [BehaviorTreeEngine]: Behavior Tree tick rate 100.00 was exceeded!
[bt_navigator-11] [WARN] [1789640773.679354870] [BehaviorTreeEngine]: Behavior Tree tick rate 100.00 was exceeded!
[controller_server-8] [INFO] [1789640773.705996258] [controller_server]: Passing new path to controller.
[bt_navigator-11] [WARN] [1789640773.897188432] [BehaviorTreeEngine]: Behavior Tree tick rate 100.00 was exceeded!
[bt_navigator-11] [WARN] [1789640774.037297715] [BehaviorTreeEngine]: Behavior Tree tick rate 100.00 was exceeded!
[controller_server-8] [INFO] [1789640774.805855807] [controller_server]: Passing new path to controller.
[bt_navigator-11] [WARN] [1789640775.074650821] [BehaviorTreeEngine]: Behavior Tree tick rate 100.00 was exceeded!
[bt_navigator-11] [WARN] [1789640775.167535983] [BehaviorTreeEngine]: Behavior Tree tick rate 100.00 was exceeded!
[bt_navigator-11] [WARN] [1789640775.206259356] [BehaviorTreeEngine]: Behavior Tree tick rate 100.00 was exceeded!
[bt_navigator-11] [WARN] [1789640775.217504906] [BehaviorTreeEngine]: Behavior Tree tick rate 100.00 was exceeded!
[bt_navigator-11] [WARN] [1789640775.386125302] [BehaviorTreeEngine]: Behavior Tree tick rate 100.00 was exceeded!
[bt_navigator-11] [WARN] [1789640775.544788426] [BehaviorTreeEngine]: Behavior Tree tick rate 100.00 was exceeded!
[controller_server-8] [INFO] [1789640775.806043084] [controller_server]: Passing new path to controller.
[bt_navigator-11] [WARN] [1789640776.114946545] [BehaviorTreeEngine]: Behavior Tree tick rate 100.00 was exceeded!
[bt_navigator-11] [WARN] [1789640776.295562384] [BehaviorTreeEngine]: Behavior Tree tick rate 100.00 was exceeded!
[bt_navigator-11] [WARN] [1789640776.325103180] [BehaviorTreeEngine]: Behavior Tree tick rate 100.00 was exceeded!
[bt_navigator-11] [WARN] [1789640776.355832821] [BehaviorTreeEngine]: Behavior Tree tick rate 100.00 was exceeded!
[controller_server-8] [INFO] [1789640776.805663276] [controller_server]: Passing new path to controller.
[bt_navigator-11] [WARN] [1789640777.125223384] [BehaviorTreeEngine]: Behavior Tree tick rate 100.00 was exceeded!
[bt_navigator-11] [WARN] [1789640777.431395386] [BehaviorTreeEngine]: Behavior Tree tick rate 100.00 was exceeded!
[bt_navigator-11] [WARN] [1789640777.452706497] [BehaviorTreeEngine]: Behavior Tree tick rate 100.00 was exceeded!
[bt_navigator-11] [WARN] [1789640777.455311497] [BehaviorTreeEngine]: Behavior Tree tick rate 100.00 was exceeded!
[bt_navigator-11] [WARN] [1789640777.527227803] [BehaviorTreeEngine]: Behavior Tree tick rate 100.00 was exceeded!
[controller_server-8] [INFO] [1789640777.809082017] [controller_server]: Passing new path to controller.
[bt_navigator-11] [WARN] [1789640778.016610602] [BehaviorTreeEngine]: Behavior Tree tick rate 100.00 was exceeded!
[bt_navigator-11] [WARN] [1789640778.428666471] [BehaviorTreeEngine]: Behavior Tree tick rate 100.00 was exceeded!
[bt_navigator-11] [WARN] [1789640778.877997132] [BehaviorTreeEngine]: Behavior Tree tick rate 100.00 was exceeded!
[controller_server-8] [INFO] [1789640778.905824534] [controller_server]: Passing new path to controller.
[bt_navigator-11] [WARN] [1789640779.097599037] [BehaviorTreeEngine]: Behavior Tree tick rate 100.00 was exceeded!
[bt_navigator-11] [WARN] [1789640779.268880954] [BehaviorTreeEngine]: Behavior Tree tick rate 100.00 was exceeded!
[bt_navigator-11] [WARN] [1789640779.532859201] [BehaviorTreeEngine]: Behavior Tree tick rate 100.00 was exceeded!
[bt_navigator-11] [WARN] [1789640779.634285240] [BehaviorTreeEngine]: Behavior Tree tick rate 100.00 was exceeded!
[bt_navigator-11] [WARN] [1789640779.673343230] [BehaviorTreeEngine]: Behavior Tree tick rate 100.00 was exceeded!
[bt_navigator-11] [WARN] [1789640779.832889401] [BehaviorTreeEngine]: Behavior Tree tick rate 100.00 was exceeded!
[controller_server-8] [INFO] [1789640779.905515639] [controller_server]: Passing new path to controller.
[bt_navigator-11] [WARN] [1789640780.285835194] [BehaviorTreeEngine]: Behavior Tree tick rate 100.00 was exceeded!
[bt_navigator-11] [WARN] [1789640780.544201106] [BehaviorTreeEngine]: Behavior Tree tick rate 100.00 was exceeded!
[bt_navigator-11] [WARN] [1789640780.733178747] [BehaviorTreeEngine]: Behavior Tree tick rate 100.00 was exceeded!
[bt_navigator-11] [WARN] [1789640780.793094165] [BehaviorTreeEngine]: Behavior Tree tick rate 100.00 was exceeded!
[bt_navigator-11] [WARN] [1789640780.814037386] [BehaviorTreeEngine]: Behavior Tree tick rate 100.00 was exceeded!
[bt_navigator-11] [WARN] [1789640780.835974084] [BehaviorTreeEngine]: Behavior Tree tick rate 100.00 was exceeded!
[controller_server-8] [INFO] [1789640780.906935109] [controller_server]: Passing new path to controller.
[bt_navigator-11] [WARN] [1789640781.023052765] [BehaviorTreeEngine]: Behavior Tree tick rate 100.00 was exceeded!
[bt_navigator-11] [WARN] [1789640781.295948327] [BehaviorTreeEngine]: Behavior Tree tick rate 100.00 was exceeded!
[bt_navigator-11] [WARN] [1789640781.646990713] [BehaviorTreeEngine]: Behavior Tree tick rate 100.00 was exceeded!
[bt_navigator-11] [WARN] [1789640781.695590701] [BehaviorTreeEngine]: Behavior Tree tick rate 100.00 was exceeded!
[bt_navigator-11] [WARN] [1789640781.698885947] [BehaviorTreeEngine]: Behavior Tree tick rate 100.00 was exceeded!
[bt_navigator-11] [WARN] [1789640781.896588226] [BehaviorTreeEngine]: Behavior Tree tick rate 100.00 was exceeded!
[controller_server-8] [INFO] [1789640781.906698964] [controller_server]: Passing new path to controller.
[controller_server-8] [INFO] [1789640783.005597599] [controller_server]: Passing new path to controller.
[controller_server-8] [INFO] [1789640783.063022105] [controller_server]: Reached the goal!
[bt_navigator-11] [INFO] [1789640783.098797163] [bt_navigator]: Goal succeeded
[WARNING] [launch]: user interrupted with ctrl-c (SIGINT)
[waypoint_follower-12] [INFO] [1789640784.334489330] [rclcpp]: signal_handler(signum=2)
[waypoint_follower-12] [INFO] [1789640784.335754573] [waypoint_follower]: Running Nav2 LifecycleNode rcl preshutdown (waypoint_follower)
[waypoint_follower-12] [INFO] [1789640784.335835225] [waypoint_follower]: Deactivating
[waypoint_follower-12] [INFO] [1789640784.335864332] [waypoint_follower]: Destroying bond (waypoint_follower) to lifecycle manager.
[bt_navigator-11] [INFO] [1789640784.334563300] [rclcpp]: signal_handler(signum=2)
[map_server-7] [INFO] [1789640784.334654915] [rclcpp]: signal_handler(signum=2)
[map_server-7] [INFO] [1789640784.334845793] [map_server]: Running Nav2 LifecycleNode rcl preshutdown (map_server)
[map_server-7] [INFO] [1789640784.334936795] [map_server]: Deactivating
[map_server-7] [INFO] [1789640784.334965380] [map_server]: Destroying bond (map_server) to lifecycle manager.
[behavior_server-10] [INFO] [1789640784.334779314] [rclcpp]: signal_handler(signum=2)
[lifecycle_manager-13] [INFO] [1789640784.334886794] [rclcpp]: signal_handler(signum=2)
[ekf_node-6] [INFO] [1789640784.335181302] [rclcpp]: signal_handler(signum=2)
[INFO] [swerve_odometry_node-19]: sending signal 'SIGINT' to process[swerve_odometry_node-19]
[INFO] [swerve_controller_node-18]: sending signal 'SIGINT' to process[swerve_controller_node-18]
[INFO] [lifecycle_manager-13]: sending signal 'SIGINT' to process[lifecycle_manager-13]
[INFO] [waypoint_follower-12]: sending signal 'SIGINT' to process[waypoint_follower-12]
[INFO] [bt_navigator-11]: sending signal 'SIGINT' to process[bt_navigator-11]
[INFO] [behavior_server-10]: sending signal 'SIGINT' to process[behavior_server-10]
[INFO] [planner_server-9]: sending signal 'SIGINT' to process[planner_server-9]
[INFO] [controller_server-8]: sending signal 'SIGINT' to process[controller_server-8]
[INFO] [map_server-7]: sending signal 'SIGINT' to process[map_server-7]
[INFO] [ekf_node-6]: sending signal 'SIGINT' to process[ekf_node-6]
[INFO] [v30e_sim_node-5]: sending signal 'SIGINT' to process[v30e_sim_node-5]
[INFO] [ekf_node-4]: sending signal 'SIGINT' to process[ekf_node-4]
[INFO] [robot_state_publisher-2]: sending signal 'SIGINT' to process[robot_state_publisher-2]
[INFO] [gzserver-1]: sending signal 'SIGINT' to process[gzserver-1]
[ekf_node-4] [INFO] [1789640784.336070977] [rclcpp]: signal_handler(signum=2)
[robot_state_publisher-2] [INFO] [1789640784.336953855] [rclcpp]: signal_handler(signum=2)
[planner_server-9] [INFO] [1789640784.337169470] [rclcpp]: signal_handler(signum=2)
[planner_server-9] [INFO] [1789640784.344021325] [planner_server]: Running Nav2 LifecycleNode rcl preshutdown (planner_server)
[planner_server-9] [INFO] [1789640784.344152144] [planner_server]: Deactivating
[planner_server-9] [INFO] [1789640784.344198460] [global_costmap.global_costmap]: Deactivating
[controller_server-8] [INFO] [1789640784.337618215] [rclcpp]: signal_handler(signum=2)
[controller_server-8] [INFO] [1789640784.338404851] [controller_server]: Running Nav2 LifecycleNode rcl preshutdown (controller_server)
[controller_server-8] [INFO] [1789640784.338493581] [controller_server]: Deactivating
[controller_server-8] [INFO] [1789640784.338549848] [local_costmap.local_costmap]: Deactivating
[controller_server-8] [INFO] [1789640784.357914920] [controller_server]: Destroying bond (controller_server) to lifecycle manager.
[lifecycle_manager-13] [INFO] [1789640784.337957457] [lifecycle_manager_navigation]: Running Nav2 LifecycleManager rcl preshutdown (lifecycle_manager_navigation)
[lifecycle_manager-13] [INFO] [1789640784.338015336] [lifecycle_manager_navigation]: [34m[1mTerminating bond timer...[0m[0m
[behavior_server-10] [INFO] [1789640784.338991144] [behavior_server]: Running Nav2 LifecycleNode rcl preshutdown (behavior_server)
[behavior_server-10] [INFO] [1789640784.339077070] [behavior_server]: Deactivating
[behavior_server-10] [INFO] [1789640784.339122301] [behavior_server]: Destroying bond (behavior_server) to lifecycle manager.
[bt_navigator-11] [INFO] [1789640784.339305422] [bt_navigator]: Running Nav2 LifecycleNode rcl preshutdown (bt_navigator)
[bt_navigator-11] [INFO] [1789640784.339394328] [bt_navigator]: Deactivating
[bt_navigator-11] [INFO] [1789640784.339434747] [bt_navigator]: Destroying bond (bt_navigator) to lifecycle manager.
[ERROR] [ekf_node-4]: process has died [pid 174433, exit code -2, cmd '/opt/ros/humble/lib/robot_localization/ekf_node --ros-args -r __node:=ekf_filter_node --params-file /home/yahboom/swerve_bringup/install/swerve_bringup/share/swerve_bringup/config/ekf.yaml --params-file /tmp/launch_params_lfe1tka5 -r /odom:=/odom -r /imu/data:=/imu/data'].
[ERROR] [ekf_node-6]: process has died [pid 174437, exit code -2, cmd '/opt/ros/humble/lib/robot_localization/ekf_node --ros-args -r __node:=ekf_v30e --params-file /home/yahboom/swerve_bringup/install/swerve_bringup/share/swerve_bringup/config/v30e_localization_ekf.yaml --params-file /tmp/launch_params_vj8m7_pu -r odometry/filtered:=/odometry/v30e'].
[map_server-7] [INFO] [1789640784.350562049] [map_server]: Cleaning up
[map_server-7] [INFO] [1789640784.350687282] [map_server]: Destroying bond (map_server) to lifecycle manager.
[waypoint_follower-12] [INFO] [1789640784.372378196] [waypoint_follower]: Cleaning up
[bt_navigator-11] [INFO] [1789640784.391248268] [bt_navigator]: Cleaning up
[swerve_odometry_node-19] Traceback (most recent call last):
[swerve_odometry_node-19]   File "/home/yahboom/swerve_bringup/install/swerve_bringup/lib/swerve_bringup/swerve_odometry_node", line 221, in <module>
[swerve_odometry_node-19]     main()
[swerve_odometry_node-19]   File "/home/yahboom/swerve_bringup/install/swerve_bringup/lib/swerve_bringup/swerve_odometry_node", line 215, in main
[swerve_odometry_node-19]     node.destroy_node()
[swerve_odometry_node-19]   File "/opt/ros/humble/local/lib/python3.10/dist-packages/rclpy/node.py", line 1691, in destroy_node
[swerve_odometry_node-19]     self.destroy_service(self._services[0])
[swerve_odometry_node-19]   File "/opt/ros/humble/local/lib/python3.10/dist-packages/rclpy/node.py", line 1615, in destroy_service
[swerve_odometry_node-19]     service.destroy()
[swerve_odometry_node-19]   File "/opt/ros/humble/local/lib/python3.10/dist-packages/rclpy/service.py", line 93, in destroy
[swerve_odometry_node-19]     self.__service.destroy_when_not_in_use()
[swerve_odometry_node-19] KeyboardInterrupt
[swerve_controller_node-18] Traceback (most recent call last):
[swerve_controller_node-18]   File "/home/yahboom/swerve_bringup/install/swerve_bringup/lib/swerve_bringup/swerve_controller_node", line 192, in <module>
[swerve_controller_node-18]     main()
[swerve_controller_node-18]   File "/home/yahboom/swerve_bringup/install/swerve_bringup/lib/swerve_bringup/swerve_controller_node", line 184, in main
[swerve_controller_node-18]     node.steer_pub.publish(Float64MultiArray(data=[
[swerve_controller_node-18]   File "/opt/ros/humble/local/lib/python3.10/dist-packages/rclpy/publisher.py", line 70, in publish
[swerve_controller_node-18]     self.__publisher.publish(msg)
[swerve_controller_node-18] rclpy._rclpy_pybind11.RCLError: Failed to publish: publisher's context is invalid, at ./src/rcl/publisher.c:389
[swerve_controller_node-18] Error in sys.excepthook:
[swerve_controller_node-18] Traceback (most recent call last):
[swerve_controller_node-18]   File "/usr/lib/python3/dist-packages/apport_python_hook.py", line 72, in apport_excepthook
[swerve_controller_node-18]     from apport.fileutils import likely_packaged, get_recent_crashes
[swerve_controller_node-18]   File "/usr/lib/python3/dist-packages/apport/__init__.py", line 5, in <module>
[swerve_controller_node-18]     from apport.report import Report
[swerve_controller_node-18]   File "/usr/lib/python3/dist-packages/apport/report.py", line 21, in <module>
[swerve_controller_node-18]     from urllib.request import urlopen
[swerve_controller_node-18]   File "/usr/lib/python3.10/urllib/request.py", line 88, in <module>
[swerve_controller_node-18]     import http.client
[swerve_controller_node-18]   File "/usr/lib/python3.10/http/__init__.py", line 6, in <module>
[swerve_controller_node-18]     class HTTPStatus(IntEnum):
[swerve_controller_node-18]   File "/usr/lib/python3.10/enum.py", line 318, in __new__
[swerve_controller_node-18]     enum_class._value2member_map_[value] = enum_member
[swerve_controller_node-18] KeyboardInterrupt
[swerve_controller_node-18] 
[swerve_controller_node-18] Original exception was:
[swerve_controller_node-18] Traceback (most recent call last):
[swerve_controller_node-18]   File "/home/yahboom/swerve_bringup/install/swerve_bringup/lib/swerve_bringup/swerve_controller_node", line 192, in <module>
[swerve_controller_node-18]     main()
[swerve_controller_node-18]   File "/home/yahboom/swerve_bringup/install/swerve_bringup/lib/swerve_bringup/swerve_controller_node", line 184, in main
[swerve_controller_node-18]     node.steer_pub.publish(Float64MultiArray(data=[
[swerve_controller_node-18]   File "/opt/ros/humble/local/lib/python3.10/dist-packages/rclpy/publisher.py", line 70, in publish
[swerve_controller_node-18]     self.__publisher.publish(msg)
[swerve_controller_node-18] rclpy._rclpy_pybind11.RCLError: Failed to publish: publisher's context is invalid, at ./src/rcl/publisher.c:389
[lifecycle_manager-13] [INFO] [1789640784.405669962] [rclcpp]: signal_handler(signum=2)
[controller_server-8] [INFO] [1789640784.410410786] [controller_server]: Cleaning up
[controller_server-8] [INFO] [1789640784.410917139] [local_costmap.local_costmap]: Cleaning up
[behavior_server-10] [INFO] [1789640784.411459652] [behavior_server]: Cleaning up
[waypoint_follower-12] [INFO] [1789640784.416756527] [rclcpp]: signal_handler(signum=2)
[bt_navigator-11] [INFO] [1789640784.422986513] [rclcpp]: signal_handler(signum=2)
[behavior_server-10] [INFO] [1789640784.426651396] [rclcpp]: signal_handler(signum=2)
[planner_server-9] [INFO] [1789640784.432322338] [rclcpp]: signal_handler(signum=2)
[controller_server-8] [INFO] [1789640784.444178590] [rclcpp]: signal_handler(signum=2)
[map_server-7] [INFO] [1789640784.446956983] [rclcpp]: signal_handler(signum=2)
[v30e_sim_node-5] Traceback (most recent call last):
[v30e_sim_node-5]   File "/home/yahboom/swerve_bringup/install/swerve_bringup/lib/swerve_bringup/v30e_sim_node", line 188, in <module>
[v30e_sim_node-5]     if __name__ == '__main__': main()
[v30e_sim_node-5]   File "/home/yahboom/swerve_bringup/install/swerve_bringup/lib/swerve_bringup/v30e_sim_node", line 185, in main
[v30e_sim_node-5]     node.destroy_node(); rclpy.shutdown()
[v30e_sim_node-5]   File "/opt/ros/humble/local/lib/python3.10/dist-packages/rclpy/node.py", line 1687, in destroy_node
[v30e_sim_node-5]     self.destroy_subscription(self._subscriptions[0])
[v30e_sim_node-5]   File "/opt/ros/humble/local/lib/python3.10/dist-packages/rclpy/node.py", line 1583, in destroy_subscription
[v30e_sim_node-5]     subscription.destroy()
[v30e_sim_node-5]   File "/opt/ros/humble/local/lib/python3.10/dist-packages/rclpy/subscription.py", line 80, in destroy
[v30e_sim_node-5]     self.handle.destroy_when_not_in_use()
[v30e_sim_node-5] KeyboardInterrupt
[robot_state_publisher-2] [INFO] [1789640784.484451505] [rclcpp]: signal_handler(signum=2)
[map_server-7] [INFO] [1789640784.488845281] [map_server]: Destroying
[waypoint_follower-12] [INFO] [1789640784.564932092] [waypoint_follower]: Destroying bond (waypoint_follower) to lifecycle manager.
[ERROR] [swerve_odometry_node-19]: process has died [pid 174925, exit code -2, cmd '/home/yahboom/swerve_bringup/install/swerve_bringup/lib/swerve_bringup/swerve_odometry_node --ros-args -r __node:=swerve_odometry --params-file /home/yahboom/swerve_bringup/install/swerve_bringup/share/swerve_bringup/config/swerve_odometry.yaml --params-file /tmp/launch_params_t1xckc9p'].
[waypoint_follower-12] [INFO] [1789640784.613601947] [waypoint_follower]: Destroying
[behavior_server-10] [INFO] [1789640784.629035030] [behavior_server]: Destroying bond (behavior_server) to lifecycle manager.
[INFO] [robot_state_publisher-2]: process has finished cleanly [pid 174429]
[planner_server-9] [INFO] [1789640784.711335253] [planner_server]: Deactivating plugin GridBased of type NavfnPlanner
[planner_server-9] [INFO] [1789640784.711394941] [planner_server]: Destroying bond (planner_server) to lifecycle manager.
[planner_server-9] [INFO] [1789640784.723173473] [planner_server]: Cleaning up
[behavior_server-10] [INFO] [1789640784.748390230] [behavior_server]: Destroying
[controller_server-8] [INFO] [1789640784.788661432] [controller_server]: Destroying bond (controller_server) to lifecycle manager.
[lifecycle_manager-13] [INFO] [1789640784.801823704] [lifecycle_manager_navigation]: Destroying lifecycle_manager_navigation
[ERROR] [swerve_controller_node-18]: process has died [pid 174923, exit code 1, cmd '/home/yahboom/swerve_bringup/install/swerve_bringup/lib/swerve_bringup/swerve_controller_node --ros-args -r __node:=swerve_controller --params-file /home/yahboom/swerve_bringup/install/swerve_bringup/share/swerve_bringup/config/swerve_controller.yaml --params-file /tmp/launch_params_09mr65yr'].
[planner_server-9] [INFO] [1789640784.828778060] [global_costmap.global_costmap]: Cleaning up
[controller_server-8] [INFO] [1789640784.829115927] [local_costmap.local_costmap]: Destroying
[ERROR] [v30e_sim_node-5]: process has died [pid 174435, exit code -2, cmd '/home/yahboom/swerve_bringup/install/swerve_bringup/lib/swerve_bringup/v30e_sim_node --ros-args -r __node:=v30e_sim_node --params-file /home/yahboom/swerve_bringup/install/swerve_bringup/share/swerve_bringup/config/v30e_sim.yaml --params-file /tmp/launch_params_7vua6vzf'].
[INFO] [map_server-7]: process has finished cleanly [pid 174439]
[controller_server-8] [INFO] [1789640784.862852760] [controller_server]: Destroying
[INFO] [waypoint_follower-12]: process has finished cleanly [pid 174463]
[planner_server-9] [INFO] [1789640784.871913174] [planner_server]: Cleaning up plugin GridBased of type NavfnPlanner
[planner_server-9] [INFO] [1789640784.872116593] [planner_server]: Destroying plugin GridBased of type NavfnPlanner
[planner_server-9] [INFO] [1789640784.906000903] [planner_server]: Destroying bond (planner_server) to lifecycle manager.
[planner_server-9] [INFO] [1789640784.932989318] [global_costmap.global_costmap]: Destroying
[INFO] [behavior_server-10]: process has finished cleanly [pid 174447]
[planner_server-9] [INFO] [1789640784.954958745] [planner_server]: Destroying
[INFO] [lifecycle_manager-13]: process has finished cleanly [pid 174476]
[INFO] [controller_server-8]: process has finished cleanly [pid 174441]
[bt_navigator-11] [INFO] [1789640785.025586732] [bt_navigator]: Completed Cleaning up
[bt_navigator-11] [INFO] [1789640785.025680040] [bt_navigator]: Destroying bond (bt_navigator) to lifecycle manager.
[bt_navigator-11] [INFO] [1789640785.040415921] [bt_navigator]: Destroying
[INFO] [planner_server-9]: process has finished cleanly [pid 174444]
[INFO] [bt_navigator-11]: process has finished cleanly [pid 174456]
[INFO] [gzserver-1]: process has finished cleanly [pid 174427]
