[INFO] [launch]: All log files can be found below /home/yahboom/.ros/log/2026-09-17-16-29-54-452601-yahboom-virtual-machine-138692
[INFO] [launch]: Default logging verbosity is set to INFO
[INFO] [gzserver-1]: process started with pid [138708]
[INFO] [robot_state_publisher-2]: process started with pid [138710]
[INFO] [spawn_entity.py-3]: process started with pid [138712]
[INFO] [ekf_node-4]: process started with pid [138715]
[INFO] [v30e_sim_node-5]: process started with pid [138724]
[INFO] [ekf_node-6]: process started with pid [138726]
[INFO] [map_server-7]: process started with pid [138728]
[INFO] [controller_server-8]: process started with pid [138731]
[INFO] [planner_server-9]: process started with pid [138734]
[INFO] [behavior_server-10]: process started with pid [138738]
[INFO] [bt_navigator-11]: process started with pid [138745]
[INFO] [waypoint_follower-12]: process started with pid [138756]
[INFO] [lifecycle_manager-13]: process started with pid [138760]
[INFO] [swerve_bridge_node-14]: process started with pid [138782]
[robot_state_publisher-2] [INFO] [1789633797.098632418] [robot_state_publisher]: got segment base_footprint
[robot_state_publisher-2] [INFO] [1789633797.098806633] [robot_state_publisher]: got segment base_link
[robot_state_publisher-2] [INFO] [1789633797.098822574] [robot_state_publisher]: got segment imu_link
[robot_state_publisher-2] [INFO] [1789633797.098830602] [robot_state_publisher]: got segment lidar_link
[robot_state_publisher-2] [INFO] [1789633797.098837571] [robot_state_publisher]: got segment steer_front_link
[robot_state_publisher-2] [INFO] [1789633797.098844459] [robot_state_publisher]: got segment steer_rear_link
[robot_state_publisher-2] [INFO] [1789633797.098851062] [robot_state_publisher]: got segment v30e_link
[robot_state_publisher-2] [INFO] [1789633797.098857540] [robot_state_publisher]: got segment wheel_front_drive_link
[robot_state_publisher-2] [INFO] [1789633797.098864257] [robot_state_publisher]: got segment wheel_front_left_link
[robot_state_publisher-2] [INFO] [1789633797.098870527] [robot_state_publisher]: got segment wheel_front_right_link
[robot_state_publisher-2] [INFO] [1789633797.098876772] [robot_state_publisher]: got segment wheel_rear_drive_link
[robot_state_publisher-2] [INFO] [1789633797.098882833] [robot_state_publisher]: got segment wheel_rear_left_link
[robot_state_publisher-2] [INFO] [1789633797.098889099] [robot_state_publisher]: got segment wheel_rear_right_link
[lifecycle_manager-13] [INFO] [1789633797.450494459] [lifecycle_manager_navigation]: Creating
[lifecycle_manager-13] [INFO] [1789633797.465497342] [lifecycle_manager_navigation]: [34m[1mCreating and initializing lifecycle service clients[0m[0m
[controller_server-8] [INFO] [1789633797.566746334] [controller_server]: 
[controller_server-8] 	controller_server lifecycle node launched. 
[controller_server-8] 	Waiting on external lifecycle transitions to activate
[controller_server-8] 	See https://design.ros2.org/articles/node_lifecycle.html for more information.
[map_server-7] [INFO] [1789633797.571994464] [map_server]: 
[map_server-7] 	map_server lifecycle node launched. 
[map_server-7] 	Waiting on external lifecycle transitions to activate
[map_server-7] 	See https://design.ros2.org/articles/node_lifecycle.html for more information.
[map_server-7] [INFO] [1789633797.572179443] [map_server]: Creating
[controller_server-8] [INFO] [1789633797.595708556] [controller_server]: Creating controller server
[behavior_server-10] [INFO] [1789633797.619807543] [behavior_server]: 
[behavior_server-10] 	behavior_server lifecycle node launched. 
[behavior_server-10] 	Waiting on external lifecycle transitions to activate
[behavior_server-10] 	See https://design.ros2.org/articles/node_lifecycle.html for more information.
[swerve_bridge_node-14] Traceback (most recent call last):
[swerve_bridge_node-14]   File "/home/yahboom/swerve_bringup/install/swerve_bridge/lib/swerve_bridge/swerve_bridge_node", line 33, in <module>
[swerve_bridge_node-14]     sys.exit(load_entry_point('swerve-bridge', 'console_scripts', 'swerve_bridge_node')())
[swerve_bridge_node-14]   File "/home/yahboom/swerve_bringup/install/swerve_bridge/lib/swerve_bridge/swerve_bridge_node", line 22, in importlib_load_entry_point
[swerve_bridge_node-14]     for entry_point in distribution(dist_name).entry_points
[swerve_bridge_node-14]   File "/usr/lib/python3.10/importlib/metadata/__init__.py", line 969, in distribution
[swerve_bridge_node-14]     return Distribution.from_name(distribution_name)
[swerve_bridge_node-14]   File "/usr/lib/python3.10/importlib/metadata/__init__.py", line 548, in from_name
[swerve_bridge_node-14]     raise PackageNotFoundError(name)
[swerve_bridge_node-14] importlib.metadata.PackageNotFoundError: No package metadata was found for swerve-bridge
[waypoint_follower-12] [INFO] [1789633797.675366648] [waypoint_follower]: 
[waypoint_follower-12] 	waypoint_follower lifecycle node launched. 
[waypoint_follower-12] 	Waiting on external lifecycle transitions to activate
[waypoint_follower-12] 	See https://design.ros2.org/articles/node_lifecycle.html for more information.
[waypoint_follower-12] [INFO] [1789633797.684387438] [waypoint_follower]: Creating
[ERROR] [swerve_bridge_node-14]: process has died [pid 138782, exit code 1, cmd '/home/yahboom/swerve_bringup/install/swerve_bridge/lib/swerve_bridge/swerve_bridge_node --ros-args -r __node:=swerve_bridge --params-file /home/yahboom/swerve_bringup/install/swerve_bridge/share/swerve_bridge/config/bridge.yaml --params-file /tmp/launch_params_kvaf_84f'].
[planner_server-9] [INFO] [1789633797.713640270] [planner_server]: 
[planner_server-9] 	planner_server lifecycle node launched. 
[planner_server-9] 	Waiting on external lifecycle transitions to activate
[planner_server-9] 	See https://design.ros2.org/articles/node_lifecycle.html for more information.
[planner_server-9] [INFO] [1789633797.715125892] [planner_server]: Creating
[controller_server-8] [INFO] [1789633797.867035049] [local_costmap.local_costmap]: 
[controller_server-8] 	local_costmap lifecycle node launched. 
[controller_server-8] 	Waiting on external lifecycle transitions to activate
[controller_server-8] 	See https://design.ros2.org/articles/node_lifecycle.html for more information.
[controller_server-8] [INFO] [1789633797.867604154] [local_costmap.local_costmap]: Creating Costmap
[planner_server-9] [INFO] [1789633797.899660706] [global_costmap.global_costmap]: 
[planner_server-9] 	global_costmap lifecycle node launched. 
[planner_server-9] 	Waiting on external lifecycle transitions to activate
[planner_server-9] 	See https://design.ros2.org/articles/node_lifecycle.html for more information.
[planner_server-9] [INFO] [1789633797.900200777] [global_costmap.global_costmap]: Creating Costmap
[bt_navigator-11] [INFO] [1789633797.929891302] [bt_navigator]: 
[bt_navigator-11] 	bt_navigator lifecycle node launched. 
[bt_navigator-11] 	Waiting on external lifecycle transitions to activate
[bt_navigator-11] 	See https://design.ros2.org/articles/node_lifecycle.html for more information.
[bt_navigator-11] [INFO] [1789633797.930070983] [bt_navigator]: Creating
[lifecycle_manager-13] [INFO] [1789633798.516134941] [lifecycle_manager_navigation]: [34m[1mStarting managed nodes bringup...[0m[0m
[lifecycle_manager-13] [INFO] [1789633798.520434541] [lifecycle_manager_navigation]: [34m[1mConfiguring map_server[0m[0m
[map_server-7] [INFO] [1789633798.532752821] [map_server]: Configuring
[map_server-7] [INFO] [1789633798.532855590] [map_io]: Loading yaml file: /home/yahboom/swerve_bringup/install/swerve_bringup/share/swerve_bringup/swerve_navigation/maps/warehouse.yaml
[map_server-7] [INFO] [1789633798.533185209] [map_io]: resolution: 0.05
[map_server-7] [INFO] [1789633798.533204279] [map_io]: origin[0]: -17.2
[map_server-7] [INFO] [1789633798.533210534] [map_io]: origin[1]: -17.4
[map_server-7] [INFO] [1789633798.533216039] [map_io]: origin[2]: 0
[map_server-7] [INFO] [1789633798.533222439] [map_io]: free_thresh: 0.25
[map_server-7] [INFO] [1789633798.533228044] [map_io]: occupied_thresh: 0.65
[map_server-7] [INFO] [1789633798.533233809] [map_io]: mode: trinary
[map_server-7] [INFO] [1789633798.533239744] [map_io]: negate: 0
[map_server-7] [INFO] [1789633798.538433907] [map_io]: Loading image_file: /home/yahboom/swerve_bringup/install/swerve_bringup/share/swerve_bringup/swerve_navigation/maps/warehouse.pgm
[map_server-7] [INFO] [1789633798.700490379] [map_io]: Read map /home/yahboom/swerve_bringup/install/swerve_bringup/share/swerve_bringup/swerve_navigation/maps/warehouse.pgm: 676 X 680 map @ 0.05 m/cell
[lifecycle_manager-13] [INFO] [1789633798.815552304] [lifecycle_manager_navigation]: [34m[1mConfiguring controller_server[0m[0m
[controller_server-8] [INFO] [1789633798.841273577] [controller_server]: Configuring controller interface
[controller_server-8] [INFO] [1789633798.844730254] [controller_server]: getting goal checker plugins..
[controller_server-8] [INFO] [1789633798.844829584] [controller_server]: Controller frequency set to 10.0000Hz
[controller_server-8] [INFO] [1789633798.844872033] [local_costmap.local_costmap]: Configuring
[spawn_entity.py-3] [INFO] [1789633798.898026467] [spawn_swerve]: Spawn Entity started
[spawn_entity.py-3] [INFO] [1789633798.901799986] [spawn_swerve]: Loading entity published on topic robot_description
[spawn_entity.py-3] [INFO] [1789633798.906893728] [spawn_swerve]: Waiting for entity xml on robot_description
[spawn_entity.py-3] [INFO] [1789633798.934327752] [spawn_swerve]: Waiting for service /spawn_entity, timeout = 30
[spawn_entity.py-3] [INFO] [1789633798.936568065] [spawn_swerve]: Waiting for service /spawn_entity
[controller_server-8] [INFO] [1789633798.941286029] [local_costmap.local_costmap]: Using plugin "voxel_layer"
[controller_server-8] [INFO] [1789633798.948282189] [local_costmap.local_costmap]: Subscribed to Topics: lidar3d scan
[controller_server-8] [INFO] [1789633799.031822868] [local_costmap.local_costmap]: Initialized plugin "voxel_layer"
[controller_server-8] [INFO] [1789633799.031888545] [local_costmap.local_costmap]: Using plugin "inflation_layer"
[controller_server-8] [INFO] [1789633799.032680351] [local_costmap.local_costmap]: Initialized plugin "inflation_layer"
[controller_server-8] [INFO] [1789633799.096875111] [controller_server]: Created progress_checker : progress_checker of type nav2_controller::SimpleProgressChecker
[controller_server-8] [INFO] [1789633799.102126045] [controller_server]: Created goal checker : general_goal_checker of type nav2_controller::SimpleGoalChecker
[controller_server-8] [INFO] [1789633799.103056709] [controller_server]: Controller Server has general_goal_checker  goal checkers available.
[controller_server-8] [INFO] [1789633799.106378417] [controller_server]: Created controller : FollowPath of type dwb_core::DWBLocalPlanner
[controller_server-8] [INFO] [1789633799.112403860] [controller_server]: Setting transform_tolerance to 0.200000
[controller_server-8] [INFO] [1789633799.190874413] [controller_server]: Using critic "RotateToGoal" (dwb_critics::RotateToGoalCritic)
[controller_server-8] [INFO] [1789633799.205595529] [controller_server]: Critic plugin initialized
[controller_server-8] [INFO] [1789633799.207686704] [controller_server]: Using critic "Oscillation" (dwb_critics::OscillationCritic)
[controller_server-8] [INFO] [1789633799.214346200] [controller_server]: Critic plugin initialized
[controller_server-8] [INFO] [1789633799.214508219] [controller_server]: Using critic "BaseObstacle" (dwb_critics::BaseObstacleCritic)
[controller_server-8] [INFO] [1789633799.214611456] [controller_server]: Critic plugin initialized
[controller_server-8] [INFO] [1789633799.214669255] [controller_server]: Using critic "GoalAlign" (dwb_critics::GoalAlignCritic)
[controller_server-8] [INFO] [1789633799.215133698] [controller_server]: Critic plugin initialized
[controller_server-8] [INFO] [1789633799.215240824] [controller_server]: Using critic "PathAlign" (dwb_critics::PathAlignCritic)
[controller_server-8] [INFO] [1789633799.219111173] [controller_server]: Critic plugin initialized
[controller_server-8] [INFO] [1789633799.221413375] [controller_server]: Using critic "PathDist" (dwb_critics::PathDistCritic)
[controller_server-8] [INFO] [1789633799.225671474] [controller_server]: Critic plugin initialized
[controller_server-8] [INFO] [1789633799.226416334] [controller_server]: Using critic "GoalDist" (dwb_critics::GoalDistCritic)
[controller_server-8] [INFO] [1789633799.231219181] [controller_server]: Critic plugin initialized
[controller_server-8] [INFO] [1789633799.231294081] [controller_server]: Controller Server has FollowPath  controllers available.
[v30e_sim_node-5] [INFO] [1789633799.283581465] [v30e_sim_node]: Using Gazebo /get_entity_state internally; odometry is not a V30E measurement input
[lifecycle_manager-13] [INFO] [1789633799.321973137] [lifecycle_manager_navigation]: [34m[1mConfiguring planner_server[0m[0m
[planner_server-9] [INFO] [1789633799.322656940] [planner_server]: Configuring
[planner_server-9] [INFO] [1789633799.322717921] [global_costmap.global_costmap]: Configuring
[planner_server-9] [INFO] [1789633799.424023532] [global_costmap.global_costmap]: Using plugin "static_layer"
[planner_server-9] [INFO] [1789633799.440800639] [global_costmap.global_costmap]: Subscribing to the map topic (/map) with transient local durability
[planner_server-9] [INFO] [1789633799.449988140] [global_costmap.global_costmap]: Initialized plugin "static_layer"
[planner_server-9] [INFO] [1789633799.450033398] [global_costmap.global_costmap]: Using plugin "obstacle_layer"
[planner_server-9] [INFO] [1789633799.450533757] [global_costmap.global_costmap]: Subscribed to Topics: scan
[planner_server-9] [INFO] [1789633799.465627686] [global_costmap.global_costmap]: Initialized plugin "obstacle_layer"
[planner_server-9] [INFO] [1789633799.465696473] [global_costmap.global_costmap]: Using plugin "inflation_layer"
[planner_server-9] [INFO] [1789633799.468626993] [global_costmap.global_costmap]: Initialized plugin "inflation_layer"
[planner_server-9] [INFO] [1789633799.557339964] [planner_server]: Created global planner plugin GridBased of type nav2_navfn_planner/NavfnPlanner
[planner_server-9] [INFO] [1789633799.557394482] [planner_server]: Configuring plugin GridBased of type NavfnPlanner
[planner_server-9] [INFO] [1789633799.569044174] [planner_server]: Planner Server has GridBased  planners available.
[lifecycle_manager-13] [INFO] [1789633799.683471491] [lifecycle_manager_navigation]: [34m[1mConfiguring behavior_server[0m[0m
[behavior_server-10] [INFO] [1789633799.685270088] [behavior_server]: Configuring
[behavior_server-10] [INFO] [1789633799.735647995] [behavior_server]: Creating behavior plugin spin of type nav2_behaviors/Spin
[behavior_server-10] [INFO] [1789633799.736539381] [behavior_server]: Configuring spin
[behavior_server-10] [INFO] [1789633799.782125108] [behavior_server]: Creating behavior plugin backup of type nav2_behaviors/BackUp
[behavior_server-10] [INFO] [1789633799.787843020] [behavior_server]: Configuring backup
[behavior_server-10] [INFO] [1789633799.839757472] [behavior_server]: Creating behavior plugin drive_on_heading of type nav2_behaviors/DriveOnHeading
[behavior_server-10] [INFO] [1789633799.842094595] [behavior_server]: Configuring drive_on_heading
[behavior_server-10] [INFO] [1789633799.857003802] [behavior_server]: Creating behavior plugin wait of type nav2_behaviors/Wait
[behavior_server-10] [INFO] [1789633799.858548152] [behavior_server]: Configuring wait
[lifecycle_manager-13] [INFO] [1789633799.900636102] [lifecycle_manager_navigation]: [34m[1mConfiguring bt_navigator[0m[0m
[bt_navigator-11] [INFO] [1789633799.902137357] [bt_navigator]: Configuring
[lifecycle_manager-13] [INFO] [1789633800.425181943] [lifecycle_manager_navigation]: [34m[1mConfiguring waypoint_follower[0m[0m
[waypoint_follower-12] [INFO] [1789633800.426105514] [waypoint_follower]: Configuring
[waypoint_follower-12] [INFO] [1789633800.511107737] [waypoint_follower]: Created waypoint_task_executor : wait_at_waypoint of type nav2_waypoint_follower::WaitAtWaypoint
[waypoint_follower-12] [INFO] [1789633800.515707278] [waypoint_follower]: Waypoint pause duration is set to zero, disabling task executor plugin.
[lifecycle_manager-13] [INFO] [1789633800.519624270] [lifecycle_manager_navigation]: [34m[1mActivating map_server[0m[0m
[map_server-7] [INFO] [1789633800.520089786] [map_server]: Activating
[map_server-7] [INFO] [1789633800.521016757] [map_server]: Creating bond (map_server) to lifecycle manager.
[planner_server-9] [INFO] [1789633800.527616431] [global_costmap.global_costmap]: StaticLayer: Resizing costmap to 676 X 680 at 0.050000 m/pix
[lifecycle_manager-13] [INFO] [1789633800.643228215] [lifecycle_manager_navigation]: Server map_server connected with bond.
[lifecycle_manager-13] [INFO] [1789633800.643299443] [lifecycle_manager_navigation]: [34m[1mActivating controller_server[0m[0m
[controller_server-8] [INFO] [1789633800.644866980] [controller_server]: Activating
[controller_server-8] [INFO] [1789633800.644943765] [local_costmap.local_costmap]: Activating
[controller_server-8] [INFO] [1789633800.644954521] [local_costmap.local_costmap]: Checking transform
[controller_server-8] [INFO] [1789633800.644974500] [local_costmap.local_costmap]: Timed out waiting for transform from base_footprint to odom to become available, tf error: Invalid frame ID "odom" passed to canTransform argument target_frame - frame does not exist
[controller_server-8] [INFO] [1789633801.146405219] [local_costmap.local_costmap]: Timed out waiting for transform from base_footprint to odom to become available, tf error: Invalid frame ID "odom" passed to canTransform argument target_frame - frame does not exist
[controller_server-8] [INFO] [1789633801.645032825] [local_costmap.local_costmap]: Timed out waiting for transform from base_footprint to odom to become available, tf error: Invalid frame ID "odom" passed to canTransform argument target_frame - frame does not exist
[controller_server-8] [INFO] [1789633802.145794711] [local_costmap.local_costmap]: Timed out waiting for transform from base_footprint to odom to become available, tf error: Invalid frame ID "odom" passed to canTransform argument target_frame - frame does not exist
[controller_server-8] [INFO] [1789633802.647246679] [local_costmap.local_costmap]: Timed out waiting for transform from base_footprint to odom to become available, tf error: Invalid frame ID "odom" passed to canTransform argument target_frame - frame does not exist
[controller_server-8] [INFO] [1789633803.146077298] [local_costmap.local_costmap]: Timed out waiting for transform from base_footprint to odom to become available, tf error: Invalid frame ID "odom" passed to canTransform argument target_frame - frame does not exist
[controller_server-8] [INFO] [1789633803.645213721] [local_costmap.local_costmap]: Timed out waiting for transform from base_footprint to odom to become available, tf error: Invalid frame ID "odom" passed to canTransform argument target_frame - frame does not exist
[controller_server-8] [INFO] [1789633804.149458626] [local_costmap.local_costmap]: Timed out waiting for transform from base_footprint to odom to become available, tf error: Invalid frame ID "odom" passed to canTransform argument target_frame - frame does not exist
[controller_server-8] [INFO] [1789633804.648572149] [local_costmap.local_costmap]: Timed out waiting for transform from base_footprint to odom to become available, tf error: Invalid frame ID "odom" passed to canTransform argument target_frame - frame does not exist
[spawn_entity.py-3] [INFO] [1789633804.737480349] [spawn_swerve]: Calling service /spawn_entity
[gzserver-1] [INFO] [1789633805.060790999] [gazebo_ros_state]: Publishing states of gazebo models at [/model_states]
[gzserver-1] [INFO] [1789633805.070401351] [gazebo_ros_state]: Publishing states of gazebo links at [/link_states]
[controller_server-8] [INFO] [1789633805.147902493] [local_costmap.local_costmap]: Timed out waiting for transform from base_footprint to odom to become available, tf error: Invalid frame ID "odom" passed to canTransform argument target_frame - frame does not exist
[gzserver-1] [INFO] [1789633805.562806713] [imu.imu_ros]: <initial_orientation_as_reference> is unset, using default value of false to comply with REP 145 (world as orientation reference)
[controller_server-8] [INFO] [1789633805.647291210] [local_costmap.local_costmap]: Timed out waiting for transform from base_footprint to odom to become available, tf error: Invalid frame ID "odom" passed to canTransform argument target_frame - frame does not exist
[controller_server-8] [INFO] [1789633806.145328637] [local_costmap.local_costmap]: Timed out waiting for transform from base_footprint to odom to become available, tf error: Invalid frame ID "odom" passed to canTransform argument target_frame - frame does not exist
[controller_server-8] [INFO] [1789633806.645275236] [local_costmap.local_costmap]: Timed out waiting for transform from base_footprint to odom to become available, tf error: Invalid frame ID "odom" passed to canTransform argument target_frame - frame does not exist
[controller_server-8] [INFO] [1789633807.145255440] [local_costmap.local_costmap]: Timed out waiting for transform from base_footprint to odom to become available, tf error: Invalid frame ID "odom" passed to canTransform argument target_frame - frame does not exist
[controller_server-8] [INFO] [1789633807.645168823] [local_costmap.local_costmap]: Timed out waiting for transform from base_footprint to odom to become available, tf error: Invalid frame ID "odom" passed to canTransform argument target_frame - frame does not exist
[controller_server-8] [INFO] [1789633808.145046085] [local_costmap.local_costmap]: Timed out waiting for transform from base_footprint to odom to become available, tf error: Invalid frame ID "odom" passed to canTransform argument target_frame - frame does not exist
[controller_server-8] [INFO] [1789633808.645643857] [local_costmap.local_costmap]: Timed out waiting for transform from base_footprint to odom to become available, tf error: Invalid frame ID "odom" passed to canTransform argument target_frame - frame does not exist
[controller_server-8] [INFO] [1789633809.145349419] [local_costmap.local_costmap]: Timed out waiting for transform from base_footprint to odom to become available, tf error: Invalid frame ID "odom" passed to canTransform argument target_frame - frame does not exist
[controller_server-8] [INFO] [1789633809.645000995] [local_costmap.local_costmap]: Timed out waiting for transform from base_footprint to odom to become available, tf error: Invalid frame ID "odom" passed to canTransform argument target_frame - frame does not exist
[controller_server-8] [INFO] [1789633810.147865356] [local_costmap.local_costmap]: Timed out waiting for transform from base_footprint to odom to become available, tf error: Invalid frame ID "odom" passed to canTransform argument target_frame - frame does not exist
[controller_server-8] [INFO] [1789633810.645038556] [local_costmap.local_costmap]: Timed out waiting for transform from base_footprint to odom to become available, tf error: Invalid frame ID "odom" passed to canTransform argument target_frame - frame does not exist
[controller_server-8] [INFO] [1789633811.145087800] [local_costmap.local_costmap]: Timed out waiting for transform from base_footprint to odom to become available, tf error: Invalid frame ID "odom" passed to canTransform argument target_frame - frame does not exist
[controller_server-8] [INFO] [1789633811.645126231] [local_costmap.local_costmap]: Timed out waiting for transform from base_footprint to odom to become available, tf error: Invalid frame ID "odom" passed to canTransform argument target_frame - frame does not exist
[controller_server-8] [INFO] [1789633812.145283658] [local_costmap.local_costmap]: Timed out waiting for transform from base_footprint to odom to become available, tf error: Invalid frame ID "odom" passed to canTransform argument target_frame - frame does not exist
[controller_server-8] [INFO] [1789633812.645709010] [local_costmap.local_costmap]: Timed out waiting for transform from base_footprint to odom to become available, tf error: Invalid frame ID "odom" passed to canTransform argument target_frame - frame does not exist
[controller_server-8] [INFO] [1789633813.145838229] [local_costmap.local_costmap]: Timed out waiting for transform from base_footprint to odom to become available, tf error: Invalid frame ID "odom" passed to canTransform argument target_frame - frame does not exist
[controller_server-8] [INFO] [1789633813.647540317] [local_costmap.local_costmap]: Timed out waiting for transform from base_footprint to odom to become available, tf error: Invalid frame ID "odom" passed to canTransform argument target_frame - frame does not exist
[controller_server-8] [INFO] [1789633814.146298663] [local_costmap.local_costmap]: Timed out waiting for transform from base_footprint to odom to become available, tf error: Invalid frame ID "odom" passed to canTransform argument target_frame - frame does not exist
[controller_server-8] [INFO] [1789633814.646102798] [local_costmap.local_costmap]: Timed out waiting for transform from base_footprint to odom to become available, tf error: Invalid frame ID "odom" passed to canTransform argument target_frame - frame does not exist
[controller_server-8] [INFO] [1789633815.148393608] [local_costmap.local_costmap]: Timed out waiting for transform from base_footprint to odom to become available, tf error: Invalid frame ID "odom" passed to canTransform argument target_frame - frame does not exist
[controller_server-8] [INFO] [1789633815.664878023] [local_costmap.local_costmap]: Timed out waiting for transform from base_footprint to odom to become available, tf error: Invalid frame ID "odom" passed to canTransform argument target_frame - frame does not exist
[controller_server-8] [INFO] [1789633816.145928087] [local_costmap.local_costmap]: Timed out waiting for transform from base_footprint to odom to become available, tf error: Invalid frame ID "odom" passed to canTransform argument target_frame - frame does not exist
[controller_server-8] [INFO] [1789633816.648547250] [local_costmap.local_costmap]: Timed out waiting for transform from base_footprint to odom to become available, tf error: Invalid frame ID "odom" passed to canTransform argument target_frame - frame does not exist
[controller_server-8] [INFO] [1789633817.146790073] [local_costmap.local_costmap]: Timed out waiting for transform from base_footprint to odom to become available, tf error: Invalid frame ID "odom" passed to canTransform argument target_frame - frame does not exist
[controller_server-8] [INFO] [1789633817.645162756] [local_costmap.local_costmap]: Timed out waiting for transform from base_footprint to odom to become available, tf error: Invalid frame ID "odom" passed to canTransform argument target_frame - frame does not exist
[controller_server-8] [INFO] [1789633818.147292326] [local_costmap.local_costmap]: Timed out waiting for transform from base_footprint to odom to become available, tf error: Invalid frame ID "odom" passed to canTransform argument target_frame - frame does not exist
[spawn_entity.py-3] [INFO] [1789633818.537017926] [spawn_swerve]: Spawn status: SpawnEntity: Successfully spawned entity [swerve_base]
[controller_server-8] [INFO] [1789633818.647867877] [local_costmap.local_costmap]: Timed out waiting for transform from base_footprint to odom to become available, tf error: Invalid frame ID "odom" passed to canTransform argument target_frame - frame does not exist
[gzserver-1] [INFO] [1789633818.794018942] [gazebo_ros2_control]: Loading gazebo_ros2_control plugin
[INFO] [spawn_entity.py-3]: process has finished cleanly [pid 138712]
[INFO] [spawner-15]: process started with pid [138966]
[gzserver-1] [INFO] [1789633818.885178620] [gazebo_ros2_control]: Starting gazebo_ros2_control plugin in namespace: /
[gzserver-1] [INFO] [1789633818.885291771] [gazebo_ros2_control]: Starting gazebo_ros2_control plugin in ros 2 node: gazebo_ros2_control
[gzserver-1] [INFO] [1789633818.957079747] [gazebo_ros2_control]: connected to service!! robot_state_publisher
[gzserver-1] [INFO] [1789633818.960832731] [gazebo_ros2_control]: Received urdf from param server, parsing...
[gzserver-1] [INFO] [1789633818.960949027] [gazebo_ros2_control]: Loading parameter files /home/yahboom/swerve_bringup/install/swerve_bringup/share/swerve_bringup/config/controllers.yaml
[gzserver-1] [INFO] [1789633819.002916480] [gazebo_ros2_control]: Loading joint: steer_front_joint
[gzserver-1] [INFO] [1789633819.003011309] [gazebo_ros2_control]: 	State:
[gzserver-1] [INFO] [1789633819.003028372] [gazebo_ros2_control]: 		 position
[gzserver-1] [INFO] [1789633819.003041621] [gazebo_ros2_control]: 		 velocity
[gzserver-1] [INFO] [1789633819.003051343] [gazebo_ros2_control]: 	Command:
[gzserver-1] [INFO] [1789633819.003060513] [gazebo_ros2_control]: 		 position
[gzserver-1] [INFO] [1789633819.015964356] [gazebo_ros2_control]: Loading joint: steer_rear_joint
[gzserver-1] [INFO] [1789633819.016019195] [gazebo_ros2_control]: 	State:
[gzserver-1] [INFO] [1789633819.016025896] [gazebo_ros2_control]: 		 position
[gzserver-1] [INFO] [1789633819.016031190] [gazebo_ros2_control]: 		 velocity
[gzserver-1] [INFO] [1789633819.016034508] [gazebo_ros2_control]: 	Command:
[gzserver-1] [INFO] [1789633819.016037324] [gazebo_ros2_control]: 		 position
[gzserver-1] [INFO] [1789633819.016178367] [gazebo_ros2_control]: Loading joint: wheel_front_drive_joint
[gzserver-1] [INFO] [1789633819.016188317] [gazebo_ros2_control]: 	State:
[gzserver-1] [INFO] [1789633819.016191528] [gazebo_ros2_control]: 		 position
[gzserver-1] [INFO] [1789633819.016194870] [gazebo_ros2_control]: 		 velocity
[gzserver-1] [INFO] [1789633819.016197748] [gazebo_ros2_control]: 	Command:
[gzserver-1] [INFO] [1789633819.016202058] [gazebo_ros2_control]: 		 velocity
[gzserver-1] [INFO] [1789633819.021021763] [gazebo_ros2_control]: Loading joint: wheel_rear_drive_joint
[gzserver-1] [INFO] [1789633819.021226854] [gazebo_ros2_control]: 	State:
[gzserver-1] [INFO] [1789633819.021245073] [gazebo_ros2_control]: 		 position
[gzserver-1] [INFO] [1789633819.021256086] [gazebo_ros2_control]: 		 velocity
[gzserver-1] [INFO] [1789633819.021266069] [gazebo_ros2_control]: 	Command:
[gzserver-1] [INFO] [1789633819.021297510] [gazebo_ros2_control]: 		 velocity
[gzserver-1] [INFO] [1789633819.030760207] [resource_manager]: Initialize hardware 'GazeboSystem' 
[gzserver-1] [INFO] [1789633819.031235186] [resource_manager]: Successful initialization of hardware 'GazeboSystem'
[gzserver-1] [INFO] [1789633819.031387668] [resource_manager]: 'configure' hardware 'GazeboSystem' 
[gzserver-1] [INFO] [1789633819.031403774] [resource_manager]: Successful 'configure' of hardware 'GazeboSystem'
[gzserver-1] [INFO] [1789633819.031411534] [resource_manager]: 'activate' hardware 'GazeboSystem' 
[gzserver-1] [INFO] [1789633819.031418499] [resource_manager]: Successful 'activate' of hardware 'GazeboSystem'
[gzserver-1] [INFO] [1789633819.031594262] [gazebo_ros2_control]: Loading controller_manager
[controller_server-8] [INFO] [1789633819.145782253] [local_costmap.local_costmap]: Timed out waiting for transform from base_footprint to odom to become available, tf error: Invalid frame ID "odom" passed to canTransform argument target_frame - frame does not exist
[gzserver-1] [WARN] [1789633819.357245468] [gazebo_ros2_control]:  Desired controller update period (0.01 s) is slower than the gazebo simulation period (0.001 s).
[gzserver-1] [INFO] [1789633819.359317852] [gazebo_ros2_control]: Loaded gazebo_ros2_control.
[controller_server-8] [INFO] [1789633819.645167622] [local_costmap.local_costmap]: start
[controller_server-8] [INFO] [1789633819.806282568] [controller_server]: Creating bond (controller_server) to lifecycle manager.
[lifecycle_manager-13] [INFO] [1789633820.004616580] [lifecycle_manager_navigation]: Server controller_server connected with bond.
[lifecycle_manager-13] [INFO] [1789633820.008264984] [lifecycle_manager_navigation]: [34m[1mActivating planner_server[0m[0m
[planner_server-9] [INFO] [1789633820.009949869] [planner_server]: Activating
[planner_server-9] [INFO] [1789633820.010121101] [global_costmap.global_costmap]: Activating
[planner_server-9] [INFO] [1789633820.010144472] [global_costmap.global_costmap]: Checking transform
[planner_server-9] [INFO] [1789633820.010179352] [global_costmap.global_costmap]: Timed out waiting for transform from base_footprint to map to become available, tf error: Invalid frame ID "map" passed to canTransform argument target_frame - frame does not exist
[gzserver-1] [INFO] [1789633820.058408717] [controller_manager]: Loading controller 'joint_state_broadcaster'
[spawner-15] [INFO] [1789633820.419028965] [spawn_joint_state_broadcaster]: [94mLoaded [1mjoint_state_broadcaster[0m
[gzserver-1] [INFO] [1789633820.426652844] [controller_manager]: Configuring controller 'joint_state_broadcaster'
[gzserver-1] [INFO] [1789633820.427205143] [joint_state_broadcaster]: 'joints' or 'interfaces' parameter is empty. All available state interfaces will be published
[planner_server-9] [INFO] [1789633820.510763725] [global_costmap.global_costmap]: start
[spawner-15] [INFO] [1789633820.516637385] [spawn_joint_state_broadcaster]: [92mConfigured and activated [1mjoint_state_broadcaster[0m
[INFO] [spawner-15]: process has finished cleanly [pid 138966]
[INFO] [spawner-16]: process started with pid [138985]
[planner_server-9] [INFO] [1789633821.074060850] [planner_server]: Activating plugin GridBased of type NavfnPlanner
[planner_server-9] [INFO] [1789633821.082484084] [planner_server]: Creating bond (planner_server) to lifecycle manager.
[lifecycle_manager-13] [INFO] [1789633821.219089105] [lifecycle_manager_navigation]: Server planner_server connected with bond.
[lifecycle_manager-13] [INFO] [1789633821.219169799] [lifecycle_manager_navigation]: [34m[1mActivating behavior_server[0m[0m
[behavior_server-10] [INFO] [1789633821.220391691] [behavior_server]: Activating
[behavior_server-10] [INFO] [1789633821.220455775] [behavior_server]: Activating spin
[behavior_server-10] [INFO] [1789633821.220479998] [behavior_server]: Activating backup
[behavior_server-10] [INFO] [1789633821.220492460] [behavior_server]: Activating drive_on_heading
[behavior_server-10] [INFO] [1789633821.220503751] [behavior_server]: Activating wait
[behavior_server-10] [INFO] [1789633821.220521507] [behavior_server]: Creating bond (behavior_server) to lifecycle manager.
[lifecycle_manager-13] [INFO] [1789633821.349063007] [lifecycle_manager_navigation]: Server behavior_server connected with bond.
[lifecycle_manager-13] [INFO] [1789633821.349143234] [lifecycle_manager_navigation]: [34m[1mActivating bt_navigator[0m[0m
[bt_navigator-11] [INFO] [1789633821.349932142] [bt_navigator]: Activating
[spawner-16] [INFO] [1789633822.080549081] [spawn_steering_controller]: waiting for service /controller_manager/list_controllers to become available...
[bt_navigator-11] [INFO] [1789633822.482116356] [bt_navigator]: Creating bond (bt_navigator) to lifecycle manager.
[lifecycle_manager-13] [INFO] [1789633822.622109315] [lifecycle_manager_navigation]: Server bt_navigator connected with bond.
[lifecycle_manager-13] [INFO] [1789633822.623084252] [lifecycle_manager_navigation]: [34m[1mActivating waypoint_follower[0m[0m
[waypoint_follower-12] [INFO] [1789633822.625782030] [waypoint_follower]: Activating
[waypoint_follower-12] [INFO] [1789633822.625881275] [waypoint_follower]: Creating bond (waypoint_follower) to lifecycle manager.
[lifecycle_manager-13] [INFO] [1789633822.757245700] [lifecycle_manager_navigation]: Server waypoint_follower connected with bond.
[lifecycle_manager-13] [INFO] [1789633822.759116482] [lifecycle_manager_navigation]: [34m[1mManaged nodes are active[0m[0m
[lifecycle_manager-13] [INFO] [1789633822.759767773] [lifecycle_manager_navigation]: [34m[1mCreating bond timer...[0m[0m
[gzserver-1] [INFO] [1789633823.602211468] [controller_manager]: Loading controller 'steering_controller'
[spawner-16] [INFO] [1789633823.844049571] [spawn_steering_controller]: [94mLoaded [1msteering_controller[0m
[gzserver-1] [INFO] [1789633823.863882309] [controller_manager]: Configuring controller 'steering_controller'
[gzserver-1] [INFO] [1789633823.871575221] [steering_controller]: configure successful
[gzserver-1] [INFO] [1789633824.226691333] [steering_controller]: activate successful
[spawner-16] [INFO] [1789633824.252790729] [spawn_steering_controller]: [92mConfigured and activated [1msteering_controller[0m
[INFO] [spawner-16]: process has finished cleanly [pid 138985]
[INFO] [spawner-17]: process started with pid [138997]
[spawner-17] [INFO] [1789633825.702164513] [spawn_drive_controller]: waiting for service /controller_manager/list_controllers to become available...
[gzserver-1] [INFO] [1789633826.281347201] [controller_manager]: Loading controller 'drive_controller'
[spawner-17] [INFO] [1789633826.681507268] [spawn_drive_controller]: [94mLoaded [1mdrive_controller[0m
[gzserver-1] [INFO] [1789633826.695892868] [controller_manager]: Configuring controller 'drive_controller'
[gzserver-1] [INFO] [1789633826.704945902] [drive_controller]: configure successful
[gzserver-1] [INFO] [1789633826.740051988] [drive_controller]: activate successful
[spawner-17] [INFO] [1789633826.762035754] [spawn_drive_controller]: [92mConfigured and activated [1mdrive_controller[0m
[INFO] [spawner-17]: process has finished cleanly [pid 138997]
[INFO] [swerve_controller_node-18]: process started with pid [139009]
[INFO] [swerve_odometry_node-19]: process started with pid [139011]
[swerve_odometry_node-19] [INFO] [1789633828.720574450] [swerve_odometry]: Encoder odometry ready: radius=0.0637 m, velocity_sign=+1.0
[swerve_controller_node-18] [INFO] [1789633829.353804264] [swerve_controller]: Swerve controller ready: radius=0.0675 m, modules={'front': (0.300042, 0.0), 'rear': (-0.300042, 0.0)}
[bt_navigator-11] [INFO] [1789633830.304485490] [rclcpp]: signal_handler(signum=2)
[ekf_node-6] [INFO] [1789633830.304565751] [rclcpp]: signal_handler(signum=2)
[WARNING] [launch]: user interrupted with ctrl-c (SIGINT)
[waypoint_follower-12] [INFO] [1789633830.304750815] [rclcpp]: signal_handler(signum=2)
[map_server-7] [INFO] [1789633830.304817790] [rclcpp]: signal_handler(signum=2)
[lifecycle_manager-13] [INFO] [1789633830.305281550] [rclcpp]: signal_handler(signum=2)
[lifecycle_manager-13] [INFO] [1789633830.305435659] [lifecycle_manager_navigation]: Running Nav2 LifecycleManager rcl preshutdown (lifecycle_manager_navigation)
[lifecycle_manager-13] [INFO] [1789633830.305512171] [lifecycle_manager_navigation]: [34m[1mTerminating bond timer...[0m[0m
[behavior_server-10] [INFO] [1789633830.308173154] [behavior_server]: Running Nav2 LifecycleNode rcl preshutdown (behavior_server)
[behavior_server-10] [INFO] [1789633830.308245499] [behavior_server]: Deactivating
[behavior_server-10] [INFO] [1789633830.308283752] [behavior_server]: Destroying bond (behavior_server) to lifecycle manager.
[bt_navigator-11] [INFO] [1789633830.305922188] [bt_navigator]: Running Nav2 LifecycleNode rcl preshutdown (bt_navigator)
[bt_navigator-11] [INFO] [1789633830.306011480] [bt_navigator]: Deactivating
[bt_navigator-11] [INFO] [1789633830.306048817] [bt_navigator]: Destroying bond (bt_navigator) to lifecycle manager.
[map_server-7] [INFO] [1789633830.305980362] [map_server]: Running Nav2 LifecycleNode rcl preshutdown (map_server)
[map_server-7] [INFO] [1789633830.306059913] [map_server]: Deactivating
[map_server-7] [INFO] [1789633830.306087762] [map_server]: Destroying bond (map_server) to lifecycle manager.
[waypoint_follower-12] [INFO] [1789633830.305989648] [waypoint_follower]: Running Nav2 LifecycleNode rcl preshutdown (waypoint_follower)
[waypoint_follower-12] [INFO] [1789633830.306060004] [waypoint_follower]: Deactivating
[waypoint_follower-12] [INFO] [1789633830.306088147] [waypoint_follower]: Destroying bond (waypoint_follower) to lifecycle manager.
[ekf_node-4] [INFO] [1789633830.306473747] [rclcpp]: signal_handler(signum=2)
[planner_server-9] [INFO] [1789633830.306702008] [rclcpp]: signal_handler(signum=2)
[planner_server-9] [INFO] [1789633830.309430069] [planner_server]: Running Nav2 LifecycleNode rcl preshutdown (planner_server)
[planner_server-9] [INFO] [1789633830.309533672] [planner_server]: Deactivating
[planner_server-9] [INFO] [1789633830.309580887] [global_costmap.global_costmap]: Deactivating
[controller_server-8] [INFO] [1789633830.307009583] [rclcpp]: signal_handler(signum=2)
[controller_server-8] [INFO] [1789633830.307316623] [controller_server]: Running Nav2 LifecycleNode rcl preshutdown (controller_server)
[controller_server-8] [INFO] [1789633830.307430843] [controller_server]: Deactivating
[controller_server-8] [INFO] [1789633830.307488550] [local_costmap.local_costmap]: Deactivating
[robot_state_publisher-2] [INFO] [1789633830.308737847] [rclcpp]: signal_handler(signum=2)
[INFO] [swerve_odometry_node-19]: sending signal 'SIGINT' to process[swerve_odometry_node-19]
[INFO] [swerve_controller_node-18]: sending signal 'SIGINT' to process[swerve_controller_node-18]
[INFO] [lifecycle_manager-13]: sending signal 'SIGINT' to process[lifecycle_manager-13]
[INFO] [waypoint_follower-12]: sending signal 'SIGINT' to process[waypoint_follower-12]
[INFO] [bt_navigator-11]: sending signal 'SIGINT' to process[bt_navigator-11]
[INFO] [behavior_server-10]: sending signal 'SIGINT' to process[behavior_server-10]
[INFO] [planner_server-9]: sending signal 'SIGINT' to process[planner_server-9]
[INFO] [controller_server-8]: sending signal 'SIGINT' to process[controller_server-8]
[INFO] [map_server-7]: sending signal 'SIGINT' to process[map_server-7]
[INFO] [ekf_node-6]: sending signal 'SIGINT' to process[ekf_node-6]
[INFO] [v30e_sim_node-5]: sending signal 'SIGINT' to process[v30e_sim_node-5]
[INFO] [ekf_node-4]: sending signal 'SIGINT' to process[ekf_node-4]
[INFO] [robot_state_publisher-2]: sending signal 'SIGINT' to process[robot_state_publisher-2]
[INFO] [gzserver-1]: sending signal 'SIGINT' to process[gzserver-1]
[waypoint_follower-12] [INFO] [1789633830.325029417] [waypoint_follower]: Cleaning up
[ERROR] [ekf_node-6]: process has died [pid 138726, exit code -2, cmd '/opt/ros/humble/lib/robot_localization/ekf_node --ros-args -r __node:=ekf_v30e --params-file /home/yahboom/swerve_bringup/install/swerve_bringup/share/swerve_bringup/config/v30e_localization_ekf.yaml --params-file /tmp/launch_params_538rq6__ -r odometry/filtered:=/odometry/v30e'].
[bt_navigator-11] [INFO] [1789633830.359147313] [bt_navigator]: Cleaning up
[swerve_controller_node-18] Traceback (most recent call last):
[swerve_controller_node-18]   File "/home/yahboom/swerve_bringup/install/swerve_bringup/lib/swerve_bringup/swerve_controller_node", line 192, in <module>
[swerve_controller_node-18]     main()
[swerve_controller_node-18]   File "/home/yahboom/swerve_bringup/install/swerve_bringup/lib/swerve_bringup/swerve_controller_node", line 184, in main
[swerve_controller_node-18]     node.steer_pub.publish(Float64MultiArray(data=[
[swerve_controller_node-18]   File "/opt/ros/humble/local/lib/python3.10/dist-packages/rclpy/publisher.py", line 70, in publish
[swerve_controller_node-18]     self.__publisher.publish(msg)
[swerve_controller_node-18] rclpy._rclpy_pybind11.RCLError: Failed to publish: publisher's context is invalid, at ./src/rcl/publisher.c:389
[swerve_controller_node-18] Error in sys.excepthook:
[swerve_controller_node-18] Traceback (most recent call last):
[swerve_controller_node-18]   File "/usr/lib/python3/dist-packages/apport_python_hook.py", line 72, in apport_excepthook
[swerve_controller_node-18]     from apport.fileutils import likely_packaged, get_recent_crashes
[swerve_controller_node-18]   File "/usr/lib/python3/dist-packages/apport/__init__.py", line 5, in <module>
[swerve_controller_node-18]     from apport.report import Report
[swerve_controller_node-18]   File "/usr/lib/python3/dist-packages/apport/report.py", line 21, in <module>
[swerve_controller_node-18]     from urllib.request import urlopen
[swerve_controller_node-18]   File "/usr/lib/python3.10/urllib/request.py", line 88, in <module>
[swerve_controller_node-18]     import http.client
[swerve_controller_node-18]   File "/usr/lib/python3.10/http/client.py", line 71, in <module>
[swerve_controller_node-18]     import email.parser
[swerve_controller_node-18]   File "/usr/lib/python3.10/email/parser.py", line 12, in <module>
[swerve_controller_node-18]     from email.feedparser import FeedParser, BytesFeedParser
[swerve_controller_node-18]   File "/usr/lib/python3.10/email/feedparser.py", line 27, in <module>
[swerve_controller_node-18]     from email._policybase import compat32
[swerve_controller_node-18]   File "/usr/lib/python3.10/email/_policybase.py", line 9, in <module>
[swerve_controller_node-18]     from email.utils import _has_surrogates
[swerve_controller_node-18]   File "/usr/lib/python3.10/email/utils.py", line 33, in <module>
[swerve_controller_node-18]     from email._parseaddr import quote
[swerve_controller_node-18]   File "/usr/lib/python3.10/email/_parseaddr.py", line 16, in <module>
[swerve_controller_node-18]     import time, calendar
[swerve_controller_node-18]   File "/usr/lib/python3.10/calendar.py", line 10, in <module>
[swerve_controller_node-18]     import locale as _locale
[swerve_controller_node-18]   File "<frozen importlib._bootstrap>", line 1024, in _find_and_load
[swerve_controller_node-18]   File "<frozen importlib._bootstrap>", line 174, in __exit__
[swerve_controller_node-18]   File "<frozen importlib._bootstrap>", line 128, in release
[swerve_controller_node-18] KeyboardInterrupt
[swerve_controller_node-18] 
[swerve_controller_node-18] Original exception was:
[swerve_controller_node-18] Traceback (most recent call last):
[swerve_controller_node-18]   File "/home/yahboom/swerve_bringup/install/swerve_bringup/lib/swerve_bringup/swerve_controller_node", line 192, in <module>
[swerve_controller_node-18]     main()
[swerve_controller_node-18]   File "/home/yahboom/swerve_bringup/install/swerve_bringup/lib/swerve_bringup/swerve_controller_node", line 184, in main
[swerve_controller_node-18]     node.steer_pub.publish(Float64MultiArray(data=[
[swerve_controller_node-18]   File "/opt/ros/humble/local/lib/python3.10/dist-packages/rclpy/publisher.py", line 70, in publish
[swerve_controller_node-18]     self.__publisher.publish(msg)
[swerve_controller_node-18] rclpy._rclpy_pybind11.RCLError: Failed to publish: publisher's context is invalid, at ./src/rcl/publisher.c:389
[map_server-7] [INFO] [1789633830.374080651] [map_server]: Cleaning up
[map_server-7] [INFO] [1789633830.379166347] [map_server]: Destroying bond (map_server) to lifecycle manager.
[lifecycle_manager-13] [INFO] [1789633830.384866653] [rclcpp]: signal_handler(signum=2)
[behavior_server-10] [INFO] [1789633830.388756903] [behavior_server]: Cleaning up
[bt_navigator-11] [INFO] [1789633830.392883210] [rclcpp]: signal_handler(signum=2)
[waypoint_follower-12] [INFO] [1789633830.393133592] [rclcpp]: signal_handler(signum=2)
[swerve_odometry_node-19] Traceback (most recent call last):
[swerve_odometry_node-19]   File "/home/yahboom/swerve_bringup/install/swerve_bringup/lib/swerve_bringup/swerve_odometry_node", line 221, in <module>
[swerve_odometry_node-19]     main()
[swerve_odometry_node-19]   File "/home/yahboom/swerve_bringup/install/swerve_bringup/lib/swerve_bringup/swerve_odometry_node", line 215, in main
[swerve_odometry_node-19]     node.destroy_node()
[swerve_odometry_node-19]   File "/opt/ros/humble/local/lib/python3.10/dist-packages/rclpy/node.py", line 1696, in destroy_node
[swerve_odometry_node-19]     self.__node.destroy_when_not_in_use()
[swerve_odometry_node-19] KeyboardInterrupt
[controller_server-8] [INFO] [1789633830.410273111] [controller_server]: Destroying bond (controller_server) to lifecycle manager.
[behavior_server-10] [INFO] [1789633830.423841264] [rclcpp]: signal_handler(signum=2)
[ERROR] [ekf_node-4]: process has died [pid 138715, exit code -2, cmd '/opt/ros/humble/lib/robot_localization/ekf_node --ros-args -r __node:=ekf_filter_node --params-file /home/yahboom/swerve_bringup/install/swerve_bringup/share/swerve_bringup/config/ekf.yaml --params-file /tmp/launch_params_5g9iywke -r /odom:=/odom -r /imu/data:=/imu/data'].
[planner_server-9] [INFO] [1789633830.452818413] [rclcpp]: signal_handler(signum=2)
[controller_server-8] [INFO] [1789633830.455250619] [rclcpp]: signal_handler(signum=2)
[map_server-7] [INFO] [1789633830.467055425] [rclcpp]: signal_handler(signum=2)
[robot_state_publisher-2] [INFO] [1789633830.505837614] [rclcpp]: signal_handler(signum=2)
[controller_server-8] [INFO] [1789633830.511221991] [controller_server]: Cleaning up
[controller_server-8] [INFO] [1789633830.511398292] [local_costmap.local_costmap]: Cleaning up
[v30e_sim_node-5] Traceback (most recent call last):
[v30e_sim_node-5]   File "/home/yahboom/swerve_bringup/install/swerve_bringup/lib/swerve_bringup/v30e_sim_node", line 188, in <module>
[v30e_sim_node-5]     if __name__ == '__main__': main()
[v30e_sim_node-5]   File "/home/yahboom/swerve_bringup/install/swerve_bringup/lib/swerve_bringup/v30e_sim_node", line 185, in main
[v30e_sim_node-5]     node.destroy_node(); rclpy.shutdown()
[v30e_sim_node-5]   File "/opt/ros/humble/local/lib/python3.10/dist-packages/rclpy/node.py", line 1691, in destroy_node
[v30e_sim_node-5]     self.destroy_service(self._services[0])
[v30e_sim_node-5]   File "/opt/ros/humble/local/lib/python3.10/dist-packages/rclpy/node.py", line 1615, in destroy_service
[v30e_sim_node-5]     service.destroy()
[v30e_sim_node-5]   File "/opt/ros/humble/local/lib/python3.10/dist-packages/rclpy/service.py", line 93, in destroy
[v30e_sim_node-5]     self.__service.destroy_when_not_in_use()
[v30e_sim_node-5] KeyboardInterrupt
[planner_server-9] [INFO] [1789633830.534106557] [planner_server]: Deactivating plugin GridBased of type NavfnPlanner
[planner_server-9] [INFO] [1789633830.534166559] [planner_server]: Destroying bond (planner_server) to lifecycle manager.
[waypoint_follower-12] [INFO] [1789633830.545918594] [waypoint_follower]: Destroying bond (waypoint_follower) to lifecycle manager.
[waypoint_follower-12] [INFO] [1789633830.560867922] [waypoint_follower]: Destroying
[ERROR] [swerve_odometry_node-19]: process has died [pid 139011, exit code -2, cmd '/home/yahboom/swerve_bringup/install/swerve_bringup/lib/swerve_bringup/swerve_odometry_node --ros-args -r __node:=swerve_odometry --params-file /home/yahboom/swerve_bringup/install/swerve_bringup/share/swerve_bringup/config/swerve_odometry.yaml --params-file /tmp/launch_params_0gi3154d'].
[planner_server-9] [INFO] [1789633830.589150359] [planner_server]: Cleaning up
[map_server-7] [INFO] [1789633830.598815354] [map_server]: Destroying
[ERROR] [v30e_sim_node-5]: process has died [pid 138724, exit code -2, cmd '/home/yahboom/swerve_bringup/install/swerve_bringup/lib/swerve_bringup/v30e_sim_node --ros-args -r __node:=v30e_sim_node --params-file /home/yahboom/swerve_bringup/install/swerve_bringup/share/swerve_bringup/config/v30e_sim.yaml --params-file /tmp/launch_params_sb3qk6em'].
[planner_server-9] [INFO] [1789633830.751569103] [global_costmap.global_costmap]: Cleaning up
[behavior_server-10] [INFO] [1789633830.754664617] [behavior_server]: Destroying bond (behavior_server) to lifecycle manager.
[INFO] [robot_state_publisher-2]: process has finished cleanly [pid 138710]
[lifecycle_manager-13] [INFO] [1789633830.798415077] [lifecycle_manager_navigation]: Destroying lifecycle_manager_navigation
[behavior_server-10] [INFO] [1789633830.805633777] [behavior_server]: Destroying
[INFO] [waypoint_follower-12]: process has finished cleanly [pid 138756]
[planner_server-9] [INFO] [1789633830.837736033] [planner_server]: Cleaning up plugin GridBased of type NavfnPlanner
[planner_server-9] [INFO] [1789633830.837872540] [planner_server]: Destroying plugin GridBased of type NavfnPlanner
[ERROR] [swerve_controller_node-18]: process has died [pid 139009, exit code 1, cmd '/home/yahboom/swerve_bringup/install/swerve_bringup/lib/swerve_bringup/swerve_controller_node --ros-args -r __node:=swerve_controller --params-file /home/yahboom/swerve_bringup/install/swerve_bringup/share/swerve_bringup/config/swerve_controller.yaml --params-file /tmp/launch_params_2t2te6i7'].
[planner_server-9] [INFO] [1789633830.869795867] [planner_server]: Destroying bond (planner_server) to lifecycle manager.
[planner_server-9] [INFO] [1789633830.887897229] [global_costmap.global_costmap]: Destroying
[controller_server-8] [INFO] [1789633830.903469074] [controller_server]: Destroying bond (controller_server) to lifecycle manager.
[planner_server-9] [INFO] [1789633830.911408137] [planner_server]: Destroying
[controller_server-8] [INFO] [1789633830.916351977] [local_costmap.local_costmap]: Destroying
[controller_server-8] [INFO] [1789633830.942199927] [controller_server]: Destroying
[INFO] [map_server-7]: process has finished cleanly [pid 138728]
[INFO] [lifecycle_manager-13]: process has finished cleanly [pid 138760]
[bt_navigator-11] [INFO] [1789633831.005331635] [bt_navigator]: Completed Cleaning up
[bt_navigator-11] [INFO] [1789633831.005397964] [bt_navigator]: Destroying bond (bt_navigator) to lifecycle manager.
[INFO] [behavior_server-10]: process has finished cleanly [pid 138738]
[bt_navigator-11] [INFO] [1789633831.018305686] [bt_navigator]: Destroying
[INFO] [planner_server-9]: process has finished cleanly [pid 138734]
[INFO] [controller_server-8]: process has finished cleanly [pid 138731]
[INFO] [bt_navigator-11]: process has finished cleanly [pid 138745]
[INFO] [gzserver-1]: process has finished cleanly [pid 138708]
