[INFO] [launch]: All log files can be found below /home/yahboom/.ros/log/2026-09-17-18-16-35-985282-yahboom-virtual-machine-169049
[INFO] [launch]: Default logging verbosity is set to INFO
[INFO] [gzserver-1]: process started with pid [169061]
[INFO] [robot_state_publisher-2]: process started with pid [169063]
[INFO] [spawn_entity.py-3]: process started with pid [169065]
[INFO] [ekf_node-4]: process started with pid [169069]
[INFO] [v30e_sim_node-5]: process started with pid [169077]
[INFO] [ekf_node-6]: process started with pid [169079]
[INFO] [map_server-7]: process started with pid [169082]
[INFO] [controller_server-8]: process started with pid [169084]
[INFO] [planner_server-9]: process started with pid [169086]
[INFO] [behavior_server-10]: process started with pid [169088]
[INFO] [bt_navigator-11]: process started with pid [169090]
[INFO] [waypoint_follower-12]: process started with pid [169095]
[INFO] [lifecycle_manager-13]: process started with pid [169107]
[INFO] [swerve_bridge_node-14]: process started with pid [169117]
[robot_state_publisher-2] [INFO] [1789640199.001980004] [robot_state_publisher]: got segment base_footprint
[robot_state_publisher-2] [INFO] [1789640199.002115925] [robot_state_publisher]: got segment base_link
[robot_state_publisher-2] [INFO] [1789640199.002128546] [robot_state_publisher]: got segment imu_link
[robot_state_publisher-2] [INFO] [1789640199.002136259] [robot_state_publisher]: got segment lidar_link
[robot_state_publisher-2] [INFO] [1789640199.002143164] [robot_state_publisher]: got segment steer_front_link
[robot_state_publisher-2] [INFO] [1789640199.002150099] [robot_state_publisher]: got segment steer_rear_link
[robot_state_publisher-2] [INFO] [1789640199.002156655] [robot_state_publisher]: got segment v30e_link
[robot_state_publisher-2] [INFO] [1789640199.002163055] [robot_state_publisher]: got segment wheel_front_drive_link
[robot_state_publisher-2] [INFO] [1789640199.002169833] [robot_state_publisher]: got segment wheel_front_left_link
[robot_state_publisher-2] [INFO] [1789640199.002176414] [robot_state_publisher]: got segment wheel_front_right_link
[robot_state_publisher-2] [INFO] [1789640199.002182726] [robot_state_publisher]: got segment wheel_rear_drive_link
[robot_state_publisher-2] [INFO] [1789640199.002189070] [robot_state_publisher]: got segment wheel_rear_left_link
[robot_state_publisher-2] [INFO] [1789640199.002195502] [robot_state_publisher]: got segment wheel_rear_right_link
[planner_server-9] [INFO] [1789640199.209350300] [planner_server]: 
[planner_server-9] 	planner_server lifecycle node launched. 
[planner_server-9] 	Waiting on external lifecycle transitions to activate
[planner_server-9] 	See https://design.ros2.org/articles/node_lifecycle.html for more information.
[planner_server-9] [INFO] [1789640199.225066978] [planner_server]: Creating
[behavior_server-10] [INFO] [1789640199.280585441] [behavior_server]: 
[behavior_server-10] 	behavior_server lifecycle node launched. 
[behavior_server-10] 	Waiting on external lifecycle transitions to activate
[behavior_server-10] 	See https://design.ros2.org/articles/node_lifecycle.html for more information.
[lifecycle_manager-13] [INFO] [1789640199.315071216] [lifecycle_manager_navigation]: Creating
[lifecycle_manager-13] [INFO] [1789640199.338915492] [lifecycle_manager_navigation]: [34m[1mCreating and initializing lifecycle service clients[0m[0m
[controller_server-8] [INFO] [1789640199.373800202] [controller_server]: 
[controller_server-8] 	controller_server lifecycle node launched. 
[controller_server-8] 	Waiting on external lifecycle transitions to activate
[controller_server-8] 	See https://design.ros2.org/articles/node_lifecycle.html for more information.
[bt_navigator-11] [INFO] [1789640199.388145595] [bt_navigator]: 
[bt_navigator-11] 	bt_navigator lifecycle node launched. 
[bt_navigator-11] 	Waiting on external lifecycle transitions to activate
[bt_navigator-11] 	See https://design.ros2.org/articles/node_lifecycle.html for more information.
[bt_navigator-11] [INFO] [1789640199.388309791] [bt_navigator]: Creating
[controller_server-8] [INFO] [1789640199.398693207] [controller_server]: Creating controller server
[waypoint_follower-12] [INFO] [1789640199.427539606] [waypoint_follower]: 
[waypoint_follower-12] 	waypoint_follower lifecycle node launched. 
[waypoint_follower-12] 	Waiting on external lifecycle transitions to activate
[waypoint_follower-12] 	See https://design.ros2.org/articles/node_lifecycle.html for more information.
[waypoint_follower-12] [INFO] [1789640199.428130406] [waypoint_follower]: Creating
[planner_server-9] [INFO] [1789640199.489421185] [global_costmap.global_costmap]: 
[planner_server-9] 	global_costmap lifecycle node launched. 
[planner_server-9] 	Waiting on external lifecycle transitions to activate
[planner_server-9] 	See https://design.ros2.org/articles/node_lifecycle.html for more information.
[planner_server-9] [INFO] [1789640199.505558208] [global_costmap.global_costmap]: Creating Costmap
[map_server-7] [INFO] [1789640199.560241591] [map_server]: 
[map_server-7] 	map_server lifecycle node launched. 
[map_server-7] 	Waiting on external lifecycle transitions to activate
[map_server-7] 	See https://design.ros2.org/articles/node_lifecycle.html for more information.
[map_server-7] [INFO] [1789640199.570141976] [map_server]: Creating
[swerve_bridge_node-14] Traceback (most recent call last):
[swerve_bridge_node-14]   File "/home/yahboom/swerve_bringup/install/swerve_bridge/lib/swerve_bridge/swerve_bridge_node", line 33, in <module>
[swerve_bridge_node-14]     sys.exit(load_entry_point('swerve-bridge', 'console_scripts', 'swerve_bridge_node')())
[swerve_bridge_node-14]   File "/home/yahboom/swerve_bringup/install/swerve_bridge/lib/swerve_bridge/swerve_bridge_node", line 22, in importlib_load_entry_point
[swerve_bridge_node-14]     for entry_point in distribution(dist_name).entry_points
[swerve_bridge_node-14]   File "/usr/lib/python3.10/importlib/metadata/__init__.py", line 969, in distribution
[swerve_bridge_node-14]     return Distribution.from_name(distribution_name)
[swerve_bridge_node-14]   File "/usr/lib/python3.10/importlib/metadata/__init__.py", line 548, in from_name
[swerve_bridge_node-14]     raise PackageNotFoundError(name)
[swerve_bridge_node-14] importlib.metadata.PackageNotFoundError: No package metadata was found for swerve-bridge
[ERROR] [swerve_bridge_node-14]: process has died [pid 169117, exit code 1, cmd '/home/yahboom/swerve_bringup/install/swerve_bridge/lib/swerve_bridge/swerve_bridge_node --ros-args -r __node:=swerve_bridge --params-file /home/yahboom/swerve_bringup/install/swerve_bridge/share/swerve_bridge/config/bridge.yaml --params-file /tmp/launch_params_7jwg0tsp'].
[controller_server-8] [INFO] [1789640199.778213741] [local_costmap.local_costmap]: 
[controller_server-8] 	local_costmap lifecycle node launched. 
[controller_server-8] 	Waiting on external lifecycle transitions to activate
[controller_server-8] 	See https://design.ros2.org/articles/node_lifecycle.html for more information.
[controller_server-8] [INFO] [1789640199.784607634] [local_costmap.local_costmap]: Creating Costmap
[lifecycle_manager-13] [INFO] [1789640200.315826551] [lifecycle_manager_navigation]: [34m[1mStarting managed nodes bringup...[0m[0m
[lifecycle_manager-13] [INFO] [1789640200.315907274] [lifecycle_manager_navigation]: [34m[1mConfiguring map_server[0m[0m
[map_server-7] [INFO] [1789640200.338890156] [map_server]: Configuring
[map_server-7] [INFO] [1789640200.344144832] [map_io]: Loading yaml file: /home/yahboom/swerve_bringup/install/swerve_bringup/share/swerve_bringup/swerve_navigation/maps/warehouse.yaml
[map_server-7] [INFO] [1789640200.344787959] [map_io]: resolution: 0.05
[map_server-7] [INFO] [1789640200.344803718] [map_io]: origin[0]: -17.2
[map_server-7] [INFO] [1789640200.344809852] [map_io]: origin[1]: -17.4
[map_server-7] [INFO] [1789640200.344815214] [map_io]: origin[2]: 0
[map_server-7] [INFO] [1789640200.344820664] [map_io]: free_thresh: 0.25
[map_server-7] [INFO] [1789640200.344825890] [map_io]: occupied_thresh: 0.65
[map_server-7] [INFO] [1789640200.344831213] [map_io]: mode: trinary
[map_server-7] [INFO] [1789640200.344837653] [map_io]: negate: 0
[map_server-7] [INFO] [1789640200.345079080] [map_io]: Loading image_file: /home/yahboom/swerve_bringup/install/swerve_bringup/share/swerve_bringup/swerve_navigation/maps/warehouse.pgm
[map_server-7] [INFO] [1789640200.522921292] [map_io]: Read map /home/yahboom/swerve_bringup/install/swerve_bringup/share/swerve_bringup/swerve_navigation/maps/warehouse.pgm: 676 X 680 map @ 0.05 m/cell
[lifecycle_manager-13] [INFO] [1789640200.780641621] [lifecycle_manager_navigation]: [34m[1mConfiguring controller_server[0m[0m
[controller_server-8] [INFO] [1789640200.788436573] [controller_server]: Configuring controller interface
[controller_server-8] [INFO] [1789640200.795035810] [controller_server]: getting goal checker plugins..
[controller_server-8] [INFO] [1789640200.798508503] [controller_server]: Controller frequency set to 10.0000Hz
[controller_server-8] [INFO] [1789640200.798624409] [local_costmap.local_costmap]: Configuring
[spawn_entity.py-3] [INFO] [1789640200.843390863] [spawn_swerve]: Spawn Entity started
[spawn_entity.py-3] [INFO] [1789640200.843869414] [spawn_swerve]: Loading entity published on topic robot_description
[spawn_entity.py-3] [INFO] [1789640200.863455389] [spawn_swerve]: Waiting for entity xml on robot_description
[controller_server-8] [INFO] [1789640200.865524251] [local_costmap.local_costmap]: Using plugin "voxel_layer"
[spawn_entity.py-3] [INFO] [1789640200.867108917] [spawn_swerve]: Waiting for service /spawn_entity, timeout = 30
[spawn_entity.py-3] [INFO] [1789640200.867492609] [spawn_swerve]: Waiting for service /spawn_entity
[controller_server-8] [INFO] [1789640200.877640636] [local_costmap.local_costmap]: Subscribed to Topics: lidar3d scan
[controller_server-8] [INFO] [1789640200.932623925] [local_costmap.local_costmap]: Initialized plugin "voxel_layer"
[controller_server-8] [INFO] [1789640200.932692963] [local_costmap.local_costmap]: Using plugin "inflation_layer"
[controller_server-8] [INFO] [1789640200.942950423] [local_costmap.local_costmap]: Initialized plugin "inflation_layer"
[controller_server-8] [INFO] [1789640201.041267321] [controller_server]: Created progress_checker : progress_checker of type nav2_controller::SimpleProgressChecker
[controller_server-8] [INFO] [1789640201.047622965] [controller_server]: Created goal checker : general_goal_checker of type nav2_controller::SimpleGoalChecker
[controller_server-8] [INFO] [1789640201.047947697] [controller_server]: Controller Server has general_goal_checker  goal checkers available.
[controller_server-8] [INFO] [1789640201.051606901] [controller_server]: Created controller : FollowPath of type dwb_core::DWBLocalPlanner
[controller_server-8] [INFO] [1789640201.053880914] [controller_server]: Setting transform_tolerance to 0.200000
[v30e_sim_node-5] [INFO] [1789640201.110811772] [v30e_sim_node]: Using Gazebo /get_entity_state internally; odometry is not a V30E measurement input
[controller_server-8] [INFO] [1789640201.133644619] [controller_server]: Using critic "RotateToGoal" (dwb_critics::RotateToGoalCritic)
[controller_server-8] [INFO] [1789640201.134210886] [controller_server]: Critic plugin initialized
[controller_server-8] [INFO] [1789640201.134352400] [controller_server]: Using critic "Oscillation" (dwb_critics::OscillationCritic)
[controller_server-8] [INFO] [1789640201.138049111] [controller_server]: Critic plugin initialized
[controller_server-8] [INFO] [1789640201.142027413] [controller_server]: Using critic "BaseObstacle" (dwb_critics::BaseObstacleCritic)
[controller_server-8] [INFO] [1789640201.143507599] [controller_server]: Critic plugin initialized
[controller_server-8] [INFO] [1789640201.143553100] [controller_server]: Using critic "GoalAlign" (dwb_critics::GoalAlignCritic)
[controller_server-8] [INFO] [1789640201.143738660] [controller_server]: Critic plugin initialized
[controller_server-8] [INFO] [1789640201.143777510] [controller_server]: Using critic "PathAlign" (dwb_critics::PathAlignCritic)
[controller_server-8] [INFO] [1789640201.143964496] [controller_server]: Critic plugin initialized
[controller_server-8] [INFO] [1789640201.143989919] [controller_server]: Using critic "PathDist" (dwb_critics::PathDistCritic)
[controller_server-8] [INFO] [1789640201.144097826] [controller_server]: Critic plugin initialized
[controller_server-8] [INFO] [1789640201.144125277] [controller_server]: Using critic "GoalDist" (dwb_critics::GoalDistCritic)
[controller_server-8] [INFO] [1789640201.144227225] [controller_server]: Critic plugin initialized
[controller_server-8] [INFO] [1789640201.144238849] [controller_server]: Controller Server has FollowPath  controllers available.
[lifecycle_manager-13] [INFO] [1789640201.188422467] [lifecycle_manager_navigation]: [34m[1mConfiguring planner_server[0m[0m
[planner_server-9] [INFO] [1789640201.192894909] [planner_server]: Configuring
[planner_server-9] [INFO] [1789640201.192981068] [global_costmap.global_costmap]: Configuring
[planner_server-9] [INFO] [1789640201.250760988] [global_costmap.global_costmap]: Using plugin "static_layer"
[planner_server-9] [INFO] [1789640201.255384710] [global_costmap.global_costmap]: Subscribing to the map topic (/map) with transient local durability
[planner_server-9] [INFO] [1789640201.261617188] [global_costmap.global_costmap]: Initialized plugin "static_layer"
[planner_server-9] [INFO] [1789640201.261669301] [global_costmap.global_costmap]: Using plugin "obstacle_layer"
[planner_server-9] [INFO] [1789640201.262016075] [global_costmap.global_costmap]: Subscribed to Topics: scan
[planner_server-9] [INFO] [1789640201.274866670] [global_costmap.global_costmap]: Initialized plugin "obstacle_layer"
[planner_server-9] [INFO] [1789640201.274913587] [global_costmap.global_costmap]: Using plugin "inflation_layer"
[planner_server-9] [INFO] [1789640201.277584721] [global_costmap.global_costmap]: Initialized plugin "inflation_layer"
[planner_server-9] [INFO] [1789640201.347645826] [planner_server]: Created global planner plugin GridBased of type nav2_navfn_planner/NavfnPlanner
[planner_server-9] [INFO] [1789640201.347736188] [planner_server]: Configuring plugin GridBased of type NavfnPlanner
[planner_server-9] [INFO] [1789640201.350118435] [planner_server]: Planner Server has GridBased  planners available.
[lifecycle_manager-13] [INFO] [1789640201.438407724] [lifecycle_manager_navigation]: [34m[1mConfiguring behavior_server[0m[0m
[behavior_server-10] [INFO] [1789640201.442204206] [behavior_server]: Configuring
[behavior_server-10] [INFO] [1789640201.512740856] [behavior_server]: Creating behavior plugin spin of type nav2_behaviors/Spin
[behavior_server-10] [INFO] [1789640201.513657886] [behavior_server]: Configuring spin
[behavior_server-10] [INFO] [1789640201.550728801] [behavior_server]: Creating behavior plugin backup of type nav2_behaviors/BackUp
[behavior_server-10] [INFO] [1789640201.551903745] [behavior_server]: Configuring backup
[behavior_server-10] [INFO] [1789640201.592748802] [behavior_server]: Creating behavior plugin drive_on_heading of type nav2_behaviors/DriveOnHeading
[behavior_server-10] [INFO] [1789640201.599794878] [behavior_server]: Configuring drive_on_heading
[behavior_server-10] [INFO] [1789640201.662835055] [behavior_server]: Creating behavior plugin wait of type nav2_behaviors/Wait
[behavior_server-10] [INFO] [1789640201.663285722] [behavior_server]: Configuring wait
[lifecycle_manager-13] [INFO] [1789640201.683283774] [lifecycle_manager_navigation]: [34m[1mConfiguring bt_navigator[0m[0m
[bt_navigator-11] [INFO] [1789640201.687674000] [bt_navigator]: Configuring
[lifecycle_manager-13] [INFO] [1789640202.140823388] [lifecycle_manager_navigation]: [34m[1mConfiguring waypoint_follower[0m[0m
[waypoint_follower-12] [INFO] [1789640202.145771808] [waypoint_follower]: Configuring
[waypoint_follower-12] [INFO] [1789640202.235846285] [waypoint_follower]: Created waypoint_task_executor : wait_at_waypoint of type nav2_waypoint_follower::WaitAtWaypoint
[waypoint_follower-12] [INFO] [1789640202.242193006] [waypoint_follower]: Waypoint pause duration is set to zero, disabling task executor plugin.
[lifecycle_manager-13] [INFO] [1789640202.248012664] [lifecycle_manager_navigation]: [34m[1mActivating map_server[0m[0m
[map_server-7] [INFO] [1789640202.250261278] [map_server]: Activating
[map_server-7] [INFO] [1789640202.251240286] [map_server]: Creating bond (map_server) to lifecycle manager.
[planner_server-9] [INFO] [1789640202.253239737] [global_costmap.global_costmap]: StaticLayer: Resizing costmap to 676 X 680 at 0.050000 m/pix
[lifecycle_manager-13] [INFO] [1789640202.384609305] [lifecycle_manager_navigation]: Server map_server connected with bond.
[lifecycle_manager-13] [INFO] [1789640202.384665362] [lifecycle_manager_navigation]: [34m[1mActivating controller_server[0m[0m
[controller_server-8] [INFO] [1789640202.388287106] [controller_server]: Activating
[controller_server-8] [INFO] [1789640202.388368848] [local_costmap.local_costmap]: Activating
[controller_server-8] [INFO] [1789640202.388393198] [local_costmap.local_costmap]: Checking transform
[controller_server-8] [INFO] [1789640202.388431345] [local_costmap.local_costmap]: Timed out waiting for transform from base_footprint to odom to become available, tf error: Invalid frame ID "odom" passed to canTransform argument target_frame - frame does not exist
[controller_server-8] [INFO] [1789640202.888953785] [local_costmap.local_costmap]: Timed out waiting for transform from base_footprint to odom to become available, tf error: Invalid frame ID "odom" passed to canTransform argument target_frame - frame does not exist
[controller_server-8] [INFO] [1789640203.388869519] [local_costmap.local_costmap]: Timed out waiting for transform from base_footprint to odom to become available, tf error: Invalid frame ID "odom" passed to canTransform argument target_frame - frame does not exist
[controller_server-8] [INFO] [1789640203.889008304] [local_costmap.local_costmap]: Timed out waiting for transform from base_footprint to odom to become available, tf error: Invalid frame ID "odom" passed to canTransform argument target_frame - frame does not exist
[controller_server-8] [INFO] [1789640204.388866833] [local_costmap.local_costmap]: Timed out waiting for transform from base_footprint to odom to become available, tf error: Invalid frame ID "odom" passed to canTransform argument target_frame - frame does not exist
[controller_server-8] [INFO] [1789640204.888527844] [local_costmap.local_costmap]: Timed out waiting for transform from base_footprint to odom to become available, tf error: Invalid frame ID "odom" passed to canTransform argument target_frame - frame does not exist
[controller_server-8] [INFO] [1789640205.388735984] [local_costmap.local_costmap]: Timed out waiting for transform from base_footprint to odom to become available, tf error: Invalid frame ID "odom" passed to canTransform argument target_frame - frame does not exist
[controller_server-8] [INFO] [1789640205.890902463] [local_costmap.local_costmap]: Timed out waiting for transform from base_footprint to odom to become available, tf error: Invalid frame ID "odom" passed to canTransform argument target_frame - frame does not exist
[controller_server-8] [INFO] [1789640206.389185512] [local_costmap.local_costmap]: Timed out waiting for transform from base_footprint to odom to become available, tf error: Invalid frame ID "odom" passed to canTransform argument target_frame - frame does not exist
[spawn_entity.py-3] [INFO] [1789640206.431067920] [spawn_swerve]: Calling service /spawn_entity
[gzserver-1] [INFO] [1789640206.776679248] [gazebo_ros_state]: Publishing states of gazebo models at [/model_states]
[gzserver-1] [INFO] [1789640206.793152172] [gazebo_ros_state]: Publishing states of gazebo links at [/link_states]
[controller_server-8] [INFO] [1789640206.888544760] [local_costmap.local_costmap]: Timed out waiting for transform from base_footprint to odom to become available, tf error: Invalid frame ID "odom" passed to canTransform argument target_frame - frame does not exist
[gzserver-1] [INFO] [1789640207.178205562] [imu.imu_ros]: <initial_orientation_as_reference> is unset, using default value of false to comply with REP 145 (world as orientation reference)
[controller_server-8] [INFO] [1789640207.389199358] [local_costmap.local_costmap]: Timed out waiting for transform from base_footprint to odom to become available, tf error: Invalid frame ID "odom" passed to canTransform argument target_frame - frame does not exist
[controller_server-8] [INFO] [1789640207.888627522] [local_costmap.local_costmap]: Timed out waiting for transform from base_footprint to odom to become available, tf error: Invalid frame ID "odom" passed to canTransform argument target_frame - frame does not exist
[controller_server-8] [INFO] [1789640208.389632326] [local_costmap.local_costmap]: Timed out waiting for transform from base_footprint to odom to become available, tf error: Invalid frame ID "odom" passed to canTransform argument target_frame - frame does not exist
[controller_server-8] [INFO] [1789640208.888867569] [local_costmap.local_costmap]: Timed out waiting for transform from base_footprint to odom to become available, tf error: Invalid frame ID "odom" passed to canTransform argument target_frame - frame does not exist
[controller_server-8] [INFO] [1789640209.388614632] [local_costmap.local_costmap]: Timed out waiting for transform from base_footprint to odom to become available, tf error: Invalid frame ID "odom" passed to canTransform argument target_frame - frame does not exist
[controller_server-8] [INFO] [1789640209.888512709] [local_costmap.local_costmap]: Timed out waiting for transform from base_footprint to odom to become available, tf error: Invalid frame ID "odom" passed to canTransform argument target_frame - frame does not exist
[controller_server-8] [INFO] [1789640210.388573648] [local_costmap.local_costmap]: Timed out waiting for transform from base_footprint to odom to become available, tf error: Invalid frame ID "odom" passed to canTransform argument target_frame - frame does not exist
[controller_server-8] [INFO] [1789640210.888614058] [local_costmap.local_costmap]: Timed out waiting for transform from base_footprint to odom to become available, tf error: Invalid frame ID "odom" passed to canTransform argument target_frame - frame does not exist
[controller_server-8] [INFO] [1789640211.389160335] [local_costmap.local_costmap]: Timed out waiting for transform from base_footprint to odom to become available, tf error: Invalid frame ID "odom" passed to canTransform argument target_frame - frame does not exist
[controller_server-8] [INFO] [1789640211.888768122] [local_costmap.local_costmap]: Timed out waiting for transform from base_footprint to odom to become available, tf error: Invalid frame ID "odom" passed to canTransform argument target_frame - frame does not exist
[controller_server-8] [INFO] [1789640212.388580379] [local_costmap.local_costmap]: Timed out waiting for transform from base_footprint to odom to become available, tf error: Invalid frame ID "odom" passed to canTransform argument target_frame - frame does not exist
[controller_server-8] [INFO] [1789640212.888773431] [local_costmap.local_costmap]: Timed out waiting for transform from base_footprint to odom to become available, tf error: Invalid frame ID "odom" passed to canTransform argument target_frame - frame does not exist
[controller_server-8] [INFO] [1789640213.389028115] [local_costmap.local_costmap]: Timed out waiting for transform from base_footprint to odom to become available, tf error: Invalid frame ID "odom" passed to canTransform argument target_frame - frame does not exist
[controller_server-8] [INFO] [1789640213.888590730] [local_costmap.local_costmap]: Timed out waiting for transform from base_footprint to odom to become available, tf error: Invalid frame ID "odom" passed to canTransform argument target_frame - frame does not exist
[controller_server-8] [INFO] [1789640214.388835461] [local_costmap.local_costmap]: Timed out waiting for transform from base_footprint to odom to become available, tf error: Invalid frame ID "odom" passed to canTransform argument target_frame - frame does not exist
[controller_server-8] [INFO] [1789640214.888915949] [local_costmap.local_costmap]: Timed out waiting for transform from base_footprint to odom to become available, tf error: Invalid frame ID "odom" passed to canTransform argument target_frame - frame does not exist
[controller_server-8] [INFO] [1789640215.388816248] [local_costmap.local_costmap]: Timed out waiting for transform from base_footprint to odom to become available, tf error: Invalid frame ID "odom" passed to canTransform argument target_frame - frame does not exist
[controller_server-8] [INFO] [1789640215.890182520] [local_costmap.local_costmap]: Timed out waiting for transform from base_footprint to odom to become available, tf error: Invalid frame ID "odom" passed to canTransform argument target_frame - frame does not exist
[controller_server-8] [INFO] [1789640216.388747512] [local_costmap.local_costmap]: Timed out waiting for transform from base_footprint to odom to become available, tf error: Invalid frame ID "odom" passed to canTransform argument target_frame - frame does not exist
[controller_server-8] [INFO] [1789640216.890774945] [local_costmap.local_costmap]: Timed out waiting for transform from base_footprint to odom to become available, tf error: Invalid frame ID "odom" passed to canTransform argument target_frame - frame does not exist
[controller_server-8] [INFO] [1789640217.390433985] [local_costmap.local_costmap]: Timed out waiting for transform from base_footprint to odom to become available, tf error: Invalid frame ID "odom" passed to canTransform argument target_frame - frame does not exist
[controller_server-8] [INFO] [1789640217.888927126] [local_costmap.local_costmap]: Timed out waiting for transform from base_footprint to odom to become available, tf error: Invalid frame ID "odom" passed to canTransform argument target_frame - frame does not exist
[controller_server-8] [INFO] [1789640218.389161072] [local_costmap.local_costmap]: Timed out waiting for transform from base_footprint to odom to become available, tf error: Invalid frame ID "odom" passed to canTransform argument target_frame - frame does not exist
[controller_server-8] [INFO] [1789640218.888720677] [local_costmap.local_costmap]: Timed out waiting for transform from base_footprint to odom to become available, tf error: Invalid frame ID "odom" passed to canTransform argument target_frame - frame does not exist
[controller_server-8] [INFO] [1789640219.388675033] [local_costmap.local_costmap]: Timed out waiting for transform from base_footprint to odom to become available, tf error: Invalid frame ID "odom" passed to canTransform argument target_frame - frame does not exist
[controller_server-8] [INFO] [1789640219.888766973] [local_costmap.local_costmap]: Timed out waiting for transform from base_footprint to odom to become available, tf error: Invalid frame ID "odom" passed to canTransform argument target_frame - frame does not exist
[controller_server-8] [INFO] [1789640220.389013386] [local_costmap.local_costmap]: Timed out waiting for transform from base_footprint to odom to become available, tf error: Invalid frame ID "odom" passed to canTransform argument target_frame - frame does not exist
[spawn_entity.py-3] [INFO] [1789640220.747130915] [spawn_swerve]: Spawn status: SpawnEntity: Successfully spawned entity [swerve_base]
[controller_server-8] [INFO] [1789640220.889722368] [local_costmap.local_costmap]: Timed out waiting for transform from base_footprint to odom to become available, tf error: Invalid frame ID "odom" passed to canTransform argument target_frame - frame does not exist
[gzserver-1] [INFO] [1789640220.988172454] [gazebo_ros2_control]: Loading gazebo_ros2_control plugin
[gzserver-1] [INFO] [1789640221.081073468] [gazebo_ros2_control]: Starting gazebo_ros2_control plugin in namespace: /
[gzserver-1] [INFO] [1789640221.081205347] [gazebo_ros2_control]: Starting gazebo_ros2_control plugin in ros 2 node: gazebo_ros2_control
[INFO] [spawn_entity.py-3]: process has finished cleanly [pid 169065]
[INFO] [spawner-15]: process started with pid [169586]
[gzserver-1] [INFO] [1789640221.128200666] [gazebo_ros2_control]: connected to service!! robot_state_publisher
[gzserver-1] [INFO] [1789640221.134064781] [gazebo_ros2_control]: Received urdf from param server, parsing...
[gzserver-1] [INFO] [1789640221.134212524] [gazebo_ros2_control]: Loading parameter files /home/yahboom/swerve_bringup/install/swerve_bringup/share/swerve_bringup/config/controllers.yaml
[gzserver-1] [INFO] [1789640221.188794026] [gazebo_ros2_control]: Loading joint: steer_front_joint
[gzserver-1] [INFO] [1789640221.190058310] [gazebo_ros2_control]: 	State:
[gzserver-1] [INFO] [1789640221.190087529] [gazebo_ros2_control]: 		 position
[gzserver-1] [INFO] [1789640221.190101279] [gazebo_ros2_control]: 		 velocity
[gzserver-1] [INFO] [1789640221.190111393] [gazebo_ros2_control]: 	Command:
[gzserver-1] [INFO] [1789640221.190120336] [gazebo_ros2_control]: 		 position
[gzserver-1] [INFO] [1789640221.190621229] [gazebo_ros2_control]: Loading joint: steer_rear_joint
[gzserver-1] [INFO] [1789640221.190648048] [gazebo_ros2_control]: 	State:
[gzserver-1] [INFO] [1789640221.190658027] [gazebo_ros2_control]: 		 position
[gzserver-1] [INFO] [1789640221.190667712] [gazebo_ros2_control]: 		 velocity
[gzserver-1] [INFO] [1789640221.190676793] [gazebo_ros2_control]: 	Command:
[gzserver-1] [INFO] [1789640221.190685392] [gazebo_ros2_control]: 		 position
[gzserver-1] [INFO] [1789640221.190805520] [gazebo_ros2_control]: Loading joint: wheel_front_drive_joint
[gzserver-1] [INFO] [1789640221.190821553] [gazebo_ros2_control]: 	State:
[gzserver-1] [INFO] [1789640221.190830374] [gazebo_ros2_control]: 		 position
[gzserver-1] [INFO] [1789640221.190839564] [gazebo_ros2_control]: 		 velocity
[gzserver-1] [INFO] [1789640221.190847925] [gazebo_ros2_control]: 	Command:
[gzserver-1] [INFO] [1789640221.190860278] [gazebo_ros2_control]: 		 velocity
[gzserver-1] [INFO] [1789640221.190958993] [gazebo_ros2_control]: Loading joint: wheel_rear_drive_joint
[gzserver-1] [INFO] [1789640221.190972209] [gazebo_ros2_control]: 	State:
[gzserver-1] [INFO] [1789640221.190980758] [gazebo_ros2_control]: 		 position
[gzserver-1] [INFO] [1789640221.190989086] [gazebo_ros2_control]: 		 velocity
[gzserver-1] [INFO] [1789640221.190997467] [gazebo_ros2_control]: 	Command:
[gzserver-1] [INFO] [1789640221.191010541] [gazebo_ros2_control]: 		 velocity
[gzserver-1] [INFO] [1789640221.191272442] [resource_manager]: Initialize hardware 'GazeboSystem' 
[gzserver-1] [INFO] [1789640221.191487227] [resource_manager]: Successful initialization of hardware 'GazeboSystem'
[gzserver-1] [INFO] [1789640221.191629737] [resource_manager]: 'configure' hardware 'GazeboSystem' 
[gzserver-1] [INFO] [1789640221.196207806] [resource_manager]: Successful 'configure' of hardware 'GazeboSystem'
[gzserver-1] [INFO] [1789640221.196222861] [resource_manager]: 'activate' hardware 'GazeboSystem' 
[gzserver-1] [INFO] [1789640221.196230434] [resource_manager]: Successful 'activate' of hardware 'GazeboSystem'
[gzserver-1] [INFO] [1789640221.196450647] [gazebo_ros2_control]: Loading controller_manager
[controller_server-8] [INFO] [1789640221.389056844] [local_costmap.local_costmap]: Timed out waiting for transform from base_footprint to odom to become available, tf error: Invalid frame ID "odom" passed to canTransform argument target_frame - frame does not exist
[gzserver-1] [WARN] [1789640221.467956922] [gazebo_ros2_control]:  Desired controller update period (0.01 s) is slower than the gazebo simulation period (0.001 s).
[gzserver-1] [INFO] [1789640221.469383459] [gazebo_ros2_control]: Loaded gazebo_ros2_control.
[controller_server-8] [INFO] [1789640221.895871057] [local_costmap.local_costmap]: start
[controller_server-8] [INFO] [1789640222.091179544] [controller_server]: Creating bond (controller_server) to lifecycle manager.
[lifecycle_manager-13] [INFO] [1789640222.344339530] [lifecycle_manager_navigation]: Server controller_server connected with bond.
[lifecycle_manager-13] [INFO] [1789640222.345307377] [lifecycle_manager_navigation]: [34m[1mActivating planner_server[0m[0m
[planner_server-9] [INFO] [1789640222.349415758] [planner_server]: Activating
[planner_server-9] [INFO] [1789640222.349487795] [global_costmap.global_costmap]: Activating
[planner_server-9] [INFO] [1789640222.349497228] [global_costmap.global_costmap]: Checking transform
[planner_server-9] [INFO] [1789640222.349517240] [global_costmap.global_costmap]: Timed out waiting for transform from base_footprint to map to become available, tf error: Invalid frame ID "map" passed to canTransform argument target_frame - frame does not exist
[planner_server-9] [INFO] [1789640222.863473393] [global_costmap.global_costmap]: start
[gzserver-1] [INFO] [1789640223.125442619] [controller_manager]: Loading controller 'joint_state_broadcaster'
[planner_server-9] [INFO] [1789640223.398918504] [planner_server]: Activating plugin GridBased of type NavfnPlanner
[planner_server-9] [INFO] [1789640223.418040867] [planner_server]: Creating bond (planner_server) to lifecycle manager.
[spawner-15] [INFO] [1789640223.423272639] [spawn_joint_state_broadcaster]: [94mLoaded [1mjoint_state_broadcaster[0m
[gzserver-1] [INFO] [1789640223.443474064] [controller_manager]: Configuring controller 'joint_state_broadcaster'
[gzserver-1] [INFO] [1789640223.445493078] [joint_state_broadcaster]: 'joints' or 'interfaces' parameter is empty. All available state interfaces will be published
[lifecycle_manager-13] [INFO] [1789640223.539804722] [lifecycle_manager_navigation]: Server planner_server connected with bond.
[lifecycle_manager-13] [INFO] [1789640223.539929482] [lifecycle_manager_navigation]: [34m[1mActivating behavior_server[0m[0m
[behavior_server-10] [INFO] [1789640223.546652694] [behavior_server]: Activating
[behavior_server-10] [INFO] [1789640223.546839826] [behavior_server]: Activating spin
[behavior_server-10] [INFO] [1789640223.546864859] [behavior_server]: Activating backup
[behavior_server-10] [INFO] [1789640223.546878994] [behavior_server]: Activating drive_on_heading
[behavior_server-10] [INFO] [1789640223.546890781] [behavior_server]: Activating wait
[behavior_server-10] [INFO] [1789640223.546909385] [behavior_server]: Creating bond (behavior_server) to lifecycle manager.
[lifecycle_manager-13] [INFO] [1789640223.676179520] [lifecycle_manager_navigation]: Server behavior_server connected with bond.
[lifecycle_manager-13] [INFO] [1789640223.676233561] [lifecycle_manager_navigation]: [34m[1mActivating bt_navigator[0m[0m
[bt_navigator-11] [INFO] [1789640223.678687199] [bt_navigator]: Activating
[spawner-15] [INFO] [1789640223.891618817] [spawn_joint_state_broadcaster]: [92mConfigured and activated [1mjoint_state_broadcaster[0m
[INFO] [spawner-15]: process has finished cleanly [pid 169586]
[INFO] [spawner-16]: process started with pid [169634]
[bt_navigator-11] [INFO] [1789640224.422592322] [bt_navigator]: Creating bond (bt_navigator) to lifecycle manager.
[lifecycle_manager-13] [INFO] [1789640224.555985089] [lifecycle_manager_navigation]: Server bt_navigator connected with bond.
[lifecycle_manager-13] [INFO] [1789640224.556064455] [lifecycle_manager_navigation]: [34m[1mActivating waypoint_follower[0m[0m
[waypoint_follower-12] [INFO] [1789640224.560320040] [waypoint_follower]: Activating
[waypoint_follower-12] [INFO] [1789640224.560385323] [waypoint_follower]: Creating bond (waypoint_follower) to lifecycle manager.
[lifecycle_manager-13] [INFO] [1789640224.693211665] [lifecycle_manager_navigation]: Server waypoint_follower connected with bond.
[lifecycle_manager-13] [INFO] [1789640224.697176926] [lifecycle_manager_navigation]: [34m[1mManaged nodes are active[0m[0m
[lifecycle_manager-13] [INFO] [1789640224.697209055] [lifecycle_manager_navigation]: [34m[1mCreating bond timer...[0m[0m
[spawner-16] [INFO] [1789640225.745518236] [spawn_steering_controller]: waiting for service /controller_manager/list_controllers to become available...
[gzserver-1] [INFO] [1789640226.337834298] [controller_manager]: Loading controller 'steering_controller'
[spawner-16] [INFO] [1789640226.904932141] [spawn_steering_controller]: [94mLoaded [1msteering_controller[0m
[gzserver-1] [INFO] [1789640226.922322492] [controller_manager]: Configuring controller 'steering_controller'
[gzserver-1] [INFO] [1789640226.932098316] [steering_controller]: configure successful
[gzserver-1] [INFO] [1789640226.982387729] [steering_controller]: activate successful
[spawner-16] [INFO] [1789640226.998509550] [spawn_steering_controller]: [92mConfigured and activated [1msteering_controller[0m
[INFO] [spawner-16]: process has finished cleanly [pid 169634]
[INFO] [spawner-17]: process started with pid [169684]
[spawner-17] [INFO] [1789640228.737365373] [spawn_drive_controller]: waiting for service /controller_manager/list_controllers to become available...
[gzserver-1] [INFO] [1789640231.287715043] [controller_manager]: Loading controller 'drive_controller'
[spawner-17] [INFO] [1789640231.708939856] [spawn_drive_controller]: [94mLoaded [1mdrive_controller[0m
[gzserver-1] [INFO] [1789640231.718674023] [controller_manager]: Configuring controller 'drive_controller'
[gzserver-1] [INFO] [1789640231.726003308] [drive_controller]: configure successful
[gzserver-1] [INFO] [1789640231.778001157] [drive_controller]: activate successful
[spawner-17] [INFO] [1789640231.797958477] [spawn_drive_controller]: [92mConfigured and activated [1mdrive_controller[0m
[INFO] [spawner-17]: process has finished cleanly [pid 169684]
[INFO] [swerve_controller_node-18]: process started with pid [169768]
[INFO] [swerve_odometry_node-19]: process started with pid [169770]
[swerve_controller_node-18] [INFO] [1789640233.640823488] [swerve_controller]: Swerve controller ready: radius=0.0675 m, modules={'front': (0.300042, 0.0), 'rear': (-0.300042, 0.0)}
[swerve_odometry_node-19] [INFO] [1789640234.238469721] [swerve_odometry]: Encoder odometry ready: radius=0.0637 m, velocity_sign=+1.0
[behavior_server-10] [INFO] [1789640284.951078117] [rclcpp]: signal_handler(signum=2)
[bt_navigator-11] [INFO] [1789640284.951189858] [rclcpp]: signal_handler(signum=2)
[waypoint_follower-12] [INFO] [1789640284.951213769] [rclcpp]: signal_handler(signum=2)
[lifecycle_manager-13] [INFO] [1789640284.951306434] [rclcpp]: signal_handler(signum=2)
[bt_navigator-11] [INFO] [1789640284.951799326] [bt_navigator]: Running Nav2 LifecycleNode rcl preshutdown (bt_navigator)
[bt_navigator-11] [INFO] [1789640284.951909872] [bt_navigator]: Deactivating
[bt_navigator-11] [INFO] [1789640284.951945898] [bt_navigator]: Destroying bond (bt_navigator) to lifecycle manager.
[WARNING] [launch]: user interrupted with ctrl-c (SIGINT)
[behavior_server-10] [INFO] [1789640284.952565805] [behavior_server]: Running Nav2 LifecycleNode rcl preshutdown (behavior_server)
[behavior_server-10] [INFO] [1789640284.952709092] [behavior_server]: Deactivating
[behavior_server-10] [INFO] [1789640284.952747840] [behavior_server]: Destroying bond (behavior_server) to lifecycle manager.
[lifecycle_manager-13] [INFO] [1789640284.955730394] [lifecycle_manager_navigation]: [34m[1mTerminating bond timer...[0m[0m
[controller_server-8] [INFO] [1789640284.954294714] [rclcpp]: signal_handler(signum=2)
[map_server-7] [INFO] [1789640284.954381948] [rclcpp]: signal_handler(signum=2)
[map_server-7] [INFO] [1789640284.954588393] [map_server]: Running Nav2 LifecycleNode rcl preshutdown (map_server)
[map_server-7] [INFO] [1789640284.954677137] [map_server]: Deactivating
[map_server-7] [INFO] [1789640284.954705919] [map_server]: Destroying bond (map_server) to lifecycle manager.
[ekf_node-4] [INFO] [1789640284.954929885] [rclcpp]: signal_handler(signum=2)
[robot_state_publisher-2] [INFO] [1789640284.955001986] [rclcpp]: signal_handler(signum=2)
[ekf_node-6] [INFO] [1789640284.955221884] [rclcpp]: signal_handler(signum=2)
[planner_server-9] [INFO] [1789640284.955477299] [rclcpp]: signal_handler(signum=2)
[planner_server-9] [INFO] [1789640284.957122320] [planner_server]: Running Nav2 LifecycleNode rcl preshutdown (planner_server)
[planner_server-9] [INFO] [1789640284.957207535] [planner_server]: Deactivating
[planner_server-9] [INFO] [1789640284.957245676] [global_costmap.global_costmap]: Deactivating
[waypoint_follower-12] [INFO] [1789640284.960461548] [waypoint_follower]: Running Nav2 LifecycleNode rcl preshutdown (waypoint_follower)
[waypoint_follower-12] [INFO] [1789640284.960565686] [waypoint_follower]: Deactivating
[waypoint_follower-12] [INFO] [1789640284.960596957] [waypoint_follower]: Destroying bond (waypoint_follower) to lifecycle manager.
[controller_server-8] [INFO] [1789640284.962864746] [controller_server]: Running Nav2 LifecycleNode rcl preshutdown (controller_server)
[controller_server-8] [INFO] [1789640284.962975808] [controller_server]: Deactivating
[controller_server-8] [INFO] [1789640284.963030657] [local_costmap.local_costmap]: Deactivating
[INFO] [swerve_odometry_node-19]: sending signal 'SIGINT' to process[swerve_odometry_node-19]
[INFO] [swerve_controller_node-18]: sending signal 'SIGINT' to process[swerve_controller_node-18]
[INFO] [lifecycle_manager-13]: sending signal 'SIGINT' to process[lifecycle_manager-13]
[INFO] [waypoint_follower-12]: sending signal 'SIGINT' to process[waypoint_follower-12]
[INFO] [bt_navigator-11]: sending signal 'SIGINT' to process[bt_navigator-11]
[INFO] [behavior_server-10]: sending signal 'SIGINT' to process[behavior_server-10]
[INFO] [planner_server-9]: sending signal 'SIGINT' to process[planner_server-9]
[INFO] [controller_server-8]: sending signal 'SIGINT' to process[controller_server-8]
[INFO] [map_server-7]: sending signal 'SIGINT' to process[map_server-7]
[INFO] [ekf_node-6]: sending signal 'SIGINT' to process[ekf_node-6]
[INFO] [v30e_sim_node-5]: sending signal 'SIGINT' to process[v30e_sim_node-5]
[INFO] [ekf_node-4]: sending signal 'SIGINT' to process[ekf_node-4]
[INFO] [robot_state_publisher-2]: sending signal 'SIGINT' to process[robot_state_publisher-2]
[ERROR] [ekf_node-6]: process has died [pid 169079, exit code -2, cmd '/opt/ros/humble/lib/robot_localization/ekf_node --ros-args -r __node:=ekf_v30e --params-file /home/yahboom/swerve_bringup/install/swerve_bringup/share/swerve_bringup/config/v30e_localization_ekf.yaml --params-file /tmp/launch_params_yrn6h34t -r odometry/filtered:=/odometry/v30e'].
[INFO] [gzserver-1]: sending signal 'SIGINT' to process[gzserver-1]
[bt_navigator-11] [INFO] [1789640284.983424953] [bt_navigator]: Cleaning up
[swerve_odometry_node-19] Traceback (most recent call last):
[swerve_odometry_node-19]   File "/home/yahboom/swerve_bringup/install/swerve_bringup/lib/swerve_bringup/swerve_odometry_node", line 221, in <module>
[swerve_odometry_node-19]     main()
[swerve_odometry_node-19]   File "/home/yahboom/swerve_bringup/install/swerve_bringup/lib/swerve_bringup/swerve_odometry_node", line 215, in main
[swerve_odometry_node-19]     node.destroy_node()
[swerve_odometry_node-19]   File "/opt/ros/humble/local/lib/python3.10/dist-packages/rclpy/node.py", line 1685, in destroy_node
[swerve_odometry_node-19]     self.destroy_publisher(self._publishers[0])
[swerve_odometry_node-19]   File "/opt/ros/humble/local/lib/python3.10/dist-packages/rclpy/node.py", line 1565, in destroy_publisher
[swerve_odometry_node-19]     publisher.destroy()
[swerve_odometry_node-19]   File "/opt/ros/humble/local/lib/python3.10/dist-packages/rclpy/publisher.py", line 99, in destroy
[swerve_odometry_node-19]     self.__publisher.destroy_when_not_in_use()
[swerve_odometry_node-19] KeyboardInterrupt
[swerve_controller_node-18] Traceback (most recent call last):
[swerve_controller_node-18]   File "/home/yahboom/swerve_bringup/install/swerve_bringup/lib/swerve_bringup/swerve_controller_node", line 192, in <module>
[swerve_controller_node-18]     main()
[swerve_controller_node-18]   File "/home/yahboom/swerve_bringup/install/swerve_bringup/lib/swerve_bringup/swerve_controller_node", line 184, in main
[swerve_controller_node-18]     node.steer_pub.publish(Float64MultiArray(data=[
[swerve_controller_node-18]   File "/opt/ros/humble/local/lib/python3.10/dist-packages/rclpy/publisher.py", line 70, in publish
[swerve_controller_node-18]     self.__publisher.publish(msg)
[swerve_controller_node-18] rclpy._rclpy_pybind11.RCLError: Failed to publish: publisher's context is invalid, at ./src/rcl/publisher.c:389
[swerve_controller_node-18] Error in sys.excepthook:
[swerve_controller_node-18] Traceback (most recent call last):
[swerve_controller_node-18]   File "/usr/lib/python3/dist-packages/apport_python_hook.py", line 72, in apport_excepthook
[swerve_controller_node-18]     from apport.fileutils import likely_packaged, get_recent_crashes
[swerve_controller_node-18]   File "/usr/lib/python3/dist-packages/apport/__init__.py", line 5, in <module>
[swerve_controller_node-18]     from apport.report import Report
[swerve_controller_node-18]   File "/usr/lib/python3/dist-packages/apport/report.py", line 21, in <module>
[swerve_controller_node-18]     from urllib.request import urlopen
[swerve_controller_node-18]   File "<frozen importlib._bootstrap>", line 1027, in _find_and_load
[swerve_controller_node-18]   File "<frozen importlib._bootstrap>", line 1006, in _find_and_load_unlocked
[swerve_controller_node-18]   File "<frozen importlib._bootstrap>", line 688, in _load_unlocked
[swerve_controller_node-18]   File "<frozen importlib._bootstrap_external>", line 879, in exec_module
[swerve_controller_node-18]   File "<frozen importlib._bootstrap_external>", line 975, in get_code
[swerve_controller_node-18]   File "<frozen importlib._bootstrap_external>", line 1074, in get_data
[swerve_controller_node-18] KeyboardInterrupt
[swerve_controller_node-18] 
[swerve_controller_node-18] Original exception was:
[swerve_controller_node-18] Traceback (most recent call last):
[swerve_controller_node-18]   File "/home/yahboom/swerve_bringup/install/swerve_bringup/lib/swerve_bringup/swerve_controller_node", line 192, in <module>
[swerve_controller_node-18]     main()
[swerve_controller_node-18]   File "/home/yahboom/swerve_bringup/install/swerve_bringup/lib/swerve_bringup/swerve_controller_node", line 184, in main
[swerve_controller_node-18]     node.steer_pub.publish(Float64MultiArray(data=[
[swerve_controller_node-18]   File "/opt/ros/humble/local/lib/python3.10/dist-packages/rclpy/publisher.py", line 70, in publish
[swerve_controller_node-18]     self.__publisher.publish(msg)
[swerve_controller_node-18] rclpy._rclpy_pybind11.RCLError: Failed to publish: publisher's context is invalid, at ./src/rcl/publisher.c:389
[controller_server-8] [INFO] [1789640285.019927648] [controller_server]: Destroying bond (controller_server) to lifecycle manager.
[waypoint_follower-12] [INFO] [1789640285.023472511] [rclcpp]: signal_handler(signum=2)
[lifecycle_manager-13] [INFO] [1789640285.027077668] [rclcpp]: signal_handler(signum=2)
[map_server-7] [INFO] [1789640285.030450747] [map_server]: Cleaning up
[map_server-7] [INFO] [1789640285.031848181] [map_server]: Destroying bond (map_server) to lifecycle manager.
[bt_navigator-11] [INFO] [1789640285.032685195] [rclcpp]: signal_handler(signum=2)
[behavior_server-10] [INFO] [1789640285.042986825] [rclcpp]: signal_handler(signum=2)
[behavior_server-10] [INFO] [1789640285.043771972] [behavior_server]: Cleaning up
[planner_server-9] [INFO] [1789640285.044098700] [rclcpp]: signal_handler(signum=2)
[controller_server-8] [INFO] [1789640285.048706942] [rclcpp]: signal_handler(signum=2)
[map_server-7] [INFO] [1789640285.058373630] [rclcpp]: signal_handler(signum=2)
[v30e_sim_node-5] Traceback (most recent call last):
[v30e_sim_node-5]   File "/home/yahboom/swerve_bringup/install/swerve_bringup/lib/swerve_bringup/v30e_sim_node", line 188, in <module>
[v30e_sim_node-5]     if __name__ == '__main__': main()
[v30e_sim_node-5]   File "/home/yahboom/swerve_bringup/install/swerve_bringup/lib/swerve_bringup/v30e_sim_node", line 185, in main
[v30e_sim_node-5]     node.destroy_node(); rclpy.shutdown()
[v30e_sim_node-5]   File "/opt/ros/humble/local/lib/python3.10/dist-packages/rclpy/node.py", line 1685, in destroy_node
[v30e_sim_node-5]     self.destroy_publisher(self._publishers[0])
[v30e_sim_node-5]   File "/opt/ros/humble/local/lib/python3.10/dist-packages/rclpy/node.py", line 1565, in destroy_publisher
[v30e_sim_node-5]     publisher.destroy()
[v30e_sim_node-5]   File "/opt/ros/humble/local/lib/python3.10/dist-packages/rclpy/publisher.py", line 99, in destroy
[v30e_sim_node-5]     self.__publisher.destroy_when_not_in_use()
[v30e_sim_node-5] KeyboardInterrupt
[waypoint_follower-12] [INFO] [1789640285.078261410] [waypoint_follower]: Cleaning up
[waypoint_follower-12] [INFO] [1789640285.086887868] [waypoint_follower]: Destroying bond (waypoint_follower) to lifecycle manager.
[robot_state_publisher-2] [INFO] [1789640285.093845981] [rclcpp]: signal_handler(signum=2)
[controller_server-8] [INFO] [1789640285.107463272] [controller_server]: Cleaning up
[controller_server-8] [INFO] [1789640285.107630942] [local_costmap.local_costmap]: Cleaning up
[ERROR] [ekf_node-4]: process has died [pid 169069, exit code -2, cmd '/opt/ros/humble/lib/robot_localization/ekf_node --ros-args -r __node:=ekf_filter_node --params-file /home/yahboom/swerve_bringup/install/swerve_bringup/share/swerve_bringup/config/ekf.yaml --params-file /tmp/launch_params_2ezdgkir -r /odom:=/odom -r /imu/data:=/imu/data'].
[waypoint_follower-12] [INFO] [1789640285.118516995] [waypoint_follower]: Destroying
[map_server-7] [INFO] [1789640285.158156764] [map_server]: Destroying
[behavior_server-10] [INFO] [1789640285.243531462] [behavior_server]: Destroying bond (behavior_server) to lifecycle manager.
[ERROR] [v30e_sim_node-5]: process has died [pid 169077, exit code -2, cmd '/home/yahboom/swerve_bringup/install/swerve_bringup/lib/swerve_bringup/v30e_sim_node --ros-args -r __node:=v30e_sim_node --params-file /home/yahboom/swerve_bringup/install/swerve_bringup/share/swerve_bringup/config/v30e_sim.yaml --params-file /tmp/launch_params_jxhp43ut'].
[ERROR] [swerve_odometry_node-19]: process has died [pid 169770, exit code -2, cmd '/home/yahboom/swerve_bringup/install/swerve_bringup/lib/swerve_bringup/swerve_odometry_node --ros-args -r __node:=swerve_odometry --params-file /home/yahboom/swerve_bringup/install/swerve_bringup/share/swerve_bringup/config/swerve_odometry.yaml --params-file /tmp/launch_params_200l0wsu'].
[behavior_server-10] [INFO] [1789640285.363560411] [behavior_server]: Destroying
[INFO] [robot_state_publisher-2]: process has finished cleanly [pid 169063]
[planner_server-9] [INFO] [1789640285.370534789] [planner_server]: Deactivating plugin GridBased of type NavfnPlanner
[planner_server-9] [INFO] [1789640285.370595817] [planner_server]: Destroying bond (planner_server) to lifecycle manager.
[planner_server-9] [INFO] [1789640285.381072631] [planner_server]: Cleaning up
[INFO] [waypoint_follower-12]: process has finished cleanly [pid 169095]
[lifecycle_manager-13] [INFO] [1789640285.407416754] [lifecycle_manager_navigation]: Destroying lifecycle_manager_navigation
[planner_server-9] [INFO] [1789640285.413336051] [global_costmap.global_costmap]: Cleaning up
[planner_server-9] [INFO] [1789640285.433180683] [planner_server]: Cleaning up plugin GridBased of type NavfnPlanner
[planner_server-9] [INFO] [1789640285.435148789] [planner_server]: Destroying plugin GridBased of type NavfnPlanner
[controller_server-8] [INFO] [1789640285.444706601] [controller_server]: Destroying bond (controller_server) to lifecycle manager.
[INFO] [map_server-7]: process has finished cleanly [pid 169082]
[controller_server-8] [INFO] [1789640285.454891879] [local_costmap.local_costmap]: Destroying
[planner_server-9] [INFO] [1789640285.471677153] [planner_server]: Destroying bond (planner_server) to lifecycle manager.
[ERROR] [swerve_controller_node-18]: process has died [pid 169768, exit code 1, cmd '/home/yahboom/swerve_bringup/install/swerve_bringup/lib/swerve_bringup/swerve_controller_node --ros-args -r __node:=swerve_controller --params-file /home/yahboom/swerve_bringup/install/swerve_bringup/share/swerve_bringup/config/swerve_controller.yaml --params-file /tmp/launch_params_9xv2phau'].
[controller_server-8] [INFO] [1789640285.478095323] [controller_server]: Destroying
[planner_server-9] [INFO] [1789640285.486632577] [global_costmap.global_costmap]: Destroying
[planner_server-9] [INFO] [1789640285.516249060] [planner_server]: Destroying
[bt_navigator-11] [INFO] [1789640285.529885948] [bt_navigator]: Completed Cleaning up
[bt_navigator-11] [INFO] [1789640285.529990717] [bt_navigator]: Destroying bond (bt_navigator) to lifecycle manager.
[INFO] [behavior_server-10]: process has finished cleanly [pid 169088]
[bt_navigator-11] [INFO] [1789640285.556005878] [bt_navigator]: Destroying
[INFO] [lifecycle_manager-13]: process has finished cleanly [pid 169107]
[INFO] [controller_server-8]: process has finished cleanly [pid 169084]
[INFO] [planner_server-9]: process has finished cleanly [pid 169086]
[INFO] [bt_navigator-11]: process has finished cleanly [pid 169090]
[INFO] [gzserver-1]: process has finished cleanly [pid 169061]
