-- Install configuration: ""
-- Up-to-date: /tmp/swerve_phase5_install/swerve_bringup/share/swerve_bringup/urdf
-- Up-to-date: /tmp/swerve_phase5_install/swerve_bringup/share/swerve_bringup/urdf/swerve_base.urdf
-- Up-to-date: /tmp/swerve_phase5_install/swerve_bringup/share/swerve_bringup/meshes
-- Up-to-date: /tmp/swerve_phase5_install/swerve_bringup/share/swerve_bringup/meshes/steer_front_wheel_v2.stl
-- Up-to-date: /tmp/swerve_phase5_install/swerve_bringup/share/swerve_bringup/meshes/steer_front_housing_v2.stl
-- Up-to-date: /tmp/swerve_phase5_install/swerve_bringup/share/swerve_bringup/meshes/base_frame.stl
-- Up-to-date: /tmp/swerve_phase5_install/swerve_bringup/share/swerve_bringup/meshes/steer_rear_wheel_v2.stl
-- Up-to-date: /tmp/swerve_phase5_install/swerve_bringup/share/swerve_bringup/meshes/steer_rear_housing_v2.stl
-- Up-to-date: /tmp/swerve_phase5_install/swerve_bringup/share/swerve_bringup/launch
-- Up-to-date: /tmp/swerve_phase5_install/swerve_bringup/share/swerve_bringup/launch/__pycache__
-- Up-to-date: /tmp/swerve_phase5_install/swerve_bringup/share/swerve_bringup/launch/__pycache__/display.launch.cpython-310.pyc
-- Up-to-date: /tmp/swerve_phase5_install/swerve_bringup/share/swerve_bringup/launch/__pycache__/gazebo.launch.cpython-310.pyc
-- Up-to-date: /tmp/swerve_phase5_install/swerve_bringup/share/swerve_bringup/launch/display.launch.py
-- Installing: /tmp/swerve_phase5_install/swerve_bringup/share/swerve_bringup/launch/gazebo.launch.py
-- Up-to-date: /tmp/swerve_phase5_install/swerve_bringup/share/swerve_bringup/rviz
-- Up-to-date: /tmp/swerve_phase5_install/swerve_bringup/share/swerve_bringup/rviz/swerve.rviz
-- Up-to-date: /tmp/swerve_phase5_install/swerve_bringup/share/swerve_bringup/worlds
-- Up-to-date: /tmp/swerve_phase5_install/swerve_bringup/share/swerve_bringup/worlds/test.world
-- Up-to-date: /tmp/swerve_phase5_install/swerve_bringup/share/swerve_bringup/config
-- Up-to-date: /tmp/swerve_phase5_install/swerve_bringup/share/swerve_bringup/config/lidar.yaml
-- Up-to-date: /tmp/swerve_phase5_install/swerve_bringup/share/swerve_bringup/config/controllers.yaml
-- Up-to-date: /tmp/swerve_phase5_install/swerve_bringup/share/swerve_bringup/config/imu.yaml
-- Up-to-date: /tmp/swerve_phase5_install/swerve_bringup/share/swerve_bringup/config/swerve_controller.yaml
-- Up-to-date: /tmp/swerve_phase5_install/swerve_bringup/share/swerve_bringup/config/swerve_odometry.yaml
-- Up-to-date: /tmp/swerve_phase5_install/swerve_bringup/lib/swerve_bringup/swerve_controller_node
-- Up-to-date: /tmp/swerve_phase5_install/swerve_bringup/lib/swerve_bringup/swerve_odometry_node
-- Up-to-date: /tmp/swerve_phase5_install/swerve_bringup/share/ament_index/resource_index/package_run_dependencies/swerve_bringup
-- Up-to-date: /tmp/swerve_phase5_install/swerve_bringup/share/ament_index/resource_index/parent_prefix_path/swerve_bringup
-- Up-to-date: /tmp/swerve_phase5_install/swerve_bringup/share/swerve_bringup/environment/ament_prefix_path.sh
-- Up-to-date: /tmp/swerve_phase5_install/swerve_bringup/share/swerve_bringup/environment/ament_prefix_path.dsv
-- Up-to-date: /tmp/swerve_phase5_install/swerve_bringup/share/swerve_bringup/environment/path.sh
-- Up-to-date: /tmp/swerve_phase5_install/swerve_bringup/share/swerve_bringup/environment/path.dsv
-- Up-to-date: /tmp/swerve_phase5_install/swerve_bringup/share/swerve_bringup/local_setup.bash
-- Up-to-date: /tmp/swerve_phase5_install/swerve_bringup/share/swerve_bringup/local_setup.sh
-- Up-to-date: /tmp/swerve_phase5_install/swerve_bringup/share/swerve_bringup/local_setup.zsh
-- Up-to-date: /tmp/swerve_phase5_install/swerve_bringup/share/swerve_bringup/local_setup.dsv
-- Up-to-date: /tmp/swerve_phase5_install/swerve_bringup/share/swerve_bringup/package.dsv
-- Up-to-date: /tmp/swerve_phase5_install/swerve_bringup/share/ament_index/resource_index/packages/swerve_bringup
-- Up-to-date: /tmp/swerve_phase5_install/swerve_bringup/share/swerve_bringup/cmake/swerve_bringupConfig.cmake
-- Up-to-date: /tmp/swerve_phase5_install/swerve_bringup/share/swerve_bringup/cmake/swerve_bringupConfig-version.cmake
-- Up-to-date: /tmp/swerve_phase5_install/swerve_bringup/share/swerve_bringup/package.xml
