[INFO] [launch]: All log files can be found below /home/yahboom/.ros/log/2026-09-17-16-40-10-094029-yahboom-virtual-machine-144509
[INFO] [launch]: Default logging verbosity is set to INFO
[INFO] [gzserver-1]: process started with pid [144540]
[INFO] [robot_state_publisher-2]: process started with pid [144542]
[INFO] [spawn_entity.py-3]: process started with pid [144544]
[INFO] [ekf_node-4]: process started with pid [144546]
[INFO] [v30e_sim_node-5]: process started with pid [144548]
[INFO] [ekf_node-6]: process started with pid [144550]
[INFO] [map_server-7]: process started with pid [144552]
[INFO] [controller_server-8]: process started with pid [144566]
[INFO] [planner_server-9]: process started with pid [144573]
[INFO] [behavior_server-10]: process started with pid [144575]
[INFO] [bt_navigator-11]: process started with pid [144580]
[INFO] [waypoint_follower-12]: process started with pid [144596]
[INFO] [lifecycle_manager-13]: process started with pid [144608]
[INFO] [swerve_bridge_node-14]: process started with pid [144615]
[robot_state_publisher-2] [INFO] [1789634413.152150810] [robot_state_publisher]: got segment base_footprint
[robot_state_publisher-2] [INFO] [1789634413.152287780] [robot_state_publisher]: got segment base_link
[robot_state_publisher-2] [INFO] [1789634413.152300314] [robot_state_publisher]: got segment imu_link
[robot_state_publisher-2] [INFO] [1789634413.152308618] [robot_state_publisher]: got segment lidar_link
[robot_state_publisher-2] [INFO] [1789634413.152315923] [robot_state_publisher]: got segment steer_front_link
[robot_state_publisher-2] [INFO] [1789634413.152323278] [robot_state_publisher]: got segment steer_rear_link
[robot_state_publisher-2] [INFO] [1789634413.152330334] [robot_state_publisher]: got segment v30e_link
[robot_state_publisher-2] [INFO] [1789634413.152337384] [robot_state_publisher]: got segment wheel_front_drive_link
[robot_state_publisher-2] [INFO] [1789634413.152344850] [robot_state_publisher]: got segment wheel_front_left_link
[robot_state_publisher-2] [INFO] [1789634413.152352064] [robot_state_publisher]: got segment wheel_front_right_link
[robot_state_publisher-2] [INFO] [1789634413.152358921] [robot_state_publisher]: got segment wheel_rear_drive_link
[robot_state_publisher-2] [INFO] [1789634413.152365736] [robot_state_publisher]: got segment wheel_rear_left_link
[robot_state_publisher-2] [INFO] [1789634413.152372202] [robot_state_publisher]: got segment wheel_rear_right_link
[controller_server-8] [INFO] [1789634413.198571574] [controller_server]: 
[controller_server-8] 	controller_server lifecycle node launched. 
[controller_server-8] 	Waiting on external lifecycle transitions to activate
[controller_server-8] 	See https://design.ros2.org/articles/node_lifecycle.html for more information.
[controller_server-8] [INFO] [1789634413.216045343] [controller_server]: Creating controller server
[lifecycle_manager-13] [INFO] [1789634413.362869419] [lifecycle_manager_navigation]: Creating
[planner_server-9] [INFO] [1789634413.412606540] [planner_server]: 
[planner_server-9] 	planner_server lifecycle node launched. 
[planner_server-9] 	Waiting on external lifecycle transitions to activate
[planner_server-9] 	See https://design.ros2.org/articles/node_lifecycle.html for more information.
[planner_server-9] [INFO] [1789634413.419060150] [planner_server]: Creating
[lifecycle_manager-13] [INFO] [1789634413.439181988] [lifecycle_manager_navigation]: [34m[1mCreating and initializing lifecycle service clients[0m[0m
[behavior_server-10] [INFO] [1789634413.547407485] [behavior_server]: 
[behavior_server-10] 	behavior_server lifecycle node launched. 
[behavior_server-10] 	Waiting on external lifecycle transitions to activate
[behavior_server-10] 	See https://design.ros2.org/articles/node_lifecycle.html for more information.
[bt_navigator-11] [INFO] [1789634413.583583368] [bt_navigator]: 
[bt_navigator-11] 	bt_navigator lifecycle node launched. 
[bt_navigator-11] 	Waiting on external lifecycle transitions to activate
[bt_navigator-11] 	See https://design.ros2.org/articles/node_lifecycle.html for more information.
[bt_navigator-11] [INFO] [1789634413.583782012] [bt_navigator]: Creating
[waypoint_follower-12] [INFO] [1789634413.631051613] [waypoint_follower]: 
[waypoint_follower-12] 	waypoint_follower lifecycle node launched. 
[waypoint_follower-12] 	Waiting on external lifecycle transitions to activate
[waypoint_follower-12] 	See https://design.ros2.org/articles/node_lifecycle.html for more information.
[waypoint_follower-12] [INFO] [1789634413.634926393] [waypoint_follower]: Creating
[swerve_bridge_node-14] Traceback (most recent call last):
[swerve_bridge_node-14]   File "/home/yahboom/swerve_bringup/install/swerve_bridge/lib/swerve_bridge/swerve_bridge_node", line 33, in <module>
[swerve_bridge_node-14]     sys.exit(load_entry_point('swerve-bridge', 'console_scripts', 'swerve_bridge_node')())
[swerve_bridge_node-14]   File "/home/yahboom/swerve_bringup/install/swerve_bridge/lib/swerve_bridge/swerve_bridge_node", line 22, in importlib_load_entry_point
[swerve_bridge_node-14]     for entry_point in distribution(dist_name).entry_points
[swerve_bridge_node-14]   File "/usr/lib/python3.10/importlib/metadata/__init__.py", line 969, in distribution
[swerve_bridge_node-14]     return Distribution.from_name(distribution_name)
[swerve_bridge_node-14]   File "/usr/lib/python3.10/importlib/metadata/__init__.py", line 548, in from_name
[swerve_bridge_node-14]     raise PackageNotFoundError(name)
[swerve_bridge_node-14] importlib.metadata.PackageNotFoundError: No package metadata was found for swerve-bridge
[ERROR] [swerve_bridge_node-14]: process has died [pid 144615, exit code 1, cmd '/home/yahboom/swerve_bringup/install/swerve_bridge/lib/swerve_bridge/swerve_bridge_node --ros-args -r __node:=swerve_bridge --params-file /home/yahboom/swerve_bringup/install/swerve_bridge/share/swerve_bridge/config/bridge.yaml --params-file /tmp/launch_params_m283cpe5'].
[controller_server-8] [INFO] [1789634413.873853870] [local_costmap.local_costmap]: 
[controller_server-8] 	local_costmap lifecycle node launched. 
[controller_server-8] 	Waiting on external lifecycle transitions to activate
[controller_server-8] 	See https://design.ros2.org/articles/node_lifecycle.html for more information.
[controller_server-8] [INFO] [1789634413.879163250] [local_costmap.local_costmap]: Creating Costmap
[map_server-7] [INFO] [1789634413.940294708] [map_server]: 
[map_server-7] 	map_server lifecycle node launched. 
[map_server-7] 	Waiting on external lifecycle transitions to activate
[map_server-7] 	See https://design.ros2.org/articles/node_lifecycle.html for more information.
[map_server-7] [INFO] [1789634413.944554808] [map_server]: Creating
[planner_server-9] [INFO] [1789634413.974726271] [global_costmap.global_costmap]: 
[planner_server-9] 	global_costmap lifecycle node launched. 
[planner_server-9] 	Waiting on external lifecycle transitions to activate
[planner_server-9] 	See https://design.ros2.org/articles/node_lifecycle.html for more information.
[planner_server-9] [INFO] [1789634413.978779786] [global_costmap.global_costmap]: Creating Costmap
[lifecycle_manager-13] [INFO] [1789634414.055766098] [lifecycle_manager_navigation]: [34m[1mStarting managed nodes bringup...[0m[0m
[lifecycle_manager-13] [INFO] [1789634414.055840972] [lifecycle_manager_navigation]: [34m[1mConfiguring map_server[0m[0m
[map_server-7] [INFO] [1789634414.060292855] [map_server]: Configuring
[map_server-7] [INFO] [1789634414.060416777] [map_io]: Loading yaml file: /home/yahboom/swerve_bringup/install/swerve_bringup/share/swerve_bringup/swerve_navigation/maps/warehouse.yaml
[map_server-7] [INFO] [1789634414.060741190] [map_io]: resolution: 0.05
[map_server-7] [INFO] [1789634414.060759200] [map_io]: origin[0]: -17.2
[map_server-7] [INFO] [1789634414.060765339] [map_io]: origin[1]: -17.4
[map_server-7] [INFO] [1789634414.060770550] [map_io]: origin[2]: 0
[map_server-7] [INFO] [1789634414.060776363] [map_io]: free_thresh: 0.25
[map_server-7] [INFO] [1789634414.060781974] [map_io]: occupied_thresh: 0.65
[map_server-7] [INFO] [1789634414.060787944] [map_io]: mode: trinary
[map_server-7] [INFO] [1789634414.060793869] [map_io]: negate: 0
[map_server-7] [INFO] [1789634414.061133391] [map_io]: Loading image_file: /home/yahboom/swerve_bringup/install/swerve_bringup/share/swerve_bringup/swerve_navigation/maps/warehouse.pgm
[map_server-7] [INFO] [1789634414.170111231] [map_io]: Read map /home/yahboom/swerve_bringup/install/swerve_bringup/share/swerve_bringup/swerve_navigation/maps/warehouse.pgm: 676 X 680 map @ 0.05 m/cell
[lifecycle_manager-13] [INFO] [1789634414.213056251] [lifecycle_manager_navigation]: [34m[1mConfiguring controller_server[0m[0m
[controller_server-8] [INFO] [1789634414.218935099] [controller_server]: Configuring controller interface
[controller_server-8] [INFO] [1789634414.223407040] [controller_server]: getting goal checker plugins..
[controller_server-8] [INFO] [1789634414.227476673] [controller_server]: Controller frequency set to 10.0000Hz
[controller_server-8] [INFO] [1789634414.227571021] [local_costmap.local_costmap]: Configuring
[controller_server-8] [INFO] [1789634414.272685244] [local_costmap.local_costmap]: Using plugin "voxel_layer"
[controller_server-8] [INFO] [1789634414.297838664] [local_costmap.local_costmap]: Subscribed to Topics: lidar3d scan
[spawn_entity.py-3] [INFO] [1789634414.631629537] [spawn_swerve]: Spawn Entity started
[spawn_entity.py-3] [INFO] [1789634414.632090713] [spawn_swerve]: Loading entity published on topic robot_description
[spawn_entity.py-3] [INFO] [1789634414.635073350] [spawn_swerve]: Waiting for entity xml on robot_description
[controller_server-8] [INFO] [1789634415.146258235] [local_costmap.local_costmap]: Initialized plugin "voxel_layer"
[controller_server-8] [INFO] [1789634415.146326368] [local_costmap.local_costmap]: Using plugin "inflation_layer"
[controller_server-8] [INFO] [1789634415.165913863] [local_costmap.local_costmap]: Initialized plugin "inflation_layer"
[controller_server-8] [INFO] [1789634415.285931430] [controller_server]: Created progress_checker : progress_checker of type nav2_controller::SimpleProgressChecker
[controller_server-8] [INFO] [1789634415.286685103] [controller_server]: Created goal checker : general_goal_checker of type nav2_controller::SimpleGoalChecker
[controller_server-8] [INFO] [1789634415.288801335] [controller_server]: Controller Server has general_goal_checker  goal checkers available.
[controller_server-8] [INFO] [1789634415.294993016] [controller_server]: Created controller : FollowPath of type dwb_core::DWBLocalPlanner
[controller_server-8] [INFO] [1789634415.304510637] [controller_server]: Setting transform_tolerance to 0.200000
[spawn_entity.py-3] [INFO] [1789634415.370594044] [spawn_swerve]: Waiting for service /spawn_entity, timeout = 30
[spawn_entity.py-3] [INFO] [1789634415.371005140] [spawn_swerve]: Waiting for service /spawn_entity
[v30e_sim_node-5] [INFO] [1789634415.402752881] [v30e_sim_node]: Using Gazebo /get_entity_state internally; odometry is not a V30E measurement input
[controller_server-8] [INFO] [1789634415.417110078] [controller_server]: Using critic "RotateToGoal" (dwb_critics::RotateToGoalCritic)
[controller_server-8] [INFO] [1789634415.426523134] [controller_server]: Critic plugin initialized
[controller_server-8] [INFO] [1789634415.426778483] [controller_server]: Using critic "Oscillation" (dwb_critics::OscillationCritic)
[controller_server-8] [INFO] [1789634415.445793023] [controller_server]: Critic plugin initialized
[controller_server-8] [INFO] [1789634415.449950575] [controller_server]: Using critic "BaseObstacle" (dwb_critics::BaseObstacleCritic)
[controller_server-8] [INFO] [1789634415.459152379] [controller_server]: Critic plugin initialized
[controller_server-8] [INFO] [1789634415.461416124] [controller_server]: Using critic "GoalAlign" (dwb_critics::GoalAlignCritic)
[controller_server-8] [INFO] [1789634415.473213484] [controller_server]: Critic plugin initialized
[controller_server-8] [INFO] [1789634415.474699969] [controller_server]: Using critic "PathAlign" (dwb_critics::PathAlignCritic)
[controller_server-8] [INFO] [1789634415.478205882] [controller_server]: Critic plugin initialized
[controller_server-8] [INFO] [1789634415.482797923] [controller_server]: Using critic "PathDist" (dwb_critics::PathDistCritic)
[controller_server-8] [INFO] [1789634415.485175368] [controller_server]: Critic plugin initialized
[controller_server-8] [INFO] [1789634415.486743955] [controller_server]: Using critic "GoalDist" (dwb_critics::GoalDistCritic)
[controller_server-8] [INFO] [1789634415.489147088] [controller_server]: Critic plugin initialized
[controller_server-8] [INFO] [1789634415.489208122] [controller_server]: Controller Server has FollowPath  controllers available.
[lifecycle_manager-13] [INFO] [1789634415.568893679] [lifecycle_manager_navigation]: [34m[1mConfiguring planner_server[0m[0m
[planner_server-9] [INFO] [1789634415.575740078] [planner_server]: Configuring
[planner_server-9] [INFO] [1789634415.575838055] [global_costmap.global_costmap]: Configuring
[planner_server-9] [INFO] [1789634415.645595755] [global_costmap.global_costmap]: Using plugin "static_layer"
[planner_server-9] [INFO] [1789634415.660406580] [global_costmap.global_costmap]: Subscribing to the map topic (/map) with transient local durability
[planner_server-9] [INFO] [1789634415.671459980] [global_costmap.global_costmap]: Initialized plugin "static_layer"
[planner_server-9] [INFO] [1789634415.672015022] [global_costmap.global_costmap]: Using plugin "obstacle_layer"
[planner_server-9] [INFO] [1789634415.678171480] [global_costmap.global_costmap]: Subscribed to Topics: scan
[planner_server-9] [INFO] [1789634415.711859861] [global_costmap.global_costmap]: Initialized plugin "obstacle_layer"
[planner_server-9] [INFO] [1789634415.711929498] [global_costmap.global_costmap]: Using plugin "inflation_layer"
[planner_server-9] [INFO] [1789634415.713046616] [global_costmap.global_costmap]: Initialized plugin "inflation_layer"
[planner_server-9] [INFO] [1789634415.785240365] [planner_server]: Created global planner plugin GridBased of type nav2_navfn_planner/NavfnPlanner
[planner_server-9] [INFO] [1789634415.785391676] [planner_server]: Configuring plugin GridBased of type NavfnPlanner
[planner_server-9] [INFO] [1789634415.792626715] [planner_server]: Planner Server has GridBased  planners available.
[lifecycle_manager-13] [INFO] [1789634415.903113798] [lifecycle_manager_navigation]: [34m[1mConfiguring behavior_server[0m[0m
[behavior_server-10] [INFO] [1789634415.903849351] [behavior_server]: Configuring
[behavior_server-10] [INFO] [1789634415.958989580] [behavior_server]: Creating behavior plugin spin of type nav2_behaviors/Spin
[behavior_server-10] [INFO] [1789634415.960466404] [behavior_server]: Configuring spin
[behavior_server-10] [INFO] [1789634416.003795675] [behavior_server]: Creating behavior plugin backup of type nav2_behaviors/BackUp
[behavior_server-10] [INFO] [1789634416.007837483] [behavior_server]: Configuring backup
[behavior_server-10] [INFO] [1789634416.068619834] [behavior_server]: Creating behavior plugin drive_on_heading of type nav2_behaviors/DriveOnHeading
[behavior_server-10] [INFO] [1789634416.069603886] [behavior_server]: Configuring drive_on_heading
[behavior_server-10] [INFO] [1789634416.114395796] [behavior_server]: Creating behavior plugin wait of type nav2_behaviors/Wait
[behavior_server-10] [INFO] [1789634416.115454120] [behavior_server]: Configuring wait
[lifecycle_manager-13] [INFO] [1789634416.159157853] [lifecycle_manager_navigation]: [34m[1mConfiguring bt_navigator[0m[0m
[bt_navigator-11] [INFO] [1789634416.159607582] [bt_navigator]: Configuring
[lifecycle_manager-13] [INFO] [1789634416.600468228] [lifecycle_manager_navigation]: [34m[1mConfiguring waypoint_follower[0m[0m
[waypoint_follower-12] [INFO] [1789634416.601353837] [waypoint_follower]: Configuring
[waypoint_follower-12] [INFO] [1789634416.719251612] [waypoint_follower]: Created waypoint_task_executor : wait_at_waypoint of type nav2_waypoint_follower::WaitAtWaypoint
[waypoint_follower-12] [INFO] [1789634416.719691879] [waypoint_follower]: Waypoint pause duration is set to zero, disabling task executor plugin.
[lifecycle_manager-13] [INFO] [1789634416.729299845] [lifecycle_manager_navigation]: [34m[1mActivating map_server[0m[0m
[map_server-7] [INFO] [1789634416.729768166] [map_server]: Activating
[map_server-7] [INFO] [1789634416.730327431] [map_server]: Creating bond (map_server) to lifecycle manager.
[planner_server-9] [INFO] [1789634416.733008993] [global_costmap.global_costmap]: StaticLayer: Resizing costmap to 676 X 680 at 0.050000 m/pix
[lifecycle_manager-13] [INFO] [1789634416.841493799] [lifecycle_manager_navigation]: Server map_server connected with bond.
[lifecycle_manager-13] [INFO] [1789634416.841564904] [lifecycle_manager_navigation]: [34m[1mActivating controller_server[0m[0m
[controller_server-8] [INFO] [1789634416.843776434] [controller_server]: Activating
[controller_server-8] [INFO] [1789634416.843853559] [local_costmap.local_costmap]: Activating
[controller_server-8] [INFO] [1789634416.843874808] [local_costmap.local_costmap]: Checking transform
[controller_server-8] [INFO] [1789634416.843909479] [local_costmap.local_costmap]: Timed out waiting for transform from base_footprint to odom to become available, tf error: Invalid frame ID "odom" passed to canTransform argument target_frame - frame does not exist
[controller_server-8] [INFO] [1789634417.344745739] [local_costmap.local_costmap]: Timed out waiting for transform from base_footprint to odom to become available, tf error: Invalid frame ID "odom" passed to canTransform argument target_frame - frame does not exist
[controller_server-8] [INFO] [1789634417.848657108] [local_costmap.local_costmap]: Timed out waiting for transform from base_footprint to odom to become available, tf error: Invalid frame ID "odom" passed to canTransform argument target_frame - frame does not exist
[controller_server-8] [INFO] [1789634418.344096968] [local_costmap.local_costmap]: Timed out waiting for transform from base_footprint to odom to become available, tf error: Invalid frame ID "odom" passed to canTransform argument target_frame - frame does not exist
[controller_server-8] [INFO] [1789634418.844811419] [local_costmap.local_costmap]: Timed out waiting for transform from base_footprint to odom to become available, tf error: Invalid frame ID "odom" passed to canTransform argument target_frame - frame does not exist
[controller_server-8] [INFO] [1789634419.344273533] [local_costmap.local_costmap]: Timed out waiting for transform from base_footprint to odom to become available, tf error: Invalid frame ID "odom" passed to canTransform argument target_frame - frame does not exist
[controller_server-8] [INFO] [1789634419.844389879] [local_costmap.local_costmap]: Timed out waiting for transform from base_footprint to odom to become available, tf error: Invalid frame ID "odom" passed to canTransform argument target_frame - frame does not exist
[controller_server-8] [INFO] [1789634420.345009507] [local_costmap.local_costmap]: Timed out waiting for transform from base_footprint to odom to become available, tf error: Invalid frame ID "odom" passed to canTransform argument target_frame - frame does not exist
[controller_server-8] [INFO] [1789634420.844204149] [local_costmap.local_costmap]: Timed out waiting for transform from base_footprint to odom to become available, tf error: Invalid frame ID "odom" passed to canTransform argument target_frame - frame does not exist
[spawn_entity.py-3] [INFO] [1789634420.945426840] [spawn_swerve]: Calling service /spawn_entity
[gzserver-1] [INFO] [1789634420.997974875] [gazebo_ros_state]: Publishing states of gazebo models at [/model_states]
[gzserver-1] [INFO] [1789634421.008507046] [gazebo_ros_state]: Publishing states of gazebo links at [/link_states]
[gzserver-1] [ERROR] [1789634421.195961766] [gazebo_ros_state]: GetEntityState: entity [swerve_base] does not exist
[v30e_sim_node-5] [WARN] [1789634421.202089823] [v30e_sim_node]: get_entity_state failed: entity not available
[gzserver-1] [ERROR] [1789634421.251775678] [gazebo_ros_state]: GetEntityState: entity [swerve_base] does not exist
[gzserver-1] [ERROR] [1789634421.309745094] [gazebo_ros_state]: GetEntityState: entity [swerve_base] does not exist
[controller_server-8] [INFO] [1789634421.344131171] [local_costmap.local_costmap]: Timed out waiting for transform from base_footprint to odom to become available, tf error: Invalid frame ID "odom" passed to canTransform argument target_frame - frame does not exist
[gzserver-1] [ERROR] [1789634421.368880553] [gazebo_ros_state]: GetEntityState: entity [swerve_base] does not exist
[gzserver-1] [ERROR] [1789634421.426158362] [gazebo_ros_state]: GetEntityState: entity [swerve_base] does not exist
[gzserver-1] [ERROR] [1789634421.480865107] [gazebo_ros_state]: GetEntityState: entity [swerve_base] does not exist
[gzserver-1] [INFO] [1789634421.665028541] [imu.imu_ros]: <initial_orientation_as_reference> is unset, using default value of false to comply with REP 145 (world as orientation reference)
[controller_server-8] [INFO] [1789634421.844499199] [local_costmap.local_costmap]: Timed out waiting for transform from base_footprint to odom to become available, tf error: Invalid frame ID "odom" passed to canTransform argument target_frame - frame does not exist
[controller_server-8] [INFO] [1789634422.344796172] [local_costmap.local_costmap]: Timed out waiting for transform from base_footprint to odom to become available, tf error: Invalid frame ID "odom" passed to canTransform argument target_frame - frame does not exist
[controller_server-8] [INFO] [1789634422.844225545] [local_costmap.local_costmap]: Timed out waiting for transform from base_footprint to odom to become available, tf error: Invalid frame ID "odom" passed to canTransform argument target_frame - frame does not exist
[controller_server-8] [INFO] [1789634423.351753655] [local_costmap.local_costmap]: Timed out waiting for transform from base_footprint to odom to become available, tf error: Invalid frame ID "odom" passed to canTransform argument target_frame - frame does not exist
[controller_server-8] [INFO] [1789634423.845138825] [local_costmap.local_costmap]: Timed out waiting for transform from base_footprint to odom to become available, tf error: Invalid frame ID "odom" passed to canTransform argument target_frame - frame does not exist
[controller_server-8] [INFO] [1789634424.345941169] [local_costmap.local_costmap]: Timed out waiting for transform from base_footprint to odom to become available, tf error: Invalid frame ID "odom" passed to canTransform argument target_frame - frame does not exist
[controller_server-8] [INFO] [1789634424.844037226] [local_costmap.local_costmap]: Timed out waiting for transform from base_footprint to odom to become available, tf error: Invalid frame ID "odom" passed to canTransform argument target_frame - frame does not exist
[controller_server-8] [INFO] [1789634425.344904319] [local_costmap.local_costmap]: Timed out waiting for transform from base_footprint to odom to become available, tf error: Invalid frame ID "odom" passed to canTransform argument target_frame - frame does not exist
[controller_server-8] [INFO] [1789634425.844359648] [local_costmap.local_costmap]: Timed out waiting for transform from base_footprint to odom to become available, tf error: Invalid frame ID "odom" passed to canTransform argument target_frame - frame does not exist
[controller_server-8] [INFO] [1789634426.344168234] [local_costmap.local_costmap]: Timed out waiting for transform from base_footprint to odom to become available, tf error: Invalid frame ID "odom" passed to canTransform argument target_frame - frame does not exist
[controller_server-8] [INFO] [1789634426.844016714] [local_costmap.local_costmap]: Timed out waiting for transform from base_footprint to odom to become available, tf error: Invalid frame ID "odom" passed to canTransform argument target_frame - frame does not exist
[controller_server-8] [INFO] [1789634427.346109462] [local_costmap.local_costmap]: Timed out waiting for transform from base_footprint to odom to become available, tf error: Invalid frame ID "odom" passed to canTransform argument target_frame - frame does not exist
[controller_server-8] [INFO] [1789634427.864844120] [local_costmap.local_costmap]: Timed out waiting for transform from base_footprint to odom to become available, tf error: Invalid frame ID "odom" passed to canTransform argument target_frame - frame does not exist
[controller_server-8] [INFO] [1789634428.344947729] [local_costmap.local_costmap]: Timed out waiting for transform from base_footprint to odom to become available, tf error: Invalid frame ID "odom" passed to canTransform argument target_frame - frame does not exist
[controller_server-8] [INFO] [1789634428.846062230] [local_costmap.local_costmap]: Timed out waiting for transform from base_footprint to odom to become available, tf error: Invalid frame ID "odom" passed to canTransform argument target_frame - frame does not exist
[controller_server-8] [INFO] [1789634429.346249017] [local_costmap.local_costmap]: Timed out waiting for transform from base_footprint to odom to become available, tf error: Invalid frame ID "odom" passed to canTransform argument target_frame - frame does not exist
[controller_server-8] [INFO] [1789634429.844206377] [local_costmap.local_costmap]: Timed out waiting for transform from base_footprint to odom to become available, tf error: Invalid frame ID "odom" passed to canTransform argument target_frame - frame does not exist
[controller_server-8] [INFO] [1789634430.344423588] [local_costmap.local_costmap]: Timed out waiting for transform from base_footprint to odom to become available, tf error: Invalid frame ID "odom" passed to canTransform argument target_frame - frame does not exist
[controller_server-8] [INFO] [1789634430.844186817] [local_costmap.local_costmap]: Timed out waiting for transform from base_footprint to odom to become available, tf error: Invalid frame ID "odom" passed to canTransform argument target_frame - frame does not exist
[controller_server-8] [INFO] [1789634431.344203119] [local_costmap.local_costmap]: Timed out waiting for transform from base_footprint to odom to become available, tf error: Invalid frame ID "odom" passed to canTransform argument target_frame - frame does not exist
[controller_server-8] [INFO] [1789634431.844086260] [local_costmap.local_costmap]: Timed out waiting for transform from base_footprint to odom to become available, tf error: Invalid frame ID "odom" passed to canTransform argument target_frame - frame does not exist
[controller_server-8] [INFO] [1789634432.343996776] [local_costmap.local_costmap]: Timed out waiting for transform from base_footprint to odom to become available, tf error: Invalid frame ID "odom" passed to canTransform argument target_frame - frame does not exist
[controller_server-8] [INFO] [1789634432.846164569] [local_costmap.local_costmap]: Timed out waiting for transform from base_footprint to odom to become available, tf error: Invalid frame ID "odom" passed to canTransform argument target_frame - frame does not exist
[controller_server-8] [INFO] [1789634433.344495911] [local_costmap.local_costmap]: Timed out waiting for transform from base_footprint to odom to become available, tf error: Invalid frame ID "odom" passed to canTransform argument target_frame - frame does not exist
[controller_server-8] [INFO] [1789634433.844137380] [local_costmap.local_costmap]: Timed out waiting for transform from base_footprint to odom to become available, tf error: Invalid frame ID "odom" passed to canTransform argument target_frame - frame does not exist
[controller_server-8] [INFO] [1789634434.344038023] [local_costmap.local_costmap]: Timed out waiting for transform from base_footprint to odom to become available, tf error: Invalid frame ID "odom" passed to canTransform argument target_frame - frame does not exist
[controller_server-8] [INFO] [1789634434.845351144] [local_costmap.local_costmap]: Timed out waiting for transform from base_footprint to odom to become available, tf error: Invalid frame ID "odom" passed to canTransform argument target_frame - frame does not exist
[controller_server-8] [INFO] [1789634435.345542240] [local_costmap.local_costmap]: Timed out waiting for transform from base_footprint to odom to become available, tf error: Invalid frame ID "odom" passed to canTransform argument target_frame - frame does not exist
[spawn_entity.py-3] [INFO] [1789634435.839293432] [spawn_swerve]: Spawn status: SpawnEntity: Successfully spawned entity [swerve_base]
[controller_server-8] [INFO] [1789634435.844736858] [local_costmap.local_costmap]: Timed out waiting for transform from base_footprint to odom to become available, tf error: Invalid frame ID "odom" passed to canTransform argument target_frame - frame does not exist
[INFO] [spawn_entity.py-3]: process has finished cleanly [pid 144544]
[gzserver-1] [INFO] [1789634436.135360791] [gazebo_ros2_control]: Loading gazebo_ros2_control plugin
[INFO] [spawner-15]: process started with pid [145141]
[gzserver-1] [INFO] [1789634436.221589789] [gazebo_ros2_control]: Starting gazebo_ros2_control plugin in namespace: /
[gzserver-1] [INFO] [1789634436.221737807] [gazebo_ros2_control]: Starting gazebo_ros2_control plugin in ros 2 node: gazebo_ros2_control
[gzserver-1] [INFO] [1789634436.307860326] [gazebo_ros2_control]: connected to service!! robot_state_publisher
[gzserver-1] [INFO] [1789634436.311527664] [gazebo_ros2_control]: Received urdf from param server, parsing...
[gzserver-1] [INFO] [1789634436.311657665] [gazebo_ros2_control]: Loading parameter files /home/yahboom/swerve_bringup/install/swerve_bringup/share/swerve_bringup/config/controllers.yaml
[controller_server-8] [INFO] [1789634436.345592108] [local_costmap.local_costmap]: Timed out waiting for transform from base_footprint to odom to become available, tf error: Invalid frame ID "odom" passed to canTransform argument target_frame - frame does not exist
[gzserver-1] [INFO] [1789634436.347753789] [gazebo_ros2_control]: Loading joint: steer_front_joint
[gzserver-1] [INFO] [1789634436.347808293] [gazebo_ros2_control]: 	State:
[gzserver-1] [INFO] [1789634436.347822855] [gazebo_ros2_control]: 		 position
[gzserver-1] [INFO] [1789634436.347835970] [gazebo_ros2_control]: 		 velocity
[gzserver-1] [INFO] [1789634436.347846372] [gazebo_ros2_control]: 	Command:
[gzserver-1] [INFO] [1789634436.347855243] [gazebo_ros2_control]: 		 position
[gzserver-1] [INFO] [1789634436.356590395] [gazebo_ros2_control]: Loading joint: steer_rear_joint
[gzserver-1] [INFO] [1789634436.356661853] [gazebo_ros2_control]: 	State:
[gzserver-1] [INFO] [1789634436.356676480] [gazebo_ros2_control]: 		 position
[gzserver-1] [INFO] [1789634436.356688626] [gazebo_ros2_control]: 		 velocity
[gzserver-1] [INFO] [1789634436.356697800] [gazebo_ros2_control]: 	Command:
[gzserver-1] [INFO] [1789634436.356706688] [gazebo_ros2_control]: 		 position
[gzserver-1] [INFO] [1789634436.362656911] [gazebo_ros2_control]: Loading joint: wheel_front_drive_joint
[gzserver-1] [INFO] [1789634436.363849036] [gazebo_ros2_control]: 	State:
[gzserver-1] [INFO] [1789634436.363865106] [gazebo_ros2_control]: 		 position
[gzserver-1] [INFO] [1789634436.363876714] [gazebo_ros2_control]: 		 velocity
[gzserver-1] [INFO] [1789634436.363885882] [gazebo_ros2_control]: 	Command:
[gzserver-1] [INFO] [1789634436.363908601] [gazebo_ros2_control]: 		 velocity
[gzserver-1] [INFO] [1789634436.364302262] [gazebo_ros2_control]: Loading joint: wheel_rear_drive_joint
[gzserver-1] [INFO] [1789634436.364332970] [gazebo_ros2_control]: 	State:
[gzserver-1] [INFO] [1789634436.364344086] [gazebo_ros2_control]: 		 position
[gzserver-1] [INFO] [1789634436.364354294] [gazebo_ros2_control]: 		 velocity
[gzserver-1] [INFO] [1789634436.364363377] [gazebo_ros2_control]: 	Command:
[gzserver-1] [INFO] [1789634436.364382883] [gazebo_ros2_control]: 		 velocity
[gzserver-1] [INFO] [1789634436.370403672] [resource_manager]: Initialize hardware 'GazeboSystem' 
[gzserver-1] [INFO] [1789634436.372001303] [resource_manager]: Successful initialization of hardware 'GazeboSystem'
[gzserver-1] [INFO] [1789634436.372160145] [resource_manager]: 'configure' hardware 'GazeboSystem' 
[gzserver-1] [INFO] [1789634436.372176638] [resource_manager]: Successful 'configure' of hardware 'GazeboSystem'
[gzserver-1] [INFO] [1789634436.372184802] [resource_manager]: 'activate' hardware 'GazeboSystem' 
[gzserver-1] [INFO] [1789634436.372191243] [resource_manager]: Successful 'activate' of hardware 'GazeboSystem'
[gzserver-1] [INFO] [1789634436.372301276] [gazebo_ros2_control]: Loading controller_manager
[gzserver-1] [WARN] [1789634436.659833237] [gazebo_ros2_control]:  Desired controller update period (0.01 s) is slower than the gazebo simulation period (0.001 s).
[gzserver-1] [INFO] [1789634436.663366032] [gazebo_ros2_control]: Loaded gazebo_ros2_control.
[controller_server-8] [INFO] [1789634436.846726260] [local_costmap.local_costmap]: start
[controller_server-8] [INFO] [1789634437.008180825] [controller_server]: Creating bond (controller_server) to lifecycle manager.
[lifecycle_manager-13] [INFO] [1789634437.138829927] [lifecycle_manager_navigation]: Server controller_server connected with bond.
[lifecycle_manager-13] [INFO] [1789634437.138901215] [lifecycle_manager_navigation]: [34m[1mActivating planner_server[0m[0m
[planner_server-9] [INFO] [1789634437.143021514] [planner_server]: Activating
[planner_server-9] [INFO] [1789634437.143127056] [global_costmap.global_costmap]: Activating
[planner_server-9] [INFO] [1789634437.143149511] [global_costmap.global_costmap]: Checking transform
[planner_server-9] [INFO] [1789634437.143200143] [global_costmap.global_costmap]: Timed out waiting for transform from base_footprint to map to become available, tf error: Invalid frame ID "map" passed to canTransform argument target_frame - frame does not exist
[spawner-15] [INFO] [1789634437.631424174] [spawn_joint_state_broadcaster]: waiting for service /controller_manager/list_controllers to become available...
[planner_server-9] [INFO] [1789634437.645271050] [global_costmap.global_costmap]: start
[planner_server-9] [INFO] [1789634438.202126208] [planner_server]: Activating plugin GridBased of type NavfnPlanner
[planner_server-9] [INFO] [1789634438.213347077] [planner_server]: Creating bond (planner_server) to lifecycle manager.
[lifecycle_manager-13] [INFO] [1789634438.326933714] [lifecycle_manager_navigation]: Server planner_server connected with bond.
[lifecycle_manager-13] [INFO] [1789634438.327017229] [lifecycle_manager_navigation]: [34m[1mActivating behavior_server[0m[0m
[behavior_server-10] [INFO] [1789634438.328704068] [behavior_server]: Activating
[behavior_server-10] [INFO] [1789634438.328774072] [behavior_server]: Activating spin
[behavior_server-10] [INFO] [1789634438.328797041] [behavior_server]: Activating backup
[behavior_server-10] [INFO] [1789634438.328809974] [behavior_server]: Activating drive_on_heading
[behavior_server-10] [INFO] [1789634438.328821769] [behavior_server]: Activating wait
[behavior_server-10] [INFO] [1789634438.328842850] [behavior_server]: Creating bond (behavior_server) to lifecycle manager.
[lifecycle_manager-13] [INFO] [1789634438.453651768] [lifecycle_manager_navigation]: Server behavior_server connected with bond.
[lifecycle_manager-13] [INFO] [1789634438.453747180] [lifecycle_manager_navigation]: [34m[1mActivating bt_navigator[0m[0m
[bt_navigator-11] [INFO] [1789634438.455617820] [bt_navigator]: Activating
[bt_navigator-11] [INFO] [1789634439.046646245] [bt_navigator]: Creating bond (bt_navigator) to lifecycle manager.
[lifecycle_manager-13] [INFO] [1789634439.189103917] [lifecycle_manager_navigation]: Server bt_navigator connected with bond.
[lifecycle_manager-13] [INFO] [1789634439.189175516] [lifecycle_manager_navigation]: [34m[1mActivating waypoint_follower[0m[0m
[waypoint_follower-12] [INFO] [1789634439.189673441] [waypoint_follower]: Activating
[waypoint_follower-12] [INFO] [1789634439.189753034] [waypoint_follower]: Creating bond (waypoint_follower) to lifecycle manager.
[lifecycle_manager-13] [INFO] [1789634439.312902063] [lifecycle_manager_navigation]: Server waypoint_follower connected with bond.
[lifecycle_manager-13] [INFO] [1789634439.312972982] [lifecycle_manager_navigation]: [34m[1mManaged nodes are active[0m[0m
[lifecycle_manager-13] [INFO] [1789634439.312988548] [lifecycle_manager_navigation]: [34m[1mCreating bond timer...[0m[0m
[spawner-15] [WARN] [1789634469.141658231] [spawn_joint_state_broadcaster]: Failed getting a result from calling /controller_manager/list_controllers in 30.0. (Attempt 1 of 3.)
[spawner-15] [WARN] [1789634499.143865002] [spawn_joint_state_broadcaster]: Failed getting a result from calling /controller_manager/list_controllers in 30.0. (Attempt 2 of 3.)
[spawner-15] [WARN] [1789634529.148332689] [spawn_joint_state_broadcaster]: Failed getting a result from calling /controller_manager/list_controllers in 30.0. (Attempt 3 of 3.)
[spawner-15] Traceback (most recent call last):
[spawner-15]   File "/opt/ros/humble/lib/controller_manager/spawner", line 33, in <module>
[spawner-15]     sys.exit(load_entry_point('controller-manager==2.52.2', 'console_scripts', 'spawner')())
[spawner-15]   File "/opt/ros/humble/local/lib/python3.10/dist-packages/controller_manager/spawner.py", line 195, in main
[spawner-15]     if is_controller_loaded(
[spawner-15]   File "/opt/ros/humble/local/lib/python3.10/dist-packages/controller_manager/spawner.py", line 67, in is_controller_loaded
[spawner-15]     controllers = list_controllers(
[spawner-15]   File "/opt/ros/humble/local/lib/python3.10/dist-packages/controller_manager/controller_manager_services.py", line 172, in list_controllers
[spawner-15]     return service_caller(
[spawner-15]   File "/opt/ros/humble/local/lib/python3.10/dist-packages/controller_manager/controller_manager_services.py", line 150, in service_caller
[spawner-15]     raise RuntimeError(
[spawner-15] RuntimeError: Could not successfully call service /controller_manager/list_controllers after 3 attempts.
[ERROR] [spawner-15]: process has died [pid 145141, exit code 1, cmd '/opt/ros/humble/lib/controller_manager/spawner joint_state_broadcaster --controller-manager /controller_manager --controller-manager-timeout 60 --service-call-timeout 30 --switch-timeout 30 --ros-args -r __node:=spawn_joint_state_broadcaster'].
[INFO] [spawner-16]: process started with pid [145561]
[gzserver-1] [INFO] [1789634531.222636419] [controller_manager]: Loading controller 'steering_controller'
[spawner-16] [INFO] [1789634531.518357946] [spawn_steering_controller]: [94mLoaded [1msteering_controller[0m
[gzserver-1] [INFO] [1789634531.545841007] [controller_manager]: Configuring controller 'steering_controller'
[gzserver-1] [INFO] [1789634531.559491035] [steering_controller]: configure successful
[bt_navigator-11] [INFO] [1789634531.785628308] [rclcpp]: signal_handler(signum=2)
[planner_server-9] [INFO] [1789634531.785924306] [rclcpp]: signal_handler(signum=2)
[WARNING] [launch]: user interrupted with ctrl-c (SIGINT)
[lifecycle_manager-13] [INFO] [1789634531.786142400] [rclcpp]: signal_handler(signum=2)
[map_server-7] [INFO] [1789634531.786453761] [rclcpp]: signal_handler(signum=2)
[map_server-7] [INFO] [1789634531.787885590] [map_server]: Running Nav2 LifecycleNode rcl preshutdown (map_server)
[map_server-7] [INFO] [1789634531.788004788] [map_server]: Deactivating
[map_server-7] [INFO] [1789634531.788038865] [map_server]: Destroying bond (map_server) to lifecycle manager.
[ekf_node-6] [INFO] [1789634531.786537770] [rclcpp]: signal_handler(signum=2)
[ekf_node-4] [INFO] [1789634531.786641664] [rclcpp]: signal_handler(signum=2)
[waypoint_follower-12] [INFO] [1789634531.787264635] [waypoint_follower]: Running Nav2 LifecycleNode rcl preshutdown (waypoint_follower)
[waypoint_follower-12] [INFO] [1789634531.787367441] [waypoint_follower]: Deactivating
[waypoint_follower-12] [INFO] [1789634531.787399148] [waypoint_follower]: Destroying bond (waypoint_follower) to lifecycle manager.
[behavior_server-10] [INFO] [1789634531.787290038] [rclcpp]: signal_handler(signum=2)
[behavior_server-10] [INFO] [1789634531.789735345] [behavior_server]: Running Nav2 LifecycleNode rcl preshutdown (behavior_server)
[behavior_server-10] [INFO] [1789634531.789812417] [behavior_server]: Deactivating
[behavior_server-10] [INFO] [1789634531.789856666] [behavior_server]: Destroying bond (behavior_server) to lifecycle manager.
[controller_server-8] [INFO] [1789634531.787463381] [rclcpp]: signal_handler(signum=2)
[controller_server-8] [INFO] [1789634531.790018159] [controller_server]: Running Nav2 LifecycleNode rcl preshutdown (controller_server)
[controller_server-8] [INFO] [1789634531.790132103] [controller_server]: Deactivating
[controller_server-8] [INFO] [1789634531.790192899] [local_costmap.local_costmap]: Deactivating
[planner_server-9] [INFO] [1789634531.787584537] [planner_server]: Running Nav2 LifecycleNode rcl preshutdown (planner_server)
[planner_server-9] [INFO] [1789634531.787670822] [planner_server]: Deactivating
[planner_server-9] [INFO] [1789634531.787740162] [global_costmap.global_costmap]: Deactivating
[robot_state_publisher-2] [INFO] [1789634531.787705357] [rclcpp]: signal_handler(signum=2)
[lifecycle_manager-13] [INFO] [1789634531.789371453] [lifecycle_manager_navigation]: Running Nav2 LifecycleManager rcl preshutdown (lifecycle_manager_navigation)
[lifecycle_manager-13] [INFO] [1789634531.789435900] [lifecycle_manager_navigation]: [34m[1mTerminating bond timer...[0m[0m
[bt_navigator-11] [INFO] [1789634531.793362531] [bt_navigator]: Running Nav2 LifecycleNode rcl preshutdown (bt_navigator)
[bt_navigator-11] [INFO] [1789634531.793457545] [bt_navigator]: Deactivating
[bt_navigator-11] [INFO] [1789634531.793492392] [bt_navigator]: Destroying bond (bt_navigator) to lifecycle manager.
[INFO] [spawner-16]: sending signal 'SIGINT' to process[spawner-16]
[INFO] [lifecycle_manager-13]: sending signal 'SIGINT' to process[lifecycle_manager-13]
[INFO] [waypoint_follower-12]: sending signal 'SIGINT' to process[waypoint_follower-12]
[INFO] [bt_navigator-11]: sending signal 'SIGINT' to process[bt_navigator-11]
[INFO] [behavior_server-10]: sending signal 'SIGINT' to process[behavior_server-10]
[INFO] [planner_server-9]: sending signal 'SIGINT' to process[planner_server-9]
[INFO] [controller_server-8]: sending signal 'SIGINT' to process[controller_server-8]
[INFO] [map_server-7]: sending signal 'SIGINT' to process[map_server-7]
[INFO] [ekf_node-6]: sending signal 'SIGINT' to process[ekf_node-6]
[INFO] [v30e_sim_node-5]: sending signal 'SIGINT' to process[v30e_sim_node-5]
[INFO] [ekf_node-4]: sending signal 'SIGINT' to process[ekf_node-4]
[INFO] [robot_state_publisher-2]: sending signal 'SIGINT' to process[robot_state_publisher-2]
[INFO] [gzserver-1]: sending signal 'SIGINT' to process[gzserver-1]
[waypoint_follower-12] [INFO] [1789634531.828850359] [waypoint_follower]: Cleaning up
[map_server-7] [INFO] [1789634531.829393012] [map_server]: Cleaning up
[map_server-7] [INFO] [1789634531.829525256] [map_server]: Destroying bond (map_server) to lifecycle manager.
[ERROR] [ekf_node-6]: process has died [pid 144550, exit code -2, cmd '/opt/ros/humble/lib/robot_localization/ekf_node --ros-args -r __node:=ekf_v30e --params-file /home/yahboom/swerve_bringup/install/swerve_bringup/share/swerve_bringup/config/v30e_localization_ekf.yaml --params-file /tmp/launch_params_j8spbyks -r odometry/filtered:=/odometry/v30e'].
[ERROR] [ekf_node-4]: process has died [pid 144546, exit code -2, cmd '/opt/ros/humble/lib/robot_localization/ekf_node --ros-args -r __node:=ekf_filter_node --params-file /home/yahboom/swerve_bringup/install/swerve_bringup/share/swerve_bringup/config/ekf.yaml --params-file /tmp/launch_params_hsl2w90f -r /odom:=/odom -r /imu/data:=/imu/data'].
[behavior_server-10] [INFO] [1789634531.834672230] [behavior_server]: Cleaning up
[bt_navigator-11] [INFO] [1789634531.840291516] [bt_navigator]: Cleaning up
[controller_server-8] [INFO] [1789634531.852700521] [controller_server]: Destroying bond (controller_server) to lifecycle manager.
[lifecycle_manager-13] [INFO] [1789634531.861984810] [rclcpp]: signal_handler(signum=2)
[waypoint_follower-12] [INFO] [1789634531.870431557] [rclcpp]: signal_handler(signum=2)
[bt_navigator-11] [INFO] [1789634531.876573530] [rclcpp]: signal_handler(signum=2)
[behavior_server-10] [INFO] [1789634531.884336133] [rclcpp]: signal_handler(signum=2)
[planner_server-9] [INFO] [1789634531.887354932] [rclcpp]: signal_handler(signum=2)
[map_server-7] [INFO] [1789634531.892269336] [rclcpp]: signal_handler(signum=2)
[waypoint_follower-12] [INFO] [1789634531.892498102] [waypoint_follower]: Destroying bond (waypoint_follower) to lifecycle manager.
[controller_server-8] [INFO] [1789634531.893269624] [rclcpp]: signal_handler(signum=2)
[waypoint_follower-12] [INFO] [1789634531.899227996] [waypoint_follower]: Destroying
[map_server-7] [INFO] [1789634531.912744122] [map_server]: Destroying
[robot_state_publisher-2] [INFO] [1789634531.919480348] [rclcpp]: signal_handler(signum=2)
[v30e_sim_node-5] Traceback (most recent call last):
[v30e_sim_node-5]   File "/home/yahboom/swerve_bringup/install/swerve_bringup/lib/swerve_bringup/v30e_sim_node", line 188, in <module>
[v30e_sim_node-5]     if __name__ == '__main__': main()
[v30e_sim_node-5]   File "/home/yahboom/swerve_bringup/install/swerve_bringup/lib/swerve_bringup/v30e_sim_node", line 185, in main
[v30e_sim_node-5]     node.destroy_node(); rclpy.shutdown()
[v30e_sim_node-5]   File "/opt/ros/humble/local/lib/python3.10/dist-packages/rclpy/node.py", line 1691, in destroy_node
[v30e_sim_node-5]     self.destroy_service(self._services[0])
[v30e_sim_node-5]   File "/opt/ros/humble/local/lib/python3.10/dist-packages/rclpy/node.py", line 1615, in destroy_service
[v30e_sim_node-5]     service.destroy()
[v30e_sim_node-5]   File "/opt/ros/humble/local/lib/python3.10/dist-packages/rclpy/service.py", line 93, in destroy
[v30e_sim_node-5]     self.__service.destroy_when_not_in_use()
[v30e_sim_node-5] KeyboardInterrupt
[controller_server-8] [INFO] [1789634531.954966177] [controller_server]: Cleaning up
[controller_server-8] [INFO] [1789634531.957817636] [local_costmap.local_costmap]: Cleaning up
[behavior_server-10] [INFO] [1789634531.980328553] [behavior_server]: Destroying bond (behavior_server) to lifecycle manager.
[behavior_server-10] [INFO] [1789634532.049288219] [behavior_server]: Destroying
[INFO] [robot_state_publisher-2]: process has finished cleanly [pid 144542]
[controller_server-8] [INFO] [1789634532.105957975] [controller_server]: Destroying bond (controller_server) to lifecycle manager.
[ERROR] [v30e_sim_node-5]: process has died [pid 144548, exit code -2, cmd '/home/yahboom/swerve_bringup/install/swerve_bringup/lib/swerve_bringup/v30e_sim_node --ros-args -r __node:=v30e_sim_node --params-file /home/yahboom/swerve_bringup/install/swerve_bringup/share/swerve_bringup/config/v30e_sim.yaml --params-file /tmp/launch_params_3hefvxkr'].
[INFO] [map_server-7]: process has finished cleanly [pid 144552]
[controller_server-8] [INFO] [1789634532.138155526] [local_costmap.local_costmap]: Destroying
[planner_server-9] [INFO] [1789634532.147015876] [planner_server]: Deactivating plugin GridBased of type NavfnPlanner
[planner_server-9] [INFO] [1789634532.147671878] [planner_server]: Destroying bond (planner_server) to lifecycle manager.
[planner_server-9] [INFO] [1789634532.161720478] [planner_server]: Cleaning up
[controller_server-8] [INFO] [1789634532.230428161] [controller_server]: Destroying
[planner_server-9] [INFO] [1789634532.240987452] [global_costmap.global_costmap]: Cleaning up
[lifecycle_manager-13] [INFO] [1789634532.261019671] [lifecycle_manager_navigation]: Destroying lifecycle_manager_navigation
[planner_server-9] [INFO] [1789634532.287939777] [planner_server]: Cleaning up plugin GridBased of type NavfnPlanner
[planner_server-9] [INFO] [1789634532.288109164] [planner_server]: Destroying plugin GridBased of type NavfnPlanner
[INFO] [behavior_server-10]: process has finished cleanly [pid 144575]
[planner_server-9] [INFO] [1789634532.345740231] [planner_server]: Destroying bond (planner_server) to lifecycle manager.
[INFO] [waypoint_follower-12]: process has finished cleanly [pid 144596]
[planner_server-9] [INFO] [1789634532.365758644] [global_costmap.global_costmap]: Destroying
[planner_server-9] [INFO] [1789634532.387417624] [planner_server]: Destroying
[INFO] [controller_server-8]: process has finished cleanly [pid 144566]
[bt_navigator-11] [INFO] [1789634532.431393995] [bt_navigator]: Completed Cleaning up
[bt_navigator-11] [INFO] [1789634532.431482823] [bt_navigator]: Destroying bond (bt_navigator) to lifecycle manager.
[bt_navigator-11] [INFO] [1789634532.451629708] [bt_navigator]: Destroying
[INFO] [lifecycle_manager-13]: process has finished cleanly [pid 144608]
[INFO] [planner_server-9]: process has finished cleanly [pid 144573]
[INFO] [bt_navigator-11]: process has finished cleanly [pid 144580]
[ERROR] [spawner-16]: process[spawner-16] failed to terminate '5' seconds after receiving 'SIGINT', escalating to 'SIGTERM'
[INFO] [spawner-16]: sending signal 'SIGTERM' to process[spawner-16]
[ERROR] [gzserver-1]: process[gzserver-1] failed to terminate '5' seconds after receiving 'SIGINT', escalating to 'SIGTERM'
[INFO] [gzserver-1]: sending signal 'SIGTERM' to process[gzserver-1]
[gzserver-1] [INFO] [1789634536.826757953] [rclcpp]: signal_handler(signum=15)
[ERROR] [spawner-16]: process has died [pid 145561, exit code -15, cmd '/opt/ros/humble/lib/controller_manager/spawner steering_controller --controller-manager /controller_manager --controller-manager-timeout 60 --service-call-timeout 30 --switch-timeout 30 --ros-args -r __node:=spawn_steering_controller'].
[gzserver-1] [INFO] [1789634536.827315405] [controller_manager]: Shutdown request received....
[gzserver-1] [INFO] [1789634536.827485663] [controller_manager]: Shutting down all controllers in the controller manager.
[ERROR] [gzserver-1]: process[gzserver-1] failed to terminate '10.0' seconds after receiving 'SIGTERM', escalating to 'SIGKILL'
[INFO] [gzserver-1]: sending signal 'SIGKILL' to process[gzserver-1]
[ERROR] [gzserver-1]: process has died [pid 144540, exit code -9, cmd 'gzserver /home/yahboom/swerve_bringup/install/swerve_bringup/share/swerve_bringup/worlds/warehouse.world -slibgazebo_ros_init.so -slibgazebo_ros_factory.so -slibgazebo_ros_force_system.so'].
