[INFO] [launch]: All log files can be found below /home/yahboom/.ros/log/2026-09-17-15-48-17-622203-yahboom-virtual-machine-126819
[INFO] [launch]: Default logging verbosity is set to INFO
[INFO] [gzserver-1]: process started with pid [126901]
[INFO] [robot_state_publisher-2]: process started with pid [126903]
[INFO] [spawn_entity.py-3]: process started with pid [126905]
[INFO] [ekf_node-4]: process started with pid [126907]
[INFO] [v30e_sim_node-5]: process started with pid [126909]
[INFO] [ekf_node-6]: process started with pid [126912]
[INFO] [map_server-7]: process started with pid [126916]
[INFO] [controller_server-8]: process started with pid [126923]
[INFO] [planner_server-9]: process started with pid [126925]
[INFO] [behavior_server-10]: process started with pid [126927]
[INFO] [bt_navigator-11]: process started with pid [126929]
[INFO] [waypoint_follower-12]: process started with pid [126934]
[INFO] [lifecycle_manager-13]: process started with pid [126936]
[INFO] [swerve_bridge_node-14]: process started with pid [126941]
[robot_state_publisher-2] [INFO] [1789631307.699502785] [robot_state_publisher]: got segment base_footprint
[robot_state_publisher-2] [INFO] [1789631307.705690244] [robot_state_publisher]: got segment base_link
[robot_state_publisher-2] [INFO] [1789631307.705710489] [robot_state_publisher]: got segment imu_link
[robot_state_publisher-2] [INFO] [1789631307.705719716] [robot_state_publisher]: got segment lidar_link
[robot_state_publisher-2] [INFO] [1789631307.705744498] [robot_state_publisher]: got segment steer_front_link
[robot_state_publisher-2] [INFO] [1789631307.705758335] [robot_state_publisher]: got segment steer_rear_link
[robot_state_publisher-2] [INFO] [1789631307.705765326] [robot_state_publisher]: got segment v30e_link
[robot_state_publisher-2] [INFO] [1789631307.705771912] [robot_state_publisher]: got segment wheel_front_drive_link
[robot_state_publisher-2] [INFO] [1789631307.705779062] [robot_state_publisher]: got segment wheel_front_left_link
[robot_state_publisher-2] [INFO] [1789631307.705786016] [robot_state_publisher]: got segment wheel_front_right_link
[robot_state_publisher-2] [INFO] [1789631307.705792617] [robot_state_publisher]: got segment wheel_rear_drive_link
[robot_state_publisher-2] [INFO] [1789631307.705799236] [robot_state_publisher]: got segment wheel_rear_left_link
[robot_state_publisher-2] [INFO] [1789631307.705805802] [robot_state_publisher]: got segment wheel_rear_right_link
[planner_server-9] [INFO] [1789631308.605862680] [planner_server]: 
[planner_server-9] 	planner_server lifecycle node launched. 
[planner_server-9] 	Waiting on external lifecycle transitions to activate
[planner_server-9] 	See https://design.ros2.org/articles/node_lifecycle.html for more information.
[planner_server-9] [INFO] [1789631308.641816918] [planner_server]: Creating
[controller_server-8] [INFO] [1789631308.845196382] [controller_server]: 
[controller_server-8] 	controller_server lifecycle node launched. 
[controller_server-8] 	Waiting on external lifecycle transitions to activate
[controller_server-8] 	See https://design.ros2.org/articles/node_lifecycle.html for more information.
[controller_server-8] [INFO] [1789631308.860758538] [controller_server]: Creating controller server
[waypoint_follower-12] [INFO] [1789631308.864188574] [waypoint_follower]: 
[waypoint_follower-12] 	waypoint_follower lifecycle node launched. 
[waypoint_follower-12] 	Waiting on external lifecycle transitions to activate
[waypoint_follower-12] 	See https://design.ros2.org/articles/node_lifecycle.html for more information.
[waypoint_follower-12] [INFO] [1789631308.864786263] [waypoint_follower]: Creating
[lifecycle_manager-13] [INFO] [1789631309.533411237] [lifecycle_manager_navigation]: Creating
[lifecycle_manager-13] [INFO] [1789631309.872616627] [lifecycle_manager_navigation]: [34m[1mCreating and initializing lifecycle service clients[0m[0m
[bt_navigator-11] [INFO] [1789631309.967201528] [bt_navigator]: 
[bt_navigator-11] 	bt_navigator lifecycle node launched. 
[bt_navigator-11] 	Waiting on external lifecycle transitions to activate
[bt_navigator-11] 	See https://design.ros2.org/articles/node_lifecycle.html for more information.
[bt_navigator-11] [INFO] [1789631309.967386349] [bt_navigator]: Creating
[behavior_server-10] [INFO] [1789631310.118625164] [behavior_server]: 
[behavior_server-10] 	behavior_server lifecycle node launched. 
[behavior_server-10] 	Waiting on external lifecycle transitions to activate
[behavior_server-10] 	See https://design.ros2.org/articles/node_lifecycle.html for more information.
[planner_server-9] [INFO] [1789631310.891502552] [global_costmap.global_costmap]: 
[planner_server-9] 	global_costmap lifecycle node launched. 
[planner_server-9] 	Waiting on external lifecycle transitions to activate
[planner_server-9] 	See https://design.ros2.org/articles/node_lifecycle.html for more information.
[planner_server-9] [INFO] [1789631310.899140697] [global_costmap.global_costmap]: Creating Costmap
[controller_server-8] [INFO] [1789631311.404192334] [local_costmap.local_costmap]: 
[controller_server-8] 	local_costmap lifecycle node launched. 
[controller_server-8] 	Waiting on external lifecycle transitions to activate
[controller_server-8] 	See https://design.ros2.org/articles/node_lifecycle.html for more information.
[controller_server-8] [INFO] [1789631311.404789672] [local_costmap.local_costmap]: Creating Costmap
[lifecycle_manager-13] [INFO] [1789631311.935538681] [lifecycle_manager_navigation]: Waiting for service map_server/get_state...
[map_server-7] [INFO] [1789631313.165912994] [map_server]: 
[map_server-7] 	map_server lifecycle node launched. 
[map_server-7] 	Waiting on external lifecycle transitions to activate
[map_server-7] 	See https://design.ros2.org/articles/node_lifecycle.html for more information.
[map_server-7] [INFO] [1789631313.166097524] [map_server]: Creating
[lifecycle_manager-13] [INFO] [1789631313.937873786] [lifecycle_manager_navigation]: Waiting for service map_server/get_state...
[v30e_sim_node-5] [INFO] [1789631315.955825489] [v30e_sim_node]: Using Gazebo /get_entity_state internally; odometry is not a V30E measurement input
[lifecycle_manager-13] [INFO] [1789631316.020461064] [lifecycle_manager_navigation]: Waiting for service map_server/get_state...
[lifecycle_manager-13] [INFO] [1789631318.025179052] [lifecycle_manager_navigation]: Waiting for service map_server/get_state...
[spawn_entity.py-3] [INFO] [1789631318.116201913] [spawn_swerve]: Spawn Entity started
[spawn_entity.py-3] [INFO] [1789631318.124171519] [spawn_swerve]: Loading entity published on topic robot_description
[spawn_entity.py-3] [INFO] [1789631318.252763458] [spawn_swerve]: Waiting for entity xml on robot_description
[swerve_bridge_node-14] [WARN] [1789631318.905047582] [swerve_bridge]: Django websocket disconnected: [Errno 111] Connection refused
[lifecycle_manager-13] [INFO] [1789631320.034157076] [lifecycle_manager_navigation]: Waiting for service map_server/get_state...
[swerve_bridge_node-14] [WARN] [1789631320.908618064] [swerve_bridge]: Django websocket disconnected: [Errno 111] Connection refused
[lifecycle_manager-13] [INFO] [1789631322.039843078] [lifecycle_manager_navigation]: Waiting for service map_server/get_state...
[swerve_bridge_node-14] [WARN] [1789631322.912504529] [swerve_bridge]: Django websocket disconnected: [Errno 111] Connection refused
[lifecycle_manager-13] [INFO] [1789631324.046940241] [lifecycle_manager_navigation]: Waiting for service map_server/get_state...
[spawn_entity.py-3] [INFO] [1789631324.830288992] [spawn_swerve]: Waiting for service /spawn_entity, timeout = 30
[spawn_entity.py-3] [INFO] [1789631324.830691833] [spawn_swerve]: Waiting for service /spawn_entity
[swerve_bridge_node-14] [WARN] [1789631324.947649372] [swerve_bridge]: Django websocket disconnected: [Errno 111] Connection refused
[lifecycle_manager-13] [INFO] [1789631326.049042604] [lifecycle_manager_navigation]: Waiting for service map_server/get_state...
[swerve_bridge_node-14] [WARN] [1789631326.957009776] [swerve_bridge]: Django websocket disconnected: [Errno 111] Connection refused
[lifecycle_manager-13] [INFO] [1789631328.049388795] [lifecycle_manager_navigation]: Waiting for service map_server/get_state...
[swerve_bridge_node-14] [WARN] [1789631328.961830250] [swerve_bridge]: Django websocket disconnected: [Errno 111] Connection refused
[lifecycle_manager-13] [INFO] [1789631330.056541909] [lifecycle_manager_navigation]: Waiting for service map_server/get_state...
[swerve_bridge_node-14] [WARN] [1789631330.966878173] [swerve_bridge]: Django websocket disconnected: [Errno 111] Connection refused
[lifecycle_manager-13] [INFO] [1789631332.060975121] [lifecycle_manager_navigation]: Waiting for service map_server/get_state...
[swerve_bridge_node-14] [WARN] [1789631333.043716371] [swerve_bridge]: Django websocket disconnected: [Errno 111] Connection refused
[lifecycle_manager-13] [INFO] [1789631334.062580599] [lifecycle_manager_navigation]: Waiting for service map_server/get_state...
[swerve_bridge_node-14] [WARN] [1789631335.059160216] [swerve_bridge]: Django websocket disconnected: [Errno 111] Connection refused
[lifecycle_manager-13] [INFO] [1789631336.063487748] [lifecycle_manager_navigation]: Waiting for service map_server/get_state...
[swerve_bridge_node-14] [WARN] [1789631337.092049717] [swerve_bridge]: Django websocket disconnected: [Errno 111] Connection refused
[lifecycle_manager-13] [INFO] [1789631338.067219190] [lifecycle_manager_navigation]: Waiting for service map_server/get_state...
[swerve_bridge_node-14] [WARN] [1789631339.093254649] [swerve_bridge]: Django websocket disconnected: [Errno 111] Connection refused
[lifecycle_manager-13] [INFO] [1789631340.085912752] [lifecycle_manager_navigation]: Waiting for service map_server/get_state...
[swerve_bridge_node-14] [WARN] [1789631341.097738520] [swerve_bridge]: Django websocket disconnected: [Errno 111] Connection refused
[lifecycle_manager-13] [INFO] [1789631342.088118737] [lifecycle_manager_navigation]: Waiting for service map_server/get_state...
[swerve_bridge_node-14] [WARN] [1789631343.104172151] [swerve_bridge]: Django websocket disconnected: [Errno 111] Connection refused
[lifecycle_manager-13] [INFO] [1789631344.088786234] [lifecycle_manager_navigation]: Waiting for service map_server/get_state...
[swerve_bridge_node-14] [WARN] [1789631345.110910231] [swerve_bridge]: Django websocket disconnected: [Errno 111] Connection refused
[lifecycle_manager-13] [INFO] [1789631346.094023228] [lifecycle_manager_navigation]: Waiting for service map_server/get_state...
[swerve_bridge_node-14] [WARN] [1789631347.114775149] [swerve_bridge]: Django websocket disconnected: [Errno 111] Connection refused
[lifecycle_manager-13] [INFO] [1789631348.096170832] [lifecycle_manager_navigation]: Waiting for service map_server/get_state...
[swerve_bridge_node-14] [WARN] [1789631349.125747887] [swerve_bridge]: Django websocket disconnected: [Errno 111] Connection refused
[lifecycle_manager-13] [INFO] [1789631350.110906435] [lifecycle_manager_navigation]: Waiting for service map_server/get_state...
[swerve_bridge_node-14] [WARN] [1789631351.133110670] [swerve_bridge]: Django websocket disconnected: [Errno 111] Connection refused
[lifecycle_manager-13] [INFO] [1789631352.126820266] [lifecycle_manager_navigation]: Waiting for service map_server/get_state...
[swerve_bridge_node-14] [WARN] [1789631353.136530833] [swerve_bridge]: Django websocket disconnected: [Errno 111] Connection refused
[lifecycle_manager-13] [INFO] [1789631354.137002663] [lifecycle_manager_navigation]: Waiting for service map_server/get_state...
[swerve_bridge_node-14] [WARN] [1789631355.143329991] [swerve_bridge]: Django websocket disconnected: [Errno 111] Connection refused
[swerve_bridge_node-14] [WARN] [1789631357.150685840] [swerve_bridge]: Django websocket disconnected: [Errno 111] Connection refused
[spawn_entity.py-3] [ERROR] [1789631358.259175505] [spawn_swerve]: Service /spawn_entity unavailable. Was Gazebo started with GazeboRosFactory?
[spawn_entity.py-3] [ERROR] [1789631358.259579479] [spawn_swerve]: Spawn service failed. Exiting.
[swerve_bridge_node-14] [WARN] [1789631359.154972443] [swerve_bridge]: Django websocket disconnected: [Errno 111] Connection refused
[lifecycle_manager-13] [INFO] [1789631359.766625680] [lifecycle_manager_navigation]: Waiting for service controller_server/get_state...
[swerve_bridge_node-14] [WARN] [1789631361.157076236] [swerve_bridge]: Django websocket disconnected: [Errno 111] Connection refused
[lifecycle_manager-13] [INFO] [1789631361.770531632] [lifecycle_manager_navigation]: Waiting for service controller_server/get_state...
[swerve_bridge_node-14] [WARN] [1789631363.158350188] [swerve_bridge]: Django websocket disconnected: [Errno 111] Connection refused
[lifecycle_manager-13] [INFO] [1789631363.777600337] [lifecycle_manager_navigation]: Waiting for service controller_server/get_state...
[swerve_bridge_node-14] [WARN] [1789631365.167795042] [swerve_bridge]: Django websocket disconnected: [Errno 111] Connection refused
[lifecycle_manager-13] [INFO] [1789631365.778130850] [lifecycle_manager_navigation]: Waiting for service controller_server/get_state...
[swerve_bridge_node-14] [WARN] [1789631367.179774426] [swerve_bridge]: Django websocket disconnected: [Errno 111] Connection refused
[lifecycle_manager-13] [INFO] [1789631367.781062136] [lifecycle_manager_navigation]: Waiting for service controller_server/get_state...
[swerve_bridge_node-14] [WARN] [1789631369.186255570] [swerve_bridge]: Django websocket disconnected: [Errno 111] Connection refused
[lifecycle_manager-13] [INFO] [1789631369.789715034] [lifecycle_manager_navigation]: Waiting for service controller_server/get_state...
[swerve_bridge_node-14] [WARN] [1789631371.189857803] [swerve_bridge]: Django websocket disconnected: [Errno 111] Connection refused
[lifecycle_manager-13] [INFO] [1789631371.794268268] [lifecycle_manager_navigation]: Waiting for service controller_server/get_state...
[swerve_bridge_node-14] [WARN] [1789631373.199986939] [swerve_bridge]: Django websocket disconnected: [Errno 111] Connection refused
[lifecycle_manager-13] [INFO] [1789631373.798190302] [lifecycle_manager_navigation]: Waiting for service controller_server/get_state...
[swerve_bridge_node-14] [WARN] [1789631375.210932737] [swerve_bridge]: Django websocket disconnected: [Errno 111] Connection refused
[lifecycle_manager-13] [INFO] [1789631375.809361143] [lifecycle_manager_navigation]: Waiting for service controller_server/get_state...
[swerve_bridge_node-14] [WARN] [1789631377.227230185] [swerve_bridge]: Django websocket disconnected: [Errno 111] Connection refused
[lifecycle_manager-13] [INFO] [1789631377.816342654] [lifecycle_manager_navigation]: Waiting for service controller_server/get_state...
[swerve_bridge_node-14] [WARN] [1789631379.240157552] [swerve_bridge]: Django websocket disconnected: [Errno 111] Connection refused
[swerve_bridge_node-14] [WARN] [1789631381.245359198] [swerve_bridge]: Django websocket disconnected: [Errno 111] Connection refused
[swerve_bridge_node-14] [WARN] [1789631383.251797740] [swerve_bridge]: Django websocket disconnected: [Errno 111] Connection refused
[ERROR] [spawn_entity.py-3]: process has died [pid 126905, exit code 1, cmd '/opt/ros/humble/lib/gazebo_ros/spawn_entity.py -entity swerve_base -topic robot_description -x 0.0 -y 0.0 -z 0.002 -R 0.0 -P 0.0 -Y 0.0 --ros-args -r __node:=spawn_swerve'].
[INFO] [spawner-15]: process started with pid [127420]
[swerve_bridge_node-14] [WARN] [1789631385.257149158] [swerve_bridge]: Django websocket disconnected: [Errno 111] Connection refused
[swerve_bridge_node-14] [WARN] [1789631387.270445850] [swerve_bridge]: Django websocket disconnected: [Errno 111] Connection refused
[swerve_bridge_node-14] [WARN] [1789631389.290174164] [swerve_bridge]: Django websocket disconnected: [Errno 111] Connection refused
[lifecycle_manager-13] [INFO] [1789631390.705815855] [lifecycle_manager_navigation]: [34m[1mStarting managed nodes bringup...[0m[0m
[lifecycle_manager-13] [INFO] [1789631390.705950220] [lifecycle_manager_navigation]: [34m[1mConfiguring map_server[0m[0m
[map_server-7] [INFO] [1789631391.026651332] [map_server]: Configuring
[map_server-7] [INFO] [1789631391.027427339] [map_io]: Loading yaml file: /home/yahboom/swerve_bringup/install/swerve_bringup/share/swerve_bringup/swerve_navigation/maps/warehouse.yaml
[map_server-7] [INFO] [1789631391.072878079] [map_io]: resolution: 0.05
[map_server-7] [INFO] [1789631391.072920638] [map_io]: origin[0]: -17.2
[map_server-7] [INFO] [1789631391.072928037] [map_io]: origin[1]: -17.4
[map_server-7] [INFO] [1789631391.072933597] [map_io]: origin[2]: 0
[map_server-7] [INFO] [1789631391.072939129] [map_io]: free_thresh: 0.25
[map_server-7] [INFO] [1789631391.072944558] [map_io]: occupied_thresh: 0.65
[map_server-7] [INFO] [1789631391.072950888] [map_io]: mode: trinary
[map_server-7] [INFO] [1789631391.072956877] [map_io]: negate: 0
[map_server-7] [INFO] [1789631391.073234861] [map_io]: Loading image_file: /home/yahboom/swerve_bringup/install/swerve_bringup/share/swerve_bringup/swerve_navigation/maps/warehouse.pgm
[swerve_bridge_node-14] [WARN] [1789631391.403637071] [swerve_bridge]: Django websocket disconnected: [Errno 111] Connection refused
[spawner-15] [INFO] [1789631391.462071706] [spawn_joint_state_broadcaster]: waiting for service /controller_manager/list_controllers to become available...
[map_server-7] [INFO] [1789631392.064574189] [map_io]: Read map /home/yahboom/swerve_bringup/install/swerve_bringup/share/swerve_bringup/swerve_navigation/maps/warehouse.pgm: 676 X 680 map @ 0.05 m/cell
[swerve_bridge_node-14] [WARN] [1789631393.412937568] [swerve_bridge]: Django websocket disconnected: [Errno 111] Connection refused
[lifecycle_manager-13] [INFO] [1789631394.109591067] [lifecycle_manager_navigation]: [34m[1mConfiguring controller_server[0m[0m
[controller_server-8] [INFO] [1789631394.589225153] [controller_server]: Configuring controller interface
[controller_server-8] [INFO] [1789631394.610672130] [controller_server]: getting goal checker plugins..
[controller_server-8] [INFO] [1789631394.679382360] [controller_server]: Controller frequency set to 10.0000Hz
[controller_server-8] [INFO] [1789631394.679478465] [local_costmap.local_costmap]: Configuring
[swerve_bridge_node-14] [WARN] [1789631395.417352297] [swerve_bridge]: Django websocket disconnected: [Errno 111] Connection refused
[gzserver-1] [INFO] [1789631395.886054635] [gazebo_ros_state]: Publishing states of gazebo models at [/model_states]
[gzserver-1] [ERROR] [1789631396.541762316] [gazebo_ros_state]: GetEntityState: entity [swerve_base] does not exist
[gzserver-1] [ERROR] [1789631397.400068374] [gazebo_ros_state]: GetEntityState: entity [swerve_base] does not exist
[swerve_bridge_node-14] [WARN] [1789631397.418840885] [swerve_bridge]: Django websocket disconnected: [Errno 111] Connection refused
[gzserver-1] [ERROR] [1789631397.560470208] [gazebo_ros_state]: GetEntityState: entity [swerve_base] does not exist
[gzserver-1] [ERROR] [1789631397.587789579] [gazebo_ros_state]: GetEntityState: entity [swerve_base] does not exist
[gzserver-1] [INFO] [1789631397.929304048] [gazebo_ros_state]: Publishing states of gazebo links at [/link_states]
[gzserver-1] [ERROR] [1789631397.939812264] [gazebo_ros_state]: GetEntityState: entity [swerve_base] does not exist
[controller_server-8] [INFO] [1789631398.257455440] [local_costmap.local_costmap]: Using plugin "voxel_layer"
[gzserver-1] [ERROR] [1789631398.926392442] [gazebo_ros_state]: GetEntityState: entity [swerve_base] does not exist
[gzserver-1] [ERROR] [1789631399.103486119] [gazebo_ros_state]: GetEntityState: entity [swerve_base] does not exist
[v30e_sim_node-5] [WARN] [1789631399.114884664] [v30e_sim_node]: get_entity_state failed: entity not available
[gzserver-1] [ERROR] [1789631399.280156029] [gazebo_ros_state]: GetEntityState: entity [swerve_base] does not exist
[swerve_bridge_node-14] [WARN] [1789631399.423326570] [swerve_bridge]: Django websocket disconnected: [Errno 111] Connection refused
[controller_server-8] [INFO] [1789631399.596834137] [local_costmap.local_costmap]: Subscribed to Topics: lidar3d scan
[gzserver-1] [ERROR] [1789631400.304288084] [gazebo_ros_state]: GetEntityState: entity [swerve_base] does not exist
[gzserver-1] [ERROR] [1789631400.328221760] [gazebo_ros_state]: GetEntityState: entity [swerve_base] does not exist
[gzserver-1] [ERROR] [1789631400.655087728] [gazebo_ros_state]: GetEntityState: entity [swerve_base] does not exist
[gzserver-1] [ERROR] [1789631400.796938265] [gazebo_ros_state]: GetEntityState: entity [swerve_base] does not exist
[gzserver-1] [ERROR] [1789631401.286318143] [gazebo_ros_state]: GetEntityState: entity [swerve_base] does not exist
[gzserver-1] [ERROR] [1789631401.326826093] [gazebo_ros_state]: GetEntityState: entity [swerve_base] does not exist
[v30e_sim_node-5] [WARN] [1789631401.389534231] [v30e_sim_node]: get_entity_state failed: entity not available
[swerve_bridge_node-14] [WARN] [1789631401.444598392] [swerve_bridge]: Django websocket disconnected: [Errno 111] Connection refused
[gzserver-1] [ERROR] [1789631401.554445392] [gazebo_ros_state]: GetEntityState: entity [swerve_base] does not exist
[gzserver-1] [ERROR] [1789631402.139814786] [gazebo_ros_state]: GetEntityState: entity [swerve_base] does not exist
[gzserver-1] [ERROR] [1789631402.258320901] [gazebo_ros_state]: GetEntityState: entity [swerve_base] does not exist
[gzserver-1] [ERROR] [1789631402.500360631] [gazebo_ros_state]: GetEntityState: entity [swerve_base] does not exist
[gzserver-1] [ERROR] [1789631402.584500734] [gazebo_ros_state]: GetEntityState: entity [swerve_base] does not exist
[gzserver-1] [ERROR] [1789631402.685718869] [gazebo_ros_state]: GetEntityState: entity [swerve_base] does not exist
[gzserver-1] [ERROR] [1789631402.730358142] [gazebo_ros_state]: GetEntityState: entity [swerve_base] does not exist
[gzserver-1] [ERROR] [1789631402.839381679] [gazebo_ros_state]: GetEntityState: entity [swerve_base] does not exist
[gzserver-1] [ERROR] [1789631403.124802168] [gazebo_ros_state]: GetEntityState: entity [swerve_base] does not exist
[gzserver-1] [ERROR] [1789631403.125094006] [gazebo_ros_state]: GetEntityState: entity [swerve_base] does not exist
[gzserver-1] [ERROR] [1789631403.125239003] [gazebo_ros_state]: GetEntityState: entity [swerve_base] does not exist
[gzserver-1] [ERROR] [1789631403.307136725] [gazebo_ros_state]: GetEntityState: entity [swerve_base] does not exist
[gzserver-1] [ERROR] [1789631403.438137478] [gazebo_ros_state]: GetEntityState: entity [swerve_base] does not exist
[gzserver-1] [ERROR] [1789631403.438362566] [gazebo_ros_state]: GetEntityState: entity [swerve_base] does not exist
[v30e_sim_node-5] [WARN] [1789631403.440011003] [v30e_sim_node]: get_entity_state failed: entity not available
[swerve_bridge_node-14] [WARN] [1789631403.448086487] [swerve_bridge]: Django websocket disconnected: [Errno 111] Connection refused
[gzserver-1] [ERROR] [1789631403.493147341] [gazebo_ros_state]: GetEntityState: entity [swerve_base] does not exist
[gzserver-1] [ERROR] [1789631403.553173317] [gazebo_ros_state]: GetEntityState: entity [swerve_base] does not exist
[gzserver-1] [ERROR] [1789631403.673898532] [gazebo_ros_state]: GetEntityState: entity [swerve_base] does not exist
[gzserver-1] [ERROR] [1789631403.694850082] [gazebo_ros_state]: GetEntityState: entity [swerve_base] does not exist
[gzserver-1] [ERROR] [1789631403.771818977] [gazebo_ros_state]: GetEntityState: entity [swerve_base] does not exist
[gzserver-1] [ERROR] [1789631403.863608224] [gazebo_ros_state]: GetEntityState: entity [swerve_base] does not exist
[gzserver-1] [ERROR] [1789631403.863868365] [gazebo_ros_state]: GetEntityState: entity [swerve_base] does not exist
[gzserver-1] [ERROR] [1789631403.896434171] [gazebo_ros_state]: GetEntityState: entity [swerve_base] does not exist
[gzserver-1] [ERROR] [1789631404.064195656] [gazebo_ros_state]: GetEntityState: entity [swerve_base] does not exist
[gzserver-1] [ERROR] [1789631404.168024324] [gazebo_ros_state]: GetEntityState: entity [swerve_base] does not exist
[gzserver-1] [ERROR] [1789631404.168236206] [gazebo_ros_state]: GetEntityState: entity [swerve_base] does not exist
[gzserver-1] [ERROR] [1789631404.168322474] [gazebo_ros_state]: GetEntityState: entity [swerve_base] does not exist
[gzserver-1] [ERROR] [1789631404.371019666] [gazebo_ros_state]: GetEntityState: entity [swerve_base] does not exist
[gzserver-1] [ERROR] [1789631404.379786990] [gazebo_ros_state]: GetEntityState: entity [swerve_base] does not exist
[gzserver-1] [ERROR] [1789631404.381279093] [gazebo_ros_state]: GetEntityState: entity [swerve_base] does not exist
[gzserver-1] [ERROR] [1789631404.399094867] [gazebo_ros_state]: GetEntityState: entity [swerve_base] does not exist
[gzserver-1] [ERROR] [1789631404.657165149] [gazebo_ros_state]: GetEntityState: entity [swerve_base] does not exist
[gzserver-1] [ERROR] [1789631404.763242470] [gazebo_ros_state]: GetEntityState: entity [swerve_base] does not exist
[gzserver-1] [ERROR] [1789631405.018911918] [gazebo_ros_state]: GetEntityState: entity [swerve_base] does not exist
[gzserver-1] [ERROR] [1789631405.059280576] [gazebo_ros_state]: GetEntityState: entity [swerve_base] does not exist
[gzserver-1] [ERROR] [1789631405.120207460] [gazebo_ros_state]: GetEntityState: entity [swerve_base] does not exist
[gzserver-1] [ERROR] [1789631405.208654415] [gazebo_ros_state]: GetEntityState: entity [swerve_base] does not exist
[gzserver-1] [ERROR] [1789631405.382698387] [gazebo_ros_state]: GetEntityState: entity [swerve_base] does not exist
[swerve_bridge_node-14] [WARN] [1789631405.450848242] [swerve_bridge]: Django websocket disconnected: [Errno 111] Connection refused
[gzserver-1] [ERROR] [1789631405.526610363] [gazebo_ros_state]: GetEntityState: entity [swerve_base] does not exist
[gzserver-1] [ERROR] [1789631405.715308320] [gazebo_ros_state]: GetEntityState: entity [swerve_base] does not exist
[gzserver-1] [ERROR] [1789631405.768143146] [gazebo_ros_state]: GetEntityState: entity [swerve_base] does not exist
[v30e_sim_node-5] [WARN] [1789631405.772458402] [v30e_sim_node]: get_entity_state failed: entity not available
[gzserver-1] [ERROR] [1789631405.783450118] [gazebo_ros_state]: GetEntityState: entity [swerve_base] does not exist
[controller_server-8] [INFO] [1789631405.922371833] [local_costmap.local_costmap]: Initialized plugin "voxel_layer"
[controller_server-8] [INFO] [1789631405.922439963] [local_costmap.local_costmap]: Using plugin "inflation_layer"
[gzserver-1] [ERROR] [1789631405.990832052] [gazebo_ros_state]: GetEntityState: entity [swerve_base] does not exist
[gzserver-1] [ERROR] [1789631405.991394315] [gazebo_ros_state]: GetEntityState: entity [swerve_base] does not exist
[gzserver-1] [ERROR] [1789631405.991571512] [gazebo_ros_state]: GetEntityState: entity [swerve_base] does not exist
[gzserver-1] [ERROR] [1789631405.991718503] [gazebo_ros_state]: GetEntityState: entity [swerve_base] does not exist
[gzserver-1] [ERROR] [1789631406.185847754] [gazebo_ros_state]: GetEntityState: entity [swerve_base] does not exist
[controller_server-8] [INFO] [1789631406.195421291] [local_costmap.local_costmap]: Initialized plugin "inflation_layer"
[gzserver-1] [ERROR] [1789631406.265816702] [gazebo_ros_state]: GetEntityState: entity [swerve_base] does not exist
[gzserver-1] [ERROR] [1789631406.333632014] [gazebo_ros_state]: GetEntityState: entity [swerve_base] does not exist
[gzserver-1] [ERROR] [1789631406.369467304] [gazebo_ros_state]: GetEntityState: entity [swerve_base] does not exist
[gzserver-1] [ERROR] [1789631406.396142309] [gazebo_ros_state]: GetEntityState: entity [swerve_base] does not exist
[gzserver-1] [ERROR] [1789631406.437258183] [gazebo_ros_state]: GetEntityState: entity [swerve_base] does not exist
[gzserver-1] [ERROR] [1789631406.542963275] [gazebo_ros_state]: GetEntityState: entity [swerve_base] does not exist
[gzserver-1] [ERROR] [1789631406.613734279] [gazebo_ros_state]: GetEntityState: entity [swerve_base] does not exist
[gzserver-1] [ERROR] [1789631406.659279096] [gazebo_ros_state]: GetEntityState: entity [swerve_base] does not exist
[gzserver-1] [ERROR] [1789631406.751002485] [gazebo_ros_state]: GetEntityState: entity [swerve_base] does not exist
[gzserver-1] [ERROR] [1789631406.813229540] [gazebo_ros_state]: GetEntityState: entity [swerve_base] does not exist
[gzserver-1] [ERROR] [1789631406.956713095] [gazebo_ros_state]: GetEntityState: entity [swerve_base] does not exist
[gzserver-1] [ERROR] [1789631407.046340019] [gazebo_ros_state]: GetEntityState: entity [swerve_base] does not exist
[gzserver-1] [ERROR] [1789631407.129754614] [gazebo_ros_state]: GetEntityState: entity [swerve_base] does not exist
[gzserver-1] [ERROR] [1789631407.134667669] [gazebo_ros_state]: GetEntityState: entity [swerve_base] does not exist
[gzserver-1] [ERROR] [1789631407.182631984] [gazebo_ros_state]: GetEntityState: entity [swerve_base] does not exist
[gzserver-1] [ERROR] [1789631407.226651553] [gazebo_ros_state]: GetEntityState: entity [swerve_base] does not exist
[gzserver-1] [ERROR] [1789631407.249563648] [gazebo_ros_state]: GetEntityState: entity [swerve_base] does not exist
[swerve_bridge_node-14] [WARN] [1789631407.452398833] [swerve_bridge]: Django websocket disconnected: [Errno 111] Connection refused
[gzserver-1] [ERROR] [1789631407.590312676] [gazebo_ros_state]: GetEntityState: entity [swerve_base] does not exist
[gzserver-1] [ERROR] [1789631407.600270474] [gazebo_ros_state]: GetEntityState: entity [swerve_base] does not exist
[gzserver-1] [ERROR] [1789631407.600462800] [gazebo_ros_state]: GetEntityState: entity [swerve_base] does not exist
[gzserver-1] [ERROR] [1789631407.608940370] [gazebo_ros_state]: GetEntityState: entity [swerve_base] does not exist
[gzserver-1] [ERROR] [1789631407.615786714] [gazebo_ros_state]: GetEntityState: entity [swerve_base] does not exist
[gzserver-1] [ERROR] [1789631407.840380715] [gazebo_ros_state]: GetEntityState: entity [swerve_base] does not exist
[gzserver-1] [ERROR] [1789631407.849536098] [gazebo_ros_state]: GetEntityState: entity [swerve_base] does not exist
[gzserver-1] [ERROR] [1789631407.851109009] [gazebo_ros_state]: GetEntityState: entity [swerve_base] does not exist
[gzserver-1] [ERROR] [1789631407.851718623] [gazebo_ros_state]: GetEntityState: entity [swerve_base] does not exist
[gzserver-1] [ERROR] [1789631407.851875735] [gazebo_ros_state]: GetEntityState: entity [swerve_base] does not exist
[v30e_sim_node-5] [WARN] [1789631407.897142570] [v30e_sim_node]: get_entity_state failed: entity not available
[gzserver-1] [ERROR] [1789631407.950741330] [gazebo_ros_state]: GetEntityState: entity [swerve_base] does not exist
[gzserver-1] [ERROR] [1789631407.975774207] [gazebo_ros_state]: GetEntityState: entity [swerve_base] does not exist
[gzserver-1] [ERROR] [1789631407.983106702] [gazebo_ros_state]: GetEntityState: entity [swerve_base] does not exist
[gzserver-1] [ERROR] [1789631407.993105889] [gazebo_ros_state]: GetEntityState: entity [swerve_base] does not exist
[gzserver-1] [ERROR] [1789631408.024679624] [gazebo_ros_state]: GetEntityState: entity [swerve_base] does not exist
[gzserver-1] [ERROR] [1789631408.110626157] [gazebo_ros_state]: GetEntityState: entity [swerve_base] does not exist
[gzserver-1] [ERROR] [1789631408.122282982] [gazebo_ros_state]: GetEntityState: entity [swerve_base] does not exist
[gzserver-1] [ERROR] [1789631408.146974174] [gazebo_ros_state]: GetEntityState: entity [swerve_base] does not exist
[gzserver-1] [ERROR] [1789631408.154361324] [gazebo_ros_state]: GetEntityState: entity [swerve_base] does not exist
[gzserver-1] [ERROR] [1789631408.159203538] [gazebo_ros_state]: GetEntityState: entity [swerve_base] does not exist
[gzserver-1] [ERROR] [1789631408.262487431] [gazebo_ros_state]: GetEntityState: entity [swerve_base] does not exist
[gzserver-1] [ERROR] [1789631408.342924689] [gazebo_ros_state]: GetEntityState: entity [swerve_base] does not exist
[gzserver-1] [ERROR] [1789631408.343174558] [gazebo_ros_state]: GetEntityState: entity [swerve_base] does not exist
[gzserver-1] [ERROR] [1789631408.343318270] [gazebo_ros_state]: GetEntityState: entity [swerve_base] does not exist
[gzserver-1] [ERROR] [1789631408.343721421] [gazebo_ros_state]: GetEntityState: entity [swerve_base] does not exist
[gzserver-1] [ERROR] [1789631408.474318510] [gazebo_ros_state]: GetEntityState: entity [swerve_base] does not exist
[gzserver-1] [ERROR] [1789631408.496549147] [gazebo_ros_state]: GetEntityState: entity [swerve_base] does not exist
[gzserver-1] [ERROR] [1789631408.504977534] [gazebo_ros_state]: GetEntityState: entity [swerve_base] does not exist
[gzserver-1] [ERROR] [1789631408.515638925] [gazebo_ros_state]: GetEntityState: entity [swerve_base] does not exist
[gzserver-1] [ERROR] [1789631408.519449731] [gazebo_ros_state]: GetEntityState: entity [swerve_base] does not exist
[gzserver-1] [ERROR] [1789631408.644254656] [gazebo_ros_state]: GetEntityState: entity [swerve_base] does not exist
[gzserver-1] [ERROR] [1789631408.672485661] [gazebo_ros_state]: GetEntityState: entity [swerve_base] does not exist
[gzserver-1] [ERROR] [1789631408.683241420] [gazebo_ros_state]: GetEntityState: entity [swerve_base] does not exist
[gzserver-1] [ERROR] [1789631408.688253704] [gazebo_ros_state]: GetEntityState: entity [swerve_base] does not exist
[gzserver-1] [ERROR] [1789631408.688474840] [gazebo_ros_state]: GetEntityState: entity [swerve_base] does not exist
[gzserver-1] [ERROR] [1789631408.775646011] [gazebo_ros_state]: GetEntityState: entity [swerve_base] does not exist
[controller_server-8] [INFO] [1789631408.816002451] [controller_server]: Created progress_checker : progress_checker of type nav2_controller::SimpleProgressChecker
[gzserver-1] [ERROR] [1789631408.818762881] [gazebo_ros_state]: GetEntityState: entity [swerve_base] does not exist
[gzserver-1] [ERROR] [1789631408.820356632] [gazebo_ros_state]: GetEntityState: entity [swerve_base] does not exist
[gzserver-1] [ERROR] [1789631408.820560666] [gazebo_ros_state]: GetEntityState: entity [swerve_base] does not exist
[gzserver-1] [ERROR] [1789631408.820698271] [gazebo_ros_state]: GetEntityState: entity [swerve_base] does not exist
[controller_server-8] [INFO] [1789631408.857745504] [controller_server]: Created goal checker : general_goal_checker of type nav2_controller::SimpleGoalChecker
[controller_server-8] [INFO] [1789631408.885827085] [controller_server]: Controller Server has general_goal_checker  goal checkers available.
[controller_server-8] [INFO] [1789631408.889725026] [controller_server]: Created controller : FollowPath of type dwb_core::DWBLocalPlanner
[gzserver-1] [ERROR] [1789631408.922485451] [gazebo_ros_state]: GetEntityState: entity [swerve_base] does not exist
[gzserver-1] [ERROR] [1789631408.942225494] [gazebo_ros_state]: GetEntityState: entity [swerve_base] does not exist
[gzserver-1] [ERROR] [1789631408.951957681] [gazebo_ros_state]: GetEntityState: entity [swerve_base] does not exist
[gzserver-1] [ERROR] [1789631408.958385545] [gazebo_ros_state]: GetEntityState: entity [swerve_base] does not exist
[gzserver-1] [ERROR] [1789631408.962319663] [gazebo_ros_state]: GetEntityState: entity [swerve_base] does not exist
[controller_server-8] [INFO] [1789631408.997530976] [controller_server]: Setting transform_tolerance to 0.200000
[gzserver-1] [ERROR] [1789631409.062524442] [gazebo_ros_state]: GetEntityState: entity [swerve_base] does not exist
[gzserver-1] [ERROR] [1789631409.086643859] [gazebo_ros_state]: GetEntityState: entity [swerve_base] does not exist
[gzserver-1] [ERROR] [1789631409.095702952] [gazebo_ros_state]: GetEntityState: entity [swerve_base] does not exist
[gzserver-1] [ERROR] [1789631409.105509148] [gazebo_ros_state]: GetEntityState: entity [swerve_base] does not exist
[gzserver-1] [ERROR] [1789631409.113805567] [gazebo_ros_state]: GetEntityState: entity [swerve_base] does not exist
[gzserver-1] [ERROR] [1789631409.330358945] [gazebo_ros_state]: GetEntityState: entity [swerve_base] does not exist
[gzserver-1] [ERROR] [1789631409.433820305] [gazebo_ros_state]: GetEntityState: entity [swerve_base] does not exist
[gzserver-1] [ERROR] [1789631409.434054173] [gazebo_ros_state]: GetEntityState: entity [swerve_base] does not exist
[swerve_bridge_node-14] [WARN] [1789631409.483776577] [swerve_bridge]: Django websocket disconnected: [Errno 111] Connection refused
[gzserver-1] [ERROR] [1789631409.515748724] [gazebo_ros_state]: GetEntityState: entity [swerve_base] does not exist
[gzserver-1] [ERROR] [1789631409.536386597] [gazebo_ros_state]: GetEntityState: entity [swerve_base] does not exist
[gzserver-1] [ERROR] [1789631409.569989033] [gazebo_ros_state]: GetEntityState: entity [swerve_base] does not exist
[gzserver-1] [ERROR] [1789631409.610025411] [gazebo_ros_state]: GetEntityState: entity [swerve_base] does not exist
[gzserver-1] [ERROR] [1789631409.615349388] [gazebo_ros_state]: GetEntityState: entity [swerve_base] does not exist
[gzserver-1] [ERROR] [1789631409.616596201] [gazebo_ros_state]: GetEntityState: entity [swerve_base] does not exist
[gzserver-1] [ERROR] [1789631409.650166193] [gazebo_ros_state]: GetEntityState: entity [swerve_base] does not exist
[gzserver-1] [ERROR] [1789631409.739366738] [gazebo_ros_state]: GetEntityState: entity [swerve_base] does not exist
[gzserver-1] [ERROR] [1789631409.758268661] [gazebo_ros_state]: GetEntityState: entity [swerve_base] does not exist
[gzserver-1] [ERROR] [1789631409.758810017] [gazebo_ros_state]: GetEntityState: entity [swerve_base] does not exist
[gzserver-1] [ERROR] [1789631409.760872776] [gazebo_ros_state]: GetEntityState: entity [swerve_base] does not exist
[gzserver-1] [ERROR] [1789631409.775370106] [gazebo_ros_state]: GetEntityState: entity [swerve_base] does not exist
[gzserver-1] [ERROR] [1789631409.887506500] [gazebo_ros_state]: GetEntityState: entity [swerve_base] does not exist
[gzserver-1] [ERROR] [1789631409.895817452] [gazebo_ros_state]: GetEntityState: entity [swerve_base] does not exist
[gzserver-1] [ERROR] [1789631409.969123889] [gazebo_ros_state]: GetEntityState: entity [swerve_base] does not exist
[gzserver-1] [ERROR] [1789631409.970248351] [gazebo_ros_state]: GetEntityState: entity [swerve_base] does not exist
[gzserver-1] [ERROR] [1789631409.970432566] [gazebo_ros_state]: GetEntityState: entity [swerve_base] does not exist
[v30e_sim_node-5] [WARN] [1789631409.985496352] [v30e_sim_node]: get_entity_state failed: entity not available
[gzserver-1] [ERROR] [1789631410.008261292] [gazebo_ros_state]: GetEntityState: entity [swerve_base] does not exist
[gzserver-1] [ERROR] [1789631410.115794731] [gazebo_ros_state]: GetEntityState: entity [swerve_base] does not exist
[gzserver-1] [ERROR] [1789631410.144601964] [gazebo_ros_state]: GetEntityState: entity [swerve_base] does not exist
[gzserver-1] [ERROR] [1789631410.144920565] [gazebo_ros_state]: GetEntityState: entity [swerve_base] does not exist
[gzserver-1] [ERROR] [1789631410.156493814] [gazebo_ros_state]: GetEntityState: entity [swerve_base] does not exist
[gzserver-1] [ERROR] [1789631410.181203973] [gazebo_ros_state]: GetEntityState: entity [swerve_base] does not exist
[controller_server-8] [INFO] [1789631410.189390119] [controller_server]: Using critic "RotateToGoal" (dwb_critics::RotateToGoalCritic)
[controller_server-8] [INFO] [1789631410.238951687] [controller_server]: Critic plugin initialized
[controller_server-8] [INFO] [1789631410.246116343] [controller_server]: Using critic "Oscillation" (dwb_critics::OscillationCritic)
[gzserver-1] [ERROR] [1789631410.260199038] [gazebo_ros_state]: GetEntityState: entity [swerve_base] does not exist
[gzserver-1] [ERROR] [1789631410.281176205] [gazebo_ros_state]: GetEntityState: entity [swerve_base] does not exist
[gzserver-1] [ERROR] [1789631410.281507347] [gazebo_ros_state]: GetEntityState: entity [swerve_base] does not exist
[gzserver-1] [ERROR] [1789631410.281597024] [gazebo_ros_state]: GetEntityState: entity [swerve_base] does not exist
[controller_server-8] [INFO] [1789631410.319623971] [controller_server]: Critic plugin initialized
[gzserver-1] [ERROR] [1789631410.324551631] [gazebo_ros_state]: GetEntityState: entity [swerve_base] does not exist
[controller_server-8] [INFO] [1789631410.331044490] [controller_server]: Using critic "BaseObstacle" (dwb_critics::BaseObstacleCritic)
[controller_server-8] [INFO] [1789631410.341999748] [controller_server]: Critic plugin initialized
[controller_server-8] [INFO] [1789631410.346613478] [controller_server]: Using critic "GoalAlign" (dwb_critics::GoalAlignCritic)
[controller_server-8] [INFO] [1789631410.385367551] [controller_server]: Critic plugin initialized
[gzserver-1] [ERROR] [1789631410.386606735] [gazebo_ros_state]: GetEntityState: entity [swerve_base] does not exist
[controller_server-8] [INFO] [1789631410.400651293] [controller_server]: Using critic "PathAlign" (dwb_critics::PathAlignCritic)
[gzserver-1] [ERROR] [1789631410.414475295] [gazebo_ros_state]: GetEntityState: entity [swerve_base] does not exist
[gzserver-1] [ERROR] [1789631410.421377502] [gazebo_ros_state]: GetEntityState: entity [swerve_base] does not exist
[controller_server-8] [INFO] [1789631410.426680304] [controller_server]: Critic plugin initialized
[gzserver-1] [ERROR] [1789631410.431929721] [gazebo_ros_state]: GetEntityState: entity [swerve_base] does not exist
[gzserver-1] [ERROR] [1789631410.439340870] [gazebo_ros_state]: GetEntityState: entity [swerve_base] does not exist
[controller_server-8] [INFO] [1789631410.446311309] [controller_server]: Using critic "PathDist" (dwb_critics::PathDistCritic)
[controller_server-8] [INFO] [1789631410.468792157] [controller_server]: Critic plugin initialized
[controller_server-8] [INFO] [1789631410.472364876] [controller_server]: Using critic "GoalDist" (dwb_critics::GoalDistCritic)
[controller_server-8] [INFO] [1789631410.493481739] [controller_server]: Critic plugin initialized
[controller_server-8] [INFO] [1789631410.493862438] [controller_server]: Controller Server has FollowPath  controllers available.
[gzserver-1] [ERROR] [1789631410.522082163] [gazebo_ros_state]: GetEntityState: entity [swerve_base] does not exist
[gzserver-1] [ERROR] [1789631410.567234564] [gazebo_ros_state]: GetEntityState: entity [swerve_base] does not exist
[gzserver-1] [ERROR] [1789631410.577695243] [gazebo_ros_state]: GetEntityState: entity [swerve_base] does not exist
[gzserver-1] [ERROR] [1789631410.582376913] [gazebo_ros_state]: GetEntityState: entity [swerve_base] does not exist
[gzserver-1] [ERROR] [1789631410.582601391] [gazebo_ros_state]: GetEntityState: entity [swerve_base] does not exist
[gzserver-1] [ERROR] [1789631410.746296077] [gazebo_ros_state]: GetEntityState: entity [swerve_base] does not exist
[gzserver-1] [ERROR] [1789631410.755336178] [gazebo_ros_state]: GetEntityState: entity [swerve_base] does not exist
[gzserver-1] [ERROR] [1789631410.755643456] [gazebo_ros_state]: GetEntityState: entity [swerve_base] does not exist
[gzserver-1] [ERROR] [1789631410.776945517] [gazebo_ros_state]: GetEntityState: entity [swerve_base] does not exist
[gzserver-1] [ERROR] [1789631410.778881543] [gazebo_ros_state]: GetEntityState: entity [swerve_base] does not exist
[gzserver-1] [ERROR] [1789631410.887178407] [gazebo_ros_state]: GetEntityState: entity [swerve_base] does not exist
[gzserver-1] [ERROR] [1789631410.922712306] [gazebo_ros_state]: GetEntityState: entity [swerve_base] does not exist
[gzserver-1] [ERROR] [1789631410.922910181] [gazebo_ros_state]: GetEntityState: entity [swerve_base] does not exist
[gzserver-1] [ERROR] [1789631410.923022059] [gazebo_ros_state]: GetEntityState: entity [swerve_base] does not exist
[gzserver-1] [ERROR] [1789631410.923115650] [gazebo_ros_state]: GetEntityState: entity [swerve_base] does not exist
[gzserver-1] [ERROR] [1789631411.039787074] [gazebo_ros_state]: GetEntityState: entity [swerve_base] does not exist
[gzserver-1] [ERROR] [1789631411.055073127] [gazebo_ros_state]: GetEntityState: entity [swerve_base] does not exist
[gzserver-1] [ERROR] [1789631411.057715621] [gazebo_ros_state]: GetEntityState: entity [swerve_base] does not exist
[gzserver-1] [ERROR] [1789631411.080252116] [gazebo_ros_state]: GetEntityState: entity [swerve_base] does not exist
[gzserver-1] [ERROR] [1789631411.083772333] [gazebo_ros_state]: GetEntityState: entity [swerve_base] does not exist
[lifecycle_manager-13] [INFO] [1789631411.093409785] [lifecycle_manager_navigation]: [34m[1mConfiguring planner_server[0m[0m
[planner_server-9] [INFO] [1789631411.094173708] [planner_server]: Configuring
[planner_server-9] [INFO] [1789631411.094238859] [global_costmap.global_costmap]: Configuring
[gzserver-1] [ERROR] [1789631411.217964594] [gazebo_ros_state]: GetEntityState: entity [swerve_base] does not exist
[gzserver-1] [ERROR] [1789631411.264925628] [gazebo_ros_state]: GetEntityState: entity [swerve_base] does not exist
[gzserver-1] [ERROR] [1789631411.302816214] [gazebo_ros_state]: GetEntityState: entity [swerve_base] does not exist
[gzserver-1] [ERROR] [1789631411.303161314] [gazebo_ros_state]: GetEntityState: entity [swerve_base] does not exist
[gzserver-1] [ERROR] [1789631411.303362740] [gazebo_ros_state]: GetEntityState: entity [swerve_base] does not exist
[gzserver-1] [ERROR] [1789631411.366254396] [gazebo_ros_state]: GetEntityState: entity [swerve_base] does not exist
[gzserver-1] [ERROR] [1789631411.463138174] [gazebo_ros_state]: GetEntityState: entity [swerve_base] does not exist
[gzserver-1] [ERROR] [1789631411.463612773] [gazebo_ros_state]: GetEntityState: entity [swerve_base] does not exist
[gzserver-1] [ERROR] [1789631411.472289923] [gazebo_ros_state]: GetEntityState: entity [swerve_base] does not exist
[gzserver-1] [ERROR] [1789631411.482106648] [gazebo_ros_state]: GetEntityState: entity [swerve_base] does not exist
[swerve_bridge_node-14] [WARN] [1789631411.488605686] [swerve_bridge]: Django websocket disconnected: [Errno 111] Connection refused
[gzserver-1] [ERROR] [1789631411.524420978] [gazebo_ros_state]: GetEntityState: entity [swerve_base] does not exist
[gzserver-1] [ERROR] [1789631411.567051977] [gazebo_ros_state]: GetEntityState: entity [swerve_base] does not exist
[planner_server-9] [INFO] [1789631411.645791368] [global_costmap.global_costmap]: Using plugin "static_layer"
[gzserver-1] [ERROR] [1789631411.660789806] [gazebo_ros_state]: GetEntityState: entity [swerve_base] does not exist
[gzserver-1] [ERROR] [1789631411.675718794] [gazebo_ros_state]: GetEntityState: entity [swerve_base] does not exist
[gzserver-1] [ERROR] [1789631411.680243329] [gazebo_ros_state]: GetEntityState: entity [swerve_base] does not exist
[gzserver-1] [ERROR] [1789631411.693195738] [gazebo_ros_state]: GetEntityState: entity [swerve_base] does not exist
[gzserver-1] [ERROR] [1789631411.737847843] [gazebo_ros_state]: GetEntityState: entity [swerve_base] does not exist
[planner_server-9] [INFO] [1789631411.747899135] [global_costmap.global_costmap]: Subscribing to the map topic (/map) with transient local durability
[gzserver-1] [ERROR] [1789631411.769571368] [gazebo_ros_state]: GetEntityState: entity [swerve_base] does not exist
[gzserver-1] [ERROR] [1789631411.770154072] [gazebo_ros_state]: GetEntityState: entity [swerve_base] does not exist
[gzserver-1] [ERROR] [1789631411.777387023] [gazebo_ros_state]: GetEntityState: entity [swerve_base] does not exist
[planner_server-9] [INFO] [1789631411.790153814] [global_costmap.global_costmap]: Initialized plugin "static_layer"
[planner_server-9] [INFO] [1789631411.790288953] [global_costmap.global_costmap]: Using plugin "obstacle_layer"
[gzserver-1] [ERROR] [1789631411.824078736] [gazebo_ros_state]: GetEntityState: entity [swerve_base] does not exist
[planner_server-9] [INFO] [1789631411.868946135] [global_costmap.global_costmap]: Subscribed to Topics: scan
[gzserver-1] [ERROR] [1789631411.907115578] [gazebo_ros_state]: GetEntityState: entity [swerve_base] does not exist
[gzserver-1] [ERROR] [1789631411.938689186] [gazebo_ros_state]: GetEntityState: entity [swerve_base] does not exist
[gzserver-1] [ERROR] [1789631411.951025278] [gazebo_ros_state]: GetEntityState: entity [swerve_base] does not exist
[gzserver-1] [ERROR] [1789631411.951838313] [gazebo_ros_state]: GetEntityState: entity [swerve_base] does not exist
[gzserver-1] [ERROR] [1789631411.956685248] [gazebo_ros_state]: GetEntityState: entity [swerve_base] does not exist
[gzserver-1] [ERROR] [1789631412.032679184] [gazebo_ros_state]: GetEntityState: entity [swerve_base] does not exist
[gzserver-1] [ERROR] [1789631412.078705972] [gazebo_ros_state]: GetEntityState: entity [swerve_base] does not exist
[gzserver-1] [ERROR] [1789631412.092371894] [gazebo_ros_state]: GetEntityState: entity [swerve_base] does not exist
[gzserver-1] [ERROR] [1789631412.095862506] [gazebo_ros_state]: GetEntityState: entity [swerve_base] does not exist
[v30e_sim_node-5] [WARN] [1789631412.097790225] [v30e_sim_node]: get_entity_state failed: entity not available
[gzserver-1] [ERROR] [1789631412.101301837] [gazebo_ros_state]: GetEntityState: entity [swerve_base] does not exist
[planner_server-9] [INFO] [1789631412.174655141] [global_costmap.global_costmap]: Initialized plugin "obstacle_layer"
[planner_server-9] [INFO] [1789631412.174738080] [global_costmap.global_costmap]: Using plugin "inflation_layer"
[gzserver-1] [ERROR] [1789631412.220608461] [gazebo_ros_state]: GetEntityState: entity [swerve_base] does not exist
[gzserver-1] [ERROR] [1789631412.238339195] [gazebo_ros_state]: GetEntityState: entity [swerve_base] does not exist
[gzserver-1] [ERROR] [1789631412.238625109] [gazebo_ros_state]: GetEntityState: entity [swerve_base] does not exist
[gzserver-1] [ERROR] [1789631412.238768305] [gazebo_ros_state]: GetEntityState: entity [swerve_base] does not exist
[gzserver-1] [ERROR] [1789631412.238974812] [gazebo_ros_state]: GetEntityState: entity [swerve_base] does not exist
[planner_server-9] [INFO] [1789631412.268255593] [global_costmap.global_costmap]: Initialized plugin "inflation_layer"
[gzserver-1] [ERROR] [1789631412.367989933] [gazebo_ros_state]: GetEntityState: entity [swerve_base] does not exist
[gzserver-1] [ERROR] [1789631412.405484267] [gazebo_ros_state]: GetEntityState: entity [swerve_base] does not exist
[gzserver-1] [ERROR] [1789631412.420430309] [gazebo_ros_state]: GetEntityState: entity [swerve_base] does not exist
[gzserver-1] [ERROR] [1789631412.432546444] [gazebo_ros_state]: GetEntityState: entity [swerve_base] does not exist
[gzserver-1] [ERROR] [1789631412.439667342] [gazebo_ros_state]: GetEntityState: entity [swerve_base] does not exist
[gzserver-1] [ERROR] [1789631412.518580985] [gazebo_ros_state]: GetEntityState: entity [swerve_base] does not exist
[gzserver-1] [ERROR] [1789631412.564028327] [gazebo_ros_state]: GetEntityState: entity [swerve_base] does not exist
[gzserver-1] [ERROR] [1789631412.569459464] [gazebo_ros_state]: GetEntityState: entity [swerve_base] does not exist
[gzserver-1] [ERROR] [1789631412.581074698] [gazebo_ros_state]: GetEntityState: entity [swerve_base] does not exist
[gzserver-1] [ERROR] [1789631412.587207267] [gazebo_ros_state]: GetEntityState: entity [swerve_base] does not exist
[gzserver-1] [ERROR] [1789631412.652748245] [gazebo_ros_state]: GetEntityState: entity [swerve_base] does not exist
[gzserver-1] [ERROR] [1789631412.696914944] [gazebo_ros_state]: GetEntityState: entity [swerve_base] does not exist
[gzserver-1] [ERROR] [1789631412.697141658] [gazebo_ros_state]: GetEntityState: entity [swerve_base] does not exist
[gzserver-1] [ERROR] [1789631412.697224778] [gazebo_ros_state]: GetEntityState: entity [swerve_base] does not exist
[gzserver-1] [ERROR] [1789631412.697295499] [gazebo_ros_state]: GetEntityState: entity [swerve_base] does not exist
[planner_server-9] [INFO] [1789631412.760219911] [planner_server]: Created global planner plugin GridBased of type nav2_navfn_planner/NavfnPlanner
[planner_server-9] [INFO] [1789631412.760296739] [planner_server]: Configuring plugin GridBased of type NavfnPlanner
[planner_server-9] [INFO] [1789631412.797748638] [planner_server]: Planner Server has GridBased  planners available.
[gzserver-1] [ERROR] [1789631412.835635024] [gazebo_ros_state]: GetEntityState: entity [swerve_base] does not exist
[gzserver-1] [ERROR] [1789631412.860139009] [gazebo_ros_state]: GetEntityState: entity [swerve_base] does not exist
[gzserver-1] [ERROR] [1789631412.860414396] [gazebo_ros_state]: GetEntityState: entity [swerve_base] does not exist
[gzserver-1] [ERROR] [1789631412.869311028] [gazebo_ros_state]: GetEntityState: entity [swerve_base] does not exist
[gzserver-1] [ERROR] [1789631412.869715025] [gazebo_ros_state]: GetEntityState: entity [swerve_base] does not exist
[gzserver-1] [ERROR] [1789631413.033766449] [gazebo_ros_state]: GetEntityState: entity [swerve_base] does not exist
[gzserver-1] [ERROR] [1789631413.066423120] [gazebo_ros_state]: GetEntityState: entity [swerve_base] does not exist
[gzserver-1] [ERROR] [1789631413.119335777] [gazebo_ros_state]: GetEntityState: entity [swerve_base] does not exist
[gzserver-1] [ERROR] [1789631413.129558243] [gazebo_ros_state]: GetEntityState: entity [swerve_base] does not exist
[gzserver-1] [ERROR] [1789631413.174498702] [gazebo_ros_state]: GetEntityState: entity [swerve_base] does not exist
[gzserver-1] [ERROR] [1789631413.175387344] [gazebo_ros_state]: GetEntityState: entity [swerve_base] does not exist
[gzserver-1] [ERROR] [1789631413.213322944] [gazebo_ros_state]: GetEntityState: entity [swerve_base] does not exist
[gzserver-1] [ERROR] [1789631413.238155985] [gazebo_ros_state]: GetEntityState: entity [swerve_base] does not exist
[gzserver-1] [ERROR] [1789631413.241572566] [gazebo_ros_state]: GetEntityState: entity [swerve_base] does not exist
[gzserver-1] [ERROR] [1789631413.253749338] [gazebo_ros_state]: GetEntityState: entity [swerve_base] does not exist
[gzserver-1] [ERROR] [1789631413.353552720] [gazebo_ros_state]: GetEntityState: entity [swerve_base] does not exist
[gzserver-1] [ERROR] [1789631413.369223381] [gazebo_ros_state]: GetEntityState: entity [swerve_base] does not exist
[gzserver-1] [ERROR] [1789631413.397338794] [gazebo_ros_state]: GetEntityState: entity [swerve_base] does not exist
[gzserver-1] [ERROR] [1789631413.417099026] [gazebo_ros_state]: GetEntityState: entity [swerve_base] does not exist
[gzserver-1] [ERROR] [1789631413.436902947] [gazebo_ros_state]: GetEntityState: entity [swerve_base] does not exist
[swerve_bridge_node-14] [WARN] [1789631413.491760237] [swerve_bridge]: Django websocket disconnected: [Errno 111] Connection refused
[gzserver-1] [ERROR] [1789631413.524563597] [gazebo_ros_state]: GetEntityState: entity [swerve_base] does not exist
[gzserver-1] [ERROR] [1789631413.569615435] [gazebo_ros_state]: GetEntityState: entity [swerve_base] does not exist
[gzserver-1] [ERROR] [1789631413.581346099] [gazebo_ros_state]: GetEntityState: entity [swerve_base] does not exist
[gzserver-1] [ERROR] [1789631413.585469018] [gazebo_ros_state]: GetEntityState: entity [swerve_base] does not exist
[gzserver-1] [ERROR] [1789631413.585756746] [gazebo_ros_state]: GetEntityState: entity [swerve_base] does not exist
[gzserver-1] [ERROR] [1789631413.722348258] [gazebo_ros_state]: GetEntityState: entity [swerve_base] does not exist
[lifecycle_manager-13] [INFO] [1789631413.735981415] [lifecycle_manager_navigation]: [34m[1mConfiguring behavior_server[0m[0m
[behavior_server-10] [INFO] [1789631413.742576009] [behavior_server]: Configuring
[gzserver-1] [ERROR] [1789631413.764863023] [gazebo_ros_state]: GetEntityState: entity [swerve_base] does not exist
[gzserver-1] [ERROR] [1789631413.771091580] [gazebo_ros_state]: GetEntityState: entity [swerve_base] does not exist
[gzserver-1] [ERROR] [1789631413.771368766] [gazebo_ros_state]: GetEntityState: entity [swerve_base] does not exist
[gzserver-1] [ERROR] [1789631413.771602114] [gazebo_ros_state]: GetEntityState: entity [swerve_base] does not exist
[gzserver-1] [ERROR] [1789631413.870213133] [gazebo_ros_state]: GetEntityState: entity [swerve_base] does not exist
[gzserver-1] [ERROR] [1789631413.887463227] [gazebo_ros_state]: GetEntityState: entity [swerve_base] does not exist
[gzserver-1] [ERROR] [1789631413.887660047] [gazebo_ros_state]: GetEntityState: entity [swerve_base] does not exist
[gzserver-1] [ERROR] [1789631413.897948375] [gazebo_ros_state]: GetEntityState: entity [swerve_base] does not exist
[gzserver-1] [ERROR] [1789631413.912152740] [gazebo_ros_state]: GetEntityState: entity [swerve_base] does not exist
[gzserver-1] [ERROR] [1789631413.995279153] [gazebo_ros_state]: GetEntityState: entity [swerve_base] does not exist
[gzserver-1] [ERROR] [1789631414.019015340] [gazebo_ros_state]: GetEntityState: entity [swerve_base] does not exist
[gzserver-1] [ERROR] [1789631414.019230683] [gazebo_ros_state]: GetEntityState: entity [swerve_base] does not exist
[gzserver-1] [ERROR] [1789631414.024917702] [gazebo_ros_state]: GetEntityState: entity [swerve_base] does not exist
[gzserver-1] [ERROR] [1789631414.029600803] [gazebo_ros_state]: GetEntityState: entity [swerve_base] does not exist
[behavior_server-10] [INFO] [1789631414.113573079] [behavior_server]: Creating behavior plugin spin of type nav2_behaviors/Spin
[behavior_server-10] [INFO] [1789631414.123926562] [behavior_server]: Configuring spin
[gzserver-1] [ERROR] [1789631414.177255522] [gazebo_ros_state]: GetEntityState: entity [swerve_base] does not exist
[gzserver-1] [ERROR] [1789631414.203369560] [gazebo_ros_state]: GetEntityState: entity [swerve_base] does not exist
[gzserver-1] [ERROR] [1789631414.207120938] [gazebo_ros_state]: GetEntityState: entity [swerve_base] does not exist
[gzserver-1] [ERROR] [1789631414.219098413] [gazebo_ros_state]: GetEntityState: entity [swerve_base] does not exist
[v30e_sim_node-5] [WARN] [1789631414.222617420] [v30e_sim_node]: get_entity_state failed: entity not available
[gzserver-1] [ERROR] [1789631414.228449252] [gazebo_ros_state]: GetEntityState: entity [swerve_base] does not exist
[gzserver-1] [ERROR] [1789631414.321815370] [gazebo_ros_state]: GetEntityState: entity [swerve_base] does not exist
[gzserver-1] [ERROR] [1789631414.342107905] [gazebo_ros_state]: GetEntityState: entity [swerve_base] does not exist
[gzserver-1] [ERROR] [1789631414.347488269] [gazebo_ros_state]: GetEntityState: entity [swerve_base] does not exist
[gzserver-1] [ERROR] [1789631414.354745858] [gazebo_ros_state]: GetEntityState: entity [swerve_base] does not exist
[gzserver-1] [ERROR] [1789631414.362371976] [gazebo_ros_state]: GetEntityState: entity [swerve_base] does not exist
[gzserver-1] [ERROR] [1789631414.462057393] [gazebo_ros_state]: GetEntityState: entity [swerve_base] does not exist
[gzserver-1] [ERROR] [1789631414.462359705] [gazebo_ros_state]: GetEntityState: entity [swerve_base] does not exist
[gzserver-1] [ERROR] [1789631414.475400636] [gazebo_ros_state]: GetEntityState: entity [swerve_base] does not exist
[gzserver-1] [ERROR] [1789631414.492298199] [gazebo_ros_state]: GetEntityState: entity [swerve_base] does not exist
[gzserver-1] [ERROR] [1789631414.507341421] [gazebo_ros_state]: GetEntityState: entity [swerve_base] does not exist
[behavior_server-10] [INFO] [1789631414.523558225] [behavior_server]: Creating behavior plugin backup of type nav2_behaviors/BackUp
[behavior_server-10] [INFO] [1789631414.524414763] [behavior_server]: Configuring backup
[gzserver-1] [ERROR] [1789631414.617408848] [gazebo_ros_state]: GetEntityState: entity [swerve_base] does not exist
[gzserver-1] [ERROR] [1789631414.629067559] [gazebo_ros_state]: GetEntityState: entity [swerve_base] does not exist
[gzserver-1] [ERROR] [1789631414.647286599] [gazebo_ros_state]: GetEntityState: entity [swerve_base] does not exist
[gzserver-1] [ERROR] [1789631414.647504268] [gazebo_ros_state]: GetEntityState: entity [swerve_base] does not exist
[gzserver-1] [ERROR] [1789631414.660286974] [gazebo_ros_state]: GetEntityState: entity [swerve_base] does not exist
[gzserver-1] [ERROR] [1789631414.755982104] [gazebo_ros_state]: GetEntityState: entity [swerve_base] does not exist
[gzserver-1] [ERROR] [1789631414.792968933] [gazebo_ros_state]: GetEntityState: entity [swerve_base] does not exist
[gzserver-1] [ERROR] [1789631414.801672317] [gazebo_ros_state]: GetEntityState: entity [swerve_base] does not exist
[gzserver-1] [ERROR] [1789631414.815811972] [gazebo_ros_state]: GetEntityState: entity [swerve_base] does not exist
[gzserver-1] [ERROR] [1789631414.818234747] [gazebo_ros_state]: GetEntityState: entity [swerve_base] does not exist
[gzserver-1] [ERROR] [1789631414.923695690] [gazebo_ros_state]: GetEntityState: entity [swerve_base] does not exist
[gzserver-1] [ERROR] [1789631414.955684600] [gazebo_ros_state]: GetEntityState: entity [swerve_base] does not exist
[gzserver-1] [ERROR] [1789631414.956441857] [gazebo_ros_state]: GetEntityState: entity [swerve_base] does not exist
[gzserver-1] [ERROR] [1789631414.956672804] [gazebo_ros_state]: GetEntityState: entity [swerve_base] does not exist
[gzserver-1] [ERROR] [1789631414.957024739] [gazebo_ros_state]: GetEntityState: entity [swerve_base] does not exist
[behavior_server-10] [INFO] [1789631415.002101616] [behavior_server]: Creating behavior plugin drive_on_heading of type nav2_behaviors/DriveOnHeading
[behavior_server-10] [INFO] [1789631415.005011080] [behavior_server]: Configuring drive_on_heading
[gzserver-1] [ERROR] [1789631415.073459355] [gazebo_ros_state]: GetEntityState: entity [swerve_base] does not exist
[gzserver-1] [ERROR] [1789631415.108881426] [gazebo_ros_state]: GetEntityState: entity [swerve_base] does not exist
[gzserver-1] [ERROR] [1789631415.112428405] [gazebo_ros_state]: GetEntityState: entity [swerve_base] does not exist
[gzserver-1] [ERROR] [1789631415.116489529] [gazebo_ros_state]: GetEntityState: entity [swerve_base] does not exist
[gzserver-1] [ERROR] [1789631415.118846944] [gazebo_ros_state]: GetEntityState: entity [swerve_base] does not exist
[gzserver-1] [ERROR] [1789631415.219700717] [gazebo_ros_state]: GetEntityState: entity [swerve_base] does not exist
[gzserver-1] [ERROR] [1789631415.289757054] [gazebo_ros_state]: GetEntityState: entity [swerve_base] does not exist
[gzserver-1] [ERROR] [1789631415.301569874] [gazebo_ros_state]: GetEntityState: entity [swerve_base] does not exist
[gzserver-1] [ERROR] [1789631415.301831451] [gazebo_ros_state]: GetEntityState: entity [swerve_base] does not exist
[gzserver-1] [ERROR] [1789631415.301958733] [gazebo_ros_state]: GetEntityState: entity [swerve_base] does not exist
[gzserver-1] [ERROR] [1789631415.414278275] [gazebo_ros_state]: GetEntityState: entity [swerve_base] does not exist
[behavior_server-10] [INFO] [1789631415.422080837] [behavior_server]: Creating behavior plugin wait of type nav2_behaviors/Wait
[behavior_server-10] [INFO] [1789631415.428742419] [behavior_server]: Configuring wait
[gzserver-1] [ERROR] [1789631415.440021669] [gazebo_ros_state]: GetEntityState: entity [swerve_base] does not exist
[gzserver-1] [ERROR] [1789631415.451432076] [gazebo_ros_state]: GetEntityState: entity [swerve_base] does not exist
[gzserver-1] [ERROR] [1789631415.470537271] [gazebo_ros_state]: GetEntityState: entity [swerve_base] does not exist
[gzserver-1] [ERROR] [1789631415.482876303] [gazebo_ros_state]: GetEntityState: entity [swerve_base] does not exist
[swerve_bridge_node-14] [WARN] [1789631415.502344857] [swerve_bridge]: Django websocket disconnected: [Errno 111] Connection refused
[gzserver-1] [ERROR] [1789631415.609421569] [gazebo_ros_state]: GetEntityState: entity [swerve_base] does not exist
[gzserver-1] [ERROR] [1789631415.613434193] [gazebo_ros_state]: GetEntityState: entity [swerve_base] does not exist
[gzserver-1] [ERROR] [1789631415.613723016] [gazebo_ros_state]: GetEntityState: entity [swerve_base] does not exist
[gzserver-1] [ERROR] [1789631415.614177163] [gazebo_ros_state]: GetEntityState: entity [swerve_base] does not exist
[gzserver-1] [ERROR] [1789631415.614360799] [gazebo_ros_state]: GetEntityState: entity [swerve_base] does not exist
[gzserver-1] [ERROR] [1789631415.718710413] [gazebo_ros_state]: GetEntityState: entity [swerve_base] does not exist
[gzserver-1] [ERROR] [1789631415.774010861] [gazebo_ros_state]: GetEntityState: entity [swerve_base] does not exist
[gzserver-1] [ERROR] [1789631415.774310896] [gazebo_ros_state]: GetEntityState: entity [swerve_base] does not exist
[gzserver-1] [ERROR] [1789631415.785218072] [gazebo_ros_state]: GetEntityState: entity [swerve_base] does not exist
[gzserver-1] [ERROR] [1789631415.786028823] [gazebo_ros_state]: GetEntityState: entity [swerve_base] does not exist
[lifecycle_manager-13] [INFO] [1789631415.833977216] [lifecycle_manager_navigation]: [34m[1mConfiguring bt_navigator[0m[0m
[bt_navigator-11] [INFO] [1789631415.835896041] [bt_navigator]: Configuring
[gzserver-1] [ERROR] [1789631415.910798577] [gazebo_ros_state]: GetEntityState: entity [swerve_base] does not exist
[gzserver-1] [ERROR] [1789631415.946927651] [gazebo_ros_state]: GetEntityState: entity [swerve_base] does not exist
[gzserver-1] [ERROR] [1789631415.947226215] [gazebo_ros_state]: GetEntityState: entity [swerve_base] does not exist
[gzserver-1] [ERROR] [1789631415.967692974] [gazebo_ros_state]: GetEntityState: entity [swerve_base] does not exist
[gzserver-1] [ERROR] [1789631415.967909933] [gazebo_ros_state]: GetEntityState: entity [swerve_base] does not exist
[gzserver-1] [ERROR] [1789631416.036329374] [gazebo_ros_state]: GetEntityState: entity [swerve_base] does not exist
[gzserver-1] [ERROR] [1789631416.096887102] [gazebo_ros_state]: GetEntityState: entity [swerve_base] does not exist
[gzserver-1] [ERROR] [1789631416.101478710] [gazebo_ros_state]: GetEntityState: entity [swerve_base] does not exist
[gzserver-1] [ERROR] [1789631416.108804431] [gazebo_ros_state]: GetEntityState: entity [swerve_base] does not exist
[gzserver-1] [ERROR] [1789631416.118252109] [gazebo_ros_state]: GetEntityState: entity [swerve_base] does not exist
[gzserver-1] [ERROR] [1789631416.231129326] [gazebo_ros_state]: GetEntityState: entity [swerve_base] does not exist
[gzserver-1] [ERROR] [1789631416.264715902] [gazebo_ros_state]: GetEntityState: entity [swerve_base] does not exist
[gzserver-1] [ERROR] [1789631416.278192658] [gazebo_ros_state]: GetEntityState: entity [swerve_base] does not exist
[gzserver-1] [ERROR] [1789631416.278444164] [gazebo_ros_state]: GetEntityState: entity [swerve_base] does not exist
[gzserver-1] [ERROR] [1789631416.278519047] [gazebo_ros_state]: GetEntityState: entity [swerve_base] does not exist
[v30e_sim_node-5] [WARN] [1789631416.283635573] [v30e_sim_node]: get_entity_state failed: entity not available
[gzserver-1] [ERROR] [1789631416.379800622] [gazebo_ros_state]: GetEntityState: entity [swerve_base] does not exist
[gzserver-1] [ERROR] [1789631416.413334872] [gazebo_ros_state]: GetEntityState: entity [swerve_base] does not exist
[gzserver-1] [ERROR] [1789631416.446246311] [gazebo_ros_state]: GetEntityState: entity [swerve_base] does not exist
[gzserver-1] [ERROR] [1789631416.446475523] [gazebo_ros_state]: GetEntityState: entity [swerve_base] does not exist
[gzserver-1] [ERROR] [1789631416.446574138] [gazebo_ros_state]: GetEntityState: entity [swerve_base] does not exist
[gzserver-1] [ERROR] [1789631416.584372301] [gazebo_ros_state]: GetEntityState: entity [swerve_base] does not exist
[gzserver-1] [ERROR] [1789631416.598481669] [gazebo_ros_state]: GetEntityState: entity [swerve_base] does not exist
[gzserver-1] [ERROR] [1789631416.605688893] [gazebo_ros_state]: GetEntityState: entity [swerve_base] does not exist
[gzserver-1] [ERROR] [1789631416.616193041] [gazebo_ros_state]: GetEntityState: entity [swerve_base] does not exist
[gzserver-1] [ERROR] [1789631416.624149911] [gazebo_ros_state]: GetEntityState: entity [swerve_base] does not exist
[gzserver-1] [ERROR] [1789631416.746168960] [gazebo_ros_state]: GetEntityState: entity [swerve_base] does not exist
[gzserver-1] [ERROR] [1789631416.786484439] [gazebo_ros_state]: GetEntityState: entity [swerve_base] does not exist
[gzserver-1] [ERROR] [1789631416.789791445] [gazebo_ros_state]: GetEntityState: entity [swerve_base] does not exist
[gzserver-1] [ERROR] [1789631416.795350736] [gazebo_ros_state]: GetEntityState: entity [swerve_base] does not exist
[gzserver-1] [ERROR] [1789631416.795634266] [gazebo_ros_state]: GetEntityState: entity [swerve_base] does not exist
[gzserver-1] [ERROR] [1789631416.899667984] [gazebo_ros_state]: GetEntityState: entity [swerve_base] does not exist
[gzserver-1] [ERROR] [1789631416.947461095] [gazebo_ros_state]: GetEntityState: entity [swerve_base] does not exist
[gzserver-1] [ERROR] [1789631416.947918160] [gazebo_ros_state]: GetEntityState: entity [swerve_base] does not exist
[gzserver-1] [ERROR] [1789631416.953107273] [gazebo_ros_state]: GetEntityState: entity [swerve_base] does not exist
[gzserver-1] [ERROR] [1789631416.953401922] [gazebo_ros_state]: GetEntityState: entity [swerve_base] does not exist
[gzserver-1] [ERROR] [1789631417.058176509] [gazebo_ros_state]: GetEntityState: entity [swerve_base] does not exist
[gzserver-1] [ERROR] [1789631417.078339792] [gazebo_ros_state]: GetEntityState: entity [swerve_base] does not exist
[gzserver-1] [ERROR] [1789631417.078606407] [gazebo_ros_state]: GetEntityState: entity [swerve_base] does not exist
[gzserver-1] [ERROR] [1789631417.078846905] [gazebo_ros_state]: GetEntityState: entity [swerve_base] does not exist
[gzserver-1] [ERROR] [1789631417.099223300] [gazebo_ros_state]: GetEntityState: entity [swerve_base] does not exist
[gzserver-1] [ERROR] [1789631417.191873786] [gazebo_ros_state]: GetEntityState: entity [swerve_base] does not exist
[gzserver-1] [ERROR] [1789631417.228565013] [gazebo_ros_state]: GetEntityState: entity [swerve_base] does not exist
[gzserver-1] [ERROR] [1789631417.237039562] [gazebo_ros_state]: GetEntityState: entity [swerve_base] does not exist
[gzserver-1] [ERROR] [1789631417.237792000] [gazebo_ros_state]: GetEntityState: entity [swerve_base] does not exist
[gzserver-1] [ERROR] [1789631417.242445789] [gazebo_ros_state]: GetEntityState: entity [swerve_base] does not exist
[gzserver-1] [ERROR] [1789631417.354338363] [gazebo_ros_state]: GetEntityState: entity [swerve_base] does not exist
[gzserver-1] [ERROR] [1789631417.377222974] [gazebo_ros_state]: GetEntityState: entity [swerve_base] does not exist
[gzserver-1] [ERROR] [1789631417.377453155] [gazebo_ros_state]: GetEntityState: entity [swerve_base] does not exist
[gzserver-1] [ERROR] [1789631417.377564548] [gazebo_ros_state]: GetEntityState: entity [swerve_base] does not exist
[gzserver-1] [ERROR] [1789631417.377696421] [gazebo_ros_state]: GetEntityState: entity [swerve_base] does not exist
[swerve_bridge_node-14] [WARN] [1789631417.547535734] [swerve_bridge]: Django websocket disconnected: [Errno 111] Connection refused
[gzserver-1] [ERROR] [1789631417.572322006] [gazebo_ros_state]: GetEntityState: entity [swerve_base] does not exist
[gzserver-1] [ERROR] [1789631417.616393232] [gazebo_ros_state]: GetEntityState: entity [swerve_base] does not exist
[gzserver-1] [ERROR] [1789631417.616636393] [gazebo_ros_state]: GetEntityState: entity [swerve_base] does not exist
[gzserver-1] [ERROR] [1789631417.616775994] [gazebo_ros_state]: GetEntityState: entity [swerve_base] does not exist
[gzserver-1] [ERROR] [1789631417.616879049] [gazebo_ros_state]: GetEntityState: entity [swerve_base] does not exist
[gzserver-1] [ERROR] [1789631417.742888723] [gazebo_ros_state]: GetEntityState: entity [swerve_base] does not exist
[gzserver-1] [ERROR] [1789631417.774869119] [gazebo_ros_state]: GetEntityState: entity [swerve_base] does not exist
[gzserver-1] [ERROR] [1789631417.785022525] [gazebo_ros_state]: GetEntityState: entity [swerve_base] does not exist
[gzserver-1] [ERROR] [1789631417.791268553] [gazebo_ros_state]: GetEntityState: entity [swerve_base] does not exist
[gzserver-1] [ERROR] [1789631417.796178073] [gazebo_ros_state]: GetEntityState: entity [swerve_base] does not exist
[gzserver-1] [ERROR] [1789631417.904396175] [gazebo_ros_state]: GetEntityState: entity [swerve_base] does not exist
[gzserver-1] [ERROR] [1789631417.933751607] [gazebo_ros_state]: GetEntityState: entity [swerve_base] does not exist
[gzserver-1] [ERROR] [1789631417.934184006] [gazebo_ros_state]: GetEntityState: entity [swerve_base] does not exist
[gzserver-1] [ERROR] [1789631417.940739587] [gazebo_ros_state]: GetEntityState: entity [swerve_base] does not exist
[gzserver-1] [ERROR] [1789631417.950416572] [gazebo_ros_state]: GetEntityState: entity [swerve_base] does not exist
[gzserver-1] [ERROR] [1789631418.029366453] [gazebo_ros_state]: GetEntityState: entity [swerve_base] does not exist
[gzserver-1] [ERROR] [1789631418.054653272] [gazebo_ros_state]: GetEntityState: entity [swerve_base] does not exist
[gzserver-1] [ERROR] [1789631418.068192609] [gazebo_ros_state]: GetEntityState: entity [swerve_base] does not exist
[gzserver-1] [ERROR] [1789631418.071311757] [gazebo_ros_state]: GetEntityState: entity [swerve_base] does not exist
[gzserver-1] [ERROR] [1789631418.079569884] [gazebo_ros_state]: GetEntityState: entity [swerve_base] does not exist
[gzserver-1] [ERROR] [1789631418.179409106] [gazebo_ros_state]: GetEntityState: entity [swerve_base] does not exist
[gzserver-1] [ERROR] [1789631418.203414111] [gazebo_ros_state]: GetEntityState: entity [swerve_base] does not exist
[gzserver-1] [ERROR] [1789631418.203670132] [gazebo_ros_state]: GetEntityState: entity [swerve_base] does not exist
[gzserver-1] [ERROR] [1789631418.203810216] [gazebo_ros_state]: GetEntityState: entity [swerve_base] does not exist
[gzserver-1] [ERROR] [1789631418.203924634] [gazebo_ros_state]: GetEntityState: entity [swerve_base] does not exist
[gzserver-1] [ERROR] [1789631418.314446810] [gazebo_ros_state]: GetEntityState: entity [swerve_base] does not exist
[gzserver-1] [ERROR] [1789631418.356860752] [gazebo_ros_state]: GetEntityState: entity [swerve_base] does not exist
[v30e_sim_node-5] [WARN] [1789631418.363535066] [v30e_sim_node]: get_entity_state failed: entity not available
[gzserver-1] [ERROR] [1789631418.365734102] [gazebo_ros_state]: GetEntityState: entity [swerve_base] does not exist
[gzserver-1] [ERROR] [1789631418.366115586] [gazebo_ros_state]: GetEntityState: entity [swerve_base] does not exist
[gzserver-1] [ERROR] [1789631418.366226454] [gazebo_ros_state]: GetEntityState: entity [swerve_base] does not exist
[gzserver-1] [ERROR] [1789631418.477716599] [gazebo_ros_state]: GetEntityState: entity [swerve_base] does not exist
[gzserver-1] [ERROR] [1789631418.511720823] [gazebo_ros_state]: GetEntityState: entity [swerve_base] does not exist
[gzserver-1] [ERROR] [1789631418.518063782] [gazebo_ros_state]: GetEntityState: entity [swerve_base] does not exist
[gzserver-1] [ERROR] [1789631418.518286031] [gazebo_ros_state]: GetEntityState: entity [swerve_base] does not exist
[gzserver-1] [ERROR] [1789631418.518424133] [gazebo_ros_state]: GetEntityState: entity [swerve_base] does not exist
[gzserver-1] [ERROR] [1789631418.633456390] [gazebo_ros_state]: GetEntityState: entity [swerve_base] does not exist
[gzserver-1] [ERROR] [1789631418.672332867] [gazebo_ros_state]: GetEntityState: entity [swerve_base] does not exist
[gzserver-1] [ERROR] [1789631418.672598219] [gazebo_ros_state]: GetEntityState: entity [swerve_base] does not exist
[gzserver-1] [ERROR] [1789631418.672741284] [gazebo_ros_state]: GetEntityState: entity [swerve_base] does not exist
[gzserver-1] [ERROR] [1789631418.702995440] [gazebo_ros_state]: GetEntityState: entity [swerve_base] does not exist
[gzserver-1] [ERROR] [1789631418.792602438] [gazebo_ros_state]: GetEntityState: entity [swerve_base] does not exist
[gzserver-1] [ERROR] [1789631418.889657062] [gazebo_ros_state]: GetEntityState: entity [swerve_base] does not exist
[gzserver-1] [ERROR] [1789631418.902451410] [gazebo_ros_state]: GetEntityState: entity [swerve_base] does not exist
[gzserver-1] [ERROR] [1789631418.909841722] [gazebo_ros_state]: GetEntityState: entity [swerve_base] does not exist
[gzserver-1] [ERROR] [1789631418.911172612] [gazebo_ros_state]: GetEntityState: entity [swerve_base] does not exist
[gzserver-1] [ERROR] [1789631419.007595934] [gazebo_ros_state]: GetEntityState: entity [swerve_base] does not exist
[gzserver-1] [ERROR] [1789631419.049073131] [gazebo_ros_state]: GetEntityState: entity [swerve_base] does not exist
[gzserver-1] [ERROR] [1789631419.056401738] [gazebo_ros_state]: GetEntityState: entity [swerve_base] does not exist
[gzserver-1] [ERROR] [1789631419.063502426] [gazebo_ros_state]: GetEntityState: entity [swerve_base] does not exist
[gzserver-1] [ERROR] [1789631419.067643344] [gazebo_ros_state]: GetEntityState: entity [swerve_base] does not exist
[gzserver-1] [ERROR] [1789631419.208836582] [gazebo_ros_state]: GetEntityState: entity [swerve_base] does not exist
[gzserver-1] [ERROR] [1789631419.271170426] [gazebo_ros_state]: GetEntityState: entity [swerve_base] does not exist
[gzserver-1] [ERROR] [1789631419.280499223] [gazebo_ros_state]: GetEntityState: entity [swerve_base] does not exist
[gzserver-1] [ERROR] [1789631419.280763354] [gazebo_ros_state]: GetEntityState: entity [swerve_base] does not exist
[gzserver-1] [ERROR] [1789631419.280895113] [gazebo_ros_state]: GetEntityState: entity [swerve_base] does not exist
[gzserver-1] [ERROR] [1789631419.385457976] [gazebo_ros_state]: GetEntityState: entity [swerve_base] does not exist
[gzserver-1] [ERROR] [1789631419.454994042] [gazebo_ros_state]: GetEntityState: entity [swerve_base] does not exist
[gzserver-1] [ERROR] [1789631419.483548348] [gazebo_ros_state]: GetEntityState: entity [swerve_base] does not exist
[gzserver-1] [ERROR] [1789631419.491487038] [gazebo_ros_state]: GetEntityState: entity [swerve_base] does not exist
[gzserver-1] [ERROR] [1789631419.491779561] [gazebo_ros_state]: GetEntityState: entity [swerve_base] does not exist
[swerve_bridge_node-14] [WARN] [1789631419.549110791] [swerve_bridge]: Django websocket disconnected: [Errno 111] Connection refused
[gzserver-1] [ERROR] [1789631419.598123546] [gazebo_ros_state]: GetEntityState: entity [swerve_base] does not exist
[gzserver-1] [ERROR] [1789631419.640360633] [gazebo_ros_state]: GetEntityState: entity [swerve_base] does not exist
[gzserver-1] [ERROR] [1789631419.640560085] [gazebo_ros_state]: GetEntityState: entity [swerve_base] does not exist
[gzserver-1] [ERROR] [1789631419.640651527] [gazebo_ros_state]: GetEntityState: entity [swerve_base] does not exist
[gzserver-1] [ERROR] [1789631419.683220630] [gazebo_ros_state]: GetEntityState: entity [swerve_base] does not exist
[gzserver-1] [ERROR] [1789631419.862764896] [gazebo_ros_state]: GetEntityState: entity [swerve_base] does not exist
[gzserver-1] [ERROR] [1789631419.867348379] [gazebo_ros_state]: GetEntityState: entity [swerve_base] does not exist
[gzserver-1] [ERROR] [1789631419.867512882] [gazebo_ros_state]: GetEntityState: entity [swerve_base] does not exist
[gzserver-1] [ERROR] [1789631419.867572483] [gazebo_ros_state]: GetEntityState: entity [swerve_base] does not exist
[gzserver-1] [ERROR] [1789631419.999720425] [gazebo_ros_state]: GetEntityState: entity [swerve_base] does not exist
[gzserver-1] [ERROR] [1789631420.035589560] [gazebo_ros_state]: GetEntityState: entity [swerve_base] does not exist
[gzserver-1] [ERROR] [1789631420.039355099] [gazebo_ros_state]: GetEntityState: entity [swerve_base] does not exist
[gzserver-1] [ERROR] [1789631420.046036953] [gazebo_ros_state]: GetEntityState: entity [swerve_base] does not exist
[gzserver-1] [ERROR] [1789631420.217876594] [gazebo_ros_state]: GetEntityState: entity [swerve_base] does not exist
[gzserver-1] [ERROR] [1789631420.230980282] [gazebo_ros_state]: GetEntityState: entity [swerve_base] does not exist
[gzserver-1] [ERROR] [1789631420.241189728] [gazebo_ros_state]: GetEntityState: entity [swerve_base] does not exist
[gzserver-1] [ERROR] [1789631420.241852353] [gazebo_ros_state]: GetEntityState: entity [swerve_base] does not exist
[lifecycle_manager-13] [INFO] [1789631420.273307708] [lifecycle_manager_navigation]: [34m[1mConfiguring waypoint_follower[0m[0m
[waypoint_follower-12] [INFO] [1789631420.282135749] [waypoint_follower]: Configuring
[gzserver-1] [ERROR] [1789631420.384546070] [gazebo_ros_state]: GetEntityState: entity [swerve_base] does not exist
[gzserver-1] [ERROR] [1789631420.384912885] [gazebo_ros_state]: GetEntityState: entity [swerve_base] does not exist
[gzserver-1] [ERROR] [1789631420.400017436] [gazebo_ros_state]: GetEntityState: entity [swerve_base] does not exist
[gzserver-1] [ERROR] [1789631420.400243128] [gazebo_ros_state]: GetEntityState: entity [swerve_base] does not exist
[v30e_sim_node-5] [WARN] [1789631420.405453847] [v30e_sim_node]: get_entity_state failed: entity not available
[gzserver-1] [ERROR] [1789631420.540240780] [gazebo_ros_state]: GetEntityState: entity [swerve_base] does not exist
[gzserver-1] [ERROR] [1789631420.559070002] [gazebo_ros_state]: GetEntityState: entity [swerve_base] does not exist
[gzserver-1] [ERROR] [1789631420.566055358] [gazebo_ros_state]: GetEntityState: entity [swerve_base] does not exist
[gzserver-1] [ERROR] [1789631420.575597499] [gazebo_ros_state]: GetEntityState: entity [swerve_base] does not exist
[gzserver-1] [ERROR] [1789631420.705249111] [gazebo_ros_state]: GetEntityState: entity [swerve_base] does not exist
[gzserver-1] [ERROR] [1789631420.710186685] [gazebo_ros_state]: GetEntityState: entity [swerve_base] does not exist
[gzserver-1] [ERROR] [1789631420.712773410] [gazebo_ros_state]: GetEntityState: entity [swerve_base] does not exist
[gzserver-1] [ERROR] [1789631420.723519639] [gazebo_ros_state]: GetEntityState: entity [swerve_base] does not exist
[gzserver-1] [ERROR] [1789631420.821925145] [gazebo_ros_state]: GetEntityState: entity [swerve_base] does not exist
[gzserver-1] [ERROR] [1789631420.854492355] [gazebo_ros_state]: GetEntityState: entity [swerve_base] does not exist
[gzserver-1] [ERROR] [1789631420.863187202] [gazebo_ros_state]: GetEntityState: entity [swerve_base] does not exist
[gzserver-1] [ERROR] [1789631420.870525818] [gazebo_ros_state]: GetEntityState: entity [swerve_base] does not exist
[waypoint_follower-12] [INFO] [1789631420.891022258] [waypoint_follower]: Created waypoint_task_executor : wait_at_waypoint of type nav2_waypoint_follower::WaitAtWaypoint
[waypoint_follower-12] [INFO] [1789631420.915669612] [waypoint_follower]: Waypoint pause duration is set to zero, disabling task executor plugin.
[lifecycle_manager-13] [INFO] [1789631420.927122072] [lifecycle_manager_navigation]: [34m[1mActivating map_server[0m[0m
[map_server-7] [INFO] [1789631420.928591871] [map_server]: Activating
[map_server-7] [INFO] [1789631420.929710187] [map_server]: Creating bond (map_server) to lifecycle manager.
[planner_server-9] [INFO] [1789631420.935933997] [global_costmap.global_costmap]: StaticLayer: Resizing costmap to 676 X 680 at 0.050000 m/pix
[gzserver-1] [ERROR] [1789631420.981072274] [gazebo_ros_state]: GetEntityState: entity [swerve_base] does not exist
[gzserver-1] [ERROR] [1789631420.998042212] [gazebo_ros_state]: GetEntityState: entity [swerve_base] does not exist
[gzserver-1] [ERROR] [1789631420.998337036] [gazebo_ros_state]: GetEntityState: entity [swerve_base] does not exist
[gzserver-1] [ERROR] [1789631420.998555738] [gazebo_ros_state]: GetEntityState: entity [swerve_base] does not exist
[lifecycle_manager-13] [INFO] [1789631421.089705767] [lifecycle_manager_navigation]: Server map_server connected with bond.
[lifecycle_manager-13] [INFO] [1789631421.090652335] [lifecycle_manager_navigation]: [34m[1mActivating controller_server[0m[0m
[controller_server-8] [INFO] [1789631421.093609977] [controller_server]: Activating
[controller_server-8] [INFO] [1789631421.093720611] [local_costmap.local_costmap]: Activating
[controller_server-8] [INFO] [1789631421.093744774] [local_costmap.local_costmap]: Checking transform
[controller_server-8] [INFO] [1789631421.094047322] [local_costmap.local_costmap]: start
[gzserver-1] [ERROR] [1789631421.158624305] [gazebo_ros_state]: GetEntityState: entity [swerve_base] does not exist
[gzserver-1] [ERROR] [1789631421.167517653] [gazebo_ros_state]: GetEntityState: entity [swerve_base] does not exist
[gzserver-1] [ERROR] [1789631421.177954154] [gazebo_ros_state]: GetEntityState: entity [swerve_base] does not exist
[gzserver-1] [ERROR] [1789631421.185182361] [gazebo_ros_state]: GetEntityState: entity [swerve_base] does not exist
[gzserver-1] [ERROR] [1789631421.275786982] [gazebo_ros_state]: GetEntityState: entity [swerve_base] does not exist
[controller_server-8] [INFO] [1789631421.279185461] [controller_server]: Creating bond (controller_server) to lifecycle manager.
[gzserver-1] [ERROR] [1789631421.302201259] [gazebo_ros_state]: GetEntityState: entity [swerve_base] does not exist
[gzserver-1] [ERROR] [1789631421.303289646] [gazebo_ros_state]: GetEntityState: entity [swerve_base] does not exist
[gzserver-1] [ERROR] [1789631421.310662699] [gazebo_ros_state]: GetEntityState: entity [swerve_base] does not exist
[gzserver-1] [ERROR] [1789631421.434461023] [gazebo_ros_state]: GetEntityState: entity [swerve_base] does not exist
[gzserver-1] [ERROR] [1789631421.471434395] [gazebo_ros_state]: GetEntityState: entity [swerve_base] does not exist
[gzserver-1] [ERROR] [1789631421.472133341] [gazebo_ros_state]: GetEntityState: entity [swerve_base] does not exist
[gzserver-1] [ERROR] [1789631421.474510471] [gazebo_ros_state]: GetEntityState: entity [swerve_base] does not exist
[lifecycle_manager-13] [INFO] [1789631421.507577382] [lifecycle_manager_navigation]: Server controller_server connected with bond.
[lifecycle_manager-13] [INFO] [1789631421.507662562] [lifecycle_manager_navigation]: [34m[1mActivating planner_server[0m[0m
[planner_server-9] [INFO] [1789631421.508717239] [planner_server]: Activating
[planner_server-9] [INFO] [1789631421.508795904] [global_costmap.global_costmap]: Activating
[planner_server-9] [INFO] [1789631421.508818994] [global_costmap.global_costmap]: Checking transform
[planner_server-9] [INFO] [1789631421.508975962] [global_costmap.global_costmap]: start
[swerve_bridge_node-14] [WARN] [1789631421.552302582] [swerve_bridge]: Django websocket disconnected: [Errno 111] Connection refused
[gzserver-1] [ERROR] [1789631421.562371856] [gazebo_ros_state]: GetEntityState: entity [swerve_base] does not exist
[gzserver-1] [ERROR] [1789631421.574232069] [gazebo_ros_state]: GetEntityState: entity [swerve_base] does not exist
[gzserver-1] [ERROR] [1789631421.574493831] [gazebo_ros_state]: GetEntityState: entity [swerve_base] does not exist
[gzserver-1] [ERROR] [1789631421.574660780] [gazebo_ros_state]: GetEntityState: entity [swerve_base] does not exist
