[INFO] [launch]: All log files can be found below /home/yahboom/.ros/log/2026-09-17-15-46-15-737569-yahboom-virtual-machine-126042
[INFO] [launch]: Default logging verbosity is set to INFO
[INFO] [gzserver-1]: process started with pid [126066]
[INFO] [robot_state_publisher-2]: process started with pid [126068]
[INFO] [spawn_entity.py-3]: process started with pid [126070]
[INFO] [ekf_node-4]: process started with pid [126072]
[INFO] [v30e_sim_node-5]: process started with pid [126074]
[INFO] [ekf_node-6]: process started with pid [126077]
[INFO] [map_server-7]: process started with pid [126086]
[INFO] [controller_server-8]: process started with pid [126096]
[INFO] [planner_server-9]: process started with pid [126098]
[INFO] [behavior_server-10]: process started with pid [126100]
[INFO] [bt_navigator-11]: process started with pid [126102]
[INFO] [waypoint_follower-12]: process started with pid [126104]
[INFO] [lifecycle_manager-13]: process started with pid [126107]
[INFO] [swerve_bridge_node-14]: process started with pid [126117]
[behavior_server-10] [INFO] [1789631180.634218530] [behavior_server]: 
[behavior_server-10] 	behavior_server lifecycle node launched. 
[behavior_server-10] 	Waiting on external lifecycle transitions to activate
[behavior_server-10] 	See https://design.ros2.org/articles/node_lifecycle.html for more information.
[robot_state_publisher-2] [INFO] [1789631180.878542589] [robot_state_publisher]: got segment base_footprint
[robot_state_publisher-2] [INFO] [1789631180.882550226] [robot_state_publisher]: got segment base_link
[robot_state_publisher-2] [INFO] [1789631180.882568946] [robot_state_publisher]: got segment imu_link
[robot_state_publisher-2] [INFO] [1789631180.882577251] [robot_state_publisher]: got segment lidar_link
[robot_state_publisher-2] [INFO] [1789631180.882584724] [robot_state_publisher]: got segment steer_front_link
[robot_state_publisher-2] [INFO] [1789631180.882592004] [robot_state_publisher]: got segment steer_rear_link
[robot_state_publisher-2] [INFO] [1789631180.882598974] [robot_state_publisher]: got segment v30e_link
[robot_state_publisher-2] [INFO] [1789631180.882605557] [robot_state_publisher]: got segment wheel_front_drive_link
[robot_state_publisher-2] [INFO] [1789631180.882612602] [robot_state_publisher]: got segment wheel_front_left_link
[robot_state_publisher-2] [INFO] [1789631180.882619037] [robot_state_publisher]: got segment wheel_front_right_link
[robot_state_publisher-2] [INFO] [1789631180.882625611] [robot_state_publisher]: got segment wheel_rear_drive_link
[robot_state_publisher-2] [INFO] [1789631180.882631774] [robot_state_publisher]: got segment wheel_rear_left_link
[robot_state_publisher-2] [INFO] [1789631180.882638261] [robot_state_publisher]: got segment wheel_rear_right_link
[waypoint_follower-12] [INFO] [1789631181.187627712] [waypoint_follower]: 
[waypoint_follower-12] 	waypoint_follower lifecycle node launched. 
[waypoint_follower-12] 	Waiting on external lifecycle transitions to activate
[waypoint_follower-12] 	See https://design.ros2.org/articles/node_lifecycle.html for more information.
[waypoint_follower-12] [INFO] [1789631181.188206188] [waypoint_follower]: Creating
[lifecycle_manager-13] [INFO] [1789631181.720064765] [lifecycle_manager_navigation]: Creating
[lifecycle_manager-13] [INFO] [1789631181.734200181] [lifecycle_manager_navigation]: [34m[1mCreating and initializing lifecycle service clients[0m[0m
[bt_navigator-11] [INFO] [1789631181.869241190] [bt_navigator]: 
[bt_navigator-11] 	bt_navigator lifecycle node launched. 
[bt_navigator-11] 	Waiting on external lifecycle transitions to activate
[bt_navigator-11] 	See https://design.ros2.org/articles/node_lifecycle.html for more information.
[bt_navigator-11] [INFO] [1789631181.869424160] [bt_navigator]: Creating
[controller_server-8] [INFO] [1789631182.178903075] [controller_server]: 
[controller_server-8] 	controller_server lifecycle node launched. 
[controller_server-8] 	Waiting on external lifecycle transitions to activate
[controller_server-8] 	See https://design.ros2.org/articles/node_lifecycle.html for more information.
[controller_server-8] [INFO] [1789631182.216137299] [controller_server]: Creating controller server
[planner_server-9] [INFO] [1789631182.293469242] [planner_server]: 
[planner_server-9] 	planner_server lifecycle node launched. 
[planner_server-9] 	Waiting on external lifecycle transitions to activate
[planner_server-9] 	See https://design.ros2.org/articles/node_lifecycle.html for more information.
[planner_server-9] [INFO] [1789631182.327395964] [planner_server]: Creating
[ERROR] [gzserver-1]: process has died [pid 126066, exit code 255, cmd 'gzserver /home/yahboom/swerve_bringup/install/swerve_bringup/share/swerve_bringup/worlds/warehouse.world -slibgazebo_ros_init.so -slibgazebo_ros_factory.so -slibgazebo_ros_force_system.so'].
[map_server-7] [INFO] [1789631183.037877313] [map_server]: 
[map_server-7] 	map_server lifecycle node launched. 
[map_server-7] 	Waiting on external lifecycle transitions to activate
[map_server-7] 	See https://design.ros2.org/articles/node_lifecycle.html for more information.
[map_server-7] [INFO] [1789631183.038128919] [map_server]: Creating
[lifecycle_manager-13] [INFO] [1789631184.530611032] [lifecycle_manager_navigation]: Waiting for service map_server/get_state...
[spawn_entity.py-3] [INFO] [1789631186.346289762] [spawn_swerve]: Spawn Entity started
[spawn_entity.py-3] [INFO] [1789631186.352673994] [spawn_swerve]: Loading entity published on topic robot_description
[spawn_entity.py-3] [INFO] [1789631186.609610898] [spawn_swerve]: Waiting for entity xml on robot_description
[v30e_sim_node-5] [INFO] [1789631186.962375510] [v30e_sim_node]: Using Gazebo /get_entity_state internally; odometry is not a V30E measurement input
[spawn_entity.py-3] [INFO] [1789631188.650731314] [spawn_swerve]: Waiting for service /spawn_entity, timeout = 30
[spawn_entity.py-3] [INFO] [1789631188.651166982] [spawn_swerve]: Waiting for service /spawn_entity
[swerve_bridge_node-14] [WARN] [1789631188.694242093] [swerve_bridge]: Django websocket disconnected: [Errno 111] Connection refused
[lifecycle_manager-13] [INFO] [1789631188.764316070] [lifecycle_manager_navigation]: Waiting for service controller_server/get_state...
[planner_server-9] [INFO] [1789631189.332090980] [global_costmap.global_costmap]: 
[planner_server-9] 	global_costmap lifecycle node launched. 
[planner_server-9] 	Waiting on external lifecycle transitions to activate
[planner_server-9] 	See https://design.ros2.org/articles/node_lifecycle.html for more information.
[planner_server-9] [INFO] [1789631189.370230802] [global_costmap.global_costmap]: Creating Costmap
[swerve_bridge_node-14] [WARN] [1789631190.699821350] [swerve_bridge]: Django websocket disconnected: [Errno 111] Connection refused
[lifecycle_manager-13] [INFO] [1789631190.771307561] [lifecycle_manager_navigation]: Waiting for service controller_server/get_state...
[controller_server-8] [INFO] [1789631191.037712924] [local_costmap.local_costmap]: 
[controller_server-8] 	local_costmap lifecycle node launched. 
[controller_server-8] 	Waiting on external lifecycle transitions to activate
[controller_server-8] 	See https://design.ros2.org/articles/node_lifecycle.html for more information.
[controller_server-8] [INFO] [1789631191.038645561] [local_costmap.local_costmap]: Creating Costmap
[swerve_bridge_node-14] [WARN] [1789631192.703069661] [swerve_bridge]: Django websocket disconnected: [Errno 111] Connection refused
[lifecycle_manager-13] [INFO] [1789631192.780719143] [lifecycle_manager_navigation]: Waiting for service controller_server/get_state...
[swerve_bridge_node-14] [WARN] [1789631194.705203608] [swerve_bridge]: Django websocket disconnected: [Errno 111] Connection refused
[lifecycle_manager-13] [INFO] [1789631194.796926610] [lifecycle_manager_navigation]: Waiting for service controller_server/get_state...
[swerve_bridge_node-14] [WARN] [1789631196.723226562] [swerve_bridge]: Django websocket disconnected: [Errno 111] Connection refused
[lifecycle_manager-13] [INFO] [1789631196.802754681] [lifecycle_manager_navigation]: Waiting for service controller_server/get_state...
[swerve_bridge_node-14] [WARN] [1789631198.728811124] [swerve_bridge]: Django websocket disconnected: [Errno 111] Connection refused
[lifecycle_manager-13] [INFO] [1789631198.803087411] [lifecycle_manager_navigation]: Waiting for service controller_server/get_state...
[swerve_bridge_node-14] [WARN] [1789631200.731753891] [swerve_bridge]: Django websocket disconnected: [Errno 111] Connection refused
[spawn_entity.py-3] [INFO] [1789631201.938100862] [spawn_swerve]: Calling service /spawn_entity
[swerve_bridge_node-14] [WARN] [1789631202.735656911] [swerve_bridge]: Django websocket disconnected: [Errno 111] Connection refused
[lifecycle_manager-13] [INFO] [1789631204.339383679] [lifecycle_manager_navigation]: [34m[1mStarting managed nodes bringup...[0m[0m
[lifecycle_manager-13] [INFO] [1789631204.339521762] [lifecycle_manager_navigation]: [34m[1mConfiguring map_server[0m[0m
[map_server-7] [INFO] [1789631204.515182547] [map_server]: Configuring
[map_server-7] [INFO] [1789631204.515355914] [map_io]: Loading yaml file: /home/yahboom/swerve_bringup/install/swerve_bringup/share/swerve_bringup/swerve_navigation/maps/warehouse.yaml
[map_server-7] [INFO] [1789631204.515915244] [map_io]: resolution: 0.05
[map_server-7] [INFO] [1789631204.515934459] [map_io]: origin[0]: -17.2
[map_server-7] [INFO] [1789631204.515941113] [map_io]: origin[1]: -17.4
[map_server-7] [INFO] [1789631204.515946546] [map_io]: origin[2]: 0
[map_server-7] [INFO] [1789631204.515951999] [map_io]: free_thresh: 0.25
[map_server-7] [INFO] [1789631204.515957301] [map_io]: occupied_thresh: 0.65
[map_server-7] [INFO] [1789631204.515963997] [map_io]: mode: trinary
[map_server-7] [INFO] [1789631204.515970098] [map_io]: negate: 0
[map_server-7] [INFO] [1789631204.522533221] [map_io]: Loading image_file: /home/yahboom/swerve_bringup/install/swerve_bringup/share/swerve_bringup/swerve_navigation/maps/warehouse.pgm
[swerve_bridge_node-14] [WARN] [1789631204.737577172] [swerve_bridge]: Django websocket disconnected: [Errno 111] Connection refused
[map_server-7] [INFO] [1789631204.773897750] [map_io]: Read map /home/yahboom/swerve_bringup/install/swerve_bringup/share/swerve_bringup/swerve_navigation/maps/warehouse.pgm: 676 X 680 map @ 0.05 m/cell
[swerve_bridge_node-14] [WARN] [1789631206.739273949] [swerve_bridge]: Django websocket disconnected: [Errno 111] Connection refused
[lifecycle_manager-13] [INFO] [1789631207.483118486] [lifecycle_manager_navigation]: [34m[1mConfiguring controller_server[0m[0m
[controller_server-8] [INFO] [1789631207.524787388] [controller_server]: Configuring controller interface
[controller_server-8] [INFO] [1789631207.590773427] [controller_server]: getting goal checker plugins..
[controller_server-8] [INFO] [1789631207.616788430] [controller_server]: Controller frequency set to 10.0000Hz
[controller_server-8] [INFO] [1789631207.616894934] [local_costmap.local_costmap]: Configuring
[swerve_bridge_node-14] [WARN] [1789631208.750551090] [swerve_bridge]: Django websocket disconnected: [Errno 111] Connection refused
[spawn_entity.py-3] [INFO] [1789631209.644890496] [spawn_swerve]: Spawn status: Entity [swerve_base] already exists.
[spawn_entity.py-3] [ERROR] [1789631209.649175545] [spawn_swerve]: Spawn service failed. Exiting.
[controller_server-8] [INFO] [1789631209.805252564] [local_costmap.local_costmap]: Using plugin "voxel_layer"
[controller_server-8] [INFO] [1789631209.878713885] [local_costmap.local_costmap]: Subscribed to Topics: lidar3d scan
[swerve_bridge_node-14] [WARN] [1789631210.753006445] [swerve_bridge]: Django websocket disconnected: [Errno 111] Connection refused
[ERROR] [spawn_entity.py-3]: process has died [pid 126070, exit code 1, cmd '/opt/ros/humble/lib/gazebo_ros/spawn_entity.py -entity swerve_base -topic robot_description -x 0.0 -y 0.0 -z 0.002 -R 0.0 -P 0.0 -Y 0.0 --ros-args -r __node:=spawn_swerve'].
[INFO] [spawner-15]: process started with pid [126281]
[controller_server-8] [INFO] [1789631212.073002782] [local_costmap.local_costmap]: Initialized plugin "voxel_layer"
[controller_server-8] [INFO] [1789631212.073065598] [local_costmap.local_costmap]: Using plugin "inflation_layer"
[controller_server-8] [INFO] [1789631212.147872742] [local_costmap.local_costmap]: Initialized plugin "inflation_layer"
[swerve_bridge_node-14] [WARN] [1789631212.757090903] [swerve_bridge]: Django websocket disconnected: [Errno 111] Connection refused
[controller_server-8] [INFO] [1789631213.184242341] [controller_server]: Created progress_checker : progress_checker of type nav2_controller::SimpleProgressChecker
[controller_server-8] [INFO] [1789631213.269492826] [controller_server]: Created goal checker : general_goal_checker of type nav2_controller::SimpleGoalChecker
[controller_server-8] [INFO] [1789631213.286887662] [controller_server]: Controller Server has general_goal_checker  goal checkers available.
[controller_server-8] [INFO] [1789631213.301366506] [controller_server]: Created controller : FollowPath of type dwb_core::DWBLocalPlanner
[controller_server-8] [INFO] [1789631213.513094313] [controller_server]: Setting transform_tolerance to 0.200000
[spawner-15] [INFO] [1789631213.583219569] [spawn_joint_state_broadcaster]: waiting for service /controller_manager/list_controllers to become available...
[swerve_bridge_node-14] [WARN] [1789631214.758303653] [swerve_bridge]: Django websocket disconnected: [Errno 111] Connection refused
[controller_server-8] [INFO] [1789631214.854243104] [controller_server]: Using critic "RotateToGoal" (dwb_critics::RotateToGoalCritic)
[controller_server-8] [INFO] [1789631215.160253413] [controller_server]: Critic plugin initialized
[controller_server-8] [INFO] [1789631215.252934828] [controller_server]: Using critic "Oscillation" (dwb_critics::OscillationCritic)
[controller_server-8] [INFO] [1789631215.278516119] [controller_server]: Critic plugin initialized
[controller_server-8] [INFO] [1789631215.278658374] [controller_server]: Using critic "BaseObstacle" (dwb_critics::BaseObstacleCritic)
[controller_server-8] [INFO] [1789631215.360200084] [controller_server]: Critic plugin initialized
[controller_server-8] [INFO] [1789631215.369248416] [controller_server]: Using critic "GoalAlign" (dwb_critics::GoalAlignCritic)
[controller_server-8] [INFO] [1789631215.484303157] [controller_server]: Critic plugin initialized
[controller_server-8] [INFO] [1789631215.692680238] [controller_server]: Using critic "PathAlign" (dwb_critics::PathAlignCritic)
[controller_server-8] [INFO] [1789631215.746422588] [controller_server]: Critic plugin initialized
[controller_server-8] [INFO] [1789631215.795524725] [controller_server]: Using critic "PathDist" (dwb_critics::PathDistCritic)
[controller_server-8] [INFO] [1789631215.987187712] [controller_server]: Critic plugin initialized
[controller_server-8] [INFO] [1789631216.031242286] [controller_server]: Using critic "GoalDist" (dwb_critics::GoalDistCritic)
[controller_server-8] [INFO] [1789631216.284247552] [controller_server]: Critic plugin initialized
[controller_server-8] [INFO] [1789631216.284315276] [controller_server]: Controller Server has FollowPath  controllers available.
[swerve_bridge_node-14] [WARN] [1789631216.764973533] [swerve_bridge]: Django websocket disconnected: [Errno 111] Connection refused
[swerve_bridge_node-14] [WARN] [1789631218.768583007] [swerve_bridge]: Django websocket disconnected: [Errno 111] Connection refused
[lifecycle_manager-13] [INFO] [1789631220.332073005] [lifecycle_manager_navigation]: [34m[1mConfiguring planner_server[0m[0m
[planner_server-9] [INFO] [1789631220.337018764] [planner_server]: Configuring
[planner_server-9] [INFO] [1789631220.338657633] [global_costmap.global_costmap]: Configuring
[planner_server-9] [INFO] [1789631220.604822241] [global_costmap.global_costmap]: Using plugin "static_layer"
[planner_server-9] [INFO] [1789631220.686076336] [global_costmap.global_costmap]: Subscribing to the map topic (/map) with transient local durability
[planner_server-9] [INFO] [1789631220.768987942] [global_costmap.global_costmap]: Initialized plugin "static_layer"
[planner_server-9] [INFO] [1789631220.769908511] [global_costmap.global_costmap]: Using plugin "obstacle_layer"
[swerve_bridge_node-14] [WARN] [1789631220.771106995] [swerve_bridge]: Django websocket disconnected: [Errno 111] Connection refused
[spawner-15] [WARN] [1789631220.772122806] [spawn_joint_state_broadcaster]: [93mController already loaded, skipping load_controller[0m
[planner_server-9] [INFO] [1789631220.806712522] [global_costmap.global_costmap]: Subscribed to Topics: scan
[spawner-15] [ERROR] [1789631220.822550608] [spawn_joint_state_broadcaster]: [91mFailed to configure controller[0m
[planner_server-9] [INFO] [1789631221.005582446] [global_costmap.global_costmap]: Initialized plugin "obstacle_layer"
[planner_server-9] [INFO] [1789631221.005648740] [global_costmap.global_costmap]: Using plugin "inflation_layer"
[planner_server-9] [INFO] [1789631221.052681838] [global_costmap.global_costmap]: Initialized plugin "inflation_layer"
[planner_server-9] [INFO] [1789631221.426623218] [planner_server]: Created global planner plugin GridBased of type nav2_navfn_planner/NavfnPlanner
[planner_server-9] [INFO] [1789631221.426711877] [planner_server]: Configuring plugin GridBased of type NavfnPlanner
[planner_server-9] [INFO] [1789631221.449769007] [planner_server]: Planner Server has GridBased  planners available.
[ERROR] [spawner-15]: process has died [pid 126281, exit code 1, cmd '/opt/ros/humble/lib/controller_manager/spawner joint_state_broadcaster --controller-manager /controller_manager --controller-manager-timeout 60 --ros-args -r __node:=spawn_joint_state_broadcaster'].
[INFO] [spawner-16]: process started with pid [126313]
[lifecycle_manager-13] [INFO] [1789631221.829694849] [lifecycle_manager_navigation]: [34m[1mConfiguring behavior_server[0m[0m
[behavior_server-10] [INFO] [1789631221.836753931] [behavior_server]: Configuring
[behavior_server-10] [INFO] [1789631222.162813151] [behavior_server]: Creating behavior plugin spin of type nav2_behaviors/Spin
[behavior_server-10] [INFO] [1789631222.166228500] [behavior_server]: Configuring spin
[behavior_server-10] [INFO] [1789631222.361080165] [behavior_server]: Creating behavior plugin backup of type nav2_behaviors/BackUp
[behavior_server-10] [INFO] [1789631222.361946613] [behavior_server]: Configuring backup
[behavior_server-10] [INFO] [1789631222.596358485] [behavior_server]: Creating behavior plugin drive_on_heading of type nav2_behaviors/DriveOnHeading
[behavior_server-10] [INFO] [1789631222.597270515] [behavior_server]: Configuring drive_on_heading
[swerve_bridge_node-14] [WARN] [1789631222.775525863] [swerve_bridge]: Django websocket disconnected: [Errno 111] Connection refused
[behavior_server-10] [INFO] [1789631223.104046083] [behavior_server]: Creating behavior plugin wait of type nav2_behaviors/Wait
[behavior_server-10] [INFO] [1789631223.104906651] [behavior_server]: Configuring wait
[spawner-16] [INFO] [1789631223.512449904] [spawn_steering_controller]: waiting for service /controller_manager/list_controllers to become available...
[lifecycle_manager-13] [INFO] [1789631223.658688340] [lifecycle_manager_navigation]: [34m[1mConfiguring bt_navigator[0m[0m
[bt_navigator-11] [INFO] [1789631223.666899709] [bt_navigator]: Configuring
[swerve_bridge_node-14] [WARN] [1789631224.777352211] [swerve_bridge]: Django websocket disconnected: [Errno 111] Connection refused
[swerve_bridge_node-14] [WARN] [1789631226.786604069] [swerve_bridge]: Django websocket disconnected: [Errno 111] Connection refused
[spawner-16] [WARN] [1789631228.701639372] [spawn_steering_controller]: [93mController already loaded, skipping load_controller[0m
[swerve_bridge_node-14] [WARN] [1789631228.791516560] [swerve_bridge]: Django websocket disconnected: [Errno 111] Connection refused
[spawner-16] [ERROR] [1789631230.067352150] [spawn_steering_controller]: [91mFailed to configure controller[0m
[lifecycle_manager-13] [INFO] [1789631230.145778676] [lifecycle_manager_navigation]: [34m[1mConfiguring waypoint_follower[0m[0m
[waypoint_follower-12] [INFO] [1789631230.148158146] [waypoint_follower]: Configuring
[waypoint_follower-12] [INFO] [1789631230.681601571] [waypoint_follower]: Created waypoint_task_executor : wait_at_waypoint of type nav2_waypoint_follower::WaitAtWaypoint
[waypoint_follower-12] [INFO] [1789631230.706453817] [waypoint_follower]: Waypoint pause duration is set to zero, disabling task executor plugin.
[lifecycle_manager-13] [INFO] [1789631230.718094566] [lifecycle_manager_navigation]: [34m[1mActivating map_server[0m[0m
[map_server-7] [INFO] [1789631230.721802910] [map_server]: Activating
[map_server-7] [INFO] [1789631230.722877183] [map_server]: Creating bond (map_server) to lifecycle manager.
[planner_server-9] [INFO] [1789631230.724700463] [global_costmap.global_costmap]: StaticLayer: Resizing costmap to 676 X 680 at 0.050000 m/pix
[swerve_bridge_node-14] [WARN] [1789631230.797949762] [swerve_bridge]: Django websocket disconnected: [Errno 111] Connection refused
[ERROR] [spawner-16]: process has died [pid 126313, exit code 1, cmd '/opt/ros/humble/lib/controller_manager/spawner steering_controller --controller-manager /controller_manager --controller-manager-timeout 60 --ros-args -r __node:=spawn_steering_controller'].
[INFO] [spawner-17]: process started with pid [126343]
[lifecycle_manager-13] [INFO] [1789631230.962411762] [lifecycle_manager_navigation]: Server map_server connected with bond.
[lifecycle_manager-13] [INFO] [1789631230.962499958] [lifecycle_manager_navigation]: [34m[1mActivating controller_server[0m[0m
[controller_server-8] [INFO] [1789631230.964839169] [controller_server]: Activating
[controller_server-8] [INFO] [1789631230.964909096] [local_costmap.local_costmap]: Activating
[controller_server-8] [INFO] [1789631230.964921080] [local_costmap.local_costmap]: Checking transform
[controller_server-8] [INFO] [1789631230.965014536] [local_costmap.local_costmap]: start
[controller_server-8] [INFO] [1789631231.130796368] [controller_server]: Creating bond (controller_server) to lifecycle manager.
