-- The C compiler identification is GNU 11.4.0
-- The CXX compiler identification is GNU 11.4.0
-- Detecting C compiler ABI info
-- Detecting C compiler ABI info - done
-- Check for working C compiler: /usr/bin/cc - skipped
-- Detecting C compile features
-- Detecting C compile features - done
-- Detecting CXX compiler ABI info
-- Detecting CXX compiler ABI info - done
-- Check for working CXX compiler: /usr/bin/c++ - skipped
-- Detecting CXX compile features
-- Detecting CXX compile features - done
-- Found ament_cmake: 1.3.12 (/opt/ros/humble/share/ament_cmake/cmake)
-- Found Python3: /usr/bin/python3 (found version "3.10.12") found components: Interpreter 
-- Override CMake install command with custom implementation using symlinks instead of copying resources
-- Configuring done
-- Generating done
-- Build files have been written to: /home/yahboom/swerve_bringup/build/swerve_bringup
-- Install configuration: ""
-- Execute custom install script
-- Symlinking: /home/yahboom/swerve_bringup/install/swerve_bringup/share/swerve_bringup/urdf/swerve_base.urdf
-- Symlinking: /home/yahboom/swerve_bringup/install/swerve_bringup/share/swerve_bringup/meshes/base_frame.stl
-- Symlinking: /home/yahboom/swerve_bringup/install/swerve_bringup/share/swerve_bringup/meshes/steer_front_housing_v2.stl
-- Symlinking: /home/yahboom/swerve_bringup/install/swerve_bringup/share/swerve_bringup/meshes/steer_front_wheel_v2.stl
-- Symlinking: /home/yahboom/swerve_bringup/install/swerve_bringup/share/swerve_bringup/meshes/steer_rear_housing_v2.stl
-- Symlinking: /home/yahboom/swerve_bringup/install/swerve_bringup/share/swerve_bringup/meshes/steer_rear_wheel_v2.stl
-- Symlinking: /home/yahboom/swerve_bringup/install/swerve_bringup/share/swerve_bringup/launch/display.launch.py
-- Symlinking: /home/yahboom/swerve_bringup/install/swerve_bringup/share/swerve_bringup/rviz/swerve.rviz
-- Symlinking: /home/yahboom/swerve_bringup/install/swerve_bringup/share/ament_index/resource_index/package_run_dependencies/swerve_bringup
-- Symlinking: /home/yahboom/swerve_bringup/install/swerve_bringup/share/ament_index/resource_index/parent_prefix_path/swerve_bringup
-- Symlinking: /home/yahboom/swerve_bringup/install/swerve_bringup/share/swerve_bringup/environment/ament_prefix_path.sh
-- Symlinking: /home/yahboom/swerve_bringup/install/swerve_bringup/share/swerve_bringup/environment/ament_prefix_path.dsv
-- Symlinking: /home/yahboom/swerve_bringup/install/swerve_bringup/share/swerve_bringup/environment/path.sh
-- Symlinking: /home/yahboom/swerve_bringup/install/swerve_bringup/share/swerve_bringup/environment/path.dsv
-- Symlinking: /home/yahboom/swerve_bringup/install/swerve_bringup/share/swerve_bringup/local_setup.bash
-- Symlinking: /home/yahboom/swerve_bringup/install/swerve_bringup/share/swerve_bringup/local_setup.sh
-- Symlinking: /home/yahboom/swerve_bringup/install/swerve_bringup/share/swerve_bringup/local_setup.zsh
-- Symlinking: /home/yahboom/swerve_bringup/install/swerve_bringup/share/swerve_bringup/local_setup.dsv
-- Symlinking: /home/yahboom/swerve_bringup/install/swerve_bringup/share/swerve_bringup/package.dsv
-- Symlinking: /home/yahboom/swerve_bringup/install/swerve_bringup/share/ament_index/resource_index/packages/swerve_bringup
-- Symlinking: /home/yahboom/swerve_bringup/install/swerve_bringup/share/swerve_bringup/cmake/swerve_bringupConfig.cmake
-- Symlinking: /home/yahboom/swerve_bringup/install/swerve_bringup/share/swerve_bringup/cmake/swerve_bringupConfig-version.cmake
-- Symlinking: /home/yahboom/swerve_bringup/install/swerve_bringup/share/swerve_bringup/package.xml
