[INFO] [launch]: All log files can be found below /home/yahboom/.ros/log/2026-09-17-16-37-22-862838-yahboom-virtual-machine-143042
[INFO] [launch]: Default logging verbosity is set to INFO
[INFO] [gzserver-1]: process started with pid [143057]
[INFO] [robot_state_publisher-2]: process started with pid [143059]
[INFO] [spawn_entity.py-3]: process started with pid [143068]
[INFO] [ekf_node-4]: process started with pid [143070]
[INFO] [v30e_sim_node-5]: process started with pid [143078]
[INFO] [ekf_node-6]: process started with pid [143083]
[INFO] [map_server-7]: process started with pid [143085]
[INFO] [controller_server-8]: process started with pid [143089]
[INFO] [planner_server-9]: process started with pid [143094]
[INFO] [behavior_server-10]: process started with pid [143102]
[INFO] [bt_navigator-11]: process started with pid [143108]
[INFO] [waypoint_follower-12]: process started with pid [143114]
[INFO] [lifecycle_manager-13]: process started with pid [143122]
[INFO] [swerve_bridge_node-14]: process started with pid [143135]
[robot_state_publisher-2] [INFO] [1789634245.826939339] [robot_state_publisher]: got segment base_footprint
[robot_state_publisher-2] [INFO] [1789634245.827075299] [robot_state_publisher]: got segment base_link
[robot_state_publisher-2] [INFO] [1789634245.827087609] [robot_state_publisher]: got segment imu_link
[robot_state_publisher-2] [INFO] [1789634245.827095255] [robot_state_publisher]: got segment lidar_link
[robot_state_publisher-2] [INFO] [1789634245.827102273] [robot_state_publisher]: got segment steer_front_link
[robot_state_publisher-2] [INFO] [1789634245.827109464] [robot_state_publisher]: got segment steer_rear_link
[robot_state_publisher-2] [INFO] [1789634245.827115918] [robot_state_publisher]: got segment v30e_link
[robot_state_publisher-2] [INFO] [1789634245.827122081] [robot_state_publisher]: got segment wheel_front_drive_link
[robot_state_publisher-2] [INFO] [1789634245.831257084] [robot_state_publisher]: got segment wheel_front_left_link
[robot_state_publisher-2] [INFO] [1789634245.831274731] [robot_state_publisher]: got segment wheel_front_right_link
[robot_state_publisher-2] [INFO] [1789634245.831282245] [robot_state_publisher]: got segment wheel_rear_drive_link
[robot_state_publisher-2] [INFO] [1789634245.831289148] [robot_state_publisher]: got segment wheel_rear_left_link
[robot_state_publisher-2] [INFO] [1789634245.831295623] [robot_state_publisher]: got segment wheel_rear_right_link
[bt_navigator-11] [INFO] [1789634246.078773540] [bt_navigator]: 
[bt_navigator-11] 	bt_navigator lifecycle node launched. 
[bt_navigator-11] 	Waiting on external lifecycle transitions to activate
[bt_navigator-11] 	See https://design.ros2.org/articles/node_lifecycle.html for more information.
[bt_navigator-11] [INFO] [1789634246.079034378] [bt_navigator]: Creating
[lifecycle_manager-13] [INFO] [1789634246.148870667] [lifecycle_manager_navigation]: Creating
[controller_server-8] [INFO] [1789634246.157100034] [controller_server]: 
[controller_server-8] 	controller_server lifecycle node launched. 
[controller_server-8] 	Waiting on external lifecycle transitions to activate
[controller_server-8] 	See https://design.ros2.org/articles/node_lifecycle.html for more information.
[controller_server-8] [INFO] [1789634246.177389671] [controller_server]: Creating controller server
[lifecycle_manager-13] [INFO] [1789634246.182138124] [lifecycle_manager_navigation]: [34m[1mCreating and initializing lifecycle service clients[0m[0m
[map_server-7] [INFO] [1789634246.210746540] [map_server]: 
[map_server-7] 	map_server lifecycle node launched. 
[map_server-7] 	Waiting on external lifecycle transitions to activate
[map_server-7] 	See https://design.ros2.org/articles/node_lifecycle.html for more information.
[map_server-7] [INFO] [1789634246.210941559] [map_server]: Creating
[planner_server-9] [INFO] [1789634246.425070394] [planner_server]: 
[planner_server-9] 	planner_server lifecycle node launched. 
[planner_server-9] 	Waiting on external lifecycle transitions to activate
[planner_server-9] 	See https://design.ros2.org/articles/node_lifecycle.html for more information.
[planner_server-9] [INFO] [1789634246.426436286] [planner_server]: Creating
[controller_server-8] [INFO] [1789634246.514502861] [local_costmap.local_costmap]: 
[controller_server-8] 	local_costmap lifecycle node launched. 
[controller_server-8] 	Waiting on external lifecycle transitions to activate
[controller_server-8] 	See https://design.ros2.org/articles/node_lifecycle.html for more information.
[controller_server-8] [INFO] [1789634246.515026540] [local_costmap.local_costmap]: Creating Costmap
[swerve_bridge_node-14] Traceback (most recent call last):
[swerve_bridge_node-14]   File "/home/yahboom/swerve_bringup/install/swerve_bridge/lib/swerve_bridge/swerve_bridge_node", line 33, in <module>
[swerve_bridge_node-14]     sys.exit(load_entry_point('swerve-bridge', 'console_scripts', 'swerve_bridge_node')())
[swerve_bridge_node-14]   File "/home/yahboom/swerve_bringup/install/swerve_bridge/lib/swerve_bridge/swerve_bridge_node", line 22, in importlib_load_entry_point
[swerve_bridge_node-14]     for entry_point in distribution(dist_name).entry_points
[swerve_bridge_node-14]   File "/usr/lib/python3.10/importlib/metadata/__init__.py", line 969, in distribution
[swerve_bridge_node-14]     return Distribution.from_name(distribution_name)
[swerve_bridge_node-14]   File "/usr/lib/python3.10/importlib/metadata/__init__.py", line 548, in from_name
[swerve_bridge_node-14]     raise PackageNotFoundError(name)
[swerve_bridge_node-14] importlib.metadata.PackageNotFoundError: No package metadata was found for swerve-bridge
[ERROR] [swerve_bridge_node-14]: process has died [pid 143135, exit code 1, cmd '/home/yahboom/swerve_bringup/install/swerve_bridge/lib/swerve_bridge/swerve_bridge_node --ros-args -r __node:=swerve_bridge --params-file /home/yahboom/swerve_bringup/install/swerve_bridge/share/swerve_bridge/config/bridge.yaml --params-file /tmp/launch_params_p2mvs7y6'].
[waypoint_follower-12] [INFO] [1789634246.590067008] [waypoint_follower]: 
[waypoint_follower-12] 	waypoint_follower lifecycle node launched. 
[waypoint_follower-12] 	Waiting on external lifecycle transitions to activate
[waypoint_follower-12] 	See https://design.ros2.org/articles/node_lifecycle.html for more information.
[waypoint_follower-12] [INFO] [1789634246.590708009] [waypoint_follower]: Creating
[behavior_server-10] [INFO] [1789634246.693509640] [behavior_server]: 
[behavior_server-10] 	behavior_server lifecycle node launched. 
[behavior_server-10] 	Waiting on external lifecycle transitions to activate
[behavior_server-10] 	See https://design.ros2.org/articles/node_lifecycle.html for more information.
[planner_server-9] [INFO] [1789634246.781094122] [global_costmap.global_costmap]: 
[planner_server-9] 	global_costmap lifecycle node launched. 
[planner_server-9] 	Waiting on external lifecycle transitions to activate
[planner_server-9] 	See https://design.ros2.org/articles/node_lifecycle.html for more information.
[planner_server-9] [INFO] [1789634246.781616358] [global_costmap.global_costmap]: Creating Costmap
[lifecycle_manager-13] [INFO] [1789634247.594293114] [lifecycle_manager_navigation]: [34m[1mStarting managed nodes bringup...[0m[0m
[lifecycle_manager-13] [INFO] [1789634247.594388168] [lifecycle_manager_navigation]: [34m[1mConfiguring map_server[0m[0m
[map_server-7] [INFO] [1789634247.605675502] [map_server]: Configuring
[map_server-7] [INFO] [1789634247.605774910] [map_io]: Loading yaml file: /home/yahboom/swerve_bringup/install/swerve_bringup/share/swerve_bringup/swerve_navigation/maps/warehouse.yaml
[map_server-7] [INFO] [1789634247.606100366] [map_io]: resolution: 0.05
[map_server-7] [INFO] [1789634247.606113383] [map_io]: origin[0]: -17.2
[map_server-7] [INFO] [1789634247.606119284] [map_io]: origin[1]: -17.4
[map_server-7] [INFO] [1789634247.606124404] [map_io]: origin[2]: 0
[map_server-7] [INFO] [1789634247.606130067] [map_io]: free_thresh: 0.25
[map_server-7] [INFO] [1789634247.606135495] [map_io]: occupied_thresh: 0.65
[map_server-7] [INFO] [1789634247.606141766] [map_io]: mode: trinary
[map_server-7] [INFO] [1789634247.606147570] [map_io]: negate: 0
[map_server-7] [INFO] [1789634247.607485777] [map_io]: Loading image_file: /home/yahboom/swerve_bringup/install/swerve_bringup/share/swerve_bringup/swerve_navigation/maps/warehouse.pgm
[map_server-7] [INFO] [1789634247.740080501] [map_io]: Read map /home/yahboom/swerve_bringup/install/swerve_bringup/share/swerve_bringup/swerve_navigation/maps/warehouse.pgm: 676 X 680 map @ 0.05 m/cell
[spawn_entity.py-3] [INFO] [1789634247.802543348] [spawn_swerve]: Spawn Entity started
[spawn_entity.py-3] [INFO] [1789634247.805203747] [spawn_swerve]: Loading entity published on topic robot_description
[lifecycle_manager-13] [INFO] [1789634247.811659487] [lifecycle_manager_navigation]: [34m[1mConfiguring controller_server[0m[0m
[controller_server-8] [INFO] [1789634247.813211735] [controller_server]: Configuring controller interface
[controller_server-8] [INFO] [1789634247.815402816] [controller_server]: getting goal checker plugins..
[controller_server-8] [INFO] [1789634247.815526782] [controller_server]: Controller frequency set to 10.0000Hz
[controller_server-8] [INFO] [1789634247.815576782] [local_costmap.local_costmap]: Configuring
[spawn_entity.py-3] [INFO] [1789634247.816076469] [spawn_swerve]: Waiting for entity xml on robot_description
[spawn_entity.py-3] [INFO] [1789634247.834763758] [spawn_swerve]: Waiting for service /spawn_entity, timeout = 30
[spawn_entity.py-3] [INFO] [1789634247.837843714] [spawn_swerve]: Waiting for service /spawn_entity
[controller_server-8] [INFO] [1789634247.867846269] [local_costmap.local_costmap]: Using plugin "voxel_layer"
[controller_server-8] [INFO] [1789634247.874756569] [local_costmap.local_costmap]: Subscribed to Topics: lidar3d scan
[v30e_sim_node-5] [INFO] [1789634247.923951186] [v30e_sim_node]: Using Gazebo /get_entity_state internally; odometry is not a V30E measurement input
[controller_server-8] [INFO] [1789634247.941377860] [local_costmap.local_costmap]: Initialized plugin "voxel_layer"
[controller_server-8] [INFO] [1789634247.941428342] [local_costmap.local_costmap]: Using plugin "inflation_layer"
[controller_server-8] [INFO] [1789634247.950612916] [local_costmap.local_costmap]: Initialized plugin "inflation_layer"
[controller_server-8] [INFO] [1789634248.034839226] [controller_server]: Created progress_checker : progress_checker of type nav2_controller::SimpleProgressChecker
[controller_server-8] [INFO] [1789634248.041521593] [controller_server]: Created goal checker : general_goal_checker of type nav2_controller::SimpleGoalChecker
[controller_server-8] [INFO] [1789634248.052552897] [controller_server]: Controller Server has general_goal_checker  goal checkers available.
[controller_server-8] [INFO] [1789634248.054923523] [controller_server]: Created controller : FollowPath of type dwb_core::DWBLocalPlanner
[controller_server-8] [INFO] [1789634248.071816342] [controller_server]: Setting transform_tolerance to 0.200000
[controller_server-8] [INFO] [1789634248.197568937] [controller_server]: Using critic "RotateToGoal" (dwb_critics::RotateToGoalCritic)
[controller_server-8] [INFO] [1789634248.218931451] [controller_server]: Critic plugin initialized
[controller_server-8] [INFO] [1789634248.221944060] [controller_server]: Using critic "Oscillation" (dwb_critics::OscillationCritic)
[controller_server-8] [INFO] [1789634248.223848322] [controller_server]: Critic plugin initialized
[controller_server-8] [INFO] [1789634248.223936774] [controller_server]: Using critic "BaseObstacle" (dwb_critics::BaseObstacleCritic)
[controller_server-8] [INFO] [1789634248.224012449] [controller_server]: Critic plugin initialized
[controller_server-8] [INFO] [1789634248.228775136] [controller_server]: Using critic "GoalAlign" (dwb_critics::GoalAlignCritic)
[controller_server-8] [INFO] [1789634248.231474656] [controller_server]: Critic plugin initialized
[controller_server-8] [INFO] [1789634248.235062204] [controller_server]: Using critic "PathAlign" (dwb_critics::PathAlignCritic)
[controller_server-8] [INFO] [1789634248.243034599] [controller_server]: Critic plugin initialized
[controller_server-8] [INFO] [1789634248.245265412] [controller_server]: Using critic "PathDist" (dwb_critics::PathDistCritic)
[controller_server-8] [INFO] [1789634248.246495646] [controller_server]: Critic plugin initialized
[controller_server-8] [INFO] [1789634248.248161539] [controller_server]: Using critic "GoalDist" (dwb_critics::GoalDistCritic)
[controller_server-8] [INFO] [1789634248.256160914] [controller_server]: Critic plugin initialized
[controller_server-8] [INFO] [1789634248.258105100] [controller_server]: Controller Server has FollowPath  controllers available.
[lifecycle_manager-13] [INFO] [1789634248.315089338] [lifecycle_manager_navigation]: [34m[1mConfiguring planner_server[0m[0m
[planner_server-9] [INFO] [1789634248.315336057] [planner_server]: Configuring
[planner_server-9] [INFO] [1789634248.315364872] [global_costmap.global_costmap]: Configuring
[planner_server-9] [INFO] [1789634248.357676650] [global_costmap.global_costmap]: Using plugin "static_layer"
[planner_server-9] [INFO] [1789634248.364449973] [global_costmap.global_costmap]: Subscribing to the map topic (/map) with transient local durability
[planner_server-9] [INFO] [1789634248.380242977] [global_costmap.global_costmap]: Initialized plugin "static_layer"
[planner_server-9] [INFO] [1789634248.380296994] [global_costmap.global_costmap]: Using plugin "obstacle_layer"
[planner_server-9] [INFO] [1789634248.388058931] [global_costmap.global_costmap]: Subscribed to Topics: scan
[planner_server-9] [INFO] [1789634248.416649292] [global_costmap.global_costmap]: Initialized plugin "obstacle_layer"
[planner_server-9] [INFO] [1789634248.416718314] [global_costmap.global_costmap]: Using plugin "inflation_layer"
[planner_server-9] [INFO] [1789634248.423673860] [global_costmap.global_costmap]: Initialized plugin "inflation_layer"
[planner_server-9] [INFO] [1789634248.506454862] [planner_server]: Created global planner plugin GridBased of type nav2_navfn_planner/NavfnPlanner
[planner_server-9] [INFO] [1789634248.506527002] [planner_server]: Configuring plugin GridBased of type NavfnPlanner
[planner_server-9] [INFO] [1789634248.511222390] [planner_server]: Planner Server has GridBased  planners available.
[lifecycle_manager-13] [INFO] [1789634248.596669124] [lifecycle_manager_navigation]: [34m[1mConfiguring behavior_server[0m[0m
[behavior_server-10] [INFO] [1789634248.597708496] [behavior_server]: Configuring
[behavior_server-10] [INFO] [1789634248.648900528] [behavior_server]: Creating behavior plugin spin of type nav2_behaviors/Spin
[behavior_server-10] [INFO] [1789634248.649912259] [behavior_server]: Configuring spin
[behavior_server-10] [INFO] [1789634248.703656337] [behavior_server]: Creating behavior plugin backup of type nav2_behaviors/BackUp
[behavior_server-10] [INFO] [1789634248.704661507] [behavior_server]: Configuring backup
[behavior_server-10] [INFO] [1789634248.746285585] [behavior_server]: Creating behavior plugin drive_on_heading of type nav2_behaviors/DriveOnHeading
[behavior_server-10] [INFO] [1789634248.750562529] [behavior_server]: Configuring drive_on_heading
[behavior_server-10] [INFO] [1789634248.800439188] [behavior_server]: Creating behavior plugin wait of type nav2_behaviors/Wait
[behavior_server-10] [INFO] [1789634248.802052639] [behavior_server]: Configuring wait
[lifecycle_manager-13] [INFO] [1789634248.844085547] [lifecycle_manager_navigation]: [34m[1mConfiguring bt_navigator[0m[0m
[bt_navigator-11] [INFO] [1789634248.844789075] [bt_navigator]: Configuring
[lifecycle_manager-13] [INFO] [1789634249.258668802] [lifecycle_manager_navigation]: [34m[1mConfiguring waypoint_follower[0m[0m
[waypoint_follower-12] [INFO] [1789634249.259526837] [waypoint_follower]: Configuring
[waypoint_follower-12] [INFO] [1789634249.373321955] [waypoint_follower]: Created waypoint_task_executor : wait_at_waypoint of type nav2_waypoint_follower::WaitAtWaypoint
[waypoint_follower-12] [INFO] [1789634249.373505672] [waypoint_follower]: Waypoint pause duration is set to zero, disabling task executor plugin.
[lifecycle_manager-13] [INFO] [1789634249.383461266] [lifecycle_manager_navigation]: [34m[1mActivating map_server[0m[0m
[map_server-7] [INFO] [1789634249.385053450] [map_server]: Activating
[map_server-7] [INFO] [1789634249.385983031] [map_server]: Creating bond (map_server) to lifecycle manager.
[planner_server-9] [INFO] [1789634249.387981085] [global_costmap.global_costmap]: StaticLayer: Resizing costmap to 676 X 680 at 0.050000 m/pix
[lifecycle_manager-13] [INFO] [1789634249.509529079] [lifecycle_manager_navigation]: Server map_server connected with bond.
[lifecycle_manager-13] [INFO] [1789634249.509615739] [lifecycle_manager_navigation]: [34m[1mActivating controller_server[0m[0m
[controller_server-8] [INFO] [1789634249.511701420] [controller_server]: Activating
[controller_server-8] [INFO] [1789634249.511807670] [local_costmap.local_costmap]: Activating
[controller_server-8] [INFO] [1789634249.511851755] [local_costmap.local_costmap]: Checking transform
[controller_server-8] [INFO] [1789634249.511892256] [local_costmap.local_costmap]: Timed out waiting for transform from base_footprint to odom to become available, tf error: Invalid frame ID "odom" passed to canTransform argument target_frame - frame does not exist
[controller_server-8] [INFO] [1789634250.012174020] [local_costmap.local_costmap]: Timed out waiting for transform from base_footprint to odom to become available, tf error: Invalid frame ID "odom" passed to canTransform argument target_frame - frame does not exist
[controller_server-8] [INFO] [1789634250.513775871] [local_costmap.local_costmap]: Timed out waiting for transform from base_footprint to odom to become available, tf error: Invalid frame ID "odom" passed to canTransform argument target_frame - frame does not exist
[controller_server-8] [INFO] [1789634251.012831622] [local_costmap.local_costmap]: Timed out waiting for transform from base_footprint to odom to become available, tf error: Invalid frame ID "odom" passed to canTransform argument target_frame - frame does not exist
[controller_server-8] [INFO] [1789634251.512318561] [local_costmap.local_costmap]: Timed out waiting for transform from base_footprint to odom to become available, tf error: Invalid frame ID "odom" passed to canTransform argument target_frame - frame does not exist
[controller_server-8] [INFO] [1789634252.011928309] [local_costmap.local_costmap]: Timed out waiting for transform from base_footprint to odom to become available, tf error: Invalid frame ID "odom" passed to canTransform argument target_frame - frame does not exist
[controller_server-8] [INFO] [1789634252.512503112] [local_costmap.local_costmap]: Timed out waiting for transform from base_footprint to odom to become available, tf error: Invalid frame ID "odom" passed to canTransform argument target_frame - frame does not exist
[controller_server-8] [INFO] [1789634253.012136029] [local_costmap.local_costmap]: Timed out waiting for transform from base_footprint to odom to become available, tf error: Invalid frame ID "odom" passed to canTransform argument target_frame - frame does not exist
[controller_server-8] [INFO] [1789634253.512696119] [local_costmap.local_costmap]: Timed out waiting for transform from base_footprint to odom to become available, tf error: Invalid frame ID "odom" passed to canTransform argument target_frame - frame does not exist
[spawn_entity.py-3] [INFO] [1789634253.905577417] [spawn_swerve]: Calling service /spawn_entity
[controller_server-8] [INFO] [1789634254.012178655] [local_costmap.local_costmap]: Timed out waiting for transform from base_footprint to odom to become available, tf error: Invalid frame ID "odom" passed to canTransform argument target_frame - frame does not exist
[gzserver-1] [INFO] [1789634254.124327877] [gazebo_ros_state]: Publishing states of gazebo models at [/model_states]
[gzserver-1] [INFO] [1789634254.152205800] [gazebo_ros_state]: Publishing states of gazebo links at [/link_states]
[controller_server-8] [INFO] [1789634254.513530638] [local_costmap.local_costmap]: Timed out waiting for transform from base_footprint to odom to become available, tf error: Invalid frame ID "odom" passed to canTransform argument target_frame - frame does not exist
[gzserver-1] [INFO] [1789634254.603597213] [imu.imu_ros]: <initial_orientation_as_reference> is unset, using default value of false to comply with REP 145 (world as orientation reference)
[controller_server-8] [INFO] [1789634255.017807533] [local_costmap.local_costmap]: Timed out waiting for transform from base_footprint to odom to become available, tf error: Invalid frame ID "odom" passed to canTransform argument target_frame - frame does not exist
[controller_server-8] [INFO] [1789634255.512086448] [local_costmap.local_costmap]: Timed out waiting for transform from base_footprint to odom to become available, tf error: Invalid frame ID "odom" passed to canTransform argument target_frame - frame does not exist
[controller_server-8] [INFO] [1789634256.013515059] [local_costmap.local_costmap]: Timed out waiting for transform from base_footprint to odom to become available, tf error: Invalid frame ID "odom" passed to canTransform argument target_frame - frame does not exist
[controller_server-8] [INFO] [1789634256.513008263] [local_costmap.local_costmap]: Timed out waiting for transform from base_footprint to odom to become available, tf error: Invalid frame ID "odom" passed to canTransform argument target_frame - frame does not exist
[controller_server-8] [INFO] [1789634257.012142823] [local_costmap.local_costmap]: Timed out waiting for transform from base_footprint to odom to become available, tf error: Invalid frame ID "odom" passed to canTransform argument target_frame - frame does not exist
[controller_server-8] [INFO] [1789634257.515466446] [local_costmap.local_costmap]: Timed out waiting for transform from base_footprint to odom to become available, tf error: Invalid frame ID "odom" passed to canTransform argument target_frame - frame does not exist
[controller_server-8] [INFO] [1789634258.012952696] [local_costmap.local_costmap]: Timed out waiting for transform from base_footprint to odom to become available, tf error: Invalid frame ID "odom" passed to canTransform argument target_frame - frame does not exist
[controller_server-8] [INFO] [1789634258.512064269] [local_costmap.local_costmap]: Timed out waiting for transform from base_footprint to odom to become available, tf error: Invalid frame ID "odom" passed to canTransform argument target_frame - frame does not exist
[controller_server-8] [INFO] [1789634259.012760896] [local_costmap.local_costmap]: Timed out waiting for transform from base_footprint to odom to become available, tf error: Invalid frame ID "odom" passed to canTransform argument target_frame - frame does not exist
[controller_server-8] [INFO] [1789634259.513657558] [local_costmap.local_costmap]: Timed out waiting for transform from base_footprint to odom to become available, tf error: Invalid frame ID "odom" passed to canTransform argument target_frame - frame does not exist
[controller_server-8] [INFO] [1789634260.012146739] [local_costmap.local_costmap]: Timed out waiting for transform from base_footprint to odom to become available, tf error: Invalid frame ID "odom" passed to canTransform argument target_frame - frame does not exist
[controller_server-8] [INFO] [1789634260.512256771] [local_costmap.local_costmap]: Timed out waiting for transform from base_footprint to odom to become available, tf error: Invalid frame ID "odom" passed to canTransform argument target_frame - frame does not exist
[controller_server-8] [INFO] [1789634261.012439421] [local_costmap.local_costmap]: Timed out waiting for transform from base_footprint to odom to become available, tf error: Invalid frame ID "odom" passed to canTransform argument target_frame - frame does not exist
[controller_server-8] [INFO] [1789634261.512877986] [local_costmap.local_costmap]: Timed out waiting for transform from base_footprint to odom to become available, tf error: Invalid frame ID "odom" passed to canTransform argument target_frame - frame does not exist
[controller_server-8] [INFO] [1789634262.012228827] [local_costmap.local_costmap]: Timed out waiting for transform from base_footprint to odom to become available, tf error: Invalid frame ID "odom" passed to canTransform argument target_frame - frame does not exist
[controller_server-8] [INFO] [1789634262.514633640] [local_costmap.local_costmap]: Timed out waiting for transform from base_footprint to odom to become available, tf error: Invalid frame ID "odom" passed to canTransform argument target_frame - frame does not exist
[controller_server-8] [INFO] [1789634263.012105830] [local_costmap.local_costmap]: Timed out waiting for transform from base_footprint to odom to become available, tf error: Invalid frame ID "odom" passed to canTransform argument target_frame - frame does not exist
[controller_server-8] [INFO] [1789634263.512368055] [local_costmap.local_costmap]: Timed out waiting for transform from base_footprint to odom to become available, tf error: Invalid frame ID "odom" passed to canTransform argument target_frame - frame does not exist
[controller_server-8] [INFO] [1789634264.014509236] [local_costmap.local_costmap]: Timed out waiting for transform from base_footprint to odom to become available, tf error: Invalid frame ID "odom" passed to canTransform argument target_frame - frame does not exist
[controller_server-8] [INFO] [1789634264.512692266] [local_costmap.local_costmap]: Timed out waiting for transform from base_footprint to odom to become available, tf error: Invalid frame ID "odom" passed to canTransform argument target_frame - frame does not exist
[controller_server-8] [INFO] [1789634265.012252227] [local_costmap.local_costmap]: Timed out waiting for transform from base_footprint to odom to become available, tf error: Invalid frame ID "odom" passed to canTransform argument target_frame - frame does not exist
[controller_server-8] [INFO] [1789634265.512136559] [local_costmap.local_costmap]: Timed out waiting for transform from base_footprint to odom to become available, tf error: Invalid frame ID "odom" passed to canTransform argument target_frame - frame does not exist
[controller_server-8] [INFO] [1789634266.012132888] [local_costmap.local_costmap]: Timed out waiting for transform from base_footprint to odom to become available, tf error: Invalid frame ID "odom" passed to canTransform argument target_frame - frame does not exist
[controller_server-8] [INFO] [1789634266.512393266] [local_costmap.local_costmap]: Timed out waiting for transform from base_footprint to odom to become available, tf error: Invalid frame ID "odom" passed to canTransform argument target_frame - frame does not exist
[controller_server-8] [INFO] [1789634267.012774878] [local_costmap.local_costmap]: Timed out waiting for transform from base_footprint to odom to become available, tf error: Invalid frame ID "odom" passed to canTransform argument target_frame - frame does not exist
[spawn_entity.py-3] [INFO] [1789634267.291850003] [spawn_swerve]: Spawn status: SpawnEntity: Successfully spawned entity [swerve_base]
[gzserver-1] [INFO] [1789634267.471570181] [gazebo_ros2_control]: Loading gazebo_ros2_control plugin
[controller_server-8] [INFO] [1789634267.512329752] [local_costmap.local_costmap]: Timed out waiting for transform from base_footprint to odom to become available, tf error: Invalid frame ID "odom" passed to canTransform argument target_frame - frame does not exist
[gzserver-1] [INFO] [1789634267.541346507] [gazebo_ros2_control]: Starting gazebo_ros2_control plugin in namespace: /
[gzserver-1] [INFO] [1789634267.542316320] [gazebo_ros2_control]: Starting gazebo_ros2_control plugin in ros 2 node: gazebo_ros2_control
[gzserver-1] [INFO] [1789634267.621767797] [gazebo_ros2_control]: connected to service!! robot_state_publisher
[gzserver-1] [INFO] [1789634267.627411108] [gazebo_ros2_control]: Received urdf from param server, parsing...
[gzserver-1] [INFO] [1789634267.627551997] [gazebo_ros2_control]: Loading parameter files /home/yahboom/swerve_bringup/install/swerve_bringup/share/swerve_bringup/config/controllers.yaml
[INFO] [spawn_entity.py-3]: process has finished cleanly [pid 143068]
[INFO] [spawner-15]: process started with pid [143476]
[gzserver-1] [INFO] [1789634267.669562638] [gazebo_ros2_control]: Loading joint: steer_front_joint
[gzserver-1] [INFO] [1789634267.670877755] [gazebo_ros2_control]: 	State:
[gzserver-1] [INFO] [1789634267.670896870] [gazebo_ros2_control]: 		 position
[gzserver-1] [INFO] [1789634267.670908639] [gazebo_ros2_control]: 		 velocity
[gzserver-1] [INFO] [1789634267.670918114] [gazebo_ros2_control]: 	Command:
[gzserver-1] [INFO] [1789634267.670926941] [gazebo_ros2_control]: 		 position
[gzserver-1] [INFO] [1789634267.671350946] [gazebo_ros2_control]: Loading joint: steer_rear_joint
[gzserver-1] [INFO] [1789634267.671378231] [gazebo_ros2_control]: 	State:
[gzserver-1] [INFO] [1789634267.671388097] [gazebo_ros2_control]: 		 position
[gzserver-1] [INFO] [1789634267.671398526] [gazebo_ros2_control]: 		 velocity
[gzserver-1] [INFO] [1789634267.671407911] [gazebo_ros2_control]: 	Command:
[gzserver-1] [INFO] [1789634267.671416393] [gazebo_ros2_control]: 		 position
[gzserver-1] [INFO] [1789634267.676553335] [gazebo_ros2_control]: Loading joint: wheel_front_drive_joint
[gzserver-1] [INFO] [1789634267.676602161] [gazebo_ros2_control]: 	State:
[gzserver-1] [INFO] [1789634267.676703853] [gazebo_ros2_control]: 		 position
[gzserver-1] [INFO] [1789634267.676722389] [gazebo_ros2_control]: 		 velocity
[gzserver-1] [INFO] [1789634267.676732316] [gazebo_ros2_control]: 	Command:
[gzserver-1] [INFO] [1789634267.676754242] [gazebo_ros2_control]: 		 velocity
[gzserver-1] [INFO] [1789634267.680309633] [gazebo_ros2_control]: Loading joint: wheel_rear_drive_joint
[gzserver-1] [INFO] [1789634267.680350964] [gazebo_ros2_control]: 	State:
[gzserver-1] [INFO] [1789634267.680361891] [gazebo_ros2_control]: 		 position
[gzserver-1] [INFO] [1789634267.680371791] [gazebo_ros2_control]: 		 velocity
[gzserver-1] [INFO] [1789634267.680380581] [gazebo_ros2_control]: 	Command:
[gzserver-1] [INFO] [1789634267.680402213] [gazebo_ros2_control]: 		 velocity
[gzserver-1] [INFO] [1789634267.682741463] [resource_manager]: Initialize hardware 'GazeboSystem' 
[gzserver-1] [INFO] [1789634267.683419725] [resource_manager]: Successful initialization of hardware 'GazeboSystem'
[gzserver-1] [INFO] [1789634267.683570528] [resource_manager]: 'configure' hardware 'GazeboSystem' 
[gzserver-1] [INFO] [1789634267.683582452] [resource_manager]: Successful 'configure' of hardware 'GazeboSystem'
[gzserver-1] [INFO] [1789634267.683589600] [resource_manager]: 'activate' hardware 'GazeboSystem' 
[gzserver-1] [INFO] [1789634267.683595925] [resource_manager]: Successful 'activate' of hardware 'GazeboSystem'
[gzserver-1] [INFO] [1789634267.685638801] [gazebo_ros2_control]: Loading controller_manager
[gzserver-1] [WARN] [1789634267.924460552] [gazebo_ros2_control]:  Desired controller update period (0.01 s) is slower than the gazebo simulation period (0.001 s).
[gzserver-1] [INFO] [1789634267.928160430] [gazebo_ros2_control]: Loaded gazebo_ros2_control.
[controller_server-8] [INFO] [1789634268.012887126] [local_costmap.local_costmap]: Timed out waiting for transform from base_footprint to odom to become available, tf error: Invalid frame ID "odom" passed to canTransform argument target_frame - frame does not exist
[controller_server-8] [INFO] [1789634268.513720411] [local_costmap.local_costmap]: start
[controller_server-8] [INFO] [1789634268.817636372] [controller_server]: Creating bond (controller_server) to lifecycle manager.
[lifecycle_manager-13] [INFO] [1789634268.958014037] [lifecycle_manager_navigation]: Server controller_server connected with bond.
[lifecycle_manager-13] [INFO] [1789634268.958849793] [lifecycle_manager_navigation]: [34m[1mActivating planner_server[0m[0m
[planner_server-9] [INFO] [1789634268.965636817] [planner_server]: Activating
[planner_server-9] [INFO] [1789634268.965741678] [global_costmap.global_costmap]: Activating
[planner_server-9] [INFO] [1789634268.965772154] [global_costmap.global_costmap]: Checking transform
[planner_server-9] [INFO] [1789634268.966008466] [global_costmap.global_costmap]: start
[planner_server-9] [INFO] [1789634269.579295476] [planner_server]: Activating plugin GridBased of type NavfnPlanner
[planner_server-9] [INFO] [1789634269.591049365] [planner_server]: Creating bond (planner_server) to lifecycle manager.
[gzserver-1] [INFO] [1789634269.632638286] [controller_manager]: Loading controller 'joint_state_broadcaster'
[lifecycle_manager-13] [INFO] [1789634269.731962337] [lifecycle_manager_navigation]: Server planner_server connected with bond.
[lifecycle_manager-13] [INFO] [1789634269.732868022] [lifecycle_manager_navigation]: [34m[1mActivating behavior_server[0m[0m
[behavior_server-10] [INFO] [1789634269.738431585] [behavior_server]: Activating
[behavior_server-10] [INFO] [1789634269.739586759] [behavior_server]: Activating spin
[behavior_server-10] [INFO] [1789634269.739614402] [behavior_server]: Activating backup
[behavior_server-10] [INFO] [1789634269.739628127] [behavior_server]: Activating drive_on_heading
[behavior_server-10] [INFO] [1789634269.739639090] [behavior_server]: Activating wait
[behavior_server-10] [INFO] [1789634269.739656312] [behavior_server]: Creating bond (behavior_server) to lifecycle manager.
[lifecycle_manager-13] [INFO] [1789634269.947515386] [lifecycle_manager_navigation]: Server behavior_server connected with bond.
[lifecycle_manager-13] [INFO] [1789634269.948264810] [lifecycle_manager_navigation]: [34m[1mActivating bt_navigator[0m[0m
[bt_navigator-11] [INFO] [1789634269.959346943] [bt_navigator]: Activating
[spawner-15] [INFO] [1789634270.444160422] [spawn_joint_state_broadcaster]: [94mLoaded [1mjoint_state_broadcaster[0m
[gzserver-1] [INFO] [1789634270.462702236] [controller_manager]: Configuring controller 'joint_state_broadcaster'
[gzserver-1] [INFO] [1789634270.463178345] [joint_state_broadcaster]: 'joints' or 'interfaces' parameter is empty. All available state interfaces will be published
[bt_navigator-11] [INFO] [1789634271.022994608] [bt_navigator]: Creating bond (bt_navigator) to lifecycle manager.
[spawner-15] [INFO] [1789634271.047592373] [spawn_joint_state_broadcaster]: [92mConfigured and activated [1mjoint_state_broadcaster[0m
[lifecycle_manager-13] [INFO] [1789634271.156274372] [lifecycle_manager_navigation]: Server bt_navigator connected with bond.
[lifecycle_manager-13] [INFO] [1789634271.156350839] [lifecycle_manager_navigation]: [34m[1mActivating waypoint_follower[0m[0m
[waypoint_follower-12] [INFO] [1789634271.159229365] [waypoint_follower]: Activating
[waypoint_follower-12] [INFO] [1789634271.159311506] [waypoint_follower]: Creating bond (waypoint_follower) to lifecycle manager.
[lifecycle_manager-13] [INFO] [1789634271.290092142] [lifecycle_manager_navigation]: Server waypoint_follower connected with bond.
[lifecycle_manager-13] [INFO] [1789634271.290138314] [lifecycle_manager_navigation]: [34m[1mManaged nodes are active[0m[0m
[lifecycle_manager-13] [INFO] [1789634271.290144650] [lifecycle_manager_navigation]: [34m[1mCreating bond timer...[0m[0m
[INFO] [spawner-15]: process has finished cleanly [pid 143476]
[INFO] [spawner-16]: process started with pid [143538]
[spawner-16] [INFO] [1789634272.483338110] [spawn_steering_controller]: waiting for service /controller_manager/list_controllers to become available...
[spawner-16] [WARN] [1789634285.515582546] [spawn_steering_controller]: Failed getting a result from calling /controller_manager/list_controllers in 10.0. (Attempt 1 of 3.)
[spawner-16] [WARN] [1789634295.519996952] [spawn_steering_controller]: Failed getting a result from calling /controller_manager/list_controllers in 10.0. (Attempt 2 of 3.)
[spawner-16] [WARN] [1789634305.521548410] [spawn_steering_controller]: Failed getting a result from calling /controller_manager/list_controllers in 10.0. (Attempt 3 of 3.)
[spawner-16] Traceback (most recent call last):
[spawner-16]   File "/opt/ros/humble/lib/controller_manager/spawner", line 33, in <module>
[spawner-16]     sys.exit(load_entry_point('controller-manager==2.52.2', 'console_scripts', 'spawner')())
[spawner-16]   File "/opt/ros/humble/local/lib/python3.10/dist-packages/controller_manager/spawner.py", line 195, in main
[spawner-16]     if is_controller_loaded(
[spawner-16]   File "/opt/ros/humble/local/lib/python3.10/dist-packages/controller_manager/spawner.py", line 67, in is_controller_loaded
[spawner-16]     controllers = list_controllers(
[spawner-16]   File "/opt/ros/humble/local/lib/python3.10/dist-packages/controller_manager/controller_manager_services.py", line 172, in list_controllers
[spawner-16]     return service_caller(
[spawner-16]   File "/opt/ros/humble/local/lib/python3.10/dist-packages/controller_manager/controller_manager_services.py", line 150, in service_caller
[spawner-16]     raise RuntimeError(
[spawner-16] RuntimeError: Could not successfully call service /controller_manager/list_controllers after 3 attempts.
[ERROR] [spawner-16]: process has died [pid 143538, exit code 1, cmd '/opt/ros/humble/lib/controller_manager/spawner steering_controller --controller-manager /controller_manager --controller-manager-timeout 60 --ros-args -r __node:=spawn_steering_controller'].
[INFO] [spawner-17]: process started with pid [143776]
[spawner-17] [INFO] [1789634307.201973097] [spawn_drive_controller]: waiting for service /controller_manager/list_controllers to become available...
[gzserver-1] [INFO] [1789634307.963720791] [controller_manager]: Loading controller 'drive_controller'
[spawner-17] [INFO] [1789634308.239025379] [spawn_drive_controller]: [94mLoaded [1mdrive_controller[0m
[gzserver-1] [INFO] [1789634308.253435401] [controller_manager]: Configuring controller 'drive_controller'
[gzserver-1] [INFO] [1789634308.260076043] [drive_controller]: configure successful
[gzserver-1] [INFO] [1789634308.373688868] [drive_controller]: activate successful
[spawner-17] [INFO] [1789634308.386616323] [spawn_drive_controller]: [92mConfigured and activated [1mdrive_controller[0m
[INFO] [spawner-17]: process has finished cleanly [pid 143776]
[INFO] [swerve_controller_node-18]: process started with pid [143789]
[INFO] [swerve_odometry_node-19]: process started with pid [143791]
[swerve_odometry_node-19] [INFO] [1789634310.358899980] [swerve_odometry]: Encoder odometry ready: radius=0.0637 m, velocity_sign=+1.0
[swerve_controller_node-18] [INFO] [1789634310.443752809] [swerve_controller]: Swerve controller ready: radius=0.0675 m, modules={'front': (0.300042, 0.0), 'rear': (-0.300042, 0.0)}
[WARNING] [launch]: user interrupted with ctrl-c (SIGINT)
[behavior_server-10] [INFO] [1789634363.903020212] [rclcpp]: signal_handler(signum=2)
[behavior_server-10] [INFO] [1789634363.903152982] [behavior_server]: Running Nav2 LifecycleNode rcl preshutdown (behavior_server)
[behavior_server-10] [INFO] [1789634363.903238525] [behavior_server]: Deactivating
[behavior_server-10] [INFO] [1789634363.903280938] [behavior_server]: Destroying bond (behavior_server) to lifecycle manager.
[ekf_node-6] [INFO] [1789634363.903072811] [rclcpp]: signal_handler(signum=2)
[ekf_node-4] [INFO] [1789634363.903150066] [rclcpp]: signal_handler(signum=2)
[INFO] [swerve_odometry_node-19]: sending signal 'SIGINT' to process[swerve_odometry_node-19]
[INFO] [swerve_controller_node-18]: sending signal 'SIGINT' to process[swerve_controller_node-18]
[INFO] [lifecycle_manager-13]: sending signal 'SIGINT' to process[lifecycle_manager-13]
[INFO] [waypoint_follower-12]: sending signal 'SIGINT' to process[waypoint_follower-12]
[INFO] [bt_navigator-11]: sending signal 'SIGINT' to process[bt_navigator-11]
[INFO] [behavior_server-10]: sending signal 'SIGINT' to process[behavior_server-10]
[INFO] [planner_server-9]: sending signal 'SIGINT' to process[planner_server-9]
[INFO] [controller_server-8]: sending signal 'SIGINT' to process[controller_server-8]
[INFO] [map_server-7]: sending signal 'SIGINT' to process[map_server-7]
[INFO] [ekf_node-6]: sending signal 'SIGINT' to process[ekf_node-6]
[INFO] [v30e_sim_node-5]: sending signal 'SIGINT' to process[v30e_sim_node-5]
[INFO] [ekf_node-4]: sending signal 'SIGINT' to process[ekf_node-4]
[ERROR] [ekf_node-6]: process has died [pid 143083, exit code -2, cmd '/opt/ros/humble/lib/robot_localization/ekf_node --ros-args -r __node:=ekf_v30e --params-file /home/yahboom/swerve_bringup/install/swerve_bringup/share/swerve_bringup/config/v30e_localization_ekf.yaml --params-file /tmp/launch_params_sp7t96sx -r odometry/filtered:=/odometry/v30e'].
[INFO] [robot_state_publisher-2]: sending signal 'SIGINT' to process[robot_state_publisher-2]
[INFO] [gzserver-1]: sending signal 'SIGINT' to process[gzserver-1]
[map_server-7] [INFO] [1789634363.903983005] [rclcpp]: signal_handler(signum=2)
[map_server-7] [INFO] [1789634363.907414589] [map_server]: Running Nav2 LifecycleNode rcl preshutdown (map_server)
[map_server-7] [INFO] [1789634363.907500699] [map_server]: Deactivating
[map_server-7] [INFO] [1789634363.907538028] [map_server]: Destroying bond (map_server) to lifecycle manager.
[map_server-7] [INFO] [1789634363.923125584] [map_server]: Cleaning up
[map_server-7] [INFO] [1789634363.923234710] [map_server]: Destroying bond (map_server) to lifecycle manager.
[bt_navigator-11] [INFO] [1789634363.905066058] [rclcpp]: signal_handler(signum=2)
[bt_navigator-11] [INFO] [1789634363.906628088] [bt_navigator]: Running Nav2 LifecycleNode rcl preshutdown (bt_navigator)
[bt_navigator-11] [INFO] [1789634363.909303712] [bt_navigator]: Deactivating
[bt_navigator-11] [INFO] [1789634363.909345370] [bt_navigator]: Destroying bond (bt_navigator) to lifecycle manager.
[waypoint_follower-12] [INFO] [1789634363.905271214] [rclcpp]: signal_handler(signum=2)
[waypoint_follower-12] [INFO] [1789634363.907042409] [waypoint_follower]: Running Nav2 LifecycleNode rcl preshutdown (waypoint_follower)
[waypoint_follower-12] [INFO] [1789634363.907113738] [waypoint_follower]: Deactivating
[waypoint_follower-12] [INFO] [1789634363.907142368] [waypoint_follower]: Destroying bond (waypoint_follower) to lifecycle manager.
[waypoint_follower-12] [INFO] [1789634363.919605639] [waypoint_follower]: Cleaning up
[robot_state_publisher-2] [INFO] [1789634363.905328790] [rclcpp]: signal_handler(signum=2)
[lifecycle_manager-13] [INFO] [1789634363.905520852] [rclcpp]: signal_handler(signum=2)
[lifecycle_manager-13] [INFO] [1789634363.907353261] [lifecycle_manager_navigation]: Running Nav2 LifecycleManager rcl preshutdown (lifecycle_manager_navigation)
[lifecycle_manager-13] [INFO] [1789634363.907408857] [lifecycle_manager_navigation]: [34m[1mTerminating bond timer...[0m[0m
[controller_server-8] [INFO] [1789634363.905817885] [rclcpp]: signal_handler(signum=2)
[controller_server-8] [INFO] [1789634363.907937249] [controller_server]: Running Nav2 LifecycleNode rcl preshutdown (controller_server)
[controller_server-8] [INFO] [1789634363.908015229] [controller_server]: Deactivating
[controller_server-8] [INFO] [1789634363.908069662] [local_costmap.local_costmap]: Deactivating
[planner_server-9] [INFO] [1789634363.906018565] [rclcpp]: signal_handler(signum=2)
[planner_server-9] [INFO] [1789634363.906501017] [planner_server]: Running Nav2 LifecycleNode rcl preshutdown (planner_server)
[planner_server-9] [INFO] [1789634363.908310275] [planner_server]: Deactivating
[planner_server-9] [INFO] [1789634363.908356316] [global_costmap.global_costmap]: Deactivating
[behavior_server-10] [INFO] [1789634363.915767473] [behavior_server]: Cleaning up
[ERROR] [ekf_node-4]: process has died [pid 143070, exit code -2, cmd '/opt/ros/humble/lib/robot_localization/ekf_node --ros-args -r __node:=ekf_filter_node --params-file /home/yahboom/swerve_bringup/install/swerve_bringup/share/swerve_bringup/config/ekf.yaml --params-file /tmp/launch_params_ts35scvh -r /odom:=/odom -r /imu/data:=/imu/data'].
[swerve_controller_node-18] Traceback (most recent call last):
[swerve_controller_node-18]   File "/home/yahboom/swerve_bringup/install/swerve_bringup/lib/swerve_bringup/swerve_controller_node", line 192, in <module>
[swerve_controller_node-18]     main()
[swerve_controller_node-18]   File "/home/yahboom/swerve_bringup/install/swerve_bringup/lib/swerve_bringup/swerve_controller_node", line 184, in main
[swerve_controller_node-18]     node.steer_pub.publish(Float64MultiArray(data=[
[swerve_controller_node-18]   File "/opt/ros/humble/local/lib/python3.10/dist-packages/rclpy/publisher.py", line 70, in publish
[swerve_controller_node-18]     self.__publisher.publish(msg)
[swerve_controller_node-18] rclpy._rclpy_pybind11.RCLError: Failed to publish: publisher's context is invalid, at ./src/rcl/publisher.c:389
[swerve_controller_node-18] Error in sys.excepthook:
[swerve_controller_node-18] Traceback (most recent call last):
[swerve_controller_node-18]   File "/usr/lib/python3/dist-packages/apport_python_hook.py", line 72, in apport_excepthook
[swerve_controller_node-18]     from apport.fileutils import likely_packaged, get_recent_crashes
[swerve_controller_node-18]   File "/usr/lib/python3/dist-packages/apport/__init__.py", line 5, in <module>
[swerve_controller_node-18]     from apport.report import Report
[swerve_controller_node-18]   File "/usr/lib/python3/dist-packages/apport/report.py", line 21, in <module>
[swerve_controller_node-18]     from urllib.request import urlopen
[swerve_controller_node-18]   File "/usr/lib/python3.10/urllib/request.py", line 88, in <module>
[swerve_controller_node-18]     import http.client
[swerve_controller_node-18]   File "/usr/lib/python3.10/http/client.py", line 71, in <module>
[swerve_controller_node-18]     import email.parser
[swerve_controller_node-18]   File "/usr/lib/python3.10/email/parser.py", line 12, in <module>
[swerve_controller_node-18]     from email.feedparser import FeedParser, BytesFeedParser
[swerve_controller_node-18]   File "/usr/lib/python3.10/email/feedparser.py", line 27, in <module>
[swerve_controller_node-18]     from email._policybase import compat32
[swerve_controller_node-18]   File "/usr/lib/python3.10/email/_policybase.py", line 7, in <module>
[swerve_controller_node-18]     from email import header
[swerve_controller_node-18]   File "<frozen importlib._bootstrap>", line 1027, in _find_and_load
[swerve_controller_node-18]   File "<frozen importlib._bootstrap>", line 1006, in _find_and_load_unlocked
[swerve_controller_node-18]   File "<frozen importlib._bootstrap>", line 674, in _load_unlocked
[swerve_controller_node-18]   File "<frozen importlib._bootstrap>", line 577, in module_from_spec
[swerve_controller_node-18]   File "<frozen importlib._bootstrap>", line 541, in _init_module_attrs
[swerve_controller_node-18] KeyboardInterrupt
[swerve_controller_node-18] 
[swerve_controller_node-18] Original exception was:
[swerve_controller_node-18] Traceback (most recent call last):
[swerve_controller_node-18]   File "/home/yahboom/swerve_bringup/install/swerve_bringup/lib/swerve_bringup/swerve_controller_node", line 192, in <module>
[swerve_controller_node-18]     main()
[swerve_controller_node-18]   File "/home/yahboom/swerve_bringup/install/swerve_bringup/lib/swerve_bringup/swerve_controller_node", line 184, in main
[swerve_controller_node-18]     node.steer_pub.publish(Float64MultiArray(data=[
[swerve_controller_node-18]   File "/opt/ros/humble/local/lib/python3.10/dist-packages/rclpy/publisher.py", line 70, in publish
[swerve_controller_node-18]     self.__publisher.publish(msg)
[swerve_controller_node-18] rclpy._rclpy_pybind11.RCLError: Failed to publish: publisher's context is invalid, at ./src/rcl/publisher.c:389
[lifecycle_manager-13] [INFO] [1789634363.956877632] [rclcpp]: signal_handler(signum=2)
[waypoint_follower-12] [INFO] [1789634363.961889896] [rclcpp]: signal_handler(signum=2)
[bt_navigator-11] [INFO] [1789634363.965808995] [rclcpp]: signal_handler(signum=2)
[swerve_odometry_node-19] Traceback (most recent call last):
[swerve_odometry_node-19]   File "/home/yahboom/swerve_bringup/install/swerve_bringup/lib/swerve_bringup/swerve_odometry_node", line 221, in <module>
[swerve_odometry_node-19]     main()
[swerve_odometry_node-19]   File "/home/yahboom/swerve_bringup/install/swerve_bringup/lib/swerve_bringup/swerve_odometry_node", line 215, in main
[swerve_odometry_node-19]     node.destroy_node()
[swerve_odometry_node-19]   File "/opt/ros/humble/local/lib/python3.10/dist-packages/rclpy/node.py", line 1685, in destroy_node
[swerve_odometry_node-19]     self.destroy_publisher(self._publishers[0])
[swerve_odometry_node-19]   File "/opt/ros/humble/local/lib/python3.10/dist-packages/rclpy/node.py", line 1565, in destroy_publisher
[swerve_odometry_node-19]     publisher.destroy()
[swerve_odometry_node-19]   File "/opt/ros/humble/local/lib/python3.10/dist-packages/rclpy/publisher.py", line 99, in destroy
[swerve_odometry_node-19]     self.__publisher.destroy_when_not_in_use()
[swerve_odometry_node-19] KeyboardInterrupt
[behavior_server-10] [INFO] [1789634363.968309029] [rclcpp]: signal_handler(signum=2)
[planner_server-9] [INFO] [1789634363.974463508] [planner_server]: Deactivating plugin GridBased of type NavfnPlanner
[planner_server-9] [INFO] [1789634363.974516145] [planner_server]: Destroying bond (planner_server) to lifecycle manager.
[planner_server-9] [INFO] [1789634363.986997154] [rclcpp]: signal_handler(signum=2)
[bt_navigator-11] [INFO] [1789634363.977731851] [bt_navigator]: Cleaning up
[controller_server-8] [INFO] [1789634363.999444252] [rclcpp]: signal_handler(signum=2)
[map_server-7] [INFO] [1789634363.999940907] [rclcpp]: signal_handler(signum=2)
[controller_server-8] [INFO] [1789634364.015905010] [controller_server]: Destroying bond (controller_server) to lifecycle manager.
[planner_server-9] [INFO] [1789634364.024281018] [planner_server]: Cleaning up
[waypoint_follower-12] [INFO] [1789634364.026475239] [waypoint_follower]: Destroying bond (waypoint_follower) to lifecycle manager.
[robot_state_publisher-2] [INFO] [1789634364.029393977] [rclcpp]: signal_handler(signum=2)
[v30e_sim_node-5] Traceback (most recent call last):
[v30e_sim_node-5]   File "/home/yahboom/swerve_bringup/install/swerve_bringup/lib/swerve_bringup/v30e_sim_node", line 188, in <module>
[v30e_sim_node-5]     if __name__ == '__main__': main()
[v30e_sim_node-5]   File "/home/yahboom/swerve_bringup/install/swerve_bringup/lib/swerve_bringup/v30e_sim_node", line 185, in main
[v30e_sim_node-5]     node.destroy_node(); rclpy.shutdown()
[v30e_sim_node-5]   File "/opt/ros/humble/local/lib/python3.10/dist-packages/rclpy/node.py", line 1689, in destroy_node
[v30e_sim_node-5]     self.destroy_client(self._clients[0])
[v30e_sim_node-5]   File "/opt/ros/humble/local/lib/python3.10/dist-packages/rclpy/node.py", line 1599, in destroy_client
[v30e_sim_node-5]     client.destroy()
[v30e_sim_node-5]   File "/opt/ros/humble/local/lib/python3.10/dist-packages/rclpy/client.py", line 187, in destroy
[v30e_sim_node-5]     self.__client.destroy_when_not_in_use()
[v30e_sim_node-5] KeyboardInterrupt
[map_server-7] [INFO] [1789634364.119876189] [map_server]: Destroying
[controller_server-8] [INFO] [1789634364.122840137] [controller_server]: Cleaning up
[controller_server-8] [INFO] [1789634364.127007672] [local_costmap.local_costmap]: Cleaning up
[waypoint_follower-12] [INFO] [1789634364.152553547] [waypoint_follower]: Destroying
[behavior_server-10] [INFO] [1789634364.154513429] [behavior_server]: Destroying bond (behavior_server) to lifecycle manager.
[INFO] [robot_state_publisher-2]: process has finished cleanly [pid 143059]
[ERROR] [v30e_sim_node-5]: process has died [pid 143078, exit code -2, cmd '/home/yahboom/swerve_bringup/install/swerve_bringup/lib/swerve_bringup/v30e_sim_node --ros-args -r __node:=v30e_sim_node --params-file /home/yahboom/swerve_bringup/install/swerve_bringup/share/swerve_bringup/config/v30e_sim.yaml --params-file /tmp/launch_params_qrseqr_p'].
[planner_server-9] [INFO] [1789634364.270023396] [global_costmap.global_costmap]: Cleaning up
[behavior_server-10] [INFO] [1789634364.314456256] [behavior_server]: Destroying
[controller_server-8] [INFO] [1789634364.325011903] [controller_server]: Destroying bond (controller_server) to lifecycle manager.
[ERROR] [swerve_odometry_node-19]: process has died [pid 143791, exit code -2, cmd '/home/yahboom/swerve_bringup/install/swerve_bringup/lib/swerve_bringup/swerve_odometry_node --ros-args -r __node:=swerve_odometry --params-file /home/yahboom/swerve_bringup/install/swerve_bringup/share/swerve_bringup/config/swerve_odometry.yaml --params-file /tmp/launch_params_b7_i_1ct'].
[planner_server-9] [INFO] [1789634364.332633481] [planner_server]: Cleaning up plugin GridBased of type NavfnPlanner
[planner_server-9] [INFO] [1789634364.332740978] [planner_server]: Destroying plugin GridBased of type NavfnPlanner
[lifecycle_manager-13] [INFO] [1789634364.338174479] [lifecycle_manager_navigation]: Destroying lifecycle_manager_navigation
[controller_server-8] [INFO] [1789634364.349118099] [local_costmap.local_costmap]: Destroying
[planner_server-9] [INFO] [1789634364.356298090] [planner_server]: Destroying bond (planner_server) to lifecycle manager.
[planner_server-9] [INFO] [1789634364.377720034] [global_costmap.global_costmap]: Destroying
[controller_server-8] [INFO] [1789634364.394260312] [controller_server]: Destroying
[INFO] [waypoint_follower-12]: process has finished cleanly [pid 143114]
[INFO] [map_server-7]: process has finished cleanly [pid 143085]
[ERROR] [swerve_controller_node-18]: process has died [pid 143789, exit code 1, cmd '/home/yahboom/swerve_bringup/install/swerve_bringup/lib/swerve_bringup/swerve_controller_node --ros-args -r __node:=swerve_controller --params-file /home/yahboom/swerve_bringup/install/swerve_bringup/share/swerve_bringup/config/swerve_controller.yaml --params-file /tmp/launch_params_lu34t0ym'].
[planner_server-9] [INFO] [1789634364.450865508] [planner_server]: Destroying
[bt_navigator-11] [INFO] [1789634364.526349614] [bt_navigator]: Completed Cleaning up
[bt_navigator-11] [INFO] [1789634364.526489023] [bt_navigator]: Destroying bond (bt_navigator) to lifecycle manager.
[bt_navigator-11] [INFO] [1789634364.537056989] [bt_navigator]: Destroying
[INFO] [behavior_server-10]: process has finished cleanly [pid 143102]
[INFO] [lifecycle_manager-13]: process has finished cleanly [pid 143122]
[INFO] [planner_server-9]: process has finished cleanly [pid 143094]
[INFO] [controller_server-8]: process has finished cleanly [pid 143089]
[INFO] [bt_navigator-11]: process has finished cleanly [pid 143108]
[INFO] [gzserver-1]: process has finished cleanly [pid 143057]
