[INFO] [launch]: All log files can be found below /home/yahboom/.ros/log/2026-09-17-18-13-04-139574-yahboom-virtual-machine-167108
[INFO] [launch]: Default logging verbosity is set to INFO
[INFO] [gzserver-1]: process started with pid [167142]
[INFO] [robot_state_publisher-2]: process started with pid [167144]
[INFO] [spawn_entity.py-3]: process started with pid [167146]
[INFO] [ekf_node-4]: process started with pid [167148]
[INFO] [v30e_sim_node-5]: process started with pid [167150]
[INFO] [ekf_node-6]: process started with pid [167152]
[INFO] [map_server-7]: process started with pid [167154]
[INFO] [controller_server-8]: process started with pid [167157]
[INFO] [planner_server-9]: process started with pid [167161]
[INFO] [behavior_server-10]: process started with pid [167167]
[INFO] [bt_navigator-11]: process started with pid [167176]
[INFO] [waypoint_follower-12]: process started with pid [167187]
[INFO] [lifecycle_manager-13]: process started with pid [167189]
[INFO] [swerve_bridge_node-14]: process started with pid [167199]
[robot_state_publisher-2] [INFO] [1789639987.359446137] [robot_state_publisher]: got segment base_footprint
[robot_state_publisher-2] [INFO] [1789639987.360528124] [robot_state_publisher]: got segment base_link
[robot_state_publisher-2] [INFO] [1789639987.360975756] [robot_state_publisher]: got segment imu_link
[robot_state_publisher-2] [INFO] [1789639987.365904819] [robot_state_publisher]: got segment lidar_link
[robot_state_publisher-2] [INFO] [1789639987.365920207] [robot_state_publisher]: got segment steer_front_link
[robot_state_publisher-2] [INFO] [1789639987.365928451] [robot_state_publisher]: got segment steer_rear_link
[robot_state_publisher-2] [INFO] [1789639987.365935608] [robot_state_publisher]: got segment v30e_link
[robot_state_publisher-2] [INFO] [1789639987.365967145] [robot_state_publisher]: got segment wheel_front_drive_link
[robot_state_publisher-2] [INFO] [1789639987.365976930] [robot_state_publisher]: got segment wheel_front_left_link
[robot_state_publisher-2] [INFO] [1789639987.365984747] [robot_state_publisher]: got segment wheel_front_right_link
[robot_state_publisher-2] [INFO] [1789639987.365991732] [robot_state_publisher]: got segment wheel_rear_drive_link
[robot_state_publisher-2] [INFO] [1789639987.365998522] [robot_state_publisher]: got segment wheel_rear_left_link
[robot_state_publisher-2] [INFO] [1789639987.366005293] [robot_state_publisher]: got segment wheel_rear_right_link
[lifecycle_manager-13] [INFO] [1789639987.565682893] [lifecycle_manager_navigation]: Creating
[planner_server-9] [INFO] [1789639987.599832153] [planner_server]: 
[planner_server-9] 	planner_server lifecycle node launched. 
[planner_server-9] 	Waiting on external lifecycle transitions to activate
[planner_server-9] 	See https://design.ros2.org/articles/node_lifecycle.html for more information.
[planner_server-9] [INFO] [1789639987.606521517] [planner_server]: Creating
[waypoint_follower-12] [INFO] [1789639987.675260103] [waypoint_follower]: 
[waypoint_follower-12] 	waypoint_follower lifecycle node launched. 
[waypoint_follower-12] 	Waiting on external lifecycle transitions to activate
[waypoint_follower-12] 	See https://design.ros2.org/articles/node_lifecycle.html for more information.
[waypoint_follower-12] [INFO] [1789639987.680778132] [waypoint_follower]: Creating
[map_server-7] [INFO] [1789639987.692734224] [map_server]: 
[map_server-7] 	map_server lifecycle node launched. 
[map_server-7] 	Waiting on external lifecycle transitions to activate
[map_server-7] 	See https://design.ros2.org/articles/node_lifecycle.html for more information.
[map_server-7] [INFO] [1789639987.692923807] [map_server]: Creating
[lifecycle_manager-13] [INFO] [1789639987.701922486] [lifecycle_manager_navigation]: [34m[1mCreating and initializing lifecycle service clients[0m[0m
[behavior_server-10] [INFO] [1789639987.843673288] [behavior_server]: 
[behavior_server-10] 	behavior_server lifecycle node launched. 
[behavior_server-10] 	Waiting on external lifecycle transitions to activate
[behavior_server-10] 	See https://design.ros2.org/articles/node_lifecycle.html for more information.
[controller_server-8] [INFO] [1789639987.913524450] [controller_server]: 
[controller_server-8] 	controller_server lifecycle node launched. 
[controller_server-8] 	Waiting on external lifecycle transitions to activate
[controller_server-8] 	See https://design.ros2.org/articles/node_lifecycle.html for more information.
[controller_server-8] [INFO] [1789639987.929183290] [controller_server]: Creating controller server
[swerve_bridge_node-14] Traceback (most recent call last):
[swerve_bridge_node-14]   File "/home/yahboom/swerve_bringup/install/swerve_bridge/lib/swerve_bridge/swerve_bridge_node", line 33, in <module>
[swerve_bridge_node-14]     sys.exit(load_entry_point('swerve-bridge', 'console_scripts', 'swerve_bridge_node')())
[swerve_bridge_node-14]   File "/home/yahboom/swerve_bringup/install/swerve_bridge/lib/swerve_bridge/swerve_bridge_node", line 22, in importlib_load_entry_point
[swerve_bridge_node-14]     for entry_point in distribution(dist_name).entry_points
[swerve_bridge_node-14]   File "/usr/lib/python3.10/importlib/metadata/__init__.py", line 969, in distribution
[swerve_bridge_node-14]     return Distribution.from_name(distribution_name)
[swerve_bridge_node-14]   File "/usr/lib/python3.10/importlib/metadata/__init__.py", line 548, in from_name
[swerve_bridge_node-14]     raise PackageNotFoundError(name)
[swerve_bridge_node-14] importlib.metadata.PackageNotFoundError: No package metadata was found for swerve-bridge
[bt_navigator-11] [INFO] [1789639987.974062425] [bt_navigator]: 
[bt_navigator-11] 	bt_navigator lifecycle node launched. 
[bt_navigator-11] 	Waiting on external lifecycle transitions to activate
[bt_navigator-11] 	See https://design.ros2.org/articles/node_lifecycle.html for more information.
[bt_navigator-11] [INFO] [1789639987.974261631] [bt_navigator]: Creating
[ERROR] [swerve_bridge_node-14]: process has died [pid 167199, exit code 1, cmd '/home/yahboom/swerve_bringup/install/swerve_bridge/lib/swerve_bridge/swerve_bridge_node --ros-args -r __node:=swerve_bridge --params-file /home/yahboom/swerve_bringup/install/swerve_bridge/share/swerve_bridge/config/bridge.yaml --params-file /tmp/launch_params_kldlcon5'].
[planner_server-9] [INFO] [1789639988.129350952] [global_costmap.global_costmap]: 
[planner_server-9] 	global_costmap lifecycle node launched. 
[planner_server-9] 	Waiting on external lifecycle transitions to activate
[planner_server-9] 	See https://design.ros2.org/articles/node_lifecycle.html for more information.
[planner_server-9] [INFO] [1789639988.129932814] [global_costmap.global_costmap]: Creating Costmap
[controller_server-8] [INFO] [1789639988.133988232] [local_costmap.local_costmap]: 
[controller_server-8] 	local_costmap lifecycle node launched. 
[controller_server-8] 	Waiting on external lifecycle transitions to activate
[controller_server-8] 	See https://design.ros2.org/articles/node_lifecycle.html for more information.
[controller_server-8] [INFO] [1789639988.134559644] [local_costmap.local_costmap]: Creating Costmap
[lifecycle_manager-13] [INFO] [1789639988.451698994] [lifecycle_manager_navigation]: [34m[1mStarting managed nodes bringup...[0m[0m
[lifecycle_manager-13] [INFO] [1789639988.451793577] [lifecycle_manager_navigation]: [34m[1mConfiguring map_server[0m[0m
[map_server-7] [INFO] [1789639988.452912137] [map_server]: Configuring
[map_server-7] [INFO] [1789639988.453003219] [map_io]: Loading yaml file: /home/yahboom/swerve_bringup/install/swerve_bringup/share/swerve_bringup/swerve_navigation/maps/warehouse.yaml
[map_server-7] [INFO] [1789639988.453403463] [map_io]: resolution: 0.05
[map_server-7] [INFO] [1789639988.453424661] [map_io]: origin[0]: -17.2
[map_server-7] [INFO] [1789639988.453431074] [map_io]: origin[1]: -17.4
[map_server-7] [INFO] [1789639988.453436515] [map_io]: origin[2]: 0
[map_server-7] [INFO] [1789639988.453442266] [map_io]: free_thresh: 0.25
[map_server-7] [INFO] [1789639988.453447691] [map_io]: occupied_thresh: 0.65
[map_server-7] [INFO] [1789639988.453456766] [map_io]: mode: trinary
[map_server-7] [INFO] [1789639988.453463382] [map_io]: negate: 0
[map_server-7] [INFO] [1789639988.453711563] [map_io]: Loading image_file: /home/yahboom/swerve_bringup/install/swerve_bringup/share/swerve_bringup/swerve_navigation/maps/warehouse.pgm
[map_server-7] [INFO] [1789639988.580480176] [map_io]: Read map /home/yahboom/swerve_bringup/install/swerve_bringup/share/swerve_bringup/swerve_navigation/maps/warehouse.pgm: 676 X 680 map @ 0.05 m/cell
[lifecycle_manager-13] [INFO] [1789639988.669427760] [lifecycle_manager_navigation]: [34m[1mConfiguring controller_server[0m[0m
[controller_server-8] [INFO] [1789639988.688736375] [controller_server]: Configuring controller interface
[controller_server-8] [INFO] [1789639988.691438987] [controller_server]: getting goal checker plugins..
[controller_server-8] [INFO] [1789639988.697618903] [controller_server]: Controller frequency set to 10.0000Hz
[controller_server-8] [INFO] [1789639988.697707140] [local_costmap.local_costmap]: Configuring
[controller_server-8] [INFO] [1789639988.944524947] [local_costmap.local_costmap]: Using plugin "voxel_layer"
[controller_server-8] [INFO] [1789639988.969070249] [local_costmap.local_costmap]: Subscribed to Topics: lidar3d scan
[spawn_entity.py-3] [INFO] [1789639989.027848459] [spawn_swerve]: Spawn Entity started
[spawn_entity.py-3] [INFO] [1789639989.031132999] [spawn_swerve]: Loading entity published on topic robot_description
[spawn_entity.py-3] [INFO] [1789639989.062235065] [spawn_swerve]: Waiting for entity xml on robot_description
[controller_server-8] [INFO] [1789639989.103850954] [local_costmap.local_costmap]: Initialized plugin "voxel_layer"
[controller_server-8] [INFO] [1789639989.103955869] [local_costmap.local_costmap]: Using plugin "inflation_layer"
[controller_server-8] [INFO] [1789639989.113080159] [local_costmap.local_costmap]: Initialized plugin "inflation_layer"
[controller_server-8] [INFO] [1789639989.190923505] [controller_server]: Created progress_checker : progress_checker of type nav2_controller::SimpleProgressChecker
[controller_server-8] [INFO] [1789639989.196940183] [controller_server]: Created goal checker : general_goal_checker of type nav2_controller::SimpleGoalChecker
[controller_server-8] [INFO] [1789639989.210933847] [controller_server]: Controller Server has general_goal_checker  goal checkers available.
[controller_server-8] [INFO] [1789639989.211828610] [controller_server]: Created controller : FollowPath of type dwb_core::DWBLocalPlanner
[controller_server-8] [INFO] [1789639989.212254593] [controller_server]: Setting transform_tolerance to 0.200000
[controller_server-8] [INFO] [1789639989.273991334] [controller_server]: Using critic "RotateToGoal" (dwb_critics::RotateToGoalCritic)
[controller_server-8] [INFO] [1789639989.292818346] [controller_server]: Critic plugin initialized
[controller_server-8] [INFO] [1789639989.292954352] [controller_server]: Using critic "Oscillation" (dwb_critics::OscillationCritic)
[controller_server-8] [INFO] [1789639989.296237381] [controller_server]: Critic plugin initialized
[controller_server-8] [INFO] [1789639989.298938786] [controller_server]: Using critic "BaseObstacle" (dwb_critics::BaseObstacleCritic)
[controller_server-8] [INFO] [1789639989.299134937] [controller_server]: Critic plugin initialized
[controller_server-8] [INFO] [1789639989.299227269] [controller_server]: Using critic "GoalAlign" (dwb_critics::GoalAlignCritic)
[controller_server-8] [INFO] [1789639989.299812864] [controller_server]: Critic plugin initialized
[controller_server-8] [INFO] [1789639989.299885087] [controller_server]: Using critic "PathAlign" (dwb_critics::PathAlignCritic)
[controller_server-8] [INFO] [1789639989.306042977] [controller_server]: Critic plugin initialized
[controller_server-8] [INFO] [1789639989.306168514] [controller_server]: Using critic "PathDist" (dwb_critics::PathDistCritic)
[controller_server-8] [INFO] [1789639989.306621720] [controller_server]: Critic plugin initialized
[controller_server-8] [INFO] [1789639989.308956781] [controller_server]: Using critic "GoalDist" (dwb_critics::GoalDistCritic)
[controller_server-8] [INFO] [1789639989.317051498] [controller_server]: Critic plugin initialized
[controller_server-8] [INFO] [1789639989.317194507] [controller_server]: Controller Server has FollowPath  controllers available.
[v30e_sim_node-5] [INFO] [1789639989.347593437] [v30e_sim_node]: Using Gazebo /get_entity_state internally; odometry is not a V30E measurement input
[lifecycle_manager-13] [INFO] [1789639989.383899839] [lifecycle_manager_navigation]: [34m[1mConfiguring planner_server[0m[0m
[planner_server-9] [INFO] [1789639989.385967728] [planner_server]: Configuring
[planner_server-9] [INFO] [1789639989.386026995] [global_costmap.global_costmap]: Configuring
[planner_server-9] [INFO] [1789639989.444287399] [global_costmap.global_costmap]: Using plugin "static_layer"
[planner_server-9] [INFO] [1789639989.454297016] [global_costmap.global_costmap]: Subscribing to the map topic (/map) with transient local durability
[planner_server-9] [INFO] [1789639989.457075135] [global_costmap.global_costmap]: Initialized plugin "static_layer"
[planner_server-9] [INFO] [1789639989.457127869] [global_costmap.global_costmap]: Using plugin "obstacle_layer"
[planner_server-9] [INFO] [1789639989.464254420] [global_costmap.global_costmap]: Subscribed to Topics: scan
[planner_server-9] [INFO] [1789639989.472139208] [global_costmap.global_costmap]: Initialized plugin "obstacle_layer"
[planner_server-9] [INFO] [1789639989.472191177] [global_costmap.global_costmap]: Using plugin "inflation_layer"
[planner_server-9] [INFO] [1789639989.477684707] [global_costmap.global_costmap]: Initialized plugin "inflation_layer"
[planner_server-9] [INFO] [1789639989.531357782] [planner_server]: Created global planner plugin GridBased of type nav2_navfn_planner/NavfnPlanner
[planner_server-9] [INFO] [1789639989.531406559] [planner_server]: Configuring plugin GridBased of type NavfnPlanner
[planner_server-9] [INFO] [1789639989.536064180] [planner_server]: Planner Server has GridBased  planners available.
[spawn_entity.py-3] [INFO] [1789639989.586250784] [spawn_swerve]: Waiting for service /spawn_entity, timeout = 30
[spawn_entity.py-3] [INFO] [1789639989.589296928] [spawn_swerve]: Waiting for service /spawn_entity
[lifecycle_manager-13] [INFO] [1789639989.650771742] [lifecycle_manager_navigation]: [34m[1mConfiguring behavior_server[0m[0m
[behavior_server-10] [INFO] [1789639989.652441676] [behavior_server]: Configuring
[behavior_server-10] [INFO] [1789639989.706202790] [behavior_server]: Creating behavior plugin spin of type nav2_behaviors/Spin
[behavior_server-10] [INFO] [1789639989.707216953] [behavior_server]: Configuring spin
[behavior_server-10] [INFO] [1789639989.759501943] [behavior_server]: Creating behavior plugin backup of type nav2_behaviors/BackUp
[behavior_server-10] [INFO] [1789639989.761599981] [behavior_server]: Configuring backup
[behavior_server-10] [INFO] [1789639989.785189012] [behavior_server]: Creating behavior plugin drive_on_heading of type nav2_behaviors/DriveOnHeading
[behavior_server-10] [INFO] [1789639989.786142449] [behavior_server]: Configuring drive_on_heading
[behavior_server-10] [INFO] [1789639989.804000016] [behavior_server]: Creating behavior plugin wait of type nav2_behaviors/Wait
[behavior_server-10] [INFO] [1789639989.805013663] [behavior_server]: Configuring wait
[lifecycle_manager-13] [INFO] [1789639989.863197685] [lifecycle_manager_navigation]: [34m[1mConfiguring bt_navigator[0m[0m
[bt_navigator-11] [INFO] [1789639989.863558912] [bt_navigator]: Configuring
[lifecycle_manager-13] [INFO] [1789639990.265993712] [lifecycle_manager_navigation]: [34m[1mConfiguring waypoint_follower[0m[0m
[waypoint_follower-12] [INFO] [1789639990.267442123] [waypoint_follower]: Configuring
[waypoint_follower-12] [INFO] [1789639990.328634992] [waypoint_follower]: Created waypoint_task_executor : wait_at_waypoint of type nav2_waypoint_follower::WaitAtWaypoint
[waypoint_follower-12] [INFO] [1789639990.329527587] [waypoint_follower]: Waypoint pause duration is set to zero, disabling task executor plugin.
[lifecycle_manager-13] [INFO] [1789639990.337564363] [lifecycle_manager_navigation]: [34m[1mActivating map_server[0m[0m
[map_server-7] [INFO] [1789639990.338322625] [map_server]: Activating
[map_server-7] [INFO] [1789639990.340500270] [map_server]: Creating bond (map_server) to lifecycle manager.
[planner_server-9] [INFO] [1789639990.341790988] [global_costmap.global_costmap]: StaticLayer: Resizing costmap to 676 X 680 at 0.050000 m/pix
[lifecycle_manager-13] [INFO] [1789639990.464921725] [lifecycle_manager_navigation]: Server map_server connected with bond.
[lifecycle_manager-13] [INFO] [1789639990.465098980] [lifecycle_manager_navigation]: [34m[1mActivating controller_server[0m[0m
[controller_server-8] [INFO] [1789639990.468951555] [controller_server]: Activating
[controller_server-8] [INFO] [1789639990.469048619] [local_costmap.local_costmap]: Activating
[controller_server-8] [INFO] [1789639990.469068574] [local_costmap.local_costmap]: Checking transform
[controller_server-8] [INFO] [1789639990.469104650] [local_costmap.local_costmap]: Timed out waiting for transform from base_footprint to odom to become available, tf error: Invalid frame ID "odom" passed to canTransform argument target_frame - frame does not exist
[controller_server-8] [INFO] [1789639990.969664055] [local_costmap.local_costmap]: Timed out waiting for transform from base_footprint to odom to become available, tf error: Invalid frame ID "odom" passed to canTransform argument target_frame - frame does not exist
[controller_server-8] [INFO] [1789639991.469401055] [local_costmap.local_costmap]: Timed out waiting for transform from base_footprint to odom to become available, tf error: Invalid frame ID "odom" passed to canTransform argument target_frame - frame does not exist
[controller_server-8] [INFO] [1789639991.969432987] [local_costmap.local_costmap]: Timed out waiting for transform from base_footprint to odom to become available, tf error: Invalid frame ID "odom" passed to canTransform argument target_frame - frame does not exist
[controller_server-8] [INFO] [1789639992.471505990] [local_costmap.local_costmap]: Timed out waiting for transform from base_footprint to odom to become available, tf error: Invalid frame ID "odom" passed to canTransform argument target_frame - frame does not exist
[controller_server-8] [INFO] [1789639992.970233903] [local_costmap.local_costmap]: Timed out waiting for transform from base_footprint to odom to become available, tf error: Invalid frame ID "odom" passed to canTransform argument target_frame - frame does not exist
[controller_server-8] [INFO] [1789639993.472740425] [local_costmap.local_costmap]: Timed out waiting for transform from base_footprint to odom to become available, tf error: Invalid frame ID "odom" passed to canTransform argument target_frame - frame does not exist
[controller_server-8] [INFO] [1789639993.971021580] [local_costmap.local_costmap]: Timed out waiting for transform from base_footprint to odom to become available, tf error: Invalid frame ID "odom" passed to canTransform argument target_frame - frame does not exist
[controller_server-8] [INFO] [1789639994.469285636] [local_costmap.local_costmap]: Timed out waiting for transform from base_footprint to odom to become available, tf error: Invalid frame ID "odom" passed to canTransform argument target_frame - frame does not exist
[controller_server-8] [INFO] [1789639994.971152124] [local_costmap.local_costmap]: Timed out waiting for transform from base_footprint to odom to become available, tf error: Invalid frame ID "odom" passed to canTransform argument target_frame - frame does not exist
[spawn_entity.py-3] [INFO] [1789639995.141930877] [spawn_swerve]: Calling service /spawn_entity
[gzserver-1] [INFO] [1789639995.304070073] [gazebo_ros_state]: Publishing states of gazebo models at [/model_states]
[gzserver-1] [INFO] [1789639995.312847565] [gazebo_ros_state]: Publishing states of gazebo links at [/link_states]
[controller_server-8] [INFO] [1789639995.469563949] [local_costmap.local_costmap]: Timed out waiting for transform from base_footprint to odom to become available, tf error: Invalid frame ID "odom" passed to canTransform argument target_frame - frame does not exist
[gzserver-1] [INFO] [1789639995.818118978] [imu.imu_ros]: <initial_orientation_as_reference> is unset, using default value of false to comply with REP 145 (world as orientation reference)
[controller_server-8] [INFO] [1789639995.969567265] [local_costmap.local_costmap]: Timed out waiting for transform from base_footprint to odom to become available, tf error: Invalid frame ID "odom" passed to canTransform argument target_frame - frame does not exist
[controller_server-8] [INFO] [1789639996.469225502] [local_costmap.local_costmap]: Timed out waiting for transform from base_footprint to odom to become available, tf error: Invalid frame ID "odom" passed to canTransform argument target_frame - frame does not exist
[controller_server-8] [INFO] [1789639996.970356776] [local_costmap.local_costmap]: Timed out waiting for transform from base_footprint to odom to become available, tf error: Invalid frame ID "odom" passed to canTransform argument target_frame - frame does not exist
[controller_server-8] [INFO] [1789639997.470986603] [local_costmap.local_costmap]: Timed out waiting for transform from base_footprint to odom to become available, tf error: Invalid frame ID "odom" passed to canTransform argument target_frame - frame does not exist
[controller_server-8] [INFO] [1789639997.969327635] [local_costmap.local_costmap]: Timed out waiting for transform from base_footprint to odom to become available, tf error: Invalid frame ID "odom" passed to canTransform argument target_frame - frame does not exist
[controller_server-8] [INFO] [1789639998.469448724] [local_costmap.local_costmap]: Timed out waiting for transform from base_footprint to odom to become available, tf error: Invalid frame ID "odom" passed to canTransform argument target_frame - frame does not exist
[controller_server-8] [INFO] [1789639998.969542088] [local_costmap.local_costmap]: Timed out waiting for transform from base_footprint to odom to become available, tf error: Invalid frame ID "odom" passed to canTransform argument target_frame - frame does not exist
[controller_server-8] [INFO] [1789639999.469298790] [local_costmap.local_costmap]: Timed out waiting for transform from base_footprint to odom to become available, tf error: Invalid frame ID "odom" passed to canTransform argument target_frame - frame does not exist
[controller_server-8] [INFO] [1789639999.969440285] [local_costmap.local_costmap]: Timed out waiting for transform from base_footprint to odom to become available, tf error: Invalid frame ID "odom" passed to canTransform argument target_frame - frame does not exist
[controller_server-8] [INFO] [1789640000.469713036] [local_costmap.local_costmap]: Timed out waiting for transform from base_footprint to odom to become available, tf error: Invalid frame ID "odom" passed to canTransform argument target_frame - frame does not exist
[controller_server-8] [INFO] [1789640000.971349735] [local_costmap.local_costmap]: Timed out waiting for transform from base_footprint to odom to become available, tf error: Invalid frame ID "odom" passed to canTransform argument target_frame - frame does not exist
[controller_server-8] [INFO] [1789640001.469623342] [local_costmap.local_costmap]: Timed out waiting for transform from base_footprint to odom to become available, tf error: Invalid frame ID "odom" passed to canTransform argument target_frame - frame does not exist
[controller_server-8] [INFO] [1789640001.970103349] [local_costmap.local_costmap]: Timed out waiting for transform from base_footprint to odom to become available, tf error: Invalid frame ID "odom" passed to canTransform argument target_frame - frame does not exist
[controller_server-8] [INFO] [1789640002.471665687] [local_costmap.local_costmap]: Timed out waiting for transform from base_footprint to odom to become available, tf error: Invalid frame ID "odom" passed to canTransform argument target_frame - frame does not exist
[controller_server-8] [INFO] [1789640002.971466562] [local_costmap.local_costmap]: Timed out waiting for transform from base_footprint to odom to become available, tf error: Invalid frame ID "odom" passed to canTransform argument target_frame - frame does not exist
[controller_server-8] [INFO] [1789640003.469675978] [local_costmap.local_costmap]: Timed out waiting for transform from base_footprint to odom to become available, tf error: Invalid frame ID "odom" passed to canTransform argument target_frame - frame does not exist
[controller_server-8] [INFO] [1789640003.970334044] [local_costmap.local_costmap]: Timed out waiting for transform from base_footprint to odom to become available, tf error: Invalid frame ID "odom" passed to canTransform argument target_frame - frame does not exist
[controller_server-8] [INFO] [1789640004.469723257] [local_costmap.local_costmap]: Timed out waiting for transform from base_footprint to odom to become available, tf error: Invalid frame ID "odom" passed to canTransform argument target_frame - frame does not exist
[controller_server-8] [INFO] [1789640004.969970702] [local_costmap.local_costmap]: Timed out waiting for transform from base_footprint to odom to become available, tf error: Invalid frame ID "odom" passed to canTransform argument target_frame - frame does not exist
[controller_server-8] [INFO] [1789640005.469534497] [local_costmap.local_costmap]: Timed out waiting for transform from base_footprint to odom to become available, tf error: Invalid frame ID "odom" passed to canTransform argument target_frame - frame does not exist
[controller_server-8] [INFO] [1789640005.970370410] [local_costmap.local_costmap]: Timed out waiting for transform from base_footprint to odom to become available, tf error: Invalid frame ID "odom" passed to canTransform argument target_frame - frame does not exist
[controller_server-8] [INFO] [1789640006.470245347] [local_costmap.local_costmap]: Timed out waiting for transform from base_footprint to odom to become available, tf error: Invalid frame ID "odom" passed to canTransform argument target_frame - frame does not exist
[controller_server-8] [INFO] [1789640006.969810004] [local_costmap.local_costmap]: Timed out waiting for transform from base_footprint to odom to become available, tf error: Invalid frame ID "odom" passed to canTransform argument target_frame - frame does not exist
[controller_server-8] [INFO] [1789640007.470147692] [local_costmap.local_costmap]: Timed out waiting for transform from base_footprint to odom to become available, tf error: Invalid frame ID "odom" passed to canTransform argument target_frame - frame does not exist
[controller_server-8] [INFO] [1789640007.969666536] [local_costmap.local_costmap]: Timed out waiting for transform from base_footprint to odom to become available, tf error: Invalid frame ID "odom" passed to canTransform argument target_frame - frame does not exist
[controller_server-8] [INFO] [1789640008.469799910] [local_costmap.local_costmap]: Timed out waiting for transform from base_footprint to odom to become available, tf error: Invalid frame ID "odom" passed to canTransform argument target_frame - frame does not exist
[controller_server-8] [INFO] [1789640008.969517638] [local_costmap.local_costmap]: Timed out waiting for transform from base_footprint to odom to become available, tf error: Invalid frame ID "odom" passed to canTransform argument target_frame - frame does not exist
[controller_server-8] [INFO] [1789640009.469673175] [local_costmap.local_costmap]: Timed out waiting for transform from base_footprint to odom to become available, tf error: Invalid frame ID "odom" passed to canTransform argument target_frame - frame does not exist
[spawn_entity.py-3] [INFO] [1789640009.697758112] [spawn_swerve]: Spawn status: SpawnEntity: Successfully spawned entity [swerve_base]
[gzserver-1] [INFO] [1789640009.961978182] [gazebo_ros2_control]: Loading gazebo_ros2_control plugin
[controller_server-8] [INFO] [1789640009.971097862] [local_costmap.local_costmap]: Timed out waiting for transform from base_footprint to odom to become available, tf error: Invalid frame ID "odom" passed to canTransform argument target_frame - frame does not exist
[INFO] [spawn_entity.py-3]: process has finished cleanly [pid 167146]
[INFO] [spawner-15]: process started with pid [167540]
[gzserver-1] [INFO] [1789640010.055513797] [gazebo_ros2_control]: Starting gazebo_ros2_control plugin in namespace: /
[gzserver-1] [INFO] [1789640010.055841772] [gazebo_ros2_control]: Starting gazebo_ros2_control plugin in ros 2 node: gazebo_ros2_control
[gzserver-1] [INFO] [1789640010.136105314] [gazebo_ros2_control]: connected to service!! robot_state_publisher
[gzserver-1] [INFO] [1789640010.144280968] [gazebo_ros2_control]: Received urdf from param server, parsing...
[gzserver-1] [INFO] [1789640010.144441886] [gazebo_ros2_control]: Loading parameter files /home/yahboom/swerve_bringup/install/swerve_bringup/share/swerve_bringup/config/controllers.yaml
[gzserver-1] [INFO] [1789640010.203586485] [gazebo_ros2_control]: Loading joint: steer_front_joint
[gzserver-1] [INFO] [1789640010.203654607] [gazebo_ros2_control]: 	State:
[gzserver-1] [INFO] [1789640010.203667808] [gazebo_ros2_control]: 		 position
[gzserver-1] [INFO] [1789640010.203679847] [gazebo_ros2_control]: 		 velocity
[gzserver-1] [INFO] [1789640010.203689227] [gazebo_ros2_control]: 	Command:
[gzserver-1] [INFO] [1789640010.203697581] [gazebo_ros2_control]: 		 position
[gzserver-1] [INFO] [1789640010.204054602] [gazebo_ros2_control]: Loading joint: steer_rear_joint
[gzserver-1] [INFO] [1789640010.204082561] [gazebo_ros2_control]: 	State:
[gzserver-1] [INFO] [1789640010.204092726] [gazebo_ros2_control]: 		 position
[gzserver-1] [INFO] [1789640010.204102374] [gazebo_ros2_control]: 		 velocity
[gzserver-1] [INFO] [1789640010.204113099] [gazebo_ros2_control]: 	Command:
[gzserver-1] [INFO] [1789640010.204121629] [gazebo_ros2_control]: 		 position
[gzserver-1] [INFO] [1789640010.204241661] [gazebo_ros2_control]: Loading joint: wheel_front_drive_joint
[gzserver-1] [INFO] [1789640010.204256003] [gazebo_ros2_control]: 	State:
[gzserver-1] [INFO] [1789640010.204264972] [gazebo_ros2_control]: 		 position
[gzserver-1] [INFO] [1789640010.204274135] [gazebo_ros2_control]: 		 velocity
[gzserver-1] [INFO] [1789640010.204282660] [gazebo_ros2_control]: 	Command:
[gzserver-1] [INFO] [1789640010.204294313] [gazebo_ros2_control]: 		 velocity
[gzserver-1] [INFO] [1789640010.207352841] [gazebo_ros2_control]: Loading joint: wheel_rear_drive_joint
[gzserver-1] [INFO] [1789640010.207400750] [gazebo_ros2_control]: 	State:
[gzserver-1] [INFO] [1789640010.207412608] [gazebo_ros2_control]: 		 position
[gzserver-1] [INFO] [1789640010.207423604] [gazebo_ros2_control]: 		 velocity
[gzserver-1] [INFO] [1789640010.207432321] [gazebo_ros2_control]: 	Command:
[gzserver-1] [INFO] [1789640010.207457067] [gazebo_ros2_control]: 		 velocity
[gzserver-1] [INFO] [1789640010.211017011] [resource_manager]: Initialize hardware 'GazeboSystem' 
[gzserver-1] [INFO] [1789640010.211300281] [resource_manager]: Successful initialization of hardware 'GazeboSystem'
[gzserver-1] [INFO] [1789640010.211457144] [resource_manager]: 'configure' hardware 'GazeboSystem' 
[gzserver-1] [INFO] [1789640010.211474450] [resource_manager]: Successful 'configure' of hardware 'GazeboSystem'
[gzserver-1] [INFO] [1789640010.211482603] [resource_manager]: 'activate' hardware 'GazeboSystem' 
[gzserver-1] [INFO] [1789640010.211489522] [resource_manager]: Successful 'activate' of hardware 'GazeboSystem'
[gzserver-1] [INFO] [1789640010.211603651] [gazebo_ros2_control]: Loading controller_manager
[controller_server-8] [INFO] [1789640010.470479464] [local_costmap.local_costmap]: Timed out waiting for transform from base_footprint to odom to become available, tf error: Invalid frame ID "odom" passed to canTransform argument target_frame - frame does not exist
[gzserver-1] [WARN] [1789640010.523844294] [gazebo_ros2_control]:  Desired controller update period (0.01 s) is slower than the gazebo simulation period (0.001 s).
[gzserver-1] [INFO] [1789640010.530034708] [gazebo_ros2_control]: Loaded gazebo_ros2_control.
[controller_server-8] [INFO] [1789640010.973915851] [local_costmap.local_costmap]: start
[spawner-15] [INFO] [1789640011.007717212] [spawn_joint_state_broadcaster]: waiting for service /controller_manager/list_controllers to become available...
[controller_server-8] [INFO] [1789640011.158725338] [controller_server]: Creating bond (controller_server) to lifecycle manager.
[lifecycle_manager-13] [INFO] [1789640011.294526713] [lifecycle_manager_navigation]: Server controller_server connected with bond.
[lifecycle_manager-13] [INFO] [1789640011.294642932] [lifecycle_manager_navigation]: [34m[1mActivating planner_server[0m[0m
[planner_server-9] [INFO] [1789640011.296147655] [planner_server]: Activating
[planner_server-9] [INFO] [1789640011.296256185] [global_costmap.global_costmap]: Activating
[planner_server-9] [INFO] [1789640011.296279237] [global_costmap.global_costmap]: Checking transform
[planner_server-9] [INFO] [1789640011.296482535] [global_costmap.global_costmap]: start
[planner_server-9] [INFO] [1789640011.858006719] [planner_server]: Activating plugin GridBased of type NavfnPlanner
[planner_server-9] [INFO] [1789640011.914118547] [planner_server]: Creating bond (planner_server) to lifecycle manager.
[lifecycle_manager-13] [INFO] [1789640012.050056299] [lifecycle_manager_navigation]: Server planner_server connected with bond.
[lifecycle_manager-13] [INFO] [1789640012.050847392] [lifecycle_manager_navigation]: [34m[1mActivating behavior_server[0m[0m
[behavior_server-10] [INFO] [1789640012.105330679] [behavior_server]: Activating
[behavior_server-10] [INFO] [1789640012.109123178] [behavior_server]: Activating spin
[behavior_server-10] [INFO] [1789640012.114004968] [behavior_server]: Activating backup
[behavior_server-10] [INFO] [1789640012.114030248] [behavior_server]: Activating drive_on_heading
[behavior_server-10] [INFO] [1789640012.114042749] [behavior_server]: Activating wait
[behavior_server-10] [INFO] [1789640012.114062542] [behavior_server]: Creating bond (behavior_server) to lifecycle manager.
[lifecycle_manager-13] [INFO] [1789640012.256809491] [lifecycle_manager_navigation]: Server behavior_server connected with bond.
[lifecycle_manager-13] [INFO] [1789640012.256868381] [lifecycle_manager_navigation]: [34m[1mActivating bt_navigator[0m[0m
[bt_navigator-11] [INFO] [1789640012.262824962] [bt_navigator]: Activating
[bt_navigator-11] [INFO] [1789640013.014565397] [bt_navigator]: Creating bond (bt_navigator) to lifecycle manager.
[lifecycle_manager-13] [INFO] [1789640013.141788114] [lifecycle_manager_navigation]: Server bt_navigator connected with bond.
[lifecycle_manager-13] [INFO] [1789640013.141867085] [lifecycle_manager_navigation]: [34m[1mActivating waypoint_follower[0m[0m
[waypoint_follower-12] [INFO] [1789640013.143538760] [waypoint_follower]: Activating
[waypoint_follower-12] [INFO] [1789640013.143630417] [waypoint_follower]: Creating bond (waypoint_follower) to lifecycle manager.
[lifecycle_manager-13] [INFO] [1789640013.276689010] [lifecycle_manager_navigation]: Server waypoint_follower connected with bond.
[lifecycle_manager-13] [INFO] [1789640013.276758480] [lifecycle_manager_navigation]: [34m[1mManaged nodes are active[0m[0m
[lifecycle_manager-13] [INFO] [1789640013.276775731] [lifecycle_manager_navigation]: [34m[1mCreating bond timer...[0m[0m
[gzserver-1] [INFO] [1789640013.538227748] [controller_manager]: Loading controller 'joint_state_broadcaster'
[spawner-15] [INFO] [1789640013.940915249] [spawn_joint_state_broadcaster]: [94mLoaded [1mjoint_state_broadcaster[0m
[gzserver-1] [INFO] [1789640013.955595429] [controller_manager]: Configuring controller 'joint_state_broadcaster'
[gzserver-1] [INFO] [1789640013.956094223] [joint_state_broadcaster]: 'joints' or 'interfaces' parameter is empty. All available state interfaces will be published
[spawner-15] [INFO] [1789640014.056451354] [spawn_joint_state_broadcaster]: [92mConfigured and activated [1mjoint_state_broadcaster[0m
[INFO] [spawner-15]: process has finished cleanly [pid 167540]
[INFO] [spawner-16]: process started with pid [167559]
[spawner-16] [INFO] [1789640015.893543480] [spawn_steering_controller]: waiting for service /controller_manager/list_controllers to become available...
[gzserver-1] [INFO] [1789640016.667171031] [controller_manager]: Loading controller 'steering_controller'
[spawner-16] [INFO] [1789640017.313143666] [spawn_steering_controller]: [94mLoaded [1msteering_controller[0m
[gzserver-1] [INFO] [1789640017.330150000] [controller_manager]: Configuring controller 'steering_controller'
[gzserver-1] [INFO] [1789640017.380979567] [steering_controller]: configure successful
[gzserver-1] [INFO] [1789640017.402424970] [steering_controller]: activate successful
[spawner-16] [INFO] [1789640017.421267763] [spawn_steering_controller]: [92mConfigured and activated [1msteering_controller[0m
[INFO] [spawner-16]: process has finished cleanly [pid 167559]
[INFO] [spawner-17]: process started with pid [167571]
[spawner-17] [INFO] [1789640018.850314811] [spawn_drive_controller]: waiting for service /controller_manager/list_controllers to become available...
[gzserver-1] [INFO] [1789640019.625685417] [controller_manager]: Loading controller 'drive_controller'
[spawner-17] [INFO] [1789640020.008160004] [spawn_drive_controller]: [94mLoaded [1mdrive_controller[0m
[gzserver-1] [INFO] [1789640020.024254400] [controller_manager]: Configuring controller 'drive_controller'
[gzserver-1] [INFO] [1789640020.030933930] [drive_controller]: configure successful
[gzserver-1] [INFO] [1789640020.147876633] [drive_controller]: activate successful
[spawner-17] [INFO] [1789640020.476796623] [spawn_drive_controller]: [92mConfigured and activated [1mdrive_controller[0m
[INFO] [spawner-17]: process has finished cleanly [pid 167571]
[INFO] [swerve_controller_node-18]: process started with pid [167583]
[INFO] [swerve_odometry_node-19]: process started with pid [167585]
[swerve_odometry_node-19] [INFO] [1789640022.559924629] [swerve_odometry]: Encoder odometry ready: radius=0.0637 m, velocity_sign=+1.0
[swerve_controller_node-18] [INFO] [1789640022.940738923] [swerve_controller]: Swerve controller ready: radius=0.0675 m, modules={'front': (0.300042, 0.0), 'rear': (-0.300042, 0.0)}
[WARNING] [launch]: user interrupted with ctrl-c (SIGINT)
[lifecycle_manager-13] [INFO] [1789640072.548558115] [rclcpp]: signal_handler(signum=2)
[lifecycle_manager-13] [INFO] [1789640072.548724158] [lifecycle_manager_navigation]: Running Nav2 LifecycleManager rcl preshutdown (lifecycle_manager_navigation)
[lifecycle_manager-13] [INFO] [1789640072.548791764] [lifecycle_manager_navigation]: [34m[1mTerminating bond timer...[0m[0m
[robot_state_publisher-2] [INFO] [1789640072.550052562] [rclcpp]: signal_handler(signum=2)
[waypoint_follower-12] [INFO] [1789640072.550066389] [rclcpp]: signal_handler(signum=2)
[waypoint_follower-12] [INFO] [1789640072.550509574] [waypoint_follower]: Running Nav2 LifecycleNode rcl preshutdown (waypoint_follower)
[waypoint_follower-12] [INFO] [1789640072.550589914] [waypoint_follower]: Deactivating
[waypoint_follower-12] [INFO] [1789640072.550620637] [waypoint_follower]: Destroying bond (waypoint_follower) to lifecycle manager.
[ekf_node-4] [INFO] [1789640072.550260108] [rclcpp]: signal_handler(signum=2)
[map_server-7] [INFO] [1789640072.550310908] [rclcpp]: signal_handler(signum=2)
[map_server-7] [INFO] [1789640072.553216757] [map_server]: Running Nav2 LifecycleNode rcl preshutdown (map_server)
[map_server-7] [INFO] [1789640072.553330340] [map_server]: Deactivating
[map_server-7] [INFO] [1789640072.553361545] [map_server]: Destroying bond (map_server) to lifecycle manager.
[planner_server-9] [INFO] [1789640072.550637951] [rclcpp]: signal_handler(signum=2)
[planner_server-9] [INFO] [1789640072.553596216] [planner_server]: Running Nav2 LifecycleNode rcl preshutdown (planner_server)
[planner_server-9] [INFO] [1789640072.553678782] [planner_server]: Deactivating
[planner_server-9] [INFO] [1789640072.553719695] [global_costmap.global_costmap]: Deactivating
[bt_navigator-11] [INFO] [1789640072.553848218] [rclcpp]: signal_handler(signum=2)
[bt_navigator-11] [INFO] [1789640072.554147588] [bt_navigator]: Running Nav2 LifecycleNode rcl preshutdown (bt_navigator)
[bt_navigator-11] [INFO] [1789640072.554236713] [bt_navigator]: Deactivating
[bt_navigator-11] [INFO] [1789640072.554279027] [bt_navigator]: Destroying bond (bt_navigator) to lifecycle manager.
[behavior_server-10] [INFO] [1789640072.553911867] [rclcpp]: signal_handler(signum=2)
[controller_server-8] [INFO] [1789640072.553993367] [rclcpp]: signal_handler(signum=2)
[controller_server-8] [INFO] [1789640072.554620759] [controller_server]: Running Nav2 LifecycleNode rcl preshutdown (controller_server)
[controller_server-8] [INFO] [1789640072.554699018] [controller_server]: Deactivating
[controller_server-8] [INFO] [1789640072.554751286] [local_costmap.local_costmap]: Deactivating
[ekf_node-6] [INFO] [1789640072.554047373] [rclcpp]: signal_handler(signum=2)
[INFO] [swerve_odometry_node-19]: sending signal 'SIGINT' to process[swerve_odometry_node-19]
[INFO] [swerve_controller_node-18]: sending signal 'SIGINT' to process[swerve_controller_node-18]
[INFO] [lifecycle_manager-13]: sending signal 'SIGINT' to process[lifecycle_manager-13]
[INFO] [waypoint_follower-12]: sending signal 'SIGINT' to process[waypoint_follower-12]
[INFO] [bt_navigator-11]: sending signal 'SIGINT' to process[bt_navigator-11]
[INFO] [behavior_server-10]: sending signal 'SIGINT' to process[behavior_server-10]
[INFO] [planner_server-9]: sending signal 'SIGINT' to process[planner_server-9]
[INFO] [controller_server-8]: sending signal 'SIGINT' to process[controller_server-8]
[INFO] [map_server-7]: sending signal 'SIGINT' to process[map_server-7]
[INFO] [ekf_node-6]: sending signal 'SIGINT' to process[ekf_node-6]
[INFO] [v30e_sim_node-5]: sending signal 'SIGINT' to process[v30e_sim_node-5]
[INFO] [ekf_node-4]: sending signal 'SIGINT' to process[ekf_node-4]
[INFO] [robot_state_publisher-2]: sending signal 'SIGINT' to process[robot_state_publisher-2]
[INFO] [gzserver-1]: sending signal 'SIGINT' to process[gzserver-1]
[behavior_server-10] [INFO] [1789640072.560629170] [behavior_server]: Running Nav2 LifecycleNode rcl preshutdown (behavior_server)
[behavior_server-10] [INFO] [1789640072.560715028] [behavior_server]: Deactivating
[behavior_server-10] [INFO] [1789640072.560757788] [behavior_server]: Destroying bond (behavior_server) to lifecycle manager.
[waypoint_follower-12] [INFO] [1789640072.584774714] [waypoint_follower]: Cleaning up
[swerve_controller_node-18] Traceback (most recent call last):
[swerve_controller_node-18]   File "/home/yahboom/swerve_bringup/install/swerve_bringup/lib/swerve_bringup/swerve_controller_node", line 192, in <module>
[swerve_controller_node-18]     main()
[swerve_controller_node-18]   File "/home/yahboom/swerve_bringup/install/swerve_bringup/lib/swerve_bringup/swerve_controller_node", line 184, in main
[swerve_controller_node-18]     node.steer_pub.publish(Float64MultiArray(data=[
[swerve_controller_node-18]   File "/opt/ros/humble/local/lib/python3.10/dist-packages/rclpy/publisher.py", line 70, in publish
[swerve_controller_node-18]     self.__publisher.publish(msg)
[swerve_controller_node-18] rclpy._rclpy_pybind11.RCLError: Failed to publish: publisher's context is invalid, at ./src/rcl/publisher.c:389
[swerve_controller_node-18] Error in sys.excepthook:
[swerve_controller_node-18] Traceback (most recent call last):
[swerve_controller_node-18]   File "/usr/lib/python3/dist-packages/apport_python_hook.py", line 72, in apport_excepthook
[swerve_controller_node-18]     from apport.fileutils import likely_packaged, get_recent_crashes
[swerve_controller_node-18]   File "/usr/lib/python3/dist-packages/apport/__init__.py", line 5, in <module>
[swerve_controller_node-18]     from apport.report import Report
[swerve_controller_node-18]   File "/usr/lib/python3/dist-packages/apport/report.py", line 15, in <module>
[swerve_controller_node-18]     import xml.dom, xml.dom.minidom
[swerve_controller_node-18]   File "<frozen importlib._bootstrap>", line 1027, in _find_and_load
[swerve_controller_node-18]   File "<frozen importlib._bootstrap>", line 1002, in _find_and_load_unlocked
[swerve_controller_node-18]   File "<frozen importlib._bootstrap>", line 945, in _find_spec
[swerve_controller_node-18]   File "<frozen importlib._bootstrap_external>", line 1439, in find_spec
[swerve_controller_node-18]   File "<frozen importlib._bootstrap_external>", line 1411, in _get_spec
[swerve_controller_node-18]   File "<frozen importlib._bootstrap_external>", line 1544, in find_spec
[swerve_controller_node-18]   File "<frozen importlib._bootstrap_external>", line 147, in _path_stat
[swerve_controller_node-18] KeyboardInterrupt
[swerve_controller_node-18] 
[swerve_controller_node-18] Original exception was:
[swerve_controller_node-18] Traceback (most recent call last):
[swerve_controller_node-18]   File "/home/yahboom/swerve_bringup/install/swerve_bringup/lib/swerve_bringup/swerve_controller_node", line 192, in <module>
[swerve_controller_node-18]     main()
[swerve_controller_node-18]   File "/home/yahboom/swerve_bringup/install/swerve_bringup/lib/swerve_bringup/swerve_controller_node", line 184, in main
[swerve_controller_node-18]     node.steer_pub.publish(Float64MultiArray(data=[
[swerve_controller_node-18]   File "/opt/ros/humble/local/lib/python3.10/dist-packages/rclpy/publisher.py", line 70, in publish
[swerve_controller_node-18]     self.__publisher.publish(msg)
[swerve_controller_node-18] rclpy._rclpy_pybind11.RCLError: Failed to publish: publisher's context is invalid, at ./src/rcl/publisher.c:389
[lifecycle_manager-13] [INFO] [1789640072.597728336] [rclcpp]: signal_handler(signum=2)
[ERROR] [ekf_node-4]: process has died [pid 167148, exit code -2, cmd '/opt/ros/humble/lib/robot_localization/ekf_node --ros-args -r __node:=ekf_filter_node --params-file /home/yahboom/swerve_bringup/install/swerve_bringup/share/swerve_bringup/config/ekf.yaml --params-file /tmp/launch_params__i_qq6ge -r /odom:=/odom -r /imu/data:=/imu/data'].
[waypoint_follower-12] [INFO] [1789640072.598087717] [rclcpp]: signal_handler(signum=2)
[bt_navigator-11] [INFO] [1789640072.607809415] [rclcpp]: signal_handler(signum=2)
[ERROR] [ekf_node-6]: process has died [pid 167152, exit code -2, cmd '/opt/ros/humble/lib/robot_localization/ekf_node --ros-args -r __node:=ekf_v30e --params-file /home/yahboom/swerve_bringup/install/swerve_bringup/share/swerve_bringup/config/v30e_localization_ekf.yaml --params-file /tmp/launch_params_jg54ycke -r odometry/filtered:=/odometry/v30e'].
[controller_server-8] [INFO] [1789640072.607911339] [controller_server]: Destroying bond (controller_server) to lifecycle manager.
[swerve_odometry_node-19] Traceback (most recent call last):
[swerve_odometry_node-19]   File "/home/yahboom/swerve_bringup/install/swerve_bringup/lib/swerve_bringup/swerve_odometry_node", line 221, in <module>
[swerve_odometry_node-19]     main()
[swerve_odometry_node-19]   File "/home/yahboom/swerve_bringup/install/swerve_bringup/lib/swerve_bringup/swerve_odometry_node", line 215, in main
[swerve_odometry_node-19]     node.destroy_node()
[swerve_odometry_node-19]   File "/opt/ros/humble/local/lib/python3.10/dist-packages/rclpy/node.py", line 1687, in destroy_node
[swerve_odometry_node-19]     self.destroy_subscription(self._subscriptions[0])
[swerve_odometry_node-19]   File "/opt/ros/humble/local/lib/python3.10/dist-packages/rclpy/node.py", line 1583, in destroy_subscription
[swerve_odometry_node-19]     subscription.destroy()
[swerve_odometry_node-19]   File "/opt/ros/humble/local/lib/python3.10/dist-packages/rclpy/subscription.py", line 80, in destroy
[swerve_odometry_node-19]     self.handle.destroy_when_not_in_use()
[swerve_odometry_node-19] KeyboardInterrupt
[behavior_server-10] [INFO] [1789640072.611896568] [rclcpp]: signal_handler(signum=2)
[map_server-7] [INFO] [1789640072.616220119] [map_server]: Cleaning up
[map_server-7] [INFO] [1789640072.616498760] [map_server]: Destroying bond (map_server) to lifecycle manager.
[planner_server-9] [INFO] [1789640072.621984003] [rclcpp]: signal_handler(signum=2)
[controller_server-8] [INFO] [1789640072.625956593] [rclcpp]: signal_handler(signum=2)
[map_server-7] [INFO] [1789640072.636463276] [rclcpp]: signal_handler(signum=2)
[bt_navigator-11] [INFO] [1789640072.638266745] [bt_navigator]: Cleaning up
[behavior_server-10] [INFO] [1789640072.643951508] [behavior_server]: Cleaning up
[controller_server-8] [INFO] [1789640072.653411743] [controller_server]: Cleaning up
[controller_server-8] [INFO] [1789640072.653589459] [local_costmap.local_costmap]: Cleaning up
[robot_state_publisher-2] [INFO] [1789640072.659098513] [rclcpp]: signal_handler(signum=2)
[planner_server-9] [INFO] [1789640072.797876234] [planner_server]: Deactivating plugin GridBased of type NavfnPlanner
[planner_server-9] [INFO] [1789640072.797967618] [planner_server]: Destroying bond (planner_server) to lifecycle manager.
[planner_server-9] [INFO] [1789640073.650897286] [planner_server]: Cleaning up
[v30e_sim_node-5] Traceback (most recent call last):
[v30e_sim_node-5]   File "/home/yahboom/swerve_bringup/install/swerve_bringup/lib/swerve_bringup/v30e_sim_node", line 188, in <module>
[v30e_sim_node-5]     if __name__ == '__main__': main()
[v30e_sim_node-5]   File "/home/yahboom/swerve_bringup/install/swerve_bringup/lib/swerve_bringup/v30e_sim_node", line 185, in main
[v30e_sim_node-5]     node.destroy_node(); rclpy.shutdown()
[v30e_sim_node-5]   File "/opt/ros/humble/local/lib/python3.10/dist-packages/rclpy/node.py", line 1685, in destroy_node
[v30e_sim_node-5]     self.destroy_publisher(self._publishers[0])
[v30e_sim_node-5]   File "/opt/ros/humble/local/lib/python3.10/dist-packages/rclpy/node.py", line 1565, in destroy_publisher
[v30e_sim_node-5]     publisher.destroy()
[v30e_sim_node-5]   File "/opt/ros/humble/local/lib/python3.10/dist-packages/rclpy/publisher.py", line 99, in destroy
[v30e_sim_node-5]     self.__publisher.destroy_when_not_in_use()
[v30e_sim_node-5] KeyboardInterrupt
[ERROR] [swerve_odometry_node-19]: process has died [pid 167585, exit code -2, cmd '/home/yahboom/swerve_bringup/install/swerve_bringup/lib/swerve_bringup/swerve_odometry_node --ros-args -r __node:=swerve_odometry --params-file /home/yahboom/swerve_bringup/install/swerve_bringup/share/swerve_bringup/config/swerve_odometry.yaml --params-file /tmp/launch_params_9dlruqql'].
[planner_server-9] [INFO] [1789640074.913861971] [global_costmap.global_costmap]: Cleaning up
[behavior_server-10] [INFO] [1789640074.914894577] [behavior_server]: Destroying bond (behavior_server) to lifecycle manager.
[waypoint_follower-12] [INFO] [1789640074.960722819] [waypoint_follower]: Destroying bond (waypoint_follower) to lifecycle manager.
[planner_server-9] [INFO] [1789640075.024374300] [planner_server]: Cleaning up plugin GridBased of type NavfnPlanner
[planner_server-9] [INFO] [1789640075.025190606] [planner_server]: Destroying plugin GridBased of type NavfnPlanner
[ERROR] [v30e_sim_node-5]: process has died [pid 167150, exit code -2, cmd '/home/yahboom/swerve_bringup/install/swerve_bringup/lib/swerve_bringup/v30e_sim_node --ros-args -r __node:=v30e_sim_node --params-file /home/yahboom/swerve_bringup/install/swerve_bringup/share/swerve_bringup/config/v30e_sim.yaml --params-file /tmp/launch_params_syvazmpy'].
[waypoint_follower-12] [INFO] [1789640075.047875786] [waypoint_follower]: Destroying
[ERROR] [swerve_controller_node-18]: process has died [pid 167583, exit code 1, cmd '/home/yahboom/swerve_bringup/install/swerve_bringup/lib/swerve_bringup/swerve_controller_node --ros-args -r __node:=swerve_controller --params-file /home/yahboom/swerve_bringup/install/swerve_bringup/share/swerve_bringup/config/swerve_controller.yaml --params-file /tmp/launch_params_sz9239u6'].
[INFO] [robot_state_publisher-2]: process has finished cleanly [pid 167144]
[planner_server-9] [INFO] [1789640075.167591313] [planner_server]: Destroying bond (planner_server) to lifecycle manager.
[behavior_server-10] [INFO] [1789640075.196145941] [behavior_server]: Destroying
[controller_server-8] [INFO] [1789640075.197420461] [controller_server]: Destroying bond (controller_server) to lifecycle manager.
[planner_server-9] [INFO] [1789640075.212686223] [global_costmap.global_costmap]: Destroying
[controller_server-8] [INFO] [1789640075.242245491] [local_costmap.local_costmap]: Destroying
[lifecycle_manager-13] [INFO] [1789640075.284826374] [lifecycle_manager_navigation]: Destroying lifecycle_manager_navigation
[INFO] [waypoint_follower-12]: process has finished cleanly [pid 167187]
[planner_server-9] [INFO] [1789640075.388485453] [planner_server]: Destroying
[controller_server-8] [INFO] [1789640075.389741897] [controller_server]: Destroying
[bt_navigator-11] [INFO] [1789640075.485652696] [bt_navigator]: Completed Cleaning up
[bt_navigator-11] [INFO] [1789640075.486776953] [bt_navigator]: Destroying bond (bt_navigator) to lifecycle manager.
[INFO] [behavior_server-10]: process has finished cleanly [pid 167167]
[INFO] [lifecycle_manager-13]: process has finished cleanly [pid 167189]
[bt_navigator-11] [INFO] [1789640075.535665981] [bt_navigator]: Destroying
[INFO] [controller_server-8]: process has finished cleanly [pid 167157]
[INFO] [planner_server-9]: process has finished cleanly [pid 167161]
[map_server-7] [INFO] [1789640075.682944576] [map_server]: Destroying
[INFO] [bt_navigator-11]: process has finished cleanly [pid 167176]
[INFO] [map_server-7]: process has finished cleanly [pid 167154]
[INFO] [gzserver-1]: process has finished cleanly [pid 167142]
