[INFO] [launch]: All log files can be found below /home/yahboom/.ros/log/2026-09-18-00-10-07-990246-yahboom-virtual-machine-235569
[INFO] [launch]: Default logging verbosity is set to INFO
[INFO] [launch.user]: CONTACT_DIAGNOSTICS=true
[INFO] [gzserver-1]: process started with pid [235581]
[INFO] [robot_state_publisher-2]: process started with pid [235583]
[INFO] [spawn_entity.py-3]: process started with pid [235585]
[INFO] [ekf_node-4]: process started with pid [235587]
[INFO] [v30e_sim_node-5]: process started with pid [235589]
[INFO] [ekf_node-6]: process started with pid [235591]
[INFO] [map_server-7]: process started with pid [235593]
[INFO] [controller_server-8]: process started with pid [235596]
[INFO] [planner_server-9]: process started with pid [235604]
[INFO] [behavior_server-10]: process started with pid [235614]
[INFO] [bt_navigator-11]: process started with pid [235622]
[INFO] [waypoint_follower-12]: process started with pid [235636]
[INFO] [lifecycle_manager-13]: process started with pid [235643]
[INFO] [swerve_bridge_node-14]: process started with pid [235649]
[robot_state_publisher-2] [INFO] [1789661411.002727451] [robot_state_publisher]: got segment base_footprint
[robot_state_publisher-2] [INFO] [1789661411.002888187] [robot_state_publisher]: got segment base_link
[robot_state_publisher-2] [INFO] [1789661411.002901992] [robot_state_publisher]: got segment imu_link
[robot_state_publisher-2] [INFO] [1789661411.002910344] [robot_state_publisher]: got segment lidar_link
[robot_state_publisher-2] [INFO] [1789661411.002917723] [robot_state_publisher]: got segment steer_front_link
[robot_state_publisher-2] [INFO] [1789661411.002924819] [robot_state_publisher]: got segment steer_rear_link
[robot_state_publisher-2] [INFO] [1789661411.002932203] [robot_state_publisher]: got segment v30e_link
[robot_state_publisher-2] [INFO] [1789661411.002939210] [robot_state_publisher]: got segment wheel_front_drive_link
[robot_state_publisher-2] [INFO] [1789661411.002946358] [robot_state_publisher]: got segment wheel_front_left_fork_link
[robot_state_publisher-2] [INFO] [1789661411.002953196] [robot_state_publisher]: got segment wheel_front_left_link
[robot_state_publisher-2] [INFO] [1789661411.002959949] [robot_state_publisher]: got segment wheel_front_right_fork_link
[robot_state_publisher-2] [INFO] [1789661411.002966601] [robot_state_publisher]: got segment wheel_front_right_link
[robot_state_publisher-2] [INFO] [1789661411.002973005] [robot_state_publisher]: got segment wheel_rear_drive_link
[robot_state_publisher-2] [INFO] [1789661411.002979838] [robot_state_publisher]: got segment wheel_rear_left_fork_link
[robot_state_publisher-2] [INFO] [1789661411.002986663] [robot_state_publisher]: got segment wheel_rear_left_link
[robot_state_publisher-2] [INFO] [1789661411.002993206] [robot_state_publisher]: got segment wheel_rear_right_fork_link
[robot_state_publisher-2] [INFO] [1789661411.003000031] [robot_state_publisher]: got segment wheel_rear_right_link
[bt_navigator-11] [INFO] [1789661411.232746893] [bt_navigator]: 
[bt_navigator-11] 	bt_navigator lifecycle node launched. 
[bt_navigator-11] 	Waiting on external lifecycle transitions to activate
[bt_navigator-11] 	See https://design.ros2.org/articles/node_lifecycle.html for more information.
[bt_navigator-11] [INFO] [1789661411.237646326] [bt_navigator]: Creating
[map_server-7] [INFO] [1789661411.290135808] [map_server]: 
[map_server-7] 	map_server lifecycle node launched. 
[map_server-7] 	Waiting on external lifecycle transitions to activate
[map_server-7] 	See https://design.ros2.org/articles/node_lifecycle.html for more information.
[map_server-7] [INFO] [1789661411.290312167] [map_server]: Creating
[controller_server-8] [INFO] [1789661411.334251513] [controller_server]: 
[controller_server-8] 	controller_server lifecycle node launched. 
[controller_server-8] 	Waiting on external lifecycle transitions to activate
[controller_server-8] 	See https://design.ros2.org/articles/node_lifecycle.html for more information.
[controller_server-8] [INFO] [1789661411.349155613] [controller_server]: Creating controller server
[lifecycle_manager-13] [INFO] [1789661411.356561797] [lifecycle_manager_navigation]: Creating
[waypoint_follower-12] [INFO] [1789661411.382215751] [waypoint_follower]: 
[waypoint_follower-12] 	waypoint_follower lifecycle node launched. 
[waypoint_follower-12] 	Waiting on external lifecycle transitions to activate
[waypoint_follower-12] 	See https://design.ros2.org/articles/node_lifecycle.html for more information.
[waypoint_follower-12] [INFO] [1789661411.390235232] [waypoint_follower]: Creating
[behavior_server-10] [INFO] [1789661411.411154915] [behavior_server]: 
[behavior_server-10] 	behavior_server lifecycle node launched. 
[behavior_server-10] 	Waiting on external lifecycle transitions to activate
[behavior_server-10] 	See https://design.ros2.org/articles/node_lifecycle.html for more information.
[lifecycle_manager-13] [INFO] [1789661411.455754704] [lifecycle_manager_navigation]: [34m[1mCreating and initializing lifecycle service clients[0m[0m
[planner_server-9] [INFO] [1789661411.568518129] [planner_server]: 
[planner_server-9] 	planner_server lifecycle node launched. 
[planner_server-9] 	Waiting on external lifecycle transitions to activate
[planner_server-9] 	See https://design.ros2.org/articles/node_lifecycle.html for more information.
[planner_server-9] [INFO] [1789661411.570015268] [planner_server]: Creating
[swerve_bridge_node-14] Traceback (most recent call last):
[swerve_bridge_node-14]   File "/home/yahboom/swerve_bringup/install/swerve_bridge/lib/swerve_bridge/swerve_bridge_node", line 33, in <module>
[swerve_bridge_node-14]     sys.exit(load_entry_point('swerve-bridge', 'console_scripts', 'swerve_bridge_node')())
[swerve_bridge_node-14]   File "/home/yahboom/swerve_bringup/install/swerve_bridge/lib/swerve_bridge/swerve_bridge_node", line 22, in importlib_load_entry_point
[swerve_bridge_node-14]     for entry_point in distribution(dist_name).entry_points
[swerve_bridge_node-14]   File "/usr/lib/python3.10/importlib/metadata/__init__.py", line 969, in distribution
[swerve_bridge_node-14]     return Distribution.from_name(distribution_name)
[swerve_bridge_node-14]   File "/usr/lib/python3.10/importlib/metadata/__init__.py", line 548, in from_name
[swerve_bridge_node-14]     raise PackageNotFoundError(name)
[swerve_bridge_node-14] importlib.metadata.PackageNotFoundError: No package metadata was found for swerve-bridge
[controller_server-8] [INFO] [1789661411.679110494] [local_costmap.local_costmap]: 
[controller_server-8] 	local_costmap lifecycle node launched. 
[controller_server-8] 	Waiting on external lifecycle transitions to activate
[controller_server-8] 	See https://design.ros2.org/articles/node_lifecycle.html for more information.
[controller_server-8] [INFO] [1789661411.679516555] [local_costmap.local_costmap]: Creating Costmap
[ERROR] [swerve_bridge_node-14]: process has died [pid 235649, exit code 1, cmd '/home/yahboom/swerve_bringup/install/swerve_bridge/lib/swerve_bridge/swerve_bridge_node --ros-args -r __node:=swerve_bridge --params-file /home/yahboom/swerve_bringup/install/swerve_bridge/share/swerve_bridge/config/bridge.yaml --params-file /tmp/launch_params_hdz2gt7s'].
[planner_server-9] [INFO] [1789661411.754238010] [global_costmap.global_costmap]: 
[planner_server-9] 	global_costmap lifecycle node launched. 
[planner_server-9] 	Waiting on external lifecycle transitions to activate
[planner_server-9] 	See https://design.ros2.org/articles/node_lifecycle.html for more information.
[planner_server-9] [INFO] [1789661411.754972229] [global_costmap.global_costmap]: Creating Costmap
[lifecycle_manager-13] [INFO] [1789661412.331762321] [lifecycle_manager_navigation]: [34m[1mStarting managed nodes bringup...[0m[0m
[lifecycle_manager-13] [INFO] [1789661412.331838007] [lifecycle_manager_navigation]: [34m[1mConfiguring map_server[0m[0m
[map_server-7] [INFO] [1789661412.336681927] [map_server]: Configuring
[map_server-7] [INFO] [1789661412.336781048] [map_io]: Loading yaml file: /home/yahboom/swerve_bringup/install/swerve_bringup/share/swerve_bringup/swerve_navigation/maps/warehouse.yaml
[map_server-7] [INFO] [1789661412.337097543] [map_io]: resolution: 0.05
[map_server-7] [INFO] [1789661412.337113098] [map_io]: origin[0]: -17.2
[map_server-7] [INFO] [1789661412.337118983] [map_io]: origin[1]: -17.4
[map_server-7] [INFO] [1789661412.337124346] [map_io]: origin[2]: 0
[map_server-7] [INFO] [1789661412.337130505] [map_io]: free_thresh: 0.25
[map_server-7] [INFO] [1789661412.337136229] [map_io]: occupied_thresh: 0.65
[map_server-7] [INFO] [1789661412.337142094] [map_io]: mode: trinary
[map_server-7] [INFO] [1789661412.337148491] [map_io]: negate: 0
[map_server-7] [INFO] [1789661412.337539808] [map_io]: Loading image_file: /home/yahboom/swerve_bringup/install/swerve_bringup/share/swerve_bringup/swerve_navigation/maps/warehouse.pgm
[map_server-7] [INFO] [1789661412.459012062] [map_io]: Read map /home/yahboom/swerve_bringup/install/swerve_bringup/share/swerve_bringup/swerve_navigation/maps/warehouse.pgm: 676 X 680 map @ 0.05 m/cell
[lifecycle_manager-13] [INFO] [1789661412.575291749] [lifecycle_manager_navigation]: [34m[1mConfiguring controller_server[0m[0m
[controller_server-8] [INFO] [1789661412.575666904] [controller_server]: Configuring controller interface
[controller_server-8] [INFO] [1789661412.581860301] [controller_server]: getting goal checker plugins..
[controller_server-8] [INFO] [1789661412.597423639] [controller_server]: Controller frequency set to 10.0000Hz
[controller_server-8] [INFO] [1789661412.597506020] [local_costmap.local_costmap]: Configuring
[spawn_entity.py-3] [INFO] [1789661412.618627257] [spawn_swerve]: Spawn Entity started
[spawn_entity.py-3] [INFO] [1789661412.620427848] [spawn_swerve]: Loading entity published on topic robot_description
[spawn_entity.py-3] [INFO] [1789661412.632070238] [spawn_swerve]: Waiting for entity xml on robot_description
[spawn_entity.py-3] [INFO] [1789661412.642463836] [spawn_swerve]: Waiting for service /spawn_entity, timeout = 30
[spawn_entity.py-3] [INFO] [1789661412.643093159] [spawn_swerve]: Waiting for service /spawn_entity
[controller_server-8] [INFO] [1789661412.674292354] [local_costmap.local_costmap]: Using plugin "voxel_layer"
[controller_server-8] [INFO] [1789661412.679985646] [local_costmap.local_costmap]: Subscribed to Topics: lidar3d scan
[controller_server-8] [INFO] [1789661412.713226097] [local_costmap.local_costmap]: Initialized plugin "voxel_layer"
[controller_server-8] [INFO] [1789661412.713290999] [local_costmap.local_costmap]: Using plugin "inflation_layer"
[controller_server-8] [INFO] [1789661412.713807780] [local_costmap.local_costmap]: Initialized plugin "inflation_layer"
[controller_server-8] [INFO] [1789661412.759401590] [controller_server]: Created progress_checker : progress_checker of type nav2_controller::SimpleProgressChecker
[controller_server-8] [INFO] [1789661412.764299792] [controller_server]: Created goal checker : general_goal_checker of type nav2_controller::SimpleGoalChecker
[controller_server-8] [INFO] [1789661412.770701636] [controller_server]: Controller Server has general_goal_checker  goal checkers available.
[controller_server-8] [INFO] [1789661412.772420898] [controller_server]: Created controller : FollowPath of type dwb_core::DWBLocalPlanner
[controller_server-8] [INFO] [1789661412.777561413] [controller_server]: Setting transform_tolerance to 0.200000
[v30e_sim_node-5] [INFO] [1789661412.786240804] [v30e_sim_node]: Using Gazebo /get_entity_state internally; odometry is not a V30E measurement input
[controller_server-8] [INFO] [1789661412.874711567] [controller_server]: Using critic "RotateToGoal" (dwb_critics::RotateToGoalCritic)
[controller_server-8] [INFO] [1789661412.874904046] [controller_server]: Critic plugin initialized
[controller_server-8] [INFO] [1789661412.874936727] [controller_server]: Using critic "Oscillation" (dwb_critics::OscillationCritic)
[controller_server-8] [INFO] [1789661412.875075515] [controller_server]: Critic plugin initialized
[controller_server-8] [INFO] [1789661412.875108612] [controller_server]: Using critic "BaseObstacle" (dwb_critics::BaseObstacleCritic)
[controller_server-8] [INFO] [1789661412.875154043] [controller_server]: Critic plugin initialized
[controller_server-8] [INFO] [1789661412.875172202] [controller_server]: Using critic "GoalAlign" (dwb_critics::GoalAlignCritic)
[controller_server-8] [INFO] [1789661412.875342425] [controller_server]: Critic plugin initialized
[controller_server-8] [INFO] [1789661412.875374384] [controller_server]: Using critic "PathAlign" (dwb_critics::PathAlignCritic)
[controller_server-8] [INFO] [1789661412.875523781] [controller_server]: Critic plugin initialized
[controller_server-8] [INFO] [1789661412.875545060] [controller_server]: Using critic "PathDist" (dwb_critics::PathDistCritic)
[controller_server-8] [INFO] [1789661412.879511138] [controller_server]: Critic plugin initialized
[controller_server-8] [INFO] [1789661412.879622297] [controller_server]: Using critic "GoalDist" (dwb_critics::GoalDistCritic)
[controller_server-8] [INFO] [1789661412.879976202] [controller_server]: Critic plugin initialized
[controller_server-8] [INFO] [1789661412.880004030] [controller_server]: Controller Server has FollowPath  controllers available.
[lifecycle_manager-13] [INFO] [1789661412.912647716] [lifecycle_manager_navigation]: [34m[1mConfiguring planner_server[0m[0m
[planner_server-9] [INFO] [1789661412.913810013] [planner_server]: Configuring
[planner_server-9] [INFO] [1789661412.913880715] [global_costmap.global_costmap]: Configuring
[planner_server-9] [INFO] [1789661412.961075375] [global_costmap.global_costmap]: Using plugin "static_layer"
[planner_server-9] [INFO] [1789661412.986969112] [global_costmap.global_costmap]: Subscribing to the map topic (/map) with transient local durability
[planner_server-9] [INFO] [1789661412.995593860] [global_costmap.global_costmap]: Initialized plugin "static_layer"
[planner_server-9] [INFO] [1789661412.996323988] [global_costmap.global_costmap]: Using plugin "obstacle_layer"
[planner_server-9] [INFO] [1789661413.001079847] [global_costmap.global_costmap]: Subscribed to Topics: scan
[planner_server-9] [INFO] [1789661413.013174315] [global_costmap.global_costmap]: Initialized plugin "obstacle_layer"
[planner_server-9] [INFO] [1789661413.013256461] [global_costmap.global_costmap]: Using plugin "inflation_layer"
[planner_server-9] [INFO] [1789661413.026443631] [global_costmap.global_costmap]: Initialized plugin "inflation_layer"
[planner_server-9] [INFO] [1789661413.063697753] [planner_server]: Created global planner plugin GridBased of type nav2_navfn_planner/NavfnPlanner
[planner_server-9] [INFO] [1789661413.063769490] [planner_server]: Configuring plugin GridBased of type NavfnPlanner
[planner_server-9] [INFO] [1789661413.066389904] [planner_server]: Planner Server has GridBased  planners available.
[lifecycle_manager-13] [INFO] [1789661413.137639101] [lifecycle_manager_navigation]: [34m[1mConfiguring behavior_server[0m[0m
[behavior_server-10] [INFO] [1789661413.140549136] [behavior_server]: Configuring
[behavior_server-10] [INFO] [1789661413.199002137] [behavior_server]: Creating behavior plugin spin of type nav2_behaviors/Spin
[behavior_server-10] [INFO] [1789661413.205502776] [behavior_server]: Configuring spin
[behavior_server-10] [INFO] [1789661413.276794871] [behavior_server]: Creating behavior plugin backup of type nav2_behaviors/BackUp
[behavior_server-10] [INFO] [1789661413.277702815] [behavior_server]: Configuring backup
[behavior_server-10] [INFO] [1789661413.339184681] [behavior_server]: Creating behavior plugin drive_on_heading of type nav2_behaviors/DriveOnHeading
[behavior_server-10] [INFO] [1789661413.340105160] [behavior_server]: Configuring drive_on_heading
[behavior_server-10] [INFO] [1789661413.377569383] [behavior_server]: Creating behavior plugin wait of type nav2_behaviors/Wait
[behavior_server-10] [INFO] [1789661413.378410371] [behavior_server]: Configuring wait
[lifecycle_manager-13] [INFO] [1789661413.429251879] [lifecycle_manager_navigation]: [34m[1mConfiguring bt_navigator[0m[0m
[bt_navigator-11] [INFO] [1789661413.430415213] [bt_navigator]: Configuring
[lifecycle_manager-13] [INFO] [1789661413.956552997] [lifecycle_manager_navigation]: [34m[1mConfiguring waypoint_follower[0m[0m
[waypoint_follower-12] [INFO] [1789661413.959194454] [waypoint_follower]: Configuring
[waypoint_follower-12] [INFO] [1789661414.029450478] [waypoint_follower]: Created waypoint_task_executor : wait_at_waypoint of type nav2_waypoint_follower::WaitAtWaypoint
[waypoint_follower-12] [INFO] [1789661414.033613022] [waypoint_follower]: Waypoint pause duration is set to zero, disabling task executor plugin.
[lifecycle_manager-13] [INFO] [1789661414.037173691] [lifecycle_manager_navigation]: [34m[1mActivating map_server[0m[0m
[map_server-7] [INFO] [1789661414.038594568] [map_server]: Activating
[map_server-7] [INFO] [1789661414.039629412] [map_server]: Creating bond (map_server) to lifecycle manager.
[planner_server-9] [INFO] [1789661414.040864486] [global_costmap.global_costmap]: StaticLayer: Resizing costmap to 676 X 680 at 0.050000 m/pix
[lifecycle_manager-13] [INFO] [1789661414.156651566] [lifecycle_manager_navigation]: Server map_server connected with bond.
[lifecycle_manager-13] [INFO] [1789661414.156730545] [lifecycle_manager_navigation]: [34m[1mActivating controller_server[0m[0m
[controller_server-8] [INFO] [1789661414.158918843] [controller_server]: Activating
[controller_server-8] [INFO] [1789661414.158977620] [local_costmap.local_costmap]: Activating
[controller_server-8] [INFO] [1789661414.158995873] [local_costmap.local_costmap]: Checking transform
[controller_server-8] [INFO] [1789661414.159027217] [local_costmap.local_costmap]: Timed out waiting for transform from base_footprint to odom to become available, tf error: Invalid frame ID "odom" passed to canTransform argument target_frame - frame does not exist
[controller_server-8] [INFO] [1789661414.659244158] [local_costmap.local_costmap]: Timed out waiting for transform from base_footprint to odom to become available, tf error: Invalid frame ID "odom" passed to canTransform argument target_frame - frame does not exist
[controller_server-8] [INFO] [1789661415.159691946] [local_costmap.local_costmap]: Timed out waiting for transform from base_footprint to odom to become available, tf error: Invalid frame ID "odom" passed to canTransform argument target_frame - frame does not exist
[controller_server-8] [INFO] [1789661415.659398856] [local_costmap.local_costmap]: Timed out waiting for transform from base_footprint to odom to become available, tf error: Invalid frame ID "odom" passed to canTransform argument target_frame - frame does not exist
[controller_server-8] [INFO] [1789661416.159436257] [local_costmap.local_costmap]: Timed out waiting for transform from base_footprint to odom to become available, tf error: Invalid frame ID "odom" passed to canTransform argument target_frame - frame does not exist
[controller_server-8] [INFO] [1789661416.659060823] [local_costmap.local_costmap]: Timed out waiting for transform from base_footprint to odom to become available, tf error: Invalid frame ID "odom" passed to canTransform argument target_frame - frame does not exist
[controller_server-8] [INFO] [1789661417.159168802] [local_costmap.local_costmap]: Timed out waiting for transform from base_footprint to odom to become available, tf error: Invalid frame ID "odom" passed to canTransform argument target_frame - frame does not exist
[controller_server-8] [INFO] [1789661417.660981222] [local_costmap.local_costmap]: Timed out waiting for transform from base_footprint to odom to become available, tf error: Invalid frame ID "odom" passed to canTransform argument target_frame - frame does not exist
[controller_server-8] [INFO] [1789661418.159832511] [local_costmap.local_costmap]: Timed out waiting for transform from base_footprint to odom to become available, tf error: Invalid frame ID "odom" passed to canTransform argument target_frame - frame does not exist
[controller_server-8] [INFO] [1789661418.659636314] [local_costmap.local_costmap]: Timed out waiting for transform from base_footprint to odom to become available, tf error: Invalid frame ID "odom" passed to canTransform argument target_frame - frame does not exist
[spawn_entity.py-3] [INFO] [1789661418.694392577] [spawn_swerve]: Calling service /spawn_entity
[gzserver-1] [INFO] [1789661419.053018543] [gazebo_ros_state]: Publishing states of gazebo models at [/model_states]
[gzserver-1] [INFO] [1789661419.067627055] [gazebo_ros_state]: Publishing states of gazebo links at [/link_states]
[controller_server-8] [INFO] [1789661419.159289291] [local_costmap.local_costmap]: Timed out waiting for transform from base_footprint to odom to become available, tf error: Invalid frame ID "odom" passed to canTransform argument target_frame - frame does not exist
[controller_server-8] [INFO] [1789661419.659800931] [local_costmap.local_costmap]: Timed out waiting for transform from base_footprint to odom to become available, tf error: Invalid frame ID "odom" passed to canTransform argument target_frame - frame does not exist
[gzserver-1] [INFO] [1789661419.834324272] [imu.imu_ros]: <initial_orientation_as_reference> is unset, using default value of false to comply with REP 145 (world as orientation reference)
[controller_server-8] [INFO] [1789661420.159577467] [local_costmap.local_costmap]: Timed out waiting for transform from base_footprint to odom to become available, tf error: Invalid frame ID "odom" passed to canTransform argument target_frame - frame does not exist
[controller_server-8] [INFO] [1789661420.661042903] [local_costmap.local_costmap]: Timed out waiting for transform from base_footprint to odom to become available, tf error: Invalid frame ID "odom" passed to canTransform argument target_frame - frame does not exist
[controller_server-8] [INFO] [1789661421.160129700] [local_costmap.local_costmap]: Timed out waiting for transform from base_footprint to odom to become available, tf error: Invalid frame ID "odom" passed to canTransform argument target_frame - frame does not exist
[controller_server-8] [INFO] [1789661421.659220887] [local_costmap.local_costmap]: Timed out waiting for transform from base_footprint to odom to become available, tf error: Invalid frame ID "odom" passed to canTransform argument target_frame - frame does not exist
[controller_server-8] [INFO] [1789661422.159282900] [local_costmap.local_costmap]: Timed out waiting for transform from base_footprint to odom to become available, tf error: Invalid frame ID "odom" passed to canTransform argument target_frame - frame does not exist
[controller_server-8] [INFO] [1789661422.659347777] [local_costmap.local_costmap]: Timed out waiting for transform from base_footprint to odom to become available, tf error: Invalid frame ID "odom" passed to canTransform argument target_frame - frame does not exist
[controller_server-8] [INFO] [1789661423.159535034] [local_costmap.local_costmap]: Timed out waiting for transform from base_footprint to odom to become available, tf error: Invalid frame ID "odom" passed to canTransform argument target_frame - frame does not exist
[controller_server-8] [INFO] [1789661423.660102993] [local_costmap.local_costmap]: Timed out waiting for transform from base_footprint to odom to become available, tf error: Invalid frame ID "odom" passed to canTransform argument target_frame - frame does not exist
[controller_server-8] [INFO] [1789661424.160475590] [local_costmap.local_costmap]: Timed out waiting for transform from base_footprint to odom to become available, tf error: Invalid frame ID "odom" passed to canTransform argument target_frame - frame does not exist
[controller_server-8] [INFO] [1789661424.659288261] [local_costmap.local_costmap]: Timed out waiting for transform from base_footprint to odom to become available, tf error: Invalid frame ID "odom" passed to canTransform argument target_frame - frame does not exist
[controller_server-8] [INFO] [1789661425.160322067] [local_costmap.local_costmap]: Timed out waiting for transform from base_footprint to odom to become available, tf error: Invalid frame ID "odom" passed to canTransform argument target_frame - frame does not exist
[controller_server-8] [INFO] [1789661425.660302546] [local_costmap.local_costmap]: Timed out waiting for transform from base_footprint to odom to become available, tf error: Invalid frame ID "odom" passed to canTransform argument target_frame - frame does not exist
[controller_server-8] [INFO] [1789661426.159676239] [local_costmap.local_costmap]: Timed out waiting for transform from base_footprint to odom to become available, tf error: Invalid frame ID "odom" passed to canTransform argument target_frame - frame does not exist
[controller_server-8] [INFO] [1789661426.659431372] [local_costmap.local_costmap]: Timed out waiting for transform from base_footprint to odom to become available, tf error: Invalid frame ID "odom" passed to canTransform argument target_frame - frame does not exist
[controller_server-8] [INFO] [1789661427.159432515] [local_costmap.local_costmap]: Timed out waiting for transform from base_footprint to odom to become available, tf error: Invalid frame ID "odom" passed to canTransform argument target_frame - frame does not exist
[controller_server-8] [INFO] [1789661427.660512504] [local_costmap.local_costmap]: Timed out waiting for transform from base_footprint to odom to become available, tf error: Invalid frame ID "odom" passed to canTransform argument target_frame - frame does not exist
[controller_server-8] [INFO] [1789661428.160779753] [local_costmap.local_costmap]: Timed out waiting for transform from base_footprint to odom to become available, tf error: Invalid frame ID "odom" passed to canTransform argument target_frame - frame does not exist
[controller_server-8] [INFO] [1789661428.660322556] [local_costmap.local_costmap]: Timed out waiting for transform from base_footprint to odom to become available, tf error: Invalid frame ID "odom" passed to canTransform argument target_frame - frame does not exist
[controller_server-8] [INFO] [1789661429.159483261] [local_costmap.local_costmap]: Timed out waiting for transform from base_footprint to odom to become available, tf error: Invalid frame ID "odom" passed to canTransform argument target_frame - frame does not exist
[controller_server-8] [INFO] [1789661429.660651266] [local_costmap.local_costmap]: Timed out waiting for transform from base_footprint to odom to become available, tf error: Invalid frame ID "odom" passed to canTransform argument target_frame - frame does not exist
[controller_server-8] [INFO] [1789661430.161397454] [local_costmap.local_costmap]: Timed out waiting for transform from base_footprint to odom to become available, tf error: Invalid frame ID "odom" passed to canTransform argument target_frame - frame does not exist
[controller_server-8] [INFO] [1789661430.661618936] [local_costmap.local_costmap]: Timed out waiting for transform from base_footprint to odom to become available, tf error: Invalid frame ID "odom" passed to canTransform argument target_frame - frame does not exist
[controller_server-8] [INFO] [1789661431.160263499] [local_costmap.local_costmap]: Timed out waiting for transform from base_footprint to odom to become available, tf error: Invalid frame ID "odom" passed to canTransform argument target_frame - frame does not exist
[controller_server-8] [INFO] [1789661431.661753813] [local_costmap.local_costmap]: Timed out waiting for transform from base_footprint to odom to become available, tf error: Invalid frame ID "odom" passed to canTransform argument target_frame - frame does not exist
[controller_server-8] [INFO] [1789661432.160205311] [local_costmap.local_costmap]: Timed out waiting for transform from base_footprint to odom to become available, tf error: Invalid frame ID "odom" passed to canTransform argument target_frame - frame does not exist
[controller_server-8] [INFO] [1789661432.659489596] [local_costmap.local_costmap]: Timed out waiting for transform from base_footprint to odom to become available, tf error: Invalid frame ID "odom" passed to canTransform argument target_frame - frame does not exist
[controller_server-8] [INFO] [1789661433.159607221] [local_costmap.local_costmap]: Timed out waiting for transform from base_footprint to odom to become available, tf error: Invalid frame ID "odom" passed to canTransform argument target_frame - frame does not exist
[gzserver-1] [INFO] [1789661433.210511711] [contact_load.wheel_front_drive_link_contact_plugin]: Publishing contact states to [/contact_load/wheel_front_drive_link]
[gzserver-1] [INFO] [1789661433.335478991] [contact_load.wheel_rear_drive_link_contact_plugin]: Publishing contact states to [/contact_load/wheel_rear_drive_link]
[gzserver-1] [INFO] [1789661433.509872800] [contact_load.wheel_front_left_link_contact_plugin]: Publishing contact states to [/contact_load/wheel_front_left_link]
[gzserver-1] [INFO] [1789661433.640508103] [contact_load.wheel_front_right_link_contact_plugin]: Publishing contact states to [/contact_load/wheel_front_right_link]
[controller_server-8] [INFO] [1789661433.660993774] [local_costmap.local_costmap]: Timed out waiting for transform from base_footprint to odom to become available, tf error: Invalid frame ID "odom" passed to canTransform argument target_frame - frame does not exist
[gzserver-1] [INFO] [1789661433.731421619] [contact_load.wheel_rear_left_link_contact_plugin]: Publishing contact states to [/contact_load/wheel_rear_left_link]
[spawn_entity.py-3] [INFO] [1789661433.745044129] [spawn_swerve]: Spawn status: SpawnEntity: Successfully spawned entity [swerve_base]
[gzserver-1] [INFO] [1789661433.873012290] [contact_load.wheel_rear_right_link_contact_plugin]: Publishing contact states to [/contact_load/wheel_rear_right_link]
[gzserver-1] [INFO] [1789661434.007464164] [gazebo_ros2_control]: Loading gazebo_ros2_control plugin
[INFO] [spawn_entity.py-3]: process has finished cleanly [pid 235585]
[INFO] [spawner-15]: process started with pid [235855]
[gzserver-1] [INFO] [1789661434.099769608] [gazebo_ros2_control]: Starting gazebo_ros2_control plugin in namespace: /
[gzserver-1] [INFO] [1789661434.099897649] [gazebo_ros2_control]: Starting gazebo_ros2_control plugin in ros 2 node: gazebo_ros2_control
[controller_server-8] [INFO] [1789661434.159344341] [local_costmap.local_costmap]: Timed out waiting for transform from base_footprint to odom to become available, tf error: Invalid frame ID "odom" passed to canTransform argument target_frame - frame does not exist
[gzserver-1] [INFO] [1789661434.191681258] [gazebo_ros2_control]: connected to service!! robot_state_publisher
[gzserver-1] [INFO] [1789661434.198440009] [gazebo_ros2_control]: Received urdf from param server, parsing...
[gzserver-1] [INFO] [1789661434.198587507] [gazebo_ros2_control]: Loading parameter files /home/yahboom/swerve_bringup/install/swerve_bringup/share/swerve_bringup/config/controllers.yaml
[gzserver-1] [INFO] [1789661434.228863034] [gazebo_ros2_control]: Loading joint: steer_front_joint
[gzserver-1] [INFO] [1789661434.228924283] [gazebo_ros2_control]: 	State:
[gzserver-1] [INFO] [1789661434.228941478] [gazebo_ros2_control]: 		 position
[gzserver-1] [INFO] [1789661434.228953747] [gazebo_ros2_control]: 		 velocity
[gzserver-1] [INFO] [1789661434.228963646] [gazebo_ros2_control]: 	Command:
[gzserver-1] [INFO] [1789661434.228973109] [gazebo_ros2_control]: 		 position
[gzserver-1] [INFO] [1789661434.231020712] [gazebo_ros2_control]: Loading joint: steer_rear_joint
[gzserver-1] [INFO] [1789661434.231307818] [gazebo_ros2_control]: 	State:
[gzserver-1] [INFO] [1789661434.231322232] [gazebo_ros2_control]: 		 position
[gzserver-1] [INFO] [1789661434.231334284] [gazebo_ros2_control]: 		 velocity
[gzserver-1] [INFO] [1789661434.231344554] [gazebo_ros2_control]: 	Command:
[gzserver-1] [INFO] [1789661434.231353823] [gazebo_ros2_control]: 		 position
[gzserver-1] [INFO] [1789661434.235996799] [gazebo_ros2_control]: Loading joint: wheel_front_drive_joint
[gzserver-1] [INFO] [1789661434.236035640] [gazebo_ros2_control]: 	State:
[gzserver-1] [INFO] [1789661434.236047313] [gazebo_ros2_control]: 		 position
[gzserver-1] [INFO] [1789661434.236057824] [gazebo_ros2_control]: 		 velocity
[gzserver-1] [INFO] [1789661434.236067216] [gazebo_ros2_control]: 	Command:
[gzserver-1] [INFO] [1789661434.236080447] [gazebo_ros2_control]: 		 velocity
[gzserver-1] [INFO] [1789661434.236239127] [gazebo_ros2_control]: Loading joint: wheel_rear_drive_joint
[gzserver-1] [INFO] [1789661434.236255366] [gazebo_ros2_control]: 	State:
[gzserver-1] [INFO] [1789661434.236264455] [gazebo_ros2_control]: 		 position
[gzserver-1] [INFO] [1789661434.236273412] [gazebo_ros2_control]: 		 velocity
[gzserver-1] [INFO] [1789661434.236281747] [gazebo_ros2_control]: 	Command:
[gzserver-1] [INFO] [1789661434.236294881] [gazebo_ros2_control]: 		 velocity
[gzserver-1] [INFO] [1789661434.236645746] [resource_manager]: Initialize hardware 'GazeboSystem' 
[gzserver-1] [INFO] [1789661434.236897753] [resource_manager]: Successful initialization of hardware 'GazeboSystem'
[gzserver-1] [INFO] [1789661434.237056944] [resource_manager]: 'configure' hardware 'GazeboSystem' 
[gzserver-1] [INFO] [1789661434.237071887] [resource_manager]: Successful 'configure' of hardware 'GazeboSystem'
[gzserver-1] [INFO] [1789661434.237080226] [resource_manager]: 'activate' hardware 'GazeboSystem' 
[gzserver-1] [INFO] [1789661434.237086811] [resource_manager]: Successful 'activate' of hardware 'GazeboSystem'
[gzserver-1] [INFO] [1789661434.237298462] [gazebo_ros2_control]: Loading controller_manager
[gzserver-1] [WARN] [1789661434.479144158] [gazebo_ros2_control]:  Desired controller update period (0.01 s) is slower than the gazebo simulation period (0.001 s).
[gzserver-1] [INFO] [1789661434.486783841] [gazebo_ros2_control]: Loaded gazebo_ros2_control.
[controller_server-8] [INFO] [1789661434.659614006] [local_costmap.local_costmap]: Timed out waiting for transform from base_footprint to odom to become available, tf error: Invalid frame ID "odom" passed to canTransform argument target_frame - frame does not exist
[controller_server-8] [INFO] [1789661435.159265039] [local_costmap.local_costmap]: start
[controller_server-8] [INFO] [1789661435.330781832] [controller_server]: Creating bond (controller_server) to lifecycle manager.
[spawner-15] [INFO] [1789661435.486699023] [spawn_joint_state_broadcaster]: waiting for service /controller_manager/list_controllers to become available...
[lifecycle_manager-13] [INFO] [1789661435.490913042] [lifecycle_manager_navigation]: Server controller_server connected with bond.
[lifecycle_manager-13] [INFO] [1789661435.490987545] [lifecycle_manager_navigation]: [34m[1mActivating planner_server[0m[0m
[planner_server-9] [INFO] [1789661435.498334193] [planner_server]: Activating
[planner_server-9] [INFO] [1789661435.498436540] [global_costmap.global_costmap]: Activating
[planner_server-9] [INFO] [1789661435.498458033] [global_costmap.global_costmap]: Checking transform
[planner_server-9] [INFO] [1789661435.498607377] [global_costmap.global_costmap]: start
[gzserver-1] [INFO] [1789661435.986640880] [controller_manager]: Loading controller 'joint_state_broadcaster'
[planner_server-9] [INFO] [1789661436.063702604] [planner_server]: Activating plugin GridBased of type NavfnPlanner
[planner_server-9] [INFO] [1789661436.241729733] [planner_server]: Creating bond (planner_server) to lifecycle manager.
[spawner-15] [INFO] [1789661436.361454899] [spawn_joint_state_broadcaster]: [94mLoaded [1mjoint_state_broadcaster[0m
[gzserver-1] [INFO] [1789661436.372714850] [controller_manager]: Configuring controller 'joint_state_broadcaster'
[gzserver-1] [INFO] [1789661436.373418904] [joint_state_broadcaster]: 'joints' or 'interfaces' parameter is empty. All available state interfaces will be published
[lifecycle_manager-13] [INFO] [1789661436.375662078] [lifecycle_manager_navigation]: Server planner_server connected with bond.
[lifecycle_manager-13] [INFO] [1789661436.375710105] [lifecycle_manager_navigation]: [34m[1mActivating behavior_server[0m[0m
[behavior_server-10] [INFO] [1789661436.381500060] [behavior_server]: Activating
[behavior_server-10] [INFO] [1789661436.385067517] [behavior_server]: Activating spin
[behavior_server-10] [INFO] [1789661436.385120575] [behavior_server]: Activating backup
[behavior_server-10] [INFO] [1789661436.385136774] [behavior_server]: Activating drive_on_heading
[behavior_server-10] [INFO] [1789661436.385149516] [behavior_server]: Activating wait
[behavior_server-10] [INFO] [1789661436.385171980] [behavior_server]: Creating bond (behavior_server) to lifecycle manager.
[spawner-15] [INFO] [1789661436.457611384] [spawn_joint_state_broadcaster]: [92mConfigured and activated [1mjoint_state_broadcaster[0m
[lifecycle_manager-13] [INFO] [1789661436.515153011] [lifecycle_manager_navigation]: Server behavior_server connected with bond.
[lifecycle_manager-13] [INFO] [1789661436.515220188] [lifecycle_manager_navigation]: [34m[1mActivating bt_navigator[0m[0m
[bt_navigator-11] [INFO] [1789661436.519270705] [bt_navigator]: Activating
[INFO] [spawner-15]: process has finished cleanly [pid 235855]
[INFO] [spawner-16]: process started with pid [235875]
[bt_navigator-11] [INFO] [1789661437.142235265] [bt_navigator]: Creating bond (bt_navigator) to lifecycle manager.
[lifecycle_manager-13] [INFO] [1789661437.265696619] [lifecycle_manager_navigation]: Server bt_navigator connected with bond.
[lifecycle_manager-13] [INFO] [1789661437.265788542] [lifecycle_manager_navigation]: [34m[1mActivating waypoint_follower[0m[0m
[waypoint_follower-12] [INFO] [1789661437.268123455] [waypoint_follower]: Activating
[waypoint_follower-12] [INFO] [1789661437.268203051] [waypoint_follower]: Creating bond (waypoint_follower) to lifecycle manager.
[lifecycle_manager-13] [INFO] [1789661437.390721355] [lifecycle_manager_navigation]: Server waypoint_follower connected with bond.
[lifecycle_manager-13] [INFO] [1789661437.390785700] [lifecycle_manager_navigation]: [34m[1mManaged nodes are active[0m[0m
[lifecycle_manager-13] [INFO] [1789661437.390829468] [lifecycle_manager_navigation]: [34m[1mCreating bond timer...[0m[0m
[spawner-16] [INFO] [1789661438.047274750] [spawn_steering_controller]: waiting for service /controller_manager/list_controllers to become available...
[gzserver-1] [INFO] [1789661438.566823175] [controller_manager]: Loading controller 'steering_controller'
[spawner-16] [INFO] [1789661438.972496586] [spawn_steering_controller]: [94mLoaded [1msteering_controller[0m
[gzserver-1] [INFO] [1789661439.000260602] [controller_manager]: Configuring controller 'steering_controller'
[gzserver-1] [INFO] [1789661439.018523532] [steering_controller]: configure successful
[gzserver-1] [INFO] [1789661439.057979075] [steering_controller]: activate successful
[spawner-16] [INFO] [1789661439.086353706] [spawn_steering_controller]: [92mConfigured and activated [1msteering_controller[0m
[INFO] [spawner-16]: process has finished cleanly [pid 235875]
[INFO] [spawner-17]: process started with pid [235897]
[spawner-17] [INFO] [1789661440.449859359] [spawn_drive_controller]: waiting for service /controller_manager/list_controllers to become available...
[gzserver-1] [INFO] [1789661440.719301891] [controller_manager]: Loading controller 'drive_controller'
[spawner-17] [INFO] [1789661440.889909523] [spawn_drive_controller]: [94mLoaded [1mdrive_controller[0m
[gzserver-1] [INFO] [1789661440.895545597] [controller_manager]: Configuring controller 'drive_controller'
[gzserver-1] [INFO] [1789661440.904133064] [drive_controller]: configure successful
[gzserver-1] [INFO] [1789661441.193795131] [drive_controller]: activate successful
[spawner-17] [INFO] [1789661441.225492923] [spawn_drive_controller]: [92mConfigured and activated [1mdrive_controller[0m
[INFO] [spawner-17]: process has finished cleanly [pid 235897]
[INFO] [swerve_controller_node-18]: process started with pid [235910]
[INFO] [swerve_odometry_node-19]: process started with pid [235912]
[swerve_odometry_node-19] [INFO] [1789661443.049151703] [swerve_odometry]: Encoder odometry ready: radius=0.0637 m, velocity_sign=+1.0
[swerve_controller_node-18] [INFO] [1789661443.168243325] [swerve_controller]: Swerve controller ready: radius=0.0675 m, modules={'front': (0.300042, 0.0), 'rear': (-0.300042, 0.0)}
[bt_navigator-11] [INFO] [1789661487.057345999] [rclcpp]: signal_handler(signum=2)
[WARNING] [launch]: user interrupted with ctrl-c (SIGINT)
[waypoint_follower-12] [INFO] [1789661487.058452605] [rclcpp]: signal_handler(signum=2)
[waypoint_follower-12] [INFO] [1789661487.063373549] [waypoint_follower]: Running Nav2 LifecycleNode rcl preshutdown (waypoint_follower)
[waypoint_follower-12] [INFO] [1789661487.063473668] [waypoint_follower]: Deactivating
[waypoint_follower-12] [INFO] [1789661487.063501722] [waypoint_follower]: Destroying bond (waypoint_follower) to lifecycle manager.
[ekf_node-4] [INFO] [1789661487.061390871] [rclcpp]: signal_handler(signum=2)
[controller_server-8] [INFO] [1789661487.060637234] [rclcpp]: signal_handler(signum=2)
[controller_server-8] [INFO] [1789661487.067250974] [controller_server]: Running Nav2 LifecycleNode rcl preshutdown (controller_server)
[controller_server-8] [INFO] [1789661487.067330428] [controller_server]: Deactivating
[controller_server-8] [INFO] [1789661487.067386169] [local_costmap.local_costmap]: Deactivating
[planner_server-9] [INFO] [1789661487.062716567] [rclcpp]: signal_handler(signum=2)
[planner_server-9] [INFO] [1789661487.064467902] [planner_server]: Running Nav2 LifecycleNode rcl preshutdown (planner_server)
[planner_server-9] [INFO] [1789661487.064545280] [planner_server]: Deactivating
[planner_server-9] [INFO] [1789661487.064583585] [global_costmap.global_costmap]: Deactivating
[bt_navigator-11] [INFO] [1789661487.059556950] [bt_navigator]: Running Nav2 LifecycleNode rcl preshutdown (bt_navigator)
[bt_navigator-11] [INFO] [1789661487.066609069] [bt_navigator]: Deactivating
[bt_navigator-11] [INFO] [1789661487.066649182] [bt_navigator]: Destroying bond (bt_navigator) to lifecycle manager.
[lifecycle_manager-13] [INFO] [1789661487.058969714] [rclcpp]: signal_handler(signum=2)
[lifecycle_manager-13] [INFO] [1789661487.064843530] [lifecycle_manager_navigation]: Running Nav2 LifecycleManager rcl preshutdown (lifecycle_manager_navigation)
[lifecycle_manager-13] [INFO] [1789661487.064893445] [lifecycle_manager_navigation]: [34m[1mTerminating bond timer...[0m[0m
[robot_state_publisher-2] [INFO] [1789661487.064067722] [rclcpp]: signal_handler(signum=2)
[map_server-7] [INFO] [1789661487.066192601] [rclcpp]: signal_handler(signum=2)
[behavior_server-10] [INFO] [1789661487.066454764] [rclcpp]: signal_handler(signum=2)
[INFO] [swerve_odometry_node-19]: sending signal 'SIGINT' to process[swerve_odometry_node-19]
[INFO] [swerve_controller_node-18]: sending signal 'SIGINT' to process[swerve_controller_node-18]
[INFO] [lifecycle_manager-13]: sending signal 'SIGINT' to process[lifecycle_manager-13]
[INFO] [waypoint_follower-12]: sending signal 'SIGINT' to process[waypoint_follower-12]
[INFO] [bt_navigator-11]: sending signal 'SIGINT' to process[bt_navigator-11]
[INFO] [behavior_server-10]: sending signal 'SIGINT' to process[behavior_server-10]
[INFO] [planner_server-9]: sending signal 'SIGINT' to process[planner_server-9]
[INFO] [controller_server-8]: sending signal 'SIGINT' to process[controller_server-8]
[INFO] [map_server-7]: sending signal 'SIGINT' to process[map_server-7]
[INFO] [ekf_node-6]: sending signal 'SIGINT' to process[ekf_node-6]
[INFO] [v30e_sim_node-5]: sending signal 'SIGINT' to process[v30e_sim_node-5]
[INFO] [ekf_node-4]: sending signal 'SIGINT' to process[ekf_node-4]
[INFO] [robot_state_publisher-2]: sending signal 'SIGINT' to process[robot_state_publisher-2]
[INFO] [gzserver-1]: sending signal 'SIGINT' to process[gzserver-1]
[ERROR] [ekf_node-6]: process has died [pid 235591, exit code -2, cmd '/opt/ros/humble/lib/robot_localization/ekf_node --ros-args -r __node:=ekf_v30e --params-file /home/yahboom/swerve_bringup/install/swerve_bringup/share/swerve_bringup/config/v30e_localization_ekf.yaml --params-file /tmp/launch_params_cejhwv6o -r odometry/filtered:=/odometry/v30e'].
[map_server-7] [INFO] [1789661487.067537213] [map_server]: Running Nav2 LifecycleNode rcl preshutdown (map_server)
[map_server-7] [INFO] [1789661487.067625544] [map_server]: Deactivating
[map_server-7] [INFO] [1789661487.067656888] [map_server]: Destroying bond (map_server) to lifecycle manager.
[ekf_node-6] [INFO] [1789661487.067945263] [rclcpp]: signal_handler(signum=2)
[behavior_server-10] [INFO] [1789661487.069213196] [behavior_server]: Running Nav2 LifecycleNode rcl preshutdown (behavior_server)
[behavior_server-10] [INFO] [1789661487.069295705] [behavior_server]: Deactivating
[behavior_server-10] [INFO] [1789661487.069335916] [behavior_server]: Destroying bond (behavior_server) to lifecycle manager.
[behavior_server-10] [INFO] [1789661487.092839358] [behavior_server]: Cleaning up
[controller_server-8] [INFO] [1789661487.098845790] [controller_server]: Destroying bond (controller_server) to lifecycle manager.
[swerve_odometry_node-19] Traceback (most recent call last):
[swerve_odometry_node-19]   File "/home/yahboom/swerve_bringup/install/swerve_bringup/lib/swerve_bringup/swerve_odometry_node", line 221, in <module>
[swerve_odometry_node-19]     main()
[swerve_odometry_node-19]   File "/home/yahboom/swerve_bringup/install/swerve_bringup/lib/swerve_bringup/swerve_odometry_node", line 215, in main
[swerve_odometry_node-19]     node.destroy_node()
[swerve_odometry_node-19]   File "/opt/ros/humble/local/lib/python3.10/dist-packages/rclpy/node.py", line 1685, in destroy_node
[swerve_odometry_node-19]     self.destroy_publisher(self._publishers[0])
[swerve_odometry_node-19]   File "/opt/ros/humble/local/lib/python3.10/dist-packages/rclpy/node.py", line 1565, in destroy_publisher
[swerve_odometry_node-19]     publisher.destroy()
[swerve_odometry_node-19]   File "/opt/ros/humble/local/lib/python3.10/dist-packages/rclpy/publisher.py", line 99, in destroy
[swerve_odometry_node-19]     self.__publisher.destroy_when_not_in_use()
[swerve_odometry_node-19] KeyboardInterrupt
[bt_navigator-11] [INFO] [1789661487.103791408] [bt_navigator]: Cleaning up
[swerve_controller_node-18] Exception ignored in: <function _get_module_lock.<locals>.cb at 0x7d1413680160>
[swerve_controller_node-18] Traceback (most recent call last):
[swerve_controller_node-18]   File "<frozen importlib._bootstrap>", line 207, in cb
[swerve_controller_node-18] KeyboardInterrupt: 
[lifecycle_manager-13] [INFO] [1789661487.111816894] [rclcpp]: signal_handler(signum=2)
[waypoint_follower-12] [INFO] [1789661487.112091631] [waypoint_follower]: Cleaning up
[waypoint_follower-12] [INFO] [1789661487.117244932] [rclcpp]: signal_handler(signum=2)
[map_server-7] [INFO] [1789661487.118518504] [map_server]: Cleaning up
[map_server-7] [INFO] [1789661487.118890168] [map_server]: Destroying bond (map_server) to lifecycle manager.
[bt_navigator-11] [INFO] [1789661487.122156333] [rclcpp]: signal_handler(signum=2)
[behavior_server-10] [INFO] [1789661487.128938412] [rclcpp]: signal_handler(signum=2)
[planner_server-9] [INFO] [1789661487.133761340] [rclcpp]: signal_handler(signum=2)
[controller_server-8] [INFO] [1789661487.141474010] [rclcpp]: signal_handler(signum=2)
[controller_server-8] [INFO] [1789661487.141808568] [controller_server]: Cleaning up
[controller_server-8] [INFO] [1789661487.141969810] [local_costmap.local_costmap]: Cleaning up
[map_server-7] [INFO] [1789661487.148481648] [rclcpp]: signal_handler(signum=2)
[v30e_sim_node-5] Traceback (most recent call last):
[v30e_sim_node-5]   File "/home/yahboom/swerve_bringup/install/swerve_bringup/lib/swerve_bringup/v30e_sim_node", line 188, in <module>
[v30e_sim_node-5]     if __name__ == '__main__': main()
[v30e_sim_node-5]   File "/home/yahboom/swerve_bringup/install/swerve_bringup/lib/swerve_bringup/v30e_sim_node", line 185, in main
[v30e_sim_node-5]     node.destroy_node(); rclpy.shutdown()
[v30e_sim_node-5]   File "/opt/ros/humble/local/lib/python3.10/dist-packages/rclpy/node.py", line 1689, in destroy_node
[v30e_sim_node-5]     self.destroy_client(self._clients[0])
[v30e_sim_node-5]   File "/opt/ros/humble/local/lib/python3.10/dist-packages/rclpy/node.py", line 1599, in destroy_client
[v30e_sim_node-5]     client.destroy()
[v30e_sim_node-5]   File "/opt/ros/humble/local/lib/python3.10/dist-packages/rclpy/client.py", line 187, in destroy
[v30e_sim_node-5]     self.__client.destroy_when_not_in_use()
[v30e_sim_node-5] KeyboardInterrupt
[robot_state_publisher-2] [INFO] [1789661487.199758521] [rclcpp]: signal_handler(signum=2)
[ERROR] [ekf_node-4]: process has died [pid 235587, exit code -2, cmd '/opt/ros/humble/lib/robot_localization/ekf_node --ros-args -r __node:=ekf_filter_node --params-file /home/yahboom/swerve_bringup/install/swerve_bringup/share/swerve_bringup/config/ekf.yaml --params-file /tmp/launch_params_wmi0cok2 -r /odom:=/odom -r /imu/data:=/imu/data'].
[swerve_controller_node-18] Traceback (most recent call last):
[swerve_controller_node-18]   File "/home/yahboom/swerve_bringup/install/swerve_bringup/lib/swerve_bringup/swerve_controller_node", line 192, in <module>
[swerve_controller_node-18]     main()
[swerve_controller_node-18]   File "/home/yahboom/swerve_bringup/install/swerve_bringup/lib/swerve_bringup/swerve_controller_node", line 184, in main
[swerve_controller_node-18]     node.steer_pub.publish(Float64MultiArray(data=[
[swerve_controller_node-18]   File "/opt/ros/humble/local/lib/python3.10/dist-packages/rclpy/publisher.py", line 70, in publish
[swerve_controller_node-18]     self.__publisher.publish(msg)
[swerve_controller_node-18] rclpy._rclpy_pybind11.RCLError: Failed to publish: publisher's context is invalid, at ./src/rcl/publisher.c:389
[map_server-7] [INFO] [1789661487.290221300] [map_server]: Destroying
[waypoint_follower-12] [INFO] [1789661487.308778884] [waypoint_follower]: Destroying bond (waypoint_follower) to lifecycle manager.
[ERROR] [swerve_odometry_node-19]: process has died [pid 235912, exit code -2, cmd '/home/yahboom/swerve_bringup/install/swerve_bringup/lib/swerve_bringup/swerve_odometry_node --ros-args -r __node:=swerve_odometry --params-file /home/yahboom/swerve_bringup/install/swerve_bringup/share/swerve_bringup/config/swerve_odometry.yaml --params-file /tmp/launch_params_l37q6u14'].
[waypoint_follower-12] [INFO] [1789661487.377682808] [waypoint_follower]: Destroying
[ERROR] [v30e_sim_node-5]: process has died [pid 235589, exit code -2, cmd '/home/yahboom/swerve_bringup/install/swerve_bringup/lib/swerve_bringup/v30e_sim_node --ros-args -r __node:=v30e_sim_node --params-file /home/yahboom/swerve_bringup/install/swerve_bringup/share/swerve_bringup/config/v30e_sim.yaml --params-file /tmp/launch_params_2nco923r'].
[behavior_server-10] [INFO] [1789661487.423011011] [behavior_server]: Destroying bond (behavior_server) to lifecycle manager.
[lifecycle_manager-13] [INFO] [1789661487.489284014] [lifecycle_manager_navigation]: Destroying lifecycle_manager_navigation
[planner_server-9] [INFO] [1789661487.500569800] [planner_server]: Deactivating plugin GridBased of type NavfnPlanner
[planner_server-9] [INFO] [1789661487.500898628] [planner_server]: Destroying bond (planner_server) to lifecycle manager.
[behavior_server-10] [INFO] [1789661487.512387568] [behavior_server]: Destroying
[planner_server-9] [INFO] [1789661487.512503476] [planner_server]: Cleaning up
[controller_server-8] [INFO] [1789661487.533161621] [controller_server]: Destroying bond (controller_server) to lifecycle manager.
[controller_server-8] [INFO] [1789661487.544001210] [local_costmap.local_costmap]: Destroying
[controller_server-8] [INFO] [1789661487.561236558] [controller_server]: Destroying
[planner_server-9] [INFO] [1789661487.569893368] [global_costmap.global_costmap]: Cleaning up
[ERROR] [swerve_controller_node-18]: process has died [pid 235910, exit code 1, cmd '/home/yahboom/swerve_bringup/install/swerve_bringup/lib/swerve_bringup/swerve_controller_node --ros-args -r __node:=swerve_controller --params-file /home/yahboom/swerve_bringup/install/swerve_bringup/share/swerve_bringup/config/swerve_controller.yaml --params-file /tmp/launch_params_jkjxvk1i'].
[INFO] [map_server-7]: process has finished cleanly [pid 235593]
[INFO] [robot_state_publisher-2]: process has finished cleanly [pid 235583]
[INFO] [waypoint_follower-12]: process has finished cleanly [pid 235636]
[planner_server-9] [INFO] [1789661487.630560843] [planner_server]: Cleaning up plugin GridBased of type NavfnPlanner
[planner_server-9] [INFO] [1789661487.630644110] [planner_server]: Destroying plugin GridBased of type NavfnPlanner
[planner_server-9] [INFO] [1789661487.642988666] [planner_server]: Destroying bond (planner_server) to lifecycle manager.
[planner_server-9] [INFO] [1789661487.658257550] [global_costmap.global_costmap]: Destroying
[INFO] [lifecycle_manager-13]: process has finished cleanly [pid 235643]
[planner_server-9] [INFO] [1789661487.679702646] [planner_server]: Destroying
[bt_navigator-11] [INFO] [1789661487.713569315] [bt_navigator]: Completed Cleaning up
[bt_navigator-11] [INFO] [1789661487.714832915] [bt_navigator]: Destroying bond (bt_navigator) to lifecycle manager.
[bt_navigator-11] [INFO] [1789661487.723460746] [bt_navigator]: Destroying
[INFO] [behavior_server-10]: process has finished cleanly [pid 235614]
[INFO] [controller_server-8]: process has finished cleanly [pid 235596]
[INFO] [planner_server-9]: process has finished cleanly [pid 235604]
[INFO] [bt_navigator-11]: process has finished cleanly [pid 235622]
[INFO] [gzserver-1]: process has finished cleanly [pid 235581]
