[INFO] [launch]: All log files can be found below /home/yahboom/.ros/log/2026-09-17-17-10-55-321204-yahboom-virtual-machine-158441
[INFO] [launch]: Default logging verbosity is set to INFO
[INFO] [gzserver-1]: process started with pid [158485]
[INFO] [robot_state_publisher-2]: process started with pid [158487]
[INFO] [spawn_entity.py-3]: process started with pid [158489]
[INFO] [ekf_node-4]: process started with pid [158500]
[INFO] [v30e_sim_node-5]: process started with pid [158502]
[INFO] [ekf_node-6]: process started with pid [158504]
[INFO] [map_server-7]: process started with pid [158506]
[INFO] [controller_server-8]: process started with pid [158508]
[INFO] [planner_server-9]: process started with pid [158511]
[INFO] [behavior_server-10]: process started with pid [158523]
[INFO] [bt_navigator-11]: process started with pid [158531]
[INFO] [waypoint_follower-12]: process started with pid [158536]
[INFO] [lifecycle_manager-13]: process started with pid [158546]
[INFO] [swerve_bridge_node-14]: process started with pid [158560]
[robot_state_publisher-2] [INFO] [1789636258.264965594] [robot_state_publisher]: got segment base_footprint
[robot_state_publisher-2] [INFO] [1789636258.265140134] [robot_state_publisher]: got segment base_link
[robot_state_publisher-2] [INFO] [1789636258.265155994] [robot_state_publisher]: got segment imu_link
[robot_state_publisher-2] [INFO] [1789636258.265164065] [robot_state_publisher]: got segment lidar_link
[robot_state_publisher-2] [INFO] [1789636258.265171567] [robot_state_publisher]: got segment steer_front_link
[robot_state_publisher-2] [INFO] [1789636258.265178852] [robot_state_publisher]: got segment steer_rear_link
[robot_state_publisher-2] [INFO] [1789636258.265185775] [robot_state_publisher]: got segment v30e_link
[robot_state_publisher-2] [INFO] [1789636258.265192410] [robot_state_publisher]: got segment wheel_front_drive_link
[robot_state_publisher-2] [INFO] [1789636258.265199291] [robot_state_publisher]: got segment wheel_front_left_link
[robot_state_publisher-2] [INFO] [1789636258.265205964] [robot_state_publisher]: got segment wheel_front_right_link
[robot_state_publisher-2] [INFO] [1789636258.265212635] [robot_state_publisher]: got segment wheel_rear_drive_link
[robot_state_publisher-2] [INFO] [1789636258.265219067] [robot_state_publisher]: got segment wheel_rear_left_link
[robot_state_publisher-2] [INFO] [1789636258.265225609] [robot_state_publisher]: got segment wheel_rear_right_link
[lifecycle_manager-13] [INFO] [1789636258.420324652] [lifecycle_manager_navigation]: Creating
[controller_server-8] [INFO] [1789636258.457155741] [controller_server]: 
[controller_server-8] 	controller_server lifecycle node launched. 
[controller_server-8] 	Waiting on external lifecycle transitions to activate
[controller_server-8] 	See https://design.ros2.org/articles/node_lifecycle.html for more information.
[lifecycle_manager-13] [INFO] [1789636258.463103858] [lifecycle_manager_navigation]: [34m[1mCreating and initializing lifecycle service clients[0m[0m
[controller_server-8] [INFO] [1789636258.485751333] [controller_server]: Creating controller server
[planner_server-9] [INFO] [1789636258.495173486] [planner_server]: 
[planner_server-9] 	planner_server lifecycle node launched. 
[planner_server-9] 	Waiting on external lifecycle transitions to activate
[planner_server-9] 	See https://design.ros2.org/articles/node_lifecycle.html for more information.
[planner_server-9] [INFO] [1789636258.500869377] [planner_server]: Creating
[waypoint_follower-12] [INFO] [1789636258.514741790] [waypoint_follower]: 
[waypoint_follower-12] 	waypoint_follower lifecycle node launched. 
[waypoint_follower-12] 	Waiting on external lifecycle transitions to activate
[waypoint_follower-12] 	See https://design.ros2.org/articles/node_lifecycle.html for more information.
[waypoint_follower-12] [INFO] [1789636258.521101415] [waypoint_follower]: Creating
[map_server-7] [INFO] [1789636258.571967240] [map_server]: 
[map_server-7] 	map_server lifecycle node launched. 
[map_server-7] 	Waiting on external lifecycle transitions to activate
[map_server-7] 	See https://design.ros2.org/articles/node_lifecycle.html for more information.
[map_server-7] [INFO] [1789636258.577059718] [map_server]: Creating
[bt_navigator-11] [INFO] [1789636258.618160069] [bt_navigator]: 
[bt_navigator-11] 	bt_navigator lifecycle node launched. 
[bt_navigator-11] 	Waiting on external lifecycle transitions to activate
[bt_navigator-11] 	See https://design.ros2.org/articles/node_lifecycle.html for more information.
[behavior_server-10] [INFO] [1789636258.621768225] [behavior_server]: 
[behavior_server-10] 	behavior_server lifecycle node launched. 
[behavior_server-10] 	Waiting on external lifecycle transitions to activate
[behavior_server-10] 	See https://design.ros2.org/articles/node_lifecycle.html for more information.
[bt_navigator-11] [INFO] [1789636258.632434454] [bt_navigator]: Creating
[swerve_bridge_node-14] Traceback (most recent call last):
[swerve_bridge_node-14]   File "/home/yahboom/swerve_bringup/install/swerve_bridge/lib/swerve_bridge/swerve_bridge_node", line 33, in <module>
[swerve_bridge_node-14]     sys.exit(load_entry_point('swerve-bridge', 'console_scripts', 'swerve_bridge_node')())
[swerve_bridge_node-14]   File "/home/yahboom/swerve_bringup/install/swerve_bridge/lib/swerve_bridge/swerve_bridge_node", line 22, in importlib_load_entry_point
[swerve_bridge_node-14]     for entry_point in distribution(dist_name).entry_points
[swerve_bridge_node-14]   File "/usr/lib/python3.10/importlib/metadata/__init__.py", line 969, in distribution
[swerve_bridge_node-14]     return Distribution.from_name(distribution_name)
[swerve_bridge_node-14]   File "/usr/lib/python3.10/importlib/metadata/__init__.py", line 548, in from_name
[swerve_bridge_node-14]     raise PackageNotFoundError(name)
[swerve_bridge_node-14] importlib.metadata.PackageNotFoundError: No package metadata was found for swerve-bridge
[ERROR] [swerve_bridge_node-14]: process has died [pid 158560, exit code 1, cmd '/home/yahboom/swerve_bringup/install/swerve_bridge/lib/swerve_bridge/swerve_bridge_node --ros-args -r __node:=swerve_bridge --params-file /home/yahboom/swerve_bringup/install/swerve_bridge/share/swerve_bridge/config/bridge.yaml --params-file /tmp/launch_params_hy3gax8z'].
[planner_server-9] [INFO] [1789636259.021452444] [global_costmap.global_costmap]: 
[planner_server-9] 	global_costmap lifecycle node launched. 
[planner_server-9] 	Waiting on external lifecycle transitions to activate
[planner_server-9] 	See https://design.ros2.org/articles/node_lifecycle.html for more information.
[planner_server-9] [INFO] [1789636259.022015147] [global_costmap.global_costmap]: Creating Costmap
[controller_server-8] [INFO] [1789636259.054112905] [local_costmap.local_costmap]: 
[controller_server-8] 	local_costmap lifecycle node launched. 
[controller_server-8] 	Waiting on external lifecycle transitions to activate
[controller_server-8] 	See https://design.ros2.org/articles/node_lifecycle.html for more information.
[controller_server-8] [INFO] [1789636259.054687560] [local_costmap.local_costmap]: Creating Costmap
[lifecycle_manager-13] [INFO] [1789636259.133890224] [lifecycle_manager_navigation]: [34m[1mStarting managed nodes bringup...[0m[0m
[lifecycle_manager-13] [INFO] [1789636259.133985977] [lifecycle_manager_navigation]: [34m[1mConfiguring map_server[0m[0m
[map_server-7] [INFO] [1789636259.137759390] [map_server]: Configuring
[map_server-7] [INFO] [1789636259.138027373] [map_io]: Loading yaml file: /home/yahboom/swerve_bringup/install/swerve_bringup/share/swerve_bringup/swerve_navigation/maps/warehouse.yaml
[map_server-7] [INFO] [1789636259.138561385] [map_io]: resolution: 0.05
[map_server-7] [INFO] [1789636259.138578085] [map_io]: origin[0]: -17.2
[map_server-7] [INFO] [1789636259.138584757] [map_io]: origin[1]: -17.4
[map_server-7] [INFO] [1789636259.138590024] [map_io]: origin[2]: 0
[map_server-7] [INFO] [1789636259.138595525] [map_io]: free_thresh: 0.25
[map_server-7] [INFO] [1789636259.138601006] [map_io]: occupied_thresh: 0.65
[map_server-7] [INFO] [1789636259.138606684] [map_io]: mode: trinary
[map_server-7] [INFO] [1789636259.138613418] [map_io]: negate: 0
[map_server-7] [INFO] [1789636259.138892395] [map_io]: Loading image_file: /home/yahboom/swerve_bringup/install/swerve_bringup/share/swerve_bringup/swerve_navigation/maps/warehouse.pgm
[map_server-7] [INFO] [1789636259.224121563] [map_io]: Read map /home/yahboom/swerve_bringup/install/swerve_bringup/share/swerve_bringup/swerve_navigation/maps/warehouse.pgm: 676 X 680 map @ 0.05 m/cell
[lifecycle_manager-13] [INFO] [1789636259.251007075] [lifecycle_manager_navigation]: [34m[1mConfiguring controller_server[0m[0m
[controller_server-8] [INFO] [1789636259.255467841] [controller_server]: Configuring controller interface
[controller_server-8] [INFO] [1789636259.255711992] [controller_server]: getting goal checker plugins..
[controller_server-8] [INFO] [1789636259.255803427] [controller_server]: Controller frequency set to 10.0000Hz
[controller_server-8] [INFO] [1789636259.255842054] [local_costmap.local_costmap]: Configuring
[controller_server-8] [INFO] [1789636259.301973583] [local_costmap.local_costmap]: Using plugin "voxel_layer"
[controller_server-8] [INFO] [1789636259.321208931] [local_costmap.local_costmap]: Subscribed to Topics: lidar3d scan
[controller_server-8] [INFO] [1789636259.397417280] [local_costmap.local_costmap]: Initialized plugin "voxel_layer"
[controller_server-8] [INFO] [1789636259.397704384] [local_costmap.local_costmap]: Using plugin "inflation_layer"
[controller_server-8] [INFO] [1789636259.411787457] [local_costmap.local_costmap]: Initialized plugin "inflation_layer"
[controller_server-8] [INFO] [1789636259.660228350] [controller_server]: Created progress_checker : progress_checker of type nav2_controller::SimpleProgressChecker
[controller_server-8] [INFO] [1789636259.668577636] [controller_server]: Created goal checker : general_goal_checker of type nav2_controller::SimpleGoalChecker
[controller_server-8] [INFO] [1789636259.669202581] [controller_server]: Controller Server has general_goal_checker  goal checkers available.
[controller_server-8] [INFO] [1789636259.670833407] [controller_server]: Created controller : FollowPath of type dwb_core::DWBLocalPlanner
[controller_server-8] [INFO] [1789636259.674626349] [controller_server]: Setting transform_tolerance to 0.200000
[controller_server-8] [INFO] [1789636259.766890266] [controller_server]: Using critic "RotateToGoal" (dwb_critics::RotateToGoalCritic)
[controller_server-8] [INFO] [1789636259.775942797] [controller_server]: Critic plugin initialized
[controller_server-8] [INFO] [1789636259.776084854] [controller_server]: Using critic "Oscillation" (dwb_critics::OscillationCritic)
[controller_server-8] [INFO] [1789636259.776393735] [controller_server]: Critic plugin initialized
[controller_server-8] [INFO] [1789636259.776463346] [controller_server]: Using critic "BaseObstacle" (dwb_critics::BaseObstacleCritic)
[controller_server-8] [INFO] [1789636259.776541216] [controller_server]: Critic plugin initialized
[controller_server-8] [INFO] [1789636259.776616262] [controller_server]: Using critic "GoalAlign" (dwb_critics::GoalAlignCritic)
[controller_server-8] [INFO] [1789636259.777033620] [controller_server]: Critic plugin initialized
[controller_server-8] [INFO] [1789636259.777201488] [controller_server]: Using critic "PathAlign" (dwb_critics::PathAlignCritic)
[controller_server-8] [INFO] [1789636259.777546229] [controller_server]: Critic plugin initialized
[controller_server-8] [INFO] [1789636259.777615328] [controller_server]: Using critic "PathDist" (dwb_critics::PathDistCritic)
[controller_server-8] [INFO] [1789636259.778783651] [controller_server]: Critic plugin initialized
[controller_server-8] [INFO] [1789636259.778989739] [controller_server]: Using critic "GoalDist" (dwb_critics::GoalDistCritic)
[controller_server-8] [INFO] [1789636259.779400403] [controller_server]: Critic plugin initialized
[controller_server-8] [INFO] [1789636259.779433332] [controller_server]: Controller Server has FollowPath  controllers available.
[lifecycle_manager-13] [INFO] [1789636260.045789888] [lifecycle_manager_navigation]: [34m[1mConfiguring planner_server[0m[0m
[planner_server-9] [INFO] [1789636260.057314290] [planner_server]: Configuring
[planner_server-9] [INFO] [1789636260.057377070] [global_costmap.global_costmap]: Configuring
[planner_server-9] [INFO] [1789636260.127132390] [global_costmap.global_costmap]: Using plugin "static_layer"
[planner_server-9] [INFO] [1789636260.155132914] [global_costmap.global_costmap]: Subscribing to the map topic (/map) with transient local durability
[planner_server-9] [INFO] [1789636260.160768042] [global_costmap.global_costmap]: Initialized plugin "static_layer"
[planner_server-9] [INFO] [1789636260.160827592] [global_costmap.global_costmap]: Using plugin "obstacle_layer"
[planner_server-9] [INFO] [1789636260.161695963] [global_costmap.global_costmap]: Subscribed to Topics: scan
[v30e_sim_node-5] [INFO] [1789636260.169328341] [v30e_sim_node]: Using Gazebo /get_entity_state internally; odometry is not a V30E measurement input
[planner_server-9] [INFO] [1789636260.177812584] [global_costmap.global_costmap]: Initialized plugin "obstacle_layer"
[planner_server-9] [INFO] [1789636260.177901951] [global_costmap.global_costmap]: Using plugin "inflation_layer"
[spawn_entity.py-3] [INFO] [1789636260.182827788] [spawn_swerve]: Spawn Entity started
[spawn_entity.py-3] [INFO] [1789636260.183290508] [spawn_swerve]: Loading entity published on topic robot_description
[planner_server-9] [INFO] [1789636260.185857366] [global_costmap.global_costmap]: Initialized plugin "inflation_layer"
[spawn_entity.py-3] [INFO] [1789636260.191536596] [spawn_swerve]: Waiting for entity xml on robot_description
[planner_server-9] [INFO] [1789636260.265448103] [planner_server]: Created global planner plugin GridBased of type nav2_navfn_planner/NavfnPlanner
[planner_server-9] [INFO] [1789636260.265503739] [planner_server]: Configuring plugin GridBased of type NavfnPlanner
[planner_server-9] [INFO] [1789636260.268149811] [planner_server]: Planner Server has GridBased  planners available.
[lifecycle_manager-13] [INFO] [1789636260.342991972] [lifecycle_manager_navigation]: [34m[1mConfiguring behavior_server[0m[0m
[behavior_server-10] [INFO] [1789636260.345109004] [behavior_server]: Configuring
[behavior_server-10] [INFO] [1789636260.409052434] [behavior_server]: Creating behavior plugin spin of type nav2_behaviors/Spin
[behavior_server-10] [INFO] [1789636260.410114265] [behavior_server]: Configuring spin
[behavior_server-10] [INFO] [1789636260.510721335] [behavior_server]: Creating behavior plugin backup of type nav2_behaviors/BackUp
[behavior_server-10] [INFO] [1789636260.511587722] [behavior_server]: Configuring backup
[behavior_server-10] [INFO] [1789636260.574929964] [behavior_server]: Creating behavior plugin drive_on_heading of type nav2_behaviors/DriveOnHeading
[behavior_server-10] [INFO] [1789636260.575744750] [behavior_server]: Configuring drive_on_heading
[spawn_entity.py-3] [INFO] [1789636260.591110336] [spawn_swerve]: Waiting for service /spawn_entity, timeout = 30
[spawn_entity.py-3] [INFO] [1789636260.591741877] [spawn_swerve]: Waiting for service /spawn_entity
[behavior_server-10] [INFO] [1789636260.676534122] [behavior_server]: Creating behavior plugin wait of type nav2_behaviors/Wait
[behavior_server-10] [INFO] [1789636260.677340139] [behavior_server]: Configuring wait
[lifecycle_manager-13] [INFO] [1789636260.749354100] [lifecycle_manager_navigation]: [34m[1mConfiguring bt_navigator[0m[0m
[bt_navigator-11] [INFO] [1789636260.754174873] [bt_navigator]: Configuring
[lifecycle_manager-13] [INFO] [1789636261.180922208] [lifecycle_manager_navigation]: [34m[1mConfiguring waypoint_follower[0m[0m
[waypoint_follower-12] [INFO] [1789636261.181587859] [waypoint_follower]: Configuring
[waypoint_follower-12] [INFO] [1789636261.259066872] [waypoint_follower]: Created waypoint_task_executor : wait_at_waypoint of type nav2_waypoint_follower::WaitAtWaypoint
[waypoint_follower-12] [INFO] [1789636261.262021071] [waypoint_follower]: Waypoint pause duration is set to zero, disabling task executor plugin.
[lifecycle_manager-13] [INFO] [1789636261.266605371] [lifecycle_manager_navigation]: [34m[1mActivating map_server[0m[0m
[map_server-7] [INFO] [1789636261.268246487] [map_server]: Activating
[map_server-7] [INFO] [1789636261.269284803] [map_server]: Creating bond (map_server) to lifecycle manager.
[planner_server-9] [INFO] [1789636261.270233310] [global_costmap.global_costmap]: StaticLayer: Resizing costmap to 676 X 680 at 0.050000 m/pix
[lifecycle_manager-13] [INFO] [1789636261.387815721] [lifecycle_manager_navigation]: Server map_server connected with bond.
[lifecycle_manager-13] [INFO] [1789636261.387883706] [lifecycle_manager_navigation]: [34m[1mActivating controller_server[0m[0m
[controller_server-8] [INFO] [1789636261.388418347] [controller_server]: Activating
[controller_server-8] [INFO] [1789636261.388476555] [local_costmap.local_costmap]: Activating
[controller_server-8] [INFO] [1789636261.388494033] [local_costmap.local_costmap]: Checking transform
[controller_server-8] [INFO] [1789636261.388527930] [local_costmap.local_costmap]: Timed out waiting for transform from base_footprint to odom to become available, tf error: Invalid frame ID "odom" passed to canTransform argument target_frame - frame does not exist
[controller_server-8] [INFO] [1789636261.889832114] [local_costmap.local_costmap]: Timed out waiting for transform from base_footprint to odom to become available, tf error: Invalid frame ID "odom" passed to canTransform argument target_frame - frame does not exist
[controller_server-8] [INFO] [1789636262.391118697] [local_costmap.local_costmap]: Timed out waiting for transform from base_footprint to odom to become available, tf error: Invalid frame ID "odom" passed to canTransform argument target_frame - frame does not exist
[controller_server-8] [INFO] [1789636262.889096935] [local_costmap.local_costmap]: Timed out waiting for transform from base_footprint to odom to become available, tf error: Invalid frame ID "odom" passed to canTransform argument target_frame - frame does not exist
[controller_server-8] [INFO] [1789636263.395881202] [local_costmap.local_costmap]: Timed out waiting for transform from base_footprint to odom to become available, tf error: Invalid frame ID "odom" passed to canTransform argument target_frame - frame does not exist
[controller_server-8] [INFO] [1789636263.888824428] [local_costmap.local_costmap]: Timed out waiting for transform from base_footprint to odom to become available, tf error: Invalid frame ID "odom" passed to canTransform argument target_frame - frame does not exist
[controller_server-8] [INFO] [1789636264.388846240] [local_costmap.local_costmap]: Timed out waiting for transform from base_footprint to odom to become available, tf error: Invalid frame ID "odom" passed to canTransform argument target_frame - frame does not exist
[controller_server-8] [INFO] [1789636264.889216016] [local_costmap.local_costmap]: Timed out waiting for transform from base_footprint to odom to become available, tf error: Invalid frame ID "odom" passed to canTransform argument target_frame - frame does not exist
[controller_server-8] [INFO] [1789636265.389060096] [local_costmap.local_costmap]: Timed out waiting for transform from base_footprint to odom to become available, tf error: Invalid frame ID "odom" passed to canTransform argument target_frame - frame does not exist
[controller_server-8] [INFO] [1789636265.890235939] [local_costmap.local_costmap]: Timed out waiting for transform from base_footprint to odom to become available, tf error: Invalid frame ID "odom" passed to canTransform argument target_frame - frame does not exist
[controller_server-8] [INFO] [1789636266.396724293] [local_costmap.local_costmap]: Timed out waiting for transform from base_footprint to odom to become available, tf error: Invalid frame ID "odom" passed to canTransform argument target_frame - frame does not exist
[spawn_entity.py-3] [INFO] [1789636266.678373640] [spawn_swerve]: Calling service /spawn_entity
[gzserver-1] [INFO] [1789636266.870925189] [gazebo_ros_state]: Publishing states of gazebo models at [/model_states]
[gzserver-1] [INFO] [1789636266.880769484] [gazebo_ros_state]: Publishing states of gazebo links at [/link_states]
[controller_server-8] [INFO] [1789636266.888587059] [local_costmap.local_costmap]: Timed out waiting for transform from base_footprint to odom to become available, tf error: Invalid frame ID "odom" passed to canTransform argument target_frame - frame does not exist
[gzserver-1] [INFO] [1789636267.336115125] [imu.imu_ros]: <initial_orientation_as_reference> is unset, using default value of false to comply with REP 145 (world as orientation reference)
[controller_server-8] [INFO] [1789636267.388751902] [local_costmap.local_costmap]: Timed out waiting for transform from base_footprint to odom to become available, tf error: Invalid frame ID "odom" passed to canTransform argument target_frame - frame does not exist
[controller_server-8] [INFO] [1789636267.890380048] [local_costmap.local_costmap]: Timed out waiting for transform from base_footprint to odom to become available, tf error: Invalid frame ID "odom" passed to canTransform argument target_frame - frame does not exist
[controller_server-8] [INFO] [1789636268.389790067] [local_costmap.local_costmap]: Timed out waiting for transform from base_footprint to odom to become available, tf error: Invalid frame ID "odom" passed to canTransform argument target_frame - frame does not exist
[controller_server-8] [INFO] [1789636268.889159804] [local_costmap.local_costmap]: Timed out waiting for transform from base_footprint to odom to become available, tf error: Invalid frame ID "odom" passed to canTransform argument target_frame - frame does not exist
[controller_server-8] [INFO] [1789636269.390311917] [local_costmap.local_costmap]: Timed out waiting for transform from base_footprint to odom to become available, tf error: Invalid frame ID "odom" passed to canTransform argument target_frame - frame does not exist
[controller_server-8] [INFO] [1789636269.889231064] [local_costmap.local_costmap]: Timed out waiting for transform from base_footprint to odom to become available, tf error: Invalid frame ID "odom" passed to canTransform argument target_frame - frame does not exist
[controller_server-8] [INFO] [1789636270.389012386] [local_costmap.local_costmap]: Timed out waiting for transform from base_footprint to odom to become available, tf error: Invalid frame ID "odom" passed to canTransform argument target_frame - frame does not exist
[controller_server-8] [INFO] [1789636270.888687612] [local_costmap.local_costmap]: Timed out waiting for transform from base_footprint to odom to become available, tf error: Invalid frame ID "odom" passed to canTransform argument target_frame - frame does not exist
[controller_server-8] [INFO] [1789636271.389288445] [local_costmap.local_costmap]: Timed out waiting for transform from base_footprint to odom to become available, tf error: Invalid frame ID "odom" passed to canTransform argument target_frame - frame does not exist
[controller_server-8] [INFO] [1789636271.888591032] [local_costmap.local_costmap]: Timed out waiting for transform from base_footprint to odom to become available, tf error: Invalid frame ID "odom" passed to canTransform argument target_frame - frame does not exist
[controller_server-8] [INFO] [1789636272.388800467] [local_costmap.local_costmap]: Timed out waiting for transform from base_footprint to odom to become available, tf error: Invalid frame ID "odom" passed to canTransform argument target_frame - frame does not exist
[controller_server-8] [INFO] [1789636272.888932012] [local_costmap.local_costmap]: Timed out waiting for transform from base_footprint to odom to become available, tf error: Invalid frame ID "odom" passed to canTransform argument target_frame - frame does not exist
[controller_server-8] [INFO] [1789636273.389189009] [local_costmap.local_costmap]: Timed out waiting for transform from base_footprint to odom to become available, tf error: Invalid frame ID "odom" passed to canTransform argument target_frame - frame does not exist
[controller_server-8] [INFO] [1789636273.889059569] [local_costmap.local_costmap]: Timed out waiting for transform from base_footprint to odom to become available, tf error: Invalid frame ID "odom" passed to canTransform argument target_frame - frame does not exist
[controller_server-8] [INFO] [1789636274.391205538] [local_costmap.local_costmap]: Timed out waiting for transform from base_footprint to odom to become available, tf error: Invalid frame ID "odom" passed to canTransform argument target_frame - frame does not exist
[controller_server-8] [INFO] [1789636274.888684082] [local_costmap.local_costmap]: Timed out waiting for transform from base_footprint to odom to become available, tf error: Invalid frame ID "odom" passed to canTransform argument target_frame - frame does not exist
[controller_server-8] [INFO] [1789636275.389141227] [local_costmap.local_costmap]: Timed out waiting for transform from base_footprint to odom to become available, tf error: Invalid frame ID "odom" passed to canTransform argument target_frame - frame does not exist
[controller_server-8] [INFO] [1789636275.889790096] [local_costmap.local_costmap]: Timed out waiting for transform from base_footprint to odom to become available, tf error: Invalid frame ID "odom" passed to canTransform argument target_frame - frame does not exist
[controller_server-8] [INFO] [1789636276.388822995] [local_costmap.local_costmap]: Timed out waiting for transform from base_footprint to odom to become available, tf error: Invalid frame ID "odom" passed to canTransform argument target_frame - frame does not exist
[controller_server-8] [INFO] [1789636276.888893141] [local_costmap.local_costmap]: Timed out waiting for transform from base_footprint to odom to become available, tf error: Invalid frame ID "odom" passed to canTransform argument target_frame - frame does not exist
[controller_server-8] [INFO] [1789636277.389533774] [local_costmap.local_costmap]: Timed out waiting for transform from base_footprint to odom to become available, tf error: Invalid frame ID "odom" passed to canTransform argument target_frame - frame does not exist
[controller_server-8] [INFO] [1789636277.894993635] [local_costmap.local_costmap]: Timed out waiting for transform from base_footprint to odom to become available, tf error: Invalid frame ID "odom" passed to canTransform argument target_frame - frame does not exist
[controller_server-8] [INFO] [1789636278.388736859] [local_costmap.local_costmap]: Timed out waiting for transform from base_footprint to odom to become available, tf error: Invalid frame ID "odom" passed to canTransform argument target_frame - frame does not exist
[controller_server-8] [INFO] [1789636278.888928483] [local_costmap.local_costmap]: Timed out waiting for transform from base_footprint to odom to become available, tf error: Invalid frame ID "odom" passed to canTransform argument target_frame - frame does not exist
[controller_server-8] [INFO] [1789636279.390619265] [local_costmap.local_costmap]: Timed out waiting for transform from base_footprint to odom to become available, tf error: Invalid frame ID "odom" passed to canTransform argument target_frame - frame does not exist
[controller_server-8] [INFO] [1789636279.889040971] [local_costmap.local_costmap]: Timed out waiting for transform from base_footprint to odom to become available, tf error: Invalid frame ID "odom" passed to canTransform argument target_frame - frame does not exist
[controller_server-8] [INFO] [1789636280.390156943] [local_costmap.local_costmap]: Timed out waiting for transform from base_footprint to odom to become available, tf error: Invalid frame ID "odom" passed to canTransform argument target_frame - frame does not exist
[controller_server-8] [INFO] [1789636280.889530406] [local_costmap.local_costmap]: Timed out waiting for transform from base_footprint to odom to become available, tf error: Invalid frame ID "odom" passed to canTransform argument target_frame - frame does not exist
[spawn_entity.py-3] [INFO] [1789636281.336525073] [spawn_swerve]: Spawn status: SpawnEntity: Successfully spawned entity [swerve_base]
[controller_server-8] [INFO] [1789636281.388674876] [local_costmap.local_costmap]: Timed out waiting for transform from base_footprint to odom to become available, tf error: Invalid frame ID "odom" passed to canTransform argument target_frame - frame does not exist
[gzserver-1] [INFO] [1789636281.487644962] [gazebo_ros2_control]: Loading gazebo_ros2_control plugin
[gzserver-1] [INFO] [1789636281.553912438] [gazebo_ros2_control]: Starting gazebo_ros2_control plugin in namespace: /
[gzserver-1] [INFO] [1789636281.554634150] [gazebo_ros2_control]: Starting gazebo_ros2_control plugin in ros 2 node: gazebo_ros2_control
[gzserver-1] [INFO] [1789636281.627260843] [gazebo_ros2_control]: connected to service!! robot_state_publisher
[gzserver-1] [INFO] [1789636281.643802575] [gazebo_ros2_control]: Received urdf from param server, parsing...
[gzserver-1] [INFO] [1789636281.643953938] [gazebo_ros2_control]: Loading parameter files /home/yahboom/swerve_bringup/install/swerve_bringup/share/swerve_bringup/config/controllers.yaml
[INFO] [spawn_entity.py-3]: process has finished cleanly [pid 158489]
[INFO] [spawner-15]: process started with pid [159055]
[gzserver-1] [INFO] [1789636281.694534977] [gazebo_ros2_control]: Loading joint: steer_front_joint
[gzserver-1] [INFO] [1789636281.694626808] [gazebo_ros2_control]: 	State:
[gzserver-1] [INFO] [1789636281.694646770] [gazebo_ros2_control]: 		 position
[gzserver-1] [INFO] [1789636281.694660082] [gazebo_ros2_control]: 		 velocity
[gzserver-1] [INFO] [1789636281.694670503] [gazebo_ros2_control]: 	Command:
[gzserver-1] [INFO] [1789636281.694680250] [gazebo_ros2_control]: 		 position
[gzserver-1] [INFO] [1789636281.704050867] [gazebo_ros2_control]: Loading joint: steer_rear_joint
[gzserver-1] [INFO] [1789636281.704109430] [gazebo_ros2_control]: 	State:
[gzserver-1] [INFO] [1789636281.704122704] [gazebo_ros2_control]: 		 position
[gzserver-1] [INFO] [1789636281.704135039] [gazebo_ros2_control]: 		 velocity
[gzserver-1] [INFO] [1789636281.704145347] [gazebo_ros2_control]: 	Command:
[gzserver-1] [INFO] [1789636281.704154822] [gazebo_ros2_control]: 		 position
[gzserver-1] [INFO] [1789636281.711277856] [gazebo_ros2_control]: Loading joint: wheel_front_drive_joint
[gzserver-1] [INFO] [1789636281.711575209] [gazebo_ros2_control]: 	State:
[gzserver-1] [INFO] [1789636281.711600878] [gazebo_ros2_control]: 		 position
[gzserver-1] [INFO] [1789636281.711614086] [gazebo_ros2_control]: 		 velocity
[gzserver-1] [INFO] [1789636281.711624319] [gazebo_ros2_control]: 	Command:
[gzserver-1] [INFO] [1789636281.711648027] [gazebo_ros2_control]: 		 velocity
[gzserver-1] [INFO] [1789636281.721978535] [gazebo_ros2_control]: Loading joint: wheel_rear_drive_joint
[gzserver-1] [INFO] [1789636281.722051381] [gazebo_ros2_control]: 	State:
[gzserver-1] [INFO] [1789636281.722064426] [gazebo_ros2_control]: 		 position
[gzserver-1] [INFO] [1789636281.722074879] [gazebo_ros2_control]: 		 velocity
[gzserver-1] [INFO] [1789636281.722083711] [gazebo_ros2_control]: 	Command:
[gzserver-1] [INFO] [1789636281.722112800] [gazebo_ros2_control]: 		 velocity
[gzserver-1] [INFO] [1789636281.729274454] [resource_manager]: Initialize hardware 'GazeboSystem' 
[gzserver-1] [INFO] [1789636281.729630867] [resource_manager]: Successful initialization of hardware 'GazeboSystem'
[gzserver-1] [INFO] [1789636281.729792539] [resource_manager]: 'configure' hardware 'GazeboSystem' 
[gzserver-1] [INFO] [1789636281.729809542] [resource_manager]: Successful 'configure' of hardware 'GazeboSystem'
[gzserver-1] [INFO] [1789636281.729818919] [resource_manager]: 'activate' hardware 'GazeboSystem' 
[gzserver-1] [INFO] [1789636281.729826006] [resource_manager]: Successful 'activate' of hardware 'GazeboSystem'
[gzserver-1] [INFO] [1789636281.730569672] [gazebo_ros2_control]: Loading controller_manager
[controller_server-8] [INFO] [1789636281.890974820] [local_costmap.local_costmap]: Timed out waiting for transform from base_footprint to odom to become available, tf error: Invalid frame ID "odom" passed to canTransform argument target_frame - frame does not exist
[gzserver-1] [WARN] [1789636282.014120337] [gazebo_ros2_control]:  Desired controller update period (0.01 s) is slower than the gazebo simulation period (0.001 s).
[gzserver-1] [INFO] [1789636282.014532452] [gazebo_ros2_control]: Loaded gazebo_ros2_control.
[controller_server-8] [INFO] [1789636282.393229408] [local_costmap.local_costmap]: start
[controller_server-8] [INFO] [1789636282.561935259] [controller_server]: Creating bond (controller_server) to lifecycle manager.
[lifecycle_manager-13] [INFO] [1789636282.798497082] [lifecycle_manager_navigation]: Server controller_server connected with bond.
[lifecycle_manager-13] [INFO] [1789636282.798580473] [lifecycle_manager_navigation]: [34m[1mActivating planner_server[0m[0m
[planner_server-9] [INFO] [1789636282.799919371] [planner_server]: Activating
[planner_server-9] [INFO] [1789636282.800003929] [global_costmap.global_costmap]: Activating
[planner_server-9] [INFO] [1789636282.800038204] [global_costmap.global_costmap]: Checking transform
[planner_server-9] [INFO] [1789636282.800077085] [global_costmap.global_costmap]: Timed out waiting for transform from base_footprint to map to become available, tf error: Invalid frame ID "map" passed to canTransform argument target_frame - frame does not exist
[planner_server-9] [INFO] [1789636283.301139523] [global_costmap.global_costmap]: start
[gzserver-1] [INFO] [1789636283.659696502] [controller_manager]: Loading controller 'joint_state_broadcaster'
[planner_server-9] [INFO] [1789636283.866244787] [planner_server]: Activating plugin GridBased of type NavfnPlanner
[planner_server-9] [INFO] [1789636283.878323497] [planner_server]: Creating bond (planner_server) to lifecycle manager.
[spawner-15] [INFO] [1789636283.925033813] [spawn_joint_state_broadcaster]: [94mLoaded [1mjoint_state_broadcaster[0m
[gzserver-1] [INFO] [1789636283.947224828] [controller_manager]: Configuring controller 'joint_state_broadcaster'
[gzserver-1] [INFO] [1789636283.948114779] [joint_state_broadcaster]: 'joints' or 'interfaces' parameter is empty. All available state interfaces will be published
[lifecycle_manager-13] [INFO] [1789636284.014364055] [lifecycle_manager_navigation]: Server planner_server connected with bond.
[lifecycle_manager-13] [INFO] [1789636284.014439617] [lifecycle_manager_navigation]: [34m[1mActivating behavior_server[0m[0m
[behavior_server-10] [INFO] [1789636284.014906490] [behavior_server]: Activating
[behavior_server-10] [INFO] [1789636284.016242078] [behavior_server]: Activating spin
[behavior_server-10] [INFO] [1789636284.016271143] [behavior_server]: Activating backup
[behavior_server-10] [INFO] [1789636284.016282770] [behavior_server]: Activating drive_on_heading
[behavior_server-10] [INFO] [1789636284.016294046] [behavior_server]: Activating wait
[behavior_server-10] [INFO] [1789636284.016309901] [behavior_server]: Creating bond (behavior_server) to lifecycle manager.
[spawner-15] [INFO] [1789636284.045997910] [spawn_joint_state_broadcaster]: [92mConfigured and activated [1mjoint_state_broadcaster[0m
[lifecycle_manager-13] [INFO] [1789636284.143420306] [lifecycle_manager_navigation]: Server behavior_server connected with bond.
[lifecycle_manager-13] [INFO] [1789636284.143502059] [lifecycle_manager_navigation]: [34m[1mActivating bt_navigator[0m[0m
[bt_navigator-11] [INFO] [1789636284.145013866] [bt_navigator]: Activating
[INFO] [spawner-15]: process has finished cleanly [pid 159055]
[INFO] [spawner-16]: process started with pid [159090]
[bt_navigator-11] [INFO] [1789636284.965674431] [bt_navigator]: Creating bond (bt_navigator) to lifecycle manager.
[lifecycle_manager-13] [INFO] [1789636285.084881724] [lifecycle_manager_navigation]: Server bt_navigator connected with bond.
[lifecycle_manager-13] [INFO] [1789636285.084968121] [lifecycle_manager_navigation]: [34m[1mActivating waypoint_follower[0m[0m
[waypoint_follower-12] [INFO] [1789636285.086805508] [waypoint_follower]: Activating
[waypoint_follower-12] [INFO] [1789636285.086869669] [waypoint_follower]: Creating bond (waypoint_follower) to lifecycle manager.
[lifecycle_manager-13] [INFO] [1789636285.218496226] [lifecycle_manager_navigation]: Server waypoint_follower connected with bond.
[lifecycle_manager-13] [INFO] [1789636285.218543299] [lifecycle_manager_navigation]: [34m[1mManaged nodes are active[0m[0m
[lifecycle_manager-13] [INFO] [1789636285.218550500] [lifecycle_manager_navigation]: [34m[1mCreating bond timer...[0m[0m
[spawner-16] [INFO] [1789636286.194012057] [spawn_steering_controller]: waiting for service /controller_manager/list_controllers to become available...
[gzserver-1] [INFO] [1789636286.461567639] [controller_manager]: Loading controller 'steering_controller'
[spawner-16] [INFO] [1789636287.080230094] [spawn_steering_controller]: [94mLoaded [1msteering_controller[0m
[gzserver-1] [INFO] [1789636287.101507054] [controller_manager]: Configuring controller 'steering_controller'
[gzserver-1] [INFO] [1789636287.114573780] [steering_controller]: configure successful
[gzserver-1] [INFO] [1789636287.233759924] [steering_controller]: activate successful
[spawner-16] [INFO] [1789636287.600670682] [spawn_steering_controller]: [92mConfigured and activated [1msteering_controller[0m
[INFO] [spawner-16]: process has finished cleanly [pid 159090]
[INFO] [spawner-17]: process started with pid [159171]
[gzserver-1] [INFO] [1789636289.166799289] [controller_manager]: Loading controller 'drive_controller'
[spawner-17] [INFO] [1789636289.480597052] [spawn_drive_controller]: [94mLoaded [1mdrive_controller[0m
[gzserver-1] [INFO] [1789636289.488108019] [controller_manager]: Configuring controller 'drive_controller'
[gzserver-1] [INFO] [1789636289.488989946] [drive_controller]: configure successful
[gzserver-1] [INFO] [1789636289.523288386] [drive_controller]: activate successful
[spawner-17] [INFO] [1789636289.540341509] [spawn_drive_controller]: [92mConfigured and activated [1mdrive_controller[0m
[INFO] [spawner-17]: process has finished cleanly [pid 159171]
[INFO] [swerve_controller_node-18]: process started with pid [159183]
[INFO] [swerve_odometry_node-19]: process started with pid [159185]
[swerve_controller_node-18] [INFO] [1789636291.552664976] [swerve_controller]: Swerve controller ready: radius=0.0675 m, modules={'front': (0.300042, 0.0), 'rear': (-0.300042, 0.0)}
[swerve_odometry_node-19] [INFO] [1789636291.834762316] [swerve_odometry]: Encoder odometry ready: radius=0.0637 m, velocity_sign=+1.0
[lifecycle_manager-13] [INFO] [1789636304.662596154] [rclcpp]: signal_handler(signum=2)
[lifecycle_manager-13] [INFO] [1789636304.663836149] [lifecycle_manager_navigation]: Running Nav2 LifecycleManager rcl preshutdown (lifecycle_manager_navigation)
[lifecycle_manager-13] [INFO] [1789636304.663938989] [lifecycle_manager_navigation]: [34m[1mTerminating bond timer...[0m[0m
[ekf_node-6] [INFO] [1789636304.664183636] [rclcpp]: signal_handler(signum=2)
[planner_server-9] [INFO] [1789636304.664247456] [rclcpp]: signal_handler(signum=2)
[planner_server-9] [INFO] [1789636304.664426593] [planner_server]: Running Nav2 LifecycleNode rcl preshutdown (planner_server)
[planner_server-9] [INFO] [1789636304.664518446] [planner_server]: Deactivating
[planner_server-9] [INFO] [1789636304.664567504] [global_costmap.global_costmap]: Deactivating
[WARNING] [launch]: user interrupted with ctrl-c (SIGINT)
[map_server-7] [INFO] [1789636304.664255901] [rclcpp]: signal_handler(signum=2)
[map_server-7] [INFO] [1789636304.664974968] [map_server]: Running Nav2 LifecycleNode rcl preshutdown (map_server)
[map_server-7] [INFO] [1789636304.665100347] [map_server]: Deactivating
[map_server-7] [INFO] [1789636304.665130299] [map_server]: Destroying bond (map_server) to lifecycle manager.
[behavior_server-10] [INFO] [1789636304.666175166] [rclcpp]: signal_handler(signum=2)
[behavior_server-10] [INFO] [1789636304.666804676] [behavior_server]: Running Nav2 LifecycleNode rcl preshutdown (behavior_server)
[behavior_server-10] [INFO] [1789636304.666881650] [behavior_server]: Deactivating
[behavior_server-10] [INFO] [1789636304.666921027] [behavior_server]: Destroying bond (behavior_server) to lifecycle manager.
[bt_navigator-11] [INFO] [1789636304.664247904] [rclcpp]: signal_handler(signum=2)
[bt_navigator-11] [INFO] [1789636304.666470170] [bt_navigator]: Running Nav2 LifecycleNode rcl preshutdown (bt_navigator)
[bt_navigator-11] [INFO] [1789636304.666562796] [bt_navigator]: Deactivating
[bt_navigator-11] [INFO] [1789636304.666601638] [bt_navigator]: Destroying bond (bt_navigator) to lifecycle manager.
[ekf_node-4] [INFO] [1789636304.666593649] [rclcpp]: signal_handler(signum=2)
[controller_server-8] [INFO] [1789636304.667133050] [rclcpp]: signal_handler(signum=2)
[controller_server-8] [INFO] [1789636304.667786700] [controller_server]: Running Nav2 LifecycleNode rcl preshutdown (controller_server)
[controller_server-8] [INFO] [1789636304.667893875] [controller_server]: Deactivating
[controller_server-8] [INFO] [1789636304.668016494] [local_costmap.local_costmap]: Deactivating
[robot_state_publisher-2] [INFO] [1789636304.668308934] [rclcpp]: signal_handler(signum=2)
[waypoint_follower-12] [INFO] [1789636304.668925594] [rclcpp]: signal_handler(signum=2)
[waypoint_follower-12] [INFO] [1789636304.669787956] [waypoint_follower]: Running Nav2 LifecycleNode rcl preshutdown (waypoint_follower)
[waypoint_follower-12] [INFO] [1789636304.669877920] [waypoint_follower]: Deactivating
[waypoint_follower-12] [INFO] [1789636304.669908574] [waypoint_follower]: Destroying bond (waypoint_follower) to lifecycle manager.
[INFO] [swerve_odometry_node-19]: sending signal 'SIGINT' to process[swerve_odometry_node-19]
[INFO] [swerve_controller_node-18]: sending signal 'SIGINT' to process[swerve_controller_node-18]
[INFO] [lifecycle_manager-13]: sending signal 'SIGINT' to process[lifecycle_manager-13]
[INFO] [waypoint_follower-12]: sending signal 'SIGINT' to process[waypoint_follower-12]
[INFO] [bt_navigator-11]: sending signal 'SIGINT' to process[bt_navigator-11]
[INFO] [behavior_server-10]: sending signal 'SIGINT' to process[behavior_server-10]
[INFO] [planner_server-9]: sending signal 'SIGINT' to process[planner_server-9]
[INFO] [controller_server-8]: sending signal 'SIGINT' to process[controller_server-8]
[INFO] [map_server-7]: sending signal 'SIGINT' to process[map_server-7]
[INFO] [ekf_node-6]: sending signal 'SIGINT' to process[ekf_node-6]
[INFO] [v30e_sim_node-5]: sending signal 'SIGINT' to process[v30e_sim_node-5]
[INFO] [ekf_node-4]: sending signal 'SIGINT' to process[ekf_node-4]
[INFO] [robot_state_publisher-2]: sending signal 'SIGINT' to process[robot_state_publisher-2]
[INFO] [gzserver-1]: sending signal 'SIGINT' to process[gzserver-1]
[ERROR] [ekf_node-4]: process has died [pid 158500, exit code -2, cmd '/opt/ros/humble/lib/robot_localization/ekf_node --ros-args -r __node:=ekf_filter_node --params-file /home/yahboom/swerve_bringup/install/swerve_bringup/share/swerve_bringup/config/ekf.yaml --params-file /tmp/launch_params_vd1rreyi -r /odom:=/odom -r /imu/data:=/imu/data'].
[ERROR] [map_server-7]: process has died [pid 158506, exit code -2, cmd '/home/yahboom/cartoros2/install/nav2_map_server/lib/nav2_map_server/map_server --ros-args -r __node:=map_server --params-file /tmp/launch_params_o78zqhld'].
[ERROR] [ekf_node-6]: process has died [pid 158504, exit code -2, cmd '/opt/ros/humble/lib/robot_localization/ekf_node --ros-args -r __node:=ekf_v30e --params-file /home/yahboom/swerve_bringup/install/swerve_bringup/share/swerve_bringup/config/v30e_localization_ekf.yaml --params-file /tmp/launch_params_yfvch6_b -r odometry/filtered:=/odometry/v30e'].
[map_server-7] [INFO] [1789636304.691006124] [map_server]: Cleaning up
[map_server-7] [INFO] [1789636304.691136162] [map_server]: Destroying bond (map_server) to lifecycle manager.
[behavior_server-10] [INFO] [1789636304.718007831] [behavior_server]: Cleaning up
[waypoint_follower-12] [INFO] [1789636304.718007808] [waypoint_follower]: Cleaning up
[swerve_controller_node-18] Traceback (most recent call last):
[swerve_controller_node-18]   File "/home/yahboom/swerve_bringup/install/swerve_bringup/lib/swerve_bringup/swerve_controller_node", line 192, in <module>
[swerve_controller_node-18]     main()
[swerve_controller_node-18]   File "/home/yahboom/swerve_bringup/install/swerve_bringup/lib/swerve_bringup/swerve_controller_node", line 184, in main
[swerve_controller_node-18]     node.steer_pub.publish(Float64MultiArray(data=[
[swerve_controller_node-18]   File "/opt/ros/humble/local/lib/python3.10/dist-packages/rclpy/publisher.py", line 70, in publish
[swerve_controller_node-18]     self.__publisher.publish(msg)
[swerve_controller_node-18] rclpy._rclpy_pybind11.RCLError: Failed to publish: publisher's context is invalid, at ./src/rcl/publisher.c:389
[swerve_controller_node-18] Error in sys.excepthook:
[swerve_controller_node-18] Traceback (most recent call last):
[swerve_controller_node-18]   File "/usr/lib/python3/dist-packages/apport_python_hook.py", line 72, in apport_excepthook
[swerve_controller_node-18]     from apport.fileutils import likely_packaged, get_recent_crashes
[swerve_controller_node-18]   File "/usr/lib/python3/dist-packages/apport/__init__.py", line 5, in <module>
[swerve_controller_node-18]     from apport.report import Report
[swerve_controller_node-18]   File "/usr/lib/python3/dist-packages/apport/report.py", line 21, in <module>
[swerve_controller_node-18]     from urllib.request import urlopen
[swerve_controller_node-18]   File "/usr/lib/python3.10/urllib/request.py", line 88, in <module>
[swerve_controller_node-18]     import http.client
[swerve_controller_node-18]   File "/usr/lib/python3.10/http/client.py", line 71, in <module>
[swerve_controller_node-18]     import email.parser
[swerve_controller_node-18]   File "/usr/lib/python3.10/email/parser.py", line 12, in <module>
[swerve_controller_node-18]     from email.feedparser import FeedParser, BytesFeedParser
[swerve_controller_node-18]   File "/usr/lib/python3.10/email/feedparser.py", line 27, in <module>
[swerve_controller_node-18]     from email._policybase import compat32
[swerve_controller_node-18]   File "/usr/lib/python3.10/email/_policybase.py", line 9, in <module>
[swerve_controller_node-18]     from email.utils import _has_surrogates
[swerve_controller_node-18]   File "/usr/lib/python3.10/email/utils.py", line 33, in <module>
[swerve_controller_node-18]     from email._parseaddr import quote
[swerve_controller_node-18]   File "/usr/lib/python3.10/email/_parseaddr.py", line 16, in <module>
[swerve_controller_node-18]     import time, calendar
[swerve_controller_node-18]   File "/usr/lib/python3.10/calendar.py", line 10, in <module>
[swerve_controller_node-18]     import locale as _locale
[swerve_controller_node-18]   File "<frozen importlib._bootstrap>", line 1027, in _find_and_load
[swerve_controller_node-18]   File "<frozen importlib._bootstrap>", line 1006, in _find_and_load_unlocked
[swerve_controller_node-18]   File "<frozen importlib._bootstrap>", line 688, in _load_unlocked
[swerve_controller_node-18]   File "<frozen importlib._bootstrap_external>", line 879, in exec_module
[swerve_controller_node-18]   File "<frozen importlib._bootstrap_external>", line 1012, in get_code
[swerve_controller_node-18]   File "<frozen importlib._bootstrap_external>", line 672, in _compile_bytecode
[swerve_controller_node-18] KeyboardInterrupt
[swerve_controller_node-18] 
[swerve_controller_node-18] Original exception was:
[swerve_controller_node-18] Traceback (most recent call last):
[swerve_controller_node-18]   File "/home/yahboom/swerve_bringup/install/swerve_bringup/lib/swerve_bringup/swerve_controller_node", line 192, in <module>
[swerve_controller_node-18]     main()
[swerve_controller_node-18]   File "/home/yahboom/swerve_bringup/install/swerve_bringup/lib/swerve_bringup/swerve_controller_node", line 184, in main
[swerve_controller_node-18]     node.steer_pub.publish(Float64MultiArray(data=[
[swerve_controller_node-18]   File "/opt/ros/humble/local/lib/python3.10/dist-packages/rclpy/publisher.py", line 70, in publish
[swerve_controller_node-18]     self.__publisher.publish(msg)
[swerve_controller_node-18] rclpy._rclpy_pybind11.RCLError: Failed to publish: publisher's context is invalid, at ./src/rcl/publisher.c:389
[swerve_odometry_node-19] Traceback (most recent call last):
[swerve_odometry_node-19]   File "/home/yahboom/swerve_bringup/install/swerve_bringup/lib/swerve_bringup/swerve_odometry_node", line 221, in <module>
[swerve_odometry_node-19]     main()
[swerve_odometry_node-19]   File "/home/yahboom/swerve_bringup/install/swerve_bringup/lib/swerve_bringup/swerve_odometry_node", line 215, in main
[swerve_odometry_node-19]     node.destroy_node()
[swerve_odometry_node-19]   File "/opt/ros/humble/local/lib/python3.10/dist-packages/rclpy/node.py", line 1685, in destroy_node
[swerve_odometry_node-19]     self.destroy_publisher(self._publishers[0])
[swerve_odometry_node-19]   File "/opt/ros/humble/local/lib/python3.10/dist-packages/rclpy/node.py", line 1565, in destroy_publisher
[swerve_odometry_node-19]     publisher.destroy()
[swerve_odometry_node-19]   File "/opt/ros/humble/local/lib/python3.10/dist-packages/rclpy/publisher.py", line 99, in destroy
[swerve_odometry_node-19]     self.__publisher.destroy_when_not_in_use()
[swerve_odometry_node-19] KeyboardInterrupt
[bt_navigator-11] [INFO] [1789636304.740071660] [bt_navigator]: Cleaning up
[lifecycle_manager-13] [INFO] [1789636304.746659634] [rclcpp]: signal_handler(signum=2)
[waypoint_follower-12] [INFO] [1789636304.757189127] [rclcpp]: signal_handler(signum=2)
[bt_navigator-11] [INFO] [1789636304.766590961] [rclcpp]: signal_handler(signum=2)
[controller_server-8] [INFO] [1789636304.773191997] [controller_server]: Destroying bond (controller_server) to lifecycle manager.
[behavior_server-10] [INFO] [1789636304.777040047] [rclcpp]: signal_handler(signum=2)
[controller_server-8] [INFO] [1789636304.786601729] [controller_server]: Cleaning up
[controller_server-8] [INFO] [1789636304.786833727] [local_costmap.local_costmap]: Cleaning up
[planner_server-9] [INFO] [1789636304.796183742] [rclcpp]: signal_handler(signum=2)
[planner_server-9] [INFO] [1789636304.804780316] [planner_server]: Deactivating plugin GridBased of type NavfnPlanner
[planner_server-9] [INFO] [1789636304.804842378] [planner_server]: Destroying bond (planner_server) to lifecycle manager.
[controller_server-8] [INFO] [1789636304.815082179] [rclcpp]: signal_handler(signum=2)
[map_server-7] [INFO] [1789636304.827268783] [map_server]: Destroying
[planner_server-9] [INFO] [1789636304.867969257] [planner_server]: Cleaning up
[v30e_sim_node-5] Traceback (most recent call last):
[v30e_sim_node-5]   File "/home/yahboom/swerve_bringup/install/swerve_bringup/lib/swerve_bringup/v30e_sim_node", line 188, in <module>
[v30e_sim_node-5]     if __name__ == '__main__': main()
[v30e_sim_node-5]   File "/home/yahboom/swerve_bringup/install/swerve_bringup/lib/swerve_bringup/v30e_sim_node", line 185, in main
[v30e_sim_node-5]     node.destroy_node(); rclpy.shutdown()
[v30e_sim_node-5]   File "/opt/ros/humble/local/lib/python3.10/dist-packages/rclpy/node.py", line 1696, in destroy_node
[v30e_sim_node-5]     self.__node.destroy_when_not_in_use()
[v30e_sim_node-5] KeyboardInterrupt
[ERROR] [robot_state_publisher-2]: process has died [pid 158487, exit code -2, cmd '/opt/ros/humble/lib/robot_state_publisher/robot_state_publisher --ros-args -r __node:=robot_state_publisher --params-file /tmp/launch_params_ydt85y2_'].
[ERROR] [v30e_sim_node-5]: process has died [pid 158502, exit code -2, cmd '/home/yahboom/swerve_bringup/install/swerve_bringup/lib/swerve_bringup/v30e_sim_node --ros-args -r __node:=v30e_sim_node --params-file /home/yahboom/swerve_bringup/install/swerve_bringup/share/swerve_bringup/config/v30e_sim.yaml --params-file /tmp/launch_params_5d0y8i1q'].
[INFO] [gzserver-1]: process has finished cleanly [pid 158485]
[waypoint_follower-12] [INFO] [1789636305.928506797] [waypoint_follower]: Destroying bond (waypoint_follower) to lifecycle manager.
[waypoint_follower-12] [INFO] [1789636305.943459210] [waypoint_follower]: Destroying
[planner_server-9] [INFO] [1789636306.009018948] [global_costmap.global_costmap]: Cleaning up
[behavior_server-10] [INFO] [1789636306.044813952] [behavior_server]: Destroying bond (behavior_server) to lifecycle manager.
[planner_server-9] [INFO] [1789636306.071329436] [planner_server]: Cleaning up plugin GridBased of type NavfnPlanner
[planner_server-9] [INFO] [1789636306.071403247] [planner_server]: Destroying plugin GridBased of type NavfnPlanner
[controller_server-8] [INFO] [1789636306.073039351] [controller_server]: Destroying bond (controller_server) to lifecycle manager.
[behavior_server-10] [INFO] [1789636306.088417474] [behavior_server]: Destroying
[controller_server-8] [INFO] [1789636306.090829140] [local_costmap.local_costmap]: Destroying
[planner_server-9] [INFO] [1789636306.114330208] [planner_server]: Destroying bond (planner_server) to lifecycle manager.
[lifecycle_manager-13] [INFO] [1789636306.118907255] [lifecycle_manager_navigation]: Destroying lifecycle_manager_navigation
[ERROR] [swerve_controller_node-18]: process has died [pid 159183, exit code 1, cmd '/home/yahboom/swerve_bringup/install/swerve_bringup/lib/swerve_bringup/swerve_controller_node --ros-args -r __node:=swerve_controller --params-file /home/yahboom/swerve_bringup/install/swerve_bringup/share/swerve_bringup/config/swerve_controller.yaml --params-file /tmp/launch_params_4nm0uy_a'].
[controller_server-8] [INFO] [1789636306.148444068] [controller_server]: Destroying
[planner_server-9] [INFO] [1789636306.161568487] [global_costmap.global_costmap]: Destroying
[INFO] [waypoint_follower-12]: process has finished cleanly [pid 158536]
[planner_server-9] [INFO] [1789636306.172112987] [planner_server]: Destroying
[bt_navigator-11] [INFO] [1789636306.222961962] [bt_navigator]: Completed Cleaning up
[bt_navigator-11] [INFO] [1789636306.223067549] [bt_navigator]: Destroying bond (bt_navigator) to lifecycle manager.
[bt_navigator-11] [INFO] [1789636306.230755994] [bt_navigator]: Destroying
[INFO] [lifecycle_manager-13]: process has finished cleanly [pid 158546]
[INFO] [behavior_server-10]: process has finished cleanly [pid 158523]
[INFO] [controller_server-8]: process has finished cleanly [pid 158508]
[INFO] [planner_server-9]: process has finished cleanly [pid 158511]
[INFO] [bt_navigator-11]: process has finished cleanly [pid 158531]
[ERROR] [swerve_odometry_node-19]: process has died [pid 159185, exit code -2, cmd '/home/yahboom/swerve_bringup/install/swerve_bringup/lib/swerve_bringup/swerve_odometry_node --ros-args -r __node:=swerve_odometry --params-file /home/yahboom/swerve_bringup/install/swerve_bringup/share/swerve_bringup/config/swerve_odometry.yaml --params-file /tmp/launch_params_9w8ka9fk'].
