[INFO] [launch]: All log files can be found below /home/yahboom/.ros/log/2026-09-17-16-50-06-425849-yahboom-virtual-machine-151018
[INFO] [launch]: Default logging verbosity is set to INFO
[INFO] [gzserver-1]: process started with pid [151070]
[INFO] [robot_state_publisher-2]: process started with pid [151072]
[INFO] [spawn_entity.py-3]: process started with pid [151074]
[INFO] [ekf_node-4]: process started with pid [151076]
[INFO] [v30e_sim_node-5]: process started with pid [151078]
[INFO] [ekf_node-6]: process started with pid [151080]
[INFO] [map_server-7]: process started with pid [151082]
[INFO] [controller_server-8]: process started with pid [151085]
[INFO] [planner_server-9]: process started with pid [151094]
[INFO] [behavior_server-10]: process started with pid [151097]
[INFO] [bt_navigator-11]: process started with pid [151106]
[INFO] [waypoint_follower-12]: process started with pid [151112]
[INFO] [lifecycle_manager-13]: process started with pid [151119]
[INFO] [swerve_bridge_node-14]: process started with pid [151139]
[behavior_server-10] [INFO] [1789635009.574286407] [behavior_server]: 
[behavior_server-10] 	behavior_server lifecycle node launched. 
[behavior_server-10] 	Waiting on external lifecycle transitions to activate
[behavior_server-10] 	See https://design.ros2.org/articles/node_lifecycle.html for more information.
[robot_state_publisher-2] [INFO] [1789635009.613983867] [robot_state_publisher]: got segment base_footprint
[robot_state_publisher-2] [INFO] [1789635009.614131073] [robot_state_publisher]: got segment base_link
[robot_state_publisher-2] [INFO] [1789635009.614144311] [robot_state_publisher]: got segment imu_link
[robot_state_publisher-2] [INFO] [1789635009.614152472] [robot_state_publisher]: got segment lidar_link
[robot_state_publisher-2] [INFO] [1789635009.614159612] [robot_state_publisher]: got segment steer_front_link
[robot_state_publisher-2] [INFO] [1789635009.614166792] [robot_state_publisher]: got segment steer_rear_link
[robot_state_publisher-2] [INFO] [1789635009.614173655] [robot_state_publisher]: got segment v30e_link
[robot_state_publisher-2] [INFO] [1789635009.614180109] [robot_state_publisher]: got segment wheel_front_drive_link
[robot_state_publisher-2] [INFO] [1789635009.614187103] [robot_state_publisher]: got segment wheel_front_left_link
[robot_state_publisher-2] [INFO] [1789635009.614193761] [robot_state_publisher]: got segment wheel_front_right_link
[robot_state_publisher-2] [INFO] [1789635009.614200229] [robot_state_publisher]: got segment wheel_rear_drive_link
[robot_state_publisher-2] [INFO] [1789635009.614206576] [robot_state_publisher]: got segment wheel_rear_left_link
[robot_state_publisher-2] [INFO] [1789635009.614213196] [robot_state_publisher]: got segment wheel_rear_right_link
[lifecycle_manager-13] [INFO] [1789635009.616992495] [lifecycle_manager_navigation]: Creating
[planner_server-9] [INFO] [1789635009.687712248] [planner_server]: 
[planner_server-9] 	planner_server lifecycle node launched. 
[planner_server-9] 	Waiting on external lifecycle transitions to activate
[planner_server-9] 	See https://design.ros2.org/articles/node_lifecycle.html for more information.
[planner_server-9] [INFO] [1789635009.689264001] [planner_server]: Creating
[lifecycle_manager-13] [INFO] [1789635009.785372167] [lifecycle_manager_navigation]: [34m[1mCreating and initializing lifecycle service clients[0m[0m
[map_server-7] [INFO] [1789635009.893370794] [map_server]: 
[map_server-7] 	map_server lifecycle node launched. 
[map_server-7] 	Waiting on external lifecycle transitions to activate
[map_server-7] 	See https://design.ros2.org/articles/node_lifecycle.html for more information.
[map_server-7] [INFO] [1789635009.893560918] [map_server]: Creating
[waypoint_follower-12] [INFO] [1789635009.960673255] [waypoint_follower]: 
[waypoint_follower-12] 	waypoint_follower lifecycle node launched. 
[waypoint_follower-12] 	Waiting on external lifecycle transitions to activate
[waypoint_follower-12] 	See https://design.ros2.org/articles/node_lifecycle.html for more information.
[waypoint_follower-12] [INFO] [1789635009.961300205] [waypoint_follower]: Creating
[controller_server-8] [INFO] [1789635010.023067817] [controller_server]: 
[controller_server-8] 	controller_server lifecycle node launched. 
[controller_server-8] 	Waiting on external lifecycle transitions to activate
[controller_server-8] 	See https://design.ros2.org/articles/node_lifecycle.html for more information.
[controller_server-8] [INFO] [1789635010.036179712] [controller_server]: Creating controller server
[swerve_bridge_node-14] Traceback (most recent call last):
[swerve_bridge_node-14]   File "/home/yahboom/swerve_bringup/install/swerve_bridge/lib/swerve_bridge/swerve_bridge_node", line 33, in <module>
[swerve_bridge_node-14]     sys.exit(load_entry_point('swerve-bridge', 'console_scripts', 'swerve_bridge_node')())
[swerve_bridge_node-14]   File "/home/yahboom/swerve_bringup/install/swerve_bridge/lib/swerve_bridge/swerve_bridge_node", line 22, in importlib_load_entry_point
[swerve_bridge_node-14]     for entry_point in distribution(dist_name).entry_points
[swerve_bridge_node-14]   File "/usr/lib/python3.10/importlib/metadata/__init__.py", line 969, in distribution
[swerve_bridge_node-14]     return Distribution.from_name(distribution_name)
[swerve_bridge_node-14]   File "/usr/lib/python3.10/importlib/metadata/__init__.py", line 548, in from_name
[swerve_bridge_node-14]     raise PackageNotFoundError(name)
[swerve_bridge_node-14] importlib.metadata.PackageNotFoundError: No package metadata was found for swerve-bridge
[bt_navigator-11] [INFO] [1789635010.053253745] [bt_navigator]: 
[bt_navigator-11] 	bt_navigator lifecycle node launched. 
[bt_navigator-11] 	Waiting on external lifecycle transitions to activate
[bt_navigator-11] 	See https://design.ros2.org/articles/node_lifecycle.html for more information.
[bt_navigator-11] [INFO] [1789635010.053445671] [bt_navigator]: Creating
[ERROR] [swerve_bridge_node-14]: process has died [pid 151139, exit code 1, cmd '/home/yahboom/swerve_bringup/install/swerve_bridge/lib/swerve_bridge/swerve_bridge_node --ros-args -r __node:=swerve_bridge --params-file /home/yahboom/swerve_bringup/install/swerve_bridge/share/swerve_bridge/config/bridge.yaml --params-file /tmp/launch_params_u4r1g_zf'].
[planner_server-9] [INFO] [1789635010.175783722] [global_costmap.global_costmap]: 
[planner_server-9] 	global_costmap lifecycle node launched. 
[planner_server-9] 	Waiting on external lifecycle transitions to activate
[planner_server-9] 	See https://design.ros2.org/articles/node_lifecycle.html for more information.
[planner_server-9] [INFO] [1789635010.178859812] [global_costmap.global_costmap]: Creating Costmap
[controller_server-8] [INFO] [1789635010.294389814] [local_costmap.local_costmap]: 
[controller_server-8] 	local_costmap lifecycle node launched. 
[controller_server-8] 	Waiting on external lifecycle transitions to activate
[controller_server-8] 	See https://design.ros2.org/articles/node_lifecycle.html for more information.
[controller_server-8] [INFO] [1789635010.294924393] [local_costmap.local_costmap]: Creating Costmap
[lifecycle_manager-13] [INFO] [1789635010.599941058] [lifecycle_manager_navigation]: [34m[1mStarting managed nodes bringup...[0m[0m
[lifecycle_manager-13] [INFO] [1789635010.602434897] [lifecycle_manager_navigation]: [34m[1mConfiguring map_server[0m[0m
[map_server-7] [INFO] [1789635010.605912522] [map_server]: Configuring
[map_server-7] [INFO] [1789635010.606020903] [map_io]: Loading yaml file: /home/yahboom/swerve_bringup/install/swerve_bringup/share/swerve_bringup/swerve_navigation/maps/warehouse.yaml
[map_server-7] [INFO] [1789635010.606376258] [map_io]: resolution: 0.05
[map_server-7] [INFO] [1789635010.606392714] [map_io]: origin[0]: -17.2
[map_server-7] [INFO] [1789635010.606398911] [map_io]: origin[1]: -17.4
[map_server-7] [INFO] [1789635010.606404429] [map_io]: origin[2]: 0
[map_server-7] [INFO] [1789635010.606410213] [map_io]: free_thresh: 0.25
[map_server-7] [INFO] [1789635010.606415773] [map_io]: occupied_thresh: 0.65
[map_server-7] [INFO] [1789635010.606421577] [map_io]: mode: trinary
[map_server-7] [INFO] [1789635010.606427777] [map_io]: negate: 0
[map_server-7] [INFO] [1789635010.606687787] [map_io]: Loading image_file: /home/yahboom/swerve_bringup/install/swerve_bringup/share/swerve_bringup/swerve_navigation/maps/warehouse.pgm
[map_server-7] [INFO] [1789635010.758690855] [map_io]: Read map /home/yahboom/swerve_bringup/install/swerve_bringup/share/swerve_bringup/swerve_navigation/maps/warehouse.pgm: 676 X 680 map @ 0.05 m/cell
[lifecycle_manager-13] [INFO] [1789635010.857522220] [lifecycle_manager_navigation]: [34m[1mConfiguring controller_server[0m[0m
[controller_server-8] [INFO] [1789635010.865741768] [controller_server]: Configuring controller interface
[controller_server-8] [INFO] [1789635010.877499946] [controller_server]: getting goal checker plugins..
[controller_server-8] [INFO] [1789635010.877653497] [controller_server]: Controller frequency set to 10.0000Hz
[controller_server-8] [INFO] [1789635010.877707096] [local_costmap.local_costmap]: Configuring
[controller_server-8] [INFO] [1789635011.214607783] [local_costmap.local_costmap]: Using plugin "voxel_layer"
[controller_server-8] [INFO] [1789635011.256859589] [local_costmap.local_costmap]: Subscribed to Topics: lidar3d scan
[spawn_entity.py-3] [INFO] [1789635011.360087607] [spawn_swerve]: Spawn Entity started
[spawn_entity.py-3] [INFO] [1789635011.360553093] [spawn_swerve]: Loading entity published on topic robot_description
[spawn_entity.py-3] [INFO] [1789635011.373990995] [spawn_swerve]: Waiting for entity xml on robot_description
[spawn_entity.py-3] [INFO] [1789635011.393613674] [spawn_swerve]: Waiting for service /spawn_entity, timeout = 30
[spawn_entity.py-3] [INFO] [1789635011.394034162] [spawn_swerve]: Waiting for service /spawn_entity
[controller_server-8] [INFO] [1789635011.433608293] [local_costmap.local_costmap]: Initialized plugin "voxel_layer"
[controller_server-8] [INFO] [1789635011.434611077] [local_costmap.local_costmap]: Using plugin "inflation_layer"
[controller_server-8] [INFO] [1789635011.468162385] [local_costmap.local_costmap]: Initialized plugin "inflation_layer"
[controller_server-8] [INFO] [1789635011.573013882] [controller_server]: Created progress_checker : progress_checker of type nav2_controller::SimpleProgressChecker
[controller_server-8] [INFO] [1789635011.584962402] [controller_server]: Created goal checker : general_goal_checker of type nav2_controller::SimpleGoalChecker
[controller_server-8] [INFO] [1789635011.585336761] [controller_server]: Controller Server has general_goal_checker  goal checkers available.
[controller_server-8] [INFO] [1789635011.588423421] [controller_server]: Created controller : FollowPath of type dwb_core::DWBLocalPlanner
[controller_server-8] [INFO] [1789635011.609483602] [controller_server]: Setting transform_tolerance to 0.200000
[v30e_sim_node-5] [INFO] [1789635011.697508686] [v30e_sim_node]: Using Gazebo /get_entity_state internally; odometry is not a V30E measurement input
[controller_server-8] [INFO] [1789635011.715802491] [controller_server]: Using critic "RotateToGoal" (dwb_critics::RotateToGoalCritic)
[controller_server-8] [INFO] [1789635011.715999329] [controller_server]: Critic plugin initialized
[controller_server-8] [INFO] [1789635011.716049401] [controller_server]: Using critic "Oscillation" (dwb_critics::OscillationCritic)
[controller_server-8] [INFO] [1789635011.735687194] [controller_server]: Critic plugin initialized
[controller_server-8] [INFO] [1789635011.739790448] [controller_server]: Using critic "BaseObstacle" (dwb_critics::BaseObstacleCritic)
[controller_server-8] [INFO] [1789635011.742745720] [controller_server]: Critic plugin initialized
[controller_server-8] [INFO] [1789635011.745115137] [controller_server]: Using critic "GoalAlign" (dwb_critics::GoalAlignCritic)
[controller_server-8] [INFO] [1789635011.753503609] [controller_server]: Critic plugin initialized
[controller_server-8] [INFO] [1789635011.753609925] [controller_server]: Using critic "PathAlign" (dwb_critics::PathAlignCritic)
[controller_server-8] [INFO] [1789635011.753794092] [controller_server]: Critic plugin initialized
[controller_server-8] [INFO] [1789635011.753830161] [controller_server]: Using critic "PathDist" (dwb_critics::PathDistCritic)
[controller_server-8] [INFO] [1789635011.753993997] [controller_server]: Critic plugin initialized
[controller_server-8] [INFO] [1789635011.754040742] [controller_server]: Using critic "GoalDist" (dwb_critics::GoalDistCritic)
[controller_server-8] [INFO] [1789635011.754201164] [controller_server]: Critic plugin initialized
[controller_server-8] [INFO] [1789635011.754214826] [controller_server]: Controller Server has FollowPath  controllers available.
[lifecycle_manager-13] [INFO] [1789635011.815240170] [lifecycle_manager_navigation]: [34m[1mConfiguring planner_server[0m[0m
[planner_server-9] [INFO] [1789635011.816569328] [planner_server]: Configuring
[planner_server-9] [INFO] [1789635011.816641159] [global_costmap.global_costmap]: Configuring
[planner_server-9] [INFO] [1789635011.853539267] [global_costmap.global_costmap]: Using plugin "static_layer"
[planner_server-9] [INFO] [1789635011.882652017] [global_costmap.global_costmap]: Subscribing to the map topic (/map) with transient local durability
[planner_server-9] [INFO] [1789635011.889400412] [global_costmap.global_costmap]: Initialized plugin "static_layer"
[planner_server-9] [INFO] [1789635011.889438470] [global_costmap.global_costmap]: Using plugin "obstacle_layer"
[planner_server-9] [INFO] [1789635011.890847857] [global_costmap.global_costmap]: Subscribed to Topics: scan
[planner_server-9] [INFO] [1789635011.904561578] [global_costmap.global_costmap]: Initialized plugin "obstacle_layer"
[planner_server-9] [INFO] [1789635011.904634059] [global_costmap.global_costmap]: Using plugin "inflation_layer"
[planner_server-9] [INFO] [1789635011.914413395] [global_costmap.global_costmap]: Initialized plugin "inflation_layer"
[planner_server-9] [INFO] [1789635011.996946241] [planner_server]: Created global planner plugin GridBased of type nav2_navfn_planner/NavfnPlanner
[planner_server-9] [INFO] [1789635011.997020558] [planner_server]: Configuring plugin GridBased of type NavfnPlanner
[planner_server-9] [INFO] [1789635011.997398732] [planner_server]: Planner Server has GridBased  planners available.
[lifecycle_manager-13] [INFO] [1789635012.081568512] [lifecycle_manager_navigation]: [34m[1mConfiguring behavior_server[0m[0m
[behavior_server-10] [INFO] [1789635012.082400298] [behavior_server]: Configuring
[behavior_server-10] [INFO] [1789635012.155254713] [behavior_server]: Creating behavior plugin spin of type nav2_behaviors/Spin
[behavior_server-10] [INFO] [1789635012.156887111] [behavior_server]: Configuring spin
[behavior_server-10] [INFO] [1789635012.211400333] [behavior_server]: Creating behavior plugin backup of type nav2_behaviors/BackUp
[behavior_server-10] [INFO] [1789635012.214859479] [behavior_server]: Configuring backup
[behavior_server-10] [INFO] [1789635012.261556472] [behavior_server]: Creating behavior plugin drive_on_heading of type nav2_behaviors/DriveOnHeading
[behavior_server-10] [INFO] [1789635012.263621426] [behavior_server]: Configuring drive_on_heading
[behavior_server-10] [INFO] [1789635012.296104676] [behavior_server]: Creating behavior plugin wait of type nav2_behaviors/Wait
[behavior_server-10] [INFO] [1789635012.297306839] [behavior_server]: Configuring wait
[lifecycle_manager-13] [INFO] [1789635012.333210680] [lifecycle_manager_navigation]: [34m[1mConfiguring bt_navigator[0m[0m
[bt_navigator-11] [INFO] [1789635012.333647141] [bt_navigator]: Configuring
[lifecycle_manager-13] [INFO] [1789635012.766903389] [lifecycle_manager_navigation]: [34m[1mConfiguring waypoint_follower[0m[0m
[waypoint_follower-12] [INFO] [1789635012.777357928] [waypoint_follower]: Configuring
[waypoint_follower-12] [INFO] [1789635012.855866277] [waypoint_follower]: Created waypoint_task_executor : wait_at_waypoint of type nav2_waypoint_follower::WaitAtWaypoint
[waypoint_follower-12] [INFO] [1789635012.862421860] [waypoint_follower]: Waypoint pause duration is set to zero, disabling task executor plugin.
[lifecycle_manager-13] [INFO] [1789635012.865147104] [lifecycle_manager_navigation]: [34m[1mActivating map_server[0m[0m
[map_server-7] [INFO] [1789635012.865546318] [map_server]: Activating
[map_server-7] [INFO] [1789635012.868939499] [map_server]: Creating bond (map_server) to lifecycle manager.
[planner_server-9] [INFO] [1789635012.871148458] [global_costmap.global_costmap]: StaticLayer: Resizing costmap to 676 X 680 at 0.050000 m/pix
[lifecycle_manager-13] [INFO] [1789635012.993840816] [lifecycle_manager_navigation]: Server map_server connected with bond.
[lifecycle_manager-13] [INFO] [1789635012.993945333] [lifecycle_manager_navigation]: [34m[1mActivating controller_server[0m[0m
[controller_server-8] [INFO] [1789635012.999739259] [controller_server]: Activating
[controller_server-8] [INFO] [1789635012.999831852] [local_costmap.local_costmap]: Activating
[controller_server-8] [INFO] [1789635012.999853488] [local_costmap.local_costmap]: Checking transform
[controller_server-8] [INFO] [1789635012.999891534] [local_costmap.local_costmap]: Timed out waiting for transform from base_footprint to odom to become available, tf error: Invalid frame ID "odom" passed to canTransform argument target_frame - frame does not exist
[controller_server-8] [INFO] [1789635013.507100703] [local_costmap.local_costmap]: Timed out waiting for transform from base_footprint to odom to become available, tf error: Invalid frame ID "odom" passed to canTransform argument target_frame - frame does not exist
[controller_server-8] [INFO] [1789635014.000593555] [local_costmap.local_costmap]: Timed out waiting for transform from base_footprint to odom to become available, tf error: Invalid frame ID "odom" passed to canTransform argument target_frame - frame does not exist
[controller_server-8] [INFO] [1789635014.501229509] [local_costmap.local_costmap]: Timed out waiting for transform from base_footprint to odom to become available, tf error: Invalid frame ID "odom" passed to canTransform argument target_frame - frame does not exist
[controller_server-8] [INFO] [1789635015.001381557] [local_costmap.local_costmap]: Timed out waiting for transform from base_footprint to odom to become available, tf error: Invalid frame ID "odom" passed to canTransform argument target_frame - frame does not exist
[controller_server-8] [INFO] [1789635015.500271235] [local_costmap.local_costmap]: Timed out waiting for transform from base_footprint to odom to become available, tf error: Invalid frame ID "odom" passed to canTransform argument target_frame - frame does not exist
[controller_server-8] [INFO] [1789635016.000420274] [local_costmap.local_costmap]: Timed out waiting for transform from base_footprint to odom to become available, tf error: Invalid frame ID "odom" passed to canTransform argument target_frame - frame does not exist
[controller_server-8] [INFO] [1789635016.500567977] [local_costmap.local_costmap]: Timed out waiting for transform from base_footprint to odom to become available, tf error: Invalid frame ID "odom" passed to canTransform argument target_frame - frame does not exist
[controller_server-8] [INFO] [1789635017.001066749] [local_costmap.local_costmap]: Timed out waiting for transform from base_footprint to odom to become available, tf error: Invalid frame ID "odom" passed to canTransform argument target_frame - frame does not exist
[spawn_entity.py-3] [INFO] [1789635017.472105092] [spawn_swerve]: Calling service /spawn_entity
[controller_server-8] [INFO] [1789635017.500243334] [local_costmap.local_costmap]: Timed out waiting for transform from base_footprint to odom to become available, tf error: Invalid frame ID "odom" passed to canTransform argument target_frame - frame does not exist
[gzserver-1] [INFO] [1789635017.648977708] [gazebo_ros_state]: Publishing states of gazebo models at [/model_states]
[gzserver-1] [INFO] [1789635017.663204336] [gazebo_ros_state]: Publishing states of gazebo links at [/link_states]
[controller_server-8] [INFO] [1789635018.000151148] [local_costmap.local_costmap]: Timed out waiting for transform from base_footprint to odom to become available, tf error: Invalid frame ID "odom" passed to canTransform argument target_frame - frame does not exist
[gzserver-1] [INFO] [1789635018.038320847] [imu.imu_ros]: <initial_orientation_as_reference> is unset, using default value of false to comply with REP 145 (world as orientation reference)
[controller_server-8] [INFO] [1789635018.504101721] [local_costmap.local_costmap]: Timed out waiting for transform from base_footprint to odom to become available, tf error: Invalid frame ID "odom" passed to canTransform argument target_frame - frame does not exist
[controller_server-8] [INFO] [1789635019.001235217] [local_costmap.local_costmap]: Timed out waiting for transform from base_footprint to odom to become available, tf error: Invalid frame ID "odom" passed to canTransform argument target_frame - frame does not exist
[controller_server-8] [INFO] [1789635019.500939015] [local_costmap.local_costmap]: Timed out waiting for transform from base_footprint to odom to become available, tf error: Invalid frame ID "odom" passed to canTransform argument target_frame - frame does not exist
[controller_server-8] [INFO] [1789635020.001631634] [local_costmap.local_costmap]: Timed out waiting for transform from base_footprint to odom to become available, tf error: Invalid frame ID "odom" passed to canTransform argument target_frame - frame does not exist
[controller_server-8] [INFO] [1789635020.500453001] [local_costmap.local_costmap]: Timed out waiting for transform from base_footprint to odom to become available, tf error: Invalid frame ID "odom" passed to canTransform argument target_frame - frame does not exist
[controller_server-8] [INFO] [1789635020.999970949] [local_costmap.local_costmap]: Timed out waiting for transform from base_footprint to odom to become available, tf error: Invalid frame ID "odom" passed to canTransform argument target_frame - frame does not exist
[controller_server-8] [INFO] [1789635021.500109467] [local_costmap.local_costmap]: Timed out waiting for transform from base_footprint to odom to become available, tf error: Invalid frame ID "odom" passed to canTransform argument target_frame - frame does not exist
[controller_server-8] [INFO] [1789635022.005405397] [local_costmap.local_costmap]: Timed out waiting for transform from base_footprint to odom to become available, tf error: Invalid frame ID "odom" passed to canTransform argument target_frame - frame does not exist
[controller_server-8] [INFO] [1789635022.500771834] [local_costmap.local_costmap]: Timed out waiting for transform from base_footprint to odom to become available, tf error: Invalid frame ID "odom" passed to canTransform argument target_frame - frame does not exist
[controller_server-8] [INFO] [1789635023.001602298] [local_costmap.local_costmap]: Timed out waiting for transform from base_footprint to odom to become available, tf error: Invalid frame ID "odom" passed to canTransform argument target_frame - frame does not exist
[controller_server-8] [INFO] [1789635023.500374702] [local_costmap.local_costmap]: Timed out waiting for transform from base_footprint to odom to become available, tf error: Invalid frame ID "odom" passed to canTransform argument target_frame - frame does not exist
[controller_server-8] [INFO] [1789635024.000227741] [local_costmap.local_costmap]: Timed out waiting for transform from base_footprint to odom to become available, tf error: Invalid frame ID "odom" passed to canTransform argument target_frame - frame does not exist
[controller_server-8] [INFO] [1789635024.500557957] [local_costmap.local_costmap]: Timed out waiting for transform from base_footprint to odom to become available, tf error: Invalid frame ID "odom" passed to canTransform argument target_frame - frame does not exist
[controller_server-8] [INFO] [1789635025.000156857] [local_costmap.local_costmap]: Timed out waiting for transform from base_footprint to odom to become available, tf error: Invalid frame ID "odom" passed to canTransform argument target_frame - frame does not exist
[controller_server-8] [INFO] [1789635025.503731475] [local_costmap.local_costmap]: Timed out waiting for transform from base_footprint to odom to become available, tf error: Invalid frame ID "odom" passed to canTransform argument target_frame - frame does not exist
[controller_server-8] [INFO] [1789635026.000833559] [local_costmap.local_costmap]: Timed out waiting for transform from base_footprint to odom to become available, tf error: Invalid frame ID "odom" passed to canTransform argument target_frame - frame does not exist
[controller_server-8] [INFO] [1789635026.500613304] [local_costmap.local_costmap]: Timed out waiting for transform from base_footprint to odom to become available, tf error: Invalid frame ID "odom" passed to canTransform argument target_frame - frame does not exist
[controller_server-8] [INFO] [1789635027.001227278] [local_costmap.local_costmap]: Timed out waiting for transform from base_footprint to odom to become available, tf error: Invalid frame ID "odom" passed to canTransform argument target_frame - frame does not exist
[controller_server-8] [INFO] [1789635027.501599803] [local_costmap.local_costmap]: Timed out waiting for transform from base_footprint to odom to become available, tf error: Invalid frame ID "odom" passed to canTransform argument target_frame - frame does not exist
[controller_server-8] [INFO] [1789635027.999900467] [local_costmap.local_costmap]: Timed out waiting for transform from base_footprint to odom to become available, tf error: Invalid frame ID "odom" passed to canTransform argument target_frame - frame does not exist
[controller_server-8] [INFO] [1789635028.503041211] [local_costmap.local_costmap]: Timed out waiting for transform from base_footprint to odom to become available, tf error: Invalid frame ID "odom" passed to canTransform argument target_frame - frame does not exist
[controller_server-8] [INFO] [1789635029.001603095] [local_costmap.local_costmap]: Timed out waiting for transform from base_footprint to odom to become available, tf error: Invalid frame ID "odom" passed to canTransform argument target_frame - frame does not exist
[controller_server-8] [INFO] [1789635029.501786314] [local_costmap.local_costmap]: Timed out waiting for transform from base_footprint to odom to become available, tf error: Invalid frame ID "odom" passed to canTransform argument target_frame - frame does not exist
[controller_server-8] [INFO] [1789635030.000166233] [local_costmap.local_costmap]: Timed out waiting for transform from base_footprint to odom to become available, tf error: Invalid frame ID "odom" passed to canTransform argument target_frame - frame does not exist
[controller_server-8] [INFO] [1789635030.500251005] [local_costmap.local_costmap]: Timed out waiting for transform from base_footprint to odom to become available, tf error: Invalid frame ID "odom" passed to canTransform argument target_frame - frame does not exist
[controller_server-8] [INFO] [1789635031.000741021] [local_costmap.local_costmap]: Timed out waiting for transform from base_footprint to odom to become available, tf error: Invalid frame ID "odom" passed to canTransform argument target_frame - frame does not exist
[controller_server-8] [INFO] [1789635031.500111115] [local_costmap.local_costmap]: Timed out waiting for transform from base_footprint to odom to become available, tf error: Invalid frame ID "odom" passed to canTransform argument target_frame - frame does not exist
[controller_server-8] [INFO] [1789635032.000218020] [local_costmap.local_costmap]: Timed out waiting for transform from base_footprint to odom to become available, tf error: Invalid frame ID "odom" passed to canTransform argument target_frame - frame does not exist
[controller_server-8] [INFO] [1789635032.501758777] [local_costmap.local_costmap]: Timed out waiting for transform from base_footprint to odom to become available, tf error: Invalid frame ID "odom" passed to canTransform argument target_frame - frame does not exist
[spawn_entity.py-3] [INFO] [1789635032.898590778] [spawn_swerve]: Spawn status: SpawnEntity: Successfully spawned entity [swerve_base]
[controller_server-8] [INFO] [1789635033.000067158] [local_costmap.local_costmap]: Timed out waiting for transform from base_footprint to odom to become available, tf error: Invalid frame ID "odom" passed to canTransform argument target_frame - frame does not exist
[gzserver-1] [INFO] [1789635033.053233871] [gazebo_ros2_control]: Loading gazebo_ros2_control plugin
[gzserver-1] [INFO] [1789635033.162377619] [gazebo_ros2_control]: Starting gazebo_ros2_control plugin in namespace: /
[gzserver-1] [INFO] [1789635033.162512502] [gazebo_ros2_control]: Starting gazebo_ros2_control plugin in ros 2 node: gazebo_ros2_control
[INFO] [spawn_entity.py-3]: process has finished cleanly [pid 151074]
[INFO] [spawner-15]: process started with pid [151463]
[gzserver-1] [INFO] [1789635033.237912314] [gazebo_ros2_control]: connected to service!! robot_state_publisher
[gzserver-1] [INFO] [1789635033.243273973] [gazebo_ros2_control]: Received urdf from param server, parsing...
[gzserver-1] [INFO] [1789635033.243678953] [gazebo_ros2_control]: Loading parameter files /home/yahboom/swerve_bringup/install/swerve_bringup/share/swerve_bringup/config/controllers.yaml
[gzserver-1] [INFO] [1789635033.276218078] [gazebo_ros2_control]: Loading joint: steer_front_joint
[gzserver-1] [INFO] [1789635033.276285610] [gazebo_ros2_control]: 	State:
[gzserver-1] [INFO] [1789635033.276299969] [gazebo_ros2_control]: 		 position
[gzserver-1] [INFO] [1789635033.276312575] [gazebo_ros2_control]: 		 velocity
[gzserver-1] [INFO] [1789635033.276322516] [gazebo_ros2_control]: 	Command:
[gzserver-1] [INFO] [1789635033.276331327] [gazebo_ros2_control]: 		 position
[gzserver-1] [INFO] [1789635033.281168269] [gazebo_ros2_control]: Loading joint: steer_rear_joint
[gzserver-1] [INFO] [1789635033.281214180] [gazebo_ros2_control]: 	State:
[gzserver-1] [INFO] [1789635033.281226439] [gazebo_ros2_control]: 		 position
[gzserver-1] [INFO] [1789635033.281237175] [gazebo_ros2_control]: 		 velocity
[gzserver-1] [INFO] [1789635033.281246264] [gazebo_ros2_control]: 	Command:
[gzserver-1] [INFO] [1789635033.281255233] [gazebo_ros2_control]: 		 position
[gzserver-1] [INFO] [1789635033.281417099] [gazebo_ros2_control]: Loading joint: wheel_front_drive_joint
[gzserver-1] [INFO] [1789635033.281444408] [gazebo_ros2_control]: 	State:
[gzserver-1] [INFO] [1789635033.281453718] [gazebo_ros2_control]: 		 position
[gzserver-1] [INFO] [1789635033.281466137] [gazebo_ros2_control]: 		 velocity
[gzserver-1] [INFO] [1789635033.281475402] [gazebo_ros2_control]: 	Command:
[gzserver-1] [INFO] [1789635033.281490087] [gazebo_ros2_control]: 		 velocity
[gzserver-1] [INFO] [1789635033.286973413] [gazebo_ros2_control]: Loading joint: wheel_rear_drive_joint
[gzserver-1] [INFO] [1789635033.287016298] [gazebo_ros2_control]: 	State:
[gzserver-1] [INFO] [1789635033.287033199] [gazebo_ros2_control]: 		 position
[gzserver-1] [INFO] [1789635033.287044802] [gazebo_ros2_control]: 		 velocity
[gzserver-1] [INFO] [1789635033.287054777] [gazebo_ros2_control]: 	Command:
[gzserver-1] [INFO] [1789635033.287080201] [gazebo_ros2_control]: 		 velocity
[gzserver-1] [INFO] [1789635033.290895146] [resource_manager]: Initialize hardware 'GazeboSystem' 
[gzserver-1] [INFO] [1789635033.291410061] [resource_manager]: Successful initialization of hardware 'GazeboSystem'
[gzserver-1] [INFO] [1789635033.291582783] [resource_manager]: 'configure' hardware 'GazeboSystem' 
[gzserver-1] [INFO] [1789635033.291601346] [resource_manager]: Successful 'configure' of hardware 'GazeboSystem'
[gzserver-1] [INFO] [1789635033.291609892] [resource_manager]: 'activate' hardware 'GazeboSystem' 
[gzserver-1] [INFO] [1789635033.291616825] [resource_manager]: Successful 'activate' of hardware 'GazeboSystem'
[gzserver-1] [INFO] [1789635033.291734895] [gazebo_ros2_control]: Loading controller_manager
[controller_server-8] [INFO] [1789635033.500513055] [local_costmap.local_costmap]: Timed out waiting for transform from base_footprint to odom to become available, tf error: Invalid frame ID "odom" passed to canTransform argument target_frame - frame does not exist
[gzserver-1] [WARN] [1789635033.547927424] [gazebo_ros2_control]:  Desired controller update period (0.01 s) is slower than the gazebo simulation period (0.001 s).
[gzserver-1] [INFO] [1789635033.551412340] [gazebo_ros2_control]: Loaded gazebo_ros2_control.
[controller_server-8] [INFO] [1789635034.000138657] [local_costmap.local_costmap]: start
[controller_server-8] [INFO] [1789635034.159102697] [controller_server]: Creating bond (controller_server) to lifecycle manager.
[lifecycle_manager-13] [INFO] [1789635034.348877166] [lifecycle_manager_navigation]: Server controller_server connected with bond.
[lifecycle_manager-13] [INFO] [1789635034.348965385] [lifecycle_manager_navigation]: [34m[1mActivating planner_server[0m[0m
[planner_server-9] [INFO] [1789635034.355095386] [planner_server]: Activating
[planner_server-9] [INFO] [1789635034.355157165] [global_costmap.global_costmap]: Activating
[planner_server-9] [INFO] [1789635034.355177107] [global_costmap.global_costmap]: Checking transform
[planner_server-9] [INFO] [1789635034.355312825] [global_costmap.global_costmap]: start
[spawner-15] [INFO] [1789635034.479260213] [spawn_joint_state_broadcaster]: waiting for service /controller_manager/list_controllers to become available...
[planner_server-9] [INFO] [1789635034.921970460] [planner_server]: Activating plugin GridBased of type NavfnPlanner
[planner_server-9] [INFO] [1789635034.937051075] [planner_server]: Creating bond (planner_server) to lifecycle manager.
[lifecycle_manager-13] [INFO] [1789635035.066476131] [lifecycle_manager_navigation]: Server planner_server connected with bond.
[lifecycle_manager-13] [INFO] [1789635035.066551253] [lifecycle_manager_navigation]: [34m[1mActivating behavior_server[0m[0m
[behavior_server-10] [INFO] [1789635035.067086806] [behavior_server]: Activating
[behavior_server-10] [INFO] [1789635035.067126045] [behavior_server]: Activating spin
[behavior_server-10] [INFO] [1789635035.067145465] [behavior_server]: Activating backup
[behavior_server-10] [INFO] [1789635035.067158722] [behavior_server]: Activating drive_on_heading
[behavior_server-10] [INFO] [1789635035.067170076] [behavior_server]: Activating wait
[behavior_server-10] [INFO] [1789635035.067188424] [behavior_server]: Creating bond (behavior_server) to lifecycle manager.
[gzserver-1] [INFO] [1789635035.168717019] [controller_manager]: Loading controller 'joint_state_broadcaster'
[lifecycle_manager-13] [INFO] [1789635035.213633365] [lifecycle_manager_navigation]: Server behavior_server connected with bond.
[lifecycle_manager-13] [INFO] [1789635035.213703195] [lifecycle_manager_navigation]: [34m[1mActivating bt_navigator[0m[0m
[bt_navigator-11] [INFO] [1789635035.215616482] [bt_navigator]: Activating
[spawner-15] [INFO] [1789635035.707621427] [spawn_joint_state_broadcaster]: [94mLoaded [1mjoint_state_broadcaster[0m
[gzserver-1] [INFO] [1789635035.719825473] [controller_manager]: Configuring controller 'joint_state_broadcaster'
[gzserver-1] [INFO] [1789635035.720459574] [joint_state_broadcaster]: 'joints' or 'interfaces' parameter is empty. All available state interfaces will be published
[spawner-15] [INFO] [1789635035.812608923] [spawn_joint_state_broadcaster]: [92mConfigured and activated [1mjoint_state_broadcaster[0m
[bt_navigator-11] [INFO] [1789635035.990223462] [bt_navigator]: Creating bond (bt_navigator) to lifecycle manager.
[INFO] [spawner-15]: process has finished cleanly [pid 151463]
[INFO] [spawner-16]: process started with pid [151485]
[lifecycle_manager-13] [INFO] [1789635036.144772315] [lifecycle_manager_navigation]: Server bt_navigator connected with bond.
[lifecycle_manager-13] [INFO] [1789635036.144856039] [lifecycle_manager_navigation]: [34m[1mActivating waypoint_follower[0m[0m
[waypoint_follower-12] [INFO] [1789635036.145394956] [waypoint_follower]: Activating
[waypoint_follower-12] [INFO] [1789635036.145472121] [waypoint_follower]: Creating bond (waypoint_follower) to lifecycle manager.
[lifecycle_manager-13] [INFO] [1789635036.278263541] [lifecycle_manager_navigation]: Server waypoint_follower connected with bond.
[lifecycle_manager-13] [INFO] [1789635036.278328336] [lifecycle_manager_navigation]: [34m[1mManaged nodes are active[0m[0m
[lifecycle_manager-13] [INFO] [1789635036.278343644] [lifecycle_manager_navigation]: [34m[1mCreating bond timer...[0m[0m
[spawner-16] [INFO] [1789635037.795946697] [spawn_steering_controller]: waiting for service /controller_manager/list_controllers to become available...
[gzserver-1] [INFO] [1789635038.165551281] [controller_manager]: Loading controller 'steering_controller'
[spawner-16] [INFO] [1789635038.617584899] [spawn_steering_controller]: [94mLoaded [1msteering_controller[0m
[gzserver-1] [INFO] [1789635038.629028168] [controller_manager]: Configuring controller 'steering_controller'
[gzserver-1] [INFO] [1789635038.640883794] [steering_controller]: configure successful
[gzserver-1] [INFO] [1789635038.665677723] [steering_controller]: activate successful
[spawner-16] [INFO] [1789635038.697891893] [spawn_steering_controller]: [92mConfigured and activated [1msteering_controller[0m
[INFO] [spawner-16]: process has finished cleanly [pid 151485]
[INFO] [spawner-17]: process started with pid [151497]
[spawner-17] [INFO] [1789635040.260469574] [spawn_drive_controller]: waiting for service /controller_manager/list_controllers to become available...
[gzserver-1] [INFO] [1789635041.624842354] [controller_manager]: Loading controller 'drive_controller'
[spawner-17] [INFO] [1789635041.810169854] [spawn_drive_controller]: [94mLoaded [1mdrive_controller[0m
[gzserver-1] [INFO] [1789635041.814320748] [controller_manager]: Configuring controller 'drive_controller'
[gzserver-1] [INFO] [1789635041.824805107] [drive_controller]: configure successful
[gzserver-1] [INFO] [1789635041.930500902] [drive_controller]: activate successful
[spawner-17] [INFO] [1789635041.950525233] [spawn_drive_controller]: [92mConfigured and activated [1mdrive_controller[0m
[INFO] [spawner-17]: process has finished cleanly [pid 151497]
[INFO] [swerve_controller_node-18]: process started with pid [151509]
[INFO] [swerve_odometry_node-19]: process started with pid [151511]
[swerve_odometry_node-19] [INFO] [1789635043.715937005] [swerve_odometry]: Encoder odometry ready: radius=0.0637 m, velocity_sign=+1.0
[swerve_controller_node-18] [INFO] [1789635044.190247898] [swerve_controller]: Swerve controller ready: radius=0.0675 m, modules={'front': (0.300042, 0.0), 'rear': (-0.300042, 0.0)}
[WARNING] [launch]: user interrupted with ctrl-c (SIGINT)
[lifecycle_manager-13] [INFO] [1789635045.552307148] [rclcpp]: signal_handler(signum=2)
[lifecycle_manager-13] [INFO] [1789635045.552441592] [lifecycle_manager_navigation]: Running Nav2 LifecycleManager rcl preshutdown (lifecycle_manager_navigation)
[lifecycle_manager-13] [INFO] [1789635045.552500464] [lifecycle_manager_navigation]: [34m[1mTerminating bond timer...[0m[0m
[planner_server-9] [INFO] [1789635045.552342048] [rclcpp]: signal_handler(signum=2)
[INFO] [swerve_odometry_node-19]: sending signal 'SIGINT' to process[swerve_odometry_node-19]
[INFO] [swerve_controller_node-18]: sending signal 'SIGINT' to process[swerve_controller_node-18]
[INFO] [lifecycle_manager-13]: sending signal 'SIGINT' to process[lifecycle_manager-13]
[INFO] [waypoint_follower-12]: sending signal 'SIGINT' to process[waypoint_follower-12]
[INFO] [bt_navigator-11]: sending signal 'SIGINT' to process[bt_navigator-11]
[INFO] [behavior_server-10]: sending signal 'SIGINT' to process[behavior_server-10]
[INFO] [planner_server-9]: sending signal 'SIGINT' to process[planner_server-9]
[INFO] [controller_server-8]: sending signal 'SIGINT' to process[controller_server-8]
[INFO] [map_server-7]: sending signal 'SIGINT' to process[map_server-7]
[INFO] [ekf_node-6]: sending signal 'SIGINT' to process[ekf_node-6]
[INFO] [v30e_sim_node-5]: sending signal 'SIGINT' to process[v30e_sim_node-5]
[INFO] [ekf_node-4]: sending signal 'SIGINT' to process[ekf_node-4]
[INFO] [robot_state_publisher-2]: sending signal 'SIGINT' to process[robot_state_publisher-2]
[INFO] [gzserver-1]: sending signal 'SIGINT' to process[gzserver-1]
[ERROR] [ekf_node-6]: process has died [pid 151080, exit code -2, cmd '/opt/ros/humble/lib/robot_localization/ekf_node --ros-args -r __node:=ekf_v30e --params-file /home/yahboom/swerve_bringup/install/swerve_bringup/share/swerve_bringup/config/v30e_localization_ekf.yaml --params-file /tmp/launch_params_iq1qetdn -r odometry/filtered:=/odometry/v30e'].
[map_server-7] [INFO] [1789635045.552415992] [rclcpp]: signal_handler(signum=2)
[map_server-7] [INFO] [1789635045.552894176] [map_server]: Running Nav2 LifecycleNode rcl preshutdown (map_server)
[map_server-7] [INFO] [1789635045.552954821] [map_server]: Deactivating
[map_server-7] [INFO] [1789635045.552965966] [map_server]: Destroying bond (map_server) to lifecycle manager.
[ekf_node-4] [INFO] [1789635045.552499462] [rclcpp]: signal_handler(signum=2)
[planner_server-9] [INFO] [1789635045.552747024] [planner_server]: Running Nav2 LifecycleNode rcl preshutdown (planner_server)
[planner_server-9] [INFO] [1789635045.552816320] [planner_server]: Deactivating
[planner_server-9] [INFO] [1789635045.552834554] [global_costmap.global_costmap]: Deactivating
[ekf_node-6] [INFO] [1789635045.552568598] [rclcpp]: signal_handler(signum=2)
[robot_state_publisher-2] [INFO] [1789635045.552702952] [rclcpp]: signal_handler(signum=2)
[behavior_server-10] [INFO] [1789635045.552805851] [rclcpp]: signal_handler(signum=2)
[behavior_server-10] [INFO] [1789635045.553181650] [behavior_server]: Running Nav2 LifecycleNode rcl preshutdown (behavior_server)
[behavior_server-10] [INFO] [1789635045.553291244] [behavior_server]: Deactivating
[behavior_server-10] [INFO] [1789635045.553366845] [behavior_server]: Destroying bond (behavior_server) to lifecycle manager.
[controller_server-8] [INFO] [1789635045.553644232] [rclcpp]: signal_handler(signum=2)
[controller_server-8] [INFO] [1789635045.557778139] [controller_server]: Running Nav2 LifecycleNode rcl preshutdown (controller_server)
[controller_server-8] [INFO] [1789635045.557899050] [controller_server]: Deactivating
[controller_server-8] [INFO] [1789635045.557962040] [local_costmap.local_costmap]: Deactivating
[bt_navigator-11] [INFO] [1789635045.553705548] [rclcpp]: signal_handler(signum=2)
[bt_navigator-11] [INFO] [1789635045.553911297] [bt_navigator]: Running Nav2 LifecycleNode rcl preshutdown (bt_navigator)
[bt_navigator-11] [INFO] [1789635045.553996212] [bt_navigator]: Deactivating
[bt_navigator-11] [INFO] [1789635045.554036009] [bt_navigator]: Destroying bond (bt_navigator) to lifecycle manager.
[waypoint_follower-12] [INFO] [1789635045.553753504] [rclcpp]: signal_handler(signum=2)
[waypoint_follower-12] [INFO] [1789635045.554036671] [waypoint_follower]: Running Nav2 LifecycleNode rcl preshutdown (waypoint_follower)
[waypoint_follower-12] [INFO] [1789635045.554107206] [waypoint_follower]: Deactivating
[waypoint_follower-12] [INFO] [1789635045.554139145] [waypoint_follower]: Destroying bond (waypoint_follower) to lifecycle manager.
[swerve_controller_node-18] Traceback (most recent call last):
[swerve_controller_node-18]   File "/home/yahboom/swerve_bringup/install/swerve_bringup/lib/swerve_bringup/swerve_controller_node", line 192, in <module>
[swerve_controller_node-18]     main()
[swerve_controller_node-18]   File "/home/yahboom/swerve_bringup/install/swerve_bringup/lib/swerve_bringup/swerve_controller_node", line 184, in main
[swerve_controller_node-18]     node.steer_pub.publish(Float64MultiArray(data=[
[swerve_controller_node-18]   File "/opt/ros/humble/local/lib/python3.10/dist-packages/rclpy/publisher.py", line 70, in publish
[swerve_controller_node-18]     self.__publisher.publish(msg)
[swerve_controller_node-18] rclpy._rclpy_pybind11.RCLError: Failed to publish: publisher's context is invalid, at ./src/rcl/publisher.c:389
[swerve_controller_node-18] Error in sys.excepthook:
[swerve_controller_node-18] Traceback (most recent call last):
[swerve_controller_node-18]   File "/usr/lib/python3/dist-packages/apport_python_hook.py", line 72, in apport_excepthook
[swerve_controller_node-18]     from apport.fileutils import likely_packaged, get_recent_crashes
[swerve_controller_node-18]   File "/usr/lib/python3/dist-packages/apport/__init__.py", line 5, in <module>
[swerve_controller_node-18]     from apport.report import Report
[swerve_controller_node-18]   File "/usr/lib/python3/dist-packages/apport/report.py", line 21, in <module>
[swerve_controller_node-18]     from urllib.request import urlopen
[swerve_controller_node-18]   File "/usr/lib/python3.10/urllib/request.py", line 88, in <module>
[swerve_controller_node-18]     import http.client
[swerve_controller_node-18]   File "/usr/lib/python3.10/http/__init__.py", line 6, in <module>
[behavior_server-10] [INFO] [1789635045.592405695] [behavior_server]: Cleaning up
[swerve_controller_node-18]     class HTTPStatus(IntEnum):
[swerve_controller_node-18]   File "/usr/lib/python3.10/enum.py", line 168, in __prepare__
[lifecycle_manager-13] [INFO] [1789635045.593419084] [rclcpp]: signal_handler(signum=2)
[map_server-7] [INFO] [1789635045.594555224] [map_server]: Cleaning up
[map_server-7] [INFO] [1789635045.594666640] [map_server]: Destroying bond (map_server) to lifecycle manager.
[swerve_controller_node-18]     metacls._check_for_existing_members(cls, bases)
[swerve_controller_node-18]   File "/usr/lib/python3.10/enum.py", line 573, in _check_for_existing_members
[swerve_odometry_node-19] Traceback (most recent call last):
[swerve_odometry_node-19]   File "/home/yahboom/swerve_bringup/install/swerve_bringup/lib/swerve_bringup/swerve_odometry_node", line 221, in <module>
[swerve_odometry_node-19]     main()
[swerve_odometry_node-19]   File "/home/yahboom/swerve_bringup/install/swerve_bringup/lib/swerve_bringup/swerve_odometry_node", line 215, in main
[swerve_odometry_node-19]     node.destroy_node()
[swerve_odometry_node-19]   File "/opt/ros/humble/local/lib/python3.10/dist-packages/rclpy/node.py", line 1685, in destroy_node
[swerve_odometry_node-19]     self.destroy_publisher(self._publishers[0])
[swerve_odometry_node-19]   File "/opt/ros/humble/local/lib/python3.10/dist-packages/rclpy/node.py", line 1565, in destroy_publisher
[swerve_odometry_node-19]     publisher.destroy()
[swerve_odometry_node-19]   File "/opt/ros/humble/local/lib/python3.10/dist-packages/rclpy/publisher.py", line 99, in destroy
[swerve_odometry_node-19]     self.__publisher.destroy_when_not_in_use()
[swerve_odometry_node-19] KeyboardInterrupt
[bt_navigator-11] [INFO] [1789635045.598674263] [bt_navigator]: Cleaning up
[waypoint_follower-12] [INFO] [1789635045.598945550] [waypoint_follower]: Cleaning up
[waypoint_follower-12] [INFO] [1789635045.599953366] [rclcpp]: signal_handler(signum=2)
[swerve_controller_node-18]     if issubclass(base, Enum) and base._member_names_:
[swerve_controller_node-18] KeyboardInterrupt
[swerve_controller_node-18] 
[swerve_controller_node-18] Original exception was:
[swerve_controller_node-18] Traceback (most recent call last):
[swerve_controller_node-18]   File "/home/yahboom/swerve_bringup/install/swerve_bringup/lib/swerve_bringup/swerve_controller_node", line 192, in <module>
[swerve_controller_node-18]     main()
[swerve_controller_node-18]   File "/home/yahboom/swerve_bringup/install/swerve_bringup/lib/swerve_bringup/swerve_controller_node", line 184, in main
[swerve_controller_node-18]     node.steer_pub.publish(Float64MultiArray(data=[
[swerve_controller_node-18]   File "/opt/ros/humble/local/lib/python3.10/dist-packages/rclpy/publisher.py", line 70, in publish
[swerve_controller_node-18]     self.__publisher.publish(msg)
[swerve_controller_node-18] rclpy._rclpy_pybind11.RCLError: Failed to publish: publisher's context is invalid, at ./src/rcl/publisher.c:389
[bt_navigator-11] [INFO] [1789635045.606106205] [rclcpp]: signal_handler(signum=2)
[behavior_server-10] [INFO] [1789635045.614694681] [rclcpp]: signal_handler(signum=2)
[planner_server-9] [INFO] [1789635045.617524522] [rclcpp]: signal_handler(signum=2)
[controller_server-8] [INFO] [1789635045.624668664] [rclcpp]: signal_handler(signum=2)
[map_server-7] [INFO] [1789635045.629233623] [rclcpp]: signal_handler(signum=2)
[controller_server-8] [INFO] [1789635045.633090515] [controller_server]: Destroying bond (controller_server) to lifecycle manager.
[controller_server-8] [INFO] [1789635045.644668124] [controller_server]: Cleaning up
[controller_server-8] [INFO] [1789635045.644869458] [local_costmap.local_costmap]: Cleaning up
[ekf_node-4] [INFO] [1789635045.648879397] [rclcpp]: signal_handler(signum=2)
[v30e_sim_node-5] Traceback (most recent call last):
[v30e_sim_node-5]   File "/home/yahboom/swerve_bringup/install/swerve_bringup/lib/swerve_bringup/v30e_sim_node", line 188, in <module>
[v30e_sim_node-5]     if __name__ == '__main__': main()
[v30e_sim_node-5]   File "/home/yahboom/swerve_bringup/install/swerve_bringup/lib/swerve_bringup/v30e_sim_node", line 185, in main
[v30e_sim_node-5]     node.destroy_node(); rclpy.shutdown()
[v30e_sim_node-5]   File "/opt/ros/humble/local/lib/python3.10/dist-packages/rclpy/node.py", line 1685, in destroy_node
[v30e_sim_node-5]     self.destroy_publisher(self._publishers[0])
[v30e_sim_node-5]   File "/opt/ros/humble/local/lib/python3.10/dist-packages/rclpy/node.py", line 1565, in destroy_publisher
[v30e_sim_node-5]     publisher.destroy()
[v30e_sim_node-5]   File "/opt/ros/humble/local/lib/python3.10/dist-packages/rclpy/publisher.py", line 99, in destroy
[v30e_sim_node-5]     self.__publisher.destroy_when_not_in_use()
[v30e_sim_node-5] KeyboardInterrupt
[robot_state_publisher-2] [INFO] [1789635045.662924948] [rclcpp]: signal_handler(signum=2)
[map_server-7] [INFO] [1789635045.700531480] [map_server]: Destroying
[waypoint_follower-12] [INFO] [1789635045.730983632] [waypoint_follower]: Destroying bond (waypoint_follower) to lifecycle manager.
[waypoint_follower-12] [INFO] [1789635045.843375719] [waypoint_follower]: Destroying
[ERROR] [swerve_odometry_node-19]: process has died [pid 151511, exit code -2, cmd '/home/yahboom/swerve_bringup/install/swerve_bringup/lib/swerve_bringup/swerve_odometry_node --ros-args -r __node:=swerve_odometry --params-file /home/yahboom/swerve_bringup/install/swerve_bringup/share/swerve_bringup/config/swerve_odometry.yaml --params-file /tmp/launch_params_a0m93bh3'].
[planner_server-9] [INFO] [1789635045.863539631] [planner_server]: Deactivating plugin GridBased of type NavfnPlanner
[planner_server-9] [INFO] [1789635045.863596025] [planner_server]: Destroying bond (planner_server) to lifecycle manager.
[controller_server-8] [INFO] [1789635045.917593729] [controller_server]: Destroying bond (controller_server) to lifecycle manager.
[ERROR] [v30e_sim_node-5]: process has died [pid 151078, exit code -2, cmd '/home/yahboom/swerve_bringup/install/swerve_bringup/lib/swerve_bringup/v30e_sim_node --ros-args -r __node:=v30e_sim_node --params-file /home/yahboom/swerve_bringup/install/swerve_bringup/share/swerve_bringup/config/v30e_sim.yaml --params-file /tmp/launch_params_1xujiwiv'].
[planner_server-9] [INFO] [1789635045.940572392] [planner_server]: Cleaning up
[behavior_server-10] [INFO] [1789635045.956348128] [behavior_server]: Destroying bond (behavior_server) to lifecycle manager.
[controller_server-8] [INFO] [1789635045.974069680] [local_costmap.local_costmap]: Destroying
[INFO] [ekf_node-4]: process has finished cleanly [pid 151076]
[planner_server-9] [INFO] [1789635046.018584095] [global_costmap.global_costmap]: Cleaning up
[behavior_server-10] [INFO] [1789635046.022891029] [behavior_server]: Destroying
[INFO] [robot_state_publisher-2]: process has finished cleanly [pid 151072]
[planner_server-9] [INFO] [1789635046.044427348] [planner_server]: Cleaning up plugin GridBased of type NavfnPlanner
[planner_server-9] [INFO] [1789635046.044621929] [planner_server]: Destroying plugin GridBased of type NavfnPlanner
[INFO] [map_server-7]: process has finished cleanly [pid 151082]
[INFO] [waypoint_follower-12]: process has finished cleanly [pid 151112]
[lifecycle_manager-13] [INFO] [1789635046.064678650] [lifecycle_manager_navigation]: Destroying lifecycle_manager_navigation
[ERROR] [swerve_controller_node-18]: process has died [pid 151509, exit code 1, cmd '/home/yahboom/swerve_bringup/install/swerve_bringup/lib/swerve_bringup/swerve_controller_node --ros-args -r __node:=swerve_controller --params-file /home/yahboom/swerve_bringup/install/swerve_bringup/share/swerve_bringup/config/swerve_controller.yaml --params-file /tmp/launch_params_254o5004'].
[controller_server-8] [INFO] [1789635046.081152126] [controller_server]: Destroying
[planner_server-9] [INFO] [1789635046.092411925] [planner_server]: Destroying bond (planner_server) to lifecycle manager.
[planner_server-9] [INFO] [1789635046.106063668] [global_costmap.global_costmap]: Destroying
[planner_server-9] [INFO] [1789635046.131343878] [planner_server]: Destroying
[bt_navigator-11] [INFO] [1789635046.199363910] [bt_navigator]: Completed Cleaning up
[bt_navigator-11] [INFO] [1789635046.199455208] [bt_navigator]: Destroying bond (bt_navigator) to lifecycle manager.
[INFO] [behavior_server-10]: process has finished cleanly [pid 151097]
[bt_navigator-11] [INFO] [1789635046.216015513] [bt_navigator]: Destroying
[INFO] [lifecycle_manager-13]: process has finished cleanly [pid 151119]
[INFO] [controller_server-8]: process has finished cleanly [pid 151085]
[INFO] [planner_server-9]: process has finished cleanly [pid 151094]
[INFO] [bt_navigator-11]: process has finished cleanly [pid 151106]
[INFO] [gzserver-1]: process has finished cleanly [pid 151070]
