[INFO] [launch]: All log files can be found below /home/yahboom/.ros/log/2026-09-17-23-56-07-903442-yahboom-virtual-machine-229080
[INFO] [launch]: Default logging verbosity is set to INFO
[INFO] [launch.user]: CONTACT_DIAGNOSTICS=false
[INFO] [gzserver-1]: process started with pid [229130]
[INFO] [robot_state_publisher-2]: process started with pid [229132]
[INFO] [spawn_entity.py-3]: process started with pid [229134]
[INFO] [ekf_node-4]: process started with pid [229136]
[INFO] [v30e_sim_node-5]: process started with pid [229155]
[INFO] [ekf_node-6]: process started with pid [229157]
[INFO] [map_server-7]: process started with pid [229159]
[INFO] [controller_server-8]: process started with pid [229161]
[INFO] [planner_server-9]: process started with pid [229163]
[INFO] [behavior_server-10]: process started with pid [229165]
[INFO] [bt_navigator-11]: process started with pid [229175]
[INFO] [waypoint_follower-12]: process started with pid [229177]
[INFO] [lifecycle_manager-13]: process started with pid [229180]
[INFO] [swerve_bridge_node-14]: process started with pid [229183]
[waypoint_follower-12] [INFO] [1789660570.870405070] [waypoint_follower]: 
[waypoint_follower-12] 	waypoint_follower lifecycle node launched. 
[waypoint_follower-12] 	Waiting on external lifecycle transitions to activate
[waypoint_follower-12] 	See https://design.ros2.org/articles/node_lifecycle.html for more information.
[bt_navigator-11] [INFO] [1789660570.871613812] [bt_navigator]: 
[bt_navigator-11] 	bt_navigator lifecycle node launched. 
[bt_navigator-11] 	Waiting on external lifecycle transitions to activate
[bt_navigator-11] 	See https://design.ros2.org/articles/node_lifecycle.html for more information.
[bt_navigator-11] [INFO] [1789660570.871763018] [bt_navigator]: Creating
[waypoint_follower-12] [INFO] [1789660570.876192262] [waypoint_follower]: Creating
[robot_state_publisher-2] [INFO] [1789660570.925129298] [robot_state_publisher]: got segment base_footprint
[robot_state_publisher-2] [INFO] [1789660570.925293474] [robot_state_publisher]: got segment base_link
[robot_state_publisher-2] [INFO] [1789660570.925307983] [robot_state_publisher]: got segment imu_link
[robot_state_publisher-2] [INFO] [1789660570.925316090] [robot_state_publisher]: got segment lidar_link
[robot_state_publisher-2] [INFO] [1789660570.925323653] [robot_state_publisher]: got segment steer_front_link
[robot_state_publisher-2] [INFO] [1789660570.925330974] [robot_state_publisher]: got segment steer_rear_link
[robot_state_publisher-2] [INFO] [1789660570.925338150] [robot_state_publisher]: got segment v30e_link
[robot_state_publisher-2] [INFO] [1789660570.925345283] [robot_state_publisher]: got segment wheel_front_drive_link
[robot_state_publisher-2] [INFO] [1789660570.925353063] [robot_state_publisher]: got segment wheel_front_left_fork_link
[robot_state_publisher-2] [INFO] [1789660570.925360581] [robot_state_publisher]: got segment wheel_front_left_link
[robot_state_publisher-2] [INFO] [1789660570.925368119] [robot_state_publisher]: got segment wheel_front_right_fork_link
[robot_state_publisher-2] [INFO] [1789660570.925374719] [robot_state_publisher]: got segment wheel_front_right_link
[robot_state_publisher-2] [INFO] [1789660570.925381431] [robot_state_publisher]: got segment wheel_rear_drive_link
[robot_state_publisher-2] [INFO] [1789660570.925387967] [robot_state_publisher]: got segment wheel_rear_left_fork_link
[robot_state_publisher-2] [INFO] [1789660570.925394787] [robot_state_publisher]: got segment wheel_rear_left_link
[robot_state_publisher-2] [INFO] [1789660570.925401739] [robot_state_publisher]: got segment wheel_rear_right_fork_link
[robot_state_publisher-2] [INFO] [1789660570.925408364] [robot_state_publisher]: got segment wheel_rear_right_link
[lifecycle_manager-13] [INFO] [1789660571.123514066] [lifecycle_manager_navigation]: Creating
[controller_server-8] [INFO] [1789660571.154546642] [controller_server]: 
[controller_server-8] 	controller_server lifecycle node launched. 
[controller_server-8] 	Waiting on external lifecycle transitions to activate
[controller_server-8] 	See https://design.ros2.org/articles/node_lifecycle.html for more information.
[map_server-7] [INFO] [1789660571.181027869] [map_server]: 
[map_server-7] 	map_server lifecycle node launched. 
[map_server-7] 	Waiting on external lifecycle transitions to activate
[map_server-7] 	See https://design.ros2.org/articles/node_lifecycle.html for more information.
[map_server-7] [INFO] [1789660571.181258476] [map_server]: Creating
[controller_server-8] [INFO] [1789660571.194316650] [controller_server]: Creating controller server
[planner_server-9] [INFO] [1789660571.196418824] [planner_server]: 
[planner_server-9] 	planner_server lifecycle node launched. 
[planner_server-9] 	Waiting on external lifecycle transitions to activate
[planner_server-9] 	See https://design.ros2.org/articles/node_lifecycle.html for more information.
[planner_server-9] [INFO] [1789660571.197805331] [planner_server]: Creating
[swerve_bridge_node-14] Traceback (most recent call last):
[swerve_bridge_node-14]   File "/home/yahboom/swerve_bringup/install/swerve_bridge/lib/swerve_bridge/swerve_bridge_node", line 33, in <module>
[swerve_bridge_node-14]     sys.exit(load_entry_point('swerve-bridge', 'console_scripts', 'swerve_bridge_node')())
[swerve_bridge_node-14]   File "/home/yahboom/swerve_bringup/install/swerve_bridge/lib/swerve_bridge/swerve_bridge_node", line 22, in importlib_load_entry_point
[swerve_bridge_node-14]     for entry_point in distribution(dist_name).entry_points
[swerve_bridge_node-14]   File "/usr/lib/python3.10/importlib/metadata/__init__.py", line 969, in distribution
[swerve_bridge_node-14]     return Distribution.from_name(distribution_name)
[swerve_bridge_node-14]   File "/usr/lib/python3.10/importlib/metadata/__init__.py", line 548, in from_name
[swerve_bridge_node-14]     raise PackageNotFoundError(name)
[swerve_bridge_node-14] importlib.metadata.PackageNotFoundError: No package metadata was found for swerve-bridge
[lifecycle_manager-13] [INFO] [1789660571.242503248] [lifecycle_manager_navigation]: [34m[1mCreating and initializing lifecycle service clients[0m[0m
[ERROR] [swerve_bridge_node-14]: process has died [pid 229183, exit code 1, cmd '/home/yahboom/swerve_bringup/install/swerve_bridge/lib/swerve_bridge/swerve_bridge_node --ros-args -r __node:=swerve_bridge --params-file /home/yahboom/swerve_bringup/install/swerve_bridge/share/swerve_bridge/config/bridge.yaml --params-file /tmp/launch_params_5phlx_mj'].
[planner_server-9] [INFO] [1789660571.425793016] [global_costmap.global_costmap]: 
[planner_server-9] 	global_costmap lifecycle node launched. 
[planner_server-9] 	Waiting on external lifecycle transitions to activate
[planner_server-9] 	See https://design.ros2.org/articles/node_lifecycle.html for more information.
[planner_server-9] [INFO] [1789660571.426373266] [global_costmap.global_costmap]: Creating Costmap
[controller_server-8] [INFO] [1789660571.431193006] [local_costmap.local_costmap]: 
[controller_server-8] 	local_costmap lifecycle node launched. 
[controller_server-8] 	Waiting on external lifecycle transitions to activate
[controller_server-8] 	See https://design.ros2.org/articles/node_lifecycle.html for more information.
[controller_server-8] [INFO] [1789660571.431727048] [local_costmap.local_costmap]: Creating Costmap
[behavior_server-10] [INFO] [1789660571.488045487] [behavior_server]: 
[behavior_server-10] 	behavior_server lifecycle node launched. 
[behavior_server-10] 	Waiting on external lifecycle transitions to activate
[behavior_server-10] 	See https://design.ros2.org/articles/node_lifecycle.html for more information.
[lifecycle_manager-13] [INFO] [1789660572.046287963] [lifecycle_manager_navigation]: [34m[1mStarting managed nodes bringup...[0m[0m
[lifecycle_manager-13] [INFO] [1789660572.046387501] [lifecycle_manager_navigation]: [34m[1mConfiguring map_server[0m[0m
[map_server-7] [INFO] [1789660572.050781446] [map_server]: Configuring
[map_server-7] [INFO] [1789660572.050884648] [map_io]: Loading yaml file: /home/yahboom/swerve_bringup/install/swerve_bringup/share/swerve_bringup/swerve_navigation/maps/warehouse.yaml
[map_server-7] [INFO] [1789660572.051215320] [map_io]: resolution: 0.05
[map_server-7] [INFO] [1789660572.051231858] [map_io]: origin[0]: -17.2
[map_server-7] [INFO] [1789660572.051238316] [map_io]: origin[1]: -17.4
[map_server-7] [INFO] [1789660572.051243900] [map_io]: origin[2]: 0
[map_server-7] [INFO] [1789660572.051250092] [map_io]: free_thresh: 0.25
[map_server-7] [INFO] [1789660572.051256230] [map_io]: occupied_thresh: 0.65
[map_server-7] [INFO] [1789660572.051262320] [map_io]: mode: trinary
[map_server-7] [INFO] [1789660572.051268889] [map_io]: negate: 0
[map_server-7] [INFO] [1789660572.052825943] [map_io]: Loading image_file: /home/yahboom/swerve_bringup/install/swerve_bringup/share/swerve_bringup/swerve_navigation/maps/warehouse.pgm
[map_server-7] [INFO] [1789660572.182783613] [map_io]: Read map /home/yahboom/swerve_bringup/install/swerve_bringup/share/swerve_bringup/swerve_navigation/maps/warehouse.pgm: 676 X 680 map @ 0.05 m/cell
[lifecycle_manager-13] [INFO] [1789660572.581873480] [lifecycle_manager_navigation]: [34m[1mConfiguring controller_server[0m[0m
[controller_server-8] [INFO] [1789660572.592880521] [controller_server]: Configuring controller interface
[controller_server-8] [INFO] [1789660572.608498750] [controller_server]: getting goal checker plugins..
[controller_server-8] [INFO] [1789660572.608655906] [controller_server]: Controller frequency set to 10.0000Hz
[controller_server-8] [INFO] [1789660572.608726345] [local_costmap.local_costmap]: Configuring
[v30e_sim_node-5] [INFO] [1789660572.619980730] [v30e_sim_node]: Using Gazebo /get_entity_state internally; odometry is not a V30E measurement input
[spawn_entity.py-3] [INFO] [1789660572.627723248] [spawn_swerve]: Spawn Entity started
[spawn_entity.py-3] [INFO] [1789660572.629121113] [spawn_swerve]: Loading entity published on topic robot_description
[spawn_entity.py-3] [INFO] [1789660572.639131659] [spawn_swerve]: Waiting for entity xml on robot_description
[controller_server-8] [INFO] [1789660572.652935646] [local_costmap.local_costmap]: Using plugin "voxel_layer"
[spawn_entity.py-3] [INFO] [1789660572.656533072] [spawn_swerve]: Waiting for service /spawn_entity, timeout = 30
[spawn_entity.py-3] [INFO] [1789660572.656958293] [spawn_swerve]: Waiting for service /spawn_entity
[controller_server-8] [INFO] [1789660572.670429498] [local_costmap.local_costmap]: Subscribed to Topics: lidar3d scan
[controller_server-8] [INFO] [1789660572.736743823] [local_costmap.local_costmap]: Initialized plugin "voxel_layer"
[controller_server-8] [INFO] [1789660572.736818333] [local_costmap.local_costmap]: Using plugin "inflation_layer"
[controller_server-8] [INFO] [1789660572.743340542] [local_costmap.local_costmap]: Initialized plugin "inflation_layer"
[controller_server-8] [INFO] [1789660572.820556599] [controller_server]: Created progress_checker : progress_checker of type nav2_controller::SimpleProgressChecker
[controller_server-8] [INFO] [1789660572.841327152] [controller_server]: Created goal checker : general_goal_checker of type nav2_controller::SimpleGoalChecker
[controller_server-8] [INFO] [1789660572.846609738] [controller_server]: Controller Server has general_goal_checker  goal checkers available.
[controller_server-8] [INFO] [1789660572.850322054] [controller_server]: Created controller : FollowPath of type dwb_core::DWBLocalPlanner
[controller_server-8] [INFO] [1789660572.860125054] [controller_server]: Setting transform_tolerance to 0.200000
[controller_server-8] [INFO] [1789660572.923108618] [controller_server]: Using critic "RotateToGoal" (dwb_critics::RotateToGoalCritic)
[controller_server-8] [INFO] [1789660572.925000624] [controller_server]: Critic plugin initialized
[controller_server-8] [INFO] [1789660572.925397377] [controller_server]: Using critic "Oscillation" (dwb_critics::OscillationCritic)
[controller_server-8] [INFO] [1789660572.931783173] [controller_server]: Critic plugin initialized
[controller_server-8] [INFO] [1789660572.937108269] [controller_server]: Using critic "BaseObstacle" (dwb_critics::BaseObstacleCritic)
[controller_server-8] [INFO] [1789660572.941339430] [controller_server]: Critic plugin initialized
[controller_server-8] [INFO] [1789660572.944673084] [controller_server]: Using critic "GoalAlign" (dwb_critics::GoalAlignCritic)
[controller_server-8] [INFO] [1789660572.950014362] [controller_server]: Critic plugin initialized
[controller_server-8] [INFO] [1789660572.953999528] [controller_server]: Using critic "PathAlign" (dwb_critics::PathAlignCritic)
[controller_server-8] [INFO] [1789660572.954500716] [controller_server]: Critic plugin initialized
[controller_server-8] [INFO] [1789660572.954563896] [controller_server]: Using critic "PathDist" (dwb_critics::PathDistCritic)
[controller_server-8] [INFO] [1789660572.958196067] [controller_server]: Critic plugin initialized
[controller_server-8] [INFO] [1789660572.961904597] [controller_server]: Using critic "GoalDist" (dwb_critics::GoalDistCritic)
[controller_server-8] [INFO] [1789660572.968493573] [controller_server]: Critic plugin initialized
[controller_server-8] [INFO] [1789660572.968548412] [controller_server]: Controller Server has FollowPath  controllers available.
[lifecycle_manager-13] [INFO] [1789660573.069522392] [lifecycle_manager_navigation]: [34m[1mConfiguring planner_server[0m[0m
[planner_server-9] [INFO] [1789660573.072202053] [planner_server]: Configuring
[planner_server-9] [INFO] [1789660573.073375548] [global_costmap.global_costmap]: Configuring
[planner_server-9] [INFO] [1789660573.105649048] [global_costmap.global_costmap]: Using plugin "static_layer"
[planner_server-9] [INFO] [1789660573.119203204] [global_costmap.global_costmap]: Subscribing to the map topic (/map) with transient local durability
[planner_server-9] [INFO] [1789660573.131070380] [global_costmap.global_costmap]: Initialized plugin "static_layer"
[planner_server-9] [INFO] [1789660573.131131373] [global_costmap.global_costmap]: Using plugin "obstacle_layer"
[planner_server-9] [INFO] [1789660573.131596866] [global_costmap.global_costmap]: Subscribed to Topics: scan
[planner_server-9] [INFO] [1789660573.152847697] [global_costmap.global_costmap]: Initialized plugin "obstacle_layer"
[planner_server-9] [INFO] [1789660573.152926542] [global_costmap.global_costmap]: Using plugin "inflation_layer"
[planner_server-9] [INFO] [1789660573.153552998] [global_costmap.global_costmap]: Initialized plugin "inflation_layer"
[planner_server-9] [INFO] [1789660573.197585299] [planner_server]: Created global planner plugin GridBased of type nav2_navfn_planner/NavfnPlanner
[planner_server-9] [INFO] [1789660573.201304385] [planner_server]: Configuring plugin GridBased of type NavfnPlanner
[planner_server-9] [INFO] [1789660573.208671777] [planner_server]: Planner Server has GridBased  planners available.
[lifecycle_manager-13] [INFO] [1789660573.275174409] [lifecycle_manager_navigation]: [34m[1mConfiguring behavior_server[0m[0m
[behavior_server-10] [INFO] [1789660573.275571563] [behavior_server]: Configuring
[behavior_server-10] [INFO] [1789660573.319736664] [behavior_server]: Creating behavior plugin spin of type nav2_behaviors/Spin
[behavior_server-10] [INFO] [1789660573.321970932] [behavior_server]: Configuring spin
[behavior_server-10] [INFO] [1789660573.372051630] [behavior_server]: Creating behavior plugin backup of type nav2_behaviors/BackUp
[behavior_server-10] [INFO] [1789660573.375307055] [behavior_server]: Configuring backup
[behavior_server-10] [INFO] [1789660573.410233298] [behavior_server]: Creating behavior plugin drive_on_heading of type nav2_behaviors/DriveOnHeading
[behavior_server-10] [INFO] [1789660573.411575779] [behavior_server]: Configuring drive_on_heading
[behavior_server-10] [INFO] [1789660573.430634489] [behavior_server]: Creating behavior plugin wait of type nav2_behaviors/Wait
[behavior_server-10] [INFO] [1789660573.433366895] [behavior_server]: Configuring wait
[lifecycle_manager-13] [INFO] [1789660573.477652995] [lifecycle_manager_navigation]: [34m[1mConfiguring bt_navigator[0m[0m
[bt_navigator-11] [INFO] [1789660573.478079535] [bt_navigator]: Configuring
[lifecycle_manager-13] [INFO] [1789660573.860563509] [lifecycle_manager_navigation]: [34m[1mConfiguring waypoint_follower[0m[0m
[waypoint_follower-12] [INFO] [1789660573.862746522] [waypoint_follower]: Configuring
[waypoint_follower-12] [INFO] [1789660573.975125293] [waypoint_follower]: Created waypoint_task_executor : wait_at_waypoint of type nav2_waypoint_follower::WaitAtWaypoint
[waypoint_follower-12] [INFO] [1789660573.984202659] [waypoint_follower]: Waypoint pause duration is set to zero, disabling task executor plugin.
[lifecycle_manager-13] [INFO] [1789660573.993391687] [lifecycle_manager_navigation]: [34m[1mActivating map_server[0m[0m
[map_server-7] [INFO] [1789660573.994679159] [map_server]: Activating
[map_server-7] [INFO] [1789660573.995643817] [map_server]: Creating bond (map_server) to lifecycle manager.
[planner_server-9] [INFO] [1789660574.000399985] [global_costmap.global_costmap]: StaticLayer: Resizing costmap to 676 X 680 at 0.050000 m/pix
[lifecycle_manager-13] [INFO] [1789660574.119727514] [lifecycle_manager_navigation]: Server map_server connected with bond.
[lifecycle_manager-13] [INFO] [1789660574.119822859] [lifecycle_manager_navigation]: [34m[1mActivating controller_server[0m[0m
[controller_server-8] [INFO] [1789660574.120309745] [controller_server]: Activating
[controller_server-8] [INFO] [1789660574.120369124] [local_costmap.local_costmap]: Activating
[controller_server-8] [INFO] [1789660574.120388137] [local_costmap.local_costmap]: Checking transform
[controller_server-8] [INFO] [1789660574.120428758] [local_costmap.local_costmap]: Timed out waiting for transform from base_footprint to odom to become available, tf error: Invalid frame ID "odom" passed to canTransform argument target_frame - frame does not exist
[controller_server-8] [INFO] [1789660574.622881403] [local_costmap.local_costmap]: Timed out waiting for transform from base_footprint to odom to become available, tf error: Invalid frame ID "odom" passed to canTransform argument target_frame - frame does not exist
[controller_server-8] [INFO] [1789660575.121167061] [local_costmap.local_costmap]: Timed out waiting for transform from base_footprint to odom to become available, tf error: Invalid frame ID "odom" passed to canTransform argument target_frame - frame does not exist
[controller_server-8] [INFO] [1789660575.620871841] [local_costmap.local_costmap]: Timed out waiting for transform from base_footprint to odom to become available, tf error: Invalid frame ID "odom" passed to canTransform argument target_frame - frame does not exist
[controller_server-8] [INFO] [1789660576.121153803] [local_costmap.local_costmap]: Timed out waiting for transform from base_footprint to odom to become available, tf error: Invalid frame ID "odom" passed to canTransform argument target_frame - frame does not exist
[controller_server-8] [INFO] [1789660576.620571819] [local_costmap.local_costmap]: Timed out waiting for transform from base_footprint to odom to become available, tf error: Invalid frame ID "odom" passed to canTransform argument target_frame - frame does not exist
[controller_server-8] [INFO] [1789660577.120793172] [local_costmap.local_costmap]: Timed out waiting for transform from base_footprint to odom to become available, tf error: Invalid frame ID "odom" passed to canTransform argument target_frame - frame does not exist
[controller_server-8] [INFO] [1789660577.621538232] [local_costmap.local_costmap]: Timed out waiting for transform from base_footprint to odom to become available, tf error: Invalid frame ID "odom" passed to canTransform argument target_frame - frame does not exist
[controller_server-8] [INFO] [1789660578.158924200] [local_costmap.local_costmap]: Timed out waiting for transform from base_footprint to odom to become available, tf error: Invalid frame ID "odom" passed to canTransform argument target_frame - frame does not exist
[spawn_entity.py-3] [INFO] [1789660578.461155820] [spawn_swerve]: Calling service /spawn_entity
[controller_server-8] [INFO] [1789660578.620915466] [local_costmap.local_costmap]: Timed out waiting for transform from base_footprint to odom to become available, tf error: Invalid frame ID "odom" passed to canTransform argument target_frame - frame does not exist
[gzserver-1] [INFO] [1789660578.641602974] [gazebo_ros_state]: Publishing states of gazebo models at [/model_states]
[gzserver-1] [INFO] [1789660578.646657805] [gazebo_ros_state]: Publishing states of gazebo links at [/link_states]
[controller_server-8] [INFO] [1789660579.120748802] [local_costmap.local_costmap]: Timed out waiting for transform from base_footprint to odom to become available, tf error: Invalid frame ID "odom" passed to canTransform argument target_frame - frame does not exist
[gzserver-1] [INFO] [1789660579.304245379] [imu.imu_ros]: <initial_orientation_as_reference> is unset, using default value of false to comply with REP 145 (world as orientation reference)
[controller_server-8] [INFO] [1789660579.621064928] [local_costmap.local_costmap]: Timed out waiting for transform from base_footprint to odom to become available, tf error: Invalid frame ID "odom" passed to canTransform argument target_frame - frame does not exist
[controller_server-8] [INFO] [1789660580.120638213] [local_costmap.local_costmap]: Timed out waiting for transform from base_footprint to odom to become available, tf error: Invalid frame ID "odom" passed to canTransform argument target_frame - frame does not exist
[controller_server-8] [INFO] [1789660580.620813246] [local_costmap.local_costmap]: Timed out waiting for transform from base_footprint to odom to become available, tf error: Invalid frame ID "odom" passed to canTransform argument target_frame - frame does not exist
[controller_server-8] [INFO] [1789660581.121492414] [local_costmap.local_costmap]: Timed out waiting for transform from base_footprint to odom to become available, tf error: Invalid frame ID "odom" passed to canTransform argument target_frame - frame does not exist
[controller_server-8] [INFO] [1789660581.620501726] [local_costmap.local_costmap]: Timed out waiting for transform from base_footprint to odom to become available, tf error: Invalid frame ID "odom" passed to canTransform argument target_frame - frame does not exist
[controller_server-8] [INFO] [1789660582.122861092] [local_costmap.local_costmap]: Timed out waiting for transform from base_footprint to odom to become available, tf error: Invalid frame ID "odom" passed to canTransform argument target_frame - frame does not exist
[controller_server-8] [INFO] [1789660582.620545685] [local_costmap.local_costmap]: Timed out waiting for transform from base_footprint to odom to become available, tf error: Invalid frame ID "odom" passed to canTransform argument target_frame - frame does not exist
[controller_server-8] [INFO] [1789660583.121252464] [local_costmap.local_costmap]: Timed out waiting for transform from base_footprint to odom to become available, tf error: Invalid frame ID "odom" passed to canTransform argument target_frame - frame does not exist
[controller_server-8] [INFO] [1789660583.620812860] [local_costmap.local_costmap]: Timed out waiting for transform from base_footprint to odom to become available, tf error: Invalid frame ID "odom" passed to canTransform argument target_frame - frame does not exist
[controller_server-8] [INFO] [1789660584.121116584] [local_costmap.local_costmap]: Timed out waiting for transform from base_footprint to odom to become available, tf error: Invalid frame ID "odom" passed to canTransform argument target_frame - frame does not exist
[controller_server-8] [INFO] [1789660584.621955367] [local_costmap.local_costmap]: Timed out waiting for transform from base_footprint to odom to become available, tf error: Invalid frame ID "odom" passed to canTransform argument target_frame - frame does not exist
[controller_server-8] [INFO] [1789660585.120735603] [local_costmap.local_costmap]: Timed out waiting for transform from base_footprint to odom to become available, tf error: Invalid frame ID "odom" passed to canTransform argument target_frame - frame does not exist
[controller_server-8] [INFO] [1789660585.621235392] [local_costmap.local_costmap]: Timed out waiting for transform from base_footprint to odom to become available, tf error: Invalid frame ID "odom" passed to canTransform argument target_frame - frame does not exist
[controller_server-8] [INFO] [1789660586.123091216] [local_costmap.local_costmap]: Timed out waiting for transform from base_footprint to odom to become available, tf error: Invalid frame ID "odom" passed to canTransform argument target_frame - frame does not exist
[controller_server-8] [INFO] [1789660586.620522130] [local_costmap.local_costmap]: Timed out waiting for transform from base_footprint to odom to become available, tf error: Invalid frame ID "odom" passed to canTransform argument target_frame - frame does not exist
[controller_server-8] [INFO] [1789660587.120549513] [local_costmap.local_costmap]: Timed out waiting for transform from base_footprint to odom to become available, tf error: Invalid frame ID "odom" passed to canTransform argument target_frame - frame does not exist
[controller_server-8] [INFO] [1789660587.620667003] [local_costmap.local_costmap]: Timed out waiting for transform from base_footprint to odom to become available, tf error: Invalid frame ID "odom" passed to canTransform argument target_frame - frame does not exist
[controller_server-8] [INFO] [1789660588.121161393] [local_costmap.local_costmap]: Timed out waiting for transform from base_footprint to odom to become available, tf error: Invalid frame ID "odom" passed to canTransform argument target_frame - frame does not exist
[controller_server-8] [INFO] [1789660588.626592488] [local_costmap.local_costmap]: Timed out waiting for transform from base_footprint to odom to become available, tf error: Invalid frame ID "odom" passed to canTransform argument target_frame - frame does not exist
[controller_server-8] [INFO] [1789660589.121418406] [local_costmap.local_costmap]: Timed out waiting for transform from base_footprint to odom to become available, tf error: Invalid frame ID "odom" passed to canTransform argument target_frame - frame does not exist
[controller_server-8] [INFO] [1789660589.621048329] [local_costmap.local_costmap]: Timed out waiting for transform from base_footprint to odom to become available, tf error: Invalid frame ID "odom" passed to canTransform argument target_frame - frame does not exist
[controller_server-8] [INFO] [1789660590.121774987] [local_costmap.local_costmap]: Timed out waiting for transform from base_footprint to odom to become available, tf error: Invalid frame ID "odom" passed to canTransform argument target_frame - frame does not exist
[controller_server-8] [INFO] [1789660590.620526920] [local_costmap.local_costmap]: Timed out waiting for transform from base_footprint to odom to become available, tf error: Invalid frame ID "odom" passed to canTransform argument target_frame - frame does not exist
[controller_server-8] [INFO] [1789660591.120783098] [local_costmap.local_costmap]: Timed out waiting for transform from base_footprint to odom to become available, tf error: Invalid frame ID "odom" passed to canTransform argument target_frame - frame does not exist
[controller_server-8] [INFO] [1789660591.621818890] [local_costmap.local_costmap]: Timed out waiting for transform from base_footprint to odom to become available, tf error: Invalid frame ID "odom" passed to canTransform argument target_frame - frame does not exist
[controller_server-8] [INFO] [1789660592.121325955] [local_costmap.local_costmap]: Timed out waiting for transform from base_footprint to odom to become available, tf error: Invalid frame ID "odom" passed to canTransform argument target_frame - frame does not exist
[controller_server-8] [INFO] [1789660592.625086335] [local_costmap.local_costmap]: Timed out waiting for transform from base_footprint to odom to become available, tf error: Invalid frame ID "odom" passed to canTransform argument target_frame - frame does not exist
[controller_server-8] [INFO] [1789660593.121099007] [local_costmap.local_costmap]: Timed out waiting for transform from base_footprint to odom to become available, tf error: Invalid frame ID "odom" passed to canTransform argument target_frame - frame does not exist
[controller_server-8] [INFO] [1789660593.621192509] [local_costmap.local_costmap]: Timed out waiting for transform from base_footprint to odom to become available, tf error: Invalid frame ID "odom" passed to canTransform argument target_frame - frame does not exist
[controller_server-8] [INFO] [1789660594.121552943] [local_costmap.local_costmap]: Timed out waiting for transform from base_footprint to odom to become available, tf error: Invalid frame ID "odom" passed to canTransform argument target_frame - frame does not exist
[controller_server-8] [INFO] [1789660594.621508051] [local_costmap.local_costmap]: Timed out waiting for transform from base_footprint to odom to become available, tf error: Invalid frame ID "odom" passed to canTransform argument target_frame - frame does not exist
[controller_server-8] [INFO] [1789660595.120620047] [local_costmap.local_costmap]: Timed out waiting for transform from base_footprint to odom to become available, tf error: Invalid frame ID "odom" passed to canTransform argument target_frame - frame does not exist
[spawn_entity.py-3] [INFO] [1789660595.203150698] [spawn_swerve]: Spawn status: SpawnEntity: Successfully spawned entity [swerve_base]
[gzserver-1] [INFO] [1789660595.473674413] [gazebo_ros2_control]: Loading gazebo_ros2_control plugin
[gzserver-1] [INFO] [1789660595.548838640] [gazebo_ros2_control]: Starting gazebo_ros2_control plugin in namespace: /
[gzserver-1] [INFO] [1789660595.548908254] [gazebo_ros2_control]: Starting gazebo_ros2_control plugin in ros 2 node: gazebo_ros2_control
[INFO] [spawn_entity.py-3]: process has finished cleanly [pid 229134]
[INFO] [spawner-15]: process started with pid [229713]
[controller_server-8] [INFO] [1789660595.624797290] [local_costmap.local_costmap]: Timed out waiting for transform from base_footprint to odom to become available, tf error: Invalid frame ID "odom" passed to canTransform argument target_frame - frame does not exist
[gzserver-1] [INFO] [1789660595.640369823] [gazebo_ros2_control]: connected to service!! robot_state_publisher
[gzserver-1] [INFO] [1789660595.656560145] [gazebo_ros2_control]: Received urdf from param server, parsing...
[gzserver-1] [INFO] [1789660595.656741728] [gazebo_ros2_control]: Loading parameter files /home/yahboom/swerve_bringup/install/swerve_bringup/share/swerve_bringup/config/controllers.yaml
[gzserver-1] [INFO] [1789660595.697635886] [gazebo_ros2_control]: Loading joint: steer_front_joint
[gzserver-1] [INFO] [1789660595.697705509] [gazebo_ros2_control]: 	State:
[gzserver-1] [INFO] [1789660595.697720669] [gazebo_ros2_control]: 		 position
[gzserver-1] [INFO] [1789660595.697732891] [gazebo_ros2_control]: 		 velocity
[gzserver-1] [INFO] [1789660595.697742408] [gazebo_ros2_control]: 	Command:
[gzserver-1] [INFO] [1789660595.697750921] [gazebo_ros2_control]: 		 position
[gzserver-1] [INFO] [1789660595.704588406] [gazebo_ros2_control]: Loading joint: steer_rear_joint
[gzserver-1] [INFO] [1789660595.704653528] [gazebo_ros2_control]: 	State:
[gzserver-1] [INFO] [1789660595.704666274] [gazebo_ros2_control]: 		 position
[gzserver-1] [INFO] [1789660595.704677879] [gazebo_ros2_control]: 		 velocity
[gzserver-1] [INFO] [1789660595.704687036] [gazebo_ros2_control]: 	Command:
[gzserver-1] [INFO] [1789660595.704696262] [gazebo_ros2_control]: 		 position
[gzserver-1] [INFO] [1789660595.704856648] [gazebo_ros2_control]: Loading joint: wheel_front_drive_joint
[gzserver-1] [INFO] [1789660595.704875269] [gazebo_ros2_control]: 	State:
[gzserver-1] [INFO] [1789660595.704886134] [gazebo_ros2_control]: 		 position
[gzserver-1] [INFO] [1789660595.704939678] [gazebo_ros2_control]: 		 velocity
[gzserver-1] [INFO] [1789660595.704949088] [gazebo_ros2_control]: 	Command:
[gzserver-1] [INFO] [1789660595.704980703] [gazebo_ros2_control]: 		 velocity
[gzserver-1] [INFO] [1789660595.705111761] [gazebo_ros2_control]: Loading joint: wheel_rear_drive_joint
[gzserver-1] [INFO] [1789660595.705127577] [gazebo_ros2_control]: 	State:
[gzserver-1] [INFO] [1789660595.705136661] [gazebo_ros2_control]: 		 position
[gzserver-1] [INFO] [1789660595.705145354] [gazebo_ros2_control]: 		 velocity
[gzserver-1] [INFO] [1789660595.705153494] [gazebo_ros2_control]: 	Command:
[gzserver-1] [INFO] [1789660595.705166857] [gazebo_ros2_control]: 		 velocity
[gzserver-1] [INFO] [1789660595.705438889] [resource_manager]: Initialize hardware 'GazeboSystem' 
[gzserver-1] [INFO] [1789660595.705735747] [resource_manager]: Successful initialization of hardware 'GazeboSystem'
[gzserver-1] [INFO] [1789660595.705894370] [resource_manager]: 'configure' hardware 'GazeboSystem' 
[gzserver-1] [INFO] [1789660595.705910932] [resource_manager]: Successful 'configure' of hardware 'GazeboSystem'
[gzserver-1] [INFO] [1789660595.705918839] [resource_manager]: 'activate' hardware 'GazeboSystem' 
[gzserver-1] [INFO] [1789660595.705925438] [resource_manager]: Successful 'activate' of hardware 'GazeboSystem'
[gzserver-1] [INFO] [1789660595.706034906] [gazebo_ros2_control]: Loading controller_manager
[gzserver-1] [WARN] [1789660595.969581589] [gazebo_ros2_control]:  Desired controller update period (0.01 s) is slower than the gazebo simulation period (0.001 s).
[gzserver-1] [INFO] [1789660595.971731350] [gazebo_ros2_control]: Loaded gazebo_ros2_control.
[controller_server-8] [INFO] [1789660596.120936505] [local_costmap.local_costmap]: Timed out waiting for transform from base_footprint to odom to become available, tf error: Invalid frame ID "odom" passed to canTransform argument target_frame - frame does not exist
[controller_server-8] [INFO] [1789660596.621976872] [local_costmap.local_costmap]: start
[controller_server-8] [INFO] [1789660596.839591313] [controller_server]: Creating bond (controller_server) to lifecycle manager.
[lifecycle_manager-13] [INFO] [1789660597.094202102] [lifecycle_manager_navigation]: Server controller_server connected with bond.
[lifecycle_manager-13] [INFO] [1789660597.094272441] [lifecycle_manager_navigation]: [34m[1mActivating planner_server[0m[0m
[planner_server-9] [INFO] [1789660597.095898790] [planner_server]: Activating
[planner_server-9] [INFO] [1789660597.096003579] [global_costmap.global_costmap]: Activating
[planner_server-9] [INFO] [1789660597.096023402] [global_costmap.global_costmap]: Checking transform
[planner_server-9] [INFO] [1789660597.096178245] [global_costmap.global_costmap]: start
[spawner-15] [INFO] [1789660597.609086838] [spawn_joint_state_broadcaster]: waiting for service /controller_manager/list_controllers to become available...
[planner_server-9] [INFO] [1789660597.749957806] [planner_server]: Activating plugin GridBased of type NavfnPlanner
[planner_server-9] [INFO] [1789660597.759982675] [planner_server]: Creating bond (planner_server) to lifecycle manager.
[lifecycle_manager-13] [INFO] [1789660597.888042677] [lifecycle_manager_navigation]: Server planner_server connected with bond.
[lifecycle_manager-13] [INFO] [1789660597.888100475] [lifecycle_manager_navigation]: [34m[1mActivating behavior_server[0m[0m
[behavior_server-10] [INFO] [1789660597.890261406] [behavior_server]: Activating
[behavior_server-10] [INFO] [1789660597.893959604] [behavior_server]: Activating spin
[behavior_server-10] [INFO] [1789660597.894306321] [behavior_server]: Activating backup
[behavior_server-10] [INFO] [1789660597.894322697] [behavior_server]: Activating drive_on_heading
[behavior_server-10] [INFO] [1789660597.894334149] [behavior_server]: Activating wait
[behavior_server-10] [INFO] [1789660597.894351324] [behavior_server]: Creating bond (behavior_server) to lifecycle manager.
[lifecycle_manager-13] [INFO] [1789660598.019406248] [lifecycle_manager_navigation]: Server behavior_server connected with bond.
[lifecycle_manager-13] [INFO] [1789660598.019503147] [lifecycle_manager_navigation]: [34m[1mActivating bt_navigator[0m[0m
[bt_navigator-11] [INFO] [1789660598.020331115] [bt_navigator]: Activating
[gzserver-1] [INFO] [1789660598.443995006] [controller_manager]: Loading controller 'joint_state_broadcaster'
[bt_navigator-11] [INFO] [1789660598.799755301] [bt_navigator]: Creating bond (bt_navigator) to lifecycle manager.
[spawner-15] [INFO] [1789660598.812126781] [spawn_joint_state_broadcaster]: [94mLoaded [1mjoint_state_broadcaster[0m
[gzserver-1] [INFO] [1789660598.830893157] [controller_manager]: Configuring controller 'joint_state_broadcaster'
[gzserver-1] [INFO] [1789660598.831515856] [joint_state_broadcaster]: 'joints' or 'interfaces' parameter is empty. All available state interfaces will be published
[spawner-15] [INFO] [1789660598.938080256] [spawn_joint_state_broadcaster]: [92mConfigured and activated [1mjoint_state_broadcaster[0m
[lifecycle_manager-13] [INFO] [1789660598.946463246] [lifecycle_manager_navigation]: Server bt_navigator connected with bond.
[lifecycle_manager-13] [INFO] [1789660598.946533627] [lifecycle_manager_navigation]: [34m[1mActivating waypoint_follower[0m[0m
[waypoint_follower-12] [INFO] [1789660598.947422709] [waypoint_follower]: Activating
[waypoint_follower-12] [INFO] [1789660598.947506559] [waypoint_follower]: Creating bond (waypoint_follower) to lifecycle manager.
[lifecycle_manager-13] [INFO] [1789660599.080694525] [lifecycle_manager_navigation]: Server waypoint_follower connected with bond.
[lifecycle_manager-13] [INFO] [1789660599.080760867] [lifecycle_manager_navigation]: [34m[1mManaged nodes are active[0m[0m
[lifecycle_manager-13] [INFO] [1789660599.080776428] [lifecycle_manager_navigation]: [34m[1mCreating bond timer...[0m[0m
[INFO] [spawner-15]: process has finished cleanly [pid 229713]
[INFO] [spawner-16]: process started with pid [229761]
[spawner-16] [INFO] [1789660600.797030369] [spawn_steering_controller]: waiting for service /controller_manager/list_controllers to become available...
[gzserver-1] [INFO] [1789660603.083119849] [controller_manager]: Loading controller 'steering_controller'
[spawner-16] [INFO] [1789660603.539104793] [spawn_steering_controller]: [94mLoaded [1msteering_controller[0m
[gzserver-1] [INFO] [1789660603.556185464] [controller_manager]: Configuring controller 'steering_controller'
[gzserver-1] [INFO] [1789660603.572815659] [steering_controller]: configure successful
[gzserver-1] [INFO] [1789660603.604317012] [steering_controller]: activate successful
[spawner-16] [INFO] [1789660603.648532182] [spawn_steering_controller]: [92mConfigured and activated [1msteering_controller[0m
[INFO] [spawner-16]: process has finished cleanly [pid 229761]
[INFO] [spawner-17]: process started with pid [229821]
[spawner-17] [INFO] [1789660605.151163593] [spawn_drive_controller]: waiting for service /controller_manager/list_controllers to become available...
[gzserver-1] [INFO] [1789660605.923375688] [controller_manager]: Loading controller 'drive_controller'
[spawner-17] [INFO] [1789660606.196070505] [spawn_drive_controller]: [94mLoaded [1mdrive_controller[0m
[gzserver-1] [INFO] [1789660606.204633565] [controller_manager]: Configuring controller 'drive_controller'
[gzserver-1] [INFO] [1789660606.209546943] [drive_controller]: configure successful
[gzserver-1] [INFO] [1789660606.240035135] [drive_controller]: activate successful
[spawner-17] [INFO] [1789660606.253706387] [spawn_drive_controller]: [92mConfigured and activated [1mdrive_controller[0m
[INFO] [spawner-17]: process has finished cleanly [pid 229821]
[INFO] [swerve_controller_node-18]: process started with pid [229833]
[INFO] [swerve_odometry_node-19]: process started with pid [229835]
[swerve_controller_node-18] [INFO] [1789660608.960009944] [swerve_controller]: Swerve controller ready: radius=0.0675 m, modules={'front': (0.300042, 0.0), 'rear': (-0.300042, 0.0)}
[swerve_odometry_node-19] [INFO] [1789660609.303345972] [swerve_odometry]: Encoder odometry ready: radius=0.0637 m, velocity_sign=+1.0
[lifecycle_manager-13] [INFO] [1789660610.059975007] [rclcpp]: signal_handler(signum=2)
[waypoint_follower-12] [INFO] [1789660610.060206458] [rclcpp]: signal_handler(signum=2)
[WARNING] [launch]: user interrupted with ctrl-c (SIGINT)
[controller_server-8] [INFO] [1789660610.061385600] [rclcpp]: signal_handler(signum=2)
[robot_state_publisher-2] [INFO] [1789660610.061440699] [rclcpp]: signal_handler(signum=2)
[planner_server-9] [INFO] [1789660610.061494316] [rclcpp]: signal_handler(signum=2)
[INFO] [swerve_odometry_node-19]: sending signal 'SIGINT' to process[swerve_odometry_node-19]
[INFO] [swerve_controller_node-18]: sending signal 'SIGINT' to process[swerve_controller_node-18]
[INFO] [lifecycle_manager-13]: sending signal 'SIGINT' to process[lifecycle_manager-13]
[INFO] [waypoint_follower-12]: sending signal 'SIGINT' to process[waypoint_follower-12]
[INFO] [bt_navigator-11]: sending signal 'SIGINT' to process[bt_navigator-11]
[INFO] [behavior_server-10]: sending signal 'SIGINT' to process[behavior_server-10]
[INFO] [planner_server-9]: sending signal 'SIGINT' to process[planner_server-9]
[INFO] [controller_server-8]: sending signal 'SIGINT' to process[controller_server-8]
[INFO] [map_server-7]: sending signal 'SIGINT' to process[map_server-7]
[INFO] [ekf_node-6]: sending signal 'SIGINT' to process[ekf_node-6]
[INFO] [v30e_sim_node-5]: sending signal 'SIGINT' to process[v30e_sim_node-5]
[INFO] [ekf_node-4]: sending signal 'SIGINT' to process[ekf_node-4]
[INFO] [robot_state_publisher-2]: sending signal 'SIGINT' to process[robot_state_publisher-2]
[ERROR] [ekf_node-6]: process has died [pid 229157, exit code -2, cmd '/opt/ros/humble/lib/robot_localization/ekf_node --ros-args -r __node:=ekf_v30e --params-file /home/yahboom/swerve_bringup/install/swerve_bringup/share/swerve_bringup/config/v30e_localization_ekf.yaml --params-file /tmp/launch_params_7x8w4nl4 -r odometry/filtered:=/odometry/v30e'].
[INFO] [gzserver-1]: sending signal 'SIGINT' to process[gzserver-1]
[behavior_server-10] [INFO] [1789660610.062738838] [rclcpp]: signal_handler(signum=2)
[behavior_server-10] [INFO] [1789660610.065714016] [behavior_server]: Running Nav2 LifecycleNode rcl preshutdown (behavior_server)
[behavior_server-10] [INFO] [1789660610.065796913] [behavior_server]: Deactivating
[behavior_server-10] [INFO] [1789660610.065839363] [behavior_server]: Destroying bond (behavior_server) to lifecycle manager.
[behavior_server-10] [INFO] [1789660610.079058091] [behavior_server]: Cleaning up
[bt_navigator-11] [INFO] [1789660610.062948895] [rclcpp]: signal_handler(signum=2)
[bt_navigator-11] [INFO] [1789660610.063115057] [bt_navigator]: Running Nav2 LifecycleNode rcl preshutdown (bt_navigator)
[bt_navigator-11] [INFO] [1789660610.063250020] [bt_navigator]: Deactivating
[bt_navigator-11] [INFO] [1789660610.063289633] [bt_navigator]: Destroying bond (bt_navigator) to lifecycle manager.
[bt_navigator-11] [INFO] [1789660610.093133173] [bt_navigator]: Cleaning up
[ekf_node-4] [INFO] [1789660610.062923291] [rclcpp]: signal_handler(signum=2)
[waypoint_follower-12] [INFO] [1789660610.063226291] [waypoint_follower]: Running Nav2 LifecycleNode rcl preshutdown (waypoint_follower)
[waypoint_follower-12] [INFO] [1789660610.063355865] [waypoint_follower]: Deactivating
[waypoint_follower-12] [INFO] [1789660610.063432330] [waypoint_follower]: Destroying bond (waypoint_follower) to lifecycle manager.
[waypoint_follower-12] [INFO] [1789660610.104711743] [waypoint_follower]: Cleaning up
[lifecycle_manager-13] [INFO] [1789660610.064663153] [lifecycle_manager_navigation]: Running Nav2 LifecycleManager rcl preshutdown (lifecycle_manager_navigation)
[lifecycle_manager-13] [INFO] [1789660610.064803290] [lifecycle_manager_navigation]: [34m[1mTerminating bond timer...[0m[0m
[map_server-7] [INFO] [1789660610.065916899] [rclcpp]: signal_handler(signum=2)
[map_server-7] [INFO] [1789660610.067151045] [map_server]: Running Nav2 LifecycleNode rcl preshutdown (map_server)
[map_server-7] [INFO] [1789660610.067221324] [map_server]: Deactivating
[map_server-7] [INFO] [1789660610.067250798] [map_server]: Destroying bond (map_server) to lifecycle manager.
[map_server-7] [INFO] [1789660610.088308914] [map_server]: Cleaning up
[map_server-7] [INFO] [1789660610.088444837] [map_server]: Destroying bond (map_server) to lifecycle manager.
[ekf_node-6] [INFO] [1789660610.066318134] [rclcpp]: signal_handler(signum=2)
[planner_server-9] [INFO] [1789660610.073391830] [planner_server]: Running Nav2 LifecycleNode rcl preshutdown (planner_server)
[planner_server-9] [INFO] [1789660610.073530378] [planner_server]: Deactivating
[planner_server-9] [INFO] [1789660610.073616410] [global_costmap.global_costmap]: Deactivating
[controller_server-8] [INFO] [1789660610.076523201] [controller_server]: Running Nav2 LifecycleNode rcl preshutdown (controller_server)
[controller_server-8] [INFO] [1789660610.078307895] [controller_server]: Deactivating
[controller_server-8] [INFO] [1789660610.078373167] [local_costmap.local_costmap]: Deactivating
[planner_server-9] [INFO] [1789660610.111904834] [planner_server]: Deactivating plugin GridBased of type NavfnPlanner
[planner_server-9] [INFO] [1789660610.111964089] [planner_server]: Destroying bond (planner_server) to lifecycle manager.
[swerve_controller_node-18] Traceback (most recent call last):
[swerve_controller_node-18]   File "/home/yahboom/swerve_bringup/install/swerve_bringup/lib/swerve_bringup/swerve_controller_node", line 192, in <module>
[swerve_controller_node-18]     main()
[swerve_controller_node-18]   File "/home/yahboom/swerve_bringup/install/swerve_bringup/lib/swerve_bringup/swerve_controller_node", line 184, in main
[swerve_controller_node-18]     node.steer_pub.publish(Float64MultiArray(data=[
[swerve_controller_node-18]   File "/opt/ros/humble/local/lib/python3.10/dist-packages/rclpy/publisher.py", line 70, in publish
[swerve_controller_node-18]     self.__publisher.publish(msg)
[swerve_controller_node-18] rclpy._rclpy_pybind11.RCLError: Failed to publish: publisher's context is invalid, at ./src/rcl/publisher.c:389
[swerve_controller_node-18] Error in sys.excepthook:
[swerve_controller_node-18] Traceback (most recent call last):
[swerve_controller_node-18]   File "/usr/lib/python3/dist-packages/apport_python_hook.py", line 72, in apport_excepthook
[swerve_controller_node-18]     from apport.fileutils import likely_packaged, get_recent_crashes
[swerve_controller_node-18]   File "/usr/lib/python3/dist-packages/apport/__init__.py", line 5, in <module>
[swerve_controller_node-18]     from apport.report import Report
[swerve_controller_node-18]   File "/usr/lib/python3/dist-packages/apport/report.py", line 15, in <module>
[swerve_controller_node-18]     import xml.dom, xml.dom.minidom
[swerve_controller_node-18]   File "/usr/lib/python3.10/xml/dom/__init__.py", line 140, in <module>
[swerve_controller_node-18]     from .domreg import getDOMImplementation, registerDOMImplementation
[swerve_controller_node-18]   File "<frozen importlib._bootstrap>", line 1027, in _find_and_load
[swerve_controller_node-18]   File "<frozen importlib._bootstrap>", line 1002, in _find_and_load_unlocked
[swerve_controller_node-18]   File "<frozen importlib._bootstrap>", line 945, in _find_spec
[swerve_controller_node-18]   File "<frozen importlib._bootstrap_external>", line 1439, in find_spec
[swerve_controller_node-18]   File "<frozen importlib._bootstrap_external>", line 1411, in _get_spec
[swerve_controller_node-18]   File "<frozen importlib._bootstrap_external>", line 1548, in find_spec
[swerve_controller_node-18]   File "<frozen importlib._bootstrap_external>", line 1591, in _fill_cache
[swerve_controller_node-18] KeyboardInterrupt
[swerve_controller_node-18] 
[swerve_controller_node-18] Original exception was:
[swerve_controller_node-18] Traceback (most recent call last):
[swerve_controller_node-18]   File "/home/yahboom/swerve_bringup/install/swerve_bringup/lib/swerve_bringup/swerve_controller_node", line 192, in <module>
[swerve_controller_node-18]     main()
[swerve_controller_node-18]   File "/home/yahboom/swerve_bringup/install/swerve_bringup/lib/swerve_bringup/swerve_controller_node", line 184, in main
[swerve_controller_node-18]     node.steer_pub.publish(Float64MultiArray(data=[
[swerve_controller_node-18]   File "/opt/ros/humble/local/lib/python3.10/dist-packages/rclpy/publisher.py", line 70, in publish
[swerve_controller_node-18]     self.__publisher.publish(msg)
[swerve_controller_node-18] rclpy._rclpy_pybind11.RCLError: Failed to publish: publisher's context is invalid, at ./src/rcl/publisher.c:389
[controller_server-8] [INFO] [1789660610.129342764] [controller_server]: Destroying bond (controller_server) to lifecycle manager.
[lifecycle_manager-13] [INFO] [1789660610.138943349] [rclcpp]: signal_handler(signum=2)
[waypoint_follower-12] [INFO] [1789660610.145933499] [rclcpp]: signal_handler(signum=2)
[planner_server-9] [INFO] [1789660610.150312130] [planner_server]: Cleaning up
[bt_navigator-11] [INFO] [1789660610.154982360] [rclcpp]: signal_handler(signum=2)
[behavior_server-10] [INFO] [1789660610.158977236] [rclcpp]: signal_handler(signum=2)
[controller_server-8] [INFO] [1789660610.162960195] [controller_server]: Cleaning up
[controller_server-8] [INFO] [1789660610.163224140] [local_costmap.local_costmap]: Cleaning up
[planner_server-9] [INFO] [1789660610.163899121] [rclcpp]: signal_handler(signum=2)
[controller_server-8] [INFO] [1789660610.171313346] [rclcpp]: signal_handler(signum=2)
[map_server-7] [INFO] [1789660610.179742551] [rclcpp]: signal_handler(signum=2)
[swerve_odometry_node-19] Traceback (most recent call last):
[swerve_odometry_node-19]   File "/home/yahboom/swerve_bringup/install/swerve_bringup/lib/swerve_bringup/swerve_odometry_node", line 221, in <module>
[swerve_odometry_node-19]     main()
[swerve_odometry_node-19]   File "/home/yahboom/swerve_bringup/install/swerve_bringup/lib/swerve_bringup/swerve_odometry_node", line 215, in main
[swerve_odometry_node-19]     node.destroy_node()
[swerve_odometry_node-19]   File "/opt/ros/humble/local/lib/python3.10/dist-packages/rclpy/node.py", line 1685, in destroy_node
[swerve_odometry_node-19]     self.destroy_publisher(self._publishers[0])
[swerve_odometry_node-19]   File "/opt/ros/humble/local/lib/python3.10/dist-packages/rclpy/node.py", line 1565, in destroy_publisher
[swerve_odometry_node-19]     publisher.destroy()
[swerve_odometry_node-19]   File "/opt/ros/humble/local/lib/python3.10/dist-packages/rclpy/publisher.py", line 99, in destroy
[swerve_odometry_node-19]     self.__publisher.destroy_when_not_in_use()
[swerve_odometry_node-19] KeyboardInterrupt
[v30e_sim_node-5] Traceback (most recent call last):
[v30e_sim_node-5]   File "/home/yahboom/swerve_bringup/install/swerve_bringup/lib/swerve_bringup/v30e_sim_node", line 188, in <module>
[v30e_sim_node-5]     if __name__ == '__main__': main()
[v30e_sim_node-5]   File "/home/yahboom/swerve_bringup/install/swerve_bringup/lib/swerve_bringup/v30e_sim_node", line 185, in main
[v30e_sim_node-5]     node.destroy_node(); rclpy.shutdown()
[v30e_sim_node-5]   File "/opt/ros/humble/local/lib/python3.10/dist-packages/rclpy/node.py", line 1685, in destroy_node
[v30e_sim_node-5]     self.destroy_publisher(self._publishers[0])
[v30e_sim_node-5]   File "/opt/ros/humble/local/lib/python3.10/dist-packages/rclpy/node.py", line 1565, in destroy_publisher
[v30e_sim_node-5]     publisher.destroy()
[v30e_sim_node-5]   File "/opt/ros/humble/local/lib/python3.10/dist-packages/rclpy/publisher.py", line 99, in destroy
[v30e_sim_node-5]     self.__publisher.destroy_when_not_in_use()
[v30e_sim_node-5] KeyboardInterrupt
[robot_state_publisher-2] [INFO] [1789660610.217168212] [rclcpp]: signal_handler(signum=2)
[waypoint_follower-12] [INFO] [1789660610.227455607] [waypoint_follower]: Destroying bond (waypoint_follower) to lifecycle manager.
[waypoint_follower-12] [INFO] [1789660610.243738576] [waypoint_follower]: Destroying
[ERROR] [ekf_node-4]: process has died [pid 229136, exit code -2, cmd '/opt/ros/humble/lib/robot_localization/ekf_node --ros-args -r __node:=ekf_filter_node --params-file /home/yahboom/swerve_bringup/install/swerve_bringup/share/swerve_bringup/config/ekf.yaml --params-file /tmp/launch_params_knfxb067 -r /odom:=/odom -r /imu/data:=/imu/data'].
[map_server-7] [INFO] [1789660610.314505430] [map_server]: Destroying
[planner_server-9] [INFO] [1789660610.389015828] [global_costmap.global_costmap]: Cleaning up
[planner_server-9] [INFO] [1789660610.433586652] [planner_server]: Cleaning up plugin GridBased of type NavfnPlanner
[planner_server-9] [INFO] [1789660610.437038449] [planner_server]: Destroying plugin GridBased of type NavfnPlanner
[behavior_server-10] [INFO] [1789660610.433803869] [behavior_server]: Destroying bond (behavior_server) to lifecycle manager.
[ERROR] [swerve_odometry_node-19]: process has died [pid 229835, exit code -2, cmd '/home/yahboom/swerve_bringup/install/swerve_bringup/lib/swerve_bringup/swerve_odometry_node --ros-args -r __node:=swerve_odometry --params-file /home/yahboom/swerve_bringup/install/swerve_bringup/share/swerve_bringup/config/swerve_odometry.yaml --params-file /tmp/launch_params_2adgufpn'].
[ERROR] [v30e_sim_node-5]: process has died [pid 229155, exit code -2, cmd '/home/yahboom/swerve_bringup/install/swerve_bringup/lib/swerve_bringup/v30e_sim_node --ros-args -r __node:=v30e_sim_node --params-file /home/yahboom/swerve_bringup/install/swerve_bringup/share/swerve_bringup/config/v30e_sim.yaml --params-file /tmp/launch_params__3m2ms00'].
[planner_server-9] [INFO] [1789660610.486225821] [planner_server]: Destroying bond (planner_server) to lifecycle manager.
[INFO] [robot_state_publisher-2]: process has finished cleanly [pid 229132]
[lifecycle_manager-13] [INFO] [1789660610.487048010] [lifecycle_manager_navigation]: Destroying lifecycle_manager_navigation
[controller_server-8] [INFO] [1789660610.507192407] [controller_server]: Destroying bond (controller_server) to lifecycle manager.
[planner_server-9] [INFO] [1789660610.532752554] [global_costmap.global_costmap]: Destroying
[behavior_server-10] [INFO] [1789660610.536702885] [behavior_server]: Destroying
[controller_server-8] [INFO] [1789660610.545686579] [local_costmap.local_costmap]: Destroying
[ERROR] [swerve_controller_node-18]: process has died [pid 229833, exit code 1, cmd '/home/yahboom/swerve_bringup/install/swerve_bringup/lib/swerve_bringup/swerve_controller_node --ros-args -r __node:=swerve_controller --params-file /home/yahboom/swerve_bringup/install/swerve_bringup/share/swerve_bringup/config/swerve_controller.yaml --params-file /tmp/launch_params_d81og6uo'].
[planner_server-9] [INFO] [1789660610.571868143] [planner_server]: Destroying
[controller_server-8] [INFO] [1789660610.575156587] [controller_server]: Destroying
[INFO] [map_server-7]: process has finished cleanly [pid 229159]
[INFO] [waypoint_follower-12]: process has finished cleanly [pid 229177]
[INFO] [lifecycle_manager-13]: process has finished cleanly [pid 229180]
[bt_navigator-11] [INFO] [1789660610.663169562] [bt_navigator]: Completed Cleaning up
[bt_navigator-11] [INFO] [1789660610.663907183] [bt_navigator]: Destroying bond (bt_navigator) to lifecycle manager.
[bt_navigator-11] [INFO] [1789660610.675948219] [bt_navigator]: Destroying
[INFO] [behavior_server-10]: process has finished cleanly [pid 229165]
[INFO] [planner_server-9]: process has finished cleanly [pid 229163]
[INFO] [controller_server-8]: process has finished cleanly [pid 229161]
[INFO] [bt_navigator-11]: process has finished cleanly [pid 229175]
[INFO] [gzserver-1]: process has finished cleanly [pid 229130]
