[INFO] [launch]: All log files can be found below /home/yahboom/.ros/log/2026-09-17-17-08-05-499968-yahboom-virtual-machine-156502
[INFO] [launch]: Default logging verbosity is set to INFO
[INFO] [gzserver-1]: process started with pid [156529]
[INFO] [robot_state_publisher-2]: process started with pid [156533]
[INFO] [spawn_entity.py-3]: process started with pid [156537]
[INFO] [ekf_node-4]: process started with pid [156539]
[INFO] [v30e_sim_node-5]: process started with pid [156543]
[INFO] [ekf_node-6]: process started with pid [156546]
[INFO] [map_server-7]: process started with pid [156549]
[INFO] [controller_server-8]: process started with pid [156552]
[INFO] [planner_server-9]: process started with pid [156555]
[INFO] [behavior_server-10]: process started with pid [156564]
[INFO] [bt_navigator-11]: process started with pid [156579]
[INFO] [waypoint_follower-12]: process started with pid [156600]
[INFO] [lifecycle_manager-13]: process started with pid [156606]
[INFO] [swerve_bridge_node-14]: process started with pid [156614]
[robot_state_publisher-2] [INFO] [1789636088.721914930] [robot_state_publisher]: got segment base_footprint
[robot_state_publisher-2] [INFO] [1789636088.722064599] [robot_state_publisher]: got segment base_link
[robot_state_publisher-2] [INFO] [1789636088.722077488] [robot_state_publisher]: got segment imu_link
[robot_state_publisher-2] [INFO] [1789636088.722085633] [robot_state_publisher]: got segment lidar_link
[robot_state_publisher-2] [INFO] [1789636088.722092750] [robot_state_publisher]: got segment steer_front_link
[robot_state_publisher-2] [INFO] [1789636088.722099752] [robot_state_publisher]: got segment steer_rear_link
[robot_state_publisher-2] [INFO] [1789636088.722106722] [robot_state_publisher]: got segment v30e_link
[robot_state_publisher-2] [INFO] [1789636088.722113571] [robot_state_publisher]: got segment wheel_front_drive_link
[robot_state_publisher-2] [INFO] [1789636088.722120443] [robot_state_publisher]: got segment wheel_front_left_link
[robot_state_publisher-2] [INFO] [1789636088.722127027] [robot_state_publisher]: got segment wheel_front_right_link
[robot_state_publisher-2] [INFO] [1789636088.722133775] [robot_state_publisher]: got segment wheel_rear_drive_link
[robot_state_publisher-2] [INFO] [1789636088.722140146] [robot_state_publisher]: got segment wheel_rear_left_link
[robot_state_publisher-2] [INFO] [1789636088.722146693] [robot_state_publisher]: got segment wheel_rear_right_link
[waypoint_follower-12] [INFO] [1789636088.884387040] [waypoint_follower]: 
[waypoint_follower-12] 	waypoint_follower lifecycle node launched. 
[waypoint_follower-12] 	Waiting on external lifecycle transitions to activate
[waypoint_follower-12] 	See https://design.ros2.org/articles/node_lifecycle.html for more information.
[waypoint_follower-12] [INFO] [1789636088.890154969] [waypoint_follower]: Creating
[lifecycle_manager-13] [INFO] [1789636088.990665339] [lifecycle_manager_navigation]: Creating
[lifecycle_manager-13] [INFO] [1789636089.052821588] [lifecycle_manager_navigation]: [34m[1mCreating and initializing lifecycle service clients[0m[0m
[bt_navigator-11] [INFO] [1789636089.054396421] [bt_navigator]: 
[bt_navigator-11] 	bt_navigator lifecycle node launched. 
[bt_navigator-11] 	Waiting on external lifecycle transitions to activate
[bt_navigator-11] 	See https://design.ros2.org/articles/node_lifecycle.html for more information.
[bt_navigator-11] [INFO] [1789636089.054540461] [bt_navigator]: Creating
[map_server-7] [INFO] [1789636089.165768377] [map_server]: 
[map_server-7] 	map_server lifecycle node launched. 
[map_server-7] 	Waiting on external lifecycle transitions to activate
[map_server-7] 	See https://design.ros2.org/articles/node_lifecycle.html for more information.
[map_server-7] [INFO] [1789636089.166098213] [map_server]: Creating
[behavior_server-10] [INFO] [1789636089.194012979] [behavior_server]: 
[behavior_server-10] 	behavior_server lifecycle node launched. 
[behavior_server-10] 	Waiting on external lifecycle transitions to activate
[behavior_server-10] 	See https://design.ros2.org/articles/node_lifecycle.html for more information.
[planner_server-9] [INFO] [1789636089.202938870] [planner_server]: 
[planner_server-9] 	planner_server lifecycle node launched. 
[planner_server-9] 	Waiting on external lifecycle transitions to activate
[planner_server-9] 	See https://design.ros2.org/articles/node_lifecycle.html for more information.
[planner_server-9] [INFO] [1789636089.204331635] [planner_server]: Creating
[swerve_bridge_node-14] Traceback (most recent call last):
[swerve_bridge_node-14]   File "/home/yahboom/swerve_bringup/install/swerve_bridge/lib/swerve_bridge/swerve_bridge_node", line 33, in <module>
[swerve_bridge_node-14]     sys.exit(load_entry_point('swerve-bridge', 'console_scripts', 'swerve_bridge_node')())
[swerve_bridge_node-14]   File "/home/yahboom/swerve_bringup/install/swerve_bridge/lib/swerve_bridge/swerve_bridge_node", line 22, in importlib_load_entry_point
[swerve_bridge_node-14]     for entry_point in distribution(dist_name).entry_points
[swerve_bridge_node-14]   File "/usr/lib/python3.10/importlib/metadata/__init__.py", line 969, in distribution
[swerve_bridge_node-14]     return Distribution.from_name(distribution_name)
[swerve_bridge_node-14]   File "/usr/lib/python3.10/importlib/metadata/__init__.py", line 548, in from_name
[swerve_bridge_node-14]     raise PackageNotFoundError(name)
[swerve_bridge_node-14] importlib.metadata.PackageNotFoundError: No package metadata was found for swerve-bridge
[ERROR] [swerve_bridge_node-14]: process has died [pid 156614, exit code 1, cmd '/home/yahboom/swerve_bringup/install/swerve_bridge/lib/swerve_bridge/swerve_bridge_node --ros-args -r __node:=swerve_bridge --params-file /home/yahboom/swerve_bringup/install/swerve_bridge/share/swerve_bridge/config/bridge.yaml --params-file /tmp/launch_params_1x7r2y5f'].
[controller_server-8] [INFO] [1789636089.302291017] [controller_server]: 
[controller_server-8] 	controller_server lifecycle node launched. 
[controller_server-8] 	Waiting on external lifecycle transitions to activate
[controller_server-8] 	See https://design.ros2.org/articles/node_lifecycle.html for more information.
[controller_server-8] [INFO] [1789636089.316973003] [controller_server]: Creating controller server
[planner_server-9] [INFO] [1789636089.499495992] [global_costmap.global_costmap]: 
[planner_server-9] 	global_costmap lifecycle node launched. 
[planner_server-9] 	Waiting on external lifecycle transitions to activate
[planner_server-9] 	See https://design.ros2.org/articles/node_lifecycle.html for more information.
[planner_server-9] [INFO] [1789636089.500063141] [global_costmap.global_costmap]: Creating Costmap
[controller_server-8] [INFO] [1789636089.557006498] [local_costmap.local_costmap]: 
[controller_server-8] 	local_costmap lifecycle node launched. 
[controller_server-8] 	Waiting on external lifecycle transitions to activate
[controller_server-8] 	See https://design.ros2.org/articles/node_lifecycle.html for more information.
[controller_server-8] [INFO] [1789636089.557675111] [local_costmap.local_costmap]: Creating Costmap
[lifecycle_manager-13] [INFO] [1789636090.001483213] [lifecycle_manager_navigation]: [34m[1mStarting managed nodes bringup...[0m[0m
[lifecycle_manager-13] [INFO] [1789636090.001565066] [lifecycle_manager_navigation]: [34m[1mConfiguring map_server[0m[0m
[map_server-7] [INFO] [1789636090.004848903] [map_server]: Configuring
[map_server-7] [INFO] [1789636090.004950482] [map_io]: Loading yaml file: /home/yahboom/swerve_bringup/install/swerve_bringup/share/swerve_bringup/swerve_navigation/maps/warehouse.yaml
[map_server-7] [INFO] [1789636090.005268741] [map_io]: resolution: 0.05
[map_server-7] [INFO] [1789636090.005283130] [map_io]: origin[0]: -17.2
[map_server-7] [INFO] [1789636090.005289042] [map_io]: origin[1]: -17.4
[map_server-7] [INFO] [1789636090.005294191] [map_io]: origin[2]: 0
[map_server-7] [INFO] [1789636090.005299521] [map_io]: free_thresh: 0.25
[map_server-7] [INFO] [1789636090.005304620] [map_io]: occupied_thresh: 0.65
[map_server-7] [INFO] [1789636090.005310138] [map_io]: mode: trinary
[map_server-7] [INFO] [1789636090.005316157] [map_io]: negate: 0
[map_server-7] [INFO] [1789636090.005548349] [map_io]: Loading image_file: /home/yahboom/swerve_bringup/install/swerve_bringup/share/swerve_bringup/swerve_navigation/maps/warehouse.pgm
[map_server-7] [INFO] [1789636090.141901003] [map_io]: Read map /home/yahboom/swerve_bringup/install/swerve_bringup/share/swerve_bringup/swerve_navigation/maps/warehouse.pgm: 676 X 680 map @ 0.05 m/cell
[spawn_entity.py-3] [INFO] [1789636090.153442519] [spawn_swerve]: Spawn Entity started
[spawn_entity.py-3] [INFO] [1789636090.154078319] [spawn_swerve]: Loading entity published on topic robot_description
[spawn_entity.py-3] [INFO] [1789636090.243818942] [spawn_swerve]: Waiting for entity xml on robot_description
[lifecycle_manager-13] [INFO] [1789636090.290668308] [lifecycle_manager_navigation]: [34m[1mConfiguring controller_server[0m[0m
[controller_server-8] [INFO] [1789636090.339573081] [controller_server]: Configuring controller interface
[controller_server-8] [INFO] [1789636090.346464080] [controller_server]: getting goal checker plugins..
[controller_server-8] [INFO] [1789636090.351803823] [controller_server]: Controller frequency set to 10.0000Hz
[controller_server-8] [INFO] [1789636090.351887234] [local_costmap.local_costmap]: Configuring
[controller_server-8] [INFO] [1789636090.418431192] [local_costmap.local_costmap]: Using plugin "voxel_layer"
[controller_server-8] [INFO] [1789636090.434163623] [local_costmap.local_costmap]: Subscribed to Topics: lidar3d scan
[spawn_entity.py-3] [INFO] [1789636090.805646429] [spawn_swerve]: Waiting for service /spawn_entity, timeout = 30
[spawn_entity.py-3] [INFO] [1789636090.806054523] [spawn_swerve]: Waiting for service /spawn_entity
[controller_server-8] [INFO] [1789636090.877533417] [local_costmap.local_costmap]: Initialized plugin "voxel_layer"
[controller_server-8] [INFO] [1789636090.877595376] [local_costmap.local_costmap]: Using plugin "inflation_layer"
[controller_server-8] [INFO] [1789636090.911656116] [local_costmap.local_costmap]: Initialized plugin "inflation_layer"
[v30e_sim_node-5] [INFO] [1789636090.991673114] [v30e_sim_node]: Using Gazebo /get_entity_state internally; odometry is not a V30E measurement input
[controller_server-8] [INFO] [1789636090.999617482] [controller_server]: Created progress_checker : progress_checker of type nav2_controller::SimpleProgressChecker
[controller_server-8] [INFO] [1789636091.010018403] [controller_server]: Created goal checker : general_goal_checker of type nav2_controller::SimpleGoalChecker
[controller_server-8] [INFO] [1789636091.011899158] [controller_server]: Controller Server has general_goal_checker  goal checkers available.
[controller_server-8] [INFO] [1789636091.013635722] [controller_server]: Created controller : FollowPath of type dwb_core::DWBLocalPlanner
[controller_server-8] [INFO] [1789636091.036436208] [controller_server]: Setting transform_tolerance to 0.200000
[controller_server-8] [INFO] [1789636091.095808819] [controller_server]: Using critic "RotateToGoal" (dwb_critics::RotateToGoalCritic)
[controller_server-8] [INFO] [1789636091.107850646] [controller_server]: Critic plugin initialized
[controller_server-8] [INFO] [1789636091.118449293] [controller_server]: Using critic "Oscillation" (dwb_critics::OscillationCritic)
[controller_server-8] [INFO] [1789636091.131540543] [controller_server]: Critic plugin initialized
[controller_server-8] [INFO] [1789636091.131708818] [controller_server]: Using critic "BaseObstacle" (dwb_critics::BaseObstacleCritic)
[controller_server-8] [INFO] [1789636091.131972171] [controller_server]: Critic plugin initialized
[controller_server-8] [INFO] [1789636091.132060738] [controller_server]: Using critic "GoalAlign" (dwb_critics::GoalAlignCritic)
[controller_server-8] [INFO] [1789636091.135804319] [controller_server]: Critic plugin initialized
[controller_server-8] [INFO] [1789636091.136075257] [controller_server]: Using critic "PathAlign" (dwb_critics::PathAlignCritic)
[controller_server-8] [INFO] [1789636091.136864229] [controller_server]: Critic plugin initialized
[controller_server-8] [INFO] [1789636091.141890136] [controller_server]: Using critic "PathDist" (dwb_critics::PathDistCritic)
[controller_server-8] [INFO] [1789636091.149418077] [controller_server]: Critic plugin initialized
[controller_server-8] [INFO] [1789636091.151681211] [controller_server]: Using critic "GoalDist" (dwb_critics::GoalDistCritic)
[controller_server-8] [INFO] [1789636091.152228107] [controller_server]: Critic plugin initialized
[controller_server-8] [INFO] [1789636091.152259383] [controller_server]: Controller Server has FollowPath  controllers available.
[lifecycle_manager-13] [INFO] [1789636091.202018237] [lifecycle_manager_navigation]: [34m[1mConfiguring planner_server[0m[0m
[planner_server-9] [INFO] [1789636091.203111355] [planner_server]: Configuring
[planner_server-9] [INFO] [1789636091.203167033] [global_costmap.global_costmap]: Configuring
[planner_server-9] [INFO] [1789636091.243181869] [global_costmap.global_costmap]: Using plugin "static_layer"
[planner_server-9] [INFO] [1789636091.255442951] [global_costmap.global_costmap]: Subscribing to the map topic (/map) with transient local durability
[planner_server-9] [INFO] [1789636091.269848253] [global_costmap.global_costmap]: Initialized plugin "static_layer"
[planner_server-9] [INFO] [1789636091.269908330] [global_costmap.global_costmap]: Using plugin "obstacle_layer"
[planner_server-9] [INFO] [1789636091.270414438] [global_costmap.global_costmap]: Subscribed to Topics: scan
[planner_server-9] [INFO] [1789636091.296545811] [global_costmap.global_costmap]: Initialized plugin "obstacle_layer"
[planner_server-9] [INFO] [1789636091.296599296] [global_costmap.global_costmap]: Using plugin "inflation_layer"
[planner_server-9] [INFO] [1789636091.309967242] [global_costmap.global_costmap]: Initialized plugin "inflation_layer"
[planner_server-9] [INFO] [1789636091.393569568] [planner_server]: Created global planner plugin GridBased of type nav2_navfn_planner/NavfnPlanner
[planner_server-9] [INFO] [1789636091.394662502] [planner_server]: Configuring plugin GridBased of type NavfnPlanner
[planner_server-9] [INFO] [1789636091.403606397] [planner_server]: Planner Server has GridBased  planners available.
[lifecycle_manager-13] [INFO] [1789636091.486229417] [lifecycle_manager_navigation]: [34m[1mConfiguring behavior_server[0m[0m
[behavior_server-10] [INFO] [1789636091.487712232] [behavior_server]: Configuring
[behavior_server-10] [INFO] [1789636091.532595054] [behavior_server]: Creating behavior plugin spin of type nav2_behaviors/Spin
[behavior_server-10] [INFO] [1789636091.537716890] [behavior_server]: Configuring spin
[behavior_server-10] [INFO] [1789636091.576082446] [behavior_server]: Creating behavior plugin backup of type nav2_behaviors/BackUp
[behavior_server-10] [INFO] [1789636091.577320289] [behavior_server]: Configuring backup
[behavior_server-10] [INFO] [1789636091.619750935] [behavior_server]: Creating behavior plugin drive_on_heading of type nav2_behaviors/DriveOnHeading
[behavior_server-10] [INFO] [1789636091.622214858] [behavior_server]: Configuring drive_on_heading
[behavior_server-10] [INFO] [1789636091.665024145] [behavior_server]: Creating behavior plugin wait of type nav2_behaviors/Wait
[behavior_server-10] [INFO] [1789636091.666882186] [behavior_server]: Configuring wait
[lifecycle_manager-13] [INFO] [1789636091.726970672] [lifecycle_manager_navigation]: [34m[1mConfiguring bt_navigator[0m[0m
[bt_navigator-11] [INFO] [1789636091.728050748] [bt_navigator]: Configuring
[lifecycle_manager-13] [INFO] [1789636092.237238906] [lifecycle_manager_navigation]: [34m[1mConfiguring waypoint_follower[0m[0m
[waypoint_follower-12] [INFO] [1789636092.238410997] [waypoint_follower]: Configuring
[waypoint_follower-12] [INFO] [1789636092.345912146] [waypoint_follower]: Created waypoint_task_executor : wait_at_waypoint of type nav2_waypoint_follower::WaitAtWaypoint
[waypoint_follower-12] [INFO] [1789636092.352745923] [waypoint_follower]: Waypoint pause duration is set to zero, disabling task executor plugin.
[lifecycle_manager-13] [INFO] [1789636092.359409737] [lifecycle_manager_navigation]: [34m[1mActivating map_server[0m[0m
[map_server-7] [INFO] [1789636092.360471923] [map_server]: Activating
[map_server-7] [INFO] [1789636092.361488834] [map_server]: Creating bond (map_server) to lifecycle manager.
[planner_server-9] [INFO] [1789636092.362926161] [global_costmap.global_costmap]: StaticLayer: Resizing costmap to 676 X 680 at 0.050000 m/pix
[lifecycle_manager-13] [INFO] [1789636092.494972591] [lifecycle_manager_navigation]: Server map_server connected with bond.
[lifecycle_manager-13] [INFO] [1789636092.495038687] [lifecycle_manager_navigation]: [34m[1mActivating controller_server[0m[0m
[controller_server-8] [INFO] [1789636092.496645204] [controller_server]: Activating
[controller_server-8] [INFO] [1789636092.496731099] [local_costmap.local_costmap]: Activating
[controller_server-8] [INFO] [1789636092.496751793] [local_costmap.local_costmap]: Checking transform
[controller_server-8] [INFO] [1789636092.496789699] [local_costmap.local_costmap]: Timed out waiting for transform from base_footprint to odom to become available, tf error: Invalid frame ID "odom" passed to canTransform argument target_frame - frame does not exist
[controller_server-8] [INFO] [1789636092.996975392] [local_costmap.local_costmap]: Timed out waiting for transform from base_footprint to odom to become available, tf error: Invalid frame ID "odom" passed to canTransform argument target_frame - frame does not exist
[controller_server-8] [INFO] [1789636093.497357965] [local_costmap.local_costmap]: Timed out waiting for transform from base_footprint to odom to become available, tf error: Invalid frame ID "odom" passed to canTransform argument target_frame - frame does not exist
[controller_server-8] [INFO] [1789636093.997642393] [local_costmap.local_costmap]: Timed out waiting for transform from base_footprint to odom to become available, tf error: Invalid frame ID "odom" passed to canTransform argument target_frame - frame does not exist
[controller_server-8] [INFO] [1789636094.497056738] [local_costmap.local_costmap]: Timed out waiting for transform from base_footprint to odom to become available, tf error: Invalid frame ID "odom" passed to canTransform argument target_frame - frame does not exist
[controller_server-8] [INFO] [1789636094.997458047] [local_costmap.local_costmap]: Timed out waiting for transform from base_footprint to odom to become available, tf error: Invalid frame ID "odom" passed to canTransform argument target_frame - frame does not exist
[controller_server-8] [INFO] [1789636095.497850463] [local_costmap.local_costmap]: Timed out waiting for transform from base_footprint to odom to become available, tf error: Invalid frame ID "odom" passed to canTransform argument target_frame - frame does not exist
[controller_server-8] [INFO] [1789636095.997458002] [local_costmap.local_costmap]: Timed out waiting for transform from base_footprint to odom to become available, tf error: Invalid frame ID "odom" passed to canTransform argument target_frame - frame does not exist
[controller_server-8] [INFO] [1789636096.499728529] [local_costmap.local_costmap]: Timed out waiting for transform from base_footprint to odom to become available, tf error: Invalid frame ID "odom" passed to canTransform argument target_frame - frame does not exist
[spawn_entity.py-3] [INFO] [1789636096.632520973] [spawn_swerve]: Calling service /spawn_entity
[gzserver-1] [INFO] [1789636096.896031015] [gazebo_ros_state]: Publishing states of gazebo models at [/model_states]
[gzserver-1] [INFO] [1789636096.901222629] [gazebo_ros_state]: Publishing states of gazebo links at [/link_states]
[controller_server-8] [INFO] [1789636096.997001810] [local_costmap.local_costmap]: Timed out waiting for transform from base_footprint to odom to become available, tf error: Invalid frame ID "odom" passed to canTransform argument target_frame - frame does not exist
[gzserver-1] [INFO] [1789636097.351725410] [imu.imu_ros]: <initial_orientation_as_reference> is unset, using default value of false to comply with REP 145 (world as orientation reference)
[controller_server-8] [INFO] [1789636097.497070491] [local_costmap.local_costmap]: Timed out waiting for transform from base_footprint to odom to become available, tf error: Invalid frame ID "odom" passed to canTransform argument target_frame - frame does not exist
[controller_server-8] [INFO] [1789636097.997540480] [local_costmap.local_costmap]: Timed out waiting for transform from base_footprint to odom to become available, tf error: Invalid frame ID "odom" passed to canTransform argument target_frame - frame does not exist
[controller_server-8] [INFO] [1789636098.497001800] [local_costmap.local_costmap]: Timed out waiting for transform from base_footprint to odom to become available, tf error: Invalid frame ID "odom" passed to canTransform argument target_frame - frame does not exist
[controller_server-8] [INFO] [1789636098.997618463] [local_costmap.local_costmap]: Timed out waiting for transform from base_footprint to odom to become available, tf error: Invalid frame ID "odom" passed to canTransform argument target_frame - frame does not exist
[controller_server-8] [INFO] [1789636099.498934481] [local_costmap.local_costmap]: Timed out waiting for transform from base_footprint to odom to become available, tf error: Invalid frame ID "odom" passed to canTransform argument target_frame - frame does not exist
[controller_server-8] [INFO] [1789636099.998317479] [local_costmap.local_costmap]: Timed out waiting for transform from base_footprint to odom to become available, tf error: Invalid frame ID "odom" passed to canTransform argument target_frame - frame does not exist
[controller_server-8] [INFO] [1789636100.498173397] [local_costmap.local_costmap]: Timed out waiting for transform from base_footprint to odom to become available, tf error: Invalid frame ID "odom" passed to canTransform argument target_frame - frame does not exist
[controller_server-8] [INFO] [1789636100.996991774] [local_costmap.local_costmap]: Timed out waiting for transform from base_footprint to odom to become available, tf error: Invalid frame ID "odom" passed to canTransform argument target_frame - frame does not exist
[controller_server-8] [INFO] [1789636101.497180937] [local_costmap.local_costmap]: Timed out waiting for transform from base_footprint to odom to become available, tf error: Invalid frame ID "odom" passed to canTransform argument target_frame - frame does not exist
[controller_server-8] [INFO] [1789636101.998673118] [local_costmap.local_costmap]: Timed out waiting for transform from base_footprint to odom to become available, tf error: Invalid frame ID "odom" passed to canTransform argument target_frame - frame does not exist
[controller_server-8] [INFO] [1789636102.497685791] [local_costmap.local_costmap]: Timed out waiting for transform from base_footprint to odom to become available, tf error: Invalid frame ID "odom" passed to canTransform argument target_frame - frame does not exist
[controller_server-8] [INFO] [1789636102.996952852] [local_costmap.local_costmap]: Timed out waiting for transform from base_footprint to odom to become available, tf error: Invalid frame ID "odom" passed to canTransform argument target_frame - frame does not exist
[controller_server-8] [INFO] [1789636103.497392471] [local_costmap.local_costmap]: Timed out waiting for transform from base_footprint to odom to become available, tf error: Invalid frame ID "odom" passed to canTransform argument target_frame - frame does not exist
[controller_server-8] [INFO] [1789636103.997715588] [local_costmap.local_costmap]: Timed out waiting for transform from base_footprint to odom to become available, tf error: Invalid frame ID "odom" passed to canTransform argument target_frame - frame does not exist
[controller_server-8] [INFO] [1789636104.500760098] [local_costmap.local_costmap]: Timed out waiting for transform from base_footprint to odom to become available, tf error: Invalid frame ID "odom" passed to canTransform argument target_frame - frame does not exist
[controller_server-8] [INFO] [1789636104.998973605] [local_costmap.local_costmap]: Timed out waiting for transform from base_footprint to odom to become available, tf error: Invalid frame ID "odom" passed to canTransform argument target_frame - frame does not exist
[controller_server-8] [INFO] [1789636105.497069269] [local_costmap.local_costmap]: Timed out waiting for transform from base_footprint to odom to become available, tf error: Invalid frame ID "odom" passed to canTransform argument target_frame - frame does not exist
[controller_server-8] [INFO] [1789636105.999859401] [local_costmap.local_costmap]: Timed out waiting for transform from base_footprint to odom to become available, tf error: Invalid frame ID "odom" passed to canTransform argument target_frame - frame does not exist
[controller_server-8] [INFO] [1789636106.497300690] [local_costmap.local_costmap]: Timed out waiting for transform from base_footprint to odom to become available, tf error: Invalid frame ID "odom" passed to canTransform argument target_frame - frame does not exist
[controller_server-8] [INFO] [1789636106.997116212] [local_costmap.local_costmap]: Timed out waiting for transform from base_footprint to odom to become available, tf error: Invalid frame ID "odom" passed to canTransform argument target_frame - frame does not exist
[controller_server-8] [INFO] [1789636107.496997340] [local_costmap.local_costmap]: Timed out waiting for transform from base_footprint to odom to become available, tf error: Invalid frame ID "odom" passed to canTransform argument target_frame - frame does not exist
[controller_server-8] [INFO] [1789636107.997025852] [local_costmap.local_costmap]: Timed out waiting for transform from base_footprint to odom to become available, tf error: Invalid frame ID "odom" passed to canTransform argument target_frame - frame does not exist
[controller_server-8] [INFO] [1789636108.496911002] [local_costmap.local_costmap]: Timed out waiting for transform from base_footprint to odom to become available, tf error: Invalid frame ID "odom" passed to canTransform argument target_frame - frame does not exist
[controller_server-8] [INFO] [1789636108.997574177] [local_costmap.local_costmap]: Timed out waiting for transform from base_footprint to odom to become available, tf error: Invalid frame ID "odom" passed to canTransform argument target_frame - frame does not exist
[controller_server-8] [INFO] [1789636109.502818334] [local_costmap.local_costmap]: Timed out waiting for transform from base_footprint to odom to become available, tf error: Invalid frame ID "odom" passed to canTransform argument target_frame - frame does not exist
[controller_server-8] [INFO] [1789636109.996945005] [local_costmap.local_costmap]: Timed out waiting for transform from base_footprint to odom to become available, tf error: Invalid frame ID "odom" passed to canTransform argument target_frame - frame does not exist
[controller_server-8] [INFO] [1789636110.497265336] [local_costmap.local_costmap]: Timed out waiting for transform from base_footprint to odom to become available, tf error: Invalid frame ID "odom" passed to canTransform argument target_frame - frame does not exist
[controller_server-8] [INFO] [1789636110.997275083] [local_costmap.local_costmap]: Timed out waiting for transform from base_footprint to odom to become available, tf error: Invalid frame ID "odom" passed to canTransform argument target_frame - frame does not exist
[controller_server-8] [INFO] [1789636111.496989758] [local_costmap.local_costmap]: Timed out waiting for transform from base_footprint to odom to become available, tf error: Invalid frame ID "odom" passed to canTransform argument target_frame - frame does not exist
[spawn_entity.py-3] [INFO] [1789636111.825705277] [spawn_swerve]: Spawn status: SpawnEntity: Successfully spawned entity [swerve_base]
[controller_server-8] [INFO] [1789636111.997417402] [local_costmap.local_costmap]: Timed out waiting for transform from base_footprint to odom to become available, tf error: Invalid frame ID "odom" passed to canTransform argument target_frame - frame does not exist
[gzserver-1] [INFO] [1789636112.104808084] [gazebo_ros2_control]: Loading gazebo_ros2_control plugin
[INFO] [spawn_entity.py-3]: process has finished cleanly [pid 156537]
[INFO] [spawner-15]: process started with pid [157074]
[gzserver-1] [INFO] [1789636112.207206332] [gazebo_ros2_control]: Starting gazebo_ros2_control plugin in namespace: /
[gzserver-1] [INFO] [1789636112.207936277] [gazebo_ros2_control]: Starting gazebo_ros2_control plugin in ros 2 node: gazebo_ros2_control
[gzserver-1] [INFO] [1789636112.278014750] [gazebo_ros2_control]: connected to service!! robot_state_publisher
[gzserver-1] [INFO] [1789636112.281729718] [gazebo_ros2_control]: Received urdf from param server, parsing...
[gzserver-1] [INFO] [1789636112.281858517] [gazebo_ros2_control]: Loading parameter files /home/yahboom/swerve_bringup/install/swerve_bringup/share/swerve_bringup/config/controllers.yaml
[gzserver-1] [INFO] [1789636112.324524084] [gazebo_ros2_control]: Loading joint: steer_front_joint
[gzserver-1] [INFO] [1789636112.324602662] [gazebo_ros2_control]: 	State:
[gzserver-1] [INFO] [1789636112.324617996] [gazebo_ros2_control]: 		 position
[gzserver-1] [INFO] [1789636112.324630315] [gazebo_ros2_control]: 		 velocity
[gzserver-1] [INFO] [1789636112.324640942] [gazebo_ros2_control]: 	Command:
[gzserver-1] [INFO] [1789636112.324650092] [gazebo_ros2_control]: 		 position
[gzserver-1] [INFO] [1789636112.337492200] [gazebo_ros2_control]: Loading joint: steer_rear_joint
[gzserver-1] [INFO] [1789636112.337552274] [gazebo_ros2_control]: 	State:
[gzserver-1] [INFO] [1789636112.337566669] [gazebo_ros2_control]: 		 position
[gzserver-1] [INFO] [1789636112.337579036] [gazebo_ros2_control]: 		 velocity
[gzserver-1] [INFO] [1789636112.337588741] [gazebo_ros2_control]: 	Command:
[gzserver-1] [INFO] [1789636112.337597274] [gazebo_ros2_control]: 		 position
[gzserver-1] [INFO] [1789636112.337868350] [gazebo_ros2_control]: Loading joint: wheel_front_drive_joint
[gzserver-1] [INFO] [1789636112.337896946] [gazebo_ros2_control]: 	State:
[gzserver-1] [INFO] [1789636112.337908058] [gazebo_ros2_control]: 		 position
[gzserver-1] [INFO] [1789636112.337918512] [gazebo_ros2_control]: 		 velocity
[gzserver-1] [INFO] [1789636112.337927617] [gazebo_ros2_control]: 	Command:
[gzserver-1] [INFO] [1789636112.337940808] [gazebo_ros2_control]: 		 velocity
[gzserver-1] [INFO] [1789636112.343663926] [gazebo_ros2_control]: Loading joint: wheel_rear_drive_joint
[gzserver-1] [INFO] [1789636112.343720630] [gazebo_ros2_control]: 	State:
[gzserver-1] [INFO] [1789636112.343734057] [gazebo_ros2_control]: 		 position
[gzserver-1] [INFO] [1789636112.343744233] [gazebo_ros2_control]: 		 velocity
[gzserver-1] [INFO] [1789636112.343753092] [gazebo_ros2_control]: 	Command:
[gzserver-1] [INFO] [1789636112.343779476] [gazebo_ros2_control]: 		 velocity
[gzserver-1] [INFO] [1789636112.352602236] [resource_manager]: Initialize hardware 'GazeboSystem' 
[gzserver-1] [INFO] [1789636112.352924278] [resource_manager]: Successful initialization of hardware 'GazeboSystem'
[gzserver-1] [INFO] [1789636112.353069376] [resource_manager]: 'configure' hardware 'GazeboSystem' 
[gzserver-1] [INFO] [1789636112.353083854] [resource_manager]: Successful 'configure' of hardware 'GazeboSystem'
[gzserver-1] [INFO] [1789636112.353091317] [resource_manager]: 'activate' hardware 'GazeboSystem' 
[gzserver-1] [INFO] [1789636112.353097449] [resource_manager]: Successful 'activate' of hardware 'GazeboSystem'
[gzserver-1] [INFO] [1789636112.353196387] [gazebo_ros2_control]: Loading controller_manager
[controller_server-8] [INFO] [1789636112.496924250] [local_costmap.local_costmap]: Timed out waiting for transform from base_footprint to odom to become available, tf error: Invalid frame ID "odom" passed to canTransform argument target_frame - frame does not exist
[gzserver-1] [WARN] [1789636112.586594286] [gazebo_ros2_control]:  Desired controller update period (0.01 s) is slower than the gazebo simulation period (0.001 s).
[gzserver-1] [INFO] [1789636112.591881952] [gazebo_ros2_control]: Loaded gazebo_ros2_control.
[controller_server-8] [INFO] [1789636112.997135313] [local_costmap.local_costmap]: start
[controller_server-8] [INFO] [1789636113.130296319] [controller_server]: Creating bond (controller_server) to lifecycle manager.
[spawner-15] [INFO] [1789636113.349767842] [spawn_joint_state_broadcaster]: waiting for service /controller_manager/list_controllers to become available...
[lifecycle_manager-13] [INFO] [1789636113.470211823] [lifecycle_manager_navigation]: Server controller_server connected with bond.
[lifecycle_manager-13] [INFO] [1789636113.471419018] [lifecycle_manager_navigation]: [34m[1mActivating planner_server[0m[0m
[planner_server-9] [INFO] [1789636113.473847125] [planner_server]: Activating
[planner_server-9] [INFO] [1789636113.473911899] [global_costmap.global_costmap]: Activating
[planner_server-9] [INFO] [1789636113.473930665] [global_costmap.global_costmap]: Checking transform
[planner_server-9] [INFO] [1789636113.473966291] [global_costmap.global_costmap]: Timed out waiting for transform from base_footprint to map to become available, tf error: Invalid frame ID "map" passed to canTransform argument target_frame - frame does not exist
[planner_server-9] [INFO] [1789636113.977569143] [global_costmap.global_costmap]: start
[planner_server-9] [INFO] [1789636114.537099602] [planner_server]: Activating plugin GridBased of type NavfnPlanner
[planner_server-9] [INFO] [1789636114.553692632] [planner_server]: Creating bond (planner_server) to lifecycle manager.
[gzserver-1] [INFO] [1789636114.625546594] [controller_manager]: Loading controller 'joint_state_broadcaster'
[lifecycle_manager-13] [INFO] [1789636114.674320663] [lifecycle_manager_navigation]: Server planner_server connected with bond.
[lifecycle_manager-13] [INFO] [1789636114.674389165] [lifecycle_manager_navigation]: [34m[1mActivating behavior_server[0m[0m
[behavior_server-10] [INFO] [1789636114.675694664] [behavior_server]: Activating
[behavior_server-10] [INFO] [1789636114.675753943] [behavior_server]: Activating spin
[behavior_server-10] [INFO] [1789636114.675775319] [behavior_server]: Activating backup
[behavior_server-10] [INFO] [1789636114.675787594] [behavior_server]: Activating drive_on_heading
[behavior_server-10] [INFO] [1789636114.675800536] [behavior_server]: Activating wait
[behavior_server-10] [INFO] [1789636114.675817738] [behavior_server]: Creating bond (behavior_server) to lifecycle manager.
[lifecycle_manager-13] [INFO] [1789636114.813681901] [lifecycle_manager_navigation]: Server behavior_server connected with bond.
[lifecycle_manager-13] [INFO] [1789636114.813730663] [lifecycle_manager_navigation]: [34m[1mActivating bt_navigator[0m[0m
[bt_navigator-11] [INFO] [1789636114.818204594] [bt_navigator]: Activating
[spawner-15] [INFO] [1789636114.960804402] [spawn_joint_state_broadcaster]: [94mLoaded [1mjoint_state_broadcaster[0m
[gzserver-1] [INFO] [1789636114.980982198] [controller_manager]: Configuring controller 'joint_state_broadcaster'
[gzserver-1] [INFO] [1789636114.983254488] [joint_state_broadcaster]: 'joints' or 'interfaces' parameter is empty. All available state interfaces will be published
[spawner-15] [INFO] [1789636115.087351605] [spawn_joint_state_broadcaster]: [92mConfigured and activated [1mjoint_state_broadcaster[0m
[bt_navigator-11] [INFO] [1789636115.528606976] [bt_navigator]: Creating bond (bt_navigator) to lifecycle manager.
[INFO] [spawner-15]: process has finished cleanly [pid 157074]
[INFO] [spawner-16]: process started with pid [157156]
[lifecycle_manager-13] [INFO] [1789636115.662551476] [lifecycle_manager_navigation]: Server bt_navigator connected with bond.
[lifecycle_manager-13] [INFO] [1789636115.662622297] [lifecycle_manager_navigation]: [34m[1mActivating waypoint_follower[0m[0m
[waypoint_follower-12] [INFO] [1789636115.665900294] [waypoint_follower]: Activating
[waypoint_follower-12] [INFO] [1789636115.666683914] [waypoint_follower]: Creating bond (waypoint_follower) to lifecycle manager.
[lifecycle_manager-13] [INFO] [1789636115.813669247] [lifecycle_manager_navigation]: Server waypoint_follower connected with bond.
[lifecycle_manager-13] [INFO] [1789636115.813755169] [lifecycle_manager_navigation]: [34m[1mManaged nodes are active[0m[0m
[lifecycle_manager-13] [INFO] [1789636115.813763941] [lifecycle_manager_navigation]: [34m[1mCreating bond timer...[0m[0m
[gzserver-1] [INFO] [1789636117.597467197] [controller_manager]: Loading controller 'steering_controller'
[spawner-16] [INFO] [1789636118.000683195] [spawn_steering_controller]: [94mLoaded [1msteering_controller[0m
[gzserver-1] [INFO] [1789636118.017176555] [controller_manager]: Configuring controller 'steering_controller'
[gzserver-1] [INFO] [1789636118.018422254] [steering_controller]: configure successful
[gzserver-1] [INFO] [1789636118.040209847] [steering_controller]: activate successful
[spawner-16] [INFO] [1789636118.068912335] [spawn_steering_controller]: [92mConfigured and activated [1msteering_controller[0m
[INFO] [spawner-16]: process has finished cleanly [pid 157156]
[INFO] [spawner-17]: process started with pid [157176]
[spawner-17] [INFO] [1789636119.678352220] [spawn_drive_controller]: waiting for service /controller_manager/list_controllers to become available...
[gzserver-1] [INFO] [1789636120.478136109] [controller_manager]: Loading controller 'drive_controller'
[spawner-17] [INFO] [1789636121.102610824] [spawn_drive_controller]: [94mLoaded [1mdrive_controller[0m
[gzserver-1] [INFO] [1789636121.117493363] [controller_manager]: Configuring controller 'drive_controller'
[gzserver-1] [INFO] [1789636121.128166548] [drive_controller]: configure successful
[gzserver-1] [INFO] [1789636121.162918346] [drive_controller]: activate successful
[spawner-17] [INFO] [1789636121.178592687] [spawn_drive_controller]: [92mConfigured and activated [1mdrive_controller[0m
[INFO] [spawner-17]: process has finished cleanly [pid 157176]
[INFO] [swerve_controller_node-18]: process started with pid [157250]
[INFO] [swerve_odometry_node-19]: process started with pid [157252]
[swerve_controller_node-18] [INFO] [1789636122.681925213] [swerve_controller]: Swerve controller ready: radius=0.0675 m, modules={'front': (0.300042, 0.0), 'rear': (-0.300042, 0.0)}
[swerve_odometry_node-19] [INFO] [1789636123.304924888] [swerve_odometry]: Encoder odometry ready: radius=0.0637 m, velocity_sign=+1.0
[WARNING] [launch]: user interrupted with ctrl-c (SIGINT)
[bt_navigator-11] [INFO] [1789636138.725391673] [rclcpp]: signal_handler(signum=2)
[bt_navigator-11] [INFO] [1789636138.728366558] [bt_navigator]: Running Nav2 LifecycleNode rcl preshutdown (bt_navigator)
[bt_navigator-11] [INFO] [1789636138.728470740] [bt_navigator]: Deactivating
[bt_navigator-11] [INFO] [1789636138.728511228] [bt_navigator]: Destroying bond (bt_navigator) to lifecycle manager.
[ekf_node-6] [INFO] [1789636138.725476636] [rclcpp]: signal_handler(signum=2)
[ekf_node-4] [INFO] [1789636138.725502910] [rclcpp]: signal_handler(signum=2)
[waypoint_follower-12] [INFO] [1789636138.725591857] [rclcpp]: signal_handler(signum=2)
[behavior_server-10] [INFO] [1789636138.725925375] [rclcpp]: signal_handler(signum=2)
[robot_state_publisher-2] [INFO] [1789636138.727389050] [rclcpp]: signal_handler(signum=2)
[planner_server-9] [INFO] [1789636138.727683683] [rclcpp]: signal_handler(signum=2)
[INFO] [swerve_odometry_node-19]: sending signal 'SIGINT' to process[swerve_odometry_node-19]
[INFO] [swerve_controller_node-18]: sending signal 'SIGINT' to process[swerve_controller_node-18]
[INFO] [lifecycle_manager-13]: sending signal 'SIGINT' to process[lifecycle_manager-13]
[INFO] [waypoint_follower-12]: sending signal 'SIGINT' to process[waypoint_follower-12]
[INFO] [bt_navigator-11]: sending signal 'SIGINT' to process[bt_navigator-11]
[INFO] [behavior_server-10]: sending signal 'SIGINT' to process[behavior_server-10]
[INFO] [planner_server-9]: sending signal 'SIGINT' to process[planner_server-9]
[INFO] [controller_server-8]: sending signal 'SIGINT' to process[controller_server-8]
[INFO] [map_server-7]: sending signal 'SIGINT' to process[map_server-7]
[INFO] [ekf_node-6]: sending signal 'SIGINT' to process[ekf_node-6]
[INFO] [v30e_sim_node-5]: sending signal 'SIGINT' to process[v30e_sim_node-5]
[INFO] [ekf_node-4]: sending signal 'SIGINT' to process[ekf_node-4]
[ERROR] [ekf_node-6]: process has died [pid 156546, exit code -2, cmd '/opt/ros/humble/lib/robot_localization/ekf_node --ros-args -r __node:=ekf_v30e --params-file /home/yahboom/swerve_bringup/install/swerve_bringup/share/swerve_bringup/config/v30e_localization_ekf.yaml --params-file /tmp/launch_params_s4np8w7y -r odometry/filtered:=/odometry/v30e'].
[INFO] [robot_state_publisher-2]: sending signal 'SIGINT' to process[robot_state_publisher-2]
[INFO] [gzserver-1]: sending signal 'SIGINT' to process[gzserver-1]
[lifecycle_manager-13] [INFO] [1789636138.729012360] [rclcpp]: signal_handler(signum=2)
[lifecycle_manager-13] [INFO] [1789636138.730666191] [lifecycle_manager_navigation]: Running Nav2 LifecycleManager rcl preshutdown (lifecycle_manager_navigation)
[lifecycle_manager-13] [INFO] [1789636138.730728944] [lifecycle_manager_navigation]: [34m[1mTerminating bond timer...[0m[0m
[behavior_server-10] [INFO] [1789636138.731186142] [behavior_server]: Running Nav2 LifecycleNode rcl preshutdown (behavior_server)
[behavior_server-10] [INFO] [1789636138.731275095] [behavior_server]: Deactivating
[behavior_server-10] [INFO] [1789636138.731317104] [behavior_server]: Destroying bond (behavior_server) to lifecycle manager.
[behavior_server-10] [INFO] [1789636138.749644860] [behavior_server]: Cleaning up
[planner_server-9] [INFO] [1789636138.731896229] [planner_server]: Running Nav2 LifecycleNode rcl preshutdown (planner_server)
[planner_server-9] [INFO] [1789636138.731978343] [planner_server]: Deactivating
[planner_server-9] [INFO] [1789636138.732026177] [global_costmap.global_costmap]: Deactivating
[waypoint_follower-12] [INFO] [1789636138.740820490] [waypoint_follower]: Running Nav2 LifecycleNode rcl preshutdown (waypoint_follower)
[waypoint_follower-12] [INFO] [1789636138.750000301] [waypoint_follower]: Deactivating
[waypoint_follower-12] [INFO] [1789636138.750040612] [waypoint_follower]: Destroying bond (waypoint_follower) to lifecycle manager.
[map_server-7] [INFO] [1789636138.743075052] [rclcpp]: signal_handler(signum=2)
[map_server-7] [INFO] [1789636138.749199959] [map_server]: Running Nav2 LifecycleNode rcl preshutdown (map_server)
[map_server-7] [INFO] [1789636138.749301480] [map_server]: Deactivating
[map_server-7] [INFO] [1789636138.749375353] [map_server]: Destroying bond (map_server) to lifecycle manager.
[controller_server-8] [INFO] [1789636138.743261337] [rclcpp]: signal_handler(signum=2)
[controller_server-8] [INFO] [1789636138.749599490] [controller_server]: Running Nav2 LifecycleNode rcl preshutdown (controller_server)
[controller_server-8] [INFO] [1789636138.749691613] [controller_server]: Deactivating
[controller_server-8] [INFO] [1789636138.749769816] [local_costmap.local_costmap]: Deactivating
[controller_server-8] [INFO] [1789636138.759682943] [controller_server]: Destroying bond (controller_server) to lifecycle manager.
[bt_navigator-11] [INFO] [1789636138.775775661] [bt_navigator]: Cleaning up
[swerve_controller_node-18] Traceback (most recent call last):
[swerve_controller_node-18]   File "/home/yahboom/swerve_bringup/install/swerve_bringup/lib/swerve_bringup/swerve_controller_node", line 192, in <module>
[swerve_controller_node-18]     main()
[swerve_controller_node-18]   File "/home/yahboom/swerve_bringup/install/swerve_bringup/lib/swerve_bringup/swerve_controller_node", line 184, in main
[swerve_controller_node-18]     node.steer_pub.publish(Float64MultiArray(data=[
[swerve_controller_node-18]   File "/opt/ros/humble/local/lib/python3.10/dist-packages/rclpy/publisher.py", line 70, in publish
[swerve_controller_node-18]     self.__publisher.publish(msg)
[swerve_controller_node-18] rclpy._rclpy_pybind11.RCLError: Failed to publish: publisher's context is invalid, at ./src/rcl/publisher.c:389
[swerve_controller_node-18] Error in sys.excepthook:
[swerve_controller_node-18] Traceback (most recent call last):
[swerve_controller_node-18]   File "/usr/lib/python3/dist-packages/apport_python_hook.py", line 72, in apport_excepthook
[swerve_controller_node-18]     from apport.fileutils import likely_packaged, get_recent_crashes
[swerve_controller_node-18]   File "/usr/lib/python3/dist-packages/apport/__init__.py", line 5, in <module>
[swerve_controller_node-18]     from apport.report import Report
[swerve_controller_node-18]   File "/usr/lib/python3/dist-packages/apport/report.py", line 21, in <module>
[swerve_controller_node-18]     from urllib.request import urlopen
[swerve_controller_node-18]   File "/usr/lib/python3.10/urllib/request.py", line 88, in <module>
[swerve_controller_node-18]     import http.client
[swerve_controller_node-18]   File "/usr/lib/python3.10/http/__init__.py", line 6, in <module>
[swerve_controller_node-18]     class HTTPStatus(IntEnum):
[swerve_controller_node-18]   File "/usr/lib/python3.10/enum.py", line 290, in __new__
[swerve_controller_node-18]     if not hasattr(enum_member, '_value_'):
[swerve_controller_node-18] KeyboardInterrupt
[swerve_controller_node-18] 
[swerve_controller_node-18] Original exception was:
[swerve_controller_node-18] Traceback (most recent call last):
[swerve_controller_node-18]   File "/home/yahboom/swerve_bringup/install/swerve_bringup/lib/swerve_bringup/swerve_controller_node", line 192, in <module>
[swerve_controller_node-18]     main()
[swerve_controller_node-18]   File "/home/yahboom/swerve_bringup/install/swerve_bringup/lib/swerve_bringup/swerve_controller_node", line 184, in main
[swerve_controller_node-18]     node.steer_pub.publish(Float64MultiArray(data=[
[swerve_controller_node-18]   File "/opt/ros/humble/local/lib/python3.10/dist-packages/rclpy/publisher.py", line 70, in publish
[swerve_controller_node-18]     self.__publisher.publish(msg)
[swerve_controller_node-18] rclpy._rclpy_pybind11.RCLError: Failed to publish: publisher's context is invalid, at ./src/rcl/publisher.c:389
[map_server-7] [INFO] [1789636138.803757454] [map_server]: Cleaning up
[map_server-7] [INFO] [1789636138.803890920] [map_server]: Destroying bond (map_server) to lifecycle manager.
[ERROR] [ekf_node-4]: process has died [pid 156539, exit code -2, cmd '/opt/ros/humble/lib/robot_localization/ekf_node --ros-args -r __node:=ekf_filter_node --params-file /home/yahboom/swerve_bringup/install/swerve_bringup/share/swerve_bringup/config/ekf.yaml --params-file /tmp/launch_params_77s1utsq -r /odom:=/odom -r /imu/data:=/imu/data'].
[swerve_odometry_node-19] Traceback (most recent call last):
[swerve_odometry_node-19]   File "/home/yahboom/swerve_bringup/install/swerve_bringup/lib/swerve_bringup/swerve_odometry_node", line 221, in <module>
[swerve_odometry_node-19]     main()
[swerve_odometry_node-19]   File "/home/yahboom/swerve_bringup/install/swerve_bringup/lib/swerve_bringup/swerve_odometry_node", line 215, in main
[swerve_odometry_node-19]     node.destroy_node()
[swerve_odometry_node-19]   File "/opt/ros/humble/local/lib/python3.10/dist-packages/rclpy/node.py", line 1685, in destroy_node
[swerve_odometry_node-19]     self.destroy_publisher(self._publishers[0])
[swerve_odometry_node-19]   File "/opt/ros/humble/local/lib/python3.10/dist-packages/rclpy/node.py", line 1565, in destroy_publisher
[swerve_odometry_node-19]     publisher.destroy()
[swerve_odometry_node-19]   File "/opt/ros/humble/local/lib/python3.10/dist-packages/rclpy/publisher.py", line 99, in destroy
[swerve_odometry_node-19]     self.__publisher.destroy_when_not_in_use()
[swerve_odometry_node-19] KeyboardInterrupt
[lifecycle_manager-13] [INFO] [1789636138.809030442] [rclcpp]: signal_handler(signum=2)
[waypoint_follower-12] [INFO] [1789636138.820850793] [rclcpp]: signal_handler(signum=2)
[bt_navigator-11] [INFO] [1789636138.827437044] [rclcpp]: signal_handler(signum=2)
[controller_server-8] [INFO] [1789636138.837995607] [controller_server]: Cleaning up
[controller_server-8] [INFO] [1789636138.844749555] [local_costmap.local_costmap]: Cleaning up
[waypoint_follower-12] [INFO] [1789636138.841306010] [waypoint_follower]: Cleaning up
[behavior_server-10] [INFO] [1789636138.849452537] [rclcpp]: signal_handler(signum=2)
[planner_server-9] [INFO] [1789636138.854391062] [rclcpp]: signal_handler(signum=2)
[controller_server-8] [INFO] [1789636138.859256627] [rclcpp]: signal_handler(signum=2)
[map_server-7] [INFO] [1789636138.867832158] [rclcpp]: signal_handler(signum=2)
[map_server-7] [INFO] [1789636138.880625150] [map_server]: Destroying
[v30e_sim_node-5] Traceback (most recent call last):
[v30e_sim_node-5]   File "/home/yahboom/swerve_bringup/install/swerve_bringup/lib/swerve_bringup/v30e_sim_node", line 188, in <module>
[v30e_sim_node-5]     if __name__ == '__main__': main()
[v30e_sim_node-5]   File "/home/yahboom/swerve_bringup/install/swerve_bringup/lib/swerve_bringup/v30e_sim_node", line 185, in main
[v30e_sim_node-5]     node.destroy_node(); rclpy.shutdown()
[v30e_sim_node-5]   File "/opt/ros/humble/local/lib/python3.10/dist-packages/rclpy/node.py", line 1685, in destroy_node
[v30e_sim_node-5]     self.destroy_publisher(self._publishers[0])
[v30e_sim_node-5]   File "/opt/ros/humble/local/lib/python3.10/dist-packages/rclpy/node.py", line 1565, in destroy_publisher
[v30e_sim_node-5]     publisher.destroy()
[v30e_sim_node-5]   File "/opt/ros/humble/local/lib/python3.10/dist-packages/rclpy/publisher.py", line 99, in destroy
[v30e_sim_node-5]     self.__publisher.destroy_when_not_in_use()
[v30e_sim_node-5] KeyboardInterrupt
[robot_state_publisher-2] [INFO] [1789636138.933221239] [rclcpp]: signal_handler(signum=2)
[planner_server-9] [INFO] [1789636138.980086661] [planner_server]: Deactivating plugin GridBased of type NavfnPlanner
[planner_server-9] [INFO] [1789636138.980143470] [planner_server]: Destroying bond (planner_server) to lifecycle manager.
[waypoint_follower-12] [INFO] [1789636139.032859617] [waypoint_follower]: Destroying bond (waypoint_follower) to lifecycle manager.
[planner_server-9] [INFO] [1789636139.056479807] [planner_server]: Cleaning up
[waypoint_follower-12] [INFO] [1789636139.061896173] [waypoint_follower]: Destroying
[INFO] [robot_state_publisher-2]: process has finished cleanly [pid 156533]
[behavior_server-10] [INFO] [1789636139.157941864] [behavior_server]: Destroying bond (behavior_server) to lifecycle manager.
[ERROR] [swerve_odometry_node-19]: process has died [pid 157252, exit code -2, cmd '/home/yahboom/swerve_bringup/install/swerve_bringup/lib/swerve_bringup/swerve_odometry_node --ros-args -r __node:=swerve_odometry --params-file /home/yahboom/swerve_bringup/install/swerve_bringup/share/swerve_bringup/config/swerve_odometry.yaml --params-file /tmp/launch_params_mr239otp'].
[planner_server-9] [INFO] [1789636139.227607804] [global_costmap.global_costmap]: Cleaning up
[planner_server-9] [INFO] [1789636139.269918328] [planner_server]: Cleaning up plugin GridBased of type NavfnPlanner
[planner_server-9] [INFO] [1789636139.270036705] [planner_server]: Destroying plugin GridBased of type NavfnPlanner
[controller_server-8] [INFO] [1789636139.277766217] [controller_server]: Destroying bond (controller_server) to lifecycle manager.
[ERROR] [v30e_sim_node-5]: process has died [pid 156543, exit code -2, cmd '/home/yahboom/swerve_bringup/install/swerve_bringup/lib/swerve_bringup/v30e_sim_node --ros-args -r __node:=v30e_sim_node --params-file /home/yahboom/swerve_bringup/install/swerve_bringup/share/swerve_bringup/config/v30e_sim.yaml --params-file /tmp/launch_params_6icic87j'].
[INFO] [map_server-7]: process has finished cleanly [pid 156549]
[ERROR] [swerve_controller_node-18]: process has died [pid 157250, exit code 1, cmd '/home/yahboom/swerve_bringup/install/swerve_bringup/lib/swerve_bringup/swerve_controller_node --ros-args -r __node:=swerve_controller --params-file /home/yahboom/swerve_bringup/install/swerve_bringup/share/swerve_bringup/config/swerve_controller.yaml --params-file /tmp/launch_params_t6q92dbw'].
[controller_server-8] [INFO] [1789636139.290261821] [local_costmap.local_costmap]: Destroying
[lifecycle_manager-13] [INFO] [1789636139.323443448] [lifecycle_manager_navigation]: Destroying lifecycle_manager_navigation
[planner_server-9] [INFO] [1789636139.323510884] [planner_server]: Destroying bond (planner_server) to lifecycle manager.
[planner_server-9] [INFO] [1789636139.337516282] [global_costmap.global_costmap]: Destroying
[behavior_server-10] [INFO] [1789636139.352241976] [behavior_server]: Destroying
[controller_server-8] [INFO] [1789636139.385347848] [controller_server]: Destroying
[planner_server-9] [INFO] [1789636139.396372955] [planner_server]: Destroying
[INFO] [waypoint_follower-12]: process has finished cleanly [pid 156600]
[bt_navigator-11] [INFO] [1789636139.485545541] [bt_navigator]: Completed Cleaning up
[bt_navigator-11] [INFO] [1789636139.485645942] [bt_navigator]: Destroying bond (bt_navigator) to lifecycle manager.
[bt_navigator-11] [INFO] [1789636139.491846083] [bt_navigator]: Destroying
[INFO] [lifecycle_manager-13]: process has finished cleanly [pid 156606]
[INFO] [planner_server-9]: process has finished cleanly [pid 156555]
[INFO] [behavior_server-10]: process has finished cleanly [pid 156564]
[INFO] [controller_server-8]: process has finished cleanly [pid 156552]
[INFO] [bt_navigator-11]: process has finished cleanly [pid 156579]
[INFO] [gzserver-1]: process has finished cleanly [pid 156529]
