[INFO] [launch]: All log files can be found below /home/yahboom/.ros/log/2026-09-17-16-46-50-791432-yahboom-virtual-machine-148785
[INFO] [launch]: Default logging verbosity is set to INFO
[INFO] [gzserver-1]: process started with pid [148801]
[INFO] [robot_state_publisher-2]: process started with pid [148803]
[INFO] [spawn_entity.py-3]: process started with pid [148805]
[INFO] [ekf_node-4]: process started with pid [148807]
[INFO] [v30e_sim_node-5]: process started with pid [148809]
[INFO] [ekf_node-6]: process started with pid [148811]
[INFO] [map_server-7]: process started with pid [148813]
[INFO] [controller_server-8]: process started with pid [148816]
[INFO] [planner_server-9]: process started with pid [148819]
[INFO] [behavior_server-10]: process started with pid [148828]
[INFO] [bt_navigator-11]: process started with pid [148838]
[INFO] [waypoint_follower-12]: process started with pid [148854]
[INFO] [lifecycle_manager-13]: process started with pid [148864]
[INFO] [swerve_bridge_node-14]: process started with pid [148873]
[robot_state_publisher-2] [INFO] [1789634813.867253289] [robot_state_publisher]: got segment base_footprint
[robot_state_publisher-2] [INFO] [1789634813.876378696] [robot_state_publisher]: got segment base_link
[robot_state_publisher-2] [INFO] [1789634813.876416667] [robot_state_publisher]: got segment imu_link
[robot_state_publisher-2] [INFO] [1789634813.876426334] [robot_state_publisher]: got segment lidar_link
[robot_state_publisher-2] [INFO] [1789634813.876434644] [robot_state_publisher]: got segment steer_front_link
[robot_state_publisher-2] [INFO] [1789634813.876442158] [robot_state_publisher]: got segment steer_rear_link
[robot_state_publisher-2] [INFO] [1789634813.876449877] [robot_state_publisher]: got segment v30e_link
[robot_state_publisher-2] [INFO] [1789634813.876457226] [robot_state_publisher]: got segment wheel_front_drive_link
[robot_state_publisher-2] [INFO] [1789634813.876465206] [robot_state_publisher]: got segment wheel_front_left_link
[robot_state_publisher-2] [INFO] [1789634813.876472827] [robot_state_publisher]: got segment wheel_front_right_link
[robot_state_publisher-2] [INFO] [1789634813.876480265] [robot_state_publisher]: got segment wheel_rear_drive_link
[robot_state_publisher-2] [INFO] [1789634813.876487243] [robot_state_publisher]: got segment wheel_rear_left_link
[robot_state_publisher-2] [INFO] [1789634813.876494453] [robot_state_publisher]: got segment wheel_rear_right_link
[controller_server-8] [INFO] [1789634814.096389204] [controller_server]: 
[controller_server-8] 	controller_server lifecycle node launched. 
[controller_server-8] 	Waiting on external lifecycle transitions to activate
[controller_server-8] 	See https://design.ros2.org/articles/node_lifecycle.html for more information.
[controller_server-8] [INFO] [1789634814.112333239] [controller_server]: Creating controller server
[behavior_server-10] [INFO] [1789634814.175626829] [behavior_server]: 
[behavior_server-10] 	behavior_server lifecycle node launched. 
[behavior_server-10] 	Waiting on external lifecycle transitions to activate
[behavior_server-10] 	See https://design.ros2.org/articles/node_lifecycle.html for more information.
[map_server-7] [INFO] [1789634814.214936211] [map_server]: 
[map_server-7] 	map_server lifecycle node launched. 
[map_server-7] 	Waiting on external lifecycle transitions to activate
[map_server-7] 	See https://design.ros2.org/articles/node_lifecycle.html for more information.
[map_server-7] [INFO] [1789634814.215122329] [map_server]: Creating
[bt_navigator-11] [INFO] [1789634814.327900927] [bt_navigator]: 
[bt_navigator-11] 	bt_navigator lifecycle node launched. 
[bt_navigator-11] 	Waiting on external lifecycle transitions to activate
[bt_navigator-11] 	See https://design.ros2.org/articles/node_lifecycle.html for more information.
[bt_navigator-11] [INFO] [1789634814.342652950] [bt_navigator]: Creating
[planner_server-9] [INFO] [1789634814.355143621] [planner_server]: 
[planner_server-9] 	planner_server lifecycle node launched. 
[planner_server-9] 	Waiting on external lifecycle transitions to activate
[planner_server-9] 	See https://design.ros2.org/articles/node_lifecycle.html for more information.
[planner_server-9] [INFO] [1789634814.367121472] [planner_server]: Creating
[swerve_bridge_node-14] Traceback (most recent call last):
[swerve_bridge_node-14]   File "/home/yahboom/swerve_bringup/install/swerve_bridge/lib/swerve_bridge/swerve_bridge_node", line 33, in <module>
[swerve_bridge_node-14]     sys.exit(load_entry_point('swerve-bridge', 'console_scripts', 'swerve_bridge_node')())
[swerve_bridge_node-14]   File "/home/yahboom/swerve_bringup/install/swerve_bridge/lib/swerve_bridge/swerve_bridge_node", line 22, in importlib_load_entry_point
[swerve_bridge_node-14]     for entry_point in distribution(dist_name).entry_points
[swerve_bridge_node-14]   File "/usr/lib/python3.10/importlib/metadata/__init__.py", line 969, in distribution
[swerve_bridge_node-14]     return Distribution.from_name(distribution_name)
[swerve_bridge_node-14]   File "/usr/lib/python3.10/importlib/metadata/__init__.py", line 548, in from_name
[swerve_bridge_node-14]     raise PackageNotFoundError(name)
[swerve_bridge_node-14] importlib.metadata.PackageNotFoundError: No package metadata was found for swerve-bridge
[waypoint_follower-12] [INFO] [1789634814.409740912] [waypoint_follower]: 
[waypoint_follower-12] 	waypoint_follower lifecycle node launched. 
[waypoint_follower-12] 	Waiting on external lifecycle transitions to activate
[waypoint_follower-12] 	See https://design.ros2.org/articles/node_lifecycle.html for more information.
[waypoint_follower-12] [INFO] [1789634814.416705041] [waypoint_follower]: Creating
[ERROR] [swerve_bridge_node-14]: process has died [pid 148873, exit code 1, cmd '/home/yahboom/swerve_bringup/install/swerve_bridge/lib/swerve_bridge/swerve_bridge_node --ros-args -r __node:=swerve_bridge --params-file /home/yahboom/swerve_bringup/install/swerve_bridge/share/swerve_bridge/config/bridge.yaml --params-file /tmp/launch_params_2wzxb1pa'].
[lifecycle_manager-13] [INFO] [1789634814.448776317] [lifecycle_manager_navigation]: Creating
[lifecycle_manager-13] [INFO] [1789634814.506993773] [lifecycle_manager_navigation]: [34m[1mCreating and initializing lifecycle service clients[0m[0m
[controller_server-8] [INFO] [1789634814.522750617] [local_costmap.local_costmap]: 
[controller_server-8] 	local_costmap lifecycle node launched. 
[controller_server-8] 	Waiting on external lifecycle transitions to activate
[controller_server-8] 	See https://design.ros2.org/articles/node_lifecycle.html for more information.
[controller_server-8] [INFO] [1789634814.523282863] [local_costmap.local_costmap]: Creating Costmap
[planner_server-9] [INFO] [1789634814.597727542] [global_costmap.global_costmap]: 
[planner_server-9] 	global_costmap lifecycle node launched. 
[planner_server-9] 	Waiting on external lifecycle transitions to activate
[planner_server-9] 	See https://design.ros2.org/articles/node_lifecycle.html for more information.
[planner_server-9] [INFO] [1789634814.602221621] [global_costmap.global_costmap]: Creating Costmap
[lifecycle_manager-13] [INFO] [1789634814.669478358] [lifecycle_manager_navigation]: [34m[1mStarting managed nodes bringup...[0m[0m
[lifecycle_manager-13] [INFO] [1789634814.673436354] [lifecycle_manager_navigation]: [34m[1mConfiguring map_server[0m[0m
[map_server-7] [INFO] [1789634814.678436875] [map_server]: Configuring
[map_server-7] [INFO] [1789634814.678559958] [map_io]: Loading yaml file: /home/yahboom/swerve_bringup/install/swerve_bringup/share/swerve_bringup/swerve_navigation/maps/warehouse.yaml
[map_server-7] [INFO] [1789634814.680232299] [map_io]: resolution: 0.05
[map_server-7] [INFO] [1789634814.680255117] [map_io]: origin[0]: -17.2
[map_server-7] [INFO] [1789634814.680262616] [map_io]: origin[1]: -17.4
[map_server-7] [INFO] [1789634814.680268119] [map_io]: origin[2]: 0
[map_server-7] [INFO] [1789634814.680273711] [map_io]: free_thresh: 0.25
[map_server-7] [INFO] [1789634814.680279197] [map_io]: occupied_thresh: 0.65
[map_server-7] [INFO] [1789634814.680287615] [map_io]: mode: trinary
[map_server-7] [INFO] [1789634814.680293609] [map_io]: negate: 0
[map_server-7] [INFO] [1789634814.680563149] [map_io]: Loading image_file: /home/yahboom/swerve_bringup/install/swerve_bringup/share/swerve_bringup/swerve_navigation/maps/warehouse.pgm
[map_server-7] [INFO] [1789634814.772033089] [map_io]: Read map /home/yahboom/swerve_bringup/install/swerve_bringup/share/swerve_bringup/swerve_navigation/maps/warehouse.pgm: 676 X 680 map @ 0.05 m/cell
[lifecycle_manager-13] [INFO] [1789634814.792967930] [lifecycle_manager_navigation]: [34m[1mConfiguring controller_server[0m[0m
[controller_server-8] [INFO] [1789634814.817208259] [controller_server]: Configuring controller interface
[controller_server-8] [INFO] [1789634814.823160375] [controller_server]: getting goal checker plugins..
[controller_server-8] [INFO] [1789634814.823334671] [controller_server]: Controller frequency set to 10.0000Hz
[controller_server-8] [INFO] [1789634814.823382182] [local_costmap.local_costmap]: Configuring
[controller_server-8] [INFO] [1789634814.877021746] [local_costmap.local_costmap]: Using plugin "voxel_layer"
[controller_server-8] [INFO] [1789634814.886542651] [local_costmap.local_costmap]: Subscribed to Topics: lidar3d scan
[controller_server-8] [INFO] [1789634814.933537793] [local_costmap.local_costmap]: Initialized plugin "voxel_layer"
[controller_server-8] [INFO] [1789634814.933632379] [local_costmap.local_costmap]: Using plugin "inflation_layer"
[controller_server-8] [INFO] [1789634814.940439097] [local_costmap.local_costmap]: Initialized plugin "inflation_layer"
[controller_server-8] [INFO] [1789634815.482893275] [controller_server]: Created progress_checker : progress_checker of type nav2_controller::SimpleProgressChecker
[controller_server-8] [INFO] [1789634815.523319100] [controller_server]: Created goal checker : general_goal_checker of type nav2_controller::SimpleGoalChecker
[controller_server-8] [INFO] [1789634815.528091930] [controller_server]: Controller Server has general_goal_checker  goal checkers available.
[controller_server-8] [INFO] [1789634815.540878720] [controller_server]: Created controller : FollowPath of type dwb_core::DWBLocalPlanner
[controller_server-8] [INFO] [1789634815.650761809] [controller_server]: Setting transform_tolerance to 0.200000
[spawn_entity.py-3] [INFO] [1789634815.717245882] [spawn_swerve]: Spawn Entity started
[spawn_entity.py-3] [INFO] [1789634815.717723891] [spawn_swerve]: Loading entity published on topic robot_description
[spawn_entity.py-3] [INFO] [1789634815.750693984] [spawn_swerve]: Waiting for entity xml on robot_description
[spawn_entity.py-3] [INFO] [1789634815.805481497] [spawn_swerve]: Waiting for service /spawn_entity, timeout = 30
[spawn_entity.py-3] [INFO] [1789634815.808531313] [spawn_swerve]: Waiting for service /spawn_entity
[controller_server-8] [INFO] [1789634815.883615684] [controller_server]: Using critic "RotateToGoal" (dwb_critics::RotateToGoalCritic)
[controller_server-8] [INFO] [1789634815.890137188] [controller_server]: Critic plugin initialized
[controller_server-8] [INFO] [1789634815.890267384] [controller_server]: Using critic "Oscillation" (dwb_critics::OscillationCritic)
[controller_server-8] [INFO] [1789634815.890452661] [controller_server]: Critic plugin initialized
[controller_server-8] [INFO] [1789634815.890521383] [controller_server]: Using critic "BaseObstacle" (dwb_critics::BaseObstacleCritic)
[controller_server-8] [INFO] [1789634815.890619169] [controller_server]: Critic plugin initialized
[controller_server-8] [INFO] [1789634815.890675119] [controller_server]: Using critic "GoalAlign" (dwb_critics::GoalAlignCritic)
[controller_server-8] [INFO] [1789634815.891093067] [controller_server]: Critic plugin initialized
[controller_server-8] [INFO] [1789634815.891152459] [controller_server]: Using critic "PathAlign" (dwb_critics::PathAlignCritic)
[controller_server-8] [INFO] [1789634815.911543000] [controller_server]: Critic plugin initialized
[controller_server-8] [INFO] [1789634815.916227032] [controller_server]: Using critic "PathDist" (dwb_critics::PathDistCritic)
[controller_server-8] [INFO] [1789634815.916812786] [controller_server]: Critic plugin initialized
[controller_server-8] [INFO] [1789634815.916940896] [controller_server]: Using critic "GoalDist" (dwb_critics::GoalDistCritic)
[controller_server-8] [INFO] [1789634815.917407278] [controller_server]: Critic plugin initialized
[controller_server-8] [INFO] [1789634815.917436878] [controller_server]: Controller Server has FollowPath  controllers available.
[lifecycle_manager-13] [INFO] [1789634815.984989420] [lifecycle_manager_navigation]: [34m[1mConfiguring planner_server[0m[0m
[planner_server-9] [INFO] [1789634815.985926914] [planner_server]: Configuring
[planner_server-9] [INFO] [1789634815.985982430] [global_costmap.global_costmap]: Configuring
[planner_server-9] [INFO] [1789634816.079348423] [global_costmap.global_costmap]: Using plugin "static_layer"
[planner_server-9] [INFO] [1789634816.093264494] [global_costmap.global_costmap]: Subscribing to the map topic (/map) with transient local durability
[planner_server-9] [INFO] [1789634816.110793821] [global_costmap.global_costmap]: Initialized plugin "static_layer"
[planner_server-9] [INFO] [1789634816.110850630] [global_costmap.global_costmap]: Using plugin "obstacle_layer"
[planner_server-9] [INFO] [1789634816.121469682] [global_costmap.global_costmap]: Subscribed to Topics: scan
[v30e_sim_node-5] [INFO] [1789634816.135111630] [v30e_sim_node]: Using Gazebo /get_entity_state internally; odometry is not a V30E measurement input
[planner_server-9] [INFO] [1789634816.163060261] [global_costmap.global_costmap]: Initialized plugin "obstacle_layer"
[planner_server-9] [INFO] [1789634816.163126000] [global_costmap.global_costmap]: Using plugin "inflation_layer"
[planner_server-9] [INFO] [1789634816.177108066] [global_costmap.global_costmap]: Initialized plugin "inflation_layer"
[planner_server-9] [INFO] [1789634816.266502967] [planner_server]: Created global planner plugin GridBased of type nav2_navfn_planner/NavfnPlanner
[planner_server-9] [INFO] [1789634816.266553973] [planner_server]: Configuring plugin GridBased of type NavfnPlanner
[planner_server-9] [INFO] [1789634816.272625080] [planner_server]: Planner Server has GridBased  planners available.
[lifecycle_manager-13] [INFO] [1789634816.322906811] [lifecycle_manager_navigation]: [34m[1mConfiguring behavior_server[0m[0m
[behavior_server-10] [INFO] [1789634816.323711116] [behavior_server]: Configuring
[behavior_server-10] [INFO] [1789634816.361552401] [behavior_server]: Creating behavior plugin spin of type nav2_behaviors/Spin
[behavior_server-10] [INFO] [1789634816.362136036] [behavior_server]: Configuring spin
[behavior_server-10] [INFO] [1789634816.400715504] [behavior_server]: Creating behavior plugin backup of type nav2_behaviors/BackUp
[behavior_server-10] [INFO] [1789634816.404756884] [behavior_server]: Configuring backup
[behavior_server-10] [INFO] [1789634816.441594749] [behavior_server]: Creating behavior plugin drive_on_heading of type nav2_behaviors/DriveOnHeading
[behavior_server-10] [INFO] [1789634816.442368910] [behavior_server]: Configuring drive_on_heading
[behavior_server-10] [INFO] [1789634816.481975491] [behavior_server]: Creating behavior plugin wait of type nav2_behaviors/Wait
[behavior_server-10] [INFO] [1789634816.482960714] [behavior_server]: Configuring wait
[lifecycle_manager-13] [INFO] [1789634816.574244834] [lifecycle_manager_navigation]: [34m[1mConfiguring bt_navigator[0m[0m
[bt_navigator-11] [INFO] [1789634816.577064906] [bt_navigator]: Configuring
[lifecycle_manager-13] [INFO] [1789634817.041743308] [lifecycle_manager_navigation]: [34m[1mConfiguring waypoint_follower[0m[0m
[waypoint_follower-12] [INFO] [1789634817.045884038] [waypoint_follower]: Configuring
[waypoint_follower-12] [INFO] [1789634817.163885146] [waypoint_follower]: Created waypoint_task_executor : wait_at_waypoint of type nav2_waypoint_follower::WaitAtWaypoint
[waypoint_follower-12] [INFO] [1789634817.166720454] [waypoint_follower]: Waypoint pause duration is set to zero, disabling task executor plugin.
[lifecycle_manager-13] [INFO] [1789634817.171549880] [lifecycle_manager_navigation]: [34m[1mActivating map_server[0m[0m
[map_server-7] [INFO] [1789634817.171840314] [map_server]: Activating
[map_server-7] [INFO] [1789634817.172781895] [map_server]: Creating bond (map_server) to lifecycle manager.
[planner_server-9] [INFO] [1789634817.177099038] [global_costmap.global_costmap]: StaticLayer: Resizing costmap to 676 X 680 at 0.050000 m/pix
[lifecycle_manager-13] [INFO] [1789634817.293747824] [lifecycle_manager_navigation]: Server map_server connected with bond.
[lifecycle_manager-13] [INFO] [1789634817.293802085] [lifecycle_manager_navigation]: [34m[1mActivating controller_server[0m[0m
[controller_server-8] [INFO] [1789634817.296177276] [controller_server]: Activating
[controller_server-8] [INFO] [1789634817.296252034] [local_costmap.local_costmap]: Activating
[controller_server-8] [INFO] [1789634817.296274538] [local_costmap.local_costmap]: Checking transform
[controller_server-8] [INFO] [1789634817.296315402] [local_costmap.local_costmap]: Timed out waiting for transform from base_footprint to odom to become available, tf error: Invalid frame ID "odom" passed to canTransform argument target_frame - frame does not exist
[controller_server-8] [INFO] [1789634817.798346552] [local_costmap.local_costmap]: Timed out waiting for transform from base_footprint to odom to become available, tf error: Invalid frame ID "odom" passed to canTransform argument target_frame - frame does not exist
[controller_server-8] [INFO] [1789634818.297118953] [local_costmap.local_costmap]: Timed out waiting for transform from base_footprint to odom to become available, tf error: Invalid frame ID "odom" passed to canTransform argument target_frame - frame does not exist
[controller_server-8] [INFO] [1789634818.797446595] [local_costmap.local_costmap]: Timed out waiting for transform from base_footprint to odom to become available, tf error: Invalid frame ID "odom" passed to canTransform argument target_frame - frame does not exist
[controller_server-8] [INFO] [1789634819.296620214] [local_costmap.local_costmap]: Timed out waiting for transform from base_footprint to odom to become available, tf error: Invalid frame ID "odom" passed to canTransform argument target_frame - frame does not exist
[controller_server-8] [INFO] [1789634819.796853749] [local_costmap.local_costmap]: Timed out waiting for transform from base_footprint to odom to become available, tf error: Invalid frame ID "odom" passed to canTransform argument target_frame - frame does not exist
[controller_server-8] [INFO] [1789634820.298459950] [local_costmap.local_costmap]: Timed out waiting for transform from base_footprint to odom to become available, tf error: Invalid frame ID "odom" passed to canTransform argument target_frame - frame does not exist
[controller_server-8] [INFO] [1789634820.796395971] [local_costmap.local_costmap]: Timed out waiting for transform from base_footprint to odom to become available, tf error: Invalid frame ID "odom" passed to canTransform argument target_frame - frame does not exist
[controller_server-8] [INFO] [1789634821.301448450] [local_costmap.local_costmap]: Timed out waiting for transform from base_footprint to odom to become available, tf error: Invalid frame ID "odom" passed to canTransform argument target_frame - frame does not exist
[controller_server-8] [INFO] [1789634821.797852692] [local_costmap.local_costmap]: Timed out waiting for transform from base_footprint to odom to become available, tf error: Invalid frame ID "odom" passed to canTransform argument target_frame - frame does not exist
[spawn_entity.py-3] [INFO] [1789634821.896819814] [spawn_swerve]: Calling service /spawn_entity
[gzserver-1] [INFO] [1789634821.935043611] [gazebo_ros_state]: Publishing states of gazebo models at [/model_states]
[gzserver-1] [INFO] [1789634821.939169872] [gazebo_ros_state]: Publishing states of gazebo links at [/link_states]
[gzserver-1] [ERROR] [1789634822.113702705] [gazebo_ros_state]: GetEntityState: entity [swerve_base] does not exist
[v30e_sim_node-5] [WARN] [1789634822.117026275] [v30e_sim_node]: get_entity_state failed: entity not available
[gzserver-1] [ERROR] [1789634822.174547704] [gazebo_ros_state]: GetEntityState: entity [swerve_base] does not exist
[gzserver-1] [ERROR] [1789634822.232468212] [gazebo_ros_state]: GetEntityState: entity [swerve_base] does not exist
[gzserver-1] [ERROR] [1789634822.289624041] [gazebo_ros_state]: GetEntityState: entity [swerve_base] does not exist
[controller_server-8] [INFO] [1789634822.296840213] [local_costmap.local_costmap]: Timed out waiting for transform from base_footprint to odom to become available, tf error: Invalid frame ID "odom" passed to canTransform argument target_frame - frame does not exist
[gzserver-1] [ERROR] [1789634822.348152340] [gazebo_ros_state]: GetEntityState: entity [swerve_base] does not exist
[gzserver-1] [ERROR] [1789634822.401354570] [gazebo_ros_state]: GetEntityState: entity [swerve_base] does not exist
[gzserver-1] [ERROR] [1789634822.456535953] [gazebo_ros_state]: GetEntityState: entity [swerve_base] does not exist
[gzserver-1] [INFO] [1789634822.592457550] [imu.imu_ros]: <initial_orientation_as_reference> is unset, using default value of false to comply with REP 145 (world as orientation reference)
[controller_server-8] [INFO] [1789634822.797124971] [local_costmap.local_costmap]: Timed out waiting for transform from base_footprint to odom to become available, tf error: Invalid frame ID "odom" passed to canTransform argument target_frame - frame does not exist
[controller_server-8] [INFO] [1789634823.296571221] [local_costmap.local_costmap]: Timed out waiting for transform from base_footprint to odom to become available, tf error: Invalid frame ID "odom" passed to canTransform argument target_frame - frame does not exist
[controller_server-8] [INFO] [1789634823.797081691] [local_costmap.local_costmap]: Timed out waiting for transform from base_footprint to odom to become available, tf error: Invalid frame ID "odom" passed to canTransform argument target_frame - frame does not exist
[controller_server-8] [INFO] [1789634824.297775882] [local_costmap.local_costmap]: Timed out waiting for transform from base_footprint to odom to become available, tf error: Invalid frame ID "odom" passed to canTransform argument target_frame - frame does not exist
[controller_server-8] [INFO] [1789634824.796630642] [local_costmap.local_costmap]: Timed out waiting for transform from base_footprint to odom to become available, tf error: Invalid frame ID "odom" passed to canTransform argument target_frame - frame does not exist
[controller_server-8] [INFO] [1789634825.297049467] [local_costmap.local_costmap]: Timed out waiting for transform from base_footprint to odom to become available, tf error: Invalid frame ID "odom" passed to canTransform argument target_frame - frame does not exist
[controller_server-8] [INFO] [1789634825.797250350] [local_costmap.local_costmap]: Timed out waiting for transform from base_footprint to odom to become available, tf error: Invalid frame ID "odom" passed to canTransform argument target_frame - frame does not exist
[controller_server-8] [INFO] [1789634826.297113155] [local_costmap.local_costmap]: Timed out waiting for transform from base_footprint to odom to become available, tf error: Invalid frame ID "odom" passed to canTransform argument target_frame - frame does not exist
[controller_server-8] [INFO] [1789634826.796755703] [local_costmap.local_costmap]: Timed out waiting for transform from base_footprint to odom to become available, tf error: Invalid frame ID "odom" passed to canTransform argument target_frame - frame does not exist
[controller_server-8] [INFO] [1789634827.298264868] [local_costmap.local_costmap]: Timed out waiting for transform from base_footprint to odom to become available, tf error: Invalid frame ID "odom" passed to canTransform argument target_frame - frame does not exist
[controller_server-8] [INFO] [1789634827.797673222] [local_costmap.local_costmap]: Timed out waiting for transform from base_footprint to odom to become available, tf error: Invalid frame ID "odom" passed to canTransform argument target_frame - frame does not exist
[controller_server-8] [INFO] [1789634828.299615267] [local_costmap.local_costmap]: Timed out waiting for transform from base_footprint to odom to become available, tf error: Invalid frame ID "odom" passed to canTransform argument target_frame - frame does not exist
[controller_server-8] [INFO] [1789634828.796672899] [local_costmap.local_costmap]: Timed out waiting for transform from base_footprint to odom to become available, tf error: Invalid frame ID "odom" passed to canTransform argument target_frame - frame does not exist
[controller_server-8] [INFO] [1789634829.296827922] [local_costmap.local_costmap]: Timed out waiting for transform from base_footprint to odom to become available, tf error: Invalid frame ID "odom" passed to canTransform argument target_frame - frame does not exist
[controller_server-8] [INFO] [1789634829.797577354] [local_costmap.local_costmap]: Timed out waiting for transform from base_footprint to odom to become available, tf error: Invalid frame ID "odom" passed to canTransform argument target_frame - frame does not exist
[controller_server-8] [INFO] [1789634830.296690209] [local_costmap.local_costmap]: Timed out waiting for transform from base_footprint to odom to become available, tf error: Invalid frame ID "odom" passed to canTransform argument target_frame - frame does not exist
[controller_server-8] [INFO] [1789634830.796870278] [local_costmap.local_costmap]: Timed out waiting for transform from base_footprint to odom to become available, tf error: Invalid frame ID "odom" passed to canTransform argument target_frame - frame does not exist
[controller_server-8] [INFO] [1789634831.296997734] [local_costmap.local_costmap]: Timed out waiting for transform from base_footprint to odom to become available, tf error: Invalid frame ID "odom" passed to canTransform argument target_frame - frame does not exist
[controller_server-8] [INFO] [1789634831.796647971] [local_costmap.local_costmap]: Timed out waiting for transform from base_footprint to odom to become available, tf error: Invalid frame ID "odom" passed to canTransform argument target_frame - frame does not exist
[controller_server-8] [INFO] [1789634832.297361593] [local_costmap.local_costmap]: Timed out waiting for transform from base_footprint to odom to become available, tf error: Invalid frame ID "odom" passed to canTransform argument target_frame - frame does not exist
[controller_server-8] [INFO] [1789634832.797174272] [local_costmap.local_costmap]: Timed out waiting for transform from base_footprint to odom to become available, tf error: Invalid frame ID "odom" passed to canTransform argument target_frame - frame does not exist
[controller_server-8] [INFO] [1789634833.296483936] [local_costmap.local_costmap]: Timed out waiting for transform from base_footprint to odom to become available, tf error: Invalid frame ID "odom" passed to canTransform argument target_frame - frame does not exist
[controller_server-8] [INFO] [1789634833.797113470] [local_costmap.local_costmap]: Timed out waiting for transform from base_footprint to odom to become available, tf error: Invalid frame ID "odom" passed to canTransform argument target_frame - frame does not exist
[controller_server-8] [INFO] [1789634834.298250267] [local_costmap.local_costmap]: Timed out waiting for transform from base_footprint to odom to become available, tf error: Invalid frame ID "odom" passed to canTransform argument target_frame - frame does not exist
[controller_server-8] [INFO] [1789634834.797306141] [local_costmap.local_costmap]: Timed out waiting for transform from base_footprint to odom to become available, tf error: Invalid frame ID "odom" passed to canTransform argument target_frame - frame does not exist
[controller_server-8] [INFO] [1789634835.298035205] [local_costmap.local_costmap]: Timed out waiting for transform from base_footprint to odom to become available, tf error: Invalid frame ID "odom" passed to canTransform argument target_frame - frame does not exist
[controller_server-8] [INFO] [1789634835.796336728] [local_costmap.local_costmap]: Timed out waiting for transform from base_footprint to odom to become available, tf error: Invalid frame ID "odom" passed to canTransform argument target_frame - frame does not exist
[spawn_entity.py-3] [INFO] [1789634836.252454674] [spawn_swerve]: Spawn status: SpawnEntity: Successfully spawned entity [swerve_base]
[controller_server-8] [INFO] [1789634836.296877889] [local_costmap.local_costmap]: Timed out waiting for transform from base_footprint to odom to become available, tf error: Invalid frame ID "odom" passed to canTransform argument target_frame - frame does not exist
[gzserver-1] [INFO] [1789634836.543954601] [gazebo_ros2_control]: Loading gazebo_ros2_control plugin
[INFO] [spawn_entity.py-3]: process has finished cleanly [pid 148805]
[INFO] [spawner-15]: process started with pid [149451]
[gzserver-1] [INFO] [1789634836.654329868] [gazebo_ros2_control]: Starting gazebo_ros2_control plugin in namespace: /
[gzserver-1] [INFO] [1789634836.654589197] [gazebo_ros2_control]: Starting gazebo_ros2_control plugin in ros 2 node: gazebo_ros2_control
[gzserver-1] [INFO] [1789634836.767053421] [gazebo_ros2_control]: connected to service!! robot_state_publisher
[gzserver-1] [INFO] [1789634836.771897314] [gazebo_ros2_control]: Received urdf from param server, parsing...
[gzserver-1] [INFO] [1789634836.772064243] [gazebo_ros2_control]: Loading parameter files /home/yahboom/swerve_bringup/install/swerve_bringup/share/swerve_bringup/config/controllers.yaml
[controller_server-8] [INFO] [1789634836.798175003] [local_costmap.local_costmap]: Timed out waiting for transform from base_footprint to odom to become available, tf error: Invalid frame ID "odom" passed to canTransform argument target_frame - frame does not exist
[gzserver-1] [INFO] [1789634836.828971161] [gazebo_ros2_control]: Loading joint: steer_front_joint
[gzserver-1] [INFO] [1789634836.831641883] [gazebo_ros2_control]: 	State:
[gzserver-1] [INFO] [1789634836.831667133] [gazebo_ros2_control]: 		 position
[gzserver-1] [INFO] [1789634836.831680974] [gazebo_ros2_control]: 		 velocity
[gzserver-1] [INFO] [1789634836.831691619] [gazebo_ros2_control]: 	Command:
[gzserver-1] [INFO] [1789634836.831701580] [gazebo_ros2_control]: 		 position
[gzserver-1] [INFO] [1789634836.847060065] [gazebo_ros2_control]: Loading joint: steer_rear_joint
[gzserver-1] [INFO] [1789634836.847149274] [gazebo_ros2_control]: 	State:
[gzserver-1] [INFO] [1789634836.847163350] [gazebo_ros2_control]: 		 position
[gzserver-1] [INFO] [1789634836.847174983] [gazebo_ros2_control]: 		 velocity
[gzserver-1] [INFO] [1789634836.847184667] [gazebo_ros2_control]: 	Command:
[gzserver-1] [INFO] [1789634836.847194183] [gazebo_ros2_control]: 		 position
[gzserver-1] [INFO] [1789634836.847474225] [gazebo_ros2_control]: Loading joint: wheel_front_drive_joint
[gzserver-1] [INFO] [1789634836.847503661] [gazebo_ros2_control]: 	State:
[gzserver-1] [INFO] [1789634836.847514415] [gazebo_ros2_control]: 		 position
[gzserver-1] [INFO] [1789634836.847527353] [gazebo_ros2_control]: 		 velocity
[gzserver-1] [INFO] [1789634836.847536312] [gazebo_ros2_control]: 	Command:
[gzserver-1] [INFO] [1789634836.847551891] [gazebo_ros2_control]: 		 velocity
[gzserver-1] [INFO] [1789634836.847659992] [gazebo_ros2_control]: Loading joint: wheel_rear_drive_joint
[gzserver-1] [INFO] [1789634836.847674757] [gazebo_ros2_control]: 	State:
[gzserver-1] [INFO] [1789634836.847683974] [gazebo_ros2_control]: 		 position
[gzserver-1] [INFO] [1789634836.847692557] [gazebo_ros2_control]: 		 velocity
[gzserver-1] [INFO] [1789634836.847700832] [gazebo_ros2_control]: 	Command:
[gzserver-1] [INFO] [1789634836.847715813] [gazebo_ros2_control]: 		 velocity
[gzserver-1] [INFO] [1789634836.848036334] [resource_manager]: Initialize hardware 'GazeboSystem' 
[gzserver-1] [INFO] [1789634836.848326784] [resource_manager]: Successful initialization of hardware 'GazeboSystem'
[gzserver-1] [INFO] [1789634836.848469401] [resource_manager]: 'configure' hardware 'GazeboSystem' 
[gzserver-1] [INFO] [1789634836.848485693] [resource_manager]: Successful 'configure' of hardware 'GazeboSystem'
[gzserver-1] [INFO] [1789634836.848494174] [resource_manager]: 'activate' hardware 'GazeboSystem' 
[gzserver-1] [INFO] [1789634836.848500510] [resource_manager]: Successful 'activate' of hardware 'GazeboSystem'
[gzserver-1] [INFO] [1789634836.848603331] [gazebo_ros2_control]: Loading controller_manager
[gzserver-1] [WARN] [1789634837.118518101] [gazebo_ros2_control]:  Desired controller update period (0.01 s) is slower than the gazebo simulation period (0.001 s).
[gzserver-1] [INFO] [1789634837.121328977] [gazebo_ros2_control]: Loaded gazebo_ros2_control.
[controller_server-8] [INFO] [1789634837.298224725] [local_costmap.local_costmap]: start
[controller_server-8] [INFO] [1789634837.473962805] [controller_server]: Creating bond (controller_server) to lifecycle manager.
[lifecycle_manager-13] [INFO] [1789634837.643502356] [lifecycle_manager_navigation]: Server controller_server connected with bond.
[lifecycle_manager-13] [INFO] [1789634837.643570146] [lifecycle_manager_navigation]: [34m[1mActivating planner_server[0m[0m
[planner_server-9] [INFO] [1789634837.653797691] [planner_server]: Activating
[planner_server-9] [INFO] [1789634837.664502057] [global_costmap.global_costmap]: Activating
[planner_server-9] [INFO] [1789634837.664541277] [global_costmap.global_costmap]: Checking transform
[planner_server-9] [INFO] [1789634837.664581205] [global_costmap.global_costmap]: Timed out waiting for transform from base_footprint to map to become available, tf error: Invalid frame ID "map" passed to canTransform argument target_frame - frame does not exist
[planner_server-9] [INFO] [1789634838.167753734] [global_costmap.global_costmap]: start
[spawner-15] [INFO] [1789634838.181882948] [spawn_joint_state_broadcaster]: waiting for service /controller_manager/list_controllers to become available...
[gzserver-1] [INFO] [1789634838.514958854] [controller_manager]: Loading controller 'joint_state_broadcaster'
[spawner-15] [INFO] [1789634838.709172824] [spawn_joint_state_broadcaster]: [94mLoaded [1mjoint_state_broadcaster[0m
[gzserver-1] [INFO] [1789634838.718912749] [controller_manager]: Configuring controller 'joint_state_broadcaster'
[gzserver-1] [INFO] [1789634838.719472115] [joint_state_broadcaster]: 'joints' or 'interfaces' parameter is empty. All available state interfaces will be published
[planner_server-9] [INFO] [1789634838.729677951] [planner_server]: Activating plugin GridBased of type NavfnPlanner
[planner_server-9] [INFO] [1789634838.748504504] [planner_server]: Creating bond (planner_server) to lifecycle manager.
[spawner-15] [INFO] [1789634838.812098756] [spawn_joint_state_broadcaster]: [92mConfigured and activated [1mjoint_state_broadcaster[0m
[lifecycle_manager-13] [INFO] [1789634838.886986865] [lifecycle_manager_navigation]: Server planner_server connected with bond.
[lifecycle_manager-13] [INFO] [1789634838.887059771] [lifecycle_manager_navigation]: [34m[1mActivating behavior_server[0m[0m
[behavior_server-10] [INFO] [1789634838.896331349] [behavior_server]: Activating
[behavior_server-10] [INFO] [1789634838.896407421] [behavior_server]: Activating spin
[behavior_server-10] [INFO] [1789634838.896430431] [behavior_server]: Activating backup
[behavior_server-10] [INFO] [1789634838.896444013] [behavior_server]: Activating drive_on_heading
[behavior_server-10] [INFO] [1789634838.896454858] [behavior_server]: Activating wait
[behavior_server-10] [INFO] [1789634838.896472222] [behavior_server]: Creating bond (behavior_server) to lifecycle manager.
[lifecycle_manager-13] [INFO] [1789634839.016053382] [lifecycle_manager_navigation]: Server behavior_server connected with bond.
[lifecycle_manager-13] [INFO] [1789634839.016155511] [lifecycle_manager_navigation]: [34m[1mActivating bt_navigator[0m[0m
[bt_navigator-11] [INFO] [1789634839.017853442] [bt_navigator]: Activating
[INFO] [spawner-15]: process has finished cleanly [pid 149451]
[INFO] [spawner-16]: process started with pid [149476]
[bt_navigator-11] [INFO] [1789634839.646193947] [bt_navigator]: Creating bond (bt_navigator) to lifecycle manager.
[lifecycle_manager-13] [INFO] [1789634839.781045276] [lifecycle_manager_navigation]: Server bt_navigator connected with bond.
[lifecycle_manager-13] [INFO] [1789634839.781121826] [lifecycle_manager_navigation]: [34m[1mActivating waypoint_follower[0m[0m
[waypoint_follower-12] [INFO] [1789634839.781550234] [waypoint_follower]: Activating
[waypoint_follower-12] [INFO] [1789634839.781622059] [waypoint_follower]: Creating bond (waypoint_follower) to lifecycle manager.
[lifecycle_manager-13] [INFO] [1789634839.894658342] [lifecycle_manager_navigation]: Server waypoint_follower connected with bond.
[lifecycle_manager-13] [INFO] [1789634839.896884578] [lifecycle_manager_navigation]: [34m[1mManaged nodes are active[0m[0m
[lifecycle_manager-13] [INFO] [1789634839.896901997] [lifecycle_manager_navigation]: [34m[1mCreating bond timer...[0m[0m
[spawner-16] [INFO] [1789634840.610095553] [spawn_steering_controller]: waiting for service /controller_manager/list_controllers to become available...
[gzserver-1] [INFO] [1789634841.189322401] [controller_manager]: Loading controller 'steering_controller'
[spawner-16] [INFO] [1789634841.383209992] [spawn_steering_controller]: [94mLoaded [1msteering_controller[0m
[gzserver-1] [INFO] [1789634841.418703180] [controller_manager]: Configuring controller 'steering_controller'
[gzserver-1] [INFO] [1789634841.441410062] [steering_controller]: configure successful
[gzserver-1] [INFO] [1789634841.750615877] [steering_controller]: activate successful
[spawner-16] [INFO] [1789634841.773679988] [spawn_steering_controller]: [92mConfigured and activated [1msteering_controller[0m
[INFO] [spawner-16]: process has finished cleanly [pid 149476]
[INFO] [spawner-17]: process started with pid [149560]
[spawner-17] [INFO] [1789634843.542745726] [spawn_drive_controller]: waiting for service /controller_manager/list_controllers to become available...
[gzserver-1] [INFO] [1789634844.325818019] [controller_manager]: Loading controller 'drive_controller'
[spawner-17] [INFO] [1789634844.758594779] [spawn_drive_controller]: [94mLoaded [1mdrive_controller[0m
[gzserver-1] [INFO] [1789634844.772820534] [controller_manager]: Configuring controller 'drive_controller'
[gzserver-1] [INFO] [1789634844.787057130] [drive_controller]: configure successful
[gzserver-1] [INFO] [1789634844.832872195] [drive_controller]: activate successful
[spawner-17] [INFO] [1789634844.851175017] [spawn_drive_controller]: [92mConfigured and activated [1mdrive_controller[0m
[INFO] [spawner-17]: process has finished cleanly [pid 149560]
[INFO] [swerve_controller_node-18]: process started with pid [149578]
[INFO] [swerve_odometry_node-19]: process started with pid [149580]
[swerve_controller_node-18] [INFO] [1789634846.902927110] [swerve_controller]: Swerve controller ready: radius=0.0675 m, modules={'front': (0.300042, 0.0), 'rear': (-0.300042, 0.0)}
[swerve_odometry_node-19] [INFO] [1789634847.328242650] [swerve_odometry]: Encoder odometry ready: radius=0.0637 m, velocity_sign=+1.0
[WARNING] [launch]: user interrupted with ctrl-c (SIGINT)
[map_server-7] [INFO] [1789634860.281776468] [rclcpp]: signal_handler(signum=2)
[controller_server-8] [INFO] [1789634860.281776602] [rclcpp]: signal_handler(signum=2)
[controller_server-8] [INFO] [1789634860.281945144] [controller_server]: Running Nav2 LifecycleNode rcl preshutdown (controller_server)
[planner_server-9] [INFO] [1789634860.281896225] [rclcpp]: signal_handler(signum=2)
[planner_server-9] [INFO] [1789634860.282109088] [planner_server]: Running Nav2 LifecycleNode rcl preshutdown (planner_server)
[lifecycle_manager-13] [INFO] [1789634860.281903793] [rclcpp]: signal_handler(signum=2)
[lifecycle_manager-13] [INFO] [1789634860.282960937] [lifecycle_manager_navigation]: Running Nav2 LifecycleManager rcl preshutdown (lifecycle_manager_navigation)
[lifecycle_manager-13] [INFO] [1789634860.283020004] [lifecycle_manager_navigation]: [34m[1mTerminating bond timer...[0m[0m
[INFO] [swerve_odometry_node-19]: sending signal 'SIGINT' to process[swerve_odometry_node-19]
[INFO] [swerve_controller_node-18]: sending signal 'SIGINT' to process[swerve_controller_node-18]
[INFO] [lifecycle_manager-13]: sending signal 'SIGINT' to process[lifecycle_manager-13]
[INFO] [waypoint_follower-12]: sending signal 'SIGINT' to process[waypoint_follower-12]
[INFO] [bt_navigator-11]: sending signal 'SIGINT' to process[bt_navigator-11]
[INFO] [behavior_server-10]: sending signal 'SIGINT' to process[behavior_server-10]
[INFO] [planner_server-9]: sending signal 'SIGINT' to process[planner_server-9]
[INFO] [controller_server-8]: sending signal 'SIGINT' to process[controller_server-8]
[INFO] [map_server-7]: sending signal 'SIGINT' to process[map_server-7]
[INFO] [ekf_node-6]: sending signal 'SIGINT' to process[ekf_node-6]
[INFO] [v30e_sim_node-5]: sending signal 'SIGINT' to process[v30e_sim_node-5]
[INFO] [ekf_node-4]: sending signal 'SIGINT' to process[ekf_node-4]
[INFO] [robot_state_publisher-2]: sending signal 'SIGINT' to process[robot_state_publisher-2]
[INFO] [gzserver-1]: sending signal 'SIGINT' to process[gzserver-1]
[ERROR] [ekf_node-6]: process has died [pid 148811, exit code -2, cmd '/opt/ros/humble/lib/robot_localization/ekf_node --ros-args -r __node:=ekf_v30e --params-file /home/yahboom/swerve_bringup/install/swerve_bringup/share/swerve_bringup/config/v30e_localization_ekf.yaml --params-file /tmp/launch_params_hn9zfs9j -r odometry/filtered:=/odometry/v30e'].
[map_server-7] [INFO] [1789634860.283559920] [map_server]: Running Nav2 LifecycleNode rcl preshutdown (map_server)
[map_server-7] [INFO] [1789634860.283639298] [map_server]: Deactivating
[map_server-7] [INFO] [1789634860.283668018] [map_server]: Destroying bond (map_server) to lifecycle manager.
[controller_server-8] [INFO] [1789634860.284034941] [controller_server]: Deactivating
[controller_server-8] [INFO] [1789634860.284099803] [local_costmap.local_costmap]: Deactivating
[controller_server-8] [INFO] [1789634860.301482368] [controller_server]: Destroying bond (controller_server) to lifecycle manager.
[waypoint_follower-12] [INFO] [1789634860.283333311] [rclcpp]: signal_handler(signum=2)
[waypoint_follower-12] [INFO] [1789634860.283479530] [waypoint_follower]: Running Nav2 LifecycleNode rcl preshutdown (waypoint_follower)
[waypoint_follower-12] [INFO] [1789634860.283582949] [waypoint_follower]: Deactivating
[waypoint_follower-12] [INFO] [1789634860.283612921] [waypoint_follower]: Destroying bond (waypoint_follower) to lifecycle manager.
[ekf_node-6] [INFO] [1789634860.283457829] [rclcpp]: signal_handler(signum=2)
[robot_state_publisher-2] [INFO] [1789634860.283806426] [rclcpp]: signal_handler(signum=2)
[planner_server-9] [INFO] [1789634860.284247838] [planner_server]: Deactivating
[planner_server-9] [INFO] [1789634860.284298903] [global_costmap.global_costmap]: Deactivating
[behavior_server-10] [INFO] [1789634860.284900586] [rclcpp]: signal_handler(signum=2)
[behavior_server-10] [INFO] [1789634860.287479324] [behavior_server]: Running Nav2 LifecycleNode rcl preshutdown (behavior_server)
[behavior_server-10] [INFO] [1789634860.304557101] [behavior_server]: Deactivating
[behavior_server-10] [INFO] [1789634860.304618498] [behavior_server]: Destroying bond (behavior_server) to lifecycle manager.
[bt_navigator-11] [INFO] [1789634860.284962922] [rclcpp]: signal_handler(signum=2)
[bt_navigator-11] [INFO] [1789634860.286996062] [bt_navigator]: Running Nav2 LifecycleNode rcl preshutdown (bt_navigator)
[bt_navigator-11] [INFO] [1789634860.287088246] [bt_navigator]: Deactivating
[bt_navigator-11] [INFO] [1789634860.287127083] [bt_navigator]: Destroying bond (bt_navigator) to lifecycle manager.
[ekf_node-4] [INFO] [1789634860.285167418] [rclcpp]: signal_handler(signum=2)
[swerve_odometry_node-19] Traceback (most recent call last):
[swerve_odometry_node-19]   File "/home/yahboom/swerve_bringup/install/swerve_bringup/lib/swerve_bringup/swerve_odometry_node", line 221, in <module>
[swerve_odometry_node-19]     main()
[swerve_odometry_node-19]   File "/home/yahboom/swerve_bringup/install/swerve_bringup/lib/swerve_bringup/swerve_odometry_node", line 215, in main
[swerve_odometry_node-19]     node.destroy_node()
[swerve_odometry_node-19]   File "/opt/ros/humble/local/lib/python3.10/dist-packages/rclpy/node.py", line 1685, in destroy_node
[swerve_odometry_node-19]     self.destroy_publisher(self._publishers[0])
[swerve_odometry_node-19]   File "/opt/ros/humble/local/lib/python3.10/dist-packages/rclpy/node.py", line 1565, in destroy_publisher
[swerve_odometry_node-19]     publisher.destroy()
[swerve_odometry_node-19]   File "/opt/ros/humble/local/lib/python3.10/dist-packages/rclpy/publisher.py", line 99, in destroy
[swerve_odometry_node-19]     self.__publisher.destroy_when_not_in_use()
[swerve_odometry_node-19] KeyboardInterrupt
[swerve_controller_node-18] Traceback (most recent call last):
[swerve_controller_node-18]   File "/home/yahboom/swerve_bringup/install/swerve_bringup/lib/swerve_bringup/swerve_controller_node", line 192, in <module>
[swerve_controller_node-18]     main()
[swerve_controller_node-18]   File "/home/yahboom/swerve_bringup/install/swerve_bringup/lib/swerve_bringup/swerve_controller_node", line 184, in main
[swerve_controller_node-18]     node.steer_pub.publish(Float64MultiArray(data=[
[swerve_controller_node-18]   File "/opt/ros/humble/local/lib/python3.10/dist-packages/rclpy/publisher.py", line 70, in publish
[swerve_controller_node-18]     self.__publisher.publish(msg)
[swerve_controller_node-18] rclpy._rclpy_pybind11.RCLError: Failed to publish: publisher's context is invalid, at ./src/rcl/publisher.c:389
[swerve_controller_node-18] Error in sys.excepthook:
[swerve_controller_node-18] Traceback (most recent call last):
[swerve_controller_node-18]   File "/usr/lib/python3/dist-packages/apport_python_hook.py", line 72, in apport_excepthook
[swerve_controller_node-18]     from apport.fileutils import likely_packaged, get_recent_crashes
[swerve_controller_node-18]   File "/usr/lib/python3/dist-packages/apport/__init__.py", line 5, in <module>
[swerve_controller_node-18]     from apport.report import Report
[swerve_controller_node-18]   File "/usr/lib/python3/dist-packages/apport/report.py", line 21, in <module>
[swerve_controller_node-18]     from urllib.request import urlopen
[swerve_controller_node-18]   File "/usr/lib/python3.10/urllib/request.py", line 86, in <module>
[swerve_controller_node-18]     import email
[swerve_controller_node-18]   File "<frozen importlib._bootstrap>", line 1027, in _find_and_load
[swerve_controller_node-18]   File "<frozen importlib._bootstrap>", line 1002, in _find_and_load_unlocked
[swerve_controller_node-18]   File "<frozen importlib._bootstrap>", line 945, in _find_spec
[swerve_controller_node-18]   File "<frozen importlib._bootstrap_external>", line 1439, in find_spec
[swerve_controller_node-18]   File "<frozen importlib._bootstrap_external>", line 1411, in _get_spec
[swerve_controller_node-18]   File "<frozen importlib._bootstrap_external>", line 1544, in find_spec
[swerve_controller_node-18]   File "<frozen importlib._bootstrap_external>", line 147, in _path_stat
[swerve_controller_node-18] KeyboardInterrupt
[swerve_controller_node-18] 
[swerve_controller_node-18] Original exception was:
[swerve_controller_node-18] Traceback (most recent call last):
[swerve_controller_node-18]   File "/home/yahboom/swerve_bringup/install/swerve_bringup/lib/swerve_bringup/swerve_controller_node", line 192, in <module>
[swerve_controller_node-18]     main()
[swerve_controller_node-18]   File "/home/yahboom/swerve_bringup/install/swerve_bringup/lib/swerve_bringup/swerve_controller_node", line 184, in main
[swerve_controller_node-18]     node.steer_pub.publish(Float64MultiArray(data=[
[swerve_controller_node-18]   File "/opt/ros/humble/local/lib/python3.10/dist-packages/rclpy/publisher.py", line 70, in publish
[swerve_controller_node-18]     self.__publisher.publish(msg)
[swerve_controller_node-18] rclpy._rclpy_pybind11.RCLError: Failed to publish: publisher's context is invalid, at ./src/rcl/publisher.c:389
[lifecycle_manager-13] [INFO] [1789634860.332637456] [rclcpp]: signal_handler(signum=2)
[waypoint_follower-12] [INFO] [1789634860.333099170] [waypoint_follower]: Cleaning up
[waypoint_follower-12] [INFO] [1789634860.339990015] [rclcpp]: signal_handler(signum=2)
[ERROR] [ekf_node-4]: process has died [pid 148807, exit code -2, cmd '/opt/ros/humble/lib/robot_localization/ekf_node --ros-args -r __node:=ekf_filter_node --params-file /home/yahboom/swerve_bringup/install/swerve_bringup/share/swerve_bringup/config/ekf.yaml --params-file /tmp/launch_params_nh6puwpj -r /odom:=/odom -r /imu/data:=/imu/data'].
[bt_navigator-11] [INFO] [1789634860.347750787] [rclcpp]: signal_handler(signum=2)
[planner_server-9] [INFO] [1789634860.359501187] [rclcpp]: signal_handler(signum=2)
[behavior_server-10] [INFO] [1789634860.359713514] [rclcpp]: signal_handler(signum=2)
[controller_server-8] [INFO] [1789634860.363487455] [rclcpp]: signal_handler(signum=2)
[map_server-7] [INFO] [1789634860.367405885] [rclcpp]: signal_handler(signum=2)
[controller_server-8] [INFO] [1789634860.373106054] [controller_server]: Cleaning up
[controller_server-8] [INFO] [1789634860.373266013] [local_costmap.local_costmap]: Cleaning up
[map_server-7] [INFO] [1789634860.375518747] [map_server]: Cleaning up
[map_server-7] [INFO] [1789634860.375637248] [map_server]: Destroying bond (map_server) to lifecycle manager.
[bt_navigator-11] [INFO] [1789634860.385851588] [bt_navigator]: Cleaning up
[behavior_server-10] [INFO] [1789634860.401450834] [behavior_server]: Cleaning up
[v30e_sim_node-5] Traceback (most recent call last):
[v30e_sim_node-5]   File "/home/yahboom/swerve_bringup/install/swerve_bringup/lib/swerve_bringup/v30e_sim_node", line 188, in <module>
[v30e_sim_node-5]     if __name__ == '__main__': main()
[v30e_sim_node-5]   File "/home/yahboom/swerve_bringup/install/swerve_bringup/lib/swerve_bringup/v30e_sim_node", line 185, in main
[v30e_sim_node-5]     node.destroy_node(); rclpy.shutdown()
[v30e_sim_node-5]   File "/opt/ros/humble/local/lib/python3.10/dist-packages/rclpy/node.py", line 1685, in destroy_node
[v30e_sim_node-5]     self.destroy_publisher(self._publishers[0])
[v30e_sim_node-5]   File "/opt/ros/humble/local/lib/python3.10/dist-packages/rclpy/node.py", line 1565, in destroy_publisher
[v30e_sim_node-5]     publisher.destroy()
[v30e_sim_node-5]   File "/opt/ros/humble/local/lib/python3.10/dist-packages/rclpy/publisher.py", line 99, in destroy
[v30e_sim_node-5]     self.__publisher.destroy_when_not_in_use()
[v30e_sim_node-5] KeyboardInterrupt
[robot_state_publisher-2] [INFO] [1789634860.415989711] [rclcpp]: signal_handler(signum=2)
[planner_server-9] [INFO] [1789634860.670463843] [planner_server]: Deactivating plugin GridBased of type NavfnPlanner
[planner_server-9] [INFO] [1789634860.670541789] [planner_server]: Destroying bond (planner_server) to lifecycle manager.
[planner_server-9] [INFO] [1789634861.432600803] [planner_server]: Cleaning up
[map_server-7] [INFO] [1789634861.432635080] [map_server]: Destroying
[waypoint_follower-12] [INFO] [1789634861.435483044] [waypoint_follower]: Destroying bond (waypoint_follower) to lifecycle manager.
[waypoint_follower-12] [INFO] [1789634861.457054649] [waypoint_follower]: Destroying
[planner_server-9] [INFO] [1789634861.593086113] [global_costmap.global_costmap]: Cleaning up
[behavior_server-10] [INFO] [1789634861.621584776] [behavior_server]: Destroying bond (behavior_server) to lifecycle manager.
[ERROR] [swerve_odometry_node-19]: process has died [pid 149580, exit code -2, cmd '/home/yahboom/swerve_bringup/install/swerve_bringup/lib/swerve_bringup/swerve_odometry_node --ros-args -r __node:=swerve_odometry --params-file /home/yahboom/swerve_bringup/install/swerve_bringup/share/swerve_bringup/config/swerve_odometry.yaml --params-file /tmp/launch_params_6utp3xk3'].
[INFO] [waypoint_follower-12]: process has finished cleanly [pid 148854]
[planner_server-9] [INFO] [1789634861.661021026] [planner_server]: Cleaning up plugin GridBased of type NavfnPlanner
[planner_server-9] [INFO] [1789634861.661109044] [planner_server]: Destroying plugin GridBased of type NavfnPlanner
[controller_server-8] [INFO] [1789634861.670249122] [controller_server]: Destroying bond (controller_server) to lifecycle manager.
[controller_server-8] [INFO] [1789634861.679300314] [local_costmap.local_costmap]: Destroying
[ERROR] [swerve_controller_node-18]: process has died [pid 149578, exit code 1, cmd '/home/yahboom/swerve_bringup/install/swerve_bringup/lib/swerve_bringup/swerve_controller_node --ros-args -r __node:=swerve_controller --params-file /home/yahboom/swerve_bringup/install/swerve_bringup/share/swerve_bringup/config/swerve_controller.yaml --params-file /tmp/launch_params_8tm73hgo'].
[behavior_server-10] [INFO] [1789634861.696148418] [behavior_server]: Destroying
[planner_server-9] [INFO] [1789634861.717129465] [planner_server]: Destroying bond (planner_server) to lifecycle manager.
[planner_server-9] [INFO] [1789634861.745462564] [global_costmap.global_costmap]: Destroying
[lifecycle_manager-13] [INFO] [1789634861.747311456] [lifecycle_manager_navigation]: Destroying lifecycle_manager_navigation
[INFO] [map_server-7]: process has finished cleanly [pid 148813]
[INFO] [robot_state_publisher-2]: process has finished cleanly [pid 148803]
[controller_server-8] [INFO] [1789634861.798165976] [controller_server]: Destroying
[planner_server-9] [INFO] [1789634861.864681020] [planner_server]: Destroying
[INFO] [behavior_server-10]: process has finished cleanly [pid 148828]
[INFO] [lifecycle_manager-13]: process has finished cleanly [pid 148864]
[INFO] [controller_server-8]: process has finished cleanly [pid 148816]
[INFO] [planner_server-9]: process has finished cleanly [pid 148819]
[bt_navigator-11] [INFO] [1789634862.166356768] [bt_navigator]: Completed Cleaning up
[bt_navigator-11] [INFO] [1789634862.168339975] [bt_navigator]: Destroying bond (bt_navigator) to lifecycle manager.
[bt_navigator-11] [INFO] [1789634862.295883884] [bt_navigator]: Destroying
[ERROR] [v30e_sim_node-5]: process has died [pid 148809, exit code -2, cmd '/home/yahboom/swerve_bringup/install/swerve_bringup/lib/swerve_bringup/v30e_sim_node --ros-args -r __node:=v30e_sim_node --params-file /home/yahboom/swerve_bringup/install/swerve_bringup/share/swerve_bringup/config/v30e_sim.yaml --params-file /tmp/launch_params_kw8sli0_'].
[INFO] [bt_navigator-11]: process has finished cleanly [pid 148838]
[INFO] [gzserver-1]: process has finished cleanly [pid 148801]
