[INFO] [launch]: All log files can be found below /home/yahboom/.ros/log/2026-09-17-19-16-53-780900-yahboom-virtual-machine-185047
[INFO] [launch]: Default logging verbosity is set to INFO
[INFO] [gzserver-1]: process started with pid [185095]
[INFO] [robot_state_publisher-2]: process started with pid [185097]
[INFO] [spawn_entity.py-3]: process started with pid [185099]
[INFO] [ekf_node-4]: process started with pid [185101]
[INFO] [v30e_sim_node-5]: process started with pid [185103]
[INFO] [ekf_node-6]: process started with pid [185105]
[INFO] [map_server-7]: process started with pid [185108]
[INFO] [controller_server-8]: process started with pid [185117]
[INFO] [planner_server-9]: process started with pid [185122]
[INFO] [behavior_server-10]: process started with pid [185134]
[INFO] [bt_navigator-11]: process started with pid [185151]
[INFO] [waypoint_follower-12]: process started with pid [185160]
[INFO] [lifecycle_manager-13]: process started with pid [185170]
[INFO] [swerve_bridge_node-14]: process started with pid [185173]
[bt_navigator-11] [INFO] [1789643817.271584229] [bt_navigator]: 
[bt_navigator-11] 	bt_navigator lifecycle node launched. 
[bt_navigator-11] 	Waiting on external lifecycle transitions to activate
[bt_navigator-11] 	See https://design.ros2.org/articles/node_lifecycle.html for more information.
[bt_navigator-11] [INFO] [1789643817.272733248] [bt_navigator]: Creating
[robot_state_publisher-2] [INFO] [1789643817.403969981] [robot_state_publisher]: got segment base_footprint
[robot_state_publisher-2] [INFO] [1789643817.415237189] [robot_state_publisher]: got segment base_link
[robot_state_publisher-2] [INFO] [1789643817.415278601] [robot_state_publisher]: got segment imu_link
[robot_state_publisher-2] [INFO] [1789643817.415288926] [robot_state_publisher]: got segment lidar_link
[robot_state_publisher-2] [INFO] [1789643817.415296636] [robot_state_publisher]: got segment steer_front_link
[robot_state_publisher-2] [INFO] [1789643817.415304271] [robot_state_publisher]: got segment steer_rear_link
[robot_state_publisher-2] [INFO] [1789643817.415311595] [robot_state_publisher]: got segment v30e_link
[robot_state_publisher-2] [INFO] [1789643817.415319697] [robot_state_publisher]: got segment wheel_front_drive_link
[robot_state_publisher-2] [INFO] [1789643817.415327240] [robot_state_publisher]: got segment wheel_front_left_link
[robot_state_publisher-2] [INFO] [1789643817.415334483] [robot_state_publisher]: got segment wheel_front_right_link
[robot_state_publisher-2] [INFO] [1789643817.415341328] [robot_state_publisher]: got segment wheel_rear_drive_link
[robot_state_publisher-2] [INFO] [1789643817.415348157] [robot_state_publisher]: got segment wheel_rear_left_link
[robot_state_publisher-2] [INFO] [1789643817.415355274] [robot_state_publisher]: got segment wheel_rear_right_link
[controller_server-8] [INFO] [1789643817.526801205] [controller_server]: 
[controller_server-8] 	controller_server lifecycle node launched. 
[controller_server-8] 	Waiting on external lifecycle transitions to activate
[controller_server-8] 	See https://design.ros2.org/articles/node_lifecycle.html for more information.
[controller_server-8] [INFO] [1789643817.538844912] [controller_server]: Creating controller server
[map_server-7] [INFO] [1789643817.661449713] [map_server]: 
[map_server-7] 	map_server lifecycle node launched. 
[map_server-7] 	Waiting on external lifecycle transitions to activate
[map_server-7] 	See https://design.ros2.org/articles/node_lifecycle.html for more information.
[map_server-7] [INFO] [1789643817.661667999] [map_server]: Creating
[waypoint_follower-12] [INFO] [1789643817.663239082] [waypoint_follower]: 
[waypoint_follower-12] 	waypoint_follower lifecycle node launched. 
[waypoint_follower-12] 	Waiting on external lifecycle transitions to activate
[waypoint_follower-12] 	See https://design.ros2.org/articles/node_lifecycle.html for more information.
[waypoint_follower-12] [INFO] [1789643817.663632063] [waypoint_follower]: Creating
[behavior_server-10] [INFO] [1789643817.677851466] [behavior_server]: 
[behavior_server-10] 	behavior_server lifecycle node launched. 
[behavior_server-10] 	Waiting on external lifecycle transitions to activate
[behavior_server-10] 	See https://design.ros2.org/articles/node_lifecycle.html for more information.
[planner_server-9] [INFO] [1789643817.752464508] [planner_server]: 
[planner_server-9] 	planner_server lifecycle node launched. 
[planner_server-9] 	Waiting on external lifecycle transitions to activate
[planner_server-9] 	See https://design.ros2.org/articles/node_lifecycle.html for more information.
[lifecycle_manager-13] [INFO] [1789643817.761249068] [lifecycle_manager_navigation]: Creating
[planner_server-9] [INFO] [1789643817.764443699] [planner_server]: Creating
[controller_server-8] [INFO] [1789643817.796363070] [local_costmap.local_costmap]: 
[controller_server-8] 	local_costmap lifecycle node launched. 
[controller_server-8] 	Waiting on external lifecycle transitions to activate
[controller_server-8] 	See https://design.ros2.org/articles/node_lifecycle.html for more information.
[controller_server-8] [INFO] [1789643817.803518160] [local_costmap.local_costmap]: Creating Costmap
[lifecycle_manager-13] [INFO] [1789643817.835667286] [lifecycle_manager_navigation]: [34m[1mCreating and initializing lifecycle service clients[0m[0m
[swerve_bridge_node-14] Traceback (most recent call last):
[swerve_bridge_node-14]   File "/home/yahboom/swerve_bringup/install/swerve_bridge/lib/swerve_bridge/swerve_bridge_node", line 33, in <module>
[swerve_bridge_node-14]     sys.exit(load_entry_point('swerve-bridge', 'console_scripts', 'swerve_bridge_node')())
[swerve_bridge_node-14]   File "/home/yahboom/swerve_bringup/install/swerve_bridge/lib/swerve_bridge/swerve_bridge_node", line 22, in importlib_load_entry_point
[swerve_bridge_node-14]     for entry_point in distribution(dist_name).entry_points
[swerve_bridge_node-14]   File "/usr/lib/python3.10/importlib/metadata/__init__.py", line 969, in distribution
[swerve_bridge_node-14]     return Distribution.from_name(distribution_name)
[swerve_bridge_node-14]   File "/usr/lib/python3.10/importlib/metadata/__init__.py", line 548, in from_name
[swerve_bridge_node-14]     raise PackageNotFoundError(name)
[swerve_bridge_node-14] importlib.metadata.PackageNotFoundError: No package metadata was found for swerve-bridge
[ERROR] [swerve_bridge_node-14]: process has died [pid 185173, exit code 1, cmd '/home/yahboom/swerve_bringup/install/swerve_bridge/lib/swerve_bridge/swerve_bridge_node --ros-args -r __node:=swerve_bridge --params-file /home/yahboom/swerve_bringup/install/swerve_bridge/share/swerve_bridge/config/bridge.yaml --params-file /tmp/launch_params_78x5dvoj'].
[planner_server-9] [INFO] [1789643817.970367671] [global_costmap.global_costmap]: 
[planner_server-9] 	global_costmap lifecycle node launched. 
[planner_server-9] 	Waiting on external lifecycle transitions to activate
[planner_server-9] 	See https://design.ros2.org/articles/node_lifecycle.html for more information.
[planner_server-9] [INFO] [1789643817.970931476] [global_costmap.global_costmap]: Creating Costmap
[lifecycle_manager-13] [INFO] [1789643818.023953337] [lifecycle_manager_navigation]: [34m[1mStarting managed nodes bringup...[0m[0m
[lifecycle_manager-13] [INFO] [1789643818.024060551] [lifecycle_manager_navigation]: [34m[1mConfiguring map_server[0m[0m
[map_server-7] [INFO] [1789643818.024705949] [map_server]: Configuring
[map_server-7] [INFO] [1789643818.024767601] [map_io]: Loading yaml file: /home/yahboom/swerve_bringup/install/swerve_bringup/share/swerve_bringup/swerve_navigation/maps/warehouse.yaml
[map_server-7] [INFO] [1789643818.024946976] [map_io]: resolution: 0.05
[map_server-7] [INFO] [1789643818.024951656] [map_io]: origin[0]: -17.2
[map_server-7] [INFO] [1789643818.024954058] [map_io]: origin[1]: -17.4
[map_server-7] [INFO] [1789643818.024956195] [map_io]: origin[2]: 0
[map_server-7] [INFO] [1789643818.024958543] [map_io]: free_thresh: 0.25
[map_server-7] [INFO] [1789643818.024960768] [map_io]: occupied_thresh: 0.65
[map_server-7] [INFO] [1789643818.024963143] [map_io]: mode: trinary
[map_server-7] [INFO] [1789643818.024966121] [map_io]: negate: 0
[map_server-7] [INFO] [1789643818.025146010] [map_io]: Loading image_file: /home/yahboom/swerve_bringup/install/swerve_bringup/share/swerve_bringup/swerve_navigation/maps/warehouse.pgm
[map_server-7] [INFO] [1789643818.092323228] [map_io]: Read map /home/yahboom/swerve_bringup/install/swerve_bringup/share/swerve_bringup/swerve_navigation/maps/warehouse.pgm: 676 X 680 map @ 0.05 m/cell
[lifecycle_manager-13] [INFO] [1789643818.130346046] [lifecycle_manager_navigation]: [34m[1mConfiguring controller_server[0m[0m
[controller_server-8] [INFO] [1789643818.130835878] [controller_server]: Configuring controller interface
[controller_server-8] [INFO] [1789643818.139061896] [controller_server]: getting goal checker plugins..
[controller_server-8] [INFO] [1789643818.139434867] [controller_server]: Controller frequency set to 10.0000Hz
[controller_server-8] [INFO] [1789643818.139501523] [local_costmap.local_costmap]: Configuring
[controller_server-8] [INFO] [1789643818.242796941] [local_costmap.local_costmap]: Using plugin "voxel_layer"
[controller_server-8] [INFO] [1789643818.275928485] [local_costmap.local_costmap]: Subscribed to Topics: lidar3d scan
[controller_server-8] [INFO] [1789643818.414538248] [local_costmap.local_costmap]: Initialized plugin "voxel_layer"
[controller_server-8] [INFO] [1789643818.414586863] [local_costmap.local_costmap]: Using plugin "inflation_layer"
[controller_server-8] [INFO] [1789643818.415088345] [local_costmap.local_costmap]: Initialized plugin "inflation_layer"
[controller_server-8] [INFO] [1789643818.551859909] [controller_server]: Created progress_checker : progress_checker of type nav2_controller::SimpleProgressChecker
[controller_server-8] [INFO] [1789643818.572060408] [controller_server]: Created goal checker : general_goal_checker of type nav2_controller::SimpleGoalChecker
[controller_server-8] [INFO] [1789643818.587535128] [controller_server]: Controller Server has general_goal_checker  goal checkers available.
[controller_server-8] [INFO] [1789643818.589271755] [controller_server]: Created controller : FollowPath of type dwb_core::DWBLocalPlanner
[controller_server-8] [INFO] [1789643818.607255569] [controller_server]: Setting transform_tolerance to 0.200000
[spawn_entity.py-3] [INFO] [1789643819.046395368] [spawn_swerve]: Spawn Entity started
[spawn_entity.py-3] [INFO] [1789643819.046896836] [spawn_swerve]: Loading entity published on topic robot_description
[spawn_entity.py-3] [INFO] [1789643819.073094109] [spawn_swerve]: Waiting for entity xml on robot_description
[controller_server-8] [INFO] [1789643819.109748310] [controller_server]: Using critic "RotateToGoal" (dwb_critics::RotateToGoalCritic)
[spawn_entity.py-3] [INFO] [1789643819.115044758] [spawn_swerve]: Waiting for service /spawn_entity, timeout = 30
[spawn_entity.py-3] [INFO] [1789643819.115496178] [spawn_swerve]: Waiting for service /spawn_entity
[controller_server-8] [INFO] [1789643819.116224467] [controller_server]: Critic plugin initialized
[controller_server-8] [INFO] [1789643819.116325726] [controller_server]: Using critic "Oscillation" (dwb_critics::OscillationCritic)
[controller_server-8] [INFO] [1789643819.116539839] [controller_server]: Critic plugin initialized
[controller_server-8] [INFO] [1789643819.116647758] [controller_server]: Using critic "BaseObstacle" (dwb_critics::BaseObstacleCritic)
[controller_server-8] [INFO] [1789643819.120728023] [controller_server]: Critic plugin initialized
[controller_server-8] [INFO] [1789643819.123538608] [controller_server]: Using critic "GoalAlign" (dwb_critics::GoalAlignCritic)
[controller_server-8] [INFO] [1789643819.129949224] [controller_server]: Critic plugin initialized
[controller_server-8] [INFO] [1789643819.136052441] [controller_server]: Using critic "PathAlign" (dwb_critics::PathAlignCritic)
[controller_server-8] [INFO] [1789643819.142512853] [controller_server]: Critic plugin initialized
[controller_server-8] [INFO] [1789643819.147151146] [controller_server]: Using critic "PathDist" (dwb_critics::PathDistCritic)
[controller_server-8] [INFO] [1789643819.147789749] [controller_server]: Critic plugin initialized
[controller_server-8] [INFO] [1789643819.150975372] [controller_server]: Using critic "GoalDist" (dwb_critics::GoalDistCritic)
[controller_server-8] [INFO] [1789643819.159508281] [controller_server]: Critic plugin initialized
[controller_server-8] [INFO] [1789643819.160941837] [controller_server]: Controller Server has FollowPath  controllers available.
[lifecycle_manager-13] [INFO] [1789643819.214681231] [lifecycle_manager_navigation]: [34m[1mConfiguring planner_server[0m[0m
[planner_server-9] [INFO] [1789643819.218631111] [planner_server]: Configuring
[planner_server-9] [INFO] [1789643819.218683681] [global_costmap.global_costmap]: Configuring
[planner_server-9] [INFO] [1789643819.260099884] [global_costmap.global_costmap]: Using plugin "static_layer"
[planner_server-9] [INFO] [1789643819.267941658] [global_costmap.global_costmap]: Subscribing to the map topic (/map) with transient local durability
[planner_server-9] [INFO] [1789643819.279214903] [global_costmap.global_costmap]: Initialized plugin "static_layer"
[planner_server-9] [INFO] [1789643819.279279090] [global_costmap.global_costmap]: Using plugin "obstacle_layer"
[planner_server-9] [INFO] [1789643819.285599532] [global_costmap.global_costmap]: Subscribed to Topics: scan
[planner_server-9] [INFO] [1789643819.314372733] [global_costmap.global_costmap]: Initialized plugin "obstacle_layer"
[planner_server-9] [INFO] [1789643819.314425686] [global_costmap.global_costmap]: Using plugin "inflation_layer"
[planner_server-9] [INFO] [1789643819.315424906] [global_costmap.global_costmap]: Initialized plugin "inflation_layer"
[planner_server-9] [INFO] [1789643819.442482682] [planner_server]: Created global planner plugin GridBased of type nav2_navfn_planner/NavfnPlanner
[planner_server-9] [INFO] [1789643819.445618972] [planner_server]: Configuring plugin GridBased of type NavfnPlanner
[planner_server-9] [INFO] [1789643819.447336862] [planner_server]: Planner Server has GridBased  planners available.
[v30e_sim_node-5] [INFO] [1789643819.479470613] [v30e_sim_node]: Using Gazebo /get_entity_state internally; odometry is not a V30E measurement input
[lifecycle_manager-13] [INFO] [1789643819.525817200] [lifecycle_manager_navigation]: [34m[1mConfiguring behavior_server[0m[0m
[behavior_server-10] [INFO] [1789643819.526245411] [behavior_server]: Configuring
[behavior_server-10] [INFO] [1789643819.608604555] [behavior_server]: Creating behavior plugin spin of type nav2_behaviors/Spin
[behavior_server-10] [INFO] [1789643819.609364527] [behavior_server]: Configuring spin
[behavior_server-10] [INFO] [1789643819.663907100] [behavior_server]: Creating behavior plugin backup of type nav2_behaviors/BackUp
[behavior_server-10] [INFO] [1789643819.664784246] [behavior_server]: Configuring backup
[behavior_server-10] [INFO] [1789643819.711432147] [behavior_server]: Creating behavior plugin drive_on_heading of type nav2_behaviors/DriveOnHeading
[behavior_server-10] [INFO] [1789643819.713427429] [behavior_server]: Configuring drive_on_heading
[behavior_server-10] [INFO] [1789643819.745592562] [behavior_server]: Creating behavior plugin wait of type nav2_behaviors/Wait
[behavior_server-10] [INFO] [1789643819.747878938] [behavior_server]: Configuring wait
[lifecycle_manager-13] [INFO] [1789643819.785086523] [lifecycle_manager_navigation]: [34m[1mConfiguring bt_navigator[0m[0m
[bt_navigator-11] [INFO] [1789643819.786537230] [bt_navigator]: Configuring
[lifecycle_manager-13] [INFO] [1789643820.219420559] [lifecycle_manager_navigation]: [34m[1mConfiguring waypoint_follower[0m[0m
[waypoint_follower-12] [INFO] [1789643820.220346745] [waypoint_follower]: Configuring
[waypoint_follower-12] [INFO] [1789643820.279042691] [waypoint_follower]: Created waypoint_task_executor : wait_at_waypoint of type nav2_waypoint_follower::WaitAtWaypoint
[waypoint_follower-12] [INFO] [1789643820.279567623] [waypoint_follower]: Waypoint pause duration is set to zero, disabling task executor plugin.
[lifecycle_manager-13] [INFO] [1789643820.286291594] [lifecycle_manager_navigation]: [34m[1mActivating map_server[0m[0m
[map_server-7] [INFO] [1789643820.287976331] [map_server]: Activating
[map_server-7] [INFO] [1789643820.288511964] [map_server]: Creating bond (map_server) to lifecycle manager.
[planner_server-9] [INFO] [1789643820.289519020] [global_costmap.global_costmap]: StaticLayer: Resizing costmap to 676 X 680 at 0.050000 m/pix
[lifecycle_manager-13] [INFO] [1789643820.412503019] [lifecycle_manager_navigation]: Server map_server connected with bond.
[lifecycle_manager-13] [INFO] [1789643820.412563333] [lifecycle_manager_navigation]: [34m[1mActivating controller_server[0m[0m
[controller_server-8] [INFO] [1789643820.413011601] [controller_server]: Activating
[controller_server-8] [INFO] [1789643820.413076538] [local_costmap.local_costmap]: Activating
[controller_server-8] [INFO] [1789643820.413095738] [local_costmap.local_costmap]: Checking transform
[controller_server-8] [INFO] [1789643820.413133919] [local_costmap.local_costmap]: Timed out waiting for transform from base_footprint to odom to become available, tf error: Invalid frame ID "odom" passed to canTransform argument target_frame - frame does not exist
[controller_server-8] [INFO] [1789643820.914489222] [local_costmap.local_costmap]: Timed out waiting for transform from base_footprint to odom to become available, tf error: Invalid frame ID "odom" passed to canTransform argument target_frame - frame does not exist
[controller_server-8] [INFO] [1789643821.413729662] [local_costmap.local_costmap]: Timed out waiting for transform from base_footprint to odom to become available, tf error: Invalid frame ID "odom" passed to canTransform argument target_frame - frame does not exist
[controller_server-8] [INFO] [1789643821.913189606] [local_costmap.local_costmap]: Timed out waiting for transform from base_footprint to odom to become available, tf error: Invalid frame ID "odom" passed to canTransform argument target_frame - frame does not exist
[controller_server-8] [INFO] [1789643822.414075369] [local_costmap.local_costmap]: Timed out waiting for transform from base_footprint to odom to become available, tf error: Invalid frame ID "odom" passed to canTransform argument target_frame - frame does not exist
[controller_server-8] [INFO] [1789643822.913578744] [local_costmap.local_costmap]: Timed out waiting for transform from base_footprint to odom to become available, tf error: Invalid frame ID "odom" passed to canTransform argument target_frame - frame does not exist
[controller_server-8] [INFO] [1789643823.413743692] [local_costmap.local_costmap]: Timed out waiting for transform from base_footprint to odom to become available, tf error: Invalid frame ID "odom" passed to canTransform argument target_frame - frame does not exist
[controller_server-8] [INFO] [1789643823.951209460] [local_costmap.local_costmap]: Timed out waiting for transform from base_footprint to odom to become available, tf error: Invalid frame ID "odom" passed to canTransform argument target_frame - frame does not exist
[controller_server-8] [INFO] [1789643824.413709344] [local_costmap.local_costmap]: Timed out waiting for transform from base_footprint to odom to become available, tf error: Invalid frame ID "odom" passed to canTransform argument target_frame - frame does not exist
[controller_server-8] [INFO] [1789643824.915833315] [local_costmap.local_costmap]: Timed out waiting for transform from base_footprint to odom to become available, tf error: Invalid frame ID "odom" passed to canTransform argument target_frame - frame does not exist
[controller_server-8] [INFO] [1789643825.440162209] [local_costmap.local_costmap]: Timed out waiting for transform from base_footprint to odom to become available, tf error: Invalid frame ID "odom" passed to canTransform argument target_frame - frame does not exist
[controller_server-8] [INFO] [1789643825.915258916] [local_costmap.local_costmap]: Timed out waiting for transform from base_footprint to odom to become available, tf error: Invalid frame ID "odom" passed to canTransform argument target_frame - frame does not exist
[spawn_entity.py-3] [INFO] [1789643826.228639654] [spawn_swerve]: Calling service /spawn_entity
[controller_server-8] [INFO] [1789643826.413671252] [local_costmap.local_costmap]: Timed out waiting for transform from base_footprint to odom to become available, tf error: Invalid frame ID "odom" passed to canTransform argument target_frame - frame does not exist
[gzserver-1] [INFO] [1789643826.433039746] [gazebo_ros_state]: Publishing states of gazebo models at [/model_states]
[gzserver-1] [INFO] [1789643826.441955871] [gazebo_ros_state]: Publishing states of gazebo links at [/link_states]
[controller_server-8] [INFO] [1789643826.916121466] [local_costmap.local_costmap]: Timed out waiting for transform from base_footprint to odom to become available, tf error: Invalid frame ID "odom" passed to canTransform argument target_frame - frame does not exist
[gzserver-1] [INFO] [1789643826.995463489] [imu.imu_ros]: <initial_orientation_as_reference> is unset, using default value of false to comply with REP 145 (world as orientation reference)
[controller_server-8] [INFO] [1789643827.413887383] [local_costmap.local_costmap]: Timed out waiting for transform from base_footprint to odom to become available, tf error: Invalid frame ID "odom" passed to canTransform argument target_frame - frame does not exist
[controller_server-8] [INFO] [1789643827.913520873] [local_costmap.local_costmap]: Timed out waiting for transform from base_footprint to odom to become available, tf error: Invalid frame ID "odom" passed to canTransform argument target_frame - frame does not exist
[controller_server-8] [INFO] [1789643828.413445612] [local_costmap.local_costmap]: Timed out waiting for transform from base_footprint to odom to become available, tf error: Invalid frame ID "odom" passed to canTransform argument target_frame - frame does not exist
[controller_server-8] [INFO] [1789643828.913665303] [local_costmap.local_costmap]: Timed out waiting for transform from base_footprint to odom to become available, tf error: Invalid frame ID "odom" passed to canTransform argument target_frame - frame does not exist
[controller_server-8] [INFO] [1789643829.414963710] [local_costmap.local_costmap]: Timed out waiting for transform from base_footprint to odom to become available, tf error: Invalid frame ID "odom" passed to canTransform argument target_frame - frame does not exist
[controller_server-8] [INFO] [1789643829.915195510] [local_costmap.local_costmap]: Timed out waiting for transform from base_footprint to odom to become available, tf error: Invalid frame ID "odom" passed to canTransform argument target_frame - frame does not exist
[controller_server-8] [INFO] [1789643830.415572610] [local_costmap.local_costmap]: Timed out waiting for transform from base_footprint to odom to become available, tf error: Invalid frame ID "odom" passed to canTransform argument target_frame - frame does not exist
[controller_server-8] [INFO] [1789643830.913827770] [local_costmap.local_costmap]: Timed out waiting for transform from base_footprint to odom to become available, tf error: Invalid frame ID "odom" passed to canTransform argument target_frame - frame does not exist
[controller_server-8] [INFO] [1789643831.413771426] [local_costmap.local_costmap]: Timed out waiting for transform from base_footprint to odom to become available, tf error: Invalid frame ID "odom" passed to canTransform argument target_frame - frame does not exist
[controller_server-8] [INFO] [1789643831.913654241] [local_costmap.local_costmap]: Timed out waiting for transform from base_footprint to odom to become available, tf error: Invalid frame ID "odom" passed to canTransform argument target_frame - frame does not exist
[controller_server-8] [INFO] [1789643832.413483805] [local_costmap.local_costmap]: Timed out waiting for transform from base_footprint to odom to become available, tf error: Invalid frame ID "odom" passed to canTransform argument target_frame - frame does not exist
[controller_server-8] [INFO] [1789643832.913287064] [local_costmap.local_costmap]: Timed out waiting for transform from base_footprint to odom to become available, tf error: Invalid frame ID "odom" passed to canTransform argument target_frame - frame does not exist
[controller_server-8] [INFO] [1789643833.415450895] [local_costmap.local_costmap]: Timed out waiting for transform from base_footprint to odom to become available, tf error: Invalid frame ID "odom" passed to canTransform argument target_frame - frame does not exist
[controller_server-8] [INFO] [1789643833.914177170] [local_costmap.local_costmap]: Timed out waiting for transform from base_footprint to odom to become available, tf error: Invalid frame ID "odom" passed to canTransform argument target_frame - frame does not exist
[controller_server-8] [INFO] [1789643834.413354809] [local_costmap.local_costmap]: Timed out waiting for transform from base_footprint to odom to become available, tf error: Invalid frame ID "odom" passed to canTransform argument target_frame - frame does not exist
[controller_server-8] [INFO] [1789643834.914301593] [local_costmap.local_costmap]: Timed out waiting for transform from base_footprint to odom to become available, tf error: Invalid frame ID "odom" passed to canTransform argument target_frame - frame does not exist
[controller_server-8] [INFO] [1789643835.414497617] [local_costmap.local_costmap]: Timed out waiting for transform from base_footprint to odom to become available, tf error: Invalid frame ID "odom" passed to canTransform argument target_frame - frame does not exist
[controller_server-8] [INFO] [1789643835.913571200] [local_costmap.local_costmap]: Timed out waiting for transform from base_footprint to odom to become available, tf error: Invalid frame ID "odom" passed to canTransform argument target_frame - frame does not exist
[controller_server-8] [INFO] [1789643836.413563293] [local_costmap.local_costmap]: Timed out waiting for transform from base_footprint to odom to become available, tf error: Invalid frame ID "odom" passed to canTransform argument target_frame - frame does not exist
[controller_server-8] [INFO] [1789643836.918972363] [local_costmap.local_costmap]: Timed out waiting for transform from base_footprint to odom to become available, tf error: Invalid frame ID "odom" passed to canTransform argument target_frame - frame does not exist
[controller_server-8] [INFO] [1789643837.415149259] [local_costmap.local_costmap]: Timed out waiting for transform from base_footprint to odom to become available, tf error: Invalid frame ID "odom" passed to canTransform argument target_frame - frame does not exist
[controller_server-8] [INFO] [1789643837.913541927] [local_costmap.local_costmap]: Timed out waiting for transform from base_footprint to odom to become available, tf error: Invalid frame ID "odom" passed to canTransform argument target_frame - frame does not exist
[controller_server-8] [INFO] [1789643838.413733737] [local_costmap.local_costmap]: Timed out waiting for transform from base_footprint to odom to become available, tf error: Invalid frame ID "odom" passed to canTransform argument target_frame - frame does not exist
[controller_server-8] [INFO] [1789643838.913301524] [local_costmap.local_costmap]: Timed out waiting for transform from base_footprint to odom to become available, tf error: Invalid frame ID "odom" passed to canTransform argument target_frame - frame does not exist
[controller_server-8] [INFO] [1789643839.414962290] [local_costmap.local_costmap]: Timed out waiting for transform from base_footprint to odom to become available, tf error: Invalid frame ID "odom" passed to canTransform argument target_frame - frame does not exist
[controller_server-8] [INFO] [1789643839.913660307] [local_costmap.local_costmap]: Timed out waiting for transform from base_footprint to odom to become available, tf error: Invalid frame ID "odom" passed to canTransform argument target_frame - frame does not exist
[controller_server-8] [INFO] [1789643840.415471396] [local_costmap.local_costmap]: Timed out waiting for transform from base_footprint to odom to become available, tf error: Invalid frame ID "odom" passed to canTransform argument target_frame - frame does not exist
[controller_server-8] [INFO] [1789643840.913546975] [local_costmap.local_costmap]: Timed out waiting for transform from base_footprint to odom to become available, tf error: Invalid frame ID "odom" passed to canTransform argument target_frame - frame does not exist
[controller_server-8] [INFO] [1789643841.413263442] [local_costmap.local_costmap]: Timed out waiting for transform from base_footprint to odom to become available, tf error: Invalid frame ID "odom" passed to canTransform argument target_frame - frame does not exist
[gzserver-1] [INFO] [1789643841.635946371] [contact_load.wheel_front_drive_link_contact_plugin]: Publishing contact states to [/contact_load/wheel_front_drive_link]
[gzserver-1] [INFO] [1789643841.702763075] [contact_load.wheel_rear_drive_link_contact_plugin]: Publishing contact states to [/contact_load/wheel_rear_drive_link]
[gzserver-1] [INFO] [1789643841.819693443] [contact_load.wheel_front_left_link_contact_plugin]: Publishing contact states to [/contact_load/wheel_front_left_link]
[gzserver-1] [INFO] [1789643841.895588265] [contact_load.wheel_front_right_link_contact_plugin]: Publishing contact states to [/contact_load/wheel_front_right_link]
[controller_server-8] [INFO] [1789643841.913413704] [local_costmap.local_costmap]: Timed out waiting for transform from base_footprint to odom to become available, tf error: Invalid frame ID "odom" passed to canTransform argument target_frame - frame does not exist
[gzserver-1] [INFO] [1789643841.974727352] [contact_load.wheel_rear_left_link_contact_plugin]: Publishing contact states to [/contact_load/wheel_rear_left_link]
[spawn_entity.py-3] [INFO] [1789643842.017806398] [spawn_swerve]: Spawn status: SpawnEntity: Successfully spawned entity [swerve_base]
[gzserver-1] [INFO] [1789643842.171110427] [contact_load.wheel_rear_right_link_contact_plugin]: Publishing contact states to [/contact_load/wheel_rear_right_link]
[gzserver-1] [INFO] [1789643842.364137491] [gazebo_ros2_control]: Loading gazebo_ros2_control plugin
[INFO] [spawn_entity.py-3]: process has finished cleanly [pid 185099]
[controller_server-8] [INFO] [1789643842.415143654] [local_costmap.local_costmap]: Timed out waiting for transform from base_footprint to odom to become available, tf error: Invalid frame ID "odom" passed to canTransform argument target_frame - frame does not exist
[INFO] [spawner-15]: process started with pid [185403]
[gzserver-1] [INFO] [1789643842.520908264] [gazebo_ros2_control]: Starting gazebo_ros2_control plugin in namespace: /
[gzserver-1] [INFO] [1789643842.521002814] [gazebo_ros2_control]: Starting gazebo_ros2_control plugin in ros 2 node: gazebo_ros2_control
[gzserver-1] [INFO] [1789643842.651569461] [gazebo_ros2_control]: connected to service!! robot_state_publisher
[gzserver-1] [INFO] [1789643842.655626125] [gazebo_ros2_control]: Received urdf from param server, parsing...
[gzserver-1] [INFO] [1789643842.655711045] [gazebo_ros2_control]: Loading parameter files /home/yahboom/swerve_bringup/install/swerve_bringup/share/swerve_bringup/config/controllers.yaml
[gzserver-1] [INFO] [1789643842.706577282] [gazebo_ros2_control]: Loading joint: steer_front_joint
[gzserver-1] [INFO] [1789643842.706735614] [gazebo_ros2_control]: 	State:
[gzserver-1] [INFO] [1789643842.706753814] [gazebo_ros2_control]: 		 position
[gzserver-1] [INFO] [1789643842.706766272] [gazebo_ros2_control]: 		 velocity
[gzserver-1] [INFO] [1789643842.706776249] [gazebo_ros2_control]: 	Command:
[gzserver-1] [INFO] [1789643842.706785285] [gazebo_ros2_control]: 		 position
[gzserver-1] [INFO] [1789643842.711142605] [gazebo_ros2_control]: Loading joint: steer_rear_joint
[gzserver-1] [INFO] [1789643842.711202529] [gazebo_ros2_control]: 	State:
[gzserver-1] [INFO] [1789643842.711215603] [gazebo_ros2_control]: 		 position
[gzserver-1] [INFO] [1789643842.711227030] [gazebo_ros2_control]: 		 velocity
[gzserver-1] [INFO] [1789643842.711236325] [gazebo_ros2_control]: 	Command:
[gzserver-1] [INFO] [1789643842.711245075] [gazebo_ros2_control]: 		 position
[gzserver-1] [INFO] [1789643842.711553188] [gazebo_ros2_control]: Loading joint: wheel_front_drive_joint
[gzserver-1] [INFO] [1789643842.711578715] [gazebo_ros2_control]: 	State:
[gzserver-1] [INFO] [1789643842.711588479] [gazebo_ros2_control]: 		 position
[gzserver-1] [INFO] [1789643842.711598344] [gazebo_ros2_control]: 		 velocity
[gzserver-1] [INFO] [1789643842.711606802] [gazebo_ros2_control]: 	Command:
[gzserver-1] [INFO] [1789643842.711620417] [gazebo_ros2_control]: 		 velocity
[gzserver-1] [INFO] [1789643842.714888993] [gazebo_ros2_control]: Loading joint: wheel_rear_drive_joint
[gzserver-1] [INFO] [1789643842.714934100] [gazebo_ros2_control]: 	State:
[gzserver-1] [INFO] [1789643842.714945520] [gazebo_ros2_control]: 		 position
[gzserver-1] [INFO] [1789643842.714956114] [gazebo_ros2_control]: 		 velocity
[gzserver-1] [INFO] [1789643842.714964769] [gazebo_ros2_control]: 	Command:
[gzserver-1] [INFO] [1789643842.714990044] [gazebo_ros2_control]: 		 velocity
[gzserver-1] [INFO] [1789643842.727190971] [resource_manager]: Initialize hardware 'GazeboSystem' 
[gzserver-1] [INFO] [1789643842.727482236] [resource_manager]: Successful initialization of hardware 'GazeboSystem'
[gzserver-1] [INFO] [1789643842.727944594] [resource_manager]: 'configure' hardware 'GazeboSystem' 
[gzserver-1] [INFO] [1789643842.727972769] [resource_manager]: Successful 'configure' of hardware 'GazeboSystem'
[gzserver-1] [INFO] [1789643842.727981151] [resource_manager]: 'activate' hardware 'GazeboSystem' 
[gzserver-1] [INFO] [1789643842.727988392] [resource_manager]: Successful 'activate' of hardware 'GazeboSystem'
[gzserver-1] [INFO] [1789643842.728145555] [gazebo_ros2_control]: Loading controller_manager
[controller_server-8] [INFO] [1789643842.920331669] [local_costmap.local_costmap]: Timed out waiting for transform from base_footprint to odom to become available, tf error: Invalid frame ID "odom" passed to canTransform argument target_frame - frame does not exist
[gzserver-1] [WARN] [1789643843.015055773] [gazebo_ros2_control]:  Desired controller update period (0.01 s) is slower than the gazebo simulation period (0.001 s).
[gzserver-1] [INFO] [1789643843.017503721] [gazebo_ros2_control]: Loaded gazebo_ros2_control.
[controller_server-8] [INFO] [1789643843.416116729] [local_costmap.local_costmap]: Timed out waiting for transform from base_footprint to odom to become available, tf error: Invalid frame ID "odom" passed to canTransform argument target_frame - frame does not exist
[spawner-15] [INFO] [1789643843.540486394] [spawn_joint_state_broadcaster]: waiting for service /controller_manager/list_controllers to become available...
[controller_server-8] [INFO] [1789643843.913471492] [local_costmap.local_costmap]: start
[controller_server-8] [INFO] [1789643844.085872360] [controller_server]: Creating bond (controller_server) to lifecycle manager.
[lifecycle_manager-13] [INFO] [1789643844.218427469] [lifecycle_manager_navigation]: Server controller_server connected with bond.
[lifecycle_manager-13] [INFO] [1789643844.218584493] [lifecycle_manager_navigation]: [34m[1mActivating planner_server[0m[0m
[planner_server-9] [INFO] [1789643844.219280372] [planner_server]: Activating
[planner_server-9] [INFO] [1789643844.219355379] [global_costmap.global_costmap]: Activating
[planner_server-9] [INFO] [1789643844.219377435] [global_costmap.global_costmap]: Checking transform
[planner_server-9] [INFO] [1789643844.219416287] [global_costmap.global_costmap]: Timed out waiting for transform from base_footprint to map to become available, tf error: Invalid frame ID "map" passed to canTransform argument target_frame - frame does not exist
[planner_server-9] [INFO] [1789643844.723498804] [global_costmap.global_costmap]: start
[planner_server-9] [INFO] [1789643845.297890162] [planner_server]: Activating plugin GridBased of type NavfnPlanner
[planner_server-9] [INFO] [1789643845.314773878] [planner_server]: Creating bond (planner_server) to lifecycle manager.
[lifecycle_manager-13] [INFO] [1789643845.446367507] [lifecycle_manager_navigation]: Server planner_server connected with bond.
[lifecycle_manager-13] [INFO] [1789643845.446452471] [lifecycle_manager_navigation]: [34m[1mActivating behavior_server[0m[0m
[behavior_server-10] [INFO] [1789643845.447330971] [behavior_server]: Activating
[behavior_server-10] [INFO] [1789643845.447391172] [behavior_server]: Activating spin
[behavior_server-10] [INFO] [1789643845.447414203] [behavior_server]: Activating backup
[behavior_server-10] [INFO] [1789643845.447685392] [behavior_server]: Activating drive_on_heading
[behavior_server-10] [INFO] [1789643845.447705377] [behavior_server]: Activating wait
[behavior_server-10] [INFO] [1789643845.447724411] [behavior_server]: Creating bond (behavior_server) to lifecycle manager.
[lifecycle_manager-13] [INFO] [1789643845.575859986] [lifecycle_manager_navigation]: Server behavior_server connected with bond.
[lifecycle_manager-13] [INFO] [1789643845.576011025] [lifecycle_manager_navigation]: [34m[1mActivating bt_navigator[0m[0m
[bt_navigator-11] [INFO] [1789643845.577095578] [bt_navigator]: Activating
[bt_navigator-11] [INFO] [1789643846.307810140] [bt_navigator]: Creating bond (bt_navigator) to lifecycle manager.
[gzserver-1] [INFO] [1789643846.334647858] [controller_manager]: Loading controller 'joint_state_broadcaster'
[lifecycle_manager-13] [INFO] [1789643846.434497166] [lifecycle_manager_navigation]: Server bt_navigator connected with bond.
[lifecycle_manager-13] [INFO] [1789643846.434575438] [lifecycle_manager_navigation]: [34m[1mActivating waypoint_follower[0m[0m
[waypoint_follower-12] [INFO] [1789643846.435389342] [waypoint_follower]: Activating
[waypoint_follower-12] [INFO] [1789643846.435465116] [waypoint_follower]: Creating bond (waypoint_follower) to lifecycle manager.
[lifecycle_manager-13] [INFO] [1789643846.589038331] [lifecycle_manager_navigation]: Server waypoint_follower connected with bond.
[lifecycle_manager-13] [INFO] [1789643846.589098619] [lifecycle_manager_navigation]: [34m[1mManaged nodes are active[0m[0m
[lifecycle_manager-13] [INFO] [1789643846.589115703] [lifecycle_manager_navigation]: [34m[1mCreating bond timer...[0m[0m
[spawner-15] [INFO] [1789643846.929110511] [spawn_joint_state_broadcaster]: [94mLoaded [1mjoint_state_broadcaster[0m
[gzserver-1] [INFO] [1789643846.942610235] [controller_manager]: Configuring controller 'joint_state_broadcaster'
[gzserver-1] [INFO] [1789643846.945910133] [joint_state_broadcaster]: 'joints' or 'interfaces' parameter is empty. All available state interfaces will be published
[spawner-15] [INFO] [1789643847.231552665] [spawn_joint_state_broadcaster]: [92mConfigured and activated [1mjoint_state_broadcaster[0m
[INFO] [spawner-15]: process has finished cleanly [pid 185403]
[INFO] [spawner-16]: process started with pid [185510]
[spawner-16] [INFO] [1789643849.212744008] [spawn_steering_controller]: waiting for service /controller_manager/list_controllers to become available...
[gzserver-1] [INFO] [1789643849.696524682] [controller_manager]: Loading controller 'steering_controller'
[spawner-16] [INFO] [1789643850.130122069] [spawn_steering_controller]: [94mLoaded [1msteering_controller[0m
[gzserver-1] [INFO] [1789643850.143847433] [controller_manager]: Configuring controller 'steering_controller'
[gzserver-1] [INFO] [1789643850.175176536] [steering_controller]: configure successful
[gzserver-1] [INFO] [1789643850.235866572] [steering_controller]: activate successful
[spawner-16] [INFO] [1789643850.294886997] [spawn_steering_controller]: [92mConfigured and activated [1msteering_controller[0m
[INFO] [spawner-16]: process has finished cleanly [pid 185510]
[INFO] [spawner-17]: process started with pid [185526]
[spawner-17] [INFO] [1789643852.013807505] [spawn_drive_controller]: waiting for service /controller_manager/list_controllers to become available...
[gzserver-1] [INFO] [1789643852.784957358] [controller_manager]: Loading controller 'drive_controller'
[spawner-17] [INFO] [1789643853.622284668] [spawn_drive_controller]: [94mLoaded [1mdrive_controller[0m
[gzserver-1] [INFO] [1789643853.660478603] [controller_manager]: Configuring controller 'drive_controller'
[gzserver-1] [INFO] [1789643853.675833755] [drive_controller]: configure successful
[gzserver-1] [INFO] [1789643853.967357003] [drive_controller]: activate successful
[spawner-17] [INFO] [1789643854.016232487] [spawn_drive_controller]: [92mConfigured and activated [1mdrive_controller[0m
[INFO] [spawner-17]: process has finished cleanly [pid 185526]
[INFO] [swerve_controller_node-18]: process started with pid [185604]
[INFO] [swerve_odometry_node-19]: process started with pid [185606]
[swerve_controller_node-18] [INFO] [1789643856.329387620] [swerve_controller]: Swerve controller ready: radius=0.0675 m, modules={'front': (0.300042, 0.0), 'rear': (-0.300042, 0.0)}
[swerve_odometry_node-19] [INFO] [1789643856.347015055] [swerve_odometry]: Encoder odometry ready: radius=0.0637 m, velocity_sign=+1.0
[WARNING] [launch]: user interrupted with ctrl-c (SIGINT)
[robot_state_publisher-2] [INFO] [1789643949.758567656] [rclcpp]: signal_handler(signum=2)
[map_server-7] [INFO] [1789643949.758581444] [rclcpp]: signal_handler(signum=2)
[waypoint_follower-12] [INFO] [1789643949.758581355] [rclcpp]: signal_handler(signum=2)
[waypoint_follower-12] [INFO] [1789643949.758745701] [waypoint_follower]: Running Nav2 LifecycleNode rcl preshutdown (waypoint_follower)
[waypoint_follower-12] [INFO] [1789643949.758846513] [waypoint_follower]: Deactivating
[waypoint_follower-12] [INFO] [1789643949.758878729] [waypoint_follower]: Destroying bond (waypoint_follower) to lifecycle manager.
[ekf_node-6] [INFO] [1789643949.758643214] [rclcpp]: signal_handler(signum=2)
[bt_navigator-11] [INFO] [1789643949.758776516] [rclcpp]: signal_handler(signum=2)
[bt_navigator-11] [INFO] [1789643949.759050919] [bt_navigator]: Running Nav2 LifecycleNode rcl preshutdown (bt_navigator)
[bt_navigator-11] [INFO] [1789643949.759172783] [bt_navigator]: Deactivating
[bt_navigator-11] [INFO] [1789643949.759212903] [bt_navigator]: Destroying bond (bt_navigator) to lifecycle manager.
[behavior_server-10] [INFO] [1789643949.758832696] [rclcpp]: signal_handler(signum=2)
[behavior_server-10] [INFO] [1789643949.759218634] [behavior_server]: Running Nav2 LifecycleNode rcl preshutdown (behavior_server)
[behavior_server-10] [INFO] [1789643949.759295174] [behavior_server]: Deactivating
[behavior_server-10] [INFO] [1789643949.759336769] [behavior_server]: Destroying bond (behavior_server) to lifecycle manager.
[ekf_node-4] [INFO] [1789643949.758881934] [rclcpp]: signal_handler(signum=2)
[INFO] [swerve_odometry_node-19]: sending signal 'SIGINT' to process[swerve_odometry_node-19]
[INFO] [swerve_controller_node-18]: sending signal 'SIGINT' to process[swerve_controller_node-18]
[INFO] [lifecycle_manager-13]: sending signal 'SIGINT' to process[lifecycle_manager-13]
[INFO] [waypoint_follower-12]: sending signal 'SIGINT' to process[waypoint_follower-12]
[INFO] [bt_navigator-11]: sending signal 'SIGINT' to process[bt_navigator-11]
[INFO] [behavior_server-10]: sending signal 'SIGINT' to process[behavior_server-10]
[INFO] [planner_server-9]: sending signal 'SIGINT' to process[planner_server-9]
[INFO] [controller_server-8]: sending signal 'SIGINT' to process[controller_server-8]
[INFO] [map_server-7]: sending signal 'SIGINT' to process[map_server-7]
[INFO] [ekf_node-6]: sending signal 'SIGINT' to process[ekf_node-6]
[INFO] [v30e_sim_node-5]: sending signal 'SIGINT' to process[v30e_sim_node-5]
[INFO] [ekf_node-4]: sending signal 'SIGINT' to process[ekf_node-4]
[INFO] [robot_state_publisher-2]: sending signal 'SIGINT' to process[robot_state_publisher-2]
[ERROR] [ekf_node-6]: process has died [pid 185105, exit code -2, cmd '/opt/ros/humble/lib/robot_localization/ekf_node --ros-args -r __node:=ekf_v30e --params-file /home/yahboom/swerve_bringup/install/swerve_bringup/share/swerve_bringup/config/v30e_localization_ekf.yaml --params-file /tmp/launch_params_a2kt8h_9 -r odometry/filtered:=/odometry/v30e'].
[ERROR] [map_server-7]: process has died [pid 185108, exit code -2, cmd '/home/yahboom/cartoros2/install/nav2_map_server/lib/nav2_map_server/map_server --ros-args -r __node:=map_server --params-file /tmp/launch_params_xoui0eg0'].
[INFO] [gzserver-1]: sending signal 'SIGINT' to process[gzserver-1]
[lifecycle_manager-13] [INFO] [1789643949.761857629] [rclcpp]: signal_handler(signum=2)
[lifecycle_manager-13] [INFO] [1789643949.762613183] [lifecycle_manager_navigation]: Running Nav2 LifecycleManager rcl preshutdown (lifecycle_manager_navigation)
[lifecycle_manager-13] [INFO] [1789643949.762663406] [lifecycle_manager_navigation]: [34m[1mTerminating bond timer...[0m[0m
[ERROR] [ekf_node-4]: process has died [pid 185101, exit code -2, cmd '/opt/ros/humble/lib/robot_localization/ekf_node --ros-args -r __node:=ekf_filter_node --params-file /home/yahboom/swerve_bringup/install/swerve_bringup/share/swerve_bringup/config/ekf.yaml --params-file /tmp/launch_params_9wzg6qg4 -r /odom:=/odom -r /imu/data:=/imu/data'].
[planner_server-9] [INFO] [1789643949.762136594] [rclcpp]: signal_handler(signum=2)
[planner_server-9] [INFO] [1789643949.762377221] [planner_server]: Running Nav2 LifecycleNode rcl preshutdown (planner_server)
[planner_server-9] [INFO] [1789643949.769849789] [planner_server]: Deactivating
[planner_server-9] [INFO] [1789643949.769898796] [global_costmap.global_costmap]: Deactivating
[controller_server-8] [INFO] [1789643949.762247607] [rclcpp]: signal_handler(signum=2)
[controller_server-8] [INFO] [1789643949.769515377] [controller_server]: Running Nav2 LifecycleNode rcl preshutdown (controller_server)
[controller_server-8] [INFO] [1789643949.769606310] [controller_server]: Deactivating
[controller_server-8] [INFO] [1789643949.769657228] [local_costmap.local_costmap]: Deactivating
[map_server-7] [INFO] [1789643949.766358019] [map_server]: Running Nav2 LifecycleNode rcl preshutdown (map_server)
[map_server-7] [INFO] [1789643949.766451216] [map_server]: Deactivating
[map_server-7] [INFO] [1789643949.766479668] [map_server]: Destroying bond (map_server) to lifecycle manager.
[waypoint_follower-12] [INFO] [1789643949.775790310] [waypoint_follower]: Cleaning up
[bt_navigator-11] [INFO] [1789643949.781466983] [bt_navigator]: Cleaning up
[controller_server-8] [INFO] [1789643949.798201170] [controller_server]: Destroying bond (controller_server) to lifecycle manager.
[map_server-7] [INFO] [1789643949.798758783] [map_server]: Cleaning up
[map_server-7] [INFO] [1789643949.798934847] [map_server]: Destroying bond (map_server) to lifecycle manager.
[map_server-7] [INFO] [1789643949.804406599] [map_server]: Destroying
[swerve_controller_node-18] Traceback (most recent call last):
[swerve_controller_node-18]   File "/home/yahboom/swerve_bringup/install/swerve_bringup/lib/swerve_bringup/swerve_controller_node", line 192, in <module>
[swerve_controller_node-18]     main()
[swerve_controller_node-18]   File "/home/yahboom/swerve_bringup/install/swerve_bringup/lib/swerve_bringup/swerve_controller_node", line 184, in main
[swerve_controller_node-18]     node.steer_pub.publish(Float64MultiArray(data=[
[swerve_controller_node-18]   File "/opt/ros/humble/local/lib/python3.10/dist-packages/rclpy/publisher.py", line 70, in publish
[swerve_controller_node-18]     self.__publisher.publish(msg)
[swerve_controller_node-18] rclpy._rclpy_pybind11.RCLError: Failed to publish: publisher's context is invalid, at ./src/rcl/publisher.c:389
[swerve_controller_node-18] Error in sys.excepthook:
[swerve_controller_node-18] Traceback (most recent call last):
[swerve_controller_node-18]   File "/usr/lib/python3/dist-packages/apport_python_hook.py", line 72, in apport_excepthook
[swerve_controller_node-18]     from apport.fileutils import likely_packaged, get_recent_crashes
[swerve_controller_node-18]   File "/usr/lib/python3/dist-packages/apport/__init__.py", line 5, in <module>
[swerve_controller_node-18]     from apport.report import Report
[swerve_controller_node-18]   File "/usr/lib/python3/dist-packages/apport/report.py", line 21, in <module>
[swerve_controller_node-18]     from urllib.request import urlopen
[swerve_controller_node-18]   File "/usr/lib/python3.10/urllib/request.py", line 86, in <module>
[swerve_controller_node-18]     import email
[swerve_controller_node-18]   File "<frozen importlib._bootstrap>", line 1022, in _find_and_load
[swerve_controller_node-18] KeyboardInterrupt
[swerve_controller_node-18] 
[swerve_controller_node-18] Original exception was:
[swerve_controller_node-18] Traceback (most recent call last):
[swerve_controller_node-18]   File "/home/yahboom/swerve_bringup/install/swerve_bringup/lib/swerve_bringup/swerve_controller_node", line 192, in <module>
[swerve_controller_node-18]     main()
[swerve_controller_node-18]   File "/home/yahboom/swerve_bringup/install/swerve_bringup/lib/swerve_bringup/swerve_controller_node", line 184, in main
[swerve_controller_node-18]     node.steer_pub.publish(Float64MultiArray(data=[
[swerve_controller_node-18]   File "/opt/ros/humble/local/lib/python3.10/dist-packages/rclpy/publisher.py", line 70, in publish
[swerve_controller_node-18]     self.__publisher.publish(msg)
[swerve_controller_node-18] rclpy._rclpy_pybind11.RCLError: Failed to publish: publisher's context is invalid, at ./src/rcl/publisher.c:389
[swerve_odometry_node-19] Traceback (most recent call last):
[swerve_odometry_node-19]   File "/home/yahboom/swerve_bringup/install/swerve_bringup/lib/swerve_bringup/swerve_odometry_node", line 221, in <module>
[swerve_odometry_node-19]     main()
[swerve_odometry_node-19]   File "/home/yahboom/swerve_bringup/install/swerve_bringup/lib/swerve_bringup/swerve_odometry_node", line 215, in main
[swerve_odometry_node-19]     node.destroy_node()
[swerve_odometry_node-19]   File "/opt/ros/humble/local/lib/python3.10/dist-packages/rclpy/node.py", line 1685, in destroy_node
[swerve_odometry_node-19]     self.destroy_publisher(self._publishers[0])
[swerve_odometry_node-19]   File "/opt/ros/humble/local/lib/python3.10/dist-packages/rclpy/node.py", line 1565, in destroy_publisher
[swerve_odometry_node-19]     publisher.destroy()
[swerve_odometry_node-19]   File "/opt/ros/humble/local/lib/python3.10/dist-packages/rclpy/publisher.py", line 99, in destroy
[swerve_odometry_node-19]     self.__publisher.destroy_when_not_in_use()
[swerve_odometry_node-19] KeyboardInterrupt
[behavior_server-10] [INFO] [1789643949.841957170] [behavior_server]: Cleaning up
[controller_server-8] [INFO] [1789643949.850397124] [controller_server]: Cleaning up
[controller_server-8] [INFO] [1789643949.850576821] [local_costmap.local_costmap]: Cleaning up
[lifecycle_manager-13] [INFO] [1789643949.864092989] [rclcpp]: signal_handler(signum=2)
[waypoint_follower-12] [INFO] [1789643949.878712089] [rclcpp]: signal_handler(signum=2)
[waypoint_follower-12] [INFO] [1789643949.884917013] [waypoint_follower]: Destroying bond (waypoint_follower) to lifecycle manager.
[bt_navigator-11] [INFO] [1789643949.885754157] [rclcpp]: signal_handler(signum=2)
[planner_server-9] [INFO] [1789643949.894700014] [rclcpp]: signal_handler(signum=2)
[behavior_server-10] [INFO] [1789643949.894974239] [rclcpp]: signal_handler(signum=2)
[controller_server-8] [INFO] [1789643949.903921605] [rclcpp]: signal_handler(signum=2)
[robot_state_publisher-2] [INFO] [1789643949.951435868] [rclcpp]: signal_handler(signum=2)
[behavior_server-10] [INFO] [1789643949.970417427] [behavior_server]: Destroying bond (behavior_server) to lifecycle manager.
[behavior_server-10] [INFO] [1789643949.984147179] [behavior_server]: Destroying
[planner_server-9] [INFO] [1789643950.224093931] [planner_server]: Deactivating plugin GridBased of type NavfnPlanner
[planner_server-9] [INFO] [1789643950.224179553] [planner_server]: Destroying bond (planner_server) to lifecycle manager.
[controller_server-8] [INFO] [1789643950.974909984] [controller_server]: Destroying bond (controller_server) to lifecycle manager.
[controller_server-8] [INFO] [1789643950.983372582] [local_costmap.local_costmap]: Destroying
[controller_server-8] [INFO] [1789643950.998001075] [controller_server]: Destroying
[bt_navigator-11] [INFO] [1789643951.056834474] [bt_navigator]: Completed Cleaning up
[bt_navigator-11] [INFO] [1789643951.056930318] [bt_navigator]: Destroying bond (bt_navigator) to lifecycle manager.
[bt_navigator-11] [INFO] [1789643951.073053049] [bt_navigator]: Destroying
[INFO] [controller_server-8]: process has finished cleanly [pid 185117]
[INFO] [bt_navigator-11]: process has finished cleanly [pid 185151]
[v30e_sim_node-5] Traceback (most recent call last):
[v30e_sim_node-5]   File "/home/yahboom/swerve_bringup/install/swerve_bringup/lib/swerve_bringup/v30e_sim_node", line 188, in <module>
[v30e_sim_node-5]     if __name__ == '__main__': main()
[v30e_sim_node-5]   File "/home/yahboom/swerve_bringup/install/swerve_bringup/lib/swerve_bringup/v30e_sim_node", line 185, in main
[v30e_sim_node-5]     node.destroy_node(); rclpy.shutdown()
[v30e_sim_node-5]   File "/opt/ros/humble/local/lib/python3.10/dist-packages/rclpy/node.py", line 1685, in destroy_node
[v30e_sim_node-5]     self.destroy_publisher(self._publishers[0])
[v30e_sim_node-5]   File "/opt/ros/humble/local/lib/python3.10/dist-packages/rclpy/node.py", line 1565, in destroy_publisher
[v30e_sim_node-5]     publisher.destroy()
[v30e_sim_node-5]   File "/opt/ros/humble/local/lib/python3.10/dist-packages/rclpy/publisher.py", line 99, in destroy
[v30e_sim_node-5]     self.__publisher.destroy_when_not_in_use()
[v30e_sim_node-5] KeyboardInterrupt
[waypoint_follower-12] [INFO] [1789643951.732539756] [waypoint_follower]: Destroying
[planner_server-9] [INFO] [1789643951.775264535] [planner_server]: Cleaning up
[planner_server-9] [INFO] [1789643951.824968252] [global_costmap.global_costmap]: Cleaning up
[planner_server-9] [INFO] [1789643951.843274850] [planner_server]: Cleaning up plugin GridBased of type NavfnPlanner
[planner_server-9] [INFO] [1789643951.843544149] [planner_server]: Destroying plugin GridBased of type NavfnPlanner
[planner_server-9] [INFO] [1789643951.872660201] [planner_server]: Destroying bond (planner_server) to lifecycle manager.
[ERROR] [v30e_sim_node-5]: process has died [pid 185103, exit code -2, cmd '/home/yahboom/swerve_bringup/install/swerve_bringup/lib/swerve_bringup/v30e_sim_node --ros-args -r __node:=v30e_sim_node --params-file /home/yahboom/swerve_bringup/install/swerve_bringup/share/swerve_bringup/config/v30e_sim.yaml --params-file /tmp/launch_params_jj7vctch'].
[planner_server-9] [INFO] [1789643951.887783421] [global_costmap.global_costmap]: Destroying
[lifecycle_manager-13] [INFO] [1789643951.901535376] [lifecycle_manager_navigation]: Destroying lifecycle_manager_navigation
[INFO] [robot_state_publisher-2]: process has finished cleanly [pid 185097]
[INFO] [waypoint_follower-12]: process has finished cleanly [pid 185160]
[planner_server-9] [INFO] [1789643951.922888557] [planner_server]: Destroying
[ERROR] [swerve_controller_node-18]: process has died [pid 185604, exit code 1, cmd '/home/yahboom/swerve_bringup/install/swerve_bringup/lib/swerve_bringup/swerve_controller_node --ros-args -r __node:=swerve_controller --params-file /home/yahboom/swerve_bringup/install/swerve_bringup/share/swerve_bringup/config/swerve_controller.yaml --params-file /tmp/launch_params_m89whed4'].
[ERROR] [swerve_odometry_node-19]: process has died [pid 185606, exit code -2, cmd '/home/yahboom/swerve_bringup/install/swerve_bringup/lib/swerve_bringup/swerve_odometry_node --ros-args -r __node:=swerve_odometry --params-file /home/yahboom/swerve_bringup/install/swerve_bringup/share/swerve_bringup/config/swerve_odometry.yaml --params-file /tmp/launch_params_wbo9is9y'].
[INFO] [lifecycle_manager-13]: process has finished cleanly [pid 185170]
[INFO] [planner_server-9]: process has finished cleanly [pid 185122]
[INFO] [gzserver-1]: process has finished cleanly [pid 185095]
[ERROR] [behavior_server-10]: process has died [pid 185134, exit code -11, cmd '/opt/ros/humble/lib/nav2_behaviors/behavior_server --ros-args -r __node:=behavior_server --params-file /home/yahboom/swerve_bringup/install/swerve_bringup/share/swerve_bringup/swerve_navigation/config/nav2_params.yaml --params-file /tmp/launch_params_jo2cwa39'].
