[INFO] [launch]: All log files can be found below /home/yahboom/.ros/log/2026-09-17-16-44-06-076483-yahboom-virtual-machine-146737
[INFO] [launch]: Default logging verbosity is set to INFO
[INFO] [gzserver-1]: process started with pid [146752]
[INFO] [robot_state_publisher-2]: process started with pid [146754]
[INFO] [spawn_entity.py-3]: process started with pid [146756]
[INFO] [ekf_node-4]: process started with pid [146758]
[INFO] [v30e_sim_node-5]: process started with pid [146760]
[INFO] [ekf_node-6]: process started with pid [146762]
[INFO] [map_server-7]: process started with pid [146764]
[INFO] [controller_server-8]: process started with pid [146766]
[INFO] [planner_server-9]: process started with pid [146768]
[INFO] [behavior_server-10]: process started with pid [146772]
[INFO] [bt_navigator-11]: process started with pid [146779]
[INFO] [waypoint_follower-12]: process started with pid [146787]
[INFO] [lifecycle_manager-13]: process started with pid [146795]
[INFO] [swerve_bridge_node-14]: process started with pid [146808]
[lifecycle_manager-13] [INFO] [1789634649.196172089] [lifecycle_manager_navigation]: Creating
[lifecycle_manager-13] [INFO] [1789634649.227743737] [lifecycle_manager_navigation]: [34m[1mCreating and initializing lifecycle service clients[0m[0m
[waypoint_follower-12] [INFO] [1789634649.260221931] [waypoint_follower]: 
[waypoint_follower-12] 	waypoint_follower lifecycle node launched. 
[waypoint_follower-12] 	Waiting on external lifecycle transitions to activate
[waypoint_follower-12] 	See https://design.ros2.org/articles/node_lifecycle.html for more information.
[waypoint_follower-12] [INFO] [1789634649.260848878] [waypoint_follower]: Creating
[controller_server-8] [INFO] [1789634649.285443166] [controller_server]: 
[controller_server-8] 	controller_server lifecycle node launched. 
[controller_server-8] 	Waiting on external lifecycle transitions to activate
[controller_server-8] 	See https://design.ros2.org/articles/node_lifecycle.html for more information.
[planner_server-9] [INFO] [1789634649.306806436] [planner_server]: 
[planner_server-9] 	planner_server lifecycle node launched. 
[planner_server-9] 	Waiting on external lifecycle transitions to activate
[planner_server-9] 	See https://design.ros2.org/articles/node_lifecycle.html for more information.
[planner_server-9] [INFO] [1789634649.318802877] [planner_server]: Creating
[controller_server-8] [INFO] [1789634649.326898956] [controller_server]: Creating controller server
[robot_state_publisher-2] [INFO] [1789634649.338357801] [robot_state_publisher]: got segment base_footprint
[robot_state_publisher-2] [INFO] [1789634649.338482137] [robot_state_publisher]: got segment base_link
[robot_state_publisher-2] [INFO] [1789634649.338493379] [robot_state_publisher]: got segment imu_link
[robot_state_publisher-2] [INFO] [1789634649.338501517] [robot_state_publisher]: got segment lidar_link
[robot_state_publisher-2] [INFO] [1789634649.338508315] [robot_state_publisher]: got segment steer_front_link
[robot_state_publisher-2] [INFO] [1789634649.338515182] [robot_state_publisher]: got segment steer_rear_link
[robot_state_publisher-2] [INFO] [1789634649.338521765] [robot_state_publisher]: got segment v30e_link
[robot_state_publisher-2] [INFO] [1789634649.338528416] [robot_state_publisher]: got segment wheel_front_drive_link
[robot_state_publisher-2] [INFO] [1789634649.338535160] [robot_state_publisher]: got segment wheel_front_left_link
[robot_state_publisher-2] [INFO] [1789634649.338541629] [robot_state_publisher]: got segment wheel_front_right_link
[robot_state_publisher-2] [INFO] [1789634649.338548055] [robot_state_publisher]: got segment wheel_rear_drive_link
[robot_state_publisher-2] [INFO] [1789634649.338554390] [robot_state_publisher]: got segment wheel_rear_left_link
[robot_state_publisher-2] [INFO] [1789634649.338560969] [robot_state_publisher]: got segment wheel_rear_right_link
[swerve_bridge_node-14] Traceback (most recent call last):
[swerve_bridge_node-14]   File "/home/yahboom/swerve_bringup/install/swerve_bridge/lib/swerve_bridge/swerve_bridge_node", line 33, in <module>
[swerve_bridge_node-14]     sys.exit(load_entry_point('swerve-bridge', 'console_scripts', 'swerve_bridge_node')())
[swerve_bridge_node-14]   File "/home/yahboom/swerve_bringup/install/swerve_bridge/lib/swerve_bridge/swerve_bridge_node", line 22, in importlib_load_entry_point
[swerve_bridge_node-14]     for entry_point in distribution(dist_name).entry_points
[swerve_bridge_node-14]   File "/usr/lib/python3.10/importlib/metadata/__init__.py", line 969, in distribution
[swerve_bridge_node-14]     return Distribution.from_name(distribution_name)
[swerve_bridge_node-14]   File "/usr/lib/python3.10/importlib/metadata/__init__.py", line 548, in from_name
[swerve_bridge_node-14]     raise PackageNotFoundError(name)
[swerve_bridge_node-14] importlib.metadata.PackageNotFoundError: No package metadata was found for swerve-bridge
[behavior_server-10] [INFO] [1789634649.590813877] [behavior_server]: 
[behavior_server-10] 	behavior_server lifecycle node launched. 
[behavior_server-10] 	Waiting on external lifecycle transitions to activate
[behavior_server-10] 	See https://design.ros2.org/articles/node_lifecycle.html for more information.
[ERROR] [swerve_bridge_node-14]: process has died [pid 146808, exit code 1, cmd '/home/yahboom/swerve_bringup/install/swerve_bridge/lib/swerve_bridge/swerve_bridge_node --ros-args -r __node:=swerve_bridge --params-file /home/yahboom/swerve_bringup/install/swerve_bridge/share/swerve_bridge/config/bridge.yaml --params-file /tmp/launch_params_ojz35him'].
[map_server-7] [INFO] [1789634649.665722191] [map_server]: 
[map_server-7] 	map_server lifecycle node launched. 
[map_server-7] 	Waiting on external lifecycle transitions to activate
[map_server-7] 	See https://design.ros2.org/articles/node_lifecycle.html for more information.
[map_server-7] [INFO] [1789634649.671820222] [map_server]: Creating
[controller_server-8] [INFO] [1789634649.669791971] [local_costmap.local_costmap]: 
[controller_server-8] 	local_costmap lifecycle node launched. 
[controller_server-8] 	Waiting on external lifecycle transitions to activate
[controller_server-8] 	See https://design.ros2.org/articles/node_lifecycle.html for more information.
[controller_server-8] [INFO] [1789634649.681448613] [local_costmap.local_costmap]: Creating Costmap
[bt_navigator-11] [INFO] [1789634649.699531317] [bt_navigator]: 
[bt_navigator-11] 	bt_navigator lifecycle node launched. 
[bt_navigator-11] 	Waiting on external lifecycle transitions to activate
[bt_navigator-11] 	See https://design.ros2.org/articles/node_lifecycle.html for more information.
[bt_navigator-11] [INFO] [1789634649.699709995] [bt_navigator]: Creating
[planner_server-9] [INFO] [1789634649.780831041] [global_costmap.global_costmap]: 
[planner_server-9] 	global_costmap lifecycle node launched. 
[planner_server-9] 	Waiting on external lifecycle transitions to activate
[planner_server-9] 	See https://design.ros2.org/articles/node_lifecycle.html for more information.
[planner_server-9] [INFO] [1789634649.781408765] [global_costmap.global_costmap]: Creating Costmap
[lifecycle_manager-13] [INFO] [1789634649.807493595] [lifecycle_manager_navigation]: [34m[1mStarting managed nodes bringup...[0m[0m
[lifecycle_manager-13] [INFO] [1789634649.807570281] [lifecycle_manager_navigation]: [34m[1mConfiguring map_server[0m[0m
[map_server-7] [INFO] [1789634649.809158533] [map_server]: Configuring
[map_server-7] [INFO] [1789634649.809273434] [map_io]: Loading yaml file: /home/yahboom/swerve_bringup/install/swerve_bringup/share/swerve_bringup/swerve_navigation/maps/warehouse.yaml
[map_server-7] [INFO] [1789634649.809590040] [map_io]: resolution: 0.05
[map_server-7] [INFO] [1789634649.809605822] [map_io]: origin[0]: -17.2
[map_server-7] [INFO] [1789634649.809612101] [map_io]: origin[1]: -17.4
[map_server-7] [INFO] [1789634649.809617450] [map_io]: origin[2]: 0
[map_server-7] [INFO] [1789634649.809623073] [map_io]: free_thresh: 0.25
[map_server-7] [INFO] [1789634649.809628522] [map_io]: occupied_thresh: 0.65
[map_server-7] [INFO] [1789634649.809634094] [map_io]: mode: trinary
[map_server-7] [INFO] [1789634649.809640116] [map_io]: negate: 0
[map_server-7] [INFO] [1789634649.809884375] [map_io]: Loading image_file: /home/yahboom/swerve_bringup/install/swerve_bringup/share/swerve_bringup/swerve_navigation/maps/warehouse.pgm
[map_server-7] [INFO] [1789634649.897159197] [map_io]: Read map /home/yahboom/swerve_bringup/install/swerve_bringup/share/swerve_bringup/swerve_navigation/maps/warehouse.pgm: 676 X 680 map @ 0.05 m/cell
[lifecycle_manager-13] [INFO] [1789634649.934316181] [lifecycle_manager_navigation]: [34m[1mConfiguring controller_server[0m[0m
[controller_server-8] [INFO] [1789634649.936442389] [controller_server]: Configuring controller interface
[controller_server-8] [INFO] [1789634649.937196097] [controller_server]: getting goal checker plugins..
[controller_server-8] [INFO] [1789634649.939132376] [controller_server]: Controller frequency set to 10.0000Hz
[controller_server-8] [INFO] [1789634649.940778311] [local_costmap.local_costmap]: Configuring
[controller_server-8] [INFO] [1789634649.986765678] [local_costmap.local_costmap]: Using plugin "voxel_layer"
[controller_server-8] [INFO] [1789634649.995084227] [local_costmap.local_costmap]: Subscribed to Topics: lidar3d scan
[controller_server-8] [INFO] [1789634650.065137921] [local_costmap.local_costmap]: Initialized plugin "voxel_layer"
[controller_server-8] [INFO] [1789634650.065193040] [local_costmap.local_costmap]: Using plugin "inflation_layer"
[controller_server-8] [INFO] [1789634650.066049658] [local_costmap.local_costmap]: Initialized plugin "inflation_layer"
[controller_server-8] [INFO] [1789634650.112348411] [controller_server]: Created progress_checker : progress_checker of type nav2_controller::SimpleProgressChecker
[controller_server-8] [INFO] [1789634650.126184137] [controller_server]: Created goal checker : general_goal_checker of type nav2_controller::SimpleGoalChecker
[controller_server-8] [INFO] [1789634650.127219551] [controller_server]: Controller Server has general_goal_checker  goal checkers available.
[controller_server-8] [INFO] [1789634650.131033380] [controller_server]: Created controller : FollowPath of type dwb_core::DWBLocalPlanner
[controller_server-8] [INFO] [1789634650.159412974] [controller_server]: Setting transform_tolerance to 0.200000
[controller_server-8] [INFO] [1789634650.500254433] [controller_server]: Using critic "RotateToGoal" (dwb_critics::RotateToGoalCritic)
[controller_server-8] [INFO] [1789634650.534530792] [controller_server]: Critic plugin initialized
[controller_server-8] [INFO] [1789634650.534649560] [controller_server]: Using critic "Oscillation" (dwb_critics::OscillationCritic)
[controller_server-8] [INFO] [1789634650.582469046] [controller_server]: Critic plugin initialized
[controller_server-8] [INFO] [1789634650.590823004] [controller_server]: Using critic "BaseObstacle" (dwb_critics::BaseObstacleCritic)
[controller_server-8] [INFO] [1789634650.591090180] [controller_server]: Critic plugin initialized
[controller_server-8] [INFO] [1789634650.591161034] [controller_server]: Using critic "GoalAlign" (dwb_critics::GoalAlignCritic)
[controller_server-8] [INFO] [1789634650.597288373] [controller_server]: Critic plugin initialized
[controller_server-8] [INFO] [1789634650.597390587] [controller_server]: Using critic "PathAlign" (dwb_critics::PathAlignCritic)
[controller_server-8] [INFO] [1789634650.597714191] [controller_server]: Critic plugin initialized
[controller_server-8] [INFO] [1789634650.597787611] [controller_server]: Using critic "PathDist" (dwb_critics::PathDistCritic)
[controller_server-8] [INFO] [1789634650.598205304] [controller_server]: Critic plugin initialized
[controller_server-8] [INFO] [1789634650.598324666] [controller_server]: Using critic "GoalDist" (dwb_critics::GoalDistCritic)
[controller_server-8] [INFO] [1789634650.598647393] [controller_server]: Critic plugin initialized
[controller_server-8] [INFO] [1789634650.598675637] [controller_server]: Controller Server has FollowPath  controllers available.
[spawn_entity.py-3] [INFO] [1789634650.676486185] [spawn_swerve]: Spawn Entity started
[spawn_entity.py-3] [INFO] [1789634650.676941083] [spawn_swerve]: Loading entity published on topic robot_description
[spawn_entity.py-3] [INFO] [1789634650.697249562] [spawn_swerve]: Waiting for entity xml on robot_description
[spawn_entity.py-3] [INFO] [1789634650.737909436] [spawn_swerve]: Waiting for service /spawn_entity, timeout = 30
[spawn_entity.py-3] [INFO] [1789634650.738504073] [spawn_swerve]: Waiting for service /spawn_entity
[lifecycle_manager-13] [INFO] [1789634650.862151270] [lifecycle_manager_navigation]: [34m[1mConfiguring planner_server[0m[0m
[planner_server-9] [INFO] [1789634650.863228771] [planner_server]: Configuring
[planner_server-9] [INFO] [1789634650.863279082] [global_costmap.global_costmap]: Configuring
[planner_server-9] [INFO] [1789634650.905533155] [global_costmap.global_costmap]: Using plugin "static_layer"
[planner_server-9] [INFO] [1789634650.922034327] [global_costmap.global_costmap]: Subscribing to the map topic (/map) with transient local durability
[planner_server-9] [INFO] [1789634650.932832409] [global_costmap.global_costmap]: Initialized plugin "static_layer"
[planner_server-9] [INFO] [1789634650.932885681] [global_costmap.global_costmap]: Using plugin "obstacle_layer"
[planner_server-9] [INFO] [1789634650.940959227] [global_costmap.global_costmap]: Subscribed to Topics: scan
[planner_server-9] [INFO] [1789634650.958761987] [global_costmap.global_costmap]: Initialized plugin "obstacle_layer"
[planner_server-9] [INFO] [1789634650.958809376] [global_costmap.global_costmap]: Using plugin "inflation_layer"
[planner_server-9] [INFO] [1789634650.963037415] [global_costmap.global_costmap]: Initialized plugin "inflation_layer"
[planner_server-9] [INFO] [1789634651.042285278] [planner_server]: Created global planner plugin GridBased of type nav2_navfn_planner/NavfnPlanner
[planner_server-9] [INFO] [1789634651.042350088] [planner_server]: Configuring plugin GridBased of type NavfnPlanner
[planner_server-9] [INFO] [1789634651.042813771] [planner_server]: Planner Server has GridBased  planners available.
[v30e_sim_node-5] [INFO] [1789634651.110111383] [v30e_sim_node]: Using Gazebo /get_entity_state internally; odometry is not a V30E measurement input
[lifecycle_manager-13] [INFO] [1789634651.111731551] [lifecycle_manager_navigation]: [34m[1mConfiguring behavior_server[0m[0m
[behavior_server-10] [INFO] [1789634651.113856308] [behavior_server]: Configuring
[behavior_server-10] [INFO] [1789634651.161145134] [behavior_server]: Creating behavior plugin spin of type nav2_behaviors/Spin
[behavior_server-10] [INFO] [1789634651.162025217] [behavior_server]: Configuring spin
[behavior_server-10] [INFO] [1789634651.192531546] [behavior_server]: Creating behavior plugin backup of type nav2_behaviors/BackUp
[behavior_server-10] [INFO] [1789634651.195435541] [behavior_server]: Configuring backup
[behavior_server-10] [INFO] [1789634651.255112801] [behavior_server]: Creating behavior plugin drive_on_heading of type nav2_behaviors/DriveOnHeading
[behavior_server-10] [INFO] [1789634651.256042913] [behavior_server]: Configuring drive_on_heading
[behavior_server-10] [INFO] [1789634651.279843990] [behavior_server]: Creating behavior plugin wait of type nav2_behaviors/Wait
[behavior_server-10] [INFO] [1789634651.280654937] [behavior_server]: Configuring wait
[lifecycle_manager-13] [INFO] [1789634651.316485831] [lifecycle_manager_navigation]: [34m[1mConfiguring bt_navigator[0m[0m
[bt_navigator-11] [INFO] [1789634651.316876830] [bt_navigator]: Configuring
[lifecycle_manager-13] [INFO] [1789634651.739257806] [lifecycle_manager_navigation]: [34m[1mConfiguring waypoint_follower[0m[0m
[waypoint_follower-12] [INFO] [1789634651.740537755] [waypoint_follower]: Configuring
[waypoint_follower-12] [INFO] [1789634651.823244704] [waypoint_follower]: Created waypoint_task_executor : wait_at_waypoint of type nav2_waypoint_follower::WaitAtWaypoint
[waypoint_follower-12] [INFO] [1789634651.827439638] [waypoint_follower]: Waypoint pause duration is set to zero, disabling task executor plugin.
[lifecycle_manager-13] [INFO] [1789634651.832807617] [lifecycle_manager_navigation]: [34m[1mActivating map_server[0m[0m
[map_server-7] [INFO] [1789634651.833882262] [map_server]: Activating
[map_server-7] [INFO] [1789634651.834879356] [map_server]: Creating bond (map_server) to lifecycle manager.
[planner_server-9] [INFO] [1789634651.838498445] [global_costmap.global_costmap]: StaticLayer: Resizing costmap to 676 X 680 at 0.050000 m/pix
[lifecycle_manager-13] [INFO] [1789634651.960830236] [lifecycle_manager_navigation]: Server map_server connected with bond.
[lifecycle_manager-13] [INFO] [1789634651.960908664] [lifecycle_manager_navigation]: [34m[1mActivating controller_server[0m[0m
[controller_server-8] [INFO] [1789634651.963584107] [controller_server]: Activating
[controller_server-8] [INFO] [1789634651.963669414] [local_costmap.local_costmap]: Activating
[controller_server-8] [INFO] [1789634651.963691373] [local_costmap.local_costmap]: Checking transform
[controller_server-8] [INFO] [1789634651.963727835] [local_costmap.local_costmap]: Timed out waiting for transform from base_footprint to odom to become available, tf error: Invalid frame ID "odom" passed to canTransform argument target_frame - frame does not exist
[controller_server-8] [INFO] [1789634652.464754335] [local_costmap.local_costmap]: Timed out waiting for transform from base_footprint to odom to become available, tf error: Invalid frame ID "odom" passed to canTransform argument target_frame - frame does not exist
[controller_server-8] [INFO] [1789634652.964402934] [local_costmap.local_costmap]: Timed out waiting for transform from base_footprint to odom to become available, tf error: Invalid frame ID "odom" passed to canTransform argument target_frame - frame does not exist
[controller_server-8] [INFO] [1789634653.464746375] [local_costmap.local_costmap]: Timed out waiting for transform from base_footprint to odom to become available, tf error: Invalid frame ID "odom" passed to canTransform argument target_frame - frame does not exist
[controller_server-8] [INFO] [1789634653.964579756] [local_costmap.local_costmap]: Timed out waiting for transform from base_footprint to odom to become available, tf error: Invalid frame ID "odom" passed to canTransform argument target_frame - frame does not exist
[controller_server-8] [INFO] [1789634654.463854401] [local_costmap.local_costmap]: Timed out waiting for transform from base_footprint to odom to become available, tf error: Invalid frame ID "odom" passed to canTransform argument target_frame - frame does not exist
[controller_server-8] [INFO] [1789634654.964287373] [local_costmap.local_costmap]: Timed out waiting for transform from base_footprint to odom to become available, tf error: Invalid frame ID "odom" passed to canTransform argument target_frame - frame does not exist
[controller_server-8] [INFO] [1789634655.464369676] [local_costmap.local_costmap]: Timed out waiting for transform from base_footprint to odom to become available, tf error: Invalid frame ID "odom" passed to canTransform argument target_frame - frame does not exist
[controller_server-8] [INFO] [1789634655.965237202] [local_costmap.local_costmap]: Timed out waiting for transform from base_footprint to odom to become available, tf error: Invalid frame ID "odom" passed to canTransform argument target_frame - frame does not exist
[controller_server-8] [INFO] [1789634656.466250335] [local_costmap.local_costmap]: Timed out waiting for transform from base_footprint to odom to become available, tf error: Invalid frame ID "odom" passed to canTransform argument target_frame - frame does not exist
[spawn_entity.py-3] [INFO] [1789634656.811054660] [spawn_swerve]: Calling service /spawn_entity
[controller_server-8] [INFO] [1789634656.964545700] [local_costmap.local_costmap]: Timed out waiting for transform from base_footprint to odom to become available, tf error: Invalid frame ID "odom" passed to canTransform argument target_frame - frame does not exist
[gzserver-1] [INFO] [1789634657.133730613] [gazebo_ros_state]: Publishing states of gazebo models at [/model_states]
[gzserver-1] [INFO] [1789634657.139981044] [gazebo_ros_state]: Publishing states of gazebo links at [/link_states]
[controller_server-8] [INFO] [1789634657.466254674] [local_costmap.local_costmap]: Timed out waiting for transform from base_footprint to odom to become available, tf error: Invalid frame ID "odom" passed to canTransform argument target_frame - frame does not exist
[gzserver-1] [INFO] [1789634657.541124627] [imu.imu_ros]: <initial_orientation_as_reference> is unset, using default value of false to comply with REP 145 (world as orientation reference)
[controller_server-8] [INFO] [1789634657.966197312] [local_costmap.local_costmap]: Timed out waiting for transform from base_footprint to odom to become available, tf error: Invalid frame ID "odom" passed to canTransform argument target_frame - frame does not exist
[controller_server-8] [INFO] [1789634658.464255786] [local_costmap.local_costmap]: Timed out waiting for transform from base_footprint to odom to become available, tf error: Invalid frame ID "odom" passed to canTransform argument target_frame - frame does not exist
[controller_server-8] [INFO] [1789634658.963964649] [local_costmap.local_costmap]: Timed out waiting for transform from base_footprint to odom to become available, tf error: Invalid frame ID "odom" passed to canTransform argument target_frame - frame does not exist
[controller_server-8] [INFO] [1789634659.463796868] [local_costmap.local_costmap]: Timed out waiting for transform from base_footprint to odom to become available, tf error: Invalid frame ID "odom" passed to canTransform argument target_frame - frame does not exist
[controller_server-8] [INFO] [1789634659.964248745] [local_costmap.local_costmap]: Timed out waiting for transform from base_footprint to odom to become available, tf error: Invalid frame ID "odom" passed to canTransform argument target_frame - frame does not exist
[controller_server-8] [INFO] [1789634660.464029654] [local_costmap.local_costmap]: Timed out waiting for transform from base_footprint to odom to become available, tf error: Invalid frame ID "odom" passed to canTransform argument target_frame - frame does not exist
[controller_server-8] [INFO] [1789634660.964268573] [local_costmap.local_costmap]: Timed out waiting for transform from base_footprint to odom to become available, tf error: Invalid frame ID "odom" passed to canTransform argument target_frame - frame does not exist
[controller_server-8] [INFO] [1789634661.464085776] [local_costmap.local_costmap]: Timed out waiting for transform from base_footprint to odom to become available, tf error: Invalid frame ID "odom" passed to canTransform argument target_frame - frame does not exist
[controller_server-8] [INFO] [1789634661.964760697] [local_costmap.local_costmap]: Timed out waiting for transform from base_footprint to odom to become available, tf error: Invalid frame ID "odom" passed to canTransform argument target_frame - frame does not exist
[controller_server-8] [INFO] [1789634662.465574820] [local_costmap.local_costmap]: Timed out waiting for transform from base_footprint to odom to become available, tf error: Invalid frame ID "odom" passed to canTransform argument target_frame - frame does not exist
[controller_server-8] [INFO] [1789634662.964910398] [local_costmap.local_costmap]: Timed out waiting for transform from base_footprint to odom to become available, tf error: Invalid frame ID "odom" passed to canTransform argument target_frame - frame does not exist
[controller_server-8] [INFO] [1789634663.464057064] [local_costmap.local_costmap]: Timed out waiting for transform from base_footprint to odom to become available, tf error: Invalid frame ID "odom" passed to canTransform argument target_frame - frame does not exist
[controller_server-8] [INFO] [1789634663.982419161] [local_costmap.local_costmap]: Timed out waiting for transform from base_footprint to odom to become available, tf error: Invalid frame ID "odom" passed to canTransform argument target_frame - frame does not exist
[controller_server-8] [INFO] [1789634664.464204654] [local_costmap.local_costmap]: Timed out waiting for transform from base_footprint to odom to become available, tf error: Invalid frame ID "odom" passed to canTransform argument target_frame - frame does not exist
[controller_server-8] [INFO] [1789634664.965215075] [local_costmap.local_costmap]: Timed out waiting for transform from base_footprint to odom to become available, tf error: Invalid frame ID "odom" passed to canTransform argument target_frame - frame does not exist
[controller_server-8] [INFO] [1789634665.464125951] [local_costmap.local_costmap]: Timed out waiting for transform from base_footprint to odom to become available, tf error: Invalid frame ID "odom" passed to canTransform argument target_frame - frame does not exist
[controller_server-8] [INFO] [1789634665.964329546] [local_costmap.local_costmap]: Timed out waiting for transform from base_footprint to odom to become available, tf error: Invalid frame ID "odom" passed to canTransform argument target_frame - frame does not exist
[controller_server-8] [INFO] [1789634666.467461802] [local_costmap.local_costmap]: Timed out waiting for transform from base_footprint to odom to become available, tf error: Invalid frame ID "odom" passed to canTransform argument target_frame - frame does not exist
[controller_server-8] [INFO] [1789634666.965473251] [local_costmap.local_costmap]: Timed out waiting for transform from base_footprint to odom to become available, tf error: Invalid frame ID "odom" passed to canTransform argument target_frame - frame does not exist
[controller_server-8] [INFO] [1789634667.467265720] [local_costmap.local_costmap]: Timed out waiting for transform from base_footprint to odom to become available, tf error: Invalid frame ID "odom" passed to canTransform argument target_frame - frame does not exist
[controller_server-8] [INFO] [1789634667.964088501] [local_costmap.local_costmap]: Timed out waiting for transform from base_footprint to odom to become available, tf error: Invalid frame ID "odom" passed to canTransform argument target_frame - frame does not exist
[controller_server-8] [INFO] [1789634668.464385465] [local_costmap.local_costmap]: Timed out waiting for transform from base_footprint to odom to become available, tf error: Invalid frame ID "odom" passed to canTransform argument target_frame - frame does not exist
[controller_server-8] [INFO] [1789634668.965184926] [local_costmap.local_costmap]: Timed out waiting for transform from base_footprint to odom to become available, tf error: Invalid frame ID "odom" passed to canTransform argument target_frame - frame does not exist
[controller_server-8] [INFO] [1789634669.464590403] [local_costmap.local_costmap]: Timed out waiting for transform from base_footprint to odom to become available, tf error: Invalid frame ID "odom" passed to canTransform argument target_frame - frame does not exist
[controller_server-8] [INFO] [1789634669.963917755] [local_costmap.local_costmap]: Timed out waiting for transform from base_footprint to odom to become available, tf error: Invalid frame ID "odom" passed to canTransform argument target_frame - frame does not exist
[controller_server-8] [INFO] [1789634670.464267722] [local_costmap.local_costmap]: Timed out waiting for transform from base_footprint to odom to become available, tf error: Invalid frame ID "odom" passed to canTransform argument target_frame - frame does not exist
[controller_server-8] [INFO] [1789634670.963942338] [local_costmap.local_costmap]: Timed out waiting for transform from base_footprint to odom to become available, tf error: Invalid frame ID "odom" passed to canTransform argument target_frame - frame does not exist
[controller_server-8] [INFO] [1789634671.466365119] [local_costmap.local_costmap]: Timed out waiting for transform from base_footprint to odom to become available, tf error: Invalid frame ID "odom" passed to canTransform argument target_frame - frame does not exist
[spawn_entity.py-3] [INFO] [1789634671.928543667] [spawn_swerve]: Spawn status: SpawnEntity: Successfully spawned entity [swerve_base]
[controller_server-8] [INFO] [1789634671.965752300] [local_costmap.local_costmap]: Timed out waiting for transform from base_footprint to odom to become available, tf error: Invalid frame ID "odom" passed to canTransform argument target_frame - frame does not exist
[gzserver-1] [INFO] [1789634672.198234737] [gazebo_ros2_control]: Loading gazebo_ros2_control plugin
[gzserver-1] [INFO] [1789634672.327070353] [gazebo_ros2_control]: Starting gazebo_ros2_control plugin in namespace: /
[gzserver-1] [INFO] [1789634672.327150359] [gazebo_ros2_control]: Starting gazebo_ros2_control plugin in ros 2 node: gazebo_ros2_control
[INFO] [spawn_entity.py-3]: process has finished cleanly [pid 146756]
[INFO] [spawner-15]: process started with pid [147056]
[gzserver-1] [INFO] [1789634672.377937310] [gazebo_ros2_control]: connected to service!! robot_state_publisher
[gzserver-1] [INFO] [1789634672.382474921] [gazebo_ros2_control]: Received urdf from param server, parsing...
[gzserver-1] [INFO] [1789634672.382579671] [gazebo_ros2_control]: Loading parameter files /home/yahboom/swerve_bringup/install/swerve_bringup/share/swerve_bringup/config/controllers.yaml
[gzserver-1] [INFO] [1789634672.425971788] [gazebo_ros2_control]: Loading joint: steer_front_joint
[gzserver-1] [INFO] [1789634672.426068193] [gazebo_ros2_control]: 	State:
[gzserver-1] [INFO] [1789634672.426088160] [gazebo_ros2_control]: 		 position
[gzserver-1] [INFO] [1789634672.426100397] [gazebo_ros2_control]: 		 velocity
[gzserver-1] [INFO] [1789634672.426110269] [gazebo_ros2_control]: 	Command:
[gzserver-1] [INFO] [1789634672.426119230] [gazebo_ros2_control]: 		 position
[gzserver-1] [INFO] [1789634672.428744126] [gazebo_ros2_control]: Loading joint: steer_rear_joint
[gzserver-1] [INFO] [1789634672.428793052] [gazebo_ros2_control]: 	State:
[gzserver-1] [INFO] [1789634672.428806477] [gazebo_ros2_control]: 		 position
[gzserver-1] [INFO] [1789634672.428818013] [gazebo_ros2_control]: 		 velocity
[gzserver-1] [INFO] [1789634672.428879758] [gazebo_ros2_control]: 	Command:
[gzserver-1] [INFO] [1789634672.428912345] [gazebo_ros2_control]: 		 position
[gzserver-1] [INFO] [1789634672.430034534] [gazebo_ros2_control]: Loading joint: wheel_front_drive_joint
[gzserver-1] [INFO] [1789634672.430079551] [gazebo_ros2_control]: 	State:
[gzserver-1] [INFO] [1789634672.430090313] [gazebo_ros2_control]: 		 position
[gzserver-1] [INFO] [1789634672.430100932] [gazebo_ros2_control]: 		 velocity
[gzserver-1] [INFO] [1789634672.430109411] [gazebo_ros2_control]: 	Command:
[gzserver-1] [INFO] [1789634672.430122946] [gazebo_ros2_control]: 		 velocity
[gzserver-1] [INFO] [1789634672.437572910] [gazebo_ros2_control]: Loading joint: wheel_rear_drive_joint
[gzserver-1] [INFO] [1789634672.437639216] [gazebo_ros2_control]: 	State:
[gzserver-1] [INFO] [1789634672.437653040] [gazebo_ros2_control]: 		 position
[gzserver-1] [INFO] [1789634672.437663226] [gazebo_ros2_control]: 		 velocity
[gzserver-1] [INFO] [1789634672.437672589] [gazebo_ros2_control]: 	Command:
[gzserver-1] [INFO] [1789634672.437698574] [gazebo_ros2_control]: 		 velocity
[gzserver-1] [INFO] [1789634672.438234676] [resource_manager]: Initialize hardware 'GazeboSystem' 
[gzserver-1] [INFO] [1789634672.438483408] [resource_manager]: Successful initialization of hardware 'GazeboSystem'
[gzserver-1] [INFO] [1789634672.438628763] [resource_manager]: 'configure' hardware 'GazeboSystem' 
[gzserver-1] [INFO] [1789634672.438644359] [resource_manager]: Successful 'configure' of hardware 'GazeboSystem'
[gzserver-1] [INFO] [1789634672.438651867] [resource_manager]: 'activate' hardware 'GazeboSystem' 
[gzserver-1] [INFO] [1789634672.438658174] [resource_manager]: Successful 'activate' of hardware 'GazeboSystem'
[gzserver-1] [INFO] [1789634672.438761994] [gazebo_ros2_control]: Loading controller_manager
[controller_server-8] [INFO] [1789634672.464250302] [local_costmap.local_costmap]: Timed out waiting for transform from base_footprint to odom to become available, tf error: Invalid frame ID "odom" passed to canTransform argument target_frame - frame does not exist
[gzserver-1] [WARN] [1789634672.735052963] [gazebo_ros2_control]:  Desired controller update period (0.01 s) is slower than the gazebo simulation period (0.001 s).
[gzserver-1] [INFO] [1789634672.735469665] [gazebo_ros2_control]: Loaded gazebo_ros2_control.
[controller_server-8] [INFO] [1789634672.964015643] [local_costmap.local_costmap]: start
[controller_server-8] [INFO] [1789634673.129958334] [controller_server]: Creating bond (controller_server) to lifecycle manager.
[lifecycle_manager-13] [INFO] [1789634673.257015217] [lifecycle_manager_navigation]: Server controller_server connected with bond.
[lifecycle_manager-13] [INFO] [1789634673.258720220] [lifecycle_manager_navigation]: [34m[1mActivating planner_server[0m[0m
[planner_server-9] [INFO] [1789634673.260101893] [planner_server]: Activating
[planner_server-9] [INFO] [1789634673.260189743] [global_costmap.global_costmap]: Activating
[planner_server-9] [INFO] [1789634673.260211512] [global_costmap.global_costmap]: Checking transform
[planner_server-9] [INFO] [1789634673.260245982] [global_costmap.global_costmap]: Timed out waiting for transform from base_footprint to map to become available, tf error: Invalid frame ID "map" passed to canTransform argument target_frame - frame does not exist
[gzserver-1] [INFO] [1789634673.421756900] [controller_manager]: Loading controller 'joint_state_broadcaster'
[planner_server-9] [INFO] [1789634673.763445921] [global_costmap.global_costmap]: start
[spawner-15] [INFO] [1789634673.946094455] [spawn_joint_state_broadcaster]: [94mLoaded [1mjoint_state_broadcaster[0m
[gzserver-1] [INFO] [1789634673.959983664] [controller_manager]: Configuring controller 'joint_state_broadcaster'
[gzserver-1] [INFO] [1789634673.960440077] [joint_state_broadcaster]: 'joints' or 'interfaces' parameter is empty. All available state interfaces will be published
[spawner-15] [INFO] [1789634674.049574123] [spawn_joint_state_broadcaster]: [92mConfigured and activated [1mjoint_state_broadcaster[0m
[planner_server-9] [INFO] [1789634674.324620671] [planner_server]: Activating plugin GridBased of type NavfnPlanner
[planner_server-9] [INFO] [1789634674.341008457] [planner_server]: Creating bond (planner_server) to lifecycle manager.
[INFO] [spawner-15]: process has finished cleanly [pid 147056]
[INFO] [spawner-16]: process started with pid [147077]
[lifecycle_manager-13] [INFO] [1789634674.456133747] [lifecycle_manager_navigation]: Server planner_server connected with bond.
[lifecycle_manager-13] [INFO] [1789634674.459195017] [lifecycle_manager_navigation]: [34m[1mActivating behavior_server[0m[0m
[behavior_server-10] [INFO] [1789634674.459753100] [behavior_server]: Activating
[behavior_server-10] [INFO] [1789634674.459811509] [behavior_server]: Activating spin
[behavior_server-10] [INFO] [1789634674.459834379] [behavior_server]: Activating backup
[behavior_server-10] [INFO] [1789634674.459846669] [behavior_server]: Activating drive_on_heading
[behavior_server-10] [INFO] [1789634674.459857534] [behavior_server]: Activating wait
[behavior_server-10] [INFO] [1789634674.459874343] [behavior_server]: Creating bond (behavior_server) to lifecycle manager.
[lifecycle_manager-13] [INFO] [1789634674.591277973] [lifecycle_manager_navigation]: Server behavior_server connected with bond.
[lifecycle_manager-13] [INFO] [1789634674.591346206] [lifecycle_manager_navigation]: [34m[1mActivating bt_navigator[0m[0m
[bt_navigator-11] [INFO] [1789634674.591893410] [bt_navigator]: Activating
[bt_navigator-11] [INFO] [1789634675.161820830] [bt_navigator]: Creating bond (bt_navigator) to lifecycle manager.
[lifecycle_manager-13] [INFO] [1789634675.276290618] [lifecycle_manager_navigation]: Server bt_navigator connected with bond.
[lifecycle_manager-13] [INFO] [1789634675.278203923] [lifecycle_manager_navigation]: [34m[1mActivating waypoint_follower[0m[0m
[waypoint_follower-12] [INFO] [1789634675.291570097] [waypoint_follower]: Activating
[waypoint_follower-12] [INFO] [1789634675.291634912] [waypoint_follower]: Creating bond (waypoint_follower) to lifecycle manager.
[lifecycle_manager-13] [INFO] [1789634675.545517657] [lifecycle_manager_navigation]: Server waypoint_follower connected with bond.
[lifecycle_manager-13] [INFO] [1789634675.548216386] [lifecycle_manager_navigation]: [34m[1mManaged nodes are active[0m[0m
[lifecycle_manager-13] [INFO] [1789634675.548237884] [lifecycle_manager_navigation]: [34m[1mCreating bond timer...[0m[0m
[spawner-16] [INFO] [1789634675.679230575] [spawn_steering_controller]: waiting for service /controller_manager/list_controllers to become available...
[gzserver-1] [INFO] [1789634676.389432112] [controller_manager]: Loading controller 'steering_controller'
[spawner-16] [INFO] [1789634676.850881726] [spawn_steering_controller]: [94mLoaded [1msteering_controller[0m
[gzserver-1] [INFO] [1789634676.858668110] [controller_manager]: Configuring controller 'steering_controller'
[gzserver-1] [INFO] [1789634676.868653719] [steering_controller]: configure successful
[gzserver-1] [INFO] [1789634676.931424153] [steering_controller]: activate successful
[spawner-16] [INFO] [1789634676.948543889] [spawn_steering_controller]: [92mConfigured and activated [1msteering_controller[0m
[INFO] [spawner-16]: process has finished cleanly [pid 147077]
[INFO] [spawner-17]: process started with pid [147095]
[spawner-17] [INFO] [1789634678.420267272] [spawn_drive_controller]: waiting for service /controller_manager/list_controllers to become available...
[gzserver-1] [INFO] [1789634678.691676290] [controller_manager]: Loading controller 'drive_controller'
[spawner-17] [INFO] [1789634679.115303065] [spawn_drive_controller]: [94mLoaded [1mdrive_controller[0m
[gzserver-1] [INFO] [1789634679.121519176] [controller_manager]: Configuring controller 'drive_controller'
[gzserver-1] [INFO] [1789634679.154293063] [drive_controller]: configure successful
[gzserver-1] [INFO] [1789634679.177700562] [drive_controller]: activate successful
[spawner-17] [INFO] [1789634679.197288041] [spawn_drive_controller]: [92mConfigured and activated [1mdrive_controller[0m
[INFO] [spawner-17]: process has finished cleanly [pid 147095]
[INFO] [swerve_controller_node-18]: process started with pid [147110]
[INFO] [swerve_odometry_node-19]: process started with pid [147112]
[swerve_controller_node-18] [INFO] [1789634681.212621505] [swerve_controller]: Swerve controller ready: radius=0.0675 m, modules={'front': (0.300042, 0.0), 'rear': (-0.300042, 0.0)}
[swerve_odometry_node-19] [INFO] [1789634681.474111665] [swerve_odometry]: Encoder odometry ready: radius=0.0637 m, velocity_sign=+1.0
[WARNING] [launch]: user interrupted with ctrl-c (SIGINT)
[robot_state_publisher-2] [INFO] [1789634695.426292921] [rclcpp]: signal_handler(signum=2)
[planner_server-9] [INFO] [1789634695.426373751] [rclcpp]: signal_handler(signum=2)
[ekf_node-4] [INFO] [1789634695.426429594] [rclcpp]: signal_handler(signum=2)
[INFO] [swerve_odometry_node-19]: sending signal 'SIGINT' to process[swerve_odometry_node-19]
[INFO] [swerve_controller_node-18]: sending signal 'SIGINT' to process[swerve_controller_node-18]
[INFO] [lifecycle_manager-13]: sending signal 'SIGINT' to process[lifecycle_manager-13]
[INFO] [waypoint_follower-12]: sending signal 'SIGINT' to process[waypoint_follower-12]
[INFO] [bt_navigator-11]: sending signal 'SIGINT' to process[bt_navigator-11]
[INFO] [behavior_server-10]: sending signal 'SIGINT' to process[behavior_server-10]
[INFO] [planner_server-9]: sending signal 'SIGINT' to process[planner_server-9]
[INFO] [controller_server-8]: sending signal 'SIGINT' to process[controller_server-8]
[INFO] [map_server-7]: sending signal 'SIGINT' to process[map_server-7]
[INFO] [ekf_node-6]: sending signal 'SIGINT' to process[ekf_node-6]
[INFO] [v30e_sim_node-5]: sending signal 'SIGINT' to process[v30e_sim_node-5]
[INFO] [ekf_node-4]: sending signal 'SIGINT' to process[ekf_node-4]
[ERROR] [map_server-7]: process has died [pid 146764, exit code -2, cmd '/home/yahboom/cartoros2/install/nav2_map_server/lib/nav2_map_server/map_server --ros-args -r __node:=map_server --params-file /tmp/launch_params_ik8ddoo1'].
[INFO] [robot_state_publisher-2]: sending signal 'SIGINT' to process[robot_state_publisher-2]
[ERROR] [ekf_node-6]: process has died [pid 146762, exit code -2, cmd '/opt/ros/humble/lib/robot_localization/ekf_node --ros-args -r __node:=ekf_v30e --params-file /home/yahboom/swerve_bringup/install/swerve_bringup/share/swerve_bringup/config/v30e_localization_ekf.yaml --params-file /tmp/launch_params_3hf8khz0 -r odometry/filtered:=/odometry/v30e'].
[INFO] [gzserver-1]: sending signal 'SIGINT' to process[gzserver-1]
[controller_server-8] [INFO] [1789634695.426583181] [rclcpp]: signal_handler(signum=2)
[behavior_server-10] [INFO] [1789634695.426741187] [rclcpp]: signal_handler(signum=2)
[behavior_server-10] [INFO] [1789634695.429798680] [behavior_server]: Running Nav2 LifecycleNode rcl preshutdown (behavior_server)
[behavior_server-10] [INFO] [1789634695.432692750] [behavior_server]: Deactivating
[behavior_server-10] [INFO] [1789634695.432753928] [behavior_server]: Destroying bond (behavior_server) to lifecycle manager.
[behavior_server-10] [INFO] [1789634695.457599769] [behavior_server]: Cleaning up
[ekf_node-6] [INFO] [1789634695.427157874] [rclcpp]: signal_handler(signum=2)
[lifecycle_manager-13] [INFO] [1789634695.427305363] [rclcpp]: signal_handler(signum=2)
[lifecycle_manager-13] [INFO] [1789634695.429511856] [lifecycle_manager_navigation]: Running Nav2 LifecycleManager rcl preshutdown (lifecycle_manager_navigation)
[lifecycle_manager-13] [INFO] [1789634695.429564767] [lifecycle_manager_navigation]: [34m[1mTerminating bond timer...[0m[0m
[map_server-7] [INFO] [1789634695.427957806] [rclcpp]: signal_handler(signum=2)
[map_server-7] [INFO] [1789634695.429163043] [map_server]: Running Nav2 LifecycleNode rcl preshutdown (map_server)
[map_server-7] [INFO] [1789634695.429235272] [map_server]: Deactivating
[map_server-7] [INFO] [1789634695.429263579] [map_server]: Destroying bond (map_server) to lifecycle manager.
[waypoint_follower-12] [INFO] [1789634695.428296146] [rclcpp]: signal_handler(signum=2)
[waypoint_follower-12] [INFO] [1789634695.428531086] [waypoint_follower]: Running Nav2 LifecycleNode rcl preshutdown (waypoint_follower)
[waypoint_follower-12] [INFO] [1789634695.428619063] [waypoint_follower]: Deactivating
[waypoint_follower-12] [INFO] [1789634695.428649263] [waypoint_follower]: Destroying bond (waypoint_follower) to lifecycle manager.
[bt_navigator-11] [INFO] [1789634695.429036441] [rclcpp]: signal_handler(signum=2)
[bt_navigator-11] [INFO] [1789634695.429137993] [bt_navigator]: Running Nav2 LifecycleNode rcl preshutdown (bt_navigator)
[bt_navigator-11] [INFO] [1789634695.429222232] [bt_navigator]: Deactivating
[bt_navigator-11] [INFO] [1789634695.429257468] [bt_navigator]: Destroying bond (bt_navigator) to lifecycle manager.
[bt_navigator-11] [INFO] [1789634695.461343446] [bt_navigator]: Cleaning up
[controller_server-8] [INFO] [1789634695.429540163] [controller_server]: Running Nav2 LifecycleNode rcl preshutdown (controller_server)
[controller_server-8] [INFO] [1789634695.429623660] [controller_server]: Deactivating
[controller_server-8] [INFO] [1789634695.429681232] [local_costmap.local_costmap]: Deactivating
[controller_server-8] [INFO] [1789634695.469509311] [controller_server]: Destroying bond (controller_server) to lifecycle manager.
[planner_server-9] [INFO] [1789634695.430372033] [planner_server]: Running Nav2 LifecycleNode rcl preshutdown (planner_server)
[planner_server-9] [INFO] [1789634695.430454036] [planner_server]: Deactivating
[planner_server-9] [INFO] [1789634695.430494077] [global_costmap.global_costmap]: Deactivating
[ERROR] [ekf_node-4]: process has died [pid 146758, exit code -2, cmd '/opt/ros/humble/lib/robot_localization/ekf_node --ros-args -r __node:=ekf_filter_node --params-file /home/yahboom/swerve_bringup/install/swerve_bringup/share/swerve_bringup/config/ekf.yaml --params-file /tmp/launch_params_t1r7vey3 -r /odom:=/odom -r /imu/data:=/imu/data'].
[waypoint_follower-12] [INFO] [1789634695.477795959] [waypoint_follower]: Cleaning up
[map_server-7] [INFO] [1789634695.480185731] [map_server]: Cleaning up
[map_server-7] [INFO] [1789634695.480304889] [map_server]: Destroying bond (map_server) to lifecycle manager.
[swerve_odometry_node-19] Traceback (most recent call last):
[swerve_odometry_node-19]   File "/home/yahboom/swerve_bringup/install/swerve_bringup/lib/swerve_bringup/swerve_odometry_node", line 221, in <module>
[swerve_odometry_node-19]     main()
[swerve_odometry_node-19]   File "/home/yahboom/swerve_bringup/install/swerve_bringup/lib/swerve_bringup/swerve_odometry_node", line 215, in main
[swerve_odometry_node-19]     node.destroy_node()
[swerve_odometry_node-19]   File "/opt/ros/humble/local/lib/python3.10/dist-packages/rclpy/node.py", line 1685, in destroy_node
[swerve_odometry_node-19]     self.destroy_publisher(self._publishers[0])
[swerve_odometry_node-19]   File "/opt/ros/humble/local/lib/python3.10/dist-packages/rclpy/node.py", line 1565, in destroy_publisher
[swerve_odometry_node-19]     publisher.destroy()
[swerve_odometry_node-19]   File "/opt/ros/humble/local/lib/python3.10/dist-packages/rclpy/publisher.py", line 99, in destroy
[swerve_odometry_node-19]     self.__publisher.destroy_when_not_in_use()
[swerve_odometry_node-19] KeyboardInterrupt
[swerve_controller_node-18] Traceback (most recent call last):
[swerve_controller_node-18]   File "/home/yahboom/swerve_bringup/install/swerve_bringup/lib/swerve_bringup/swerve_controller_node", line 192, in <module>
[swerve_controller_node-18]     main()
[swerve_controller_node-18]   File "/home/yahboom/swerve_bringup/install/swerve_bringup/lib/swerve_bringup/swerve_controller_node", line 184, in main
[swerve_controller_node-18]     node.steer_pub.publish(Float64MultiArray(data=[
[swerve_controller_node-18]   File "/opt/ros/humble/local/lib/python3.10/dist-packages/rclpy/publisher.py", line 70, in publish
[swerve_controller_node-18]     self.__publisher.publish(msg)
[swerve_controller_node-18] rclpy._rclpy_pybind11.RCLError: Failed to publish: publisher's context is invalid, at ./src/rcl/publisher.c:389
[swerve_controller_node-18] Error in sys.excepthook:
[swerve_controller_node-18] Traceback (most recent call last):
[swerve_controller_node-18]   File "/usr/lib/python3/dist-packages/apport_python_hook.py", line 72, in apport_excepthook
[swerve_controller_node-18]     from apport.fileutils import likely_packaged, get_recent_crashes
[swerve_controller_node-18]   File "/usr/lib/python3/dist-packages/apport/__init__.py", line 5, in <module>
[swerve_controller_node-18]     from apport.report import Report
[swerve_controller_node-18]   File "/usr/lib/python3/dist-packages/apport/report.py", line 21, in <module>
[swerve_controller_node-18]     from urllib.request import urlopen
[swerve_controller_node-18]   File "/usr/lib/python3.10/urllib/request.py", line 88, in <module>
[swerve_controller_node-18]     import http.client
[swerve_controller_node-18]   File "/usr/lib/python3.10/http/client.py", line 71, in <module>
[swerve_controller_node-18]     import email.parser
[swerve_controller_node-18]   File "/usr/lib/python3.10/email/parser.py", line 12, in <module>
[swerve_controller_node-18]     from email.feedparser import FeedParser, BytesFeedParser
[swerve_controller_node-18]   File "/usr/lib/python3.10/email/feedparser.py", line 32, in <module>
[swerve_controller_node-18]     NLCRE_bol = re.compile(r'(\r\n|\r|\n)')
[swerve_controller_node-18]   File "/usr/lib/python3.10/re.py", line 251, in compile
[swerve_controller_node-18]     return _compile(pattern, flags)
[swerve_controller_node-18]   File "/usr/lib/python3.10/re.py", line 303, in _compile
[swerve_controller_node-18]     p = sre_compile.compile(pattern, flags)
[swerve_controller_node-18]   File "/usr/lib/python3.10/sre_compile.py", line 801, in compile
[swerve_controller_node-18]     for k, i in groupindex.items():
[swerve_controller_node-18] KeyboardInterrupt
[swerve_controller_node-18] 
[swerve_controller_node-18] Original exception was:
[swerve_controller_node-18] Traceback (most recent call last):
[swerve_controller_node-18]   File "/home/yahboom/swerve_bringup/install/swerve_bringup/lib/swerve_bringup/swerve_controller_node", line 192, in <module>
[swerve_controller_node-18]     main()
[swerve_controller_node-18]   File "/home/yahboom/swerve_bringup/install/swerve_bringup/lib/swerve_bringup/swerve_controller_node", line 184, in main
[swerve_controller_node-18]     node.steer_pub.publish(Float64MultiArray(data=[
[swerve_controller_node-18]   File "/opt/ros/humble/local/lib/python3.10/dist-packages/rclpy/publisher.py", line 70, in publish
[swerve_controller_node-18]     self.__publisher.publish(msg)
[swerve_controller_node-18] rclpy._rclpy_pybind11.RCLError: Failed to publish: publisher's context is invalid, at ./src/rcl/publisher.c:389
[controller_server-8] [INFO] [1789634695.500394759] [controller_server]: Cleaning up
[controller_server-8] [INFO] [1789634695.500581777] [local_costmap.local_costmap]: Cleaning up
[lifecycle_manager-13] [INFO] [1789634695.506609281] [rclcpp]: signal_handler(signum=2)
[waypoint_follower-12] [INFO] [1789634695.513150157] [rclcpp]: signal_handler(signum=2)
[bt_navigator-11] [INFO] [1789634695.524119234] [rclcpp]: signal_handler(signum=2)
[behavior_server-10] [INFO] [1789634695.532322975] [rclcpp]: signal_handler(signum=2)
[planner_server-9] [INFO] [1789634695.537797746] [rclcpp]: signal_handler(signum=2)
[controller_server-8] [INFO] [1789634695.540207035] [rclcpp]: signal_handler(signum=2)
[robot_state_publisher-2] [INFO] [1789634695.594420358] [rclcpp]: signal_handler(signum=2)
[planner_server-9] [INFO] [1789634695.766390881] [planner_server]: Deactivating plugin GridBased of type NavfnPlanner
[planner_server-9] [INFO] [1789634695.766447195] [planner_server]: Destroying bond (planner_server) to lifecycle manager.
[planner_server-9] [INFO] [1789634697.675869312] [planner_server]: Cleaning up
[v30e_sim_node-5] Traceback (most recent call last):
[v30e_sim_node-5]   File "/home/yahboom/swerve_bringup/install/swerve_bringup/lib/swerve_bringup/v30e_sim_node", line 188, in <module>
[v30e_sim_node-5]     if __name__ == '__main__': main()
[v30e_sim_node-5]   File "/home/yahboom/swerve_bringup/install/swerve_bringup/lib/swerve_bringup/v30e_sim_node", line 185, in main
[v30e_sim_node-5]     node.destroy_node(); rclpy.shutdown()
[v30e_sim_node-5]   File "/opt/ros/humble/local/lib/python3.10/dist-packages/rclpy/node.py", line 1687, in destroy_node
[v30e_sim_node-5]     self.destroy_subscription(self._subscriptions[0])
[v30e_sim_node-5]   File "/opt/ros/humble/local/lib/python3.10/dist-packages/rclpy/node.py", line 1583, in destroy_subscription
[v30e_sim_node-5]     subscription.destroy()
[v30e_sim_node-5]   File "/opt/ros/humble/local/lib/python3.10/dist-packages/rclpy/subscription.py", line 80, in destroy
[v30e_sim_node-5]     self.handle.destroy_when_not_in_use()
[v30e_sim_node-5] KeyboardInterrupt
[waypoint_follower-12] [INFO] [1789634698.075239366] [waypoint_follower]: Destroying bond (waypoint_follower) to lifecycle manager.
[waypoint_follower-12] [INFO] [1789634698.122340509] [waypoint_follower]: Destroying
[ERROR] [swerve_odometry_node-19]: process has died [pid 147112, exit code -2, cmd '/home/yahboom/swerve_bringup/install/swerve_bringup/lib/swerve_bringup/swerve_odometry_node --ros-args -r __node:=swerve_odometry --params-file /home/yahboom/swerve_bringup/install/swerve_bringup/share/swerve_bringup/config/swerve_odometry.yaml --params-file /tmp/launch_params_m_cpq_fb'].
[planner_server-9] [INFO] [1789634698.204205128] [global_costmap.global_costmap]: Cleaning up
[planner_server-9] [INFO] [1789634698.272166581] [planner_server]: Cleaning up plugin GridBased of type NavfnPlanner
[planner_server-9] [INFO] [1789634698.272287522] [planner_server]: Destroying plugin GridBased of type NavfnPlanner
[ERROR] [v30e_sim_node-5]: process has died [pid 146760, exit code -2, cmd '/home/yahboom/swerve_bringup/install/swerve_bringup/lib/swerve_bringup/v30e_sim_node --ros-args -r __node:=v30e_sim_node --params-file /home/yahboom/swerve_bringup/install/swerve_bringup/share/swerve_bringup/config/v30e_sim.yaml --params-file /tmp/launch_params_w7y88qav'].
[controller_server-8] [INFO] [1789634698.293573255] [controller_server]: Destroying bond (controller_server) to lifecycle manager.
[INFO] [robot_state_publisher-2]: process has finished cleanly [pid 146754]
[controller_server-8] [INFO] [1789634698.325481610] [local_costmap.local_costmap]: Destroying
[planner_server-9] [INFO] [1789634698.335817401] [planner_server]: Destroying bond (planner_server) to lifecycle manager.
[lifecycle_manager-13] [INFO] [1789634698.336586388] [lifecycle_manager_navigation]: Destroying lifecycle_manager_navigation
[planner_server-9] [INFO] [1789634698.349882899] [global_costmap.global_costmap]: Destroying
[ERROR] [swerve_controller_node-18]: process has died [pid 147110, exit code 1, cmd '/home/yahboom/swerve_bringup/install/swerve_bringup/lib/swerve_bringup/swerve_controller_node --ros-args -r __node:=swerve_controller --params-file /home/yahboom/swerve_bringup/install/swerve_bringup/share/swerve_bringup/config/swerve_controller.yaml --params-file /tmp/launch_params__6clkid1'].
[INFO] [waypoint_follower-12]: process has finished cleanly [pid 146787]
[planner_server-9] [INFO] [1789634698.416497865] [planner_server]: Destroying
[controller_server-8] [INFO] [1789634698.418298008] [controller_server]: Destroying
[INFO] [controller_server-8]: process has finished cleanly [pid 146766]
[INFO] [planner_server-9]: process has finished cleanly [pid 146768]
[INFO] [lifecycle_manager-13]: process has finished cleanly [pid 146795]
[behavior_server-10] [INFO] [1789634698.648592105] [behavior_server]: Destroying bond (behavior_server) to lifecycle manager.
[bt_navigator-11] [INFO] [1789634698.683789457] [bt_navigator]: Completed Cleaning up
[bt_navigator-11] [INFO] [1789634698.683926716] [bt_navigator]: Destroying bond (bt_navigator) to lifecycle manager.
[behavior_server-10] [INFO] [1789634698.712543912] [behavior_server]: Destroying
[bt_navigator-11] [INFO] [1789634698.774270725] [bt_navigator]: Destroying
[INFO] [behavior_server-10]: process has finished cleanly [pid 146772]
[INFO] [bt_navigator-11]: process has finished cleanly [pid 146779]
[INFO] [gzserver-1]: process has finished cleanly [pid 146752]
