[INFO] [launch]: All log files can be found below /home/yahboom/.ros/log/2026-09-17-19-14-30-133027-yahboom-virtual-machine-183498
[INFO] [launch]: Default logging verbosity is set to INFO
[INFO] [gzserver-1]: process started with pid [183524]
[INFO] [robot_state_publisher-2]: process started with pid [183526]
[INFO] [spawn_entity.py-3]: process started with pid [183528]
[INFO] [ekf_node-4]: process started with pid [183530]
[INFO] [v30e_sim_node-5]: process started with pid [183532]
[INFO] [ekf_node-6]: process started with pid [183543]
[INFO] [map_server-7]: process started with pid [183545]
[INFO] [controller_server-8]: process started with pid [183547]
[INFO] [planner_server-9]: process started with pid [183551]
[INFO] [behavior_server-10]: process started with pid [183555]
[INFO] [bt_navigator-11]: process started with pid [183563]
[INFO] [waypoint_follower-12]: process started with pid [183571]
[INFO] [lifecycle_manager-13]: process started with pid [183580]
[INFO] [swerve_bridge_node-14]: process started with pid [183596]
[planner_server-9] [INFO] [1789643673.596700138] [planner_server]: 
[planner_server-9] 	planner_server lifecycle node launched. 
[planner_server-9] 	Waiting on external lifecycle transitions to activate
[planner_server-9] 	See https://design.ros2.org/articles/node_lifecycle.html for more information.
[planner_server-9] [INFO] [1789643673.605135615] [planner_server]: Creating
[waypoint_follower-12] [INFO] [1789643673.653634885] [waypoint_follower]: 
[waypoint_follower-12] 	waypoint_follower lifecycle node launched. 
[waypoint_follower-12] 	Waiting on external lifecycle transitions to activate
[waypoint_follower-12] 	See https://design.ros2.org/articles/node_lifecycle.html for more information.
[waypoint_follower-12] [INFO] [1789643673.662259596] [waypoint_follower]: Creating
[lifecycle_manager-13] [INFO] [1789643673.681445482] [lifecycle_manager_navigation]: Creating
[bt_navigator-11] [INFO] [1789643673.682224342] [bt_navigator]: 
[bt_navigator-11] 	bt_navigator lifecycle node launched. 
[bt_navigator-11] 	Waiting on external lifecycle transitions to activate
[bt_navigator-11] 	See https://design.ros2.org/articles/node_lifecycle.html for more information.
[bt_navigator-11] [INFO] [1789643673.682357626] [bt_navigator]: Creating
[robot_state_publisher-2] [INFO] [1789643673.688652870] [robot_state_publisher]: got segment base_footprint
[robot_state_publisher-2] [INFO] [1789643673.688799119] [robot_state_publisher]: got segment base_link
[robot_state_publisher-2] [INFO] [1789643673.688812951] [robot_state_publisher]: got segment imu_link
[robot_state_publisher-2] [INFO] [1789643673.688820688] [robot_state_publisher]: got segment lidar_link
[robot_state_publisher-2] [INFO] [1789643673.688827549] [robot_state_publisher]: got segment steer_front_link
[robot_state_publisher-2] [INFO] [1789643673.688834982] [robot_state_publisher]: got segment steer_rear_link
[robot_state_publisher-2] [INFO] [1789643673.688841590] [robot_state_publisher]: got segment v30e_link
[robot_state_publisher-2] [INFO] [1789643673.688848028] [robot_state_publisher]: got segment wheel_front_drive_link
[robot_state_publisher-2] [INFO] [1789643673.688855208] [robot_state_publisher]: got segment wheel_front_left_link
[robot_state_publisher-2] [INFO] [1789643673.688862215] [robot_state_publisher]: got segment wheel_front_right_link
[robot_state_publisher-2] [INFO] [1789643673.688868851] [robot_state_publisher]: got segment wheel_rear_drive_link
[robot_state_publisher-2] [INFO] [1789643673.688875638] [robot_state_publisher]: got segment wheel_rear_left_link
[robot_state_publisher-2] [INFO] [1789643673.688882364] [robot_state_publisher]: got segment wheel_rear_right_link
[lifecycle_manager-13] [INFO] [1789643673.712467933] [lifecycle_manager_navigation]: [34m[1mCreating and initializing lifecycle service clients[0m[0m
[controller_server-8] [INFO] [1789643673.725258813] [controller_server]: 
[controller_server-8] 	controller_server lifecycle node launched. 
[controller_server-8] 	Waiting on external lifecycle transitions to activate
[controller_server-8] 	See https://design.ros2.org/articles/node_lifecycle.html for more information.
[controller_server-8] [INFO] [1789643673.755699179] [controller_server]: Creating controller server
[behavior_server-10] [INFO] [1789643673.873476493] [behavior_server]: 
[behavior_server-10] 	behavior_server lifecycle node launched. 
[behavior_server-10] 	Waiting on external lifecycle transitions to activate
[behavior_server-10] 	See https://design.ros2.org/articles/node_lifecycle.html for more information.
[swerve_bridge_node-14] Traceback (most recent call last):
[swerve_bridge_node-14]   File "/home/yahboom/swerve_bringup/install/swerve_bridge/lib/swerve_bridge/swerve_bridge_node", line 33, in <module>
[swerve_bridge_node-14]     sys.exit(load_entry_point('swerve-bridge', 'console_scripts', 'swerve_bridge_node')())
[map_server-7] [INFO] [1789643673.892359965] [map_server]: 
[map_server-7] 	map_server lifecycle node launched. 
[map_server-7] 	Waiting on external lifecycle transitions to activate
[map_server-7] 	See https://design.ros2.org/articles/node_lifecycle.html for more information.
[map_server-7] [INFO] [1789643673.892576552] [map_server]: Creating
[swerve_bridge_node-14]   File "/home/yahboom/swerve_bringup/install/swerve_bridge/lib/swerve_bridge/swerve_bridge_node", line 22, in importlib_load_entry_point
[swerve_bridge_node-14]     for entry_point in distribution(dist_name).entry_points
[swerve_bridge_node-14]   File "/usr/lib/python3.10/importlib/metadata/__init__.py", line 969, in distribution
[swerve_bridge_node-14]     return Distribution.from_name(distribution_name)
[swerve_bridge_node-14]   File "/usr/lib/python3.10/importlib/metadata/__init__.py", line 548, in from_name
[swerve_bridge_node-14]     raise PackageNotFoundError(name)
[swerve_bridge_node-14] importlib.metadata.PackageNotFoundError: No package metadata was found for swerve-bridge
[ERROR] [swerve_bridge_node-14]: process has died [pid 183596, exit code 1, cmd '/home/yahboom/swerve_bringup/install/swerve_bridge/lib/swerve_bridge/swerve_bridge_node --ros-args -r __node:=swerve_bridge --params-file /home/yahboom/swerve_bringup/install/swerve_bridge/share/swerve_bridge/config/bridge.yaml --params-file /tmp/launch_params_75_qcg6l'].
[lifecycle_manager-13] [INFO] [1789643674.054132528] [lifecycle_manager_navigation]: [34m[1mStarting managed nodes bringup...[0m[0m
[lifecycle_manager-13] [INFO] [1789643674.054218814] [lifecycle_manager_navigation]: [34m[1mConfiguring map_server[0m[0m
[map_server-7] [INFO] [1789643674.057911376] [map_server]: Configuring
[map_server-7] [INFO] [1789643674.063852096] [map_io]: Loading yaml file: /home/yahboom/swerve_bringup/install/swerve_bringup/share/swerve_bringup/swerve_navigation/maps/warehouse.yaml
[map_server-7] [INFO] [1789643674.064238755] [map_io]: resolution: 0.05
[map_server-7] [INFO] [1789643674.064259340] [map_io]: origin[0]: -17.2
[map_server-7] [INFO] [1789643674.064266098] [map_io]: origin[1]: -17.4
[map_server-7] [INFO] [1789643674.064271955] [map_io]: origin[2]: 0
[map_server-7] [INFO] [1789643674.064277925] [map_io]: free_thresh: 0.25
[map_server-7] [INFO] [1789643674.064283900] [map_io]: occupied_thresh: 0.65
[map_server-7] [INFO] [1789643674.064290811] [map_io]: mode: trinary
[map_server-7] [INFO] [1789643674.064297438] [map_io]: negate: 0
[map_server-7] [INFO] [1789643674.064674876] [map_io]: Loading image_file: /home/yahboom/swerve_bringup/install/swerve_bringup/share/swerve_bringup/swerve_navigation/maps/warehouse.pgm
[controller_server-8] [INFO] [1789643674.098262273] [local_costmap.local_costmap]: 
[controller_server-8] 	local_costmap lifecycle node launched. 
[controller_server-8] 	Waiting on external lifecycle transitions to activate
[controller_server-8] 	See https://design.ros2.org/articles/node_lifecycle.html for more information.
[controller_server-8] [INFO] [1789643674.103629329] [local_costmap.local_costmap]: Creating Costmap
[planner_server-9] [INFO] [1789643674.156569491] [global_costmap.global_costmap]: 
[planner_server-9] 	global_costmap lifecycle node launched. 
[planner_server-9] 	Waiting on external lifecycle transitions to activate
[planner_server-9] 	See https://design.ros2.org/articles/node_lifecycle.html for more information.
[planner_server-9] [INFO] [1789643674.157173718] [global_costmap.global_costmap]: Creating Costmap
[map_server-7] [INFO] [1789643674.194132440] [map_io]: Read map /home/yahboom/swerve_bringup/install/swerve_bringup/share/swerve_bringup/swerve_navigation/maps/warehouse.pgm: 676 X 680 map @ 0.05 m/cell
[lifecycle_manager-13] [INFO] [1789643674.229752224] [lifecycle_manager_navigation]: [34m[1mConfiguring controller_server[0m[0m
[controller_server-8] [INFO] [1789643674.233230393] [controller_server]: Configuring controller interface
[controller_server-8] [INFO] [1789643674.233670504] [controller_server]: getting goal checker plugins..
[controller_server-8] [INFO] [1789643674.236503451] [controller_server]: Controller frequency set to 10.0000Hz
[controller_server-8] [INFO] [1789643674.236601079] [local_costmap.local_costmap]: Configuring
[controller_server-8] [INFO] [1789643674.278819070] [local_costmap.local_costmap]: Using plugin "voxel_layer"
[controller_server-8] [INFO] [1789643674.300056989] [local_costmap.local_costmap]: Subscribed to Topics: lidar3d scan
[controller_server-8] [INFO] [1789643674.368744804] [local_costmap.local_costmap]: Initialized plugin "voxel_layer"
[controller_server-8] [INFO] [1789643674.368796443] [local_costmap.local_costmap]: Using plugin "inflation_layer"
[controller_server-8] [INFO] [1789643674.371448927] [local_costmap.local_costmap]: Initialized plugin "inflation_layer"
[controller_server-8] [INFO] [1789643674.440656150] [controller_server]: Created progress_checker : progress_checker of type nav2_controller::SimpleProgressChecker
[controller_server-8] [INFO] [1789643674.445087651] [controller_server]: Created goal checker : general_goal_checker of type nav2_controller::SimpleGoalChecker
[controller_server-8] [INFO] [1789643674.448786633] [controller_server]: Controller Server has general_goal_checker  goal checkers available.
[controller_server-8] [INFO] [1789643674.449675109] [controller_server]: Created controller : FollowPath of type dwb_core::DWBLocalPlanner
[controller_server-8] [INFO] [1789643674.449889399] [controller_server]: Setting transform_tolerance to 0.200000
[controller_server-8] [INFO] [1789643674.594840549] [controller_server]: Using critic "RotateToGoal" (dwb_critics::RotateToGoalCritic)
[controller_server-8] [INFO] [1789643674.600112684] [controller_server]: Critic plugin initialized
[controller_server-8] [INFO] [1789643674.600287930] [controller_server]: Using critic "Oscillation" (dwb_critics::OscillationCritic)
[controller_server-8] [INFO] [1789643674.600504694] [controller_server]: Critic plugin initialized
[controller_server-8] [INFO] [1789643674.600590046] [controller_server]: Using critic "BaseObstacle" (dwb_critics::BaseObstacleCritic)
[controller_server-8] [INFO] [1789643674.600716612] [controller_server]: Critic plugin initialized
[controller_server-8] [INFO] [1789643674.600773204] [controller_server]: Using critic "GoalAlign" (dwb_critics::GoalAlignCritic)
[controller_server-8] [INFO] [1789643674.631325265] [controller_server]: Critic plugin initialized
[controller_server-8] [INFO] [1789643674.631575401] [controller_server]: Using critic "PathAlign" (dwb_critics::PathAlignCritic)
[controller_server-8] [INFO] [1789643674.632064322] [controller_server]: Critic plugin initialized
[controller_server-8] [INFO] [1789643674.632159397] [controller_server]: Using critic "PathDist" (dwb_critics::PathDistCritic)
[controller_server-8] [INFO] [1789643674.632614916] [controller_server]: Critic plugin initialized
[controller_server-8] [INFO] [1789643674.636151178] [controller_server]: Using critic "GoalDist" (dwb_critics::GoalDistCritic)
[controller_server-8] [INFO] [1789643674.637490901] [controller_server]: Critic plugin initialized
[controller_server-8] [INFO] [1789643674.637530314] [controller_server]: Controller Server has FollowPath  controllers available.
[spawn_entity.py-3] [INFO] [1789643675.104179311] [spawn_swerve]: Spawn Entity started
[spawn_entity.py-3] [INFO] [1789643675.104641520] [spawn_swerve]: Loading entity published on topic robot_description
[spawn_entity.py-3] [INFO] [1789643675.110910464] [spawn_swerve]: Waiting for entity xml on robot_description
[lifecycle_manager-13] [INFO] [1789643675.176263855] [lifecycle_manager_navigation]: [34m[1mConfiguring planner_server[0m[0m
[planner_server-9] [INFO] [1789643675.182353856] [planner_server]: Configuring
[planner_server-9] [INFO] [1789643675.182430036] [global_costmap.global_costmap]: Configuring
[planner_server-9] [INFO] [1789643675.227214511] [global_costmap.global_costmap]: Using plugin "static_layer"
[planner_server-9] [INFO] [1789643675.240919623] [global_costmap.global_costmap]: Subscribing to the map topic (/map) with transient local durability
[planner_server-9] [INFO] [1789643675.247106738] [global_costmap.global_costmap]: Initialized plugin "static_layer"
[planner_server-9] [INFO] [1789643675.247150409] [global_costmap.global_costmap]: Using plugin "obstacle_layer"
[planner_server-9] [INFO] [1789643675.253291405] [global_costmap.global_costmap]: Subscribed to Topics: scan
[planner_server-9] [INFO] [1789643675.273906303] [global_costmap.global_costmap]: Initialized plugin "obstacle_layer"
[planner_server-9] [INFO] [1789643675.276452419] [global_costmap.global_costmap]: Using plugin "inflation_layer"
[planner_server-9] [INFO] [1789643675.285996495] [global_costmap.global_costmap]: Initialized plugin "inflation_layer"
[v30e_sim_node-5] [INFO] [1789643675.370468641] [v30e_sim_node]: Using Gazebo /get_entity_state internally; odometry is not a V30E measurement input
[planner_server-9] [INFO] [1789643675.384857614] [planner_server]: Created global planner plugin GridBased of type nav2_navfn_planner/NavfnPlanner
[planner_server-9] [INFO] [1789643675.387937085] [planner_server]: Configuring plugin GridBased of type NavfnPlanner
[planner_server-9] [INFO] [1789643675.393020216] [planner_server]: Planner Server has GridBased  planners available.
[lifecycle_manager-13] [INFO] [1789643675.485525271] [lifecycle_manager_navigation]: [34m[1mConfiguring behavior_server[0m[0m
[behavior_server-10] [INFO] [1789643675.486814629] [behavior_server]: Configuring
[behavior_server-10] [INFO] [1789643675.549736210] [behavior_server]: Creating behavior plugin spin of type nav2_behaviors/Spin
[behavior_server-10] [INFO] [1789643675.550237576] [behavior_server]: Configuring spin
[behavior_server-10] [INFO] [1789643675.587242829] [behavior_server]: Creating behavior plugin backup of type nav2_behaviors/BackUp
[behavior_server-10] [INFO] [1789643675.588493349] [behavior_server]: Configuring backup
[behavior_server-10] [INFO] [1789643675.643428801] [behavior_server]: Creating behavior plugin drive_on_heading of type nav2_behaviors/DriveOnHeading
[behavior_server-10] [INFO] [1789643675.646730907] [behavior_server]: Configuring drive_on_heading
[behavior_server-10] [INFO] [1789643675.678210195] [behavior_server]: Creating behavior plugin wait of type nav2_behaviors/Wait
[behavior_server-10] [INFO] [1789643675.679587910] [behavior_server]: Configuring wait
[lifecycle_manager-13] [INFO] [1789643675.698631954] [lifecycle_manager_navigation]: [34m[1mConfiguring bt_navigator[0m[0m
[bt_navigator-11] [INFO] [1789643675.699155894] [bt_navigator]: Configuring
[lifecycle_manager-13] [INFO] [1789643676.142254647] [lifecycle_manager_navigation]: [34m[1mConfiguring waypoint_follower[0m[0m
[waypoint_follower-12] [INFO] [1789643676.144432736] [waypoint_follower]: Configuring
[waypoint_follower-12] [INFO] [1789643676.295415187] [waypoint_follower]: Created waypoint_task_executor : wait_at_waypoint of type nav2_waypoint_follower::WaitAtWaypoint
[waypoint_follower-12] [INFO] [1789643676.309172920] [waypoint_follower]: Waypoint pause duration is set to zero, disabling task executor plugin.
[lifecycle_manager-13] [INFO] [1789643676.311253309] [lifecycle_manager_navigation]: [34m[1mActivating map_server[0m[0m
[map_server-7] [INFO] [1789643676.311608098] [map_server]: Activating
[map_server-7] [INFO] [1789643676.317723339] [map_server]: Creating bond (map_server) to lifecycle manager.
[planner_server-9] [INFO] [1789643676.319856156] [global_costmap.global_costmap]: StaticLayer: Resizing costmap to 676 X 680 at 0.050000 m/pix
[lifecycle_manager-13] [INFO] [1789643676.443501527] [lifecycle_manager_navigation]: Server map_server connected with bond.
[lifecycle_manager-13] [INFO] [1789643676.443571390] [lifecycle_manager_navigation]: [34m[1mActivating controller_server[0m[0m
[controller_server-8] [INFO] [1789643676.445438167] [controller_server]: Activating
[controller_server-8] [INFO] [1789643676.445498380] [local_costmap.local_costmap]: Activating
[controller_server-8] [INFO] [1789643676.445508372] [local_costmap.local_costmap]: Checking transform
[controller_server-8] [INFO] [1789643676.445526233] [local_costmap.local_costmap]: Timed out waiting for transform from base_footprint to odom to become available, tf error: Invalid frame ID "odom" passed to canTransform argument target_frame - frame does not exist
[controller_server-8] [INFO] [1789643676.951494126] [local_costmap.local_costmap]: Timed out waiting for transform from base_footprint to odom to become available, tf error: Invalid frame ID "odom" passed to canTransform argument target_frame - frame does not exist
[spawn_entity.py-3] [INFO] [1789643677.006520909] [spawn_swerve]: Waiting for service /spawn_entity, timeout = 30
[spawn_entity.py-3] [INFO] [1789643677.006935672] [spawn_swerve]: Waiting for service /spawn_entity
[controller_server-8] [INFO] [1789643677.446077911] [local_costmap.local_costmap]: Timed out waiting for transform from base_footprint to odom to become available, tf error: Invalid frame ID "odom" passed to canTransform argument target_frame - frame does not exist
[controller_server-8] [INFO] [1789643677.946220271] [local_costmap.local_costmap]: Timed out waiting for transform from base_footprint to odom to become available, tf error: Invalid frame ID "odom" passed to canTransform argument target_frame - frame does not exist
[controller_server-8] [INFO] [1789643678.446187239] [local_costmap.local_costmap]: Timed out waiting for transform from base_footprint to odom to become available, tf error: Invalid frame ID "odom" passed to canTransform argument target_frame - frame does not exist
[controller_server-8] [INFO] [1789643678.952527751] [local_costmap.local_costmap]: Timed out waiting for transform from base_footprint to odom to become available, tf error: Invalid frame ID "odom" passed to canTransform argument target_frame - frame does not exist
[controller_server-8] [INFO] [1789643679.447720104] [local_costmap.local_costmap]: Timed out waiting for transform from base_footprint to odom to become available, tf error: Invalid frame ID "odom" passed to canTransform argument target_frame - frame does not exist
[controller_server-8] [INFO] [1789643679.946756773] [local_costmap.local_costmap]: Timed out waiting for transform from base_footprint to odom to become available, tf error: Invalid frame ID "odom" passed to canTransform argument target_frame - frame does not exist
[controller_server-8] [INFO] [1789643680.446314713] [local_costmap.local_costmap]: Timed out waiting for transform from base_footprint to odom to become available, tf error: Invalid frame ID "odom" passed to canTransform argument target_frame - frame does not exist
[controller_server-8] [INFO] [1789643680.946003294] [local_costmap.local_costmap]: Timed out waiting for transform from base_footprint to odom to become available, tf error: Invalid frame ID "odom" passed to canTransform argument target_frame - frame does not exist
[controller_server-8] [INFO] [1789643681.448699010] [local_costmap.local_costmap]: Timed out waiting for transform from base_footprint to odom to become available, tf error: Invalid frame ID "odom" passed to canTransform argument target_frame - frame does not exist
[spawn_entity.py-3] [INFO] [1789643681.653323776] [spawn_swerve]: Calling service /spawn_entity
[controller_server-8] [INFO] [1789643681.947274500] [local_costmap.local_costmap]: Timed out waiting for transform from base_footprint to odom to become available, tf error: Invalid frame ID "odom" passed to canTransform argument target_frame - frame does not exist
[gzserver-1] [INFO] [1789643682.068031455] [gazebo_ros_state]: Publishing states of gazebo models at [/model_states]
[gzserver-1] [INFO] [1789643682.073542623] [gazebo_ros_state]: Publishing states of gazebo links at [/link_states]
[controller_server-8] [INFO] [1789643682.446898002] [local_costmap.local_costmap]: Timed out waiting for transform from base_footprint to odom to become available, tf error: Invalid frame ID "odom" passed to canTransform argument target_frame - frame does not exist
[gzserver-1] [INFO] [1789643682.582545339] [imu.imu_ros]: <initial_orientation_as_reference> is unset, using default value of false to comply with REP 145 (world as orientation reference)
[controller_server-8] [INFO] [1789643682.946093505] [local_costmap.local_costmap]: Timed out waiting for transform from base_footprint to odom to become available, tf error: Invalid frame ID "odom" passed to canTransform argument target_frame - frame does not exist
[controller_server-8] [INFO] [1789643683.447156053] [local_costmap.local_costmap]: Timed out waiting for transform from base_footprint to odom to become available, tf error: Invalid frame ID "odom" passed to canTransform argument target_frame - frame does not exist
[controller_server-8] [INFO] [1789643683.947270890] [local_costmap.local_costmap]: Timed out waiting for transform from base_footprint to odom to become available, tf error: Invalid frame ID "odom" passed to canTransform argument target_frame - frame does not exist
[controller_server-8] [INFO] [1789643684.446797551] [local_costmap.local_costmap]: Timed out waiting for transform from base_footprint to odom to become available, tf error: Invalid frame ID "odom" passed to canTransform argument target_frame - frame does not exist
[controller_server-8] [INFO] [1789643684.946166988] [local_costmap.local_costmap]: Timed out waiting for transform from base_footprint to odom to become available, tf error: Invalid frame ID "odom" passed to canTransform argument target_frame - frame does not exist
[controller_server-8] [INFO] [1789643685.445725675] [local_costmap.local_costmap]: Timed out waiting for transform from base_footprint to odom to become available, tf error: Invalid frame ID "odom" passed to canTransform argument target_frame - frame does not exist
[controller_server-8] [INFO] [1789643685.945626001] [local_costmap.local_costmap]: Timed out waiting for transform from base_footprint to odom to become available, tf error: Invalid frame ID "odom" passed to canTransform argument target_frame - frame does not exist
[controller_server-8] [INFO] [1789643686.449843007] [local_costmap.local_costmap]: Timed out waiting for transform from base_footprint to odom to become available, tf error: Invalid frame ID "odom" passed to canTransform argument target_frame - frame does not exist
[controller_server-8] [INFO] [1789643686.946343656] [local_costmap.local_costmap]: Timed out waiting for transform from base_footprint to odom to become available, tf error: Invalid frame ID "odom" passed to canTransform argument target_frame - frame does not exist
[controller_server-8] [INFO] [1789643687.445609667] [local_costmap.local_costmap]: Timed out waiting for transform from base_footprint to odom to become available, tf error: Invalid frame ID "odom" passed to canTransform argument target_frame - frame does not exist
[controller_server-8] [INFO] [1789643687.945916446] [local_costmap.local_costmap]: Timed out waiting for transform from base_footprint to odom to become available, tf error: Invalid frame ID "odom" passed to canTransform argument target_frame - frame does not exist
[controller_server-8] [INFO] [1789643688.446120537] [local_costmap.local_costmap]: Timed out waiting for transform from base_footprint to odom to become available, tf error: Invalid frame ID "odom" passed to canTransform argument target_frame - frame does not exist
[controller_server-8] [INFO] [1789643688.945843515] [local_costmap.local_costmap]: Timed out waiting for transform from base_footprint to odom to become available, tf error: Invalid frame ID "odom" passed to canTransform argument target_frame - frame does not exist
[controller_server-8] [INFO] [1789643689.446756990] [local_costmap.local_costmap]: Timed out waiting for transform from base_footprint to odom to become available, tf error: Invalid frame ID "odom" passed to canTransform argument target_frame - frame does not exist
[controller_server-8] [INFO] [1789643689.948509240] [local_costmap.local_costmap]: Timed out waiting for transform from base_footprint to odom to become available, tf error: Invalid frame ID "odom" passed to canTransform argument target_frame - frame does not exist
[controller_server-8] [INFO] [1789643690.446068495] [local_costmap.local_costmap]: Timed out waiting for transform from base_footprint to odom to become available, tf error: Invalid frame ID "odom" passed to canTransform argument target_frame - frame does not exist
[controller_server-8] [INFO] [1789643690.947286918] [local_costmap.local_costmap]: Timed out waiting for transform from base_footprint to odom to become available, tf error: Invalid frame ID "odom" passed to canTransform argument target_frame - frame does not exist
[controller_server-8] [INFO] [1789643691.445635934] [local_costmap.local_costmap]: Timed out waiting for transform from base_footprint to odom to become available, tf error: Invalid frame ID "odom" passed to canTransform argument target_frame - frame does not exist
[controller_server-8] [INFO] [1789643691.946825989] [local_costmap.local_costmap]: Timed out waiting for transform from base_footprint to odom to become available, tf error: Invalid frame ID "odom" passed to canTransform argument target_frame - frame does not exist
[controller_server-8] [INFO] [1789643692.447790758] [local_costmap.local_costmap]: Timed out waiting for transform from base_footprint to odom to become available, tf error: Invalid frame ID "odom" passed to canTransform argument target_frame - frame does not exist
[controller_server-8] [INFO] [1789643692.945632389] [local_costmap.local_costmap]: Timed out waiting for transform from base_footprint to odom to become available, tf error: Invalid frame ID "odom" passed to canTransform argument target_frame - frame does not exist
[controller_server-8] [INFO] [1789643693.449375010] [local_costmap.local_costmap]: Timed out waiting for transform from base_footprint to odom to become available, tf error: Invalid frame ID "odom" passed to canTransform argument target_frame - frame does not exist
[controller_server-8] [INFO] [1789643693.945672045] [local_costmap.local_costmap]: Timed out waiting for transform from base_footprint to odom to become available, tf error: Invalid frame ID "odom" passed to canTransform argument target_frame - frame does not exist
[controller_server-8] [INFO] [1789643694.446149000] [local_costmap.local_costmap]: Timed out waiting for transform from base_footprint to odom to become available, tf error: Invalid frame ID "odom" passed to canTransform argument target_frame - frame does not exist
[controller_server-8] [INFO] [1789643694.947625612] [local_costmap.local_costmap]: Timed out waiting for transform from base_footprint to odom to become available, tf error: Invalid frame ID "odom" passed to canTransform argument target_frame - frame does not exist
[controller_server-8] [INFO] [1789643695.448087516] [local_costmap.local_costmap]: Timed out waiting for transform from base_footprint to odom to become available, tf error: Invalid frame ID "odom" passed to canTransform argument target_frame - frame does not exist
[controller_server-8] [INFO] [1789643695.945939431] [local_costmap.local_costmap]: Timed out waiting for transform from base_footprint to odom to become available, tf error: Invalid frame ID "odom" passed to canTransform argument target_frame - frame does not exist
[controller_server-8] [INFO] [1789643696.446432648] [local_costmap.local_costmap]: Timed out waiting for transform from base_footprint to odom to become available, tf error: Invalid frame ID "odom" passed to canTransform argument target_frame - frame does not exist
[controller_server-8] [INFO] [1789643696.945640916] [local_costmap.local_costmap]: Timed out waiting for transform from base_footprint to odom to become available, tf error: Invalid frame ID "odom" passed to canTransform argument target_frame - frame does not exist
[gzserver-1] [INFO] [1789643697.270443370] [contact_load.wheel_front_drive_link_contact_plugin]: Publishing contact states to [/contact_load/wheel_front_drive_link]
[gzserver-1] [INFO] [1789643697.357105710] [contact_load.wheel_rear_drive_link_contact_plugin]: Publishing contact states to [/contact_load/wheel_rear_drive_link]
[controller_server-8] [INFO] [1789643697.445780435] [local_costmap.local_costmap]: Timed out waiting for transform from base_footprint to odom to become available, tf error: Invalid frame ID "odom" passed to canTransform argument target_frame - frame does not exist
[gzserver-1] [INFO] [1789643697.495595292] [contact_load.wheel_front_left_link_contact_plugin]: Publishing contact states to [/contact_load/wheel_front_left_link]
[gzserver-1] [INFO] [1789643697.613688948] [contact_load.wheel_front_right_link_contact_plugin]: Publishing contact states to [/contact_load/wheel_front_right_link]
[gzserver-1] [INFO] [1789643697.705471646] [contact_load.wheel_rear_left_link_contact_plugin]: Publishing contact states to [/contact_load/wheel_rear_left_link]
[spawn_entity.py-3] [INFO] [1789643697.720666842] [spawn_swerve]: Spawn status: SpawnEntity: Successfully spawned entity [swerve_base]
[gzserver-1] [INFO] [1789643697.921224291] [contact_load.wheel_rear_right_link_contact_plugin]: Publishing contact states to [/contact_load/wheel_rear_right_link]
[controller_server-8] [INFO] [1789643697.946427052] [local_costmap.local_costmap]: Timed out waiting for transform from base_footprint to odom to become available, tf error: Invalid frame ID "odom" passed to canTransform argument target_frame - frame does not exist
[gzserver-1] [INFO] [1789643698.080916137] [gazebo_ros2_control]: Loading gazebo_ros2_control plugin
[INFO] [spawn_entity.py-3]: process has finished cleanly [pid 183528]
[INFO] [spawner-15]: process started with pid [184091]
[gzserver-1] [INFO] [1789643698.165973860] [gazebo_ros2_control]: Starting gazebo_ros2_control plugin in namespace: /
[gzserver-1] [INFO] [1789643698.166095669] [gazebo_ros2_control]: Starting gazebo_ros2_control plugin in ros 2 node: gazebo_ros2_control
[gzserver-1] [INFO] [1789643698.239171415] [gazebo_ros2_control]: connected to service!! robot_state_publisher
[gzserver-1] [INFO] [1789643698.249453343] [gazebo_ros2_control]: Received urdf from param server, parsing...
[gzserver-1] [INFO] [1789643698.249618972] [gazebo_ros2_control]: Loading parameter files /home/yahboom/swerve_bringup/install/swerve_bringup/share/swerve_bringup/config/controllers.yaml
[gzserver-1] [INFO] [1789643698.294359427] [gazebo_ros2_control]: Loading joint: steer_front_joint
[gzserver-1] [INFO] [1789643698.294435452] [gazebo_ros2_control]: 	State:
[gzserver-1] [INFO] [1789643698.294450396] [gazebo_ros2_control]: 		 position
[gzserver-1] [INFO] [1789643698.294462599] [gazebo_ros2_control]: 		 velocity
[gzserver-1] [INFO] [1789643698.294472280] [gazebo_ros2_control]: 	Command:
[gzserver-1] [INFO] [1789643698.294481443] [gazebo_ros2_control]: 		 position
[gzserver-1] [INFO] [1789643698.306102653] [gazebo_ros2_control]: Loading joint: steer_rear_joint
[gzserver-1] [INFO] [1789643698.306581642] [gazebo_ros2_control]: 	State:
[gzserver-1] [INFO] [1789643698.306600898] [gazebo_ros2_control]: 		 position
[gzserver-1] [INFO] [1789643698.306613070] [gazebo_ros2_control]: 		 velocity
[gzserver-1] [INFO] [1789643698.306622822] [gazebo_ros2_control]: 	Command:
[gzserver-1] [INFO] [1789643698.306631620] [gazebo_ros2_control]: 		 position
[gzserver-1] [INFO] [1789643698.307240642] [gazebo_ros2_control]: Loading joint: wheel_front_drive_joint
[gzserver-1] [INFO] [1789643698.307269718] [gazebo_ros2_control]: 	State:
[gzserver-1] [INFO] [1789643698.307280039] [gazebo_ros2_control]: 		 position
[gzserver-1] [INFO] [1789643698.307289788] [gazebo_ros2_control]: 		 velocity
[gzserver-1] [INFO] [1789643698.307298541] [gazebo_ros2_control]: 	Command:
[gzserver-1] [INFO] [1789643698.307311727] [gazebo_ros2_control]: 		 velocity
[gzserver-1] [INFO] [1789643698.307663047] [gazebo_ros2_control]: Loading joint: wheel_rear_drive_joint
[gzserver-1] [INFO] [1789643698.307687484] [gazebo_ros2_control]: 	State:
[gzserver-1] [INFO] [1789643698.307697477] [gazebo_ros2_control]: 		 position
[gzserver-1] [INFO] [1789643698.307706163] [gazebo_ros2_control]: 		 velocity
[gzserver-1] [INFO] [1789643698.307714480] [gazebo_ros2_control]: 	Command:
[gzserver-1] [INFO] [1789643698.307731161] [gazebo_ros2_control]: 		 velocity
[gzserver-1] [INFO] [1789643698.311155659] [resource_manager]: Initialize hardware 'GazeboSystem' 
[gzserver-1] [INFO] [1789643698.311529526] [resource_manager]: Successful initialization of hardware 'GazeboSystem'
[gzserver-1] [INFO] [1789643698.312119938] [resource_manager]: 'configure' hardware 'GazeboSystem' 
[gzserver-1] [INFO] [1789643698.312145928] [resource_manager]: Successful 'configure' of hardware 'GazeboSystem'
[gzserver-1] [INFO] [1789643698.312154852] [resource_manager]: 'activate' hardware 'GazeboSystem' 
[gzserver-1] [INFO] [1789643698.312161592] [resource_manager]: Successful 'activate' of hardware 'GazeboSystem'
[gzserver-1] [INFO] [1789643698.313161093] [gazebo_ros2_control]: Loading controller_manager
[controller_server-8] [INFO] [1789643698.468305115] [local_costmap.local_costmap]: Timed out waiting for transform from base_footprint to odom to become available, tf error: Invalid frame ID "odom" passed to canTransform argument target_frame - frame does not exist
[gzserver-1] [WARN] [1789643698.735442680] [gazebo_ros2_control]:  Desired controller update period (0.01 s) is slower than the gazebo simulation period (0.001 s).
[gzserver-1] [INFO] [1789643698.769140780] [gazebo_ros2_control]: Loaded gazebo_ros2_control.
[controller_server-8] [INFO] [1789643698.945637351] [local_costmap.local_costmap]: Timed out waiting for transform from base_footprint to odom to become available, tf error: Invalid frame ID "odom" passed to canTransform argument target_frame - frame does not exist
[spawner-15] [INFO] [1789643699.439990628] [spawn_joint_state_broadcaster]: waiting for service /controller_manager/list_controllers to become available...
[controller_server-8] [INFO] [1789643699.448098715] [local_costmap.local_costmap]: start
[controller_server-8] [INFO] [1789643699.622808375] [controller_server]: Creating bond (controller_server) to lifecycle manager.
[lifecycle_manager-13] [INFO] [1789643699.759501586] [lifecycle_manager_navigation]: Server controller_server connected with bond.
[lifecycle_manager-13] [INFO] [1789643699.761983721] [lifecycle_manager_navigation]: [34m[1mActivating planner_server[0m[0m
[planner_server-9] [INFO] [1789643699.766430798] [planner_server]: Activating
[planner_server-9] [INFO] [1789643699.766599649] [global_costmap.global_costmap]: Activating
[planner_server-9] [INFO] [1789643699.766621943] [global_costmap.global_costmap]: Checking transform
[planner_server-9] [INFO] [1789643699.766655716] [global_costmap.global_costmap]: Timed out waiting for transform from base_footprint to map to become available, tf error: Invalid frame ID "map" passed to canTransform argument target_frame - frame does not exist
[planner_server-9] [INFO] [1789643700.267210625] [global_costmap.global_costmap]: start
[planner_server-9] [INFO] [1789643700.828382077] [planner_server]: Activating plugin GridBased of type NavfnPlanner
[planner_server-9] [INFO] [1789643700.834529264] [planner_server]: Creating bond (planner_server) to lifecycle manager.
[lifecycle_manager-13] [INFO] [1789643700.974968273] [lifecycle_manager_navigation]: Server planner_server connected with bond.
[lifecycle_manager-13] [INFO] [1789643700.975588233] [lifecycle_manager_navigation]: [34m[1mActivating behavior_server[0m[0m
[behavior_server-10] [INFO] [1789643700.976745664] [behavior_server]: Activating
[behavior_server-10] [INFO] [1789643700.976810871] [behavior_server]: Activating spin
[behavior_server-10] [INFO] [1789643700.976830750] [behavior_server]: Activating backup
[behavior_server-10] [INFO] [1789643700.976843399] [behavior_server]: Activating drive_on_heading
[behavior_server-10] [INFO] [1789643700.976855116] [behavior_server]: Activating wait
[behavior_server-10] [INFO] [1789643700.976872075] [behavior_server]: Creating bond (behavior_server) to lifecycle manager.
[lifecycle_manager-13] [INFO] [1789643701.186246765] [lifecycle_manager_navigation]: Server behavior_server connected with bond.
[lifecycle_manager-13] [INFO] [1789643701.186310694] [lifecycle_manager_navigation]: [34m[1mActivating bt_navigator[0m[0m
[bt_navigator-11] [INFO] [1789643701.193878668] [bt_navigator]: Activating
[bt_navigator-11] [INFO] [1789643702.427374057] [bt_navigator]: Creating bond (bt_navigator) to lifecycle manager.
[lifecycle_manager-13] [INFO] [1789643702.552737334] [lifecycle_manager_navigation]: Server bt_navigator connected with bond.
[lifecycle_manager-13] [INFO] [1789643702.552821612] [lifecycle_manager_navigation]: [34m[1mActivating waypoint_follower[0m[0m
[waypoint_follower-12] [INFO] [1789643702.553281493] [waypoint_follower]: Activating
[waypoint_follower-12] [INFO] [1789643702.553354278] [waypoint_follower]: Creating bond (waypoint_follower) to lifecycle manager.
[gzserver-1] [INFO] [1789643702.577411955] [controller_manager]: Loading controller 'joint_state_broadcaster'
[lifecycle_manager-13] [INFO] [1789643702.688764612] [lifecycle_manager_navigation]: Server waypoint_follower connected with bond.
[lifecycle_manager-13] [INFO] [1789643702.688831725] [lifecycle_manager_navigation]: [34m[1mManaged nodes are active[0m[0m
[lifecycle_manager-13] [INFO] [1789643702.688849762] [lifecycle_manager_navigation]: [34m[1mCreating bond timer...[0m[0m
[spawner-15] [INFO] [1789643703.445506550] [spawn_joint_state_broadcaster]: [94mLoaded [1mjoint_state_broadcaster[0m
[gzserver-1] [INFO] [1789643703.548370829] [controller_manager]: Configuring controller 'joint_state_broadcaster'
[gzserver-1] [INFO] [1789643703.548836910] [joint_state_broadcaster]: 'joints' or 'interfaces' parameter is empty. All available state interfaces will be published
[spawner-15] [INFO] [1789643703.748719508] [spawn_joint_state_broadcaster]: [92mConfigured and activated [1mjoint_state_broadcaster[0m
[INFO] [spawner-15]: process has finished cleanly [pid 184091]
[INFO] [spawner-16]: process started with pid [184148]
[spawner-16] [INFO] [1789643705.819037917] [spawn_steering_controller]: waiting for service /controller_manager/list_controllers to become available...
[gzserver-1] [INFO] [1789643706.355220076] [controller_manager]: Loading controller 'steering_controller'
[spawner-16] [INFO] [1789643706.594941495] [spawn_steering_controller]: [94mLoaded [1msteering_controller[0m
[gzserver-1] [INFO] [1789643706.603927221] [controller_manager]: Configuring controller 'steering_controller'
[gzserver-1] [INFO] [1789643706.618446483] [steering_controller]: configure successful
[gzserver-1] [INFO] [1789643706.694413137] [steering_controller]: activate successful
[spawner-16] [INFO] [1789643707.201277779] [spawn_steering_controller]: [92mConfigured and activated [1msteering_controller[0m
[INFO] [spawner-16]: process has finished cleanly [pid 184148]
[INFO] [spawner-17]: process started with pid [184160]
[spawner-17] [INFO] [1789643708.731678983] [spawn_drive_controller]: waiting for service /controller_manager/list_controllers to become available...
[gzserver-1] [INFO] [1789643709.556897453] [controller_manager]: Loading controller 'drive_controller'
[spawner-17] [INFO] [1789643709.953218579] [spawn_drive_controller]: [94mLoaded [1mdrive_controller[0m
[gzserver-1] [INFO] [1789643709.971374988] [controller_manager]: Configuring controller 'drive_controller'
[gzserver-1] [INFO] [1789643709.974893535] [drive_controller]: configure successful
[gzserver-1] [INFO] [1789643710.050950866] [drive_controller]: activate successful
[spawner-17] [INFO] [1789643710.104103583] [spawn_drive_controller]: [92mConfigured and activated [1mdrive_controller[0m
[INFO] [spawner-17]: process has finished cleanly [pid 184160]
[INFO] [swerve_controller_node-18]: process started with pid [184172]
[INFO] [swerve_odometry_node-19]: process started with pid [184174]
[swerve_controller_node-18] [INFO] [1789643712.278197696] [swerve_controller]: Swerve controller ready: radius=0.0675 m, modules={'front': (0.300042, 0.0), 'rear': (-0.300042, 0.0)}
[swerve_odometry_node-19] [INFO] [1789643712.360894110] [swerve_odometry]: Encoder odometry ready: radius=0.0637 m, velocity_sign=+1.0
[WARNING] [launch]: user interrupted with ctrl-c (SIGINT)
[robot_state_publisher-2] [INFO] [1789643808.971777248] [rclcpp]: signal_handler(signum=2)
[ekf_node-6] [INFO] [1789643808.971864096] [rclcpp]: signal_handler(signum=2)
[waypoint_follower-12] [INFO] [1789643808.972623959] [rclcpp]: signal_handler(signum=2)
[behavior_server-10] [INFO] [1789643808.972814718] [rclcpp]: signal_handler(signum=2)
[INFO] [swerve_odometry_node-19]: sending signal 'SIGINT' to process[swerve_odometry_node-19]
[INFO] [swerve_controller_node-18]: sending signal 'SIGINT' to process[swerve_controller_node-18]
[INFO] [lifecycle_manager-13]: sending signal 'SIGINT' to process[lifecycle_manager-13]
[INFO] [waypoint_follower-12]: sending signal 'SIGINT' to process[waypoint_follower-12]
[INFO] [bt_navigator-11]: sending signal 'SIGINT' to process[bt_navigator-11]
[INFO] [behavior_server-10]: sending signal 'SIGINT' to process[behavior_server-10]
[INFO] [planner_server-9]: sending signal 'SIGINT' to process[planner_server-9]
[INFO] [controller_server-8]: sending signal 'SIGINT' to process[controller_server-8]
[INFO] [map_server-7]: sending signal 'SIGINT' to process[map_server-7]
[INFO] [ekf_node-6]: sending signal 'SIGINT' to process[ekf_node-6]
[INFO] [v30e_sim_node-5]: sending signal 'SIGINT' to process[v30e_sim_node-5]
[INFO] [ekf_node-4]: sending signal 'SIGINT' to process[ekf_node-4]
[INFO] [robot_state_publisher-2]: sending signal 'SIGINT' to process[robot_state_publisher-2]
[ERROR] [ekf_node-6]: process has died [pid 183543, exit code -2, cmd '/opt/ros/humble/lib/robot_localization/ekf_node --ros-args -r __node:=ekf_v30e --params-file /home/yahboom/swerve_bringup/install/swerve_bringup/share/swerve_bringup/config/v30e_localization_ekf.yaml --params-file /tmp/launch_params_b5xb8kwz -r odometry/filtered:=/odometry/v30e'].
[INFO] [gzserver-1]: sending signal 'SIGINT' to process[gzserver-1]
[ERROR] [ekf_node-4]: process has died [pid 183530, exit code -2, cmd '/opt/ros/humble/lib/robot_localization/ekf_node --ros-args -r __node:=ekf_filter_node --params-file /home/yahboom/swerve_bringup/install/swerve_bringup/share/swerve_bringup/config/ekf.yaml --params-file /tmp/launch_params__npomega -r /odom:=/odom -r /imu/data:=/imu/data'].
[planner_server-9] [INFO] [1789643808.974697828] [rclcpp]: signal_handler(signum=2)
[planner_server-9] [INFO] [1789643808.976330301] [planner_server]: Running Nav2 LifecycleNode rcl preshutdown (planner_server)
[planner_server-9] [INFO] [1789643808.976410093] [planner_server]: Deactivating
[planner_server-9] [INFO] [1789643808.976453258] [global_costmap.global_costmap]: Deactivating
[map_server-7] [INFO] [1789643808.974986922] [rclcpp]: signal_handler(signum=2)
[map_server-7] [INFO] [1789643808.976480087] [map_server]: Running Nav2 LifecycleNode rcl preshutdown (map_server)
[map_server-7] [INFO] [1789643808.976560905] [map_server]: Deactivating
[map_server-7] [INFO] [1789643808.976587998] [map_server]: Destroying bond (map_server) to lifecycle manager.
[waypoint_follower-12] [INFO] [1789643808.975628646] [waypoint_follower]: Running Nav2 LifecycleNode rcl preshutdown (waypoint_follower)
[waypoint_follower-12] [INFO] [1789643808.975717180] [waypoint_follower]: Deactivating
[waypoint_follower-12] [INFO] [1789643808.975748845] [waypoint_follower]: Destroying bond (waypoint_follower) to lifecycle manager.
[behavior_server-10] [INFO] [1789643808.975915245] [behavior_server]: Running Nav2 LifecycleNode rcl preshutdown (behavior_server)
[behavior_server-10] [INFO] [1789643808.975992503] [behavior_server]: Deactivating
[behavior_server-10] [INFO] [1789643808.976033051] [behavior_server]: Destroying bond (behavior_server) to lifecycle manager.
[bt_navigator-11] [INFO] [1789643808.976755961] [rclcpp]: signal_handler(signum=2)
[bt_navigator-11] [INFO] [1789643808.982368657] [bt_navigator]: Running Nav2 LifecycleNode rcl preshutdown (bt_navigator)
[bt_navigator-11] [INFO] [1789643808.982448079] [bt_navigator]: Deactivating
[bt_navigator-11] [INFO] [1789643808.982483763] [bt_navigator]: Destroying bond (bt_navigator) to lifecycle manager.
[ekf_node-4] [INFO] [1789643808.977154432] [rclcpp]: signal_handler(signum=2)
[controller_server-8] [INFO] [1789643808.980233427] [rclcpp]: signal_handler(signum=2)
[controller_server-8] [INFO] [1789643808.982918304] [controller_server]: Running Nav2 LifecycleNode rcl preshutdown (controller_server)
[controller_server-8] [INFO] [1789643808.982995886] [controller_server]: Deactivating
[controller_server-8] [INFO] [1789643808.983074130] [local_costmap.local_costmap]: Deactivating
[lifecycle_manager-13] [INFO] [1789643808.981764104] [rclcpp]: signal_handler(signum=2)
[lifecycle_manager-13] [INFO] [1789643808.982206012] [lifecycle_manager_navigation]: Running Nav2 LifecycleManager rcl preshutdown (lifecycle_manager_navigation)
[lifecycle_manager-13] [INFO] [1789643808.982255656] [lifecycle_manager_navigation]: [34m[1mTerminating bond timer...[0m[0m
[behavior_server-10] [INFO] [1789643809.028822000] [behavior_server]: Cleaning up
[swerve_controller_node-18] Traceback (most recent call last):
[swerve_controller_node-18]   File "/home/yahboom/swerve_bringup/install/swerve_bringup/lib/swerve_bringup/swerve_controller_node", line 192, in <module>
[swerve_controller_node-18]     main()
[swerve_controller_node-18]   File "/home/yahboom/swerve_bringup/install/swerve_bringup/lib/swerve_bringup/swerve_controller_node", line 184, in main
[swerve_controller_node-18]     node.steer_pub.publish(Float64MultiArray(data=[
[swerve_controller_node-18]   File "/opt/ros/humble/local/lib/python3.10/dist-packages/rclpy/publisher.py", line 70, in publish
[swerve_controller_node-18]     self.__publisher.publish(msg)
[swerve_controller_node-18] rclpy._rclpy_pybind11.RCLError: Failed to publish: publisher's context is invalid, at ./src/rcl/publisher.c:389
[swerve_controller_node-18] Error in sys.excepthook:
[swerve_controller_node-18] Traceback (most recent call last):
[swerve_controller_node-18]   File "/usr/lib/python3/dist-packages/apport_python_hook.py", line 72, in apport_excepthook
[swerve_controller_node-18]     from apport.fileutils import likely_packaged, get_recent_crashes
[swerve_controller_node-18]   File "/usr/lib/python3/dist-packages/apport/__init__.py", line 5, in <module>
[swerve_controller_node-18]     from apport.report import Report
[swerve_controller_node-18]   File "/usr/lib/python3/dist-packages/apport/report.py", line 21, in <module>
[swerve_controller_node-18]     from urllib.request import urlopen
[swerve_controller_node-18]   File "<frozen importlib._bootstrap>", line 1027, in _find_and_load
[swerve_controller_node-18]   File "<frozen importlib._bootstrap>", line 1006, in _find_and_load_unlocked
[swerve_controller_node-18]   File "<frozen importlib._bootstrap>", line 688, in _load_unlocked
[swerve_controller_node-18]   File "<frozen importlib._bootstrap_external>", line 879, in exec_module
[swerve_controller_node-18]   File "<frozen importlib._bootstrap_external>", line 975, in get_code
[swerve_controller_node-18] KeyboardInterrupt
[swerve_controller_node-18] 
[swerve_controller_node-18] Original exception was:
[swerve_controller_node-18] Traceback (most recent call last):
[swerve_controller_node-18]   File "/home/yahboom/swerve_bringup/install/swerve_bringup/lib/swerve_bringup/swerve_controller_node", line 192, in <module>
[swerve_controller_node-18]     main()
[swerve_controller_node-18]   File "/home/yahboom/swerve_bringup/install/swerve_bringup/lib/swerve_bringup/swerve_controller_node", line 184, in main
[swerve_controller_node-18]     node.steer_pub.publish(Float64MultiArray(data=[
[swerve_controller_node-18]   File "/opt/ros/humble/local/lib/python3.10/dist-packages/rclpy/publisher.py", line 70, in publish
[swerve_controller_node-18]     self.__publisher.publish(msg)
[swerve_controller_node-18] rclpy._rclpy_pybind11.RCLError: Failed to publish: publisher's context is invalid, at ./src/rcl/publisher.c:389
[map_server-7] [INFO] [1789643809.036214157] [map_server]: Cleaning up
[map_server-7] [INFO] [1789643809.036334029] [map_server]: Destroying bond (map_server) to lifecycle manager.
[swerve_odometry_node-19] Traceback (most recent call last):
[swerve_odometry_node-19]   File "/home/yahboom/swerve_bringup/install/swerve_bringup/lib/swerve_bringup/swerve_odometry_node", line 221, in <module>
[swerve_odometry_node-19]     main()
[swerve_odometry_node-19]   File "/home/yahboom/swerve_bringup/install/swerve_bringup/lib/swerve_bringup/swerve_odometry_node", line 215, in main
[swerve_odometry_node-19]     node.destroy_node()
[swerve_odometry_node-19]   File "/opt/ros/humble/local/lib/python3.10/dist-packages/rclpy/node.py", line 1685, in destroy_node
[swerve_odometry_node-19]     self.destroy_publisher(self._publishers[0])
[swerve_odometry_node-19]   File "/opt/ros/humble/local/lib/python3.10/dist-packages/rclpy/node.py", line 1565, in destroy_publisher
[swerve_odometry_node-19]     publisher.destroy()
[swerve_odometry_node-19]   File "/opt/ros/humble/local/lib/python3.10/dist-packages/rclpy/publisher.py", line 99, in destroy
[swerve_odometry_node-19]     self.__publisher.destroy_when_not_in_use()
[swerve_odometry_node-19] KeyboardInterrupt
[bt_navigator-11] [INFO] [1789643809.061126406] [bt_navigator]: Cleaning up
[lifecycle_manager-13] [INFO] [1789643809.069013892] [rclcpp]: signal_handler(signum=2)
[waypoint_follower-12] [INFO] [1789643809.076830523] [rclcpp]: signal_handler(signum=2)
[bt_navigator-11] [INFO] [1789643809.082818970] [rclcpp]: signal_handler(signum=2)
[controller_server-8] [INFO] [1789643809.083286965] [controller_server]: Destroying bond (controller_server) to lifecycle manager.
[behavior_server-10] [INFO] [1789643809.095768172] [rclcpp]: signal_handler(signum=2)
[waypoint_follower-12] [INFO] [1789643809.098971205] [waypoint_follower]: Cleaning up
[planner_server-9] [INFO] [1789643809.099016732] [rclcpp]: signal_handler(signum=2)
[controller_server-8] [INFO] [1789643809.111282143] [rclcpp]: signal_handler(signum=2)
[map_server-7] [INFO] [1789643809.123151398] [rclcpp]: signal_handler(signum=2)
[controller_server-8] [INFO] [1789643809.127580927] [controller_server]: Cleaning up
[controller_server-8] [INFO] [1789643809.127774176] [local_costmap.local_costmap]: Cleaning up
[map_server-7] [INFO] [1789643809.137101588] [map_server]: Destroying
[v30e_sim_node-5] Traceback (most recent call last):
[v30e_sim_node-5]   File "/home/yahboom/swerve_bringup/install/swerve_bringup/lib/swerve_bringup/v30e_sim_node", line 188, in <module>
[v30e_sim_node-5]     if __name__ == '__main__': main()
[v30e_sim_node-5]   File "/home/yahboom/swerve_bringup/install/swerve_bringup/lib/swerve_bringup/v30e_sim_node", line 185, in main
[v30e_sim_node-5]     node.destroy_node(); rclpy.shutdown()
[v30e_sim_node-5]   File "/opt/ros/humble/local/lib/python3.10/dist-packages/rclpy/node.py", line 1687, in destroy_node
[v30e_sim_node-5]     self.destroy_subscription(self._subscriptions[0])
[v30e_sim_node-5]   File "/opt/ros/humble/local/lib/python3.10/dist-packages/rclpy/node.py", line 1583, in destroy_subscription
[v30e_sim_node-5]     subscription.destroy()
[v30e_sim_node-5]   File "/opt/ros/humble/local/lib/python3.10/dist-packages/rclpy/subscription.py", line 80, in destroy
[v30e_sim_node-5]     self.handle.destroy_when_not_in_use()
[v30e_sim_node-5] KeyboardInterrupt
[robot_state_publisher-2] [INFO] [1789643809.163745940] [rclcpp]: signal_handler(signum=2)
[behavior_server-10] [INFO] [1789643809.235698452] [behavior_server]: Destroying bond (behavior_server) to lifecycle manager.
[waypoint_follower-12] [INFO] [1789643809.251708169] [waypoint_follower]: Destroying bond (waypoint_follower) to lifecycle manager.
[planner_server-9] [INFO] [1789643809.270954413] [planner_server]: Deactivating plugin GridBased of type NavfnPlanner
[planner_server-9] [INFO] [1789643809.271061375] [planner_server]: Destroying bond (planner_server) to lifecycle manager.
[planner_server-9] [INFO] [1789643809.329026282] [planner_server]: Cleaning up
[planner_server-9] [INFO] [1789643809.395123264] [global_costmap.global_costmap]: Cleaning up
[waypoint_follower-12] [INFO] [1789643809.395718881] [waypoint_follower]: Destroying
[INFO] [robot_state_publisher-2]: process has finished cleanly [pid 183526]
[ERROR] [swerve_odometry_node-19]: process has died [pid 184174, exit code -2, cmd '/home/yahboom/swerve_bringup/install/swerve_bringup/lib/swerve_bringup/swerve_odometry_node --ros-args -r __node:=swerve_odometry --params-file /home/yahboom/swerve_bringup/install/swerve_bringup/share/swerve_bringup/config/swerve_odometry.yaml --params-file /tmp/launch_params_jm2ld49b'].
[ERROR] [v30e_sim_node-5]: process has died [pid 183532, exit code -2, cmd '/home/yahboom/swerve_bringup/install/swerve_bringup/lib/swerve_bringup/v30e_sim_node --ros-args -r __node:=v30e_sim_node --params-file /home/yahboom/swerve_bringup/install/swerve_bringup/share/swerve_bringup/config/v30e_sim.yaml --params-file /tmp/launch_params_mif2mf2u'].
[lifecycle_manager-13] [INFO] [1789643809.456695372] [lifecycle_manager_navigation]: Destroying lifecycle_manager_navigation
[planner_server-9] [INFO] [1789643809.462697248] [planner_server]: Cleaning up plugin GridBased of type NavfnPlanner
[planner_server-9] [INFO] [1789643809.463673228] [planner_server]: Destroying plugin GridBased of type NavfnPlanner
[behavior_server-10] [INFO] [1789643809.475139778] [behavior_server]: Destroying
[INFO] [map_server-7]: process has finished cleanly [pid 183545]
[planner_server-9] [INFO] [1789643809.511138910] [planner_server]: Destroying bond (planner_server) to lifecycle manager.
[planner_server-9] [INFO] [1789643809.538582307] [global_costmap.global_costmap]: Destroying
[ERROR] [swerve_controller_node-18]: process has died [pid 184172, exit code 1, cmd '/home/yahboom/swerve_bringup/install/swerve_bringup/lib/swerve_bringup/swerve_controller_node --ros-args -r __node:=swerve_controller --params-file /home/yahboom/swerve_bringup/install/swerve_bringup/share/swerve_bringup/config/swerve_controller.yaml --params-file /tmp/launch_params_0to5kui9'].
[controller_server-8] [INFO] [1789643809.549112148] [controller_server]: Destroying bond (controller_server) to lifecycle manager.
[controller_server-8] [INFO] [1789643809.564327460] [local_costmap.local_costmap]: Destroying
[planner_server-9] [INFO] [1789643809.581454142] [planner_server]: Destroying
[controller_server-8] [INFO] [1789643809.602441670] [controller_server]: Destroying
[INFO] [waypoint_follower-12]: process has finished cleanly [pid 183571]
[INFO] [behavior_server-10]: process has finished cleanly [pid 183555]
[bt_navigator-11] [INFO] [1789643809.654120670] [bt_navigator]: Completed Cleaning up
[bt_navigator-11] [INFO] [1789643809.654214191] [bt_navigator]: Destroying bond (bt_navigator) to lifecycle manager.
[INFO] [lifecycle_manager-13]: process has finished cleanly [pid 183580]
[bt_navigator-11] [INFO] [1789643809.670016992] [bt_navigator]: Destroying
[INFO] [planner_server-9]: process has finished cleanly [pid 183551]
[INFO] [controller_server-8]: process has finished cleanly [pid 183547]
[INFO] [bt_navigator-11]: process has finished cleanly [pid 183563]
[INFO] [gzserver-1]: process has finished cleanly [pid 183524]
