[INFO] [launch]: All log files can be found below /home/yahboom/.ros/log/2026-09-17-16-36-25-035314-yahboom-virtual-machine-142249
[INFO] [launch]: Default logging verbosity is set to INFO
[INFO] [gzserver-1]: process started with pid [142261]
[INFO] [robot_state_publisher-2]: process started with pid [142263]
[INFO] [spawn_entity.py-3]: process started with pid [142265]
[INFO] [ekf_node-4]: process started with pid [142267]
[INFO] [v30e_sim_node-5]: process started with pid [142269]
[INFO] [ekf_node-6]: process started with pid [142271]
[INFO] [map_server-7]: process started with pid [142273]
[INFO] [controller_server-8]: process started with pid [142276]
[INFO] [planner_server-9]: process started with pid [142282]
[INFO] [behavior_server-10]: process started with pid [142292]
[INFO] [bt_navigator-11]: process started with pid [142298]
[INFO] [waypoint_follower-12]: process started with pid [142306]
[INFO] [lifecycle_manager-13]: process started with pid [142322]
[INFO] [swerve_bridge_node-14]: process started with pid [142338]
[bt_navigator-11] [INFO] [1789634188.111555685] [bt_navigator]: 
[bt_navigator-11] 	bt_navigator lifecycle node launched. 
[bt_navigator-11] 	Waiting on external lifecycle transitions to activate
[bt_navigator-11] 	See https://design.ros2.org/articles/node_lifecycle.html for more information.
[bt_navigator-11] [INFO] [1789634188.111725201] [bt_navigator]: Creating
[planner_server-9] [INFO] [1789634188.276933119] [planner_server]: 
[planner_server-9] 	planner_server lifecycle node launched. 
[planner_server-9] 	Waiting on external lifecycle transitions to activate
[planner_server-9] 	See https://design.ros2.org/articles/node_lifecycle.html for more information.
[planner_server-9] [INFO] [1789634188.278357343] [planner_server]: Creating
[controller_server-8] [INFO] [1789634188.281380525] [controller_server]: 
[controller_server-8] 	controller_server lifecycle node launched. 
[controller_server-8] 	Waiting on external lifecycle transitions to activate
[controller_server-8] 	See https://design.ros2.org/articles/node_lifecycle.html for more information.
[controller_server-8] [INFO] [1789634188.290768049] [controller_server]: Creating controller server
[lifecycle_manager-13] [INFO] [1789634188.397739705] [lifecycle_manager_navigation]: Creating
[robot_state_publisher-2] [INFO] [1789634188.398153039] [robot_state_publisher]: got segment base_footprint
[robot_state_publisher-2] [INFO] [1789634188.407080921] [robot_state_publisher]: got segment base_link
[robot_state_publisher-2] [INFO] [1789634188.407124395] [robot_state_publisher]: got segment imu_link
[robot_state_publisher-2] [INFO] [1789634188.407133575] [robot_state_publisher]: got segment lidar_link
[robot_state_publisher-2] [INFO] [1789634188.407141058] [robot_state_publisher]: got segment steer_front_link
[robot_state_publisher-2] [INFO] [1789634188.407148354] [robot_state_publisher]: got segment steer_rear_link
[robot_state_publisher-2] [INFO] [1789634188.407155283] [robot_state_publisher]: got segment v30e_link
[robot_state_publisher-2] [INFO] [1789634188.407161903] [robot_state_publisher]: got segment wheel_front_drive_link
[robot_state_publisher-2] [INFO] [1789634188.407168728] [robot_state_publisher]: got segment wheel_front_left_link
[robot_state_publisher-2] [INFO] [1789634188.407175818] [robot_state_publisher]: got segment wheel_front_right_link
[robot_state_publisher-2] [INFO] [1789634188.407182566] [robot_state_publisher]: got segment wheel_rear_drive_link
[robot_state_publisher-2] [INFO] [1789634188.407188910] [robot_state_publisher]: got segment wheel_rear_left_link
[robot_state_publisher-2] [INFO] [1789634188.407195741] [robot_state_publisher]: got segment wheel_rear_right_link
[lifecycle_manager-13] [INFO] [1789634188.451066647] [lifecycle_manager_navigation]: [34m[1mCreating and initializing lifecycle service clients[0m[0m
[map_server-7] [INFO] [1789634188.489520284] [map_server]: 
[map_server-7] 	map_server lifecycle node launched. 
[map_server-7] 	Waiting on external lifecycle transitions to activate
[map_server-7] 	See https://design.ros2.org/articles/node_lifecycle.html for more information.
[map_server-7] [INFO] [1789634188.489703157] [map_server]: Creating
[swerve_bridge_node-14] Traceback (most recent call last):
[swerve_bridge_node-14]   File "/home/yahboom/swerve_bringup/install/swerve_bridge/lib/swerve_bridge/swerve_bridge_node", line 33, in <module>
[swerve_bridge_node-14]     sys.exit(load_entry_point('swerve-bridge', 'console_scripts', 'swerve_bridge_node')())
[swerve_bridge_node-14]   File "/home/yahboom/swerve_bringup/install/swerve_bridge/lib/swerve_bridge/swerve_bridge_node", line 22, in importlib_load_entry_point
[swerve_bridge_node-14]     for entry_point in distribution(dist_name).entry_points
[swerve_bridge_node-14]   File "/usr/lib/python3.10/importlib/metadata/__init__.py", line 969, in distribution
[swerve_bridge_node-14]     return Distribution.from_name(distribution_name)
[swerve_bridge_node-14]   File "/usr/lib/python3.10/importlib/metadata/__init__.py", line 548, in from_name
[swerve_bridge_node-14]     raise PackageNotFoundError(name)
[swerve_bridge_node-14] importlib.metadata.PackageNotFoundError: No package metadata was found for swerve-bridge
[behavior_server-10] [INFO] [1789634188.595875514] [behavior_server]: 
[behavior_server-10] 	behavior_server lifecycle node launched. 
[behavior_server-10] 	Waiting on external lifecycle transitions to activate
[behavior_server-10] 	See https://design.ros2.org/articles/node_lifecycle.html for more information.
[ERROR] [swerve_bridge_node-14]: process has died [pid 142338, exit code 1, cmd '/home/yahboom/swerve_bringup/install/swerve_bridge/lib/swerve_bridge/swerve_bridge_node --ros-args -r __node:=swerve_bridge --params-file /home/yahboom/swerve_bringup/install/swerve_bridge/share/swerve_bridge/config/bridge.yaml --params-file /tmp/launch_params_2o2jbrnq'].
[controller_server-8] [INFO] [1789634188.668861962] [local_costmap.local_costmap]: 
[controller_server-8] 	local_costmap lifecycle node launched. 
[controller_server-8] 	Waiting on external lifecycle transitions to activate
[controller_server-8] 	See https://design.ros2.org/articles/node_lifecycle.html for more information.
[controller_server-8] [INFO] [1789634188.673951063] [local_costmap.local_costmap]: Creating Costmap
[waypoint_follower-12] [INFO] [1789634188.704289430] [waypoint_follower]: 
[waypoint_follower-12] 	waypoint_follower lifecycle node launched. 
[waypoint_follower-12] 	Waiting on external lifecycle transitions to activate
[waypoint_follower-12] 	See https://design.ros2.org/articles/node_lifecycle.html for more information.
[waypoint_follower-12] [INFO] [1789634188.704944500] [waypoint_follower]: Creating
[lifecycle_manager-13] [INFO] [1789634188.717544046] [lifecycle_manager_navigation]: [34m[1mStarting managed nodes bringup...[0m[0m
[lifecycle_manager-13] [INFO] [1789634188.717661383] [lifecycle_manager_navigation]: [34m[1mConfiguring map_server[0m[0m
[map_server-7] [INFO] [1789634188.722296165] [map_server]: Configuring
[map_server-7] [INFO] [1789634188.722406575] [map_io]: Loading yaml file: /home/yahboom/swerve_bringup/install/swerve_bringup/share/swerve_bringup/swerve_navigation/maps/warehouse.yaml
[map_server-7] [INFO] [1789634188.722815741] [map_io]: resolution: 0.05
[map_server-7] [INFO] [1789634188.722833054] [map_io]: origin[0]: -17.2
[map_server-7] [INFO] [1789634188.722839280] [map_io]: origin[1]: -17.4
[map_server-7] [INFO] [1789634188.722844503] [map_io]: origin[2]: 0
[map_server-7] [INFO] [1789634188.722850348] [map_io]: free_thresh: 0.25
[map_server-7] [INFO] [1789634188.722855866] [map_io]: occupied_thresh: 0.65
[map_server-7] [INFO] [1789634188.722861243] [map_io]: mode: trinary
[map_server-7] [INFO] [1789634188.722867038] [map_io]: negate: 0
[map_server-7] [INFO] [1789634188.723128760] [map_io]: Loading image_file: /home/yahboom/swerve_bringup/install/swerve_bringup/share/swerve_bringup/swerve_navigation/maps/warehouse.pgm
[planner_server-9] [INFO] [1789634188.726519696] [global_costmap.global_costmap]: 
[planner_server-9] 	global_costmap lifecycle node launched. 
[planner_server-9] 	Waiting on external lifecycle transitions to activate
[planner_server-9] 	See https://design.ros2.org/articles/node_lifecycle.html for more information.
[planner_server-9] [INFO] [1789634188.727088444] [global_costmap.global_costmap]: Creating Costmap
[map_server-7] [INFO] [1789634188.823138339] [map_io]: Read map /home/yahboom/swerve_bringup/install/swerve_bringup/share/swerve_bringup/swerve_navigation/maps/warehouse.pgm: 676 X 680 map @ 0.05 m/cell
[lifecycle_manager-13] [INFO] [1789634188.862924519] [lifecycle_manager_navigation]: [34m[1mConfiguring controller_server[0m[0m
[controller_server-8] [INFO] [1789634189.194717682] [controller_server]: Configuring controller interface
[controller_server-8] [INFO] [1789634189.195034758] [controller_server]: getting goal checker plugins..
[controller_server-8] [INFO] [1789634189.195123865] [controller_server]: Controller frequency set to 10.0000Hz
[controller_server-8] [INFO] [1789634189.195161021] [local_costmap.local_costmap]: Configuring
[controller_server-8] [INFO] [1789634189.236291185] [local_costmap.local_costmap]: Using plugin "voxel_layer"
[controller_server-8] [INFO] [1789634189.243607537] [local_costmap.local_costmap]: Subscribed to Topics: lidar3d scan
[controller_server-8] [INFO] [1789634189.285550013] [local_costmap.local_costmap]: Initialized plugin "voxel_layer"
[controller_server-8] [INFO] [1789634189.285628440] [local_costmap.local_costmap]: Using plugin "inflation_layer"
[controller_server-8] [INFO] [1789634189.289162979] [local_costmap.local_costmap]: Initialized plugin "inflation_layer"
[controller_server-8] [INFO] [1789634189.328007431] [controller_server]: Created progress_checker : progress_checker of type nav2_controller::SimpleProgressChecker
[controller_server-8] [INFO] [1789634189.333178151] [controller_server]: Created goal checker : general_goal_checker of type nav2_controller::SimpleGoalChecker
[controller_server-8] [INFO] [1789634189.338045003] [controller_server]: Controller Server has general_goal_checker  goal checkers available.
[controller_server-8] [INFO] [1789634189.339665150] [controller_server]: Created controller : FollowPath of type dwb_core::DWBLocalPlanner
[controller_server-8] [INFO] [1789634189.346622776] [controller_server]: Setting transform_tolerance to 0.200000
[spawn_entity.py-3] [INFO] [1789634189.707606008] [spawn_swerve]: Spawn Entity started
[spawn_entity.py-3] [INFO] [1789634189.708116704] [spawn_swerve]: Loading entity published on topic robot_description
[spawn_entity.py-3] [INFO] [1789634189.755894247] [spawn_swerve]: Waiting for entity xml on robot_description
[spawn_entity.py-3] [INFO] [1789634189.784531207] [spawn_swerve]: Waiting for service /spawn_entity, timeout = 30
[spawn_entity.py-3] [INFO] [1789634189.784931668] [spawn_swerve]: Waiting for service /spawn_entity
[controller_server-8] [INFO] [1789634190.035178664] [controller_server]: Using critic "RotateToGoal" (dwb_critics::RotateToGoalCritic)
[controller_server-8] [INFO] [1789634190.035434178] [controller_server]: Critic plugin initialized
[controller_server-8] [INFO] [1789634190.035506749] [controller_server]: Using critic "Oscillation" (dwb_critics::OscillationCritic)
[controller_server-8] [INFO] [1789634190.035705284] [controller_server]: Critic plugin initialized
[controller_server-8] [INFO] [1789634190.035756942] [controller_server]: Using critic "BaseObstacle" (dwb_critics::BaseObstacleCritic)
[controller_server-8] [INFO] [1789634190.035835157] [controller_server]: Critic plugin initialized
[controller_server-8] [INFO] [1789634190.035884129] [controller_server]: Using critic "GoalAlign" (dwb_critics::GoalAlignCritic)
[controller_server-8] [INFO] [1789634190.036773245] [controller_server]: Critic plugin initialized
[controller_server-8] [INFO] [1789634190.036869785] [controller_server]: Using critic "PathAlign" (dwb_critics::PathAlignCritic)
[controller_server-8] [INFO] [1789634190.052248656] [controller_server]: Critic plugin initialized
[controller_server-8] [INFO] [1789634190.054868989] [controller_server]: Using critic "PathDist" (dwb_critics::PathDistCritic)
[controller_server-8] [INFO] [1789634190.060927573] [controller_server]: Critic plugin initialized
[controller_server-8] [INFO] [1789634190.066882684] [controller_server]: Using critic "GoalDist" (dwb_critics::GoalDistCritic)
[controller_server-8] [INFO] [1789634190.070865796] [controller_server]: Critic plugin initialized
[controller_server-8] [INFO] [1789634190.070922496] [controller_server]: Controller Server has FollowPath  controllers available.
[lifecycle_manager-13] [INFO] [1789634190.124953208] [lifecycle_manager_navigation]: [34m[1mConfiguring planner_server[0m[0m
[planner_server-9] [INFO] [1789634190.125551736] [planner_server]: Configuring
[planner_server-9] [INFO] [1789634190.125609697] [global_costmap.global_costmap]: Configuring
[planner_server-9] [INFO] [1789634190.173751389] [global_costmap.global_costmap]: Using plugin "static_layer"
[planner_server-9] [INFO] [1789634190.222599113] [global_costmap.global_costmap]: Subscribing to the map topic (/map) with transient local durability
[planner_server-9] [INFO] [1789634190.231031693] [global_costmap.global_costmap]: Initialized plugin "static_layer"
[planner_server-9] [INFO] [1789634190.231073587] [global_costmap.global_costmap]: Using plugin "obstacle_layer"
[planner_server-9] [INFO] [1789634190.231655228] [global_costmap.global_costmap]: Subscribed to Topics: scan
[planner_server-9] [INFO] [1789634190.282928211] [global_costmap.global_costmap]: Initialized plugin "obstacle_layer"
[planner_server-9] [INFO] [1789634190.282987230] [global_costmap.global_costmap]: Using plugin "inflation_layer"
[planner_server-9] [INFO] [1789634190.283703766] [global_costmap.global_costmap]: Initialized plugin "inflation_layer"
[v30e_sim_node-5] [INFO] [1789634190.283465837] [v30e_sim_node]: Using Gazebo /get_entity_state internally; odometry is not a V30E measurement input
[planner_server-9] [INFO] [1789634190.381649528] [planner_server]: Created global planner plugin GridBased of type nav2_navfn_planner/NavfnPlanner
[planner_server-9] [INFO] [1789634190.381725960] [planner_server]: Configuring plugin GridBased of type NavfnPlanner
[planner_server-9] [INFO] [1789634190.395962075] [planner_server]: Planner Server has GridBased  planners available.
[lifecycle_manager-13] [INFO] [1789634190.515706305] [lifecycle_manager_navigation]: [34m[1mConfiguring behavior_server[0m[0m
[behavior_server-10] [INFO] [1789634190.517456958] [behavior_server]: Configuring
[behavior_server-10] [INFO] [1789634190.575366729] [behavior_server]: Creating behavior plugin spin of type nav2_behaviors/Spin
[behavior_server-10] [INFO] [1789634190.576210024] [behavior_server]: Configuring spin
[behavior_server-10] [INFO] [1789634190.614363303] [behavior_server]: Creating behavior plugin backup of type nav2_behaviors/BackUp
[behavior_server-10] [INFO] [1789634190.615188581] [behavior_server]: Configuring backup
[behavior_server-10] [INFO] [1789634190.657659771] [behavior_server]: Creating behavior plugin drive_on_heading of type nav2_behaviors/DriveOnHeading
[behavior_server-10] [INFO] [1789634190.659209017] [behavior_server]: Configuring drive_on_heading
[behavior_server-10] [INFO] [1789634190.703040218] [behavior_server]: Creating behavior plugin wait of type nav2_behaviors/Wait
[behavior_server-10] [INFO] [1789634190.703795741] [behavior_server]: Configuring wait
[lifecycle_manager-13] [INFO] [1789634190.751137570] [lifecycle_manager_navigation]: [34m[1mConfiguring bt_navigator[0m[0m
[bt_navigator-11] [INFO] [1789634190.751615225] [bt_navigator]: Configuring
[lifecycle_manager-13] [INFO] [1789634191.153355280] [lifecycle_manager_navigation]: [34m[1mConfiguring waypoint_follower[0m[0m
[waypoint_follower-12] [INFO] [1789634191.154086064] [waypoint_follower]: Configuring
[waypoint_follower-12] [INFO] [1789634191.236504609] [waypoint_follower]: Created waypoint_task_executor : wait_at_waypoint of type nav2_waypoint_follower::WaitAtWaypoint
[waypoint_follower-12] [INFO] [1789634191.246589933] [waypoint_follower]: Waypoint pause duration is set to zero, disabling task executor plugin.
[lifecycle_manager-13] [INFO] [1789634191.257703419] [lifecycle_manager_navigation]: [34m[1mActivating map_server[0m[0m
[map_server-7] [INFO] [1789634191.260389556] [map_server]: Activating
[map_server-7] [INFO] [1789634191.261336291] [map_server]: Creating bond (map_server) to lifecycle manager.
[planner_server-9] [INFO] [1789634191.272605932] [global_costmap.global_costmap]: StaticLayer: Resizing costmap to 676 X 680 at 0.050000 m/pix
[lifecycle_manager-13] [INFO] [1789634191.376008050] [lifecycle_manager_navigation]: Server map_server connected with bond.
[lifecycle_manager-13] [INFO] [1789634191.376105099] [lifecycle_manager_navigation]: [34m[1mActivating controller_server[0m[0m
[controller_server-8] [INFO] [1789634191.377847431] [controller_server]: Activating
[controller_server-8] [INFO] [1789634191.377972495] [local_costmap.local_costmap]: Activating
[controller_server-8] [INFO] [1789634191.377999382] [local_costmap.local_costmap]: Checking transform
[controller_server-8] [INFO] [1789634191.378039513] [local_costmap.local_costmap]: Timed out waiting for transform from base_footprint to odom to become available, tf error: Invalid frame ID "odom" passed to canTransform argument target_frame - frame does not exist
[controller_server-8] [INFO] [1789634191.878707721] [local_costmap.local_costmap]: Timed out waiting for transform from base_footprint to odom to become available, tf error: Invalid frame ID "odom" passed to canTransform argument target_frame - frame does not exist
[controller_server-8] [INFO] [1789634192.379015161] [local_costmap.local_costmap]: Timed out waiting for transform from base_footprint to odom to become available, tf error: Invalid frame ID "odom" passed to canTransform argument target_frame - frame does not exist
[controller_server-8] [INFO] [1789634192.878233990] [local_costmap.local_costmap]: Timed out waiting for transform from base_footprint to odom to become available, tf error: Invalid frame ID "odom" passed to canTransform argument target_frame - frame does not exist
[controller_server-8] [INFO] [1789634193.379554801] [local_costmap.local_costmap]: Timed out waiting for transform from base_footprint to odom to become available, tf error: Invalid frame ID "odom" passed to canTransform argument target_frame - frame does not exist
[controller_server-8] [INFO] [1789634193.878049685] [local_costmap.local_costmap]: Timed out waiting for transform from base_footprint to odom to become available, tf error: Invalid frame ID "odom" passed to canTransform argument target_frame - frame does not exist
[controller_server-8] [INFO] [1789634194.378813365] [local_costmap.local_costmap]: Timed out waiting for transform from base_footprint to odom to become available, tf error: Invalid frame ID "odom" passed to canTransform argument target_frame - frame does not exist
[controller_server-8] [INFO] [1789634194.878659365] [local_costmap.local_costmap]: Timed out waiting for transform from base_footprint to odom to become available, tf error: Invalid frame ID "odom" passed to canTransform argument target_frame - frame does not exist
[controller_server-8] [INFO] [1789634195.379576057] [local_costmap.local_costmap]: Timed out waiting for transform from base_footprint to odom to become available, tf error: Invalid frame ID "odom" passed to canTransform argument target_frame - frame does not exist
[controller_server-8] [INFO] [1789634195.878432324] [local_costmap.local_costmap]: Timed out waiting for transform from base_footprint to odom to become available, tf error: Invalid frame ID "odom" passed to canTransform argument target_frame - frame does not exist
[spawn_entity.py-3] [INFO] [1789634195.897672295] [spawn_swerve]: Calling service /spawn_entity
[gzserver-1] [INFO] [1789634196.069894829] [gazebo_ros_state]: Publishing states of gazebo models at [/model_states]
[gzserver-1] [INFO] [1789634196.075965275] [gazebo_ros_state]: Publishing states of gazebo links at [/link_states]
[controller_server-8] [INFO] [1789634196.379060530] [local_costmap.local_costmap]: Timed out waiting for transform from base_footprint to odom to become available, tf error: Invalid frame ID "odom" passed to canTransform argument target_frame - frame does not exist
[gzserver-1] [INFO] [1789634196.519488132] [imu.imu_ros]: <initial_orientation_as_reference> is unset, using default value of false to comply with REP 145 (world as orientation reference)
[controller_server-8] [INFO] [1789634196.879970525] [local_costmap.local_costmap]: Timed out waiting for transform from base_footprint to odom to become available, tf error: Invalid frame ID "odom" passed to canTransform argument target_frame - frame does not exist
[controller_server-8] [INFO] [1789634197.378638751] [local_costmap.local_costmap]: Timed out waiting for transform from base_footprint to odom to become available, tf error: Invalid frame ID "odom" passed to canTransform argument target_frame - frame does not exist
[controller_server-8] [INFO] [1789634197.880384342] [local_costmap.local_costmap]: Timed out waiting for transform from base_footprint to odom to become available, tf error: Invalid frame ID "odom" passed to canTransform argument target_frame - frame does not exist
[controller_server-8] [INFO] [1789634198.379202078] [local_costmap.local_costmap]: Timed out waiting for transform from base_footprint to odom to become available, tf error: Invalid frame ID "odom" passed to canTransform argument target_frame - frame does not exist
[controller_server-8] [INFO] [1789634198.880635140] [local_costmap.local_costmap]: Timed out waiting for transform from base_footprint to odom to become available, tf error: Invalid frame ID "odom" passed to canTransform argument target_frame - frame does not exist
[controller_server-8] [INFO] [1789634199.378247711] [local_costmap.local_costmap]: Timed out waiting for transform from base_footprint to odom to become available, tf error: Invalid frame ID "odom" passed to canTransform argument target_frame - frame does not exist
[controller_server-8] [INFO] [1789634199.878517676] [local_costmap.local_costmap]: Timed out waiting for transform from base_footprint to odom to become available, tf error: Invalid frame ID "odom" passed to canTransform argument target_frame - frame does not exist
[controller_server-8] [INFO] [1789634200.379818955] [local_costmap.local_costmap]: Timed out waiting for transform from base_footprint to odom to become available, tf error: Invalid frame ID "odom" passed to canTransform argument target_frame - frame does not exist
[controller_server-8] [INFO] [1789634200.878074665] [local_costmap.local_costmap]: Timed out waiting for transform from base_footprint to odom to become available, tf error: Invalid frame ID "odom" passed to canTransform argument target_frame - frame does not exist
[controller_server-8] [INFO] [1789634201.378351158] [local_costmap.local_costmap]: Timed out waiting for transform from base_footprint to odom to become available, tf error: Invalid frame ID "odom" passed to canTransform argument target_frame - frame does not exist
[controller_server-8] [INFO] [1789634201.878556704] [local_costmap.local_costmap]: Timed out waiting for transform from base_footprint to odom to become available, tf error: Invalid frame ID "odom" passed to canTransform argument target_frame - frame does not exist
[controller_server-8] [INFO] [1789634202.378379476] [local_costmap.local_costmap]: Timed out waiting for transform from base_footprint to odom to become available, tf error: Invalid frame ID "odom" passed to canTransform argument target_frame - frame does not exist
[controller_server-8] [INFO] [1789634202.879064454] [local_costmap.local_costmap]: Timed out waiting for transform from base_footprint to odom to become available, tf error: Invalid frame ID "odom" passed to canTransform argument target_frame - frame does not exist
[controller_server-8] [INFO] [1789634203.378202744] [local_costmap.local_costmap]: Timed out waiting for transform from base_footprint to odom to become available, tf error: Invalid frame ID "odom" passed to canTransform argument target_frame - frame does not exist
[controller_server-8] [INFO] [1789634203.878492831] [local_costmap.local_costmap]: Timed out waiting for transform from base_footprint to odom to become available, tf error: Invalid frame ID "odom" passed to canTransform argument target_frame - frame does not exist
[controller_server-8] [INFO] [1789634204.378139978] [local_costmap.local_costmap]: Timed out waiting for transform from base_footprint to odom to become available, tf error: Invalid frame ID "odom" passed to canTransform argument target_frame - frame does not exist
[controller_server-8] [INFO] [1789634204.878807578] [local_costmap.local_costmap]: Timed out waiting for transform from base_footprint to odom to become available, tf error: Invalid frame ID "odom" passed to canTransform argument target_frame - frame does not exist
[controller_server-8] [INFO] [1789634205.378810432] [local_costmap.local_costmap]: Timed out waiting for transform from base_footprint to odom to become available, tf error: Invalid frame ID "odom" passed to canTransform argument target_frame - frame does not exist
[controller_server-8] [INFO] [1789634205.879184288] [local_costmap.local_costmap]: Timed out waiting for transform from base_footprint to odom to become available, tf error: Invalid frame ID "odom" passed to canTransform argument target_frame - frame does not exist
[controller_server-8] [INFO] [1789634206.381237776] [local_costmap.local_costmap]: Timed out waiting for transform from base_footprint to odom to become available, tf error: Invalid frame ID "odom" passed to canTransform argument target_frame - frame does not exist
[controller_server-8] [INFO] [1789634206.880306565] [local_costmap.local_costmap]: Timed out waiting for transform from base_footprint to odom to become available, tf error: Invalid frame ID "odom" passed to canTransform argument target_frame - frame does not exist
[controller_server-8] [INFO] [1789634207.379204501] [local_costmap.local_costmap]: Timed out waiting for transform from base_footprint to odom to become available, tf error: Invalid frame ID "odom" passed to canTransform argument target_frame - frame does not exist
[controller_server-8] [INFO] [1789634207.878555086] [local_costmap.local_costmap]: Timed out waiting for transform from base_footprint to odom to become available, tf error: Invalid frame ID "odom" passed to canTransform argument target_frame - frame does not exist
[controller_server-8] [INFO] [1789634208.378377561] [local_costmap.local_costmap]: Timed out waiting for transform from base_footprint to odom to become available, tf error: Invalid frame ID "odom" passed to canTransform argument target_frame - frame does not exist
[controller_server-8] [INFO] [1789634208.878378426] [local_costmap.local_costmap]: Timed out waiting for transform from base_footprint to odom to become available, tf error: Invalid frame ID "odom" passed to canTransform argument target_frame - frame does not exist
[controller_server-8] [INFO] [1789634209.378245478] [local_costmap.local_costmap]: Timed out waiting for transform from base_footprint to odom to become available, tf error: Invalid frame ID "odom" passed to canTransform argument target_frame - frame does not exist
[controller_server-8] [INFO] [1789634209.878229221] [local_costmap.local_costmap]: Timed out waiting for transform from base_footprint to odom to become available, tf error: Invalid frame ID "odom" passed to canTransform argument target_frame - frame does not exist
[spawn_entity.py-3] [INFO] [1789634210.053926857] [spawn_swerve]: Spawn status: SpawnEntity: Successfully spawned entity [swerve_base]
[gzserver-1] [INFO] [1789634210.333342926] [gazebo_ros2_control]: Loading gazebo_ros2_control plugin
[controller_server-8] [INFO] [1789634210.380297347] [local_costmap.local_costmap]: Timed out waiting for transform from base_footprint to odom to become available, tf error: Invalid frame ID "odom" passed to canTransform argument target_frame - frame does not exist
[INFO] [spawn_entity.py-3]: process has finished cleanly [pid 142265]
[INFO] [spawner-15]: process started with pid [142870]
[gzserver-1] [INFO] [1789634210.451046760] [gazebo_ros2_control]: Starting gazebo_ros2_control plugin in namespace: /
[gzserver-1] [INFO] [1789634210.451116758] [gazebo_ros2_control]: Starting gazebo_ros2_control plugin in ros 2 node: gazebo_ros2_control
[gzserver-1] [INFO] [1789634210.506742735] [gazebo_ros2_control]: connected to service!! robot_state_publisher
[gzserver-1] [INFO] [1789634210.519496697] [gazebo_ros2_control]: Received urdf from param server, parsing...
[gzserver-1] [INFO] [1789634210.529885089] [gazebo_ros2_control]: Loading parameter files /home/yahboom/swerve_bringup/install/swerve_bringup/share/swerve_bringup/config/controllers.yaml
[gzserver-1] [INFO] [1789634210.569290766] [gazebo_ros2_control]: Loading joint: steer_front_joint
[gzserver-1] [INFO] [1789634210.569360088] [gazebo_ros2_control]: 	State:
[gzserver-1] [INFO] [1789634210.569374819] [gazebo_ros2_control]: 		 position
[gzserver-1] [INFO] [1789634210.569387740] [gazebo_ros2_control]: 		 velocity
[gzserver-1] [INFO] [1789634210.569397264] [gazebo_ros2_control]: 	Command:
[gzserver-1] [INFO] [1789634210.569405880] [gazebo_ros2_control]: 		 position
[gzserver-1] [INFO] [1789634210.574994505] [gazebo_ros2_control]: Loading joint: steer_rear_joint
[gzserver-1] [INFO] [1789634210.575071885] [gazebo_ros2_control]: 	State:
[gzserver-1] [INFO] [1789634210.575093155] [gazebo_ros2_control]: 		 position
[gzserver-1] [INFO] [1789634210.575106506] [gazebo_ros2_control]: 		 velocity
[gzserver-1] [INFO] [1789634210.575116806] [gazebo_ros2_control]: 	Command:
[gzserver-1] [INFO] [1789634210.575125818] [gazebo_ros2_control]: 		 position
[gzserver-1] [INFO] [1789634210.594762029] [gazebo_ros2_control]: Loading joint: wheel_front_drive_joint
[gzserver-1] [INFO] [1789634210.594844967] [gazebo_ros2_control]: 	State:
[gzserver-1] [INFO] [1789634210.594859902] [gazebo_ros2_control]: 		 position
[gzserver-1] [INFO] [1789634210.594871043] [gazebo_ros2_control]: 		 velocity
[gzserver-1] [INFO] [1789634210.594880418] [gazebo_ros2_control]: 	Command:
[gzserver-1] [INFO] [1789634210.594901004] [gazebo_ros2_control]: 		 velocity
[gzserver-1] [INFO] [1789634210.606980548] [gazebo_ros2_control]: Loading joint: wheel_rear_drive_joint
[gzserver-1] [INFO] [1789634210.607088048] [gazebo_ros2_control]: 	State:
[gzserver-1] [INFO] [1789634210.607109216] [gazebo_ros2_control]: 		 position
[gzserver-1] [INFO] [1789634210.607121892] [gazebo_ros2_control]: 		 velocity
[gzserver-1] [INFO] [1789634210.607131195] [gazebo_ros2_control]: 	Command:
[gzserver-1] [INFO] [1789634210.607159758] [gazebo_ros2_control]: 		 velocity
[gzserver-1] [INFO] [1789634210.609617313] [resource_manager]: Initialize hardware 'GazeboSystem' 
[gzserver-1] [INFO] [1789634210.609927875] [resource_manager]: Successful initialization of hardware 'GazeboSystem'
[gzserver-1] [INFO] [1789634210.610076189] [resource_manager]: 'configure' hardware 'GazeboSystem' 
[gzserver-1] [INFO] [1789634210.610091804] [resource_manager]: Successful 'configure' of hardware 'GazeboSystem'
[gzserver-1] [INFO] [1789634210.610099185] [resource_manager]: 'activate' hardware 'GazeboSystem' 
[gzserver-1] [INFO] [1789634210.610105519] [resource_manager]: Successful 'activate' of hardware 'GazeboSystem'
[gzserver-1] [INFO] [1789634210.610211092] [gazebo_ros2_control]: Loading controller_manager
[gzserver-1] [WARN] [1789634210.841590247] [gazebo_ros2_control]:  Desired controller update period (0.01 s) is slower than the gazebo simulation period (0.001 s).
[gzserver-1] [INFO] [1789634210.842026500] [gazebo_ros2_control]: Loaded gazebo_ros2_control.
[controller_server-8] [INFO] [1789634210.878721684] [local_costmap.local_costmap]: Timed out waiting for transform from base_footprint to odom to become available, tf error: Invalid frame ID "odom" passed to canTransform argument target_frame - frame does not exist
[spawner-15] [INFO] [1789634211.357929988] [spawn_joint_state_broadcaster]: waiting for service /controller_manager/list_controllers to become available...
[controller_server-8] [INFO] [1789634211.378282730] [local_costmap.local_costmap]: start
[controller_server-8] [INFO] [1789634211.544919161] [controller_server]: Creating bond (controller_server) to lifecycle manager.
[lifecycle_manager-13] [INFO] [1789634211.669391046] [lifecycle_manager_navigation]: Server controller_server connected with bond.
[lifecycle_manager-13] [INFO] [1789634211.669485756] [lifecycle_manager_navigation]: [34m[1mActivating planner_server[0m[0m
[planner_server-9] [INFO] [1789634211.670761599] [planner_server]: Activating
[planner_server-9] [INFO] [1789634211.670851130] [global_costmap.global_costmap]: Activating
[planner_server-9] [INFO] [1789634211.670872968] [global_costmap.global_costmap]: Checking transform
[planner_server-9] [INFO] [1789634211.671063563] [global_costmap.global_costmap]: start
[planner_server-9] [INFO] [1789634212.224985059] [planner_server]: Activating plugin GridBased of type NavfnPlanner
[planner_server-9] [INFO] [1789634212.241082788] [planner_server]: Creating bond (planner_server) to lifecycle manager.
[lifecycle_manager-13] [INFO] [1789634212.368932957] [lifecycle_manager_navigation]: Server planner_server connected with bond.
[lifecycle_manager-13] [INFO] [1789634212.369010776] [lifecycle_manager_navigation]: [34m[1mActivating behavior_server[0m[0m
[behavior_server-10] [INFO] [1789634212.375011904] [behavior_server]: Activating
[behavior_server-10] [INFO] [1789634212.375093476] [behavior_server]: Activating spin
[behavior_server-10] [INFO] [1789634212.375115202] [behavior_server]: Activating backup
[behavior_server-10] [INFO] [1789634212.375127167] [behavior_server]: Activating drive_on_heading
[behavior_server-10] [INFO] [1789634212.375138508] [behavior_server]: Activating wait
[behavior_server-10] [INFO] [1789634212.375156160] [behavior_server]: Creating bond (behavior_server) to lifecycle manager.
[lifecycle_manager-13] [INFO] [1789634212.507994958] [lifecycle_manager_navigation]: Server behavior_server connected with bond.
[lifecycle_manager-13] [INFO] [1789634212.508047277] [lifecycle_manager_navigation]: [34m[1mActivating bt_navigator[0m[0m
[bt_navigator-11] [INFO] [1789634212.517340852] [bt_navigator]: Activating
[bt_navigator-11] [INFO] [1789634213.374305161] [bt_navigator]: Creating bond (bt_navigator) to lifecycle manager.
[lifecycle_manager-13] [INFO] [1789634213.508373539] [lifecycle_manager_navigation]: Server bt_navigator connected with bond.
[lifecycle_manager-13] [INFO] [1789634213.508443452] [lifecycle_manager_navigation]: [34m[1mActivating waypoint_follower[0m[0m
[waypoint_follower-12] [INFO] [1789634213.509195862] [waypoint_follower]: Activating
[waypoint_follower-12] [INFO] [1789634213.509252298] [waypoint_follower]: Creating bond (waypoint_follower) to lifecycle manager.
[lifecycle_manager-13] [INFO] [1789634213.644805737] [lifecycle_manager_navigation]: Server waypoint_follower connected with bond.
[lifecycle_manager-13] [INFO] [1789634213.644889509] [lifecycle_manager_navigation]: [34m[1mManaged nodes are active[0m[0m
[lifecycle_manager-13] [INFO] [1789634213.644907901] [lifecycle_manager_navigation]: [34m[1mCreating bond timer...[0m[0m
[gzserver-1] [INFO] [1789634214.650181229] [controller_manager]: Loading controller 'joint_state_broadcaster'
[spawner-15] [INFO] [1789634214.867730726] [spawn_joint_state_broadcaster]: [94mLoaded [1mjoint_state_broadcaster[0m
[gzserver-1] [INFO] [1789634214.879417002] [controller_manager]: Configuring controller 'joint_state_broadcaster'
[gzserver-1] [INFO] [1789634214.879918440] [joint_state_broadcaster]: 'joints' or 'interfaces' parameter is empty. All available state interfaces will be published
[spawner-15] [INFO] [1789634214.974090013] [spawn_joint_state_broadcaster]: [92mConfigured and activated [1mjoint_state_broadcaster[0m
[INFO] [spawner-15]: process has finished cleanly [pid 142870]
[INFO] [spawner-16]: process started with pid [142959]
[spawner-16] [INFO] [1789634217.091283500] [spawn_steering_controller]: waiting for service /controller_manager/list_controllers to become available...
[gzserver-1] [INFO] [1789634217.619269243] [controller_manager]: Loading controller 'steering_controller'
[spawner-16] [INFO] [1789634217.782724070] [spawn_steering_controller]: [94mLoaded [1msteering_controller[0m
[gzserver-1] [INFO] [1789634217.799091145] [controller_manager]: Configuring controller 'steering_controller'
[gzserver-1] [INFO] [1789634217.806465556] [steering_controller]: configure successful
[gzserver-1] [INFO] [1789634217.841705947] [steering_controller]: activate successful
[spawner-16] [INFO] [1789634217.859202485] [spawn_steering_controller]: [92mConfigured and activated [1msteering_controller[0m
[INFO] [spawner-16]: process has finished cleanly [pid 142959]
[INFO] [spawner-17]: process started with pid [142971]
[spawner-17] [INFO] [1789634219.739178338] [spawn_drive_controller]: waiting for service /controller_manager/list_controllers to become available...
[gzserver-1] [INFO] [1789634220.262941886] [controller_manager]: Loading controller 'drive_controller'
[spawner-17] [INFO] [1789634220.726234309] [spawn_drive_controller]: [94mLoaded [1mdrive_controller[0m
[gzserver-1] [INFO] [1789634220.737916587] [controller_manager]: Configuring controller 'drive_controller'
[gzserver-1] [INFO] [1789634220.747080230] [drive_controller]: configure successful
[gzserver-1] [INFO] [1789634220.779253450] [drive_controller]: activate successful
[spawner-17] [INFO] [1789634220.798177456] [spawn_drive_controller]: [92mConfigured and activated [1mdrive_controller[0m
[INFO] [spawner-17]: process has finished cleanly [pid 142971]
[INFO] [swerve_controller_node-18]: process started with pid [142983]
[INFO] [swerve_odometry_node-19]: process started with pid [142985]
[swerve_controller_node-18] [INFO] [1789634222.832652524] [swerve_controller]: Swerve controller ready: radius=0.0675 m, modules={'front': (0.300042, 0.0), 'rear': (-0.300042, 0.0)}
[swerve_odometry_node-19] [INFO] [1789634223.244461311] [swerve_odometry]: Encoder odometry ready: radius=0.0637 m, velocity_sign=+1.0
[WARNING] [launch]: user interrupted with ctrl-c (SIGINT)
[lifecycle_manager-13] [INFO] [1789634238.396626947] [rclcpp]: signal_handler(signum=2)
[lifecycle_manager-13] [INFO] [1789634238.396875692] [lifecycle_manager_navigation]: Running Nav2 LifecycleManager rcl preshutdown (lifecycle_manager_navigation)
[INFO] [swerve_odometry_node-19]: sending signal 'SIGINT' to process[swerve_odometry_node-19]
[INFO] [swerve_controller_node-18]: sending signal 'SIGINT' to process[swerve_controller_node-18]
[INFO] [lifecycle_manager-13]: sending signal 'SIGINT' to process[lifecycle_manager-13]
[INFO] [waypoint_follower-12]: sending signal 'SIGINT' to process[waypoint_follower-12]
[INFO] [bt_navigator-11]: sending signal 'SIGINT' to process[bt_navigator-11]
[INFO] [behavior_server-10]: sending signal 'SIGINT' to process[behavior_server-10]
[INFO] [planner_server-9]: sending signal 'SIGINT' to process[planner_server-9]
[INFO] [controller_server-8]: sending signal 'SIGINT' to process[controller_server-8]
[INFO] [map_server-7]: sending signal 'SIGINT' to process[map_server-7]
[INFO] [ekf_node-6]: sending signal 'SIGINT' to process[ekf_node-6]
[INFO] [v30e_sim_node-5]: sending signal 'SIGINT' to process[v30e_sim_node-5]
[INFO] [ekf_node-4]: sending signal 'SIGINT' to process[ekf_node-4]
[ERROR] [ekf_node-6]: process has died [pid 142271, exit code -2, cmd '/opt/ros/humble/lib/robot_localization/ekf_node --ros-args -r __node:=ekf_v30e --params-file /home/yahboom/swerve_bringup/install/swerve_bringup/share/swerve_bringup/config/v30e_localization_ekf.yaml --params-file /tmp/launch_params_dzsvju0b -r odometry/filtered:=/odometry/v30e'].
[INFO] [robot_state_publisher-2]: sending signal 'SIGINT' to process[robot_state_publisher-2]
[INFO] [gzserver-1]: sending signal 'SIGINT' to process[gzserver-1]
[lifecycle_manager-13] [INFO] [1789634238.396960396] [lifecycle_manager_navigation]: [34m[1mTerminating bond timer...[0m[0m
[behavior_server-10] [INFO] [1789634238.397025895] [rclcpp]: signal_handler(signum=2)
[behavior_server-10] [INFO] [1789634238.400573398] [behavior_server]: Running Nav2 LifecycleNode rcl preshutdown (behavior_server)
[behavior_server-10] [INFO] [1789634238.400639366] [behavior_server]: Deactivating
[behavior_server-10] [INFO] [1789634238.400676371] [behavior_server]: Destroying bond (behavior_server) to lifecycle manager.
[ekf_node-4] [INFO] [1789634238.397229361] [rclcpp]: signal_handler(signum=2)
[ERROR] [ekf_node-4]: process has died [pid 142267, exit code -2, cmd '/opt/ros/humble/lib/robot_localization/ekf_node --ros-args -r __node:=ekf_filter_node --params-file /home/yahboom/swerve_bringup/install/swerve_bringup/share/swerve_bringup/config/ekf.yaml --params-file /tmp/launch_params_dqvew97_ -r /odom:=/odom -r /imu/data:=/imu/data'].
[planner_server-9] [INFO] [1789634238.397631496] [rclcpp]: signal_handler(signum=2)
[planner_server-9] [INFO] [1789634238.400293290] [planner_server]: Running Nav2 LifecycleNode rcl preshutdown (planner_server)
[planner_server-9] [INFO] [1789634238.400379892] [planner_server]: Deactivating
[planner_server-9] [INFO] [1789634238.400443452] [global_costmap.global_costmap]: Deactivating
[controller_server-8] [INFO] [1789634238.397693878] [rclcpp]: signal_handler(signum=2)
[controller_server-8] [INFO] [1789634238.399741211] [controller_server]: Running Nav2 LifecycleNode rcl preshutdown (controller_server)
[controller_server-8] [INFO] [1789634238.399829244] [controller_server]: Deactivating
[controller_server-8] [INFO] [1789634238.399888785] [local_costmap.local_costmap]: Deactivating
[robot_state_publisher-2] [INFO] [1789634238.399330594] [rclcpp]: signal_handler(signum=2)
[ekf_node-6] [INFO] [1789634238.399429537] [rclcpp]: signal_handler(signum=2)
[waypoint_follower-12] [INFO] [1789634238.400055744] [rclcpp]: signal_handler(signum=2)
[waypoint_follower-12] [INFO] [1789634238.400235873] [waypoint_follower]: Running Nav2 LifecycleNode rcl preshutdown (waypoint_follower)
[waypoint_follower-12] [INFO] [1789634238.400325522] [waypoint_follower]: Deactivating
[waypoint_follower-12] [INFO] [1789634238.400355887] [waypoint_follower]: Destroying bond (waypoint_follower) to lifecycle manager.
[map_server-7] [INFO] [1789634238.403126371] [rclcpp]: signal_handler(signum=2)
[map_server-7] [INFO] [1789634238.418008546] [map_server]: Running Nav2 LifecycleNode rcl preshutdown (map_server)
[map_server-7] [INFO] [1789634238.418113868] [map_server]: Deactivating
[map_server-7] [INFO] [1789634238.418145871] [map_server]: Destroying bond (map_server) to lifecycle manager.
[bt_navigator-11] [INFO] [1789634238.403614584] [rclcpp]: signal_handler(signum=2)
[bt_navigator-11] [INFO] [1789634238.406308635] [bt_navigator]: Running Nav2 LifecycleNode rcl preshutdown (bt_navigator)
[bt_navigator-11] [INFO] [1789634238.406385729] [bt_navigator]: Deactivating
[bt_navigator-11] [INFO] [1789634238.406422248] [bt_navigator]: Destroying bond (bt_navigator) to lifecycle manager.
[waypoint_follower-12] [INFO] [1789634238.448736661] [waypoint_follower]: Cleaning up
[swerve_odometry_node-19] Traceback (most recent call last):
[swerve_odometry_node-19]   File "/home/yahboom/swerve_bringup/install/swerve_bringup/lib/swerve_bringup/swerve_odometry_node", line 221, in <module>
[swerve_odometry_node-19]     main()
[swerve_odometry_node-19]   File "/home/yahboom/swerve_bringup/install/swerve_bringup/lib/swerve_bringup/swerve_odometry_node", line 215, in main
[swerve_odometry_node-19]     node.destroy_node()
[swerve_odometry_node-19]   File "/opt/ros/humble/local/lib/python3.10/dist-packages/rclpy/node.py", line 1685, in destroy_node
[swerve_odometry_node-19]     self.destroy_publisher(self._publishers[0])
[swerve_odometry_node-19]   File "/opt/ros/humble/local/lib/python3.10/dist-packages/rclpy/node.py", line 1565, in destroy_publisher
[swerve_odometry_node-19]     publisher.destroy()
[swerve_odometry_node-19]   File "/opt/ros/humble/local/lib/python3.10/dist-packages/rclpy/publisher.py", line 99, in destroy
[swerve_odometry_node-19]     self.__publisher.destroy_when_not_in_use()
[swerve_odometry_node-19] KeyboardInterrupt
[map_server-7] [INFO] [1789634238.452086361] [map_server]: Cleaning up
[map_server-7] [INFO] [1789634238.453057936] [map_server]: Destroying bond (map_server) to lifecycle manager.
[bt_navigator-11] [INFO] [1789634238.460170899] [bt_navigator]: Cleaning up
[behavior_server-10] [INFO] [1789634238.462569922] [behavior_server]: Cleaning up
[swerve_controller_node-18] Traceback (most recent call last):
[swerve_controller_node-18]   File "/home/yahboom/swerve_bringup/install/swerve_bringup/lib/swerve_bringup/swerve_controller_node", line 192, in <module>
[swerve_controller_node-18]     main()
[swerve_controller_node-18]   File "/home/yahboom/swerve_bringup/install/swerve_bringup/lib/swerve_bringup/swerve_controller_node", line 186, in main
[swerve_controller_node-18]     node.drive_pub.publish(Float64MultiArray(data=[0.0, 0.0]))
[swerve_controller_node-18]   File "/opt/ros/humble/local/lib/python3.10/dist-packages/rclpy/publisher.py", line 70, in publish
[swerve_controller_node-18]     self.__publisher.publish(msg)
[swerve_controller_node-18] rclpy._rclpy_pybind11.RCLError: Failed to publish: publisher's context is invalid, at ./src/rcl/publisher.c:389
[swerve_controller_node-18] Error in sys.excepthook:
[swerve_controller_node-18] Traceback (most recent call last):
[swerve_controller_node-18]   File "/usr/lib/python3/dist-packages/apport_python_hook.py", line 72, in apport_excepthook
[swerve_controller_node-18]     from apport.fileutils import likely_packaged, get_recent_crashes
[swerve_controller_node-18]   File "/usr/lib/python3/dist-packages/apport/__init__.py", line 5, in <module>
[swerve_controller_node-18]     from apport.report import Report
[swerve_controller_node-18]   File "/usr/lib/python3/dist-packages/apport/report.py", line 21, in <module>
[swerve_controller_node-18]     from urllib.request import urlopen
[swerve_controller_node-18]   File "/usr/lib/python3.10/urllib/request.py", line 88, in <module>
[swerve_controller_node-18]     import http.client
[swerve_controller_node-18]   File "/usr/lib/python3.10/http/client.py", line 71, in <module>
[swerve_controller_node-18]     import email.parser
[swerve_controller_node-18]   File "/usr/lib/python3.10/email/parser.py", line 12, in <module>
[swerve_controller_node-18]     from email.feedparser import FeedParser, BytesFeedParser
[swerve_controller_node-18]   File "/usr/lib/python3.10/email/feedparser.py", line 27, in <module>
[swerve_controller_node-18]     from email._policybase import compat32
[swerve_controller_node-18]   File "/usr/lib/python3.10/email/_policybase.py", line 7, in <module>
[swerve_controller_node-18]     from email import header
[swerve_controller_node-18]   File "/usr/lib/python3.10/email/header.py", line 52, in <module>
[swerve_controller_node-18]     _embedded_header = re.compile(r'\n[^ \t]+:')
[swerve_controller_node-18]   File "/usr/lib/python3.10/re.py", line 251, in compile
[lifecycle_manager-13] [INFO] [1789634238.484340437] [rclcpp]: signal_handler(signum=2)
[swerve_controller_node-18]     return _compile(pattern, flags)
[swerve_controller_node-18]   File "/usr/lib/python3.10/re.py", line 303, in _compile
[swerve_controller_node-18]     p = sre_compile.compile(pattern, flags)
[swerve_controller_node-18]   File "/usr/lib/python3.10/sre_compile.py", line 788, in compile
[bt_navigator-11] [INFO] [1789634238.496031264] [rclcpp]: signal_handler(signum=2)
[waypoint_follower-12] [INFO] [1789634238.500803749] [rclcpp]: signal_handler(signum=2)
[swerve_controller_node-18]     p = sre_parse.parse(p, flags)
[swerve_controller_node-18]   File "/usr/lib/python3.10/sre_parse.py", line 955, in parse
[controller_server-8] [INFO] [1789634238.507575890] [controller_server]: Destroying bond (controller_server) to lifecycle manager.
[swerve_controller_node-18]     p = _parse_sub(source, state, flags & SRE_FLAG_VERBOSE, 0)
[swerve_controller_node-18]   File "/usr/lib/python3.10/sre_parse.py", line 446, in _parse_sub
[swerve_controller_node-18]     if not sourcematch("|"):
[swerve_controller_node-18]   File "/usr/lib/python3.10/sre_parse.py", line 251, in match
[swerve_controller_node-18]     if char == self.next:
[swerve_controller_node-18] KeyboardInterrupt
[swerve_controller_node-18] 
[swerve_controller_node-18] Original exception was:
[swerve_controller_node-18] Traceback (most recent call last):
[swerve_controller_node-18]   File "/home/yahboom/swerve_bringup/install/swerve_bringup/lib/swerve_bringup/swerve_controller_node", line 192, in <module>
[swerve_controller_node-18]     main()
[swerve_controller_node-18]   File "/home/yahboom/swerve_bringup/install/swerve_bringup/lib/swerve_bringup/swerve_controller_node", line 186, in main
[swerve_controller_node-18]     node.drive_pub.publish(Float64MultiArray(data=[0.0, 0.0]))
[swerve_controller_node-18]   File "/opt/ros/humble/local/lib/python3.10/dist-packages/rclpy/publisher.py", line 70, in publish
[swerve_controller_node-18]     self.__publisher.publish(msg)
[swerve_controller_node-18] rclpy._rclpy_pybind11.RCLError: Failed to publish: publisher's context is invalid, at ./src/rcl/publisher.c:389
[behavior_server-10] [INFO] [1789634238.524365068] [rclcpp]: signal_handler(signum=2)
[planner_server-9] [INFO] [1789634238.537486811] [rclcpp]: signal_handler(signum=2)
[controller_server-8] [INFO] [1789634238.544687837] [rclcpp]: signal_handler(signum=2)
[map_server-7] [INFO] [1789634238.550298014] [rclcpp]: signal_handler(signum=2)
[controller_server-8] [INFO] [1789634238.550677274] [controller_server]: Cleaning up
[controller_server-8] [INFO] [1789634238.550840791] [local_costmap.local_costmap]: Cleaning up
[robot_state_publisher-2] [INFO] [1789634238.582992641] [rclcpp]: signal_handler(signum=2)
[v30e_sim_node-5] Traceback (most recent call last):
[v30e_sim_node-5]   File "/home/yahboom/swerve_bringup/install/swerve_bringup/lib/swerve_bringup/v30e_sim_node", line 188, in <module>
[v30e_sim_node-5]     if __name__ == '__main__': main()
[v30e_sim_node-5]   File "/home/yahboom/swerve_bringup/install/swerve_bringup/lib/swerve_bringup/v30e_sim_node", line 185, in main
[v30e_sim_node-5]     node.destroy_node(); rclpy.shutdown()
[v30e_sim_node-5]   File "/opt/ros/humble/local/lib/python3.10/dist-packages/rclpy/node.py", line 1696, in destroy_node
[v30e_sim_node-5]     self.__node.destroy_when_not_in_use()
[v30e_sim_node-5] KeyboardInterrupt
[map_server-7] [INFO] [1789634238.652319567] [map_server]: Destroying
[planner_server-9] [INFO] [1789634238.673250623] [planner_server]: Deactivating plugin GridBased of type NavfnPlanner
[planner_server-9] [INFO] [1789634238.673307091] [planner_server]: Destroying bond (planner_server) to lifecycle manager.
[waypoint_follower-12] [INFO] [1789634238.677566065] [waypoint_follower]: Destroying bond (waypoint_follower) to lifecycle manager.
[planner_server-9] [INFO] [1789634238.696994950] [planner_server]: Cleaning up
[ERROR] [v30e_sim_node-5]: process has died [pid 142269, exit code -2, cmd '/home/yahboom/swerve_bringup/install/swerve_bringup/lib/swerve_bringup/v30e_sim_node --ros-args -r __node:=v30e_sim_node --params-file /home/yahboom/swerve_bringup/install/swerve_bringup/share/swerve_bringup/config/v30e_sim.yaml --params-file /tmp/launch_params_9h_533yl'].
[waypoint_follower-12] [INFO] [1789634238.770202926] [waypoint_follower]: Destroying
[ERROR] [swerve_odometry_node-19]: process has died [pid 142985, exit code -2, cmd '/home/yahboom/swerve_bringup/install/swerve_bringup/lib/swerve_bringup/swerve_odometry_node --ros-args -r __node:=swerve_odometry --params-file /home/yahboom/swerve_bringup/install/swerve_bringup/share/swerve_bringup/config/swerve_odometry.yaml --params-file /tmp/launch_params_6cq7avk_'].
[behavior_server-10] [INFO] [1789634238.858886913] [behavior_server]: Destroying bond (behavior_server) to lifecycle manager.
[INFO] [robot_state_publisher-2]: process has finished cleanly [pid 142263]
[planner_server-9] [INFO] [1789634238.880796501] [global_costmap.global_costmap]: Cleaning up
[planner_server-9] [INFO] [1789634238.907897493] [planner_server]: Cleaning up plugin GridBased of type NavfnPlanner
[planner_server-9] [INFO] [1789634238.908011758] [planner_server]: Destroying plugin GridBased of type NavfnPlanner
[behavior_server-10] [INFO] [1789634238.922268029] [behavior_server]: Destroying
[controller_server-8] [INFO] [1789634238.930563882] [controller_server]: Destroying bond (controller_server) to lifecycle manager.
[lifecycle_manager-13] [INFO] [1789634238.932167484] [lifecycle_manager_navigation]: Destroying lifecycle_manager_navigation
[controller_server-8] [INFO] [1789634238.959813363] [local_costmap.local_costmap]: Destroying
[planner_server-9] [INFO] [1789634238.965911085] [planner_server]: Destroying bond (planner_server) to lifecycle manager.
[controller_server-8] [INFO] [1789634239.012811193] [controller_server]: Destroying
[INFO] [waypoint_follower-12]: process has finished cleanly [pid 142306]
[ERROR] [swerve_controller_node-18]: process has died [pid 142983, exit code 1, cmd '/home/yahboom/swerve_bringup/install/swerve_bringup/lib/swerve_bringup/swerve_controller_node --ros-args -r __node:=swerve_controller --params-file /home/yahboom/swerve_bringup/install/swerve_bringup/share/swerve_bringup/config/swerve_controller.yaml --params-file /tmp/launch_params_qar_zynw'].
[INFO] [map_server-7]: process has finished cleanly [pid 142273]
[planner_server-9] [INFO] [1789634239.021728047] [global_costmap.global_costmap]: Destroying
[planner_server-9] [INFO] [1789634239.072624743] [planner_server]: Destroying
[bt_navigator-11] [INFO] [1789634239.080337431] [bt_navigator]: Completed Cleaning up
[bt_navigator-11] [INFO] [1789634239.080427910] [bt_navigator]: Destroying bond (bt_navigator) to lifecycle manager.
[bt_navigator-11] [INFO] [1789634239.107570581] [bt_navigator]: Destroying
[INFO] [behavior_server-10]: process has finished cleanly [pid 142292]
[INFO] [lifecycle_manager-13]: process has finished cleanly [pid 142322]
[INFO] [controller_server-8]: process has finished cleanly [pid 142276]
[INFO] [planner_server-9]: process has finished cleanly [pid 142282]
[INFO] [bt_navigator-11]: process has finished cleanly [pid 142298]
[INFO] [gzserver-1]: process has finished cleanly [pid 142261]
