[INFO] [launch]: All log files can be found below /home/yahboom/.ros/log/2026-09-17-18-21-16-479881-yahboom-virtual-machine-172007
[INFO] [launch]: Default logging verbosity is set to INFO
[INFO] [gzserver-1]: process started with pid [172033]
[INFO] [robot_state_publisher-2]: process started with pid [172035]
[INFO] [spawn_entity.py-3]: process started with pid [172037]
[INFO] [ekf_node-4]: process started with pid [172039]
[INFO] [v30e_sim_node-5]: process started with pid [172041]
[INFO] [ekf_node-6]: process started with pid [172043]
[INFO] [map_server-7]: process started with pid [172045]
[INFO] [controller_server-8]: process started with pid [172047]
[INFO] [planner_server-9]: process started with pid [172050]
[INFO] [behavior_server-10]: process started with pid [172068]
[INFO] [bt_navigator-11]: process started with pid [172072]
[INFO] [waypoint_follower-12]: process started with pid [172101]
[INFO] [lifecycle_manager-13]: process started with pid [172107]
[INFO] [swerve_bridge_node-14]: process started with pid [172113]
[robot_state_publisher-2] [INFO] [1789640479.668098515] [robot_state_publisher]: got segment base_footprint
[robot_state_publisher-2] [INFO] [1789640479.668233315] [robot_state_publisher]: got segment base_link
[robot_state_publisher-2] [INFO] [1789640479.668245727] [robot_state_publisher]: got segment imu_link
[robot_state_publisher-2] [INFO] [1789640479.668253726] [robot_state_publisher]: got segment lidar_link
[robot_state_publisher-2] [INFO] [1789640479.668260635] [robot_state_publisher]: got segment steer_front_link
[robot_state_publisher-2] [INFO] [1789640479.668267568] [robot_state_publisher]: got segment steer_rear_link
[robot_state_publisher-2] [INFO] [1789640479.668274407] [robot_state_publisher]: got segment v30e_link
[robot_state_publisher-2] [INFO] [1789640479.668281029] [robot_state_publisher]: got segment wheel_front_drive_link
[robot_state_publisher-2] [INFO] [1789640479.668288156] [robot_state_publisher]: got segment wheel_front_left_link
[robot_state_publisher-2] [INFO] [1789640479.668295090] [robot_state_publisher]: got segment wheel_front_right_link
[robot_state_publisher-2] [INFO] [1789640479.668302017] [robot_state_publisher]: got segment wheel_rear_drive_link
[robot_state_publisher-2] [INFO] [1789640479.668308357] [robot_state_publisher]: got segment wheel_rear_left_link
[robot_state_publisher-2] [INFO] [1789640479.668315004] [robot_state_publisher]: got segment wheel_rear_right_link
[waypoint_follower-12] [INFO] [1789640479.707821952] [waypoint_follower]: 
[waypoint_follower-12] 	waypoint_follower lifecycle node launched. 
[waypoint_follower-12] 	Waiting on external lifecycle transitions to activate
[waypoint_follower-12] 	See https://design.ros2.org/articles/node_lifecycle.html for more information.
[waypoint_follower-12] [INFO] [1789640479.708417942] [waypoint_follower]: Creating
[lifecycle_manager-13] [INFO] [1789640479.754412360] [lifecycle_manager_navigation]: Creating
[lifecycle_manager-13] [INFO] [1789640479.798045160] [lifecycle_manager_navigation]: [34m[1mCreating and initializing lifecycle service clients[0m[0m
[map_server-7] [INFO] [1789640479.818733004] [map_server]: 
[map_server-7] 	map_server lifecycle node launched. 
[map_server-7] 	Waiting on external lifecycle transitions to activate
[map_server-7] 	See https://design.ros2.org/articles/node_lifecycle.html for more information.
[map_server-7] [INFO] [1789640479.818923983] [map_server]: Creating
[bt_navigator-11] [INFO] [1789640479.819376855] [bt_navigator]: 
[bt_navigator-11] 	bt_navigator lifecycle node launched. 
[bt_navigator-11] 	Waiting on external lifecycle transitions to activate
[bt_navigator-11] 	See https://design.ros2.org/articles/node_lifecycle.html for more information.
[bt_navigator-11] [INFO] [1789640479.819522360] [bt_navigator]: Creating
[controller_server-8] [INFO] [1789640479.873507346] [controller_server]: 
[controller_server-8] 	controller_server lifecycle node launched. 
[controller_server-8] 	Waiting on external lifecycle transitions to activate
[controller_server-8] 	See https://design.ros2.org/articles/node_lifecycle.html for more information.
[controller_server-8] [INFO] [1789640479.888771618] [controller_server]: Creating controller server
[planner_server-9] [INFO] [1789640479.919663116] [planner_server]: 
[planner_server-9] 	planner_server lifecycle node launched. 
[planner_server-9] 	Waiting on external lifecycle transitions to activate
[planner_server-9] 	See https://design.ros2.org/articles/node_lifecycle.html for more information.
[planner_server-9] [INFO] [1789640479.932715932] [planner_server]: Creating
[behavior_server-10] [INFO] [1789640479.970556616] [behavior_server]: 
[behavior_server-10] 	behavior_server lifecycle node launched. 
[behavior_server-10] 	Waiting on external lifecycle transitions to activate
[behavior_server-10] 	See https://design.ros2.org/articles/node_lifecycle.html for more information.
[swerve_bridge_node-14] Traceback (most recent call last):
[swerve_bridge_node-14]   File "/home/yahboom/swerve_bringup/install/swerve_bridge/lib/swerve_bridge/swerve_bridge_node", line 33, in <module>
[swerve_bridge_node-14]     sys.exit(load_entry_point('swerve-bridge', 'console_scripts', 'swerve_bridge_node')())
[swerve_bridge_node-14]   File "/home/yahboom/swerve_bringup/install/swerve_bridge/lib/swerve_bridge/swerve_bridge_node", line 22, in importlib_load_entry_point
[swerve_bridge_node-14]     for entry_point in distribution(dist_name).entry_points
[swerve_bridge_node-14]   File "/usr/lib/python3.10/importlib/metadata/__init__.py", line 969, in distribution
[swerve_bridge_node-14]     return Distribution.from_name(distribution_name)
[swerve_bridge_node-14]   File "/usr/lib/python3.10/importlib/metadata/__init__.py", line 548, in from_name
[swerve_bridge_node-14]     raise PackageNotFoundError(name)
[swerve_bridge_node-14] importlib.metadata.PackageNotFoundError: No package metadata was found for swerve-bridge
[ERROR] [swerve_bridge_node-14]: process has died [pid 172113, exit code 1, cmd '/home/yahboom/swerve_bringup/install/swerve_bridge/lib/swerve_bridge/swerve_bridge_node --ros-args -r __node:=swerve_bridge --params-file /home/yahboom/swerve_bringup/install/swerve_bridge/share/swerve_bridge/config/bridge.yaml --params-file /tmp/launch_params_nzfk_tpa'].
[lifecycle_manager-13] [INFO] [1789640480.147015909] [lifecycle_manager_navigation]: [34m[1mStarting managed nodes bringup...[0m[0m
[lifecycle_manager-13] [INFO] [1789640480.147101809] [lifecycle_manager_navigation]: [34m[1mConfiguring map_server[0m[0m
[map_server-7] [INFO] [1789640480.152624730] [map_server]: Configuring
[map_server-7] [INFO] [1789640480.152748963] [map_io]: Loading yaml file: /home/yahboom/swerve_bringup/install/swerve_bringup/share/swerve_bringup/swerve_navigation/maps/warehouse.yaml
[map_server-7] [INFO] [1789640480.153193804] [map_io]: resolution: 0.05
[map_server-7] [INFO] [1789640480.153211448] [map_io]: origin[0]: -17.2
[map_server-7] [INFO] [1789640480.153218085] [map_io]: origin[1]: -17.4
[map_server-7] [INFO] [1789640480.153223552] [map_io]: origin[2]: 0
[map_server-7] [INFO] [1789640480.153229327] [map_io]: free_thresh: 0.25
[map_server-7] [INFO] [1789640480.153234891] [map_io]: occupied_thresh: 0.65
[map_server-7] [INFO] [1789640480.153240918] [map_io]: mode: trinary
[map_server-7] [INFO] [1789640480.153247293] [map_io]: negate: 0
[map_server-7] [INFO] [1789640480.153519429] [map_io]: Loading image_file: /home/yahboom/swerve_bringup/install/swerve_bringup/share/swerve_bringup/swerve_navigation/maps/warehouse.pgm
[controller_server-8] [INFO] [1789640480.184229493] [local_costmap.local_costmap]: 
[controller_server-8] 	local_costmap lifecycle node launched. 
[controller_server-8] 	Waiting on external lifecycle transitions to activate
[controller_server-8] 	See https://design.ros2.org/articles/node_lifecycle.html for more information.
[controller_server-8] [INFO] [1789640480.184863788] [local_costmap.local_costmap]: Creating Costmap
[planner_server-9] [INFO] [1789640480.197767443] [global_costmap.global_costmap]: 
[planner_server-9] 	global_costmap lifecycle node launched. 
[planner_server-9] 	Waiting on external lifecycle transitions to activate
[planner_server-9] 	See https://design.ros2.org/articles/node_lifecycle.html for more information.
[planner_server-9] [INFO] [1789640480.203544374] [global_costmap.global_costmap]: Creating Costmap
[map_server-7] [INFO] [1789640480.255313754] [map_io]: Read map /home/yahboom/swerve_bringup/install/swerve_bringup/share/swerve_bringup/swerve_navigation/maps/warehouse.pgm: 676 X 680 map @ 0.05 m/cell
[lifecycle_manager-13] [INFO] [1789640480.289403741] [lifecycle_manager_navigation]: [34m[1mConfiguring controller_server[0m[0m
[controller_server-8] [INFO] [1789640480.291112225] [controller_server]: Configuring controller interface
[controller_server-8] [INFO] [1789640480.291366771] [controller_server]: getting goal checker plugins..
[controller_server-8] [INFO] [1789640480.291426600] [controller_server]: Controller frequency set to 10.0000Hz
[controller_server-8] [INFO] [1789640480.291462177] [local_costmap.local_costmap]: Configuring
[controller_server-8] [INFO] [1789640480.351314627] [local_costmap.local_costmap]: Using plugin "voxel_layer"
[controller_server-8] [INFO] [1789640480.374766495] [local_costmap.local_costmap]: Subscribed to Topics: lidar3d scan
[controller_server-8] [INFO] [1789640480.484460624] [local_costmap.local_costmap]: Initialized plugin "voxel_layer"
[controller_server-8] [INFO] [1789640480.485265296] [local_costmap.local_costmap]: Using plugin "inflation_layer"
[controller_server-8] [INFO] [1789640480.508088058] [local_costmap.local_costmap]: Initialized plugin "inflation_layer"
[controller_server-8] [INFO] [1789640480.604270113] [controller_server]: Created progress_checker : progress_checker of type nav2_controller::SimpleProgressChecker
[controller_server-8] [INFO] [1789640480.610065636] [controller_server]: Created goal checker : general_goal_checker of type nav2_controller::SimpleGoalChecker
[controller_server-8] [INFO] [1789640480.629869561] [controller_server]: Controller Server has general_goal_checker  goal checkers available.
[controller_server-8] [INFO] [1789640480.635686894] [controller_server]: Created controller : FollowPath of type dwb_core::DWBLocalPlanner
[controller_server-8] [INFO] [1789640480.665178372] [controller_server]: Setting transform_tolerance to 0.200000
[controller_server-8] [INFO] [1789640480.746321098] [controller_server]: Using critic "RotateToGoal" (dwb_critics::RotateToGoalCritic)
[controller_server-8] [INFO] [1789640480.770841238] [controller_server]: Critic plugin initialized
[controller_server-8] [INFO] [1789640480.770984810] [controller_server]: Using critic "Oscillation" (dwb_critics::OscillationCritic)
[controller_server-8] [INFO] [1789640480.780890065] [controller_server]: Critic plugin initialized
[controller_server-8] [INFO] [1789640480.781322099] [controller_server]: Using critic "BaseObstacle" (dwb_critics::BaseObstacleCritic)
[controller_server-8] [INFO] [1789640480.781635591] [controller_server]: Critic plugin initialized
[controller_server-8] [INFO] [1789640480.781769325] [controller_server]: Using critic "GoalAlign" (dwb_critics::GoalAlignCritic)
[controller_server-8] [INFO] [1789640480.782548405] [controller_server]: Critic plugin initialized
[controller_server-8] [INFO] [1789640480.789678274] [controller_server]: Using critic "PathAlign" (dwb_critics::PathAlignCritic)
[controller_server-8] [INFO] [1789640480.790260910] [controller_server]: Critic plugin initialized
[controller_server-8] [INFO] [1789640480.790366021] [controller_server]: Using critic "PathDist" (dwb_critics::PathDistCritic)
[controller_server-8] [INFO] [1789640480.790712369] [controller_server]: Critic plugin initialized
[controller_server-8] [INFO] [1789640480.790803950] [controller_server]: Using critic "GoalDist" (dwb_critics::GoalDistCritic)
[controller_server-8] [INFO] [1789640480.802456881] [controller_server]: Critic plugin initialized
[controller_server-8] [INFO] [1789640480.802510756] [controller_server]: Controller Server has FollowPath  controllers available.
[spawn_entity.py-3] [INFO] [1789640480.923491912] [spawn_swerve]: Spawn Entity started
[spawn_entity.py-3] [INFO] [1789640480.928510913] [spawn_swerve]: Loading entity published on topic robot_description
[spawn_entity.py-3] [INFO] [1789640480.983173387] [spawn_swerve]: Waiting for entity xml on robot_description
[spawn_entity.py-3] [INFO] [1789640481.055647564] [spawn_swerve]: Waiting for service /spawn_entity, timeout = 30
[spawn_entity.py-3] [INFO] [1789640481.056154689] [spawn_swerve]: Waiting for service /spawn_entity
[lifecycle_manager-13] [INFO] [1789640481.252670887] [lifecycle_manager_navigation]: [34m[1mConfiguring planner_server[0m[0m
[planner_server-9] [INFO] [1789640481.253070357] [planner_server]: Configuring
[planner_server-9] [INFO] [1789640481.253122199] [global_costmap.global_costmap]: Configuring
[planner_server-9] [INFO] [1789640481.299167177] [global_costmap.global_costmap]: Using plugin "static_layer"
[planner_server-9] [INFO] [1789640481.315685439] [global_costmap.global_costmap]: Subscribing to the map topic (/map) with transient local durability
[planner_server-9] [INFO] [1789640481.317452680] [global_costmap.global_costmap]: Initialized plugin "static_layer"
[planner_server-9] [INFO] [1789640481.317485943] [global_costmap.global_costmap]: Using plugin "obstacle_layer"
[planner_server-9] [INFO] [1789640481.331515136] [global_costmap.global_costmap]: Subscribed to Topics: scan
[planner_server-9] [INFO] [1789640481.353443260] [global_costmap.global_costmap]: Initialized plugin "obstacle_layer"
[planner_server-9] [INFO] [1789640481.353511765] [global_costmap.global_costmap]: Using plugin "inflation_layer"
[planner_server-9] [INFO] [1789640481.354958786] [global_costmap.global_costmap]: Initialized plugin "inflation_layer"
[planner_server-9] [INFO] [1789640481.430409135] [planner_server]: Created global planner plugin GridBased of type nav2_navfn_planner/NavfnPlanner
[planner_server-9] [INFO] [1789640481.431339568] [planner_server]: Configuring plugin GridBased of type NavfnPlanner
[planner_server-9] [INFO] [1789640481.434525567] [planner_server]: Planner Server has GridBased  planners available.
[lifecycle_manager-13] [INFO] [1789640481.517508105] [lifecycle_manager_navigation]: [34m[1mConfiguring behavior_server[0m[0m
[behavior_server-10] [INFO] [1789640481.519191400] [behavior_server]: Configuring
[v30e_sim_node-5] [INFO] [1789640481.527240544] [v30e_sim_node]: Using Gazebo /get_entity_state internally; odometry is not a V30E measurement input
[behavior_server-10] [INFO] [1789640481.577243786] [behavior_server]: Creating behavior plugin spin of type nav2_behaviors/Spin
[behavior_server-10] [INFO] [1789640481.579361501] [behavior_server]: Configuring spin
[behavior_server-10] [INFO] [1789640481.659652762] [behavior_server]: Creating behavior plugin backup of type nav2_behaviors/BackUp
[behavior_server-10] [INFO] [1789640481.662200846] [behavior_server]: Configuring backup
[behavior_server-10] [INFO] [1789640481.725259873] [behavior_server]: Creating behavior plugin drive_on_heading of type nav2_behaviors/DriveOnHeading
[behavior_server-10] [INFO] [1789640481.726255086] [behavior_server]: Configuring drive_on_heading
[behavior_server-10] [INFO] [1789640481.778234630] [behavior_server]: Creating behavior plugin wait of type nav2_behaviors/Wait
[behavior_server-10] [INFO] [1789640481.780113564] [behavior_server]: Configuring wait
[lifecycle_manager-13] [INFO] [1789640481.826045661] [lifecycle_manager_navigation]: [34m[1mConfiguring bt_navigator[0m[0m
[bt_navigator-11] [INFO] [1789640481.828858745] [bt_navigator]: Configuring
[lifecycle_manager-13] [INFO] [1789640482.218115443] [lifecycle_manager_navigation]: [34m[1mConfiguring waypoint_follower[0m[0m
[waypoint_follower-12] [INFO] [1789640482.219950528] [waypoint_follower]: Configuring
[waypoint_follower-12] [INFO] [1789640482.293724231] [waypoint_follower]: Created waypoint_task_executor : wait_at_waypoint of type nav2_waypoint_follower::WaitAtWaypoint
[waypoint_follower-12] [INFO] [1789640482.294107762] [waypoint_follower]: Waypoint pause duration is set to zero, disabling task executor plugin.
[lifecycle_manager-13] [INFO] [1789640482.303296345] [lifecycle_manager_navigation]: [34m[1mActivating map_server[0m[0m
[map_server-7] [INFO] [1789640482.304739693] [map_server]: Activating
[map_server-7] [INFO] [1789640482.305872916] [map_server]: Creating bond (map_server) to lifecycle manager.
[planner_server-9] [INFO] [1789640482.308083832] [global_costmap.global_costmap]: StaticLayer: Resizing costmap to 676 X 680 at 0.050000 m/pix
[lifecycle_manager-13] [INFO] [1789640482.430973697] [lifecycle_manager_navigation]: Server map_server connected with bond.
[lifecycle_manager-13] [INFO] [1789640482.432958730] [lifecycle_manager_navigation]: [34m[1mActivating controller_server[0m[0m
[controller_server-8] [INFO] [1789640482.435489351] [controller_server]: Activating
[controller_server-8] [INFO] [1789640482.435565419] [local_costmap.local_costmap]: Activating
[controller_server-8] [INFO] [1789640482.435590363] [local_costmap.local_costmap]: Checking transform
[controller_server-8] [INFO] [1789640482.435625079] [local_costmap.local_costmap]: Timed out waiting for transform from base_footprint to odom to become available, tf error: Invalid frame ID "odom" passed to canTransform argument target_frame - frame does not exist
[controller_server-8] [INFO] [1789640482.938860262] [local_costmap.local_costmap]: Timed out waiting for transform from base_footprint to odom to become available, tf error: Invalid frame ID "odom" passed to canTransform argument target_frame - frame does not exist
[controller_server-8] [INFO] [1789640483.439633324] [local_costmap.local_costmap]: Timed out waiting for transform from base_footprint to odom to become available, tf error: Invalid frame ID "odom" passed to canTransform argument target_frame - frame does not exist
[controller_server-8] [INFO] [1789640483.936114571] [local_costmap.local_costmap]: Timed out waiting for transform from base_footprint to odom to become available, tf error: Invalid frame ID "odom" passed to canTransform argument target_frame - frame does not exist
[controller_server-8] [INFO] [1789640484.436444213] [local_costmap.local_costmap]: Timed out waiting for transform from base_footprint to odom to become available, tf error: Invalid frame ID "odom" passed to canTransform argument target_frame - frame does not exist
[controller_server-8] [INFO] [1789640484.935800599] [local_costmap.local_costmap]: Timed out waiting for transform from base_footprint to odom to become available, tf error: Invalid frame ID "odom" passed to canTransform argument target_frame - frame does not exist
[controller_server-8] [INFO] [1789640485.444778773] [local_costmap.local_costmap]: Timed out waiting for transform from base_footprint to odom to become available, tf error: Invalid frame ID "odom" passed to canTransform argument target_frame - frame does not exist
[controller_server-8] [INFO] [1789640485.936412088] [local_costmap.local_costmap]: Timed out waiting for transform from base_footprint to odom to become available, tf error: Invalid frame ID "odom" passed to canTransform argument target_frame - frame does not exist
[controller_server-8] [INFO] [1789640486.439360633] [local_costmap.local_costmap]: Timed out waiting for transform from base_footprint to odom to become available, tf error: Invalid frame ID "odom" passed to canTransform argument target_frame - frame does not exist
[controller_server-8] [INFO] [1789640486.938376766] [local_costmap.local_costmap]: Timed out waiting for transform from base_footprint to odom to become available, tf error: Invalid frame ID "odom" passed to canTransform argument target_frame - frame does not exist
[spawn_entity.py-3] [INFO] [1789640487.126786295] [spawn_swerve]: Calling service /spawn_entity
[gzserver-1] [INFO] [1789640487.311883343] [gazebo_ros_state]: Publishing states of gazebo models at [/model_states]
[gzserver-1] [INFO] [1789640487.329069888] [gazebo_ros_state]: Publishing states of gazebo links at [/link_states]
[controller_server-8] [INFO] [1789640487.436394481] [local_costmap.local_costmap]: Timed out waiting for transform from base_footprint to odom to become available, tf error: Invalid frame ID "odom" passed to canTransform argument target_frame - frame does not exist
[gzserver-1] [INFO] [1789640487.746097207] [imu.imu_ros]: <initial_orientation_as_reference> is unset, using default value of false to comply with REP 145 (world as orientation reference)
[controller_server-8] [INFO] [1789640487.936004124] [local_costmap.local_costmap]: Timed out waiting for transform from base_footprint to odom to become available, tf error: Invalid frame ID "odom" passed to canTransform argument target_frame - frame does not exist
[controller_server-8] [INFO] [1789640488.435797449] [local_costmap.local_costmap]: Timed out waiting for transform from base_footprint to odom to become available, tf error: Invalid frame ID "odom" passed to canTransform argument target_frame - frame does not exist
[controller_server-8] [INFO] [1789640488.939021830] [local_costmap.local_costmap]: Timed out waiting for transform from base_footprint to odom to become available, tf error: Invalid frame ID "odom" passed to canTransform argument target_frame - frame does not exist
[controller_server-8] [INFO] [1789640489.436184518] [local_costmap.local_costmap]: Timed out waiting for transform from base_footprint to odom to become available, tf error: Invalid frame ID "odom" passed to canTransform argument target_frame - frame does not exist
[controller_server-8] [INFO] [1789640489.936542797] [local_costmap.local_costmap]: Timed out waiting for transform from base_footprint to odom to become available, tf error: Invalid frame ID "odom" passed to canTransform argument target_frame - frame does not exist
[controller_server-8] [INFO] [1789640490.437837042] [local_costmap.local_costmap]: Timed out waiting for transform from base_footprint to odom to become available, tf error: Invalid frame ID "odom" passed to canTransform argument target_frame - frame does not exist
[controller_server-8] [INFO] [1789640490.939825338] [local_costmap.local_costmap]: Timed out waiting for transform from base_footprint to odom to become available, tf error: Invalid frame ID "odom" passed to canTransform argument target_frame - frame does not exist
[controller_server-8] [INFO] [1789640491.436374923] [local_costmap.local_costmap]: Timed out waiting for transform from base_footprint to odom to become available, tf error: Invalid frame ID "odom" passed to canTransform argument target_frame - frame does not exist
[controller_server-8] [INFO] [1789640491.936771701] [local_costmap.local_costmap]: Timed out waiting for transform from base_footprint to odom to become available, tf error: Invalid frame ID "odom" passed to canTransform argument target_frame - frame does not exist
[controller_server-8] [INFO] [1789640492.439285159] [local_costmap.local_costmap]: Timed out waiting for transform from base_footprint to odom to become available, tf error: Invalid frame ID "odom" passed to canTransform argument target_frame - frame does not exist
[controller_server-8] [INFO] [1789640492.937289046] [local_costmap.local_costmap]: Timed out waiting for transform from base_footprint to odom to become available, tf error: Invalid frame ID "odom" passed to canTransform argument target_frame - frame does not exist
[controller_server-8] [INFO] [1789640493.436172240] [local_costmap.local_costmap]: Timed out waiting for transform from base_footprint to odom to become available, tf error: Invalid frame ID "odom" passed to canTransform argument target_frame - frame does not exist
[controller_server-8] [INFO] [1789640493.935713919] [local_costmap.local_costmap]: Timed out waiting for transform from base_footprint to odom to become available, tf error: Invalid frame ID "odom" passed to canTransform argument target_frame - frame does not exist
[controller_server-8] [INFO] [1789640494.436718539] [local_costmap.local_costmap]: Timed out waiting for transform from base_footprint to odom to become available, tf error: Invalid frame ID "odom" passed to canTransform argument target_frame - frame does not exist
[controller_server-8] [INFO] [1789640494.937376228] [local_costmap.local_costmap]: Timed out waiting for transform from base_footprint to odom to become available, tf error: Invalid frame ID "odom" passed to canTransform argument target_frame - frame does not exist
[controller_server-8] [INFO] [1789640495.436174918] [local_costmap.local_costmap]: Timed out waiting for transform from base_footprint to odom to become available, tf error: Invalid frame ID "odom" passed to canTransform argument target_frame - frame does not exist
[controller_server-8] [INFO] [1789640495.940265129] [local_costmap.local_costmap]: Timed out waiting for transform from base_footprint to odom to become available, tf error: Invalid frame ID "odom" passed to canTransform argument target_frame - frame does not exist
[controller_server-8] [INFO] [1789640496.436326290] [local_costmap.local_costmap]: Timed out waiting for transform from base_footprint to odom to become available, tf error: Invalid frame ID "odom" passed to canTransform argument target_frame - frame does not exist
[controller_server-8] [INFO] [1789640496.935702923] [local_costmap.local_costmap]: Timed out waiting for transform from base_footprint to odom to become available, tf error: Invalid frame ID "odom" passed to canTransform argument target_frame - frame does not exist
[controller_server-8] [INFO] [1789640497.436833930] [local_costmap.local_costmap]: Timed out waiting for transform from base_footprint to odom to become available, tf error: Invalid frame ID "odom" passed to canTransform argument target_frame - frame does not exist
[controller_server-8] [INFO] [1789640497.935697447] [local_costmap.local_costmap]: Timed out waiting for transform from base_footprint to odom to become available, tf error: Invalid frame ID "odom" passed to canTransform argument target_frame - frame does not exist
[controller_server-8] [INFO] [1789640498.437522944] [local_costmap.local_costmap]: Timed out waiting for transform from base_footprint to odom to become available, tf error: Invalid frame ID "odom" passed to canTransform argument target_frame - frame does not exist
[controller_server-8] [INFO] [1789640498.936660115] [local_costmap.local_costmap]: Timed out waiting for transform from base_footprint to odom to become available, tf error: Invalid frame ID "odom" passed to canTransform argument target_frame - frame does not exist
[controller_server-8] [INFO] [1789640499.435814007] [local_costmap.local_costmap]: Timed out waiting for transform from base_footprint to odom to become available, tf error: Invalid frame ID "odom" passed to canTransform argument target_frame - frame does not exist
[controller_server-8] [INFO] [1789640499.937225649] [local_costmap.local_costmap]: Timed out waiting for transform from base_footprint to odom to become available, tf error: Invalid frame ID "odom" passed to canTransform argument target_frame - frame does not exist
[controller_server-8] [INFO] [1789640500.437778068] [local_costmap.local_costmap]: Timed out waiting for transform from base_footprint to odom to become available, tf error: Invalid frame ID "odom" passed to canTransform argument target_frame - frame does not exist
[controller_server-8] [INFO] [1789640500.936364040] [local_costmap.local_costmap]: Timed out waiting for transform from base_footprint to odom to become available, tf error: Invalid frame ID "odom" passed to canTransform argument target_frame - frame does not exist
[controller_server-8] [INFO] [1789640501.435955945] [local_costmap.local_costmap]: Timed out waiting for transform from base_footprint to odom to become available, tf error: Invalid frame ID "odom" passed to canTransform argument target_frame - frame does not exist
[spawn_entity.py-3] [INFO] [1789640501.447360763] [spawn_swerve]: Spawn status: SpawnEntity: Successfully spawned entity [swerve_base]
[gzserver-1] [INFO] [1789640501.690386311] [gazebo_ros2_control]: Loading gazebo_ros2_control plugin
[INFO] [spawn_entity.py-3]: process has finished cleanly [pid 172037]
[gzserver-1] [INFO] [1789640501.784604908] [gazebo_ros2_control]: Starting gazebo_ros2_control plugin in namespace: /
[gzserver-1] [INFO] [1789640501.784686852] [gazebo_ros2_control]: Starting gazebo_ros2_control plugin in ros 2 node: gazebo_ros2_control
[INFO] [spawner-15]: process started with pid [172616]
[gzserver-1] [INFO] [1789640501.884230042] [gazebo_ros2_control]: connected to service!! robot_state_publisher
[gzserver-1] [INFO] [1789640501.891026791] [gazebo_ros2_control]: Received urdf from param server, parsing...
[gzserver-1] [INFO] [1789640501.891175775] [gazebo_ros2_control]: Loading parameter files /home/yahboom/swerve_bringup/install/swerve_bringup/share/swerve_bringup/config/controllers.yaml
[gzserver-1] [INFO] [1789640501.932914570] [gazebo_ros2_control]: Loading joint: steer_front_joint
[gzserver-1] [INFO] [1789640501.933699920] [gazebo_ros2_control]: 	State:
[gzserver-1] [INFO] [1789640501.933721616] [gazebo_ros2_control]: 		 position
[gzserver-1] [INFO] [1789640501.933734695] [gazebo_ros2_control]: 		 velocity
[gzserver-1] [INFO] [1789640501.933744710] [gazebo_ros2_control]: 	Command:
[gzserver-1] [INFO] [1789640501.933753700] [gazebo_ros2_control]: 		 position
[controller_server-8] [INFO] [1789640501.936342904] [local_costmap.local_costmap]: Timed out waiting for transform from base_footprint to odom to become available, tf error: Invalid frame ID "odom" passed to canTransform argument target_frame - frame does not exist
[gzserver-1] [INFO] [1789640501.945073794] [gazebo_ros2_control]: Loading joint: steer_rear_joint
[gzserver-1] [INFO] [1789640501.947713492] [gazebo_ros2_control]: 	State:
[gzserver-1] [INFO] [1789640501.947732490] [gazebo_ros2_control]: 		 position
[gzserver-1] [INFO] [1789640501.947744773] [gazebo_ros2_control]: 		 velocity
[gzserver-1] [INFO] [1789640501.947755224] [gazebo_ros2_control]: 	Command:
[gzserver-1] [INFO] [1789640501.947764839] [gazebo_ros2_control]: 		 position
[gzserver-1] [INFO] [1789640501.951054822] [gazebo_ros2_control]: Loading joint: wheel_front_drive_joint
[gzserver-1] [INFO] [1789640501.951094619] [gazebo_ros2_control]: 	State:
[gzserver-1] [INFO] [1789640501.951107391] [gazebo_ros2_control]: 		 position
[gzserver-1] [INFO] [1789640501.951118403] [gazebo_ros2_control]: 		 velocity
[gzserver-1] [INFO] [1789640501.951127728] [gazebo_ros2_control]: 	Command:
[gzserver-1] [INFO] [1789640501.951145106] [gazebo_ros2_control]: 		 velocity
[gzserver-1] [INFO] [1789640501.954804758] [gazebo_ros2_control]: Loading joint: wheel_rear_drive_joint
[gzserver-1] [INFO] [1789640501.956469715] [gazebo_ros2_control]: 	State:
[gzserver-1] [INFO] [1789640501.956544981] [gazebo_ros2_control]: 		 position
[gzserver-1] [INFO] [1789640501.956558889] [gazebo_ros2_control]: 		 velocity
[gzserver-1] [INFO] [1789640501.956568337] [gazebo_ros2_control]: 	Command:
[gzserver-1] [INFO] [1789640501.956601221] [gazebo_ros2_control]: 		 velocity
[gzserver-1] [INFO] [1789640501.967425839] [resource_manager]: Initialize hardware 'GazeboSystem' 
[gzserver-1] [INFO] [1789640501.968926140] [resource_manager]: Successful initialization of hardware 'GazeboSystem'
[gzserver-1] [INFO] [1789640501.969264932] [resource_manager]: 'configure' hardware 'GazeboSystem' 
[gzserver-1] [INFO] [1789640501.969285864] [resource_manager]: Successful 'configure' of hardware 'GazeboSystem'
[gzserver-1] [INFO] [1789640501.969295033] [resource_manager]: 'activate' hardware 'GazeboSystem' 
[gzserver-1] [INFO] [1789640501.969303037] [resource_manager]: Successful 'activate' of hardware 'GazeboSystem'
[gzserver-1] [INFO] [1789640501.969417509] [gazebo_ros2_control]: Loading controller_manager
[gzserver-1] [WARN] [1789640502.213133486] [gazebo_ros2_control]:  Desired controller update period (0.01 s) is slower than the gazebo simulation period (0.001 s).
[gzserver-1] [INFO] [1789640502.218130336] [gazebo_ros2_control]: Loaded gazebo_ros2_control.
[controller_server-8] [INFO] [1789640502.436513577] [local_costmap.local_costmap]: start
[controller_server-8] [INFO] [1789640502.609000393] [controller_server]: Creating bond (controller_server) to lifecycle manager.
[lifecycle_manager-13] [INFO] [1789640502.740980244] [lifecycle_manager_navigation]: Server controller_server connected with bond.
[lifecycle_manager-13] [INFO] [1789640502.745019604] [lifecycle_manager_navigation]: [34m[1mActivating planner_server[0m[0m
[planner_server-9] [INFO] [1789640502.748786934] [planner_server]: Activating
[planner_server-9] [INFO] [1789640502.765159197] [global_costmap.global_costmap]: Activating
[planner_server-9] [INFO] [1789640502.768809457] [global_costmap.global_costmap]: Checking transform
[planner_server-9] [INFO] [1789640502.769503633] [global_costmap.global_costmap]: Timed out waiting for transform from base_footprint to map to become available, tf error: Invalid frame ID "map" passed to canTransform argument target_frame - frame does not exist
[spawner-15] [INFO] [1789640502.922660957] [spawn_joint_state_broadcaster]: waiting for service /controller_manager/list_controllers to become available...
[planner_server-9] [INFO] [1789640503.269761803] [global_costmap.global_costmap]: start
[planner_server-9] [INFO] [1789640503.322239401] [planner_server]: Activating plugin GridBased of type NavfnPlanner
[planner_server-9] [INFO] [1789640503.329495284] [planner_server]: Creating bond (planner_server) to lifecycle manager.
[lifecycle_manager-13] [INFO] [1789640503.446565173] [lifecycle_manager_navigation]: Server planner_server connected with bond.
[lifecycle_manager-13] [INFO] [1789640503.446632651] [lifecycle_manager_navigation]: [34m[1mActivating behavior_server[0m[0m
[behavior_server-10] [INFO] [1789640503.447180931] [behavior_server]: Activating
[behavior_server-10] [INFO] [1789640503.447238610] [behavior_server]: Activating spin
[behavior_server-10] [INFO] [1789640503.447260464] [behavior_server]: Activating backup
[behavior_server-10] [INFO] [1789640503.447273654] [behavior_server]: Activating drive_on_heading
[behavior_server-10] [INFO] [1789640503.447285478] [behavior_server]: Activating wait
[behavior_server-10] [INFO] [1789640503.447302536] [behavior_server]: Creating bond (behavior_server) to lifecycle manager.
[lifecycle_manager-13] [INFO] [1789640503.574150584] [lifecycle_manager_navigation]: Server behavior_server connected with bond.
[lifecycle_manager-13] [INFO] [1789640503.574216750] [lifecycle_manager_navigation]: [34m[1mActivating bt_navigator[0m[0m
[bt_navigator-11] [INFO] [1789640503.579222028] [bt_navigator]: Activating
[gzserver-1] [INFO] [1789640503.739236185] [controller_manager]: Loading controller 'joint_state_broadcaster'
[spawner-15] [INFO] [1789640504.018687762] [spawn_joint_state_broadcaster]: [94mLoaded [1mjoint_state_broadcaster[0m
[gzserver-1] [INFO] [1789640504.029869775] [controller_manager]: Configuring controller 'joint_state_broadcaster'
[gzserver-1] [INFO] [1789640504.030433060] [joint_state_broadcaster]: 'joints' or 'interfaces' parameter is empty. All available state interfaces will be published
[bt_navigator-11] [INFO] [1789640504.342797086] [bt_navigator]: Creating bond (bt_navigator) to lifecycle manager.
[lifecycle_manager-13] [INFO] [1789640504.467037934] [lifecycle_manager_navigation]: Server bt_navigator connected with bond.
[lifecycle_manager-13] [INFO] [1789640504.467118984] [lifecycle_manager_navigation]: [34m[1mActivating waypoint_follower[0m[0m
[waypoint_follower-12] [INFO] [1789640504.468322485] [waypoint_follower]: Activating
[waypoint_follower-12] [INFO] [1789640504.468414953] [waypoint_follower]: Creating bond (waypoint_follower) to lifecycle manager.
[lifecycle_manager-13] [INFO] [1789640504.598759575] [lifecycle_manager_navigation]: Server waypoint_follower connected with bond.
[lifecycle_manager-13] [INFO] [1789640504.598831804] [lifecycle_manager_navigation]: [34m[1mManaged nodes are active[0m[0m
[lifecycle_manager-13] [INFO] [1789640504.598847901] [lifecycle_manager_navigation]: [34m[1mCreating bond timer...[0m[0m
[spawner-15] [INFO] [1789640504.661941387] [spawn_joint_state_broadcaster]: [92mConfigured and activated [1mjoint_state_broadcaster[0m
[INFO] [spawner-15]: process has finished cleanly [pid 172616]
[INFO] [spawner-16]: process started with pid [172637]
[spawner-16] [INFO] [1789640506.692317385] [spawn_steering_controller]: waiting for service /controller_manager/list_controllers to become available...
[gzserver-1] [INFO] [1789640507.208559703] [controller_manager]: Loading controller 'steering_controller'
[spawner-16] [INFO] [1789640507.663147708] [spawn_steering_controller]: [94mLoaded [1msteering_controller[0m
[gzserver-1] [INFO] [1789640507.676189882] [controller_manager]: Configuring controller 'steering_controller'
[gzserver-1] [INFO] [1789640507.687907646] [steering_controller]: configure successful
[gzserver-1] [INFO] [1789640507.730893588] [steering_controller]: activate successful
[spawner-16] [INFO] [1789640507.750083536] [spawn_steering_controller]: [92mConfigured and activated [1msteering_controller[0m
[INFO] [spawner-16]: process has finished cleanly [pid 172637]
[INFO] [spawner-17]: process started with pid [172715]
[spawner-17] [INFO] [1789640509.537758736] [spawn_drive_controller]: waiting for service /controller_manager/list_controllers to become available...
[gzserver-1] [INFO] [1789640510.206804216] [controller_manager]: Loading controller 'drive_controller'
[spawner-17] [INFO] [1789640510.721903970] [spawn_drive_controller]: [94mLoaded [1mdrive_controller[0m
[gzserver-1] [INFO] [1789640510.736153450] [controller_manager]: Configuring controller 'drive_controller'
[gzserver-1] [INFO] [1789640510.743499810] [drive_controller]: configure successful
[gzserver-1] [INFO] [1789640510.781569630] [drive_controller]: activate successful
[spawner-17] [INFO] [1789640510.806719432] [spawn_drive_controller]: [92mConfigured and activated [1mdrive_controller[0m
[INFO] [spawner-17]: process has finished cleanly [pid 172715]
[INFO] [swerve_controller_node-18]: process started with pid [172727]
[INFO] [swerve_odometry_node-19]: process started with pid [172729]
[swerve_controller_node-18] [INFO] [1789640512.682170263] [swerve_controller]: Swerve controller ready: radius=0.0675 m, modules={'front': (0.300042, 0.0), 'rear': (-0.300042, 0.0)}
[swerve_odometry_node-19] [INFO] [1789640513.140613619] [swerve_odometry]: Encoder odometry ready: radius=0.0637 m, velocity_sign=+1.0
[WARNING] [launch]: user interrupted with ctrl-c (SIGINT)
[lifecycle_manager-13] [INFO] [1789640563.819824051] [rclcpp]: signal_handler(signum=2)
[lifecycle_manager-13] [INFO] [1789640563.820500102] [lifecycle_manager_navigation]: Running Nav2 LifecycleManager rcl preshutdown (lifecycle_manager_navigation)
[lifecycle_manager-13] [INFO] [1789640563.820568184] [lifecycle_manager_navigation]: [34m[1mTerminating bond timer...[0m[0m
[waypoint_follower-12] [INFO] [1789640563.819979169] [rclcpp]: signal_handler(signum=2)
[waypoint_follower-12] [INFO] [1789640563.820497078] [waypoint_follower]: Running Nav2 LifecycleNode rcl preshutdown (waypoint_follower)
[waypoint_follower-12] [INFO] [1789640563.820599360] [waypoint_follower]: Deactivating
[waypoint_follower-12] [INFO] [1789640563.820628810] [waypoint_follower]: Destroying bond (waypoint_follower) to lifecycle manager.
[map_server-7] [INFO] [1789640563.820275080] [rclcpp]: signal_handler(signum=2)
[controller_server-8] [INFO] [1789640563.820634312] [rclcpp]: signal_handler(signum=2)
[controller_server-8] [INFO] [1789640563.824696762] [controller_server]: Running Nav2 LifecycleNode rcl preshutdown (controller_server)
[behavior_server-10] [INFO] [1789640563.820850209] [rclcpp]: signal_handler(signum=2)
[behavior_server-10] [INFO] [1789640563.822935509] [behavior_server]: Running Nav2 LifecycleNode rcl preshutdown (behavior_server)
[behavior_server-10] [INFO] [1789640563.823017460] [behavior_server]: Deactivating
[behavior_server-10] [INFO] [1789640563.823057673] [behavior_server]: Destroying bond (behavior_server) to lifecycle manager.
[planner_server-9] [INFO] [1789640563.820904879] [rclcpp]: signal_handler(signum=2)
[planner_server-9] [INFO] [1789640563.821294460] [planner_server]: Running Nav2 LifecycleNode rcl preshutdown (planner_server)
[planner_server-9] [INFO] [1789640563.821382291] [planner_server]: Deactivating
[planner_server-9] [INFO] [1789640563.821420129] [global_costmap.global_costmap]: Deactivating
[INFO] [swerve_odometry_node-19]: sending signal 'SIGINT' to process[swerve_odometry_node-19]
[INFO] [swerve_controller_node-18]: sending signal 'SIGINT' to process[swerve_controller_node-18]
[INFO] [lifecycle_manager-13]: sending signal 'SIGINT' to process[lifecycle_manager-13]
[INFO] [waypoint_follower-12]: sending signal 'SIGINT' to process[waypoint_follower-12]
[INFO] [bt_navigator-11]: sending signal 'SIGINT' to process[bt_navigator-11]
[INFO] [behavior_server-10]: sending signal 'SIGINT' to process[behavior_server-10]
[INFO] [planner_server-9]: sending signal 'SIGINT' to process[planner_server-9]
[INFO] [controller_server-8]: sending signal 'SIGINT' to process[controller_server-8]
[INFO] [map_server-7]: sending signal 'SIGINT' to process[map_server-7]
[INFO] [ekf_node-6]: sending signal 'SIGINT' to process[ekf_node-6]
[INFO] [v30e_sim_node-5]: sending signal 'SIGINT' to process[v30e_sim_node-5]
[INFO] [ekf_node-4]: sending signal 'SIGINT' to process[ekf_node-4]
[INFO] [robot_state_publisher-2]: sending signal 'SIGINT' to process[robot_state_publisher-2]
[ERROR] [ekf_node-6]: process has died [pid 172043, exit code -2, cmd '/opt/ros/humble/lib/robot_localization/ekf_node --ros-args -r __node:=ekf_v30e --params-file /home/yahboom/swerve_bringup/install/swerve_bringup/share/swerve_bringup/config/v30e_localization_ekf.yaml --params-file /tmp/launch_params_pwh4rywv -r odometry/filtered:=/odometry/v30e'].
[INFO] [gzserver-1]: sending signal 'SIGINT' to process[gzserver-1]
[ekf_node-6] [INFO] [1789640563.824541790] [rclcpp]: signal_handler(signum=2)
[controller_server-8] [INFO] [1789640563.824778153] [controller_server]: Deactivating
[controller_server-8] [INFO] [1789640563.824850015] [local_costmap.local_costmap]: Deactivating
[ekf_node-4] [INFO] [1789640563.824925841] [rclcpp]: signal_handler(signum=2)
[robot_state_publisher-2] [INFO] [1789640563.825307203] [rclcpp]: signal_handler(signum=2)
[map_server-7] [INFO] [1789640563.826745962] [map_server]: Running Nav2 LifecycleNode rcl preshutdown (map_server)
[map_server-7] [INFO] [1789640563.826819344] [map_server]: Deactivating
[map_server-7] [INFO] [1789640563.826864118] [map_server]: Destroying bond (map_server) to lifecycle manager.
[bt_navigator-11] [INFO] [1789640563.826914322] [rclcpp]: signal_handler(signum=2)
[bt_navigator-11] [INFO] [1789640563.836587434] [bt_navigator]: Running Nav2 LifecycleNode rcl preshutdown (bt_navigator)
[bt_navigator-11] [INFO] [1789640563.836695444] [bt_navigator]: Deactivating
[bt_navigator-11] [INFO] [1789640563.836733791] [bt_navigator]: Destroying bond (bt_navigator) to lifecycle manager.
[swerve_controller_node-18] Traceback (most recent call last):
[swerve_controller_node-18]   File "/home/yahboom/swerve_bringup/install/swerve_bringup/lib/swerve_bringup/swerve_controller_node", line 192, in <module>
[swerve_controller_node-18]     main()
[swerve_controller_node-18]   File "/home/yahboom/swerve_bringup/install/swerve_bringup/lib/swerve_bringup/swerve_controller_node", line 184, in main
[swerve_controller_node-18]     node.steer_pub.publish(Float64MultiArray(data=[
[swerve_controller_node-18]   File "/opt/ros/humble/local/lib/python3.10/dist-packages/rclpy/publisher.py", line 70, in publish
[swerve_controller_node-18]     self.__publisher.publish(msg)
[swerve_controller_node-18] rclpy._rclpy_pybind11.RCLError: Failed to publish: publisher's context is invalid, at ./src/rcl/publisher.c:389
[swerve_controller_node-18] Error in sys.excepthook:
[swerve_controller_node-18] Traceback (most recent call last):
[swerve_controller_node-18]   File "/usr/lib/python3/dist-packages/apport_python_hook.py", line 72, in apport_excepthook
[swerve_controller_node-18]     from apport.fileutils import likely_packaged, get_recent_crashes
[swerve_controller_node-18]   File "<frozen importlib._bootstrap>", line 1027, in _find_and_load
[swerve_controller_node-18]   File "<frozen importlib._bootstrap>", line 1002, in _find_and_load_unlocked
[swerve_controller_node-18]   File "<frozen importlib._bootstrap>", line 945, in _find_spec
[swerve_controller_node-18]   File "<frozen importlib._bootstrap_external>", line 1439, in find_spec
[swerve_controller_node-18]   File "<frozen importlib._bootstrap_external>", line 1411, in _get_spec
[swerve_controller_node-18]   File "<frozen importlib._bootstrap_external>", line 1544, in find_spec
[swerve_controller_node-18]   File "<frozen importlib._bootstrap_external>", line 147, in _path_stat
[swerve_controller_node-18] KeyboardInterrupt
[swerve_controller_node-18] 
[swerve_controller_node-18] Original exception was:
[swerve_controller_node-18] Traceback (most recent call last):
[swerve_controller_node-18]   File "/home/yahboom/swerve_bringup/install/swerve_bringup/lib/swerve_bringup/swerve_controller_node", line 192, in <module>
[swerve_controller_node-18]     main()
[swerve_controller_node-18]   File "/home/yahboom/swerve_bringup/install/swerve_bringup/lib/swerve_bringup/swerve_controller_node", line 184, in main
[swerve_controller_node-18]     node.steer_pub.publish(Float64MultiArray(data=[
[swerve_controller_node-18]   File "/opt/ros/humble/local/lib/python3.10/dist-packages/rclpy/publisher.py", line 70, in publish
[swerve_controller_node-18]     self.__publisher.publish(msg)
[swerve_controller_node-18] rclpy._rclpy_pybind11.RCLError: Failed to publish: publisher's context is invalid, at ./src/rcl/publisher.c:389
[waypoint_follower-12] [INFO] [1789640563.845243246] [rclcpp]: signal_handler(signum=2)
[waypoint_follower-12] [INFO] [1789640563.856725229] [waypoint_follower]: Cleaning up
[ERROR] [ekf_node-4]: process has died [pid 172039, exit code -2, cmd '/opt/ros/humble/lib/robot_localization/ekf_node --ros-args -r __node:=ekf_filter_node --params-file /home/yahboom/swerve_bringup/install/swerve_bringup/share/swerve_bringup/config/ekf.yaml --params-file /tmp/launch_params_oyrah3_c -r /odom:=/odom -r /imu/data:=/imu/data'].
[lifecycle_manager-13] [INFO] [1789640563.847447824] [rclcpp]: signal_handler(signum=2)
[behavior_server-10] [INFO] [1789640563.856464197] [behavior_server]: Cleaning up
[map_server-7] [INFO] [1789640563.859477078] [map_server]: Cleaning up
[map_server-7] [INFO] [1789640563.859604713] [map_server]: Destroying bond (map_server) to lifecycle manager.
[behavior_server-10] [INFO] [1789640563.870874641] [rclcpp]: signal_handler(signum=2)
[bt_navigator-11] [INFO] [1789640563.871124993] [rclcpp]: signal_handler(signum=2)
[planner_server-9] [INFO] [1789640563.875264113] [rclcpp]: signal_handler(signum=2)
[swerve_odometry_node-19] Traceback (most recent call last):
[swerve_odometry_node-19]   File "/home/yahboom/swerve_bringup/install/swerve_bringup/lib/swerve_bringup/swerve_odometry_node", line 221, in <module>
[swerve_odometry_node-19]     main()
[swerve_odometry_node-19]   File "/home/yahboom/swerve_bringup/install/swerve_bringup/lib/swerve_bringup/swerve_odometry_node", line 215, in main
[swerve_odometry_node-19]     node.destroy_node()
[swerve_odometry_node-19]   File "/opt/ros/humble/local/lib/python3.10/dist-packages/rclpy/node.py", line 1685, in destroy_node
[swerve_odometry_node-19]     self.destroy_publisher(self._publishers[0])
[swerve_odometry_node-19]   File "/opt/ros/humble/local/lib/python3.10/dist-packages/rclpy/node.py", line 1565, in destroy_publisher
[swerve_odometry_node-19]     publisher.destroy()
[swerve_odometry_node-19]   File "/opt/ros/humble/local/lib/python3.10/dist-packages/rclpy/publisher.py", line 99, in destroy
[swerve_odometry_node-19]     self.__publisher.destroy_when_not_in_use()
[swerve_odometry_node-19] KeyboardInterrupt
[controller_server-8] [INFO] [1789640563.880799934] [rclcpp]: signal_handler(signum=2)
[map_server-7] [INFO] [1789640563.893245424] [rclcpp]: signal_handler(signum=2)
[robot_state_publisher-2] [INFO] [1789640563.923372903] [rclcpp]: signal_handler(signum=2)
[bt_navigator-11] [INFO] [1789640563.923461222] [bt_navigator]: Cleaning up
[controller_server-8] [INFO] [1789640563.940450643] [controller_server]: Destroying bond (controller_server) to lifecycle manager.
[controller_server-8] [INFO] [1789640564.041272232] [controller_server]: Cleaning up
[controller_server-8] [INFO] [1789640564.041462492] [local_costmap.local_costmap]: Cleaning up
[planner_server-9] [INFO] [1789640564.272475257] [planner_server]: Deactivating plugin GridBased of type NavfnPlanner
[planner_server-9] [INFO] [1789640564.272552465] [planner_server]: Destroying bond (planner_server) to lifecycle manager.
[planner_server-9] [INFO] [1789640565.007711553] [planner_server]: Cleaning up
[map_server-7] [INFO] [1789640565.948283559] [map_server]: Destroying
[waypoint_follower-12] [INFO] [1789640566.046632965] [waypoint_follower]: Destroying bond (waypoint_follower) to lifecycle manager.
[behavior_server-10] [INFO] [1789640566.061830159] [behavior_server]: Destroying bond (behavior_server) to lifecycle manager.
[waypoint_follower-12] [INFO] [1789640566.069313991] [waypoint_follower]: Destroying
[planner_server-9] [INFO] [1789640566.163732538] [global_costmap.global_costmap]: Cleaning up
[INFO] [robot_state_publisher-2]: process has finished cleanly [pid 172035]
[behavior_server-10] [INFO] [1789640566.221115370] [behavior_server]: Destroying
[planner_server-9] [INFO] [1789640566.233705709] [planner_server]: Cleaning up plugin GridBased of type NavfnPlanner
[planner_server-9] [INFO] [1789640566.239029972] [planner_server]: Destroying plugin GridBased of type NavfnPlanner
[ERROR] [swerve_controller_node-18]: process has died [pid 172727, exit code 1, cmd '/home/yahboom/swerve_bringup/install/swerve_bringup/lib/swerve_bringup/swerve_controller_node --ros-args -r __node:=swerve_controller --params-file /home/yahboom/swerve_bringup/install/swerve_bringup/share/swerve_bringup/config/swerve_controller.yaml --params-file /tmp/launch_params_t3awfr9b'].
[lifecycle_manager-13] [INFO] [1789640566.259866469] [lifecycle_manager_navigation]: Destroying lifecycle_manager_navigation
[INFO] [map_server-7]: process has finished cleanly [pid 172045]
[planner_server-9] [INFO] [1789640566.344903500] [planner_server]: Destroying bond (planner_server) to lifecycle manager.
[planner_server-9] [INFO] [1789640566.383585789] [global_costmap.global_costmap]: Destroying
[INFO] [waypoint_follower-12]: process has finished cleanly [pid 172101]
[controller_server-8] [INFO] [1789640566.434994072] [controller_server]: Destroying bond (controller_server) to lifecycle manager.
[controller_server-8] [INFO] [1789640566.467037386] [local_costmap.local_costmap]: Destroying
[INFO] [behavior_server-10]: process has finished cleanly [pid 172068]
[planner_server-9] [INFO] [1789640566.549287133] [planner_server]: Destroying
[controller_server-8] [INFO] [1789640566.562331210] [controller_server]: Destroying
[INFO] [lifecycle_manager-13]: process has finished cleanly [pid 172107]
[bt_navigator-11] [INFO] [1789640566.690058783] [bt_navigator]: Completed Cleaning up
[bt_navigator-11] [INFO] [1789640566.690145966] [bt_navigator]: Destroying bond (bt_navigator) to lifecycle manager.
[bt_navigator-11] [INFO] [1789640566.724938424] [bt_navigator]: Destroying
[INFO] [planner_server-9]: process has finished cleanly [pid 172050]
[INFO] [controller_server-8]: process has finished cleanly [pid 172047]
[INFO] [bt_navigator-11]: process has finished cleanly [pid 172072]
[v30e_sim_node-5] Traceback (most recent call last):
[v30e_sim_node-5]   File "/home/yahboom/swerve_bringup/install/swerve_bringup/lib/swerve_bringup/v30e_sim_node", line 188, in <module>
[v30e_sim_node-5]     if __name__ == '__main__': main()
[v30e_sim_node-5]   File "/home/yahboom/swerve_bringup/install/swerve_bringup/lib/swerve_bringup/v30e_sim_node", line 185, in main
[v30e_sim_node-5]     node.destroy_node(); rclpy.shutdown()
[v30e_sim_node-5]   File "/opt/ros/humble/local/lib/python3.10/dist-packages/rclpy/node.py", line 1685, in destroy_node
[v30e_sim_node-5]     self.destroy_publisher(self._publishers[0])
[v30e_sim_node-5]   File "/opt/ros/humble/local/lib/python3.10/dist-packages/rclpy/node.py", line 1565, in destroy_publisher
[v30e_sim_node-5]     publisher.destroy()
[v30e_sim_node-5]   File "/opt/ros/humble/local/lib/python3.10/dist-packages/rclpy/publisher.py", line 99, in destroy
[v30e_sim_node-5]     self.__publisher.destroy_when_not_in_use()
[v30e_sim_node-5] KeyboardInterrupt
[ERROR] [swerve_odometry_node-19]: process has died [pid 172729, exit code -2, cmd '/home/yahboom/swerve_bringup/install/swerve_bringup/lib/swerve_bringup/swerve_odometry_node --ros-args -r __node:=swerve_odometry --params-file /home/yahboom/swerve_bringup/install/swerve_bringup/share/swerve_bringup/config/swerve_odometry.yaml --params-file /tmp/launch_params_dw4cp54m'].
[ERROR] [v30e_sim_node-5]: process has died [pid 172041, exit code -2, cmd '/home/yahboom/swerve_bringup/install/swerve_bringup/lib/swerve_bringup/v30e_sim_node --ros-args -r __node:=v30e_sim_node --params-file /home/yahboom/swerve_bringup/install/swerve_bringup/share/swerve_bringup/config/v30e_sim.yaml --params-file /tmp/launch_params_g0v2w9rv'].
[INFO] [gzserver-1]: process has finished cleanly [pid 172033]
