[INFO] [launch]: All log files can be found below /home/yahboom/.ros/log/2026-09-17-16-34-34-901421-yahboom-virtual-machine-140910
[INFO] [launch]: Default logging verbosity is set to INFO
[INFO] [gzserver-1]: process started with pid [140951]
[INFO] [robot_state_publisher-2]: process started with pid [140953]
[INFO] [spawn_entity.py-3]: process started with pid [140955]
[INFO] [ekf_node-4]: process started with pid [140957]
[INFO] [v30e_sim_node-5]: process started with pid [140959]
[INFO] [ekf_node-6]: process started with pid [140961]
[INFO] [map_server-7]: process started with pid [140963]
[INFO] [controller_server-8]: process started with pid [140965]
[INFO] [planner_server-9]: process started with pid [140968]
[INFO] [behavior_server-10]: process started with pid [140970]
[INFO] [bt_navigator-11]: process started with pid [140991]
[INFO] [waypoint_follower-12]: process started with pid [140999]
[INFO] [lifecycle_manager-13]: process started with pid [141001]
[INFO] [swerve_bridge_node-14]: process started with pid [141012]
[map_server-7] [INFO] [1789634077.956198203] [map_server]: 
[map_server-7] 	map_server lifecycle node launched. 
[map_server-7] 	Waiting on external lifecycle transitions to activate
[map_server-7] 	See https://design.ros2.org/articles/node_lifecycle.html for more information.
[map_server-7] [INFO] [1789634077.956373180] [map_server]: Creating
[robot_state_publisher-2] [INFO] [1789634078.045467745] [robot_state_publisher]: got segment base_footprint
[robot_state_publisher-2] [INFO] [1789634078.045658810] [robot_state_publisher]: got segment base_link
[robot_state_publisher-2] [INFO] [1789634078.045673494] [robot_state_publisher]: got segment imu_link
[robot_state_publisher-2] [INFO] [1789634078.045681516] [robot_state_publisher]: got segment lidar_link
[robot_state_publisher-2] [INFO] [1789634078.045689079] [robot_state_publisher]: got segment steer_front_link
[robot_state_publisher-2] [INFO] [1789634078.045696016] [robot_state_publisher]: got segment steer_rear_link
[robot_state_publisher-2] [INFO] [1789634078.045702785] [robot_state_publisher]: got segment v30e_link
[robot_state_publisher-2] [INFO] [1789634078.045709319] [robot_state_publisher]: got segment wheel_front_drive_link
[robot_state_publisher-2] [INFO] [1789634078.045716723] [robot_state_publisher]: got segment wheel_front_left_link
[robot_state_publisher-2] [INFO] [1789634078.045723657] [robot_state_publisher]: got segment wheel_front_right_link
[robot_state_publisher-2] [INFO] [1789634078.045730521] [robot_state_publisher]: got segment wheel_rear_drive_link
[robot_state_publisher-2] [INFO] [1789634078.045736930] [robot_state_publisher]: got segment wheel_rear_left_link
[robot_state_publisher-2] [INFO] [1789634078.045743861] [robot_state_publisher]: got segment wheel_rear_right_link
[controller_server-8] [INFO] [1789634078.083853702] [controller_server]: 
[controller_server-8] 	controller_server lifecycle node launched. 
[controller_server-8] 	Waiting on external lifecycle transitions to activate
[controller_server-8] 	See https://design.ros2.org/articles/node_lifecycle.html for more information.
[controller_server-8] [INFO] [1789634078.108607805] [controller_server]: Creating controller server
[bt_navigator-11] [INFO] [1789634078.113636971] [bt_navigator]: 
[bt_navigator-11] 	bt_navigator lifecycle node launched. 
[bt_navigator-11] 	Waiting on external lifecycle transitions to activate
[bt_navigator-11] 	See https://design.ros2.org/articles/node_lifecycle.html for more information.
[bt_navigator-11] [INFO] [1789634078.113802908] [bt_navigator]: Creating
[waypoint_follower-12] [INFO] [1789634078.119968795] [waypoint_follower]: 
[waypoint_follower-12] 	waypoint_follower lifecycle node launched. 
[waypoint_follower-12] 	Waiting on external lifecycle transitions to activate
[waypoint_follower-12] 	See https://design.ros2.org/articles/node_lifecycle.html for more information.
[waypoint_follower-12] [INFO] [1789634078.120522316] [waypoint_follower]: Creating
[swerve_bridge_node-14] Traceback (most recent call last):
[swerve_bridge_node-14]   File "/home/yahboom/swerve_bringup/install/swerve_bridge/lib/swerve_bridge/swerve_bridge_node", line 33, in <module>
[swerve_bridge_node-14]     sys.exit(load_entry_point('swerve-bridge', 'console_scripts', 'swerve_bridge_node')())
[swerve_bridge_node-14]   File "/home/yahboom/swerve_bringup/install/swerve_bridge/lib/swerve_bridge/swerve_bridge_node", line 22, in importlib_load_entry_point
[swerve_bridge_node-14]     for entry_point in distribution(dist_name).entry_points
[swerve_bridge_node-14]   File "/usr/lib/python3.10/importlib/metadata/__init__.py", line 969, in distribution
[swerve_bridge_node-14]     return Distribution.from_name(distribution_name)
[swerve_bridge_node-14]   File "/usr/lib/python3.10/importlib/metadata/__init__.py", line 548, in from_name
[swerve_bridge_node-14]     raise PackageNotFoundError(name)
[swerve_bridge_node-14] importlib.metadata.PackageNotFoundError: No package metadata was found for swerve-bridge
[ERROR] [swerve_bridge_node-14]: process has died [pid 141012, exit code 1, cmd '/home/yahboom/swerve_bringup/install/swerve_bridge/lib/swerve_bridge/swerve_bridge_node --ros-args -r __node:=swerve_bridge --params-file /home/yahboom/swerve_bringup/install/swerve_bridge/share/swerve_bridge/config/bridge.yaml --params-file /tmp/launch_params_4bnecxrf'].
[behavior_server-10] [INFO] [1789634078.350684171] [behavior_server]: 
[behavior_server-10] 	behavior_server lifecycle node launched. 
[behavior_server-10] 	Waiting on external lifecycle transitions to activate
[behavior_server-10] 	See https://design.ros2.org/articles/node_lifecycle.html for more information.
[planner_server-9] [INFO] [1789634078.375870653] [planner_server]: 
[planner_server-9] 	planner_server lifecycle node launched. 
[planner_server-9] 	Waiting on external lifecycle transitions to activate
[planner_server-9] 	See https://design.ros2.org/articles/node_lifecycle.html for more information.
[planner_server-9] [INFO] [1789634078.377437704] [planner_server]: Creating
[lifecycle_manager-13] [INFO] [1789634078.542444342] [lifecycle_manager_navigation]: Creating
[lifecycle_manager-13] [INFO] [1789634078.664630034] [lifecycle_manager_navigation]: [34m[1mCreating and initializing lifecycle service clients[0m[0m
[controller_server-8] [INFO] [1789634078.715529208] [local_costmap.local_costmap]: 
[controller_server-8] 	local_costmap lifecycle node launched. 
[controller_server-8] 	Waiting on external lifecycle transitions to activate
[controller_server-8] 	See https://design.ros2.org/articles/node_lifecycle.html for more information.
[controller_server-8] [INFO] [1789634078.716209345] [local_costmap.local_costmap]: Creating Costmap
[planner_server-9] [INFO] [1789634078.814798150] [global_costmap.global_costmap]: 
[planner_server-9] 	global_costmap lifecycle node launched. 
[planner_server-9] 	Waiting on external lifecycle transitions to activate
[planner_server-9] 	See https://design.ros2.org/articles/node_lifecycle.html for more information.
[planner_server-9] [INFO] [1789634078.815341298] [global_costmap.global_costmap]: Creating Costmap
[lifecycle_manager-13] [INFO] [1789634078.859229203] [lifecycle_manager_navigation]: [34m[1mStarting managed nodes bringup...[0m[0m
[lifecycle_manager-13] [INFO] [1789634078.859298704] [lifecycle_manager_navigation]: [34m[1mConfiguring map_server[0m[0m
[map_server-7] [INFO] [1789634078.864501363] [map_server]: Configuring
[map_server-7] [INFO] [1789634078.864604179] [map_io]: Loading yaml file: /home/yahboom/swerve_bringup/install/swerve_bringup/share/swerve_bringup/swerve_navigation/maps/warehouse.yaml
[map_server-7] [INFO] [1789634078.864940093] [map_io]: resolution: 0.05
[map_server-7] [INFO] [1789634078.864956605] [map_io]: origin[0]: -17.2
[map_server-7] [INFO] [1789634078.864962795] [map_io]: origin[1]: -17.4
[map_server-7] [INFO] [1789634078.864968192] [map_io]: origin[2]: 0
[map_server-7] [INFO] [1789634078.864973897] [map_io]: free_thresh: 0.25
[map_server-7] [INFO] [1789634078.864979443] [map_io]: occupied_thresh: 0.65
[map_server-7] [INFO] [1789634078.864985208] [map_io]: mode: trinary
[map_server-7] [INFO] [1789634078.864991190] [map_io]: negate: 0
[map_server-7] [INFO] [1789634078.865284055] [map_io]: Loading image_file: /home/yahboom/swerve_bringup/install/swerve_bringup/share/swerve_bringup/swerve_navigation/maps/warehouse.pgm
[map_server-7] [INFO] [1789634078.973057218] [map_io]: Read map /home/yahboom/swerve_bringup/install/swerve_bringup/share/swerve_bringup/swerve_navigation/maps/warehouse.pgm: 676 X 680 map @ 0.05 m/cell
[lifecycle_manager-13] [INFO] [1789634079.085293096] [lifecycle_manager_navigation]: [34m[1mConfiguring controller_server[0m[0m
[controller_server-8] [INFO] [1789634079.088123547] [controller_server]: Configuring controller interface
[controller_server-8] [INFO] [1789634079.089780039] [controller_server]: getting goal checker plugins..
[controller_server-8] [INFO] [1789634079.091021661] [controller_server]: Controller frequency set to 10.0000Hz
[controller_server-8] [INFO] [1789634079.091109096] [local_costmap.local_costmap]: Configuring
[controller_server-8] [INFO] [1789634079.199115406] [local_costmap.local_costmap]: Using plugin "voxel_layer"
[controller_server-8] [INFO] [1789634079.280682391] [local_costmap.local_costmap]: Subscribed to Topics: lidar3d scan
[spawn_entity.py-3] [INFO] [1789634079.483968971] [spawn_swerve]: Spawn Entity started
[spawn_entity.py-3] [INFO] [1789634079.484399919] [spawn_swerve]: Loading entity published on topic robot_description
[spawn_entity.py-3] [INFO] [1789634079.525072245] [spawn_swerve]: Waiting for entity xml on robot_description
[spawn_entity.py-3] [INFO] [1789634079.641962030] [spawn_swerve]: Waiting for service /spawn_entity, timeout = 30
[spawn_entity.py-3] [INFO] [1789634079.649693536] [spawn_swerve]: Waiting for service /spawn_entity
[controller_server-8] [INFO] [1789634079.659173273] [local_costmap.local_costmap]: Initialized plugin "voxel_layer"
[controller_server-8] [INFO] [1789634079.659225478] [local_costmap.local_costmap]: Using plugin "inflation_layer"
[controller_server-8] [INFO] [1789634079.666514564] [local_costmap.local_costmap]: Initialized plugin "inflation_layer"
[controller_server-8] [INFO] [1789634079.725577075] [controller_server]: Created progress_checker : progress_checker of type nav2_controller::SimpleProgressChecker
[controller_server-8] [INFO] [1789634079.732648921] [controller_server]: Created goal checker : general_goal_checker of type nav2_controller::SimpleGoalChecker
[controller_server-8] [INFO] [1789634079.734002047] [controller_server]: Controller Server has general_goal_checker  goal checkers available.
[controller_server-8] [INFO] [1789634079.739074366] [controller_server]: Created controller : FollowPath of type dwb_core::DWBLocalPlanner
[controller_server-8] [INFO] [1789634079.743857149] [controller_server]: Setting transform_tolerance to 0.200000
[controller_server-8] [INFO] [1789634079.864088269] [controller_server]: Using critic "RotateToGoal" (dwb_critics::RotateToGoalCritic)
[controller_server-8] [INFO] [1789634079.868849556] [controller_server]: Critic plugin initialized
[controller_server-8] [INFO] [1789634079.868955403] [controller_server]: Using critic "Oscillation" (dwb_critics::OscillationCritic)
[controller_server-8] [INFO] [1789634079.869129362] [controller_server]: Critic plugin initialized
[controller_server-8] [INFO] [1789634079.869187539] [controller_server]: Using critic "BaseObstacle" (dwb_critics::BaseObstacleCritic)
[controller_server-8] [INFO] [1789634079.869277104] [controller_server]: Critic plugin initialized
[controller_server-8] [INFO] [1789634079.869351784] [controller_server]: Using critic "GoalAlign" (dwb_critics::GoalAlignCritic)
[controller_server-8] [INFO] [1789634079.869838102] [controller_server]: Critic plugin initialized
[controller_server-8] [INFO] [1789634079.869923463] [controller_server]: Using critic "PathAlign" (dwb_critics::PathAlignCritic)
[controller_server-8] [INFO] [1789634079.875921908] [controller_server]: Critic plugin initialized
[controller_server-8] [INFO] [1789634079.879537126] [controller_server]: Using critic "PathDist" (dwb_critics::PathDistCritic)
[controller_server-8] [INFO] [1789634079.880849980] [controller_server]: Critic plugin initialized
[controller_server-8] [INFO] [1789634079.881496757] [controller_server]: Using critic "GoalDist" (dwb_critics::GoalDistCritic)
[controller_server-8] [INFO] [1789634079.882797990] [controller_server]: Critic plugin initialized
[controller_server-8] [INFO] [1789634079.882835451] [controller_server]: Controller Server has FollowPath  controllers available.
[lifecycle_manager-13] [INFO] [1789634079.938755122] [lifecycle_manager_navigation]: [34m[1mConfiguring planner_server[0m[0m
[planner_server-9] [INFO] [1789634079.941100980] [planner_server]: Configuring
[planner_server-9] [INFO] [1789634079.946941944] [global_costmap.global_costmap]: Configuring
[v30e_sim_node-5] [INFO] [1789634079.947664584] [v30e_sim_node]: Using Gazebo /get_entity_state internally; odometry is not a V30E measurement input
[planner_server-9] [INFO] [1789634080.003256491] [global_costmap.global_costmap]: Using plugin "static_layer"
[planner_server-9] [INFO] [1789634080.013377309] [global_costmap.global_costmap]: Subscribing to the map topic (/map) with transient local durability
[planner_server-9] [INFO] [1789634080.017786494] [global_costmap.global_costmap]: Initialized plugin "static_layer"
[planner_server-9] [INFO] [1789634080.017852681] [global_costmap.global_costmap]: Using plugin "obstacle_layer"
[planner_server-9] [INFO] [1789634080.021698311] [global_costmap.global_costmap]: Subscribed to Topics: scan
[planner_server-9] [INFO] [1789634080.055391085] [global_costmap.global_costmap]: Initialized plugin "obstacle_layer"
[planner_server-9] [INFO] [1789634080.055440660] [global_costmap.global_costmap]: Using plugin "inflation_layer"
[planner_server-9] [INFO] [1789634080.069702198] [global_costmap.global_costmap]: Initialized plugin "inflation_layer"
[planner_server-9] [INFO] [1789634080.162134225] [planner_server]: Created global planner plugin GridBased of type nav2_navfn_planner/NavfnPlanner
[planner_server-9] [INFO] [1789634080.162187377] [planner_server]: Configuring plugin GridBased of type NavfnPlanner
[planner_server-9] [INFO] [1789634080.175180353] [planner_server]: Planner Server has GridBased  planners available.
[lifecycle_manager-13] [INFO] [1789634080.254237178] [lifecycle_manager_navigation]: [34m[1mConfiguring behavior_server[0m[0m
[behavior_server-10] [INFO] [1789634080.254758735] [behavior_server]: Configuring
[behavior_server-10] [INFO] [1789634080.313097809] [behavior_server]: Creating behavior plugin spin of type nav2_behaviors/Spin
[behavior_server-10] [INFO] [1789634080.317196048] [behavior_server]: Configuring spin
[behavior_server-10] [INFO] [1789634080.355843121] [behavior_server]: Creating behavior plugin backup of type nav2_behaviors/BackUp
[behavior_server-10] [INFO] [1789634080.358130510] [behavior_server]: Configuring backup
[behavior_server-10] [INFO] [1789634080.417237763] [behavior_server]: Creating behavior plugin drive_on_heading of type nav2_behaviors/DriveOnHeading
[behavior_server-10] [INFO] [1789634080.418082263] [behavior_server]: Configuring drive_on_heading
[behavior_server-10] [INFO] [1789634080.461159103] [behavior_server]: Creating behavior plugin wait of type nav2_behaviors/Wait
[behavior_server-10] [INFO] [1789634080.461942533] [behavior_server]: Configuring wait
[lifecycle_manager-13] [INFO] [1789634080.492303713] [lifecycle_manager_navigation]: [34m[1mConfiguring bt_navigator[0m[0m
[bt_navigator-11] [INFO] [1789634080.493460290] [bt_navigator]: Configuring
[lifecycle_manager-13] [INFO] [1789634080.888481837] [lifecycle_manager_navigation]: [34m[1mConfiguring waypoint_follower[0m[0m
[waypoint_follower-12] [INFO] [1789634080.888887125] [waypoint_follower]: Configuring
[waypoint_follower-12] [INFO] [1789634080.955303095] [waypoint_follower]: Created waypoint_task_executor : wait_at_waypoint of type nav2_waypoint_follower::WaitAtWaypoint
[waypoint_follower-12] [INFO] [1789634080.955553162] [waypoint_follower]: Waypoint pause duration is set to zero, disabling task executor plugin.
[lifecycle_manager-13] [INFO] [1789634080.967084522] [lifecycle_manager_navigation]: [34m[1mActivating map_server[0m[0m
[map_server-7] [INFO] [1789634080.967397682] [map_server]: Activating
[map_server-7] [INFO] [1789634080.968357293] [map_server]: Creating bond (map_server) to lifecycle manager.
[planner_server-9] [INFO] [1789634080.977647296] [global_costmap.global_costmap]: StaticLayer: Resizing costmap to 676 X 680 at 0.050000 m/pix
[lifecycle_manager-13] [INFO] [1789634081.088285971] [lifecycle_manager_navigation]: Server map_server connected with bond.
[lifecycle_manager-13] [INFO] [1789634081.088348025] [lifecycle_manager_navigation]: [34m[1mActivating controller_server[0m[0m
[controller_server-8] [INFO] [1789634081.092950075] [controller_server]: Activating
[controller_server-8] [INFO] [1789634081.093038118] [local_costmap.local_costmap]: Activating
[controller_server-8] [INFO] [1789634081.093059544] [local_costmap.local_costmap]: Checking transform
[controller_server-8] [INFO] [1789634081.093095015] [local_costmap.local_costmap]: Timed out waiting for transform from base_footprint to odom to become available, tf error: Invalid frame ID "odom" passed to canTransform argument target_frame - frame does not exist
[controller_server-8] [INFO] [1789634081.596265883] [local_costmap.local_costmap]: Timed out waiting for transform from base_footprint to odom to become available, tf error: Invalid frame ID "odom" passed to canTransform argument target_frame - frame does not exist
[controller_server-8] [INFO] [1789634082.093286961] [local_costmap.local_costmap]: Timed out waiting for transform from base_footprint to odom to become available, tf error: Invalid frame ID "odom" passed to canTransform argument target_frame - frame does not exist
[controller_server-8] [INFO] [1789634082.594076548] [local_costmap.local_costmap]: Timed out waiting for transform from base_footprint to odom to become available, tf error: Invalid frame ID "odom" passed to canTransform argument target_frame - frame does not exist
[controller_server-8] [INFO] [1789634083.093582221] [local_costmap.local_costmap]: Timed out waiting for transform from base_footprint to odom to become available, tf error: Invalid frame ID "odom" passed to canTransform argument target_frame - frame does not exist
[controller_server-8] [INFO] [1789634083.593303023] [local_costmap.local_costmap]: Timed out waiting for transform from base_footprint to odom to become available, tf error: Invalid frame ID "odom" passed to canTransform argument target_frame - frame does not exist
[controller_server-8] [INFO] [1789634084.094427226] [local_costmap.local_costmap]: Timed out waiting for transform from base_footprint to odom to become available, tf error: Invalid frame ID "odom" passed to canTransform argument target_frame - frame does not exist
[controller_server-8] [INFO] [1789634084.594332156] [local_costmap.local_costmap]: Timed out waiting for transform from base_footprint to odom to become available, tf error: Invalid frame ID "odom" passed to canTransform argument target_frame - frame does not exist
[controller_server-8] [INFO] [1789634085.093382108] [local_costmap.local_costmap]: Timed out waiting for transform from base_footprint to odom to become available, tf error: Invalid frame ID "odom" passed to canTransform argument target_frame - frame does not exist
[spawn_entity.py-3] [INFO] [1789634085.464210847] [spawn_swerve]: Calling service /spawn_entity
[controller_server-8] [INFO] [1789634085.593264596] [local_costmap.local_costmap]: Timed out waiting for transform from base_footprint to odom to become available, tf error: Invalid frame ID "odom" passed to canTransform argument target_frame - frame does not exist
[gzserver-1] [INFO] [1789634085.636493374] [gazebo_ros_state]: Publishing states of gazebo models at [/model_states]
[gzserver-1] [INFO] [1789634085.645986633] [gazebo_ros_state]: Publishing states of gazebo links at [/link_states]
[controller_server-8] [INFO] [1789634086.093206579] [local_costmap.local_costmap]: Timed out waiting for transform from base_footprint to odom to become available, tf error: Invalid frame ID "odom" passed to canTransform argument target_frame - frame does not exist
[gzserver-1] [INFO] [1789634086.180887829] [imu.imu_ros]: <initial_orientation_as_reference> is unset, using default value of false to comply with REP 145 (world as orientation reference)
[controller_server-8] [INFO] [1789634086.593209066] [local_costmap.local_costmap]: Timed out waiting for transform from base_footprint to odom to become available, tf error: Invalid frame ID "odom" passed to canTransform argument target_frame - frame does not exist
[controller_server-8] [INFO] [1789634087.093664450] [local_costmap.local_costmap]: Timed out waiting for transform from base_footprint to odom to become available, tf error: Invalid frame ID "odom" passed to canTransform argument target_frame - frame does not exist
[controller_server-8] [INFO] [1789634087.594707481] [local_costmap.local_costmap]: Timed out waiting for transform from base_footprint to odom to become available, tf error: Invalid frame ID "odom" passed to canTransform argument target_frame - frame does not exist
[controller_server-8] [INFO] [1789634088.093907660] [local_costmap.local_costmap]: Timed out waiting for transform from base_footprint to odom to become available, tf error: Invalid frame ID "odom" passed to canTransform argument target_frame - frame does not exist
[controller_server-8] [INFO] [1789634088.594829270] [local_costmap.local_costmap]: Timed out waiting for transform from base_footprint to odom to become available, tf error: Invalid frame ID "odom" passed to canTransform argument target_frame - frame does not exist
[controller_server-8] [INFO] [1789634089.094298114] [local_costmap.local_costmap]: Timed out waiting for transform from base_footprint to odom to become available, tf error: Invalid frame ID "odom" passed to canTransform argument target_frame - frame does not exist
[controller_server-8] [INFO] [1789634089.593328168] [local_costmap.local_costmap]: Timed out waiting for transform from base_footprint to odom to become available, tf error: Invalid frame ID "odom" passed to canTransform argument target_frame - frame does not exist
[controller_server-8] [INFO] [1789634090.093340617] [local_costmap.local_costmap]: Timed out waiting for transform from base_footprint to odom to become available, tf error: Invalid frame ID "odom" passed to canTransform argument target_frame - frame does not exist
[controller_server-8] [INFO] [1789634090.594667165] [local_costmap.local_costmap]: Timed out waiting for transform from base_footprint to odom to become available, tf error: Invalid frame ID "odom" passed to canTransform argument target_frame - frame does not exist
[controller_server-8] [INFO] [1789634091.093147355] [local_costmap.local_costmap]: Timed out waiting for transform from base_footprint to odom to become available, tf error: Invalid frame ID "odom" passed to canTransform argument target_frame - frame does not exist
[controller_server-8] [INFO] [1789634091.593428357] [local_costmap.local_costmap]: Timed out waiting for transform from base_footprint to odom to become available, tf error: Invalid frame ID "odom" passed to canTransform argument target_frame - frame does not exist
[controller_server-8] [INFO] [1789634092.094545488] [local_costmap.local_costmap]: Timed out waiting for transform from base_footprint to odom to become available, tf error: Invalid frame ID "odom" passed to canTransform argument target_frame - frame does not exist
[controller_server-8] [INFO] [1789634092.595288724] [local_costmap.local_costmap]: Timed out waiting for transform from base_footprint to odom to become available, tf error: Invalid frame ID "odom" passed to canTransform argument target_frame - frame does not exist
[controller_server-8] [INFO] [1789634093.093635157] [local_costmap.local_costmap]: Timed out waiting for transform from base_footprint to odom to become available, tf error: Invalid frame ID "odom" passed to canTransform argument target_frame - frame does not exist
[controller_server-8] [INFO] [1789634093.593222397] [local_costmap.local_costmap]: Timed out waiting for transform from base_footprint to odom to become available, tf error: Invalid frame ID "odom" passed to canTransform argument target_frame - frame does not exist
[controller_server-8] [INFO] [1789634094.093510726] [local_costmap.local_costmap]: Timed out waiting for transform from base_footprint to odom to become available, tf error: Invalid frame ID "odom" passed to canTransform argument target_frame - frame does not exist
[controller_server-8] [INFO] [1789634094.593336670] [local_costmap.local_costmap]: Timed out waiting for transform from base_footprint to odom to become available, tf error: Invalid frame ID "odom" passed to canTransform argument target_frame - frame does not exist
[controller_server-8] [INFO] [1789634095.093993654] [local_costmap.local_costmap]: Timed out waiting for transform from base_footprint to odom to become available, tf error: Invalid frame ID "odom" passed to canTransform argument target_frame - frame does not exist
[controller_server-8] [INFO] [1789634095.593614624] [local_costmap.local_costmap]: Timed out waiting for transform from base_footprint to odom to become available, tf error: Invalid frame ID "odom" passed to canTransform argument target_frame - frame does not exist
[controller_server-8] [INFO] [1789634096.093610563] [local_costmap.local_costmap]: Timed out waiting for transform from base_footprint to odom to become available, tf error: Invalid frame ID "odom" passed to canTransform argument target_frame - frame does not exist
[controller_server-8] [INFO] [1789634096.593835277] [local_costmap.local_costmap]: Timed out waiting for transform from base_footprint to odom to become available, tf error: Invalid frame ID "odom" passed to canTransform argument target_frame - frame does not exist
[controller_server-8] [INFO] [1789634097.093556375] [local_costmap.local_costmap]: Timed out waiting for transform from base_footprint to odom to become available, tf error: Invalid frame ID "odom" passed to canTransform argument target_frame - frame does not exist
[controller_server-8] [INFO] [1789634097.596095103] [local_costmap.local_costmap]: Timed out waiting for transform from base_footprint to odom to become available, tf error: Invalid frame ID "odom" passed to canTransform argument target_frame - frame does not exist
[controller_server-8] [INFO] [1789634098.094864315] [local_costmap.local_costmap]: Timed out waiting for transform from base_footprint to odom to become available, tf error: Invalid frame ID "odom" passed to canTransform argument target_frame - frame does not exist
[controller_server-8] [INFO] [1789634098.594002467] [local_costmap.local_costmap]: Timed out waiting for transform from base_footprint to odom to become available, tf error: Invalid frame ID "odom" passed to canTransform argument target_frame - frame does not exist
[controller_server-8] [INFO] [1789634099.095787801] [local_costmap.local_costmap]: Timed out waiting for transform from base_footprint to odom to become available, tf error: Invalid frame ID "odom" passed to canTransform argument target_frame - frame does not exist
[controller_server-8] [INFO] [1789634099.596797583] [local_costmap.local_costmap]: Timed out waiting for transform from base_footprint to odom to become available, tf error: Invalid frame ID "odom" passed to canTransform argument target_frame - frame does not exist
[spawn_entity.py-3] [INFO] [1789634099.976279511] [spawn_swerve]: Spawn status: SpawnEntity: Successfully spawned entity [swerve_base]
[controller_server-8] [INFO] [1789634100.093594137] [local_costmap.local_costmap]: Timed out waiting for transform from base_footprint to odom to become available, tf error: Invalid frame ID "odom" passed to canTransform argument target_frame - frame does not exist
[gzserver-1] [INFO] [1789634100.236387675] [gazebo_ros2_control]: Loading gazebo_ros2_control plugin
[gzserver-1] [INFO] [1789634100.333172600] [gazebo_ros2_control]: Starting gazebo_ros2_control plugin in namespace: /
[gzserver-1] [INFO] [1789634100.333245015] [gazebo_ros2_control]: Starting gazebo_ros2_control plugin in ros 2 node: gazebo_ros2_control
[INFO] [spawn_entity.py-3]: process has finished cleanly [pid 140955]
[INFO] [spawner-15]: process started with pid [141543]
[gzserver-1] [INFO] [1789634100.427586223] [gazebo_ros2_control]: connected to service!! robot_state_publisher
[gzserver-1] [INFO] [1789634100.435734432] [gazebo_ros2_control]: Received urdf from param server, parsing...
[gzserver-1] [INFO] [1789634100.435902384] [gazebo_ros2_control]: Loading parameter files /home/yahboom/swerve_bringup/install/swerve_bringup/share/swerve_bringup/config/controllers.yaml
[gzserver-1] [INFO] [1789634100.476606399] [gazebo_ros2_control]: Loading joint: steer_front_joint
[gzserver-1] [INFO] [1789634100.476692328] [gazebo_ros2_control]: 	State:
[gzserver-1] [INFO] [1789634100.476709730] [gazebo_ros2_control]: 		 position
[gzserver-1] [INFO] [1789634100.476723223] [gazebo_ros2_control]: 		 velocity
[gzserver-1] [INFO] [1789634100.476733099] [gazebo_ros2_control]: 	Command:
[gzserver-1] [INFO] [1789634100.476742455] [gazebo_ros2_control]: 		 position
[gzserver-1] [INFO] [1789634100.478346505] [gazebo_ros2_control]: Loading joint: steer_rear_joint
[gzserver-1] [INFO] [1789634100.478387449] [gazebo_ros2_control]: 	State:
[gzserver-1] [INFO] [1789634100.478398500] [gazebo_ros2_control]: 		 position
[gzserver-1] [INFO] [1789634100.478408276] [gazebo_ros2_control]: 		 velocity
[gzserver-1] [INFO] [1789634100.478417227] [gazebo_ros2_control]: 	Command:
[gzserver-1] [INFO] [1789634100.478426148] [gazebo_ros2_control]: 		 position
[gzserver-1] [INFO] [1789634100.478545120] [gazebo_ros2_control]: Loading joint: wheel_front_drive_joint
[gzserver-1] [INFO] [1789634100.478563971] [gazebo_ros2_control]: 	State:
[gzserver-1] [INFO] [1789634100.478573662] [gazebo_ros2_control]: 		 position
[gzserver-1] [INFO] [1789634100.478583405] [gazebo_ros2_control]: 		 velocity
[gzserver-1] [INFO] [1789634100.478592183] [gazebo_ros2_control]: 	Command:
[gzserver-1] [INFO] [1789634100.478605643] [gazebo_ros2_control]: 		 velocity
[gzserver-1] [INFO] [1789634100.497210509] [gazebo_ros2_control]: Loading joint: wheel_rear_drive_joint
[gzserver-1] [INFO] [1789634100.497270033] [gazebo_ros2_control]: 	State:
[gzserver-1] [INFO] [1789634100.497283281] [gazebo_ros2_control]: 		 position
[gzserver-1] [INFO] [1789634100.497294327] [gazebo_ros2_control]: 		 velocity
[gzserver-1] [INFO] [1789634100.497303366] [gazebo_ros2_control]: 	Command:
[gzserver-1] [INFO] [1789634100.497334916] [gazebo_ros2_control]: 		 velocity
[gzserver-1] [INFO] [1789634100.506358019] [resource_manager]: Initialize hardware 'GazeboSystem' 
[gzserver-1] [INFO] [1789634100.506642983] [resource_manager]: Successful initialization of hardware 'GazeboSystem'
[gzserver-1] [INFO] [1789634100.506805696] [resource_manager]: 'configure' hardware 'GazeboSystem' 
[gzserver-1] [INFO] [1789634100.506821906] [resource_manager]: Successful 'configure' of hardware 'GazeboSystem'
[gzserver-1] [INFO] [1789634100.506829342] [resource_manager]: 'activate' hardware 'GazeboSystem' 
[gzserver-1] [INFO] [1789634100.506835741] [resource_manager]: Successful 'activate' of hardware 'GazeboSystem'
[gzserver-1] [INFO] [1789634100.506950961] [gazebo_ros2_control]: Loading controller_manager
[controller_server-8] [INFO] [1789634100.593687384] [local_costmap.local_costmap]: Timed out waiting for transform from base_footprint to odom to become available, tf error: Invalid frame ID "odom" passed to canTransform argument target_frame - frame does not exist
[gzserver-1] [WARN] [1789634100.753407914] [gazebo_ros2_control]:  Desired controller update period (0.01 s) is slower than the gazebo simulation period (0.001 s).
[gzserver-1] [INFO] [1789634100.758533898] [gazebo_ros2_control]: Loaded gazebo_ros2_control.
[controller_server-8] [INFO] [1789634101.095757741] [local_costmap.local_costmap]: start
[controller_server-8] [INFO] [1789634101.230217983] [controller_server]: Creating bond (controller_server) to lifecycle manager.
[lifecycle_manager-13] [INFO] [1789634101.431579808] [lifecycle_manager_navigation]: Server controller_server connected with bond.
[lifecycle_manager-13] [INFO] [1789634101.431661289] [lifecycle_manager_navigation]: [34m[1mActivating planner_server[0m[0m
[planner_server-9] [INFO] [1789634101.434185166] [planner_server]: Activating
[planner_server-9] [INFO] [1789634101.434282012] [global_costmap.global_costmap]: Activating
[planner_server-9] [INFO] [1789634101.434322629] [global_costmap.global_costmap]: Checking transform
[planner_server-9] [INFO] [1789634101.434365768] [global_costmap.global_costmap]: Timed out waiting for transform from base_footprint to map to become available, tf error: Invalid frame ID "map" passed to canTransform argument target_frame - frame does not exist
[planner_server-9] [INFO] [1789634101.935197741] [global_costmap.global_costmap]: start
[spawner-15] [INFO] [1789634102.457234268] [spawn_joint_state_broadcaster]: waiting for service /controller_manager/list_controllers to become available...
[planner_server-9] [INFO] [1789634102.496666376] [planner_server]: Activating plugin GridBased of type NavfnPlanner
[planner_server-9] [INFO] [1789634102.555559875] [planner_server]: Creating bond (planner_server) to lifecycle manager.
[lifecycle_manager-13] [INFO] [1789634102.692569000] [lifecycle_manager_navigation]: Server planner_server connected with bond.
[lifecycle_manager-13] [INFO] [1789634102.692663560] [lifecycle_manager_navigation]: [34m[1mActivating behavior_server[0m[0m
[behavior_server-10] [INFO] [1789634102.693212166] [behavior_server]: Activating
[behavior_server-10] [INFO] [1789634102.693271901] [behavior_server]: Activating spin
[behavior_server-10] [INFO] [1789634102.693299836] [behavior_server]: Activating backup
[behavior_server-10] [INFO] [1789634102.693313161] [behavior_server]: Activating drive_on_heading
[behavior_server-10] [INFO] [1789634102.693324957] [behavior_server]: Activating wait
[behavior_server-10] [INFO] [1789634102.693346633] [behavior_server]: Creating bond (behavior_server) to lifecycle manager.
[lifecycle_manager-13] [INFO] [1789634102.813492061] [lifecycle_manager_navigation]: Server behavior_server connected with bond.
[lifecycle_manager-13] [INFO] [1789634102.813561282] [lifecycle_manager_navigation]: [34m[1mActivating bt_navigator[0m[0m
[bt_navigator-11] [INFO] [1789634102.814026970] [bt_navigator]: Activating
[gzserver-1] [INFO] [1789634103.236271502] [controller_manager]: Loading controller 'joint_state_broadcaster'
[spawner-15] [INFO] [1789634103.511115258] [spawn_joint_state_broadcaster]: [94mLoaded [1mjoint_state_broadcaster[0m
[gzserver-1] [INFO] [1789634103.523908986] [controller_manager]: Configuring controller 'joint_state_broadcaster'
[gzserver-1] [INFO] [1789634103.525928649] [joint_state_broadcaster]: 'joints' or 'interfaces' parameter is empty. All available state interfaces will be published
[bt_navigator-11] [INFO] [1789634103.537084075] [bt_navigator]: Creating bond (bt_navigator) to lifecycle manager.
[lifecycle_manager-13] [INFO] [1789634103.667281225] [lifecycle_manager_navigation]: Server bt_navigator connected with bond.
[lifecycle_manager-13] [INFO] [1789634103.667363627] [lifecycle_manager_navigation]: [34m[1mActivating waypoint_follower[0m[0m
[waypoint_follower-12] [INFO] [1789634103.670498444] [waypoint_follower]: Activating
[waypoint_follower-12] [INFO] [1789634103.670593979] [waypoint_follower]: Creating bond (waypoint_follower) to lifecycle manager.
[lifecycle_manager-13] [INFO] [1789634103.792331926] [lifecycle_manager_navigation]: Server waypoint_follower connected with bond.
[lifecycle_manager-13] [INFO] [1789634103.792407339] [lifecycle_manager_navigation]: [34m[1mManaged nodes are active[0m[0m
[lifecycle_manager-13] [INFO] [1789634103.792423667] [lifecycle_manager_navigation]: [34m[1mCreating bond timer...[0m[0m
[spawner-15] [INFO] [1789634103.931277055] [spawn_joint_state_broadcaster]: [92mConfigured and activated [1mjoint_state_broadcaster[0m
[INFO] [spawner-15]: process has finished cleanly [pid 141543]
[INFO] [spawner-16]: process started with pid [141605]
[spawner-16] [INFO] [1789634105.446113583] [spawn_steering_controller]: waiting for service /controller_manager/list_controllers to become available...
[gzserver-1] [INFO] [1789634107.031847153] [controller_manager]: Loading controller 'steering_controller'
[spawner-16] [INFO] [1789634107.202767766] [spawn_steering_controller]: [94mLoaded [1msteering_controller[0m
[gzserver-1] [INFO] [1789634107.215588837] [controller_manager]: Configuring controller 'steering_controller'
[gzserver-1] [INFO] [1789634107.222973773] [steering_controller]: configure successful
[gzserver-1] [INFO] [1789634107.245307217] [steering_controller]: activate successful
[spawner-16] [INFO] [1789634107.263985618] [spawn_steering_controller]: [92mConfigured and activated [1msteering_controller[0m
[INFO] [spawner-16]: process has finished cleanly [pid 141605]
[INFO] [spawner-17]: process started with pid [141661]
[spawner-17] [INFO] [1789634108.942190067] [spawn_drive_controller]: waiting for service /controller_manager/list_controllers to become available...
[gzserver-1] [INFO] [1789634109.568411152] [controller_manager]: Loading controller 'drive_controller'
[spawner-17] [INFO] [1789634110.068105536] [spawn_drive_controller]: [94mLoaded [1mdrive_controller[0m
[gzserver-1] [INFO] [1789634110.080394170] [controller_manager]: Configuring controller 'drive_controller'
[gzserver-1] [INFO] [1789634110.093786878] [drive_controller]: configure successful
[gzserver-1] [INFO] [1789634110.125377202] [drive_controller]: activate successful
[spawner-17] [INFO] [1789634110.147834160] [spawn_drive_controller]: [92mConfigured and activated [1mdrive_controller[0m
[INFO] [spawner-17]: process has finished cleanly [pid 141661]
[INFO] [swerve_controller_node-18]: process started with pid [141742]
[INFO] [swerve_odometry_node-19]: process started with pid [141744]
[swerve_controller_node-18] [INFO] [1789634112.749906647] [swerve_controller]: Swerve controller ready: radius=0.0675 m, modules={'front': (0.300042, 0.0), 'rear': (-0.300042, 0.0)}
[swerve_odometry_node-19] [INFO] [1789634112.910952736] [swerve_odometry]: Encoder odometry ready: radius=0.0637 m, velocity_sign=+1.0
[lifecycle_manager-13] [INFO] [1789634126.405468309] [rclcpp]: signal_handler(signum=2)
[WARNING] [launch]: user interrupted with ctrl-c (SIGINT)
[controller_server-8] [INFO] [1789634126.405493085] [rclcpp]: signal_handler(signum=2)
[waypoint_follower-12] [INFO] [1789634126.405508422] [rclcpp]: signal_handler(signum=2)
[bt_navigator-11] [INFO] [1789634126.405524065] [rclcpp]: signal_handler(signum=2)
[bt_navigator-11] [INFO] [1789634126.405760732] [bt_navigator]: Running Nav2 LifecycleNode rcl preshutdown (bt_navigator)
[behavior_server-10] [INFO] [1789634126.405571716] [rclcpp]: signal_handler(signum=2)
[planner_server-9] [INFO] [1789634126.405576793] [rclcpp]: signal_handler(signum=2)
[map_server-7] [INFO] [1789634126.405631447] [rclcpp]: signal_handler(signum=2)
[ekf_node-6] [INFO] [1789634126.405665578] [rclcpp]: signal_handler(signum=2)
[controller_server-8] [INFO] [1789634126.405857691] [controller_server]: Running Nav2 LifecycleNode rcl preshutdown (controller_server)
[controller_server-8] [INFO] [1789634126.405987742] [controller_server]: Deactivating
[controller_server-8] [INFO] [1789634126.406043583] [local_costmap.local_costmap]: Deactivating
[bt_navigator-11] [INFO] [1789634126.405882931] [bt_navigator]: Deactivating
[bt_navigator-11] [INFO] [1789634126.405922065] [bt_navigator]: Destroying bond (bt_navigator) to lifecycle manager.
[behavior_server-10] [INFO] [1789634126.406211593] [behavior_server]: Running Nav2 LifecycleNode rcl preshutdown (behavior_server)
[behavior_server-10] [INFO] [1789634126.406289327] [behavior_server]: Deactivating
[behavior_server-10] [INFO] [1789634126.406330204] [behavior_server]: Destroying bond (behavior_server) to lifecycle manager.
[planner_server-9] [INFO] [1789634126.406216101] [planner_server]: Running Nav2 LifecycleNode rcl preshutdown (planner_server)
[planner_server-9] [INFO] [1789634126.406289203] [planner_server]: Deactivating
[planner_server-9] [INFO] [1789634126.406334732] [global_costmap.global_costmap]: Deactivating
[lifecycle_manager-13] [INFO] [1789634126.406971275] [lifecycle_manager_navigation]: Running Nav2 LifecycleManager rcl preshutdown (lifecycle_manager_navigation)
[lifecycle_manager-13] [INFO] [1789634126.407027549] [lifecycle_manager_navigation]: [34m[1mTerminating bond timer...[0m[0m
[waypoint_follower-12] [INFO] [1789634126.407226424] [waypoint_follower]: Running Nav2 LifecycleNode rcl preshutdown (waypoint_follower)
[waypoint_follower-12] [INFO] [1789634126.407326323] [waypoint_follower]: Deactivating
[waypoint_follower-12] [INFO] [1789634126.407354949] [waypoint_follower]: Destroying bond (waypoint_follower) to lifecycle manager.
[map_server-7] [INFO] [1789634126.409163541] [map_server]: Running Nav2 LifecycleNode rcl preshutdown (map_server)
[map_server-7] [INFO] [1789634126.409260241] [map_server]: Deactivating
[map_server-7] [INFO] [1789634126.409290348] [map_server]: Destroying bond (map_server) to lifecycle manager.
[robot_state_publisher-2] [INFO] [1789634126.411382790] [rclcpp]: signal_handler(signum=2)
[ekf_node-4] [INFO] [1789634126.414286766] [rclcpp]: signal_handler(signum=2)
[waypoint_follower-12] [INFO] [1789634126.429289129] [waypoint_follower]: Cleaning up
[INFO] [swerve_odometry_node-19]: sending signal 'SIGINT' to process[swerve_odometry_node-19]
[INFO] [swerve_controller_node-18]: sending signal 'SIGINT' to process[swerve_controller_node-18]
[INFO] [lifecycle_manager-13]: sending signal 'SIGINT' to process[lifecycle_manager-13]
[INFO] [waypoint_follower-12]: sending signal 'SIGINT' to process[waypoint_follower-12]
[INFO] [bt_navigator-11]: sending signal 'SIGINT' to process[bt_navigator-11]
[INFO] [behavior_server-10]: sending signal 'SIGINT' to process[behavior_server-10]
[INFO] [planner_server-9]: sending signal 'SIGINT' to process[planner_server-9]
[INFO] [controller_server-8]: sending signal 'SIGINT' to process[controller_server-8]
[INFO] [map_server-7]: sending signal 'SIGINT' to process[map_server-7]
[INFO] [ekf_node-6]: sending signal 'SIGINT' to process[ekf_node-6]
[INFO] [v30e_sim_node-5]: sending signal 'SIGINT' to process[v30e_sim_node-5]
[INFO] [ekf_node-4]: sending signal 'SIGINT' to process[ekf_node-4]
[INFO] [robot_state_publisher-2]: sending signal 'SIGINT' to process[robot_state_publisher-2]
[ERROR] [ekf_node-6]: process has died [pid 140961, exit code -2, cmd '/opt/ros/humble/lib/robot_localization/ekf_node --ros-args -r __node:=ekf_v30e --params-file /home/yahboom/swerve_bringup/install/swerve_bringup/share/swerve_bringup/config/v30e_localization_ekf.yaml --params-file /tmp/launch_params_z54ckgjo -r odometry/filtered:=/odometry/v30e'].
[INFO] [gzserver-1]: sending signal 'SIGINT' to process[gzserver-1]
[behavior_server-10] [INFO] [1789634126.437805531] [behavior_server]: Cleaning up
[planner_server-9] [INFO] [1789634126.441852540] [planner_server]: Deactivating plugin GridBased of type NavfnPlanner
[planner_server-9] [INFO] [1789634126.441907797] [planner_server]: Destroying bond (planner_server) to lifecycle manager.
[planner_server-9] [INFO] [1789634126.482526134] [planner_server]: Cleaning up
[map_server-7] [INFO] [1789634126.444734879] [map_server]: Cleaning up
[map_server-7] [INFO] [1789634126.446124523] [map_server]: Destroying bond (map_server) to lifecycle manager.
[bt_navigator-11] [INFO] [1789634126.452567943] [bt_navigator]: Cleaning up
[controller_server-8] [INFO] [1789634126.473492309] [controller_server]: Destroying bond (controller_server) to lifecycle manager.
[controller_server-8] [INFO] [1789634126.494510708] [controller_server]: Cleaning up
[controller_server-8] [INFO] [1789634126.494662270] [local_costmap.local_costmap]: Cleaning up
[swerve_controller_node-18] Traceback (most recent call last):
[swerve_controller_node-18]   File "/home/yahboom/swerve_bringup/install/swerve_bringup/lib/swerve_bringup/swerve_controller_node", line 192, in <module>
[swerve_controller_node-18]     main()
[swerve_controller_node-18]   File "/home/yahboom/swerve_bringup/install/swerve_bringup/lib/swerve_bringup/swerve_controller_node", line 184, in main
[swerve_controller_node-18]     node.steer_pub.publish(Float64MultiArray(data=[
[swerve_controller_node-18]   File "/opt/ros/humble/local/lib/python3.10/dist-packages/rclpy/publisher.py", line 70, in publish
[swerve_controller_node-18]     self.__publisher.publish(msg)
[swerve_controller_node-18] rclpy._rclpy_pybind11.RCLError: Failed to publish: publisher's context is invalid, at ./src/rcl/publisher.c:389
[swerve_controller_node-18] Error in sys.excepthook:
[swerve_controller_node-18] Traceback (most recent call last):
[swerve_controller_node-18]   File "/usr/lib/python3/dist-packages/apport_python_hook.py", line 72, in apport_excepthook
[swerve_controller_node-18]     from apport.fileutils import likely_packaged, get_recent_crashes
[swerve_controller_node-18]   File "/usr/lib/python3/dist-packages/apport/__init__.py", line 5, in <module>
[swerve_controller_node-18]     from apport.report import Report
[swerve_controller_node-18]   File "/usr/lib/python3/dist-packages/apport/report.py", line 21, in <module>
[swerve_controller_node-18]     from urllib.request import urlopen
[swerve_controller_node-18]   File "/usr/lib/python3.10/urllib/request.py", line 426, in <module>
[swerve_controller_node-18]     class OpenerDirector:
[swerve_controller_node-18] KeyboardInterrupt
[swerve_controller_node-18] 
[swerve_controller_node-18] Original exception was:
[swerve_controller_node-18] Traceback (most recent call last):
[swerve_controller_node-18]   File "/home/yahboom/swerve_bringup/install/swerve_bringup/lib/swerve_bringup/swerve_controller_node", line 192, in <module>
[swerve_controller_node-18]     main()
[swerve_controller_node-18]   File "/home/yahboom/swerve_bringup/install/swerve_bringup/lib/swerve_bringup/swerve_controller_node", line 184, in main
[swerve_controller_node-18]     node.steer_pub.publish(Float64MultiArray(data=[
[swerve_controller_node-18]   File "/opt/ros/humble/local/lib/python3.10/dist-packages/rclpy/publisher.py", line 70, in publish
[swerve_controller_node-18]     self.__publisher.publish(msg)
[swerve_controller_node-18] rclpy._rclpy_pybind11.RCLError: Failed to publish: publisher's context is invalid, at ./src/rcl/publisher.c:389
[ERROR] [ekf_node-4]: process has died [pid 140957, exit code -2, cmd '/opt/ros/humble/lib/robot_localization/ekf_node --ros-args -r __node:=ekf_filter_node --params-file /home/yahboom/swerve_bringup/install/swerve_bringup/share/swerve_bringup/config/ekf.yaml --params-file /tmp/launch_params_2b5t43tu -r /odom:=/odom -r /imu/data:=/imu/data'].
[swerve_odometry_node-19] Traceback (most recent call last):
[swerve_odometry_node-19]   File "/home/yahboom/swerve_bringup/install/swerve_bringup/lib/swerve_bringup/swerve_odometry_node", line 221, in <module>
[swerve_odometry_node-19]     main()
[swerve_odometry_node-19]   File "/home/yahboom/swerve_bringup/install/swerve_bringup/lib/swerve_bringup/swerve_odometry_node", line 215, in main
[swerve_odometry_node-19]     node.destroy_node()
[swerve_odometry_node-19]   File "/opt/ros/humble/local/lib/python3.10/dist-packages/rclpy/node.py", line 1691, in destroy_node
[swerve_odometry_node-19]     self.destroy_service(self._services[0])
[swerve_odometry_node-19]   File "/opt/ros/humble/local/lib/python3.10/dist-packages/rclpy/node.py", line 1615, in destroy_service
[swerve_odometry_node-19]     service.destroy()
[swerve_odometry_node-19]   File "/opt/ros/humble/local/lib/python3.10/dist-packages/rclpy/service.py", line 93, in destroy
[swerve_odometry_node-19]     self.__service.destroy_when_not_in_use()
[swerve_odometry_node-19] KeyboardInterrupt
[lifecycle_manager-13] [INFO] [1789634126.521702779] [rclcpp]: signal_handler(signum=2)
[waypoint_follower-12] [INFO] [1789634126.529664476] [rclcpp]: signal_handler(signum=2)
[bt_navigator-11] [INFO] [1789634126.537105868] [rclcpp]: signal_handler(signum=2)
[behavior_server-10] [INFO] [1789634126.544163415] [rclcpp]: signal_handler(signum=2)
[planner_server-9] [INFO] [1789634126.550017876] [rclcpp]: signal_handler(signum=2)
[controller_server-8] [INFO] [1789634126.562501114] [rclcpp]: signal_handler(signum=2)
[map_server-7] [INFO] [1789634126.575518222] [rclcpp]: signal_handler(signum=2)
[map_server-7] [INFO] [1789634126.588048077] [map_server]: Destroying
[robot_state_publisher-2] [INFO] [1789634126.615798905] [rclcpp]: signal_handler(signum=2)
[v30e_sim_node-5] Traceback (most recent call last):
[v30e_sim_node-5]   File "/home/yahboom/swerve_bringup/install/swerve_bringup/lib/swerve_bringup/v30e_sim_node", line 188, in <module>
[v30e_sim_node-5]     if __name__ == '__main__': main()
[v30e_sim_node-5]   File "/home/yahboom/swerve_bringup/install/swerve_bringup/lib/swerve_bringup/v30e_sim_node", line 185, in main
[v30e_sim_node-5]     node.destroy_node(); rclpy.shutdown()
[v30e_sim_node-5]   File "/opt/ros/humble/local/lib/python3.10/dist-packages/rclpy/node.py", line 1691, in destroy_node
[v30e_sim_node-5]     self.destroy_service(self._services[0])
[v30e_sim_node-5]   File "/opt/ros/humble/local/lib/python3.10/dist-packages/rclpy/node.py", line 1615, in destroy_service
[v30e_sim_node-5]     service.destroy()
[v30e_sim_node-5]   File "/opt/ros/humble/local/lib/python3.10/dist-packages/rclpy/service.py", line 93, in destroy
[v30e_sim_node-5]     self.__service.destroy_when_not_in_use()
[v30e_sim_node-5] KeyboardInterrupt
[behavior_server-10] [INFO] [1789634126.668025850] [behavior_server]: Destroying bond (behavior_server) to lifecycle manager.
[waypoint_follower-12] [INFO] [1789634126.707450839] [waypoint_follower]: Destroying bond (waypoint_follower) to lifecycle manager.
[waypoint_follower-12] [INFO] [1789634126.718093762] [waypoint_follower]: Destroying
[ERROR] [swerve_odometry_node-19]: process has died [pid 141744, exit code -2, cmd '/home/yahboom/swerve_bringup/install/swerve_bringup/lib/swerve_bringup/swerve_odometry_node --ros-args -r __node:=swerve_odometry --params-file /home/yahboom/swerve_bringup/install/swerve_bringup/share/swerve_bringup/config/swerve_odometry.yaml --params-file /tmp/launch_params_pfkuo7m_'].
[planner_server-9] [INFO] [1789634126.820766917] [global_costmap.global_costmap]: Cleaning up
[ERROR] [v30e_sim_node-5]: process has died [pid 140959, exit code -2, cmd '/home/yahboom/swerve_bringup/install/swerve_bringup/lib/swerve_bringup/v30e_sim_node --ros-args -r __node:=v30e_sim_node --params-file /home/yahboom/swerve_bringup/install/swerve_bringup/share/swerve_bringup/config/v30e_sim.yaml --params-file /tmp/launch_params_65odcq79'].
[behavior_server-10] [INFO] [1789634126.881223190] [behavior_server]: Destroying
[planner_server-9] [INFO] [1789634126.891839742] [planner_server]: Cleaning up plugin GridBased of type NavfnPlanner
[planner_server-9] [INFO] [1789634126.891913308] [planner_server]: Destroying plugin GridBased of type NavfnPlanner
[lifecycle_manager-13] [INFO] [1789634126.892477602] [lifecycle_manager_navigation]: Destroying lifecycle_manager_navigation
[planner_server-9] [INFO] [1789634126.923108491] [planner_server]: Destroying bond (planner_server) to lifecycle manager.
[controller_server-8] [INFO] [1789634126.932319306] [controller_server]: Destroying bond (controller_server) to lifecycle manager.
[planner_server-9] [INFO] [1789634126.944331860] [global_costmap.global_costmap]: Destroying
[controller_server-8] [INFO] [1789634126.945670994] [local_costmap.local_costmap]: Destroying
[INFO] [robot_state_publisher-2]: process has finished cleanly [pid 140953]
[INFO] [map_server-7]: process has finished cleanly [pid 140963]
[controller_server-8] [INFO] [1789634127.001609731] [controller_server]: Destroying
[ERROR] [swerve_controller_node-18]: process has died [pid 141742, exit code 1, cmd '/home/yahboom/swerve_bringup/install/swerve_bringup/lib/swerve_bringup/swerve_controller_node --ros-args -r __node:=swerve_controller --params-file /home/yahboom/swerve_bringup/install/swerve_bringup/share/swerve_bringup/config/swerve_controller.yaml --params-file /tmp/launch_params_dp7iuxrz'].
[planner_server-9] [INFO] [1789634127.017894349] [planner_server]: Destroying
[INFO] [waypoint_follower-12]: process has finished cleanly [pid 140999]
[INFO] [lifecycle_manager-13]: process has finished cleanly [pid 141001]
[INFO] [behavior_server-10]: process has finished cleanly [pid 140970]
[bt_navigator-11] [INFO] [1789634127.138983786] [bt_navigator]: Completed Cleaning up
[bt_navigator-11] [INFO] [1789634127.139086818] [bt_navigator]: Destroying bond (bt_navigator) to lifecycle manager.
[bt_navigator-11] [INFO] [1789634127.156280971] [bt_navigator]: Destroying
[INFO] [controller_server-8]: process has finished cleanly [pid 140965]
[INFO] [planner_server-9]: process has finished cleanly [pid 140968]
[INFO] [bt_navigator-11]: process has finished cleanly [pid 140991]
[INFO] [gzserver-1]: process has finished cleanly [pid 140951]
