[0.072s] Invoking command in '/home/yahboom/swerve_bringup/build/swerve_bringup': CMAKE_PREFIX_PATH=/home/yahboom/cartoros2/install/yahboom_web_savmap_interfaces:/home/yahboom/cartoros2/install/yahboom_qrcode:/home/yahboom/cartoros2/install/yahboom_point:/home/yahboom/cartoros2/install/yahboom_nav2_send_goal:/home/yahboom/cartoros2/install/yahboom_msgs:/home/yahboom/cartoros2/install/yahboom_config:/home/yahboom/cartoros2/install/yahboom_color_identify_interfaces:/home/yahboom/cartoros2/install/yahboom_attitude_record_interfaces:/home/yahboom/cartoros2/install/turtlebot3_description:/home/yahboom/cartoros2/install/robot_pose_publisher_ros2:/home/yahboom/cartoros2/install/rf2o_laser_odometry:/home/yahboom/cartoros2/install/nav2_system_tests:/home/yahboom/cartoros2/install/nav2_bringup:/home/yahboom/cartoros2/install/navigation2:/home/yahboom/cartoros2/install/nav2_smoother:/home/yahboom/cartoros2/install/nav2_graceful_controller:/home/yahboom/cartoros2/install/nav2_dwb_controller:/home/yahboom/cartoros2/install/nav2_controller:/home/yahboom/cartoros2/install/dwb_plugins:/home/yahboom/cartoros2/install/dwb_critics:/home/yahboom/cartoros2/install/dwb_core:/home/yahboom/cartoros2/install/nav_2d_utils:/home/yahboom/cartoros2/install/dwb_msgs:/home/yahboom/cartoros2/install/nav_2d_msgs:/home/yahboom/cartoros2/install/nav2_waypoint_follower:/home/yahboom/cartoros2/install/nav2_theta_star_planner:/home/yahboom/cartoros2/install/nav2_smac_planner:/home/yahboom/cartoros2/install/nav2_rotation_shim_controller:/home/yahboom/cartoros2/install/nav2_regulated_pure_pursuit_controller:/home/yahboom/cartoros2/install/nav2_planner:/home/yahboom/cartoros2/install/nav2_navfn_planner:/home/yahboom/cartoros2/install/nav2_mppi_controller:/home/yahboom/cartoros2/install/nav2_constrained_smoother:/home/yahboom/cartoros2/install/nav2_bt_navigator:/home/yahboom/cartoros2/install/nav2_behaviors:/home/yahboom/cartoros2/install/nav2_core:/home/yahboom/cartoros2/install/nav2_collision_monitor:/home/yahboom/cartoros2/install/costmap_queue:/home/yahboom/cartoros2/install/nav2_costmap_2d:/home/yahboom/cartoros2/install/nav2_voxel_grid:/home/yahboom/cartoros2/install/nav2_velocity_smoother:/home/yahboom/cartoros2/install/nav2_rviz_plugins:/home/yahboom/cartoros2/install/nav2_map_server:/home/yahboom/cartoros2/install/nav2_lifecycle_manager:/home/yahboom/cartoros2/install/nav2_behavior_tree:/home/yahboom/cartoros2/install/nav2_amcl:/home/yahboom/cartoros2/install/nav2_util:/home/yahboom/cartoros2/install/nav2_msgs:/home/yahboom/cartoros2/install/nav2_common:/home/yahboom/cartoros2/install/image_color_lab:/home/yahboom/cartoros2/install/dynamixel_sdk_examples:/home/yahboom/cartoros2/install/dynamixel_sdk_custom_interfaces:/home/yahboom/cartoros2/install/dynamixel_sdk:/home/yahboom/cartoros2/install/csm:/home/yahboom/cartoros2/install/champ_msgs:/home/yahboom/cartoros2/install/champ:/home/yahboom/cartoros2/install/cartographer_ros_msgs:/home/yahboom/cartoros2/install/cartographer:/home/yahboom/yahboomcar_ws/install/yahboom_dog_node:/home/yahboom/yahboomcar_ws/install/yahboom_dog_navigation2:/home/yahboom/yahboomcar_ws/install/yahboom_dog_nav:/home/yahboom/yahboomcar_ws/install/yahboom_dog_msgs:/home/yahboom/yahboomcar_ws/install/yahboom_dog_cartographer:/home/yahboom/yahboomcar_ws/install/yahboom_dog:/home/yahboom/yahboomcar_ws/install/yahboom_dog_bringup:/home/yahboom/yahboomcar_ws/install/dynamixel_sdk_examples:/home/yahboom/yahboomcar_ws/install/dynamixel_sdk_custom_interfaces:/home/yahboom/yahboomcar_ws/install/dynamixel_sdk:/home/yahboom/yahboomcar_ws/install/champ_navigation:/home/yahboom/yahboomcar_ws/install/champ_msgs:/home/yahboom/cartoros2/install/yahboomcar_nav:/home/yahboom/cartoros2/install/yahboomcar_ctrl:/home/yahboom/cartoros2/install/yahboom_visual:/home/yahboom/cartoros2/install/yahboom_dog_joint_state:/home/yahboom/cartoros2/install/yahboom_description:/home/yahboom/cartoros2/install/yahboom_color_identify_server:/home/yahboom/cartoros2/install/yahboom_bringup:/home/yahboom/cartoros2/install/yahboom_base:/home/yahboom/cartoros2/install/yahboom_app_save_map:/home/yahboom/cartoros2/install/update_map:/home/yahboom/cartoros2/install/rosboard:/home/yahboom/cartoros2/install/path_planner_server:/home/yahboom/cartoros2/install/nav2_simple_commander:/home/yahboom/cartoros2/install/nav2_gazebo_spawner:/home/yahboom/cartoros2/install/localization_server:/home/yahboom/cartoros2/install/laserscan_to_point_pulisher:/home/yahboom/cartoros2/install/dogzilla_sim:/home/yahboom/yahboomcar_ws/install/yahboom_dog_example:/home/yahboom/ros2_ws/install/tb3_slam_viewer:/opt/ros/humble:/home/yahboom/yahboomcar_ws/install/champ_gazebo:/home/yahboom/yahboomcar_ws/install/champ_bringup:/home/yahboom/yahboomcar_ws/install/champ_description:/home/yahboom/yahboomcar_ws/install/champ_config:/home/yahboom/yahboomcar_ws/install/champ:/home/yahboom/ros2_ws/install/your_planner:/home/yahboom/ros2_ws/install/champ_description VIRTUAL_ENV_PROMPT=(.venv) /usr/bin/cmake --build /home/yahboom/swerve_bringup/build/swerve_bringup -- -j16 -l16
[0.199s] -- Found ament_cmake: 1.3.12 (/opt/ros/humble/share/ament_cmake/cmake)
[0.782s] -- Override CMake install command with custom implementation using symlinks instead of copying resources
[0.805s] -- Found rosidl_default_generators: 1.2.0 (/opt/ros/humble/share/rosidl_default_generators/cmake)
[0.876s] -- Using all available rosidl_typesupport_c: rosidl_typesupport_fastrtps_c;rosidl_typesupport_introspection_c
[0.895s] -- Found rosidl_adapter: 3.1.7 (/opt/ros/humble/share/rosidl_adapter/cmake)
[1.010s] -- Using all available rosidl_typesupport_cpp: rosidl_typesupport_fastrtps_cpp;rosidl_typesupport_introspection_cpp
[2.477s] -- Found ament_cmake_ros: 0.10.0 (/opt/ros/humble/share/ament_cmake_ros/cmake)
[3.430s] -- Using all available rosidl_typesupport_c: rosidl_typesupport_fastrtps_c;rosidl_typesupport_introspection_c
[4.704s] -- Using all available rosidl_typesupport_cpp: rosidl_typesupport_fastrtps_cpp;rosidl_typesupport_introspection_cpp
[4.786s] -- Found python_cmake_module: 0.10.0 (/opt/ros/humble/share/python_cmake_module/cmake)
[4.913s] -- Using PYTHON_EXECUTABLE: /home/yahboom/swerve_bringup/waretwin/backend/.venv/bin/python3
[4.913s] -- Using PYTHON_INCLUDE_DIRS: /usr/include/python3.10
[4.913s] -- Using PYTHON_LIBRARIES: /usr/lib/x86_64-linux-gnu/libpython3.10.so
[5.179s] -- Configuring done
[5.316s] -- Generating done
[5.373s] -- Build files have been written to: /home/yahboom/swerve_bringup/build/swerve_bringup
[5.609s] [  3%] Built target swerve_bringup__cpp
[5.809s] [  3%] Built target ament_cmake_python_symlink_swerve_bringup
[5.870s] Consolidate compiler generated dependencies of target swerve_bringup__rosidl_typesupport_introspection_cpp
[5.951s] [ 12%] Built target swerve_bringup__rosidl_typesupport_introspection_cpp
[7.280s] running egg_info
[7.282s] writing swerve_bringup.egg-info/PKG-INFO
[7.283s] writing dependency_links to swerve_bringup.egg-info/dependency_links.txt
[7.293s] writing top-level names to swerve_bringup.egg-info/top_level.txt
[7.307s] reading manifest file 'swerve_bringup.egg-info/SOURCES.txt'
[7.308s] writing manifest file 'swerve_bringup.egg-info/SOURCES.txt'
[7.519s] [ 12%] Built target ament_cmake_python_build_swerve_bringup_egg
[7.601s] Consolidate compiler generated dependencies of target swerve_bringup__rosidl_typesupport_fastrtps_cpp
[7.676s] [ 22%] Built target swerve_bringup__rosidl_typesupport_fastrtps_cpp
[7.740s] Consolidate compiler generated dependencies of target swerve_bringup__rosidl_typesupport_cpp
[7.838s] [ 32%] Built target swerve_bringup__rosidl_typesupport_cpp
[7.915s] Consolidate compiler generated dependencies of target swerve_bringup__rosidl_generator_c
[7.976s] [ 41%] Built target swerve_bringup__rosidl_generator_c
[8.037s] Consolidate compiler generated dependencies of target swerve_bringup__rosidl_typesupport_fastrtps_c
[8.104s] [ 51%] Built target swerve_bringup__rosidl_typesupport_fastrtps_c
[8.181s] Consolidate compiler generated dependencies of target swerve_bringup__rosidl_typesupport_c
[8.265s] [ 61%] Built target swerve_bringup__rosidl_typesupport_c
[8.322s] Consolidate compiler generated dependencies of target swerve_bringup__rosidl_typesupport_introspection_c
[8.368s] [ 70%] Built target swerve_bringup__rosidl_typesupport_introspection_c
[8.512s] [ 70%] Built target swerve_bringup
[8.624s] [ 74%] Built target swerve_bringup__py
[8.686s] Consolidate compiler generated dependencies of target swerve_bringup__rosidl_generator_py
[8.756s] [ 80%] Built target swerve_bringup__rosidl_generator_py
[8.824s] Consolidate compiler generated dependencies of target swerve_bringup__rosidl_typesupport_fastrtps_c__pyext
[8.916s] [ 87%] Built target swerve_bringup__rosidl_typesupport_fastrtps_c__pyext
[8.997s] Consolidate compiler generated dependencies of target swerve_bringup__rosidl_typesupport_c__pyext
[9.102s] [ 93%] Built target swerve_bringup__rosidl_typesupport_c__pyext
[9.183s] Consolidate compiler generated dependencies of target swerve_bringup__rosidl_typesupport_introspection_c__pyext
[9.258s] [100%] Built target swerve_bringup__rosidl_typesupport_introspection_c__pyext
[9.339s] Invoked command in '/home/yahboom/swerve_bringup/build/swerve_bringup' returned '0': CMAKE_PREFIX_PATH=/home/yahboom/cartoros2/install/yahboom_web_savmap_interfaces:/home/yahboom/cartoros2/install/yahboom_qrcode:/home/yahboom/cartoros2/install/yahboom_point:/home/yahboom/cartoros2/install/yahboom_nav2_send_goal:/home/yahboom/cartoros2/install/yahboom_msgs:/home/yahboom/cartoros2/install/yahboom_config:/home/yahboom/cartoros2/install/yahboom_color_identify_interfaces:/home/yahboom/cartoros2/install/yahboom_attitude_record_interfaces:/home/yahboom/cartoros2/install/turtlebot3_description:/home/yahboom/cartoros2/install/robot_pose_publisher_ros2:/home/yahboom/cartoros2/install/rf2o_laser_odometry:/home/yahboom/cartoros2/install/nav2_system_tests:/home/yahboom/cartoros2/install/nav2_bringup:/home/yahboom/cartoros2/install/navigation2:/home/yahboom/cartoros2/install/nav2_smoother:/home/yahboom/cartoros2/install/nav2_graceful_controller:/home/yahboom/cartoros2/install/nav2_dwb_controller:/home/yahboom/cartoros2/install/nav2_controller:/home/yahboom/cartoros2/install/dwb_plugins:/home/yahboom/cartoros2/install/dwb_critics:/home/yahboom/cartoros2/install/dwb_core:/home/yahboom/cartoros2/install/nav_2d_utils:/home/yahboom/cartoros2/install/dwb_msgs:/home/yahboom/cartoros2/install/nav_2d_msgs:/home/yahboom/cartoros2/install/nav2_waypoint_follower:/home/yahboom/cartoros2/install/nav2_theta_star_planner:/home/yahboom/cartoros2/install/nav2_smac_planner:/home/yahboom/cartoros2/install/nav2_rotation_shim_controller:/home/yahboom/cartoros2/install/nav2_regulated_pure_pursuit_controller:/home/yahboom/cartoros2/install/nav2_planner:/home/yahboom/cartoros2/install/nav2_navfn_planner:/home/yahboom/cartoros2/install/nav2_mppi_controller:/home/yahboom/cartoros2/install/nav2_constrained_smoother:/home/yahboom/cartoros2/install/nav2_bt_navigator:/home/yahboom/cartoros2/install/nav2_behaviors:/home/yahboom/cartoros2/install/nav2_core:/home/yahboom/cartoros2/install/nav2_collision_monitor:/home/yahboom/cartoros2/install/costmap_queue:/home/yahboom/cartoros2/install/nav2_costmap_2d:/home/yahboom/cartoros2/install/nav2_voxel_grid:/home/yahboom/cartoros2/install/nav2_velocity_smoother:/home/yahboom/cartoros2/install/nav2_rviz_plugins:/home/yahboom/cartoros2/install/nav2_map_server:/home/yahboom/cartoros2/install/nav2_lifecycle_manager:/home/yahboom/cartoros2/install/nav2_behavior_tree:/home/yahboom/cartoros2/install/nav2_amcl:/home/yahboom/cartoros2/install/nav2_util:/home/yahboom/cartoros2/install/nav2_msgs:/home/yahboom/cartoros2/install/nav2_common:/home/yahboom/cartoros2/install/image_color_lab:/home/yahboom/cartoros2/install/dynamixel_sdk_examples:/home/yahboom/cartoros2/install/dynamixel_sdk_custom_interfaces:/home/yahboom/cartoros2/install/dynamixel_sdk:/home/yahboom/cartoros2/install/csm:/home/yahboom/cartoros2/install/champ_msgs:/home/yahboom/cartoros2/install/champ:/home/yahboom/cartoros2/install/cartographer_ros_msgs:/home/yahboom/cartoros2/install/cartographer:/home/yahboom/yahboomcar_ws/install/yahboom_dog_node:/home/yahboom/yahboomcar_ws/install/yahboom_dog_navigation2:/home/yahboom/yahboomcar_ws/install/yahboom_dog_nav:/home/yahboom/yahboomcar_ws/install/yahboom_dog_msgs:/home/yahboom/yahboomcar_ws/install/yahboom_dog_cartographer:/home/yahboom/yahboomcar_ws/install/yahboom_dog:/home/yahboom/yahboomcar_ws/install/yahboom_dog_bringup:/home/yahboom/yahboomcar_ws/install/dynamixel_sdk_examples:/home/yahboom/yahboomcar_ws/install/dynamixel_sdk_custom_interfaces:/home/yahboom/yahboomcar_ws/install/dynamixel_sdk:/home/yahboom/yahboomcar_ws/install/champ_navigation:/home/yahboom/yahboomcar_ws/install/champ_msgs:/home/yahboom/cartoros2/install/yahboomcar_nav:/home/yahboom/cartoros2/install/yahboomcar_ctrl:/home/yahboom/cartoros2/install/yahboom_visual:/home/yahboom/cartoros2/install/yahboom_dog_joint_state:/home/yahboom/cartoros2/install/yahboom_description:/home/yahboom/cartoros2/install/yahboom_color_identify_server:/home/yahboom/cartoros2/install/yahboom_bringup:/home/yahboom/cartoros2/install/yahboom_base:/home/yahboom/cartoros2/install/yahboom_app_save_map:/home/yahboom/cartoros2/install/update_map:/home/yahboom/cartoros2/install/rosboard:/home/yahboom/cartoros2/install/path_planner_server:/home/yahboom/cartoros2/install/nav2_simple_commander:/home/yahboom/cartoros2/install/nav2_gazebo_spawner:/home/yahboom/cartoros2/install/localization_server:/home/yahboom/cartoros2/install/laserscan_to_point_pulisher:/home/yahboom/cartoros2/install/dogzilla_sim:/home/yahboom/yahboomcar_ws/install/yahboom_dog_example:/home/yahboom/ros2_ws/install/tb3_slam_viewer:/opt/ros/humble:/home/yahboom/yahboomcar_ws/install/champ_gazebo:/home/yahboom/yahboomcar_ws/install/champ_bringup:/home/yahboom/yahboomcar_ws/install/champ_description:/home/yahboom/yahboomcar_ws/install/champ_config:/home/yahboom/yahboomcar_ws/install/champ:/home/yahboom/ros2_ws/install/your_planner:/home/yahboom/ros2_ws/install/champ_description VIRTUAL_ENV_PROMPT=(.venv) /usr/bin/cmake --build /home/yahboom/swerve_bringup/build/swerve_bringup -- -j16 -l16
[9.410s] Invoking command in '/home/yahboom/swerve_bringup/build/swerve_bringup': CMAKE_PREFIX_PATH=/home/yahboom/cartoros2/install/yahboom_web_savmap_interfaces:/home/yahboom/cartoros2/install/yahboom_qrcode:/home/yahboom/cartoros2/install/yahboom_point:/home/yahboom/cartoros2/install/yahboom_nav2_send_goal:/home/yahboom/cartoros2/install/yahboom_msgs:/home/yahboom/cartoros2/install/yahboom_config:/home/yahboom/cartoros2/install/yahboom_color_identify_interfaces:/home/yahboom/cartoros2/install/yahboom_attitude_record_interfaces:/home/yahboom/cartoros2/install/turtlebot3_description:/home/yahboom/cartoros2/install/robot_pose_publisher_ros2:/home/yahboom/cartoros2/install/rf2o_laser_odometry:/home/yahboom/cartoros2/install/nav2_system_tests:/home/yahboom/cartoros2/install/nav2_bringup:/home/yahboom/cartoros2/install/navigation2:/home/yahboom/cartoros2/install/nav2_smoother:/home/yahboom/cartoros2/install/nav2_graceful_controller:/home/yahboom/cartoros2/install/nav2_dwb_controller:/home/yahboom/cartoros2/install/nav2_controller:/home/yahboom/cartoros2/install/dwb_plugins:/home/yahboom/cartoros2/install/dwb_critics:/home/yahboom/cartoros2/install/dwb_core:/home/yahboom/cartoros2/install/nav_2d_utils:/home/yahboom/cartoros2/install/dwb_msgs:/home/yahboom/cartoros2/install/nav_2d_msgs:/home/yahboom/cartoros2/install/nav2_waypoint_follower:/home/yahboom/cartoros2/install/nav2_theta_star_planner:/home/yahboom/cartoros2/install/nav2_smac_planner:/home/yahboom/cartoros2/install/nav2_rotation_shim_controller:/home/yahboom/cartoros2/install/nav2_regulated_pure_pursuit_controller:/home/yahboom/cartoros2/install/nav2_planner:/home/yahboom/cartoros2/install/nav2_navfn_planner:/home/yahboom/cartoros2/install/nav2_mppi_controller:/home/yahboom/cartoros2/install/nav2_constrained_smoother:/home/yahboom/cartoros2/install/nav2_bt_navigator:/home/yahboom/cartoros2/install/nav2_behaviors:/home/yahboom/cartoros2/install/nav2_core:/home/yahboom/cartoros2/install/nav2_collision_monitor:/home/yahboom/cartoros2/install/costmap_queue:/home/yahboom/cartoros2/install/nav2_costmap_2d:/home/yahboom/cartoros2/install/nav2_voxel_grid:/home/yahboom/cartoros2/install/nav2_velocity_smoother:/home/yahboom/cartoros2/install/nav2_rviz_plugins:/home/yahboom/cartoros2/install/nav2_map_server:/home/yahboom/cartoros2/install/nav2_lifecycle_manager:/home/yahboom/cartoros2/install/nav2_behavior_tree:/home/yahboom/cartoros2/install/nav2_amcl:/home/yahboom/cartoros2/install/nav2_util:/home/yahboom/cartoros2/install/nav2_msgs:/home/yahboom/cartoros2/install/nav2_common:/home/yahboom/cartoros2/install/image_color_lab:/home/yahboom/cartoros2/install/dynamixel_sdk_examples:/home/yahboom/cartoros2/install/dynamixel_sdk_custom_interfaces:/home/yahboom/cartoros2/install/dynamixel_sdk:/home/yahboom/cartoros2/install/csm:/home/yahboom/cartoros2/install/champ_msgs:/home/yahboom/cartoros2/install/champ:/home/yahboom/cartoros2/install/cartographer_ros_msgs:/home/yahboom/cartoros2/install/cartographer:/home/yahboom/yahboomcar_ws/install/yahboom_dog_node:/home/yahboom/yahboomcar_ws/install/yahboom_dog_navigation2:/home/yahboom/yahboomcar_ws/install/yahboom_dog_nav:/home/yahboom/yahboomcar_ws/install/yahboom_dog_msgs:/home/yahboom/yahboomcar_ws/install/yahboom_dog_cartographer:/home/yahboom/yahboomcar_ws/install/yahboom_dog:/home/yahboom/yahboomcar_ws/install/yahboom_dog_bringup:/home/yahboom/yahboomcar_ws/install/dynamixel_sdk_examples:/home/yahboom/yahboomcar_ws/install/dynamixel_sdk_custom_interfaces:/home/yahboom/yahboomcar_ws/install/dynamixel_sdk:/home/yahboom/yahboomcar_ws/install/champ_navigation:/home/yahboom/yahboomcar_ws/install/champ_msgs:/home/yahboom/cartoros2/install/yahboomcar_nav:/home/yahboom/cartoros2/install/yahboomcar_ctrl:/home/yahboom/cartoros2/install/yahboom_visual:/home/yahboom/cartoros2/install/yahboom_dog_joint_state:/home/yahboom/cartoros2/install/yahboom_description:/home/yahboom/cartoros2/install/yahboom_color_identify_server:/home/yahboom/cartoros2/install/yahboom_bringup:/home/yahboom/cartoros2/install/yahboom_base:/home/yahboom/cartoros2/install/yahboom_app_save_map:/home/yahboom/cartoros2/install/update_map:/home/yahboom/cartoros2/install/rosboard:/home/yahboom/cartoros2/install/path_planner_server:/home/yahboom/cartoros2/install/nav2_simple_commander:/home/yahboom/cartoros2/install/nav2_gazebo_spawner:/home/yahboom/cartoros2/install/localization_server:/home/yahboom/cartoros2/install/laserscan_to_point_pulisher:/home/yahboom/cartoros2/install/dogzilla_sim:/home/yahboom/yahboomcar_ws/install/yahboom_dog_example:/home/yahboom/ros2_ws/install/tb3_slam_viewer:/opt/ros/humble:/home/yahboom/yahboomcar_ws/install/champ_gazebo:/home/yahboom/yahboomcar_ws/install/champ_bringup:/home/yahboom/yahboomcar_ws/install/champ_description:/home/yahboom/yahboomcar_ws/install/champ_config:/home/yahboom/yahboomcar_ws/install/champ:/home/yahboom/ros2_ws/install/your_planner:/home/yahboom/ros2_ws/install/champ_description VIRTUAL_ENV_PROMPT=(.venv) /usr/bin/cmake --install /home/yahboom/swerve_bringup/build/swerve_bringup
[9.442s] -- Install configuration: ""
[9.442s] -- Execute custom install script
[9.443s] -- Up-to-date symlink: /home/yahboom/swerve_bringup/install/swerve_bringup/share/ament_index/resource_index/rosidl_interfaces/swerve_bringup
[9.474s] -- Up-to-date symlink: /home/yahboom/swerve_bringup/install/swerve_bringup/include/swerve_bringup/swerve_bringup/action/detail/go_to_tag__functions.h
[9.474s] -- Up-to-date symlink: /home/yahboom/swerve_bringup/install/swerve_bringup/include/swerve_bringup/swerve_bringup/action/detail/go_to_tag__struct.h
[9.474s] -- Up-to-date symlink: /home/yahboom/swerve_bringup/install/swerve_bringup/include/swerve_bringup/swerve_bringup/action/detail/go_to_tag__type_support.h
[9.474s] -- Up-to-date symlink: /home/yahboom/swerve_bringup/install/swerve_bringup/include/swerve_bringup/swerve_bringup/action/go_to_tag.h
[9.474s] -- Up-to-date symlink: /home/yahboom/swerve_bringup/install/swerve_bringup/include/swerve_bringup/swerve_bringup/msg/rosidl_generator_c__visibility_control.h
[9.474s] -- Up-to-date symlink: /home/yahboom/swerve_bringup/install/swerve_bringup/share/swerve_bringup/environment/library_path.sh
[9.474s] -- Up-to-date symlink: /home/yahboom/swerve_bringup/install/swerve_bringup/share/swerve_bringup/environment/library_path.dsv
[9.474s] -- Up-to-date symlink: /home/yahboom/swerve_bringup/install/swerve_bringup/include/swerve_bringup/swerve_bringup/action/detail/go_to_tag__rosidl_typesupport_fastrtps_c.h
[9.474s] -- Up-to-date symlink: /home/yahboom/swerve_bringup/install/swerve_bringup/include/swerve_bringup/swerve_bringup/msg/rosidl_typesupport_fastrtps_c__visibility_control.h
[9.474s] -- Up-to-date symlink: /home/yahboom/swerve_bringup/install/swerve_bringup/include/swerve_bringup/swerve_bringup/action/detail/go_to_tag__rosidl_typesupport_introspection_c.h
[9.474s] -- Up-to-date symlink: /home/yahboom/swerve_bringup/install/swerve_bringup/include/swerve_bringup/swerve_bringup/msg/rosidl_typesupport_introspection_c__visibility_control.h
[9.474s] -- Up-to-date symlink: /home/yahboom/swerve_bringup/install/swerve_bringup/include/swerve_bringup/swerve_bringup/action/detail/go_to_tag__builder.hpp
[9.475s] -- Up-to-date symlink: /home/yahboom/swerve_bringup/install/swerve_bringup/include/swerve_bringup/swerve_bringup/action/detail/go_to_tag__struct.hpp
[9.475s] -- Up-to-date symlink: /home/yahboom/swerve_bringup/install/swerve_bringup/include/swerve_bringup/swerve_bringup/action/detail/go_to_tag__traits.hpp
[9.475s] -- Up-to-date symlink: /home/yahboom/swerve_bringup/install/swerve_bringup/include/swerve_bringup/swerve_bringup/action/detail/go_to_tag__type_support.hpp
[9.475s] -- Up-to-date symlink: /home/yahboom/swerve_bringup/install/swerve_bringup/include/swerve_bringup/swerve_bringup/action/go_to_tag.hpp
[9.475s] -- Up-to-date symlink: /home/yahboom/swerve_bringup/install/swerve_bringup/include/swerve_bringup/swerve_bringup/msg/rosidl_generator_cpp__visibility_control.hpp
[9.475s] -- Up-to-date symlink: /home/yahboom/swerve_bringup/install/swerve_bringup/include/swerve_bringup/swerve_bringup/action/detail/go_to_tag__rosidl_typesupport_fastrtps_cpp.hpp
[9.478s] -- Up-to-date symlink: /home/yahboom/swerve_bringup/install/swerve_bringup/include/swerve_bringup/swerve_bringup/msg/rosidl_typesupport_fastrtps_cpp__visibility_control.h
[9.478s] -- Up-to-date symlink: /home/yahboom/swerve_bringup/install/swerve_bringup/include/swerve_bringup/swerve_bringup/action/detail/go_to_tag__rosidl_typesupport_introspection_cpp.hpp
[9.478s] -- Up-to-date symlink: /home/yahboom/swerve_bringup/install/swerve_bringup/share/swerve_bringup/environment/pythonpath.sh
[9.478s] -- Up-to-date symlink: /home/yahboom/swerve_bringup/install/swerve_bringup/share/swerve_bringup/environment/pythonpath.dsv
[9.478s] -- Up-to-date symlink: /home/yahboom/swerve_bringup/install/swerve_bringup/lib/python3.10/site-packages/swerve_bringup-0.1.0-py3.10.egg-info/PKG-INFO
[9.478s] -- Up-to-date symlink: /home/yahboom/swerve_bringup/install/swerve_bringup/lib/python3.10/site-packages/swerve_bringup-0.1.0-py3.10.egg-info/SOURCES.txt
[9.479s] -- Up-to-date symlink: /home/yahboom/swerve_bringup/install/swerve_bringup/lib/python3.10/site-packages/swerve_bringup-0.1.0-py3.10.egg-info/dependency_links.txt
[9.479s] -- Up-to-date symlink: /home/yahboom/swerve_bringup/install/swerve_bringup/lib/python3.10/site-packages/swerve_bringup-0.1.0-py3.10.egg-info/top_level.txt
[9.479s] -- Up-to-date symlink: /home/yahboom/swerve_bringup/install/swerve_bringup/lib/python3.10/site-packages/swerve_bringup/__init__.py
[9.479s] -- Up-to-date symlink: /home/yahboom/swerve_bringup/install/swerve_bringup/lib/python3.10/site-packages/swerve_bringup/_swerve_bringup_s.ep.rosidl_typesupport_c.c
[9.479s] -- Up-to-date symlink: /home/yahboom/swerve_bringup/install/swerve_bringup/lib/python3.10/site-packages/swerve_bringup/_swerve_bringup_s.ep.rosidl_typesupport_fastrtps_c.c
[9.479s] -- Up-to-date symlink: /home/yahboom/swerve_bringup/install/swerve_bringup/lib/python3.10/site-packages/swerve_bringup/_swerve_bringup_s.ep.rosidl_typesupport_introspection_c.c
[9.479s] -- Up-to-date symlink: /home/yahboom/swerve_bringup/install/swerve_bringup/lib/python3.10/site-packages/swerve_bringup/action/__init__.py
[9.479s] -- Up-to-date symlink: /home/yahboom/swerve_bringup/install/swerve_bringup/lib/python3.10/site-packages/swerve_bringup/action/_go_to_tag.py
[9.479s] -- Up-to-date symlink: /home/yahboom/swerve_bringup/install/swerve_bringup/lib/python3.10/site-packages/swerve_bringup/action/_go_to_tag_s.c
[9.479s] -- Up-to-date symlink: /home/yahboom/swerve_bringup/install/swerve_bringup/lib/python3.10/site-packages/swerve_bringup/libswerve_bringup__rosidl_generator_py.so
[9.479s] -- Up-to-date symlink: /home/yahboom/swerve_bringup/install/swerve_bringup/lib/python3.10/site-packages/swerve_bringup/swerve_bringup_s__rosidl_typesupport_c.cpython-310-x86_64-linux-gnu.so
[9.480s] -- Up-to-date symlink: /home/yahboom/swerve_bringup/install/swerve_bringup/lib/python3.10/site-packages/swerve_bringup/swerve_bringup_s__rosidl_typesupport_fastrtps_c.cpython-310-x86_64-linux-gnu.so
[9.480s] -- Up-to-date symlink: /home/yahboom/swerve_bringup/install/swerve_bringup/lib/python3.10/site-packages/swerve_bringup/swerve_bringup_s__rosidl_typesupport_introspection_c.cpython-310-x86_64-linux-gnu.so
[9.480s] -- Up-to-date symlink: /home/yahboom/swerve_bringup/install/swerve_bringup/lib/python3.10/site-packages/swerve_bringup/swerve_bringup_s__rosidl_typesupport_fastrtps_c.cpython-310-x86_64-linux-gnu.so
[9.483s] -- Up-to-date symlink: /home/yahboom/swerve_bringup/install/swerve_bringup/lib/python3.10/site-packages/swerve_bringup/swerve_bringup_s__rosidl_typesupport_introspection_c.cpython-310-x86_64-linux-gnu.so
[9.484s] -- Up-to-date symlink: /home/yahboom/swerve_bringup/install/swerve_bringup/lib/python3.10/site-packages/swerve_bringup/swerve_bringup_s__rosidl_typesupport_c.cpython-310-x86_64-linux-gnu.so
[9.484s] -- Up-to-date symlink: /home/yahboom/swerve_bringup/install/swerve_bringup/share/swerve_bringup/action/GoToTag.idl
[9.489s] -- Up-to-date symlink: /home/yahboom/swerve_bringup/install/swerve_bringup/share/swerve_bringup/action/GoToTag.action
[9.489s] -- Up-to-date symlink: /home/yahboom/swerve_bringup/install/swerve_bringup/share/swerve_bringup/urdf/swerve_base.urdf
[9.490s] -- Up-to-date symlink: /home/yahboom/swerve_bringup/install/swerve_bringup/share/swerve_bringup/meshes/base_frame.stl
[9.490s] -- Up-to-date symlink: /home/yahboom/swerve_bringup/install/swerve_bringup/share/swerve_bringup/meshes/steer_front_housing_v2.stl
[9.490s] -- Up-to-date symlink: /home/yahboom/swerve_bringup/install/swerve_bringup/share/swerve_bringup/meshes/steer_front_wheel_v2.stl
[9.490s] -- Up-to-date symlink: /home/yahboom/swerve_bringup/install/swerve_bringup/share/swerve_bringup/meshes/steer_rear_housing_v2.stl
[9.490s] -- Up-to-date symlink: /home/yahboom/swerve_bringup/install/swerve_bringup/share/swerve_bringup/meshes/steer_rear_wheel_v2.stl
[9.490s] -- Up-to-date symlink: /home/yahboom/swerve_bringup/install/swerve_bringup/share/swerve_bringup/launch/__pycache__/display.launch.cpython-310.pyc
[9.490s] -- Up-to-date symlink: /home/yahboom/swerve_bringup/install/swerve_bringup/share/swerve_bringup/launch/__pycache__/gazebo.launch.cpython-310.pyc
[9.490s] -- Up-to-date symlink: /home/yahboom/swerve_bringup/install/swerve_bringup/share/swerve_bringup/launch/__pycache__/slam.launch.cpython-310.pyc
[9.490s] -- Up-to-date symlink: /home/yahboom/swerve_bringup/install/swerve_bringup/share/swerve_bringup/launch/__pycache__/system.launch.cpython-310.pyc
[9.490s] -- Up-to-date symlink: /home/yahboom/swerve_bringup/install/swerve_bringup/share/swerve_bringup/launch/__pycache__/v30e_sim.launch.cpython-310.pyc
[9.490s] -- Up-to-date symlink: /home/yahboom/swerve_bringup/install/swerve_bringup/share/swerve_bringup/launch/display.launch.py
[9.490s] -- Up-to-date symlink: /home/yahboom/swerve_bringup/install/swerve_bringup/share/swerve_bringup/launch/gazebo.launch.py
[9.490s] -- Up-to-date symlink: /home/yahboom/swerve_bringup/install/swerve_bringup/share/swerve_bringup/launch/gazebo.launch.py.bak
[9.490s] -- Up-to-date symlink: /home/yahboom/swerve_bringup/install/swerve_bringup/share/swerve_bringup/launch/slam.launch.py
[9.490s] -- Up-to-date symlink: /home/yahboom/swerve_bringup/install/swerve_bringup/share/swerve_bringup/launch/system.launch.py
[9.491s] -- Up-to-date symlink: /home/yahboom/swerve_bringup/install/swerve_bringup/share/swerve_bringup/launch/v30e_sim.launch.py
[9.491s] -- Up-to-date symlink: /home/yahboom/swerve_bringup/install/swerve_bringup/share/swerve_bringup/rviz/swerve.rviz
[9.491s] -- Up-to-date symlink: /home/yahboom/swerve_bringup/install/swerve_bringup/share/swerve_bringup/worlds/test.world
[9.491s] -- Up-to-date symlink: /home/yahboom/swerve_bringup/install/swerve_bringup/share/swerve_bringup/worlds/warehouse.world
[9.491s] -- Up-to-date symlink: /home/yahboom/swerve_bringup/install/swerve_bringup/share/swerve_bringup/config/caster_geometry.yaml
[9.491s] -- Up-to-date symlink: /home/yahboom/swerve_bringup/install/swerve_bringup/share/swerve_bringup/config/caster_trail_sweep_test_only.yaml
[9.491s] -- Up-to-date symlink: /home/yahboom/swerve_bringup/install/swerve_bringup/share/swerve_bringup/config/controllers.yaml
[9.491s] -- Up-to-date symlink: /home/yahboom/swerve_bringup/install/swerve_bringup/share/swerve_bringup/config/datamatrix_map.yaml
[9.491s] -- Up-to-date symlink: /home/yahboom/swerve_bringup/install/swerve_bringup/share/swerve_bringup/config/ekf.yaml
[9.491s] -- Up-to-date symlink: /home/yahboom/swerve_bringup/install/swerve_bringup/share/swerve_bringup/config/imu.yaml
[9.491s] -- Up-to-date symlink: /home/yahboom/swerve_bringup/install/swerve_bringup/share/swerve_bringup/config/lidar.yaml
[9.491s] -- Up-to-date symlink: /home/yahboom/swerve_bringup/install/swerve_bringup/share/swerve_bringup/config/lidar_preprocessing.yaml
[9.495s] -- Up-to-date symlink: /home/yahboom/swerve_bringup/install/swerve_bringup/share/swerve_bringup/config/pointcloud_to_laserscan.yaml
[9.495s] -- Up-to-date symlink: /home/yahboom/swerve_bringup/install/swerve_bringup/share/swerve_bringup/config/sim_real_interface.yaml
[9.496s] -- Up-to-date symlink: /home/yahboom/swerve_bringup/install/swerve_bringup/share/swerve_bringup/config/slam_toolbox.yaml
[9.496s] -- Up-to-date symlink: /home/yahboom/swerve_bringup/install/swerve_bringup/share/swerve_bringup/config/swerve_controller.yaml
[9.496s] -- Up-to-date symlink: /home/yahboom/swerve_bringup/install/swerve_bringup/share/swerve_bringup/config/swerve_odometry.yaml
[9.496s] -- Up-to-date symlink: /home/yahboom/swerve_bringup/install/swerve_bringup/share/swerve_bringup/config/tag_graph.yaml
[9.496s] -- Up-to-date symlink: /home/yahboom/swerve_bringup/install/swerve_bringup/share/swerve_bringup/config/tag_navigation.yaml
[9.496s] -- Up-to-date symlink: /home/yahboom/swerve_bringup/install/swerve_bringup/share/swerve_bringup/config/v30e_localization_ekf.yaml
[9.496s] -- Up-to-date symlink: /home/yahboom/swerve_bringup/install/swerve_bringup/share/swerve_bringup/config/v30e_sim.yaml
[9.496s] -- Up-to-date symlink: /home/yahboom/swerve_bringup/install/swerve_bringup/share/swerve_bringup/models/datamatrix_marker/model.config
[9.496s] -- Up-to-date symlink: /home/yahboom/swerve_bringup/install/swerve_bringup/share/swerve_bringup/models/datamatrix_marker/model.sdf
[9.496s] -- Up-to-date symlink: /home/yahboom/swerve_bringup/install/swerve_bringup/share/swerve_bringup/swerve_navigation/config/nav2_params.yaml
[9.497s] -- Up-to-date symlink: /home/yahboom/swerve_bringup/install/swerve_bringup/share/swerve_bringup/swerve_navigation/maps/.gitkeep
[9.497s] -- Up-to-date symlink: /home/yahboom/swerve_bringup/install/swerve_bringup/share/swerve_bringup/swerve_navigation/maps/warehouse.pgm
[9.497s] -- Up-to-date symlink: /home/yahboom/swerve_bringup/install/swerve_bringup/share/swerve_bringup/swerve_navigation/maps/warehouse.yaml
[9.497s] -- Up-to-date symlink: /home/yahboom/swerve_bringup/install/swerve_bringup/share/swerve_bringup/launch/navigation.launch.py
[9.497s] -- Symlinking: /home/yahboom/swerve_bringup/install/swerve_bringup/lib/swerve_bringup/tag_navigation_core.py
[9.571s] -- Up-to-date symlink: /home/yahboom/swerve_bringup/install/swerve_bringup/share/ament_index/resource_index/package_run_dependencies/swerve_bringup
[9.577s] -- Up-to-date symlink: /home/yahboom/swerve_bringup/install/swerve_bringup/share/ament_index/resource_index/parent_prefix_path/swerve_bringup
[9.577s] -- Up-to-date symlink: /home/yahboom/swerve_bringup/install/swerve_bringup/share/swerve_bringup/environment/ament_prefix_path.sh
[9.577s] -- Up-to-date symlink: /home/yahboom/swerve_bringup/install/swerve_bringup/share/swerve_bringup/environment/ament_prefix_path.dsv
[9.577s] -- Up-to-date symlink: /home/yahboom/swerve_bringup/install/swerve_bringup/share/swerve_bringup/environment/path.sh
[9.578s] -- Up-to-date symlink: /home/yahboom/swerve_bringup/install/swerve_bringup/share/swerve_bringup/environment/path.dsv
[9.578s] -- Up-to-date symlink: /home/yahboom/swerve_bringup/install/swerve_bringup/share/swerve_bringup/local_setup.bash
[9.578s] -- Up-to-date symlink: /home/yahboom/swerve_bringup/install/swerve_bringup/share/swerve_bringup/local_setup.sh
[9.578s] -- Up-to-date symlink: /home/yahboom/swerve_bringup/install/swerve_bringup/share/swerve_bringup/local_setup.zsh
[9.578s] -- Up-to-date symlink: /home/yahboom/swerve_bringup/install/swerve_bringup/share/swerve_bringup/local_setup.dsv
[9.578s] -- Symlinking: /home/yahboom/swerve_bringup/install/swerve_bringup/share/swerve_bringup/package.dsv
[9.630s] -- Up-to-date symlink: /home/yahboom/swerve_bringup/install/swerve_bringup/share/ament_index/resource_index/packages/swerve_bringup
[9.630s] -- Up-to-date symlink: /home/yahboom/swerve_bringup/install/swerve_bringup/share/swerve_bringup/cmake/rosidl_cmake-extras.cmake
[9.630s] -- Up-to-date symlink: /home/yahboom/swerve_bringup/install/swerve_bringup/share/swerve_bringup/cmake/ament_cmake_export_dependencies-extras.cmake
[9.630s] -- Up-to-date symlink: /home/yahboom/swerve_bringup/install/swerve_bringup/share/swerve_bringup/cmake/ament_cmake_export_include_directories-extras.cmake
[9.630s] -- Up-to-date symlink: /home/yahboom/swerve_bringup/install/swerve_bringup/share/swerve_bringup/cmake/ament_cmake_export_libraries-extras.cmake
[9.630s] -- Up-to-date symlink: /home/yahboom/swerve_bringup/install/swerve_bringup/share/swerve_bringup/cmake/ament_cmake_export_targets-extras.cmake
[9.630s] -- Up-to-date symlink: /home/yahboom/swerve_bringup/install/swerve_bringup/share/swerve_bringup/cmake/rosidl_cmake_export_typesupport_targets-extras.cmake
[9.642s] -- Up-to-date symlink: /home/yahboom/swerve_bringup/install/swerve_bringup/share/swerve_bringup/cmake/rosidl_cmake_export_typesupport_libraries-extras.cmake
[9.642s] -- Up-to-date symlink: /home/yahboom/swerve_bringup/install/swerve_bringup/share/swerve_bringup/cmake/swerve_bringupConfig.cmake
[9.642s] -- Up-to-date symlink: /home/yahboom/swerve_bringup/install/swerve_bringup/share/swerve_bringup/cmake/swerve_bringupConfig-version.cmake
[9.642s] -- Up-to-date symlink: /home/yahboom/swerve_bringup/install/swerve_bringup/share/swerve_bringup/package.xml
[9.642s] -- Up-to-date: /home/yahboom/swerve_bringup/install/swerve_bringup/lib/libswerve_bringup__rosidl_generator_c.so
[9.643s] -- Up-to-date: /home/yahboom/swerve_bringup/install/swerve_bringup/lib/libswerve_bringup__rosidl_typesupport_fastrtps_c.so
[9.643s] -- Up-to-date: /home/yahboom/swerve_bringup/install/swerve_bringup/lib/libswerve_bringup__rosidl_typesupport_introspection_c.so
[9.643s] -- Up-to-date: /home/yahboom/swerve_bringup/install/swerve_bringup/lib/libswerve_bringup__rosidl_typesupport_c.so
[9.643s] -- Up-to-date: /home/yahboom/swerve_bringup/install/swerve_bringup/lib/libswerve_bringup__rosidl_typesupport_fastrtps_cpp.so
[9.643s] -- Up-to-date: /home/yahboom/swerve_bringup/install/swerve_bringup/lib/libswerve_bringup__rosidl_typesupport_introspection_cpp.so
[9.647s] -- Up-to-date: /home/yahboom/swerve_bringup/install/swerve_bringup/lib/libswerve_bringup__rosidl_typesupport_cpp.so
[9.838s] Listing '/home/yahboom/swerve_bringup/install/swerve_bringup/lib/python3.10/site-packages/swerve_bringup'...
[9.838s] Compiling '/home/yahboom/swerve_bringup/install/swerve_bringup/lib/python3.10/site-packages/swerve_bringup/__init__.py'...
[9.838s] Listing '/home/yahboom/swerve_bringup/install/swerve_bringup/lib/python3.10/site-packages/swerve_bringup/action'...
[9.860s] -- Up-to-date: /home/yahboom/swerve_bringup/install/swerve_bringup/lib/libswerve_bringup__rosidl_generator_py.so
[9.861s] -- Up-to-date: /home/yahboom/swerve_bringup/install/swerve_bringup/lib/swerve_bringup/swerve_controller_node
[9.861s] -- Up-to-date: /home/yahboom/swerve_bringup/install/swerve_bringup/lib/swerve_bringup/swerve_odometry_node
[9.861s] -- Up-to-date: /home/yahboom/swerve_bringup/install/swerve_bringup/lib/swerve_bringup/lidar_preprocessor_node
[9.861s] -- Up-to-date: /home/yahboom/swerve_bringup/install/swerve_bringup/lib/swerve_bringup/v30e_sim_node
[9.861s] -- Up-to-date: /home/yahboom/swerve_bringup/install/swerve_bringup/lib/swerve_bringup/tag_route_planner
[9.861s] -- Up-to-date: /home/yahboom/swerve_bringup/install/swerve_bringup/lib/swerve_bringup/test_navigation.py
[9.861s] -- Up-to-date: /home/yahboom/swerve_bringup/install/swerve_bringup/lib/swerve_bringup/accuracy_benchmark.py
[9.861s] -- Up-to-date: /home/yahboom/swerve_bringup/install/swerve_bringup/lib/swerve_bringup/navigation_readiness.py
[9.861s] -- Up-to-date: /home/yahboom/swerve_bringup/install/swerve_bringup/lib/swerve_bringup/run_acceptance.py
[9.861s] -- Up-to-date: /home/yahboom/swerve_bringup/install/swerve_bringup/lib/swerve_bringup/raw_motion.py
[9.861s] -- Up-to-date: /home/yahboom/swerve_bringup/install/swerve_bringup/lib/swerve_bringup/validate_caster_geometry.py
[9.861s] -- Up-to-date: /home/yahboom/swerve_bringup/install/swerve_bringup/lib/swerve_bringup/nav_accuracy_case.py
[9.861s] -- Up-to-date: /home/yahboom/swerve_bringup/install/swerve_bringup/lib/swerve_bringup/run_full_acceptance.py
[9.862s] -- Up-to-date: /home/yahboom/swerve_bringup/install/swerve_bringup/share/swerve_bringup/cmake/export_swerve_bringup__rosidl_generator_cExport.cmake
[9.868s] -- Up-to-date: /home/yahboom/swerve_bringup/install/swerve_bringup/share/swerve_bringup/cmake/export_swerve_bringup__rosidl_generator_cExport-noconfig.cmake
[9.868s] -- Up-to-date: /home/yahboom/swerve_bringup/install/swerve_bringup/share/swerve_bringup/cmake/export_swerve_bringup__rosidl_typesupport_fastrtps_cExport.cmake
[9.869s] -- Up-to-date: /home/yahboom/swerve_bringup/install/swerve_bringup/share/swerve_bringup/cmake/export_swerve_bringup__rosidl_typesupport_fastrtps_cExport-noconfig.cmake
[9.869s] -- Up-to-date: /home/yahboom/swerve_bringup/install/swerve_bringup/share/swerve_bringup/cmake/swerve_bringup__rosidl_typesupport_introspection_cExport.cmake
[9.869s] -- Up-to-date: /home/yahboom/swerve_bringup/install/swerve_bringup/share/swerve_bringup/cmake/swerve_bringup__rosidl_typesupport_introspection_cExport-noconfig.cmake
[9.869s] -- Up-to-date: /home/yahboom/swerve_bringup/install/swerve_bringup/share/swerve_bringup/cmake/swerve_bringup__rosidl_typesupport_cExport.cmake
[9.869s] -- Up-to-date: /home/yahboom/swerve_bringup/install/swerve_bringup/share/swerve_bringup/cmake/swerve_bringup__rosidl_typesupport_cExport-noconfig.cmake
[9.869s] -- Up-to-date: /home/yahboom/swerve_bringup/install/swerve_bringup/share/swerve_bringup/cmake/export_swerve_bringup__rosidl_generator_cppExport.cmake
[9.870s] -- Up-to-date: /home/yahboom/swerve_bringup/install/swerve_bringup/share/swerve_bringup/cmake/export_swerve_bringup__rosidl_typesupport_fastrtps_cppExport.cmake
[9.870s] -- Up-to-date: /home/yahboom/swerve_bringup/install/swerve_bringup/share/swerve_bringup/cmake/export_swerve_bringup__rosidl_typesupport_fastrtps_cppExport-noconfig.cmake
[9.870s] -- Up-to-date: /home/yahboom/swerve_bringup/install/swerve_bringup/share/swerve_bringup/cmake/swerve_bringup__rosidl_typesupport_introspection_cppExport.cmake
[9.870s] -- Up-to-date: /home/yahboom/swerve_bringup/install/swerve_bringup/share/swerve_bringup/cmake/swerve_bringup__rosidl_typesupport_introspection_cppExport-noconfig.cmake
[9.870s] -- Up-to-date: /home/yahboom/swerve_bringup/install/swerve_bringup/share/swerve_bringup/cmake/swerve_bringup__rosidl_typesupport_cppExport.cmake
[9.870s] -- Up-to-date: /home/yahboom/swerve_bringup/install/swerve_bringup/share/swerve_bringup/cmake/swerve_bringup__rosidl_typesupport_cppExport-noconfig.cmake
[9.870s] -- Up-to-date: /home/yahboom/swerve_bringup/install/swerve_bringup/share/swerve_bringup/cmake/export_swerve_bringup__rosidl_generator_pyExport.cmake
[9.870s] -- Up-to-date: /home/yahboom/swerve_bringup/install/swerve_bringup/share/swerve_bringup/cmake/export_swerve_bringup__rosidl_generator_pyExport-noconfig.cmake
[9.893s] Invoked command in '/home/yahboom/swerve_bringup/build/swerve_bringup' returned '0': CMAKE_PREFIX_PATH=/home/yahboom/cartoros2/install/yahboom_web_savmap_interfaces:/home/yahboom/cartoros2/install/yahboom_qrcode:/home/yahboom/cartoros2/install/yahboom_point:/home/yahboom/cartoros2/install/yahboom_nav2_send_goal:/home/yahboom/cartoros2/install/yahboom_msgs:/home/yahboom/cartoros2/install/yahboom_config:/home/yahboom/cartoros2/install/yahboom_color_identify_interfaces:/home/yahboom/cartoros2/install/yahboom_attitude_record_interfaces:/home/yahboom/cartoros2/install/turtlebot3_description:/home/yahboom/cartoros2/install/robot_pose_publisher_ros2:/home/yahboom/cartoros2/install/rf2o_laser_odometry:/home/yahboom/cartoros2/install/nav2_system_tests:/home/yahboom/cartoros2/install/nav2_bringup:/home/yahboom/cartoros2/install/navigation2:/home/yahboom/cartoros2/install/nav2_smoother:/home/yahboom/cartoros2/install/nav2_graceful_controller:/home/yahboom/cartoros2/install/nav2_dwb_controller:/home/yahboom/cartoros2/install/nav2_controller:/home/yahboom/cartoros2/install/dwb_plugins:/home/yahboom/cartoros2/install/dwb_critics:/home/yahboom/cartoros2/install/dwb_core:/home/yahboom/cartoros2/install/nav_2d_utils:/home/yahboom/cartoros2/install/dwb_msgs:/home/yahboom/cartoros2/install/nav_2d_msgs:/home/yahboom/cartoros2/install/nav2_waypoint_follower:/home/yahboom/cartoros2/install/nav2_theta_star_planner:/home/yahboom/cartoros2/install/nav2_smac_planner:/home/yahboom/cartoros2/install/nav2_rotation_shim_controller:/home/yahboom/cartoros2/install/nav2_regulated_pure_pursuit_controller:/home/yahboom/cartoros2/install/nav2_planner:/home/yahboom/cartoros2/install/nav2_navfn_planner:/home/yahboom/cartoros2/install/nav2_mppi_controller:/home/yahboom/cartoros2/install/nav2_constrained_smoother:/home/yahboom/cartoros2/install/nav2_bt_navigator:/home/yahboom/cartoros2/install/nav2_behaviors:/home/yahboom/cartoros2/install/nav2_core:/home/yahboom/cartoros2/install/nav2_collision_monitor:/home/yahboom/cartoros2/install/costmap_queue:/home/yahboom/cartoros2/install/nav2_costmap_2d:/home/yahboom/cartoros2/install/nav2_voxel_grid:/home/yahboom/cartoros2/install/nav2_velocity_smoother:/home/yahboom/cartoros2/install/nav2_rviz_plugins:/home/yahboom/cartoros2/install/nav2_map_server:/home/yahboom/cartoros2/install/nav2_lifecycle_manager:/home/yahboom/cartoros2/install/nav2_behavior_tree:/home/yahboom/cartoros2/install/nav2_amcl:/home/yahboom/cartoros2/install/nav2_util:/home/yahboom/cartoros2/install/nav2_msgs:/home/yahboom/cartoros2/install/nav2_common:/home/yahboom/cartoros2/install/image_color_lab:/home/yahboom/cartoros2/install/dynamixel_sdk_examples:/home/yahboom/cartoros2/install/dynamixel_sdk_custom_interfaces:/home/yahboom/cartoros2/install/dynamixel_sdk:/home/yahboom/cartoros2/install/csm:/home/yahboom/cartoros2/install/champ_msgs:/home/yahboom/cartoros2/install/champ:/home/yahboom/cartoros2/install/cartographer_ros_msgs:/home/yahboom/cartoros2/install/cartographer:/home/yahboom/yahboomcar_ws/install/yahboom_dog_node:/home/yahboom/yahboomcar_ws/install/yahboom_dog_navigation2:/home/yahboom/yahboomcar_ws/install/yahboom_dog_nav:/home/yahboom/yahboomcar_ws/install/yahboom_dog_msgs:/home/yahboom/yahboomcar_ws/install/yahboom_dog_cartographer:/home/yahboom/yahboomcar_ws/install/yahboom_dog:/home/yahboom/yahboomcar_ws/install/yahboom_dog_bringup:/home/yahboom/yahboomcar_ws/install/dynamixel_sdk_examples:/home/yahboom/yahboomcar_ws/install/dynamixel_sdk_custom_interfaces:/home/yahboom/yahboomcar_ws/install/dynamixel_sdk:/home/yahboom/yahboomcar_ws/install/champ_navigation:/home/yahboom/yahboomcar_ws/install/champ_msgs:/home/yahboom/cartoros2/install/yahboomcar_nav:/home/yahboom/cartoros2/install/yahboomcar_ctrl:/home/yahboom/cartoros2/install/yahboom_visual:/home/yahboom/cartoros2/install/yahboom_dog_joint_state:/home/yahboom/cartoros2/install/yahboom_description:/home/yahboom/cartoros2/install/yahboom_color_identify_server:/home/yahboom/cartoros2/install/yahboom_bringup:/home/yahboom/cartoros2/install/yahboom_base:/home/yahboom/cartoros2/install/yahboom_app_save_map:/home/yahboom/cartoros2/install/update_map:/home/yahboom/cartoros2/install/rosboard:/home/yahboom/cartoros2/install/path_planner_server:/home/yahboom/cartoros2/install/nav2_simple_commander:/home/yahboom/cartoros2/install/nav2_gazebo_spawner:/home/yahboom/cartoros2/install/localization_server:/home/yahboom/cartoros2/install/laserscan_to_point_pulisher:/home/yahboom/cartoros2/install/dogzilla_sim:/home/yahboom/yahboomcar_ws/install/yahboom_dog_example:/home/yahboom/ros2_ws/install/tb3_slam_viewer:/opt/ros/humble:/home/yahboom/yahboomcar_ws/install/champ_gazebo:/home/yahboom/yahboomcar_ws/install/champ_bringup:/home/yahboom/yahboomcar_ws/install/champ_description:/home/yahboom/yahboomcar_ws/install/champ_config:/home/yahboom/yahboomcar_ws/install/champ:/home/yahboom/ros2_ws/install/your_planner:/home/yahboom/ros2_ws/install/champ_description VIRTUAL_ENV_PROMPT=(.venv) /usr/bin/cmake --install /home/yahboom/swerve_bringup/build/swerve_bringup
