[INFO] [launch]: All log files can be found below /home/yahboom/.ros/log/2026-09-17-19-04-18-324757-yahboom-virtual-machine-178788
[INFO] [launch]: Default logging verbosity is set to INFO
[INFO] [gzserver-1]: process started with pid [178818]
[INFO] [robot_state_publisher-2]: process started with pid [178820]
[INFO] [spawn_entity.py-3]: process started with pid [178822]
[INFO] [ekf_node-4]: process started with pid [178824]
[INFO] [v30e_sim_node-5]: process started with pid [178839]
[INFO] [ekf_node-6]: process started with pid [178845]
[INFO] [map_server-7]: process started with pid [178847]
[INFO] [controller_server-8]: process started with pid [178850]
[INFO] [planner_server-9]: process started with pid [178852]
[INFO] [behavior_server-10]: process started with pid [178856]
[INFO] [bt_navigator-11]: process started with pid [178859]
[INFO] [waypoint_follower-12]: process started with pid [178862]
[INFO] [lifecycle_manager-13]: process started with pid [178879]
[INFO] [swerve_bridge_node-14]: process started with pid [178897]
[robot_state_publisher-2] [INFO] [1789643061.432165647] [robot_state_publisher]: got segment base_footprint
[robot_state_publisher-2] [INFO] [1789643061.432303848] [robot_state_publisher]: got segment base_link
[robot_state_publisher-2] [INFO] [1789643061.432314435] [robot_state_publisher]: got segment imu_link
[robot_state_publisher-2] [INFO] [1789643061.432322084] [robot_state_publisher]: got segment lidar_link
[robot_state_publisher-2] [INFO] [1789643061.432328824] [robot_state_publisher]: got segment steer_front_link
[robot_state_publisher-2] [INFO] [1789643061.432335603] [robot_state_publisher]: got segment steer_rear_link
[robot_state_publisher-2] [INFO] [1789643061.432342221] [robot_state_publisher]: got segment v30e_link
[robot_state_publisher-2] [INFO] [1789643061.432348667] [robot_state_publisher]: got segment wheel_front_drive_link
[robot_state_publisher-2] [INFO] [1789643061.432355444] [robot_state_publisher]: got segment wheel_front_left_link
[robot_state_publisher-2] [INFO] [1789643061.432362026] [robot_state_publisher]: got segment wheel_front_right_link
[robot_state_publisher-2] [INFO] [1789643061.432368399] [robot_state_publisher]: got segment wheel_rear_drive_link
[robot_state_publisher-2] [INFO] [1789643061.432374606] [robot_state_publisher]: got segment wheel_rear_left_link
[robot_state_publisher-2] [INFO] [1789643061.432381025] [robot_state_publisher]: got segment wheel_rear_right_link
[map_server-7] [INFO] [1789643061.577148333] [map_server]: 
[map_server-7] 	map_server lifecycle node launched. 
[map_server-7] 	Waiting on external lifecycle transitions to activate
[map_server-7] 	See https://design.ros2.org/articles/node_lifecycle.html for more information.
[map_server-7] [INFO] [1789643061.583759835] [map_server]: Creating
[lifecycle_manager-13] [INFO] [1789643061.986079760] [lifecycle_manager_navigation]: Creating
[swerve_bridge_node-14] Traceback (most recent call last):
[swerve_bridge_node-14]   File "/home/yahboom/swerve_bringup/install/swerve_bridge/lib/swerve_bridge/swerve_bridge_node", line 33, in <module>
[swerve_bridge_node-14]     sys.exit(load_entry_point('swerve-bridge', 'console_scripts', 'swerve_bridge_node')())
[swerve_bridge_node-14]   File "/home/yahboom/swerve_bringup/install/swerve_bridge/lib/swerve_bridge/swerve_bridge_node", line 22, in importlib_load_entry_point
[swerve_bridge_node-14]     for entry_point in distribution(dist_name).entry_points
[swerve_bridge_node-14]   File "/usr/lib/python3.10/importlib/metadata/__init__.py", line 969, in distribution
[swerve_bridge_node-14]     return Distribution.from_name(distribution_name)
[swerve_bridge_node-14]   File "/usr/lib/python3.10/importlib/metadata/__init__.py", line 548, in from_name
[swerve_bridge_node-14]     raise PackageNotFoundError(name)
[swerve_bridge_node-14] importlib.metadata.PackageNotFoundError: No package metadata was found for swerve-bridge
[controller_server-8] [INFO] [1789643062.006578444] [controller_server]: 
[controller_server-8] 	controller_server lifecycle node launched. 
[controller_server-8] 	Waiting on external lifecycle transitions to activate
[controller_server-8] 	See https://design.ros2.org/articles/node_lifecycle.html for more information.
[controller_server-8] [INFO] [1789643062.029041706] [controller_server]: Creating controller server
[ERROR] [swerve_bridge_node-14]: process has died [pid 178897, exit code 1, cmd '/home/yahboom/swerve_bringup/install/swerve_bridge/lib/swerve_bridge/swerve_bridge_node --ros-args -r __node:=swerve_bridge --params-file /home/yahboom/swerve_bringup/install/swerve_bridge/share/swerve_bridge/config/bridge.yaml --params-file /tmp/launch_params_ule60_c9'].
[bt_navigator-11] [INFO] [1789643062.113852953] [bt_navigator]: 
[bt_navigator-11] 	bt_navigator lifecycle node launched. 
[bt_navigator-11] 	Waiting on external lifecycle transitions to activate
[bt_navigator-11] 	See https://design.ros2.org/articles/node_lifecycle.html for more information.
[bt_navigator-11] [INFO] [1789643062.114109707] [bt_navigator]: Creating
[lifecycle_manager-13] [INFO] [1789643062.142430530] [lifecycle_manager_navigation]: [34m[1mCreating and initializing lifecycle service clients[0m[0m
[planner_server-9] [INFO] [1789643062.199720598] [planner_server]: 
[planner_server-9] 	planner_server lifecycle node launched. 
[planner_server-9] 	Waiting on external lifecycle transitions to activate
[planner_server-9] 	See https://design.ros2.org/articles/node_lifecycle.html for more information.
[planner_server-9] [INFO] [1789643062.204817918] [planner_server]: Creating
[behavior_server-10] [INFO] [1789643062.306251307] [behavior_server]: 
[behavior_server-10] 	behavior_server lifecycle node launched. 
[behavior_server-10] 	Waiting on external lifecycle transitions to activate
[behavior_server-10] 	See https://design.ros2.org/articles/node_lifecycle.html for more information.
[waypoint_follower-12] [INFO] [1789643062.325189452] [waypoint_follower]: 
[waypoint_follower-12] 	waypoint_follower lifecycle node launched. 
[waypoint_follower-12] 	Waiting on external lifecycle transitions to activate
[waypoint_follower-12] 	See https://design.ros2.org/articles/node_lifecycle.html for more information.
[waypoint_follower-12] [INFO] [1789643062.325924505] [waypoint_follower]: Creating
[controller_server-8] [INFO] [1789643062.352670789] [local_costmap.local_costmap]: 
[controller_server-8] 	local_costmap lifecycle node launched. 
[controller_server-8] 	Waiting on external lifecycle transitions to activate
[controller_server-8] 	See https://design.ros2.org/articles/node_lifecycle.html for more information.
[controller_server-8] [INFO] [1789643062.353293442] [local_costmap.local_costmap]: Creating Costmap
[planner_server-9] [INFO] [1789643062.462762328] [global_costmap.global_costmap]: 
[planner_server-9] 	global_costmap lifecycle node launched. 
[planner_server-9] 	Waiting on external lifecycle transitions to activate
[planner_server-9] 	See https://design.ros2.org/articles/node_lifecycle.html for more information.
[planner_server-9] [INFO] [1789643062.465236585] [global_costmap.global_costmap]: Creating Costmap
[lifecycle_manager-13] [INFO] [1789643062.547392073] [lifecycle_manager_navigation]: [34m[1mStarting managed nodes bringup...[0m[0m
[lifecycle_manager-13] [INFO] [1789643062.547471600] [lifecycle_manager_navigation]: [34m[1mConfiguring map_server[0m[0m
[map_server-7] [INFO] [1789643062.555470318] [map_server]: Configuring
[map_server-7] [INFO] [1789643062.555580594] [map_io]: Loading yaml file: /home/yahboom/swerve_bringup/install/swerve_bringup/share/swerve_bringup/swerve_navigation/maps/warehouse.yaml
[map_server-7] [INFO] [1789643062.556014046] [map_io]: resolution: 0.05
[map_server-7] [INFO] [1789643062.556032207] [map_io]: origin[0]: -17.2
[map_server-7] [INFO] [1789643062.556038615] [map_io]: origin[1]: -17.4
[map_server-7] [INFO] [1789643062.556043884] [map_io]: origin[2]: 0
[map_server-7] [INFO] [1789643062.556049501] [map_io]: free_thresh: 0.25
[map_server-7] [INFO] [1789643062.556054984] [map_io]: occupied_thresh: 0.65
[map_server-7] [INFO] [1789643062.556060560] [map_io]: mode: trinary
[map_server-7] [INFO] [1789643062.556066437] [map_io]: negate: 0
[map_server-7] [INFO] [1789643062.556353526] [map_io]: Loading image_file: /home/yahboom/swerve_bringup/install/swerve_bringup/share/swerve_bringup/swerve_navigation/maps/warehouse.pgm
[map_server-7] [INFO] [1789643062.662515343] [map_io]: Read map /home/yahboom/swerve_bringup/install/swerve_bringup/share/swerve_bringup/swerve_navigation/maps/warehouse.pgm: 676 X 680 map @ 0.05 m/cell
[lifecycle_manager-13] [INFO] [1789643062.703762340] [lifecycle_manager_navigation]: [34m[1mConfiguring controller_server[0m[0m
[controller_server-8] [INFO] [1789643062.704126369] [controller_server]: Configuring controller interface
[controller_server-8] [INFO] [1789643062.729802890] [controller_server]: getting goal checker plugins..
[controller_server-8] [INFO] [1789643062.735643379] [controller_server]: Controller frequency set to 10.0000Hz
[controller_server-8] [INFO] [1789643062.735719753] [local_costmap.local_costmap]: Configuring
[controller_server-8] [INFO] [1789643062.919718438] [local_costmap.local_costmap]: Using plugin "voxel_layer"
[controller_server-8] [INFO] [1789643062.967105584] [local_costmap.local_costmap]: Subscribed to Topics: lidar3d scan
[spawn_entity.py-3] [INFO] [1789643063.206836562] [spawn_swerve]: Spawn Entity started
[spawn_entity.py-3] [INFO] [1789643063.207687634] [spawn_swerve]: Loading entity published on topic robot_description
[spawn_entity.py-3] [INFO] [1789643063.220125122] [spawn_swerve]: Waiting for entity xml on robot_description
[controller_server-8] [INFO] [1789643063.239097270] [local_costmap.local_costmap]: Initialized plugin "voxel_layer"
[controller_server-8] [INFO] [1789643063.239169758] [local_costmap.local_costmap]: Using plugin "inflation_layer"
[spawn_entity.py-3] [INFO] [1789643063.244933709] [spawn_swerve]: Waiting for service /spawn_entity, timeout = 30
[spawn_entity.py-3] [INFO] [1789643063.245411580] [spawn_swerve]: Waiting for service /spawn_entity
[controller_server-8] [INFO] [1789643063.256354628] [local_costmap.local_costmap]: Initialized plugin "inflation_layer"
[controller_server-8] [INFO] [1789643063.368543853] [controller_server]: Created progress_checker : progress_checker of type nav2_controller::SimpleProgressChecker
[controller_server-8] [INFO] [1789643063.376364694] [controller_server]: Created goal checker : general_goal_checker of type nav2_controller::SimpleGoalChecker
[controller_server-8] [INFO] [1789643063.379688916] [controller_server]: Controller Server has general_goal_checker  goal checkers available.
[controller_server-8] [INFO] [1789643063.383071531] [controller_server]: Created controller : FollowPath of type dwb_core::DWBLocalPlanner
[controller_server-8] [INFO] [1789643063.417360390] [controller_server]: Setting transform_tolerance to 0.200000
[controller_server-8] [INFO] [1789643063.490302077] [controller_server]: Using critic "RotateToGoal" (dwb_critics::RotateToGoalCritic)
[controller_server-8] [INFO] [1789643063.490580754] [controller_server]: Critic plugin initialized
[controller_server-8] [INFO] [1789643063.490673133] [controller_server]: Using critic "Oscillation" (dwb_critics::OscillationCritic)
[controller_server-8] [INFO] [1789643063.490842882] [controller_server]: Critic plugin initialized
[controller_server-8] [INFO] [1789643063.490896053] [controller_server]: Using critic "BaseObstacle" (dwb_critics::BaseObstacleCritic)
[controller_server-8] [INFO] [1789643063.490993851] [controller_server]: Critic plugin initialized
[controller_server-8] [INFO] [1789643063.491051971] [controller_server]: Using critic "GoalAlign" (dwb_critics::GoalAlignCritic)
[controller_server-8] [INFO] [1789643063.498301266] [controller_server]: Critic plugin initialized
[controller_server-8] [INFO] [1789643063.503223869] [controller_server]: Using critic "PathAlign" (dwb_critics::PathAlignCritic)
[controller_server-8] [INFO] [1789643063.515434952] [controller_server]: Critic plugin initialized
[controller_server-8] [INFO] [1789643063.516739409] [controller_server]: Using critic "PathDist" (dwb_critics::PathDistCritic)
[controller_server-8] [INFO] [1789643063.518573122] [controller_server]: Critic plugin initialized
[controller_server-8] [INFO] [1789643063.525228169] [controller_server]: Using critic "GoalDist" (dwb_critics::GoalDistCritic)
[controller_server-8] [INFO] [1789643063.535775309] [controller_server]: Critic plugin initialized
[controller_server-8] [INFO] [1789643063.535839568] [controller_server]: Controller Server has FollowPath  controllers available.
[v30e_sim_node-5] [INFO] [1789643063.599382173] [v30e_sim_node]: Using Gazebo /get_entity_state internally; odometry is not a V30E measurement input
[lifecycle_manager-13] [INFO] [1789643063.609342068] [lifecycle_manager_navigation]: [34m[1mConfiguring planner_server[0m[0m
[planner_server-9] [INFO] [1789643063.609800928] [planner_server]: Configuring
[planner_server-9] [INFO] [1789643063.609847874] [global_costmap.global_costmap]: Configuring
[planner_server-9] [INFO] [1789643063.646277554] [global_costmap.global_costmap]: Using plugin "static_layer"
[planner_server-9] [INFO] [1789643063.663744197] [global_costmap.global_costmap]: Subscribing to the map topic (/map) with transient local durability
[planner_server-9] [INFO] [1789643063.674844988] [global_costmap.global_costmap]: Initialized plugin "static_layer"
[planner_server-9] [INFO] [1789643063.674920493] [global_costmap.global_costmap]: Using plugin "obstacle_layer"
[planner_server-9] [INFO] [1789643063.685043759] [global_costmap.global_costmap]: Subscribed to Topics: scan
[planner_server-9] [INFO] [1789643063.707331022] [global_costmap.global_costmap]: Initialized plugin "obstacle_layer"
[planner_server-9] [INFO] [1789643063.707406435] [global_costmap.global_costmap]: Using plugin "inflation_layer"
[planner_server-9] [INFO] [1789643063.721307637] [global_costmap.global_costmap]: Initialized plugin "inflation_layer"
[planner_server-9] [INFO] [1789643063.782316011] [planner_server]: Created global planner plugin GridBased of type nav2_navfn_planner/NavfnPlanner
[planner_server-9] [INFO] [1789643063.782370500] [planner_server]: Configuring plugin GridBased of type NavfnPlanner
[planner_server-9] [INFO] [1789643063.789867864] [planner_server]: Planner Server has GridBased  planners available.
[lifecycle_manager-13] [INFO] [1789643063.853988298] [lifecycle_manager_navigation]: [34m[1mConfiguring behavior_server[0m[0m
[behavior_server-10] [INFO] [1789643063.856510463] [behavior_server]: Configuring
[behavior_server-10] [INFO] [1789643063.898020297] [behavior_server]: Creating behavior plugin spin of type nav2_behaviors/Spin
[behavior_server-10] [INFO] [1789643063.899519190] [behavior_server]: Configuring spin
[behavior_server-10] [INFO] [1789643063.973841595] [behavior_server]: Creating behavior plugin backup of type nav2_behaviors/BackUp
[behavior_server-10] [INFO] [1789643063.974713686] [behavior_server]: Configuring backup
[behavior_server-10] [INFO] [1789643064.024129504] [behavior_server]: Creating behavior plugin drive_on_heading of type nav2_behaviors/DriveOnHeading
[behavior_server-10] [INFO] [1789643064.026162108] [behavior_server]: Configuring drive_on_heading
[behavior_server-10] [INFO] [1789643064.056844196] [behavior_server]: Creating behavior plugin wait of type nav2_behaviors/Wait
[behavior_server-10] [INFO] [1789643064.057840758] [behavior_server]: Configuring wait
[lifecycle_manager-13] [INFO] [1789643064.089720362] [lifecycle_manager_navigation]: [34m[1mConfiguring bt_navigator[0m[0m
[bt_navigator-11] [INFO] [1789643064.090233693] [bt_navigator]: Configuring
[lifecycle_manager-13] [INFO] [1789643064.640846599] [lifecycle_manager_navigation]: [34m[1mConfiguring waypoint_follower[0m[0m
[waypoint_follower-12] [INFO] [1789643064.641310208] [waypoint_follower]: Configuring
[waypoint_follower-12] [INFO] [1789643064.839986256] [waypoint_follower]: Created waypoint_task_executor : wait_at_waypoint of type nav2_waypoint_follower::WaitAtWaypoint
[waypoint_follower-12] [INFO] [1789643064.848093299] [waypoint_follower]: Waypoint pause duration is set to zero, disabling task executor plugin.
[lifecycle_manager-13] [INFO] [1789643064.850604103] [lifecycle_manager_navigation]: [34m[1mActivating map_server[0m[0m
[map_server-7] [INFO] [1789643064.851598855] [map_server]: Activating
[map_server-7] [INFO] [1789643064.852579415] [map_server]: Creating bond (map_server) to lifecycle manager.
[planner_server-9] [INFO] [1789643064.854473069] [global_costmap.global_costmap]: StaticLayer: Resizing costmap to 676 X 680 at 0.050000 m/pix
[lifecycle_manager-13] [INFO] [1789643064.976669099] [lifecycle_manager_navigation]: Server map_server connected with bond.
[lifecycle_manager-13] [INFO] [1789643064.976741150] [lifecycle_manager_navigation]: [34m[1mActivating controller_server[0m[0m
[controller_server-8] [INFO] [1789643064.979568077] [controller_server]: Activating
[controller_server-8] [INFO] [1789643064.979629012] [local_costmap.local_costmap]: Activating
[controller_server-8] [INFO] [1789643064.979648574] [local_costmap.local_costmap]: Checking transform
[controller_server-8] [INFO] [1789643064.979684053] [local_costmap.local_costmap]: Timed out waiting for transform from base_footprint to odom to become available, tf error: Invalid frame ID "odom" passed to canTransform argument target_frame - frame does not exist
[controller_server-8] [INFO] [1789643065.480312827] [local_costmap.local_costmap]: Timed out waiting for transform from base_footprint to odom to become available, tf error: Invalid frame ID "odom" passed to canTransform argument target_frame - frame does not exist
[controller_server-8] [INFO] [1789643065.980385533] [local_costmap.local_costmap]: Timed out waiting for transform from base_footprint to odom to become available, tf error: Invalid frame ID "odom" passed to canTransform argument target_frame - frame does not exist
[controller_server-8] [INFO] [1789643066.479819061] [local_costmap.local_costmap]: Timed out waiting for transform from base_footprint to odom to become available, tf error: Invalid frame ID "odom" passed to canTransform argument target_frame - frame does not exist
[controller_server-8] [INFO] [1789643066.979905511] [local_costmap.local_costmap]: Timed out waiting for transform from base_footprint to odom to become available, tf error: Invalid frame ID "odom" passed to canTransform argument target_frame - frame does not exist
[controller_server-8] [INFO] [1789643067.480444180] [local_costmap.local_costmap]: Timed out waiting for transform from base_footprint to odom to become available, tf error: Invalid frame ID "odom" passed to canTransform argument target_frame - frame does not exist
[controller_server-8] [INFO] [1789643067.981542864] [local_costmap.local_costmap]: Timed out waiting for transform from base_footprint to odom to become available, tf error: Invalid frame ID "odom" passed to canTransform argument target_frame - frame does not exist
[controller_server-8] [INFO] [1789643068.480211159] [local_costmap.local_costmap]: Timed out waiting for transform from base_footprint to odom to become available, tf error: Invalid frame ID "odom" passed to canTransform argument target_frame - frame does not exist
[controller_server-8] [INFO] [1789643068.979827186] [local_costmap.local_costmap]: Timed out waiting for transform from base_footprint to odom to become available, tf error: Invalid frame ID "odom" passed to canTransform argument target_frame - frame does not exist
[controller_server-8] [INFO] [1789643069.483984840] [local_costmap.local_costmap]: Timed out waiting for transform from base_footprint to odom to become available, tf error: Invalid frame ID "odom" passed to canTransform argument target_frame - frame does not exist
[spawn_entity.py-3] [INFO] [1789643069.830206335] [spawn_swerve]: Calling service /spawn_entity
[gzserver-1] [INFO] [1789643069.885703386] [gazebo_ros_state]: Publishing states of gazebo models at [/model_states]
[gzserver-1] [INFO] [1789643069.901801362] [gazebo_ros_state]: Publishing states of gazebo links at [/link_states]
[controller_server-8] [INFO] [1789643069.981798873] [local_costmap.local_costmap]: Timed out waiting for transform from base_footprint to odom to become available, tf error: Invalid frame ID "odom" passed to canTransform argument target_frame - frame does not exist
[gzserver-1] [ERROR] [1789643070.078724047] [gazebo_ros_state]: GetEntityState: entity [swerve_base] does not exist
[v30e_sim_node-5] [WARN] [1789643070.084372593] [v30e_sim_node]: get_entity_state failed: entity not available
[gzserver-1] [ERROR] [1789643070.133437152] [gazebo_ros_state]: GetEntityState: entity [swerve_base] does not exist
[gzserver-1] [ERROR] [1789643070.187522729] [gazebo_ros_state]: GetEntityState: entity [swerve_base] does not exist
[gzserver-1] [ERROR] [1789643070.242573992] [gazebo_ros_state]: GetEntityState: entity [swerve_base] does not exist
[gzserver-1] [ERROR] [1789643070.296557398] [gazebo_ros_state]: GetEntityState: entity [swerve_base] does not exist
[gzserver-1] [ERROR] [1789643070.353771805] [gazebo_ros_state]: GetEntityState: entity [swerve_base] does not exist
[gzserver-1] [ERROR] [1789643070.407838755] [gazebo_ros_state]: GetEntityState: entity [swerve_base] does not exist
[controller_server-8] [INFO] [1789643070.481999675] [local_costmap.local_costmap]: Timed out waiting for transform from base_footprint to odom to become available, tf error: Invalid frame ID "odom" passed to canTransform argument target_frame - frame does not exist
[gzserver-1] [INFO] [1789643070.563259386] [imu.imu_ros]: <initial_orientation_as_reference> is unset, using default value of false to comply with REP 145 (world as orientation reference)
[controller_server-8] [INFO] [1789643070.979737245] [local_costmap.local_costmap]: Timed out waiting for transform from base_footprint to odom to become available, tf error: Invalid frame ID "odom" passed to canTransform argument target_frame - frame does not exist
[controller_server-8] [INFO] [1789643071.480700969] [local_costmap.local_costmap]: Timed out waiting for transform from base_footprint to odom to become available, tf error: Invalid frame ID "odom" passed to canTransform argument target_frame - frame does not exist
[controller_server-8] [INFO] [1789643071.980085289] [local_costmap.local_costmap]: Timed out waiting for transform from base_footprint to odom to become available, tf error: Invalid frame ID "odom" passed to canTransform argument target_frame - frame does not exist
[controller_server-8] [INFO] [1789643072.480884095] [local_costmap.local_costmap]: Timed out waiting for transform from base_footprint to odom to become available, tf error: Invalid frame ID "odom" passed to canTransform argument target_frame - frame does not exist
[controller_server-8] [INFO] [1789643072.980680198] [local_costmap.local_costmap]: Timed out waiting for transform from base_footprint to odom to become available, tf error: Invalid frame ID "odom" passed to canTransform argument target_frame - frame does not exist
[controller_server-8] [INFO] [1789643073.480427191] [local_costmap.local_costmap]: Timed out waiting for transform from base_footprint to odom to become available, tf error: Invalid frame ID "odom" passed to canTransform argument target_frame - frame does not exist
[controller_server-8] [INFO] [1789643073.981660293] [local_costmap.local_costmap]: Timed out waiting for transform from base_footprint to odom to become available, tf error: Invalid frame ID "odom" passed to canTransform argument target_frame - frame does not exist
[controller_server-8] [INFO] [1789643074.482028006] [local_costmap.local_costmap]: Timed out waiting for transform from base_footprint to odom to become available, tf error: Invalid frame ID "odom" passed to canTransform argument target_frame - frame does not exist
[controller_server-8] [INFO] [1789643074.982430413] [local_costmap.local_costmap]: Timed out waiting for transform from base_footprint to odom to become available, tf error: Invalid frame ID "odom" passed to canTransform argument target_frame - frame does not exist
[controller_server-8] [INFO] [1789643075.479797280] [local_costmap.local_costmap]: Timed out waiting for transform from base_footprint to odom to become available, tf error: Invalid frame ID "odom" passed to canTransform argument target_frame - frame does not exist
[controller_server-8] [INFO] [1789643075.980095963] [local_costmap.local_costmap]: Timed out waiting for transform from base_footprint to odom to become available, tf error: Invalid frame ID "odom" passed to canTransform argument target_frame - frame does not exist
[controller_server-8] [INFO] [1789643076.480686396] [local_costmap.local_costmap]: Timed out waiting for transform from base_footprint to odom to become available, tf error: Invalid frame ID "odom" passed to canTransform argument target_frame - frame does not exist
[controller_server-8] [INFO] [1789643076.980631953] [local_costmap.local_costmap]: Timed out waiting for transform from base_footprint to odom to become available, tf error: Invalid frame ID "odom" passed to canTransform argument target_frame - frame does not exist
[controller_server-8] [INFO] [1789643077.479990118] [local_costmap.local_costmap]: Timed out waiting for transform from base_footprint to odom to become available, tf error: Invalid frame ID "odom" passed to canTransform argument target_frame - frame does not exist
[controller_server-8] [INFO] [1789643077.980091259] [local_costmap.local_costmap]: Timed out waiting for transform from base_footprint to odom to become available, tf error: Invalid frame ID "odom" passed to canTransform argument target_frame - frame does not exist
[controller_server-8] [INFO] [1789643078.480538695] [local_costmap.local_costmap]: Timed out waiting for transform from base_footprint to odom to become available, tf error: Invalid frame ID "odom" passed to canTransform argument target_frame - frame does not exist
[controller_server-8] [INFO] [1789643079.005472109] [local_costmap.local_costmap]: Timed out waiting for transform from base_footprint to odom to become available, tf error: Invalid frame ID "odom" passed to canTransform argument target_frame - frame does not exist
[controller_server-8] [INFO] [1789643079.480156261] [local_costmap.local_costmap]: Timed out waiting for transform from base_footprint to odom to become available, tf error: Invalid frame ID "odom" passed to canTransform argument target_frame - frame does not exist
[controller_server-8] [INFO] [1789643079.980538424] [local_costmap.local_costmap]: Timed out waiting for transform from base_footprint to odom to become available, tf error: Invalid frame ID "odom" passed to canTransform argument target_frame - frame does not exist
[controller_server-8] [INFO] [1789643080.480387075] [local_costmap.local_costmap]: Timed out waiting for transform from base_footprint to odom to become available, tf error: Invalid frame ID "odom" passed to canTransform argument target_frame - frame does not exist
[controller_server-8] [INFO] [1789643080.980290686] [local_costmap.local_costmap]: Timed out waiting for transform from base_footprint to odom to become available, tf error: Invalid frame ID "odom" passed to canTransform argument target_frame - frame does not exist
[controller_server-8] [INFO] [1789643081.479937563] [local_costmap.local_costmap]: Timed out waiting for transform from base_footprint to odom to become available, tf error: Invalid frame ID "odom" passed to canTransform argument target_frame - frame does not exist
[controller_server-8] [INFO] [1789643081.982161102] [local_costmap.local_costmap]: Timed out waiting for transform from base_footprint to odom to become available, tf error: Invalid frame ID "odom" passed to canTransform argument target_frame - frame does not exist
[controller_server-8] [INFO] [1789643082.479873555] [local_costmap.local_costmap]: Timed out waiting for transform from base_footprint to odom to become available, tf error: Invalid frame ID "odom" passed to canTransform argument target_frame - frame does not exist
[controller_server-8] [INFO] [1789643082.983352943] [local_costmap.local_costmap]: Timed out waiting for transform from base_footprint to odom to become available, tf error: Invalid frame ID "odom" passed to canTransform argument target_frame - frame does not exist
[controller_server-8] [INFO] [1789643083.482329633] [local_costmap.local_costmap]: Timed out waiting for transform from base_footprint to odom to become available, tf error: Invalid frame ID "odom" passed to canTransform argument target_frame - frame does not exist
[controller_server-8] [INFO] [1789643083.980317099] [local_costmap.local_costmap]: Timed out waiting for transform from base_footprint to odom to become available, tf error: Invalid frame ID "odom" passed to canTransform argument target_frame - frame does not exist
[controller_server-8] [INFO] [1789643084.480327638] [local_costmap.local_costmap]: Timed out waiting for transform from base_footprint to odom to become available, tf error: Invalid frame ID "odom" passed to canTransform argument target_frame - frame does not exist
[controller_server-8] [INFO] [1789643084.980517145] [local_costmap.local_costmap]: Timed out waiting for transform from base_footprint to odom to become available, tf error: Invalid frame ID "odom" passed to canTransform argument target_frame - frame does not exist
[controller_server-8] [INFO] [1789643085.479843045] [local_costmap.local_costmap]: Timed out waiting for transform from base_footprint to odom to become available, tf error: Invalid frame ID "odom" passed to canTransform argument target_frame - frame does not exist
[spawn_entity.py-3] [INFO] [1789643085.557749612] [spawn_swerve]: Spawn status: SpawnEntity: Successfully spawned entity [swerve_base]
[gzserver-1] [INFO] [1789643085.898848141] [gazebo_ros2_control]: Loading gazebo_ros2_control plugin
[INFO] [spawn_entity.py-3]: process has finished cleanly [pid 178822]
[INFO] [spawner-15]: process started with pid [179383]
[controller_server-8] [INFO] [1789643085.980515661] [local_costmap.local_costmap]: Timed out waiting for transform from base_footprint to odom to become available, tf error: Invalid frame ID "odom" passed to canTransform argument target_frame - frame does not exist
[gzserver-1] [INFO] [1789643086.013210005] [gazebo_ros2_control]: Starting gazebo_ros2_control plugin in namespace: /
[gzserver-1] [INFO] [1789643086.013341206] [gazebo_ros2_control]: Starting gazebo_ros2_control plugin in ros 2 node: gazebo_ros2_control
[gzserver-1] [INFO] [1789643086.094143406] [gazebo_ros2_control]: connected to service!! robot_state_publisher
[gzserver-1] [INFO] [1789643086.101715494] [gazebo_ros2_control]: Received urdf from param server, parsing...
[gzserver-1] [INFO] [1789643086.101895144] [gazebo_ros2_control]: Loading parameter files /home/yahboom/swerve_bringup/install/swerve_bringup/share/swerve_bringup/config/controllers.yaml
[gzserver-1] [INFO] [1789643086.149087041] [gazebo_ros2_control]: Loading joint: steer_front_joint
[gzserver-1] [INFO] [1789643086.149175969] [gazebo_ros2_control]: 	State:
[gzserver-1] [INFO] [1789643086.149196485] [gazebo_ros2_control]: 		 position
[gzserver-1] [INFO] [1789643086.149209063] [gazebo_ros2_control]: 		 velocity
[gzserver-1] [INFO] [1789643086.149219344] [gazebo_ros2_control]: 	Command:
[gzserver-1] [INFO] [1789643086.149228671] [gazebo_ros2_control]: 		 position
[gzserver-1] [INFO] [1789643086.149678565] [gazebo_ros2_control]: Loading joint: steer_rear_joint
[gzserver-1] [INFO] [1789643086.149725857] [gazebo_ros2_control]: 	State:
[gzserver-1] [INFO] [1789643086.149743145] [gazebo_ros2_control]: 		 position
[gzserver-1] [INFO] [1789643086.149753931] [gazebo_ros2_control]: 		 velocity
[gzserver-1] [INFO] [1789643086.149763534] [gazebo_ros2_control]: 	Command:
[gzserver-1] [INFO] [1789643086.149772818] [gazebo_ros2_control]: 		 position
[gzserver-1] [INFO] [1789643086.149929229] [gazebo_ros2_control]: Loading joint: wheel_front_drive_joint
[gzserver-1] [INFO] [1789643086.149950276] [gazebo_ros2_control]: 	State:
[gzserver-1] [INFO] [1789643086.149960527] [gazebo_ros2_control]: 		 position
[gzserver-1] [INFO] [1789643086.149971539] [gazebo_ros2_control]: 		 velocity
[gzserver-1] [INFO] [1789643086.149980471] [gazebo_ros2_control]: 	Command:
[gzserver-1] [INFO] [1789643086.149994847] [gazebo_ros2_control]: 		 velocity
[gzserver-1] [INFO] [1789643086.150104597] [gazebo_ros2_control]: Loading joint: wheel_rear_drive_joint
[gzserver-1] [INFO] [1789643086.150121086] [gazebo_ros2_control]: 	State:
[gzserver-1] [INFO] [1789643086.150130601] [gazebo_ros2_control]: 		 position
[gzserver-1] [INFO] [1789643086.150139423] [gazebo_ros2_control]: 		 velocity
[gzserver-1] [INFO] [1789643086.150148550] [gazebo_ros2_control]: 	Command:
[gzserver-1] [INFO] [1789643086.150165552] [gazebo_ros2_control]: 		 velocity
[gzserver-1] [INFO] [1789643086.154535131] [resource_manager]: Initialize hardware 'GazeboSystem' 
[gzserver-1] [INFO] [1789643086.155385778] [resource_manager]: Successful initialization of hardware 'GazeboSystem'
[gzserver-1] [INFO] [1789643086.155857259] [resource_manager]: 'configure' hardware 'GazeboSystem' 
[gzserver-1] [INFO] [1789643086.155882320] [resource_manager]: Successful 'configure' of hardware 'GazeboSystem'
[gzserver-1] [INFO] [1789643086.155891378] [resource_manager]: 'activate' hardware 'GazeboSystem' 
[gzserver-1] [INFO] [1789643086.155898632] [resource_manager]: Successful 'activate' of hardware 'GazeboSystem'
[gzserver-1] [INFO] [1789643086.156006289] [gazebo_ros2_control]: Loading controller_manager
[gzserver-1] [WARN] [1789643086.446016336] [gazebo_ros2_control]:  Desired controller update period (0.01 s) is slower than the gazebo simulation period (0.001 s).
[gzserver-1] [INFO] [1789643086.451283006] [gazebo_ros2_control]: Loaded gazebo_ros2_control.
[controller_server-8] [INFO] [1789643086.479925551] [local_costmap.local_costmap]: Timed out waiting for transform from base_footprint to odom to become available, tf error: Invalid frame ID "odom" passed to canTransform argument target_frame - frame does not exist
[controller_server-8] [INFO] [1789643086.987175550] [local_costmap.local_costmap]: start
[controller_server-8] [INFO] [1789643087.149569186] [controller_server]: Creating bond (controller_server) to lifecycle manager.
[lifecycle_manager-13] [INFO] [1789643087.295256161] [lifecycle_manager_navigation]: Server controller_server connected with bond.
[lifecycle_manager-13] [INFO] [1789643087.295333442] [lifecycle_manager_navigation]: [34m[1mActivating planner_server[0m[0m
[planner_server-9] [INFO] [1789643087.307470844] [planner_server]: Activating
[planner_server-9] [INFO] [1789643087.307552431] [global_costmap.global_costmap]: Activating
[planner_server-9] [INFO] [1789643087.307571439] [global_costmap.global_costmap]: Checking transform
[planner_server-9] [INFO] [1789643087.307723445] [global_costmap.global_costmap]: start
[gzserver-1] [INFO] [1789643087.372471708] [controller_manager]: Loading controller 'joint_state_broadcaster'
[spawner-15] [INFO] [1789643087.635433228] [spawn_joint_state_broadcaster]: [94mLoaded [1mjoint_state_broadcaster[0m
[gzserver-1] [INFO] [1789643087.642849473] [controller_manager]: Configuring controller 'joint_state_broadcaster'
[gzserver-1] [INFO] [1789643087.643373869] [joint_state_broadcaster]: 'joints' or 'interfaces' parameter is empty. All available state interfaces will be published
[spawner-15] [INFO] [1789643087.778085757] [spawn_joint_state_broadcaster]: [92mConfigured and activated [1mjoint_state_broadcaster[0m
[planner_server-9] [INFO] [1789643087.877946797] [planner_server]: Activating plugin GridBased of type NavfnPlanner
[planner_server-9] [INFO] [1789643087.884266775] [planner_server]: Creating bond (planner_server) to lifecycle manager.
[lifecycle_manager-13] [INFO] [1789643088.015631482] [lifecycle_manager_navigation]: Server planner_server connected with bond.
[lifecycle_manager-13] [INFO] [1789643088.015876273] [lifecycle_manager_navigation]: [34m[1mActivating behavior_server[0m[0m
[behavior_server-10] [INFO] [1789643088.019618834] [behavior_server]: Activating
[behavior_server-10] [INFO] [1789643088.019690976] [behavior_server]: Activating spin
[behavior_server-10] [INFO] [1789643088.019709629] [behavior_server]: Activating backup
[behavior_server-10] [INFO] [1789643088.019722449] [behavior_server]: Activating drive_on_heading
[behavior_server-10] [INFO] [1789643088.019735125] [behavior_server]: Activating wait
[behavior_server-10] [INFO] [1789643088.019754028] [behavior_server]: Creating bond (behavior_server) to lifecycle manager.
[INFO] [spawner-15]: process has finished cleanly [pid 179383]
[INFO] [spawner-16]: process started with pid [179440]
[lifecycle_manager-13] [INFO] [1789643088.144380232] [lifecycle_manager_navigation]: Server behavior_server connected with bond.
[lifecycle_manager-13] [INFO] [1789643088.144469515] [lifecycle_manager_navigation]: [34m[1mActivating bt_navigator[0m[0m
[bt_navigator-11] [INFO] [1789643088.145138840] [bt_navigator]: Activating
[bt_navigator-11] [INFO] [1789643088.848681866] [bt_navigator]: Creating bond (bt_navigator) to lifecycle manager.
[lifecycle_manager-13] [INFO] [1789643088.973000988] [lifecycle_manager_navigation]: Server bt_navigator connected with bond.
[lifecycle_manager-13] [INFO] [1789643088.973054801] [lifecycle_manager_navigation]: [34m[1mActivating waypoint_follower[0m[0m
[waypoint_follower-12] [INFO] [1789643088.973504134] [waypoint_follower]: Activating
[waypoint_follower-12] [INFO] [1789643088.973555360] [waypoint_follower]: Creating bond (waypoint_follower) to lifecycle manager.
[lifecycle_manager-13] [INFO] [1789643089.130231772] [lifecycle_manager_navigation]: Server waypoint_follower connected with bond.
[lifecycle_manager-13] [INFO] [1789643089.132097132] [lifecycle_manager_navigation]: [34m[1mManaged nodes are active[0m[0m
[lifecycle_manager-13] [INFO] [1789643089.132121503] [lifecycle_manager_navigation]: [34m[1mCreating bond timer...[0m[0m
[spawner-16] [INFO] [1789643089.707987158] [spawn_steering_controller]: waiting for service /controller_manager/list_controllers to become available...
[gzserver-1] [INFO] [1789643090.305083689] [controller_manager]: Loading controller 'steering_controller'
[spawner-16] [INFO] [1789643090.530163821] [spawn_steering_controller]: [94mLoaded [1msteering_controller[0m
[gzserver-1] [INFO] [1789643090.544910750] [controller_manager]: Configuring controller 'steering_controller'
[gzserver-1] [INFO] [1789643090.556713386] [steering_controller]: configure successful
[gzserver-1] [INFO] [1789643090.588398232] [steering_controller]: activate successful
[spawner-16] [INFO] [1789643090.613946174] [spawn_steering_controller]: [92mConfigured and activated [1msteering_controller[0m
[INFO] [spawner-16]: process has finished cleanly [pid 179440]
[INFO] [spawner-17]: process started with pid [179479]
[spawner-17] [INFO] [1789643092.323905702] [spawn_drive_controller]: waiting for service /controller_manager/list_controllers to become available...
[gzserver-1] [INFO] [1789643093.078219499] [controller_manager]: Loading controller 'drive_controller'
[spawner-17] [INFO] [1789643093.487433257] [spawn_drive_controller]: [94mLoaded [1mdrive_controller[0m
[gzserver-1] [INFO] [1789643093.496641075] [controller_manager]: Configuring controller 'drive_controller'
[gzserver-1] [INFO] [1789643093.503652484] [drive_controller]: configure successful
[gzserver-1] [INFO] [1789643093.536021354] [drive_controller]: activate successful
[spawner-17] [INFO] [1789643093.556262433] [spawn_drive_controller]: [92mConfigured and activated [1mdrive_controller[0m
[INFO] [spawner-17]: process has finished cleanly [pid 179479]
[INFO] [swerve_controller_node-18]: process started with pid [179530]
[INFO] [swerve_odometry_node-19]: process started with pid [179532]
[swerve_odometry_node-19] [INFO] [1789643095.890088769] [swerve_odometry]: Encoder odometry ready: radius=0.0637 m, velocity_sign=+1.0
[swerve_controller_node-18] [INFO] [1789643095.895871887] [swerve_controller]: Swerve controller ready: radius=0.0675 m, modules={'front': (0.300042, 0.0), 'rear': (-0.300042, 0.0)}
[WARNING] [launch]: user interrupted with ctrl-c (SIGINT)
[controller_server-8] [INFO] [1789643154.156840293] [rclcpp]: signal_handler(signum=2)
[controller_server-8] [INFO] [1789643154.157023783] [controller_server]: Running Nav2 LifecycleNode rcl preshutdown (controller_server)
[controller_server-8] [INFO] [1789643154.157093844] [controller_server]: Deactivating
[controller_server-8] [INFO] [1789643154.157121395] [local_costmap.local_costmap]: Deactivating
[behavior_server-10] [INFO] [1789643154.156849946] [rclcpp]: signal_handler(signum=2)
[behavior_server-10] [INFO] [1789643154.157014713] [behavior_server]: Running Nav2 LifecycleNode rcl preshutdown (behavior_server)
[behavior_server-10] [INFO] [1789643154.157102354] [behavior_server]: Deactivating
[behavior_server-10] [INFO] [1789643154.157130087] [behavior_server]: Destroying bond (behavior_server) to lifecycle manager.
[lifecycle_manager-13] [INFO] [1789643154.156847809] [rclcpp]: signal_handler(signum=2)
[lifecycle_manager-13] [INFO] [1789643154.160389821] [lifecycle_manager_navigation]: Running Nav2 LifecycleManager rcl preshutdown (lifecycle_manager_navigation)
[lifecycle_manager-13] [INFO] [1789643154.160479052] [lifecycle_manager_navigation]: [34m[1mTerminating bond timer...[0m[0m
[waypoint_follower-12] [INFO] [1789643154.156932441] [rclcpp]: signal_handler(signum=2)
[waypoint_follower-12] [INFO] [1789643154.157057020] [waypoint_follower]: Running Nav2 LifecycleNode rcl preshutdown (waypoint_follower)
[waypoint_follower-12] [INFO] [1789643154.157153990] [waypoint_follower]: Deactivating
[waypoint_follower-12] [INFO] [1789643154.157183776] [waypoint_follower]: Destroying bond (waypoint_follower) to lifecycle manager.
[map_server-7] [INFO] [1789643154.156952228] [rclcpp]: signal_handler(signum=2)
[map_server-7] [INFO] [1789643154.159259129] [map_server]: Running Nav2 LifecycleNode rcl preshutdown (map_server)
[map_server-7] [INFO] [1789643154.159415384] [map_server]: Deactivating
[map_server-7] [INFO] [1789643154.159445925] [map_server]: Destroying bond (map_server) to lifecycle manager.
[bt_navigator-11] [INFO] [1789643154.156999916] [rclcpp]: signal_handler(signum=2)
[bt_navigator-11] [INFO] [1789643154.157317077] [bt_navigator]: Running Nav2 LifecycleNode rcl preshutdown (bt_navigator)
[bt_navigator-11] [INFO] [1789643154.157369531] [bt_navigator]: Deactivating
[bt_navigator-11] [INFO] [1789643154.157381736] [bt_navigator]: Destroying bond (bt_navigator) to lifecycle manager.
[planner_server-9] [INFO] [1789643154.157060403] [rclcpp]: signal_handler(signum=2)
[planner_server-9] [INFO] [1789643154.161953056] [planner_server]: Running Nav2 LifecycleNode rcl preshutdown (planner_server)
[planner_server-9] [INFO] [1789643154.162042235] [planner_server]: Deactivating
[planner_server-9] [INFO] [1789643154.162080621] [global_costmap.global_costmap]: Deactivating
[ekf_node-4] [INFO] [1789643154.158283014] [rclcpp]: signal_handler(signum=2)
[ekf_node-6] [INFO] [1789643154.158395067] [rclcpp]: signal_handler(signum=2)
[robot_state_publisher-2] [INFO] [1789643154.158498737] [rclcpp]: signal_handler(signum=2)
[INFO] [swerve_odometry_node-19]: sending signal 'SIGINT' to process[swerve_odometry_node-19]
[INFO] [swerve_controller_node-18]: sending signal 'SIGINT' to process[swerve_controller_node-18]
[INFO] [lifecycle_manager-13]: sending signal 'SIGINT' to process[lifecycle_manager-13]
[INFO] [waypoint_follower-12]: sending signal 'SIGINT' to process[waypoint_follower-12]
[INFO] [bt_navigator-11]: sending signal 'SIGINT' to process[bt_navigator-11]
[INFO] [behavior_server-10]: sending signal 'SIGINT' to process[behavior_server-10]
[INFO] [planner_server-9]: sending signal 'SIGINT' to process[planner_server-9]
[INFO] [controller_server-8]: sending signal 'SIGINT' to process[controller_server-8]
[INFO] [map_server-7]: sending signal 'SIGINT' to process[map_server-7]
[INFO] [ekf_node-6]: sending signal 'SIGINT' to process[ekf_node-6]
[INFO] [v30e_sim_node-5]: sending signal 'SIGINT' to process[v30e_sim_node-5]
[INFO] [ekf_node-4]: sending signal 'SIGINT' to process[ekf_node-4]
[INFO] [robot_state_publisher-2]: sending signal 'SIGINT' to process[robot_state_publisher-2]
[INFO] [gzserver-1]: sending signal 'SIGINT' to process[gzserver-1]
[behavior_server-10] [INFO] [1789643154.168743108] [behavior_server]: Cleaning up
[ERROR] [ekf_node-6]: process has died [pid 178845, exit code -2, cmd '/opt/ros/humble/lib/robot_localization/ekf_node --ros-args -r __node:=ekf_v30e --params-file /home/yahboom/swerve_bringup/install/swerve_bringup/share/swerve_bringup/config/v30e_localization_ekf.yaml --params-file /tmp/launch_params_nr3w8_px -r odometry/filtered:=/odometry/v30e'].
[controller_server-8] [INFO] [1789643154.194735394] [controller_server]: Destroying bond (controller_server) to lifecycle manager.
[ERROR] [ekf_node-4]: process has died [pid 178824, exit code -2, cmd '/opt/ros/humble/lib/robot_localization/ekf_node --ros-args -r __node:=ekf_filter_node --params-file /home/yahboom/swerve_bringup/install/swerve_bringup/share/swerve_bringup/config/ekf.yaml --params-file /tmp/launch_params_q_j0yosv -r /odom:=/odom -r /imu/data:=/imu/data'].
[waypoint_follower-12] [INFO] [1789643154.196078629] [waypoint_follower]: Cleaning up
[bt_navigator-11] [INFO] [1789643154.198422673] [bt_navigator]: Cleaning up
[map_server-7] [INFO] [1789643154.223904155] [map_server]: Cleaning up
[map_server-7] [INFO] [1789643154.224024938] [map_server]: Destroying bond (map_server) to lifecycle manager.
[swerve_odometry_node-19] Traceback (most recent call last):
[swerve_odometry_node-19]   File "/home/yahboom/swerve_bringup/install/swerve_bringup/lib/swerve_bringup/swerve_odometry_node", line 221, in <module>
[swerve_odometry_node-19]     main()
[swerve_odometry_node-19]   File "/home/yahboom/swerve_bringup/install/swerve_bringup/lib/swerve_bringup/swerve_odometry_node", line 215, in main
[swerve_odometry_node-19]     node.destroy_node()
[swerve_odometry_node-19]   File "/opt/ros/humble/local/lib/python3.10/dist-packages/rclpy/node.py", line 1685, in destroy_node
[swerve_odometry_node-19]     self.destroy_publisher(self._publishers[0])
[swerve_odometry_node-19]   File "/opt/ros/humble/local/lib/python3.10/dist-packages/rclpy/node.py", line 1565, in destroy_publisher
[swerve_odometry_node-19]     publisher.destroy()
[swerve_odometry_node-19]   File "/opt/ros/humble/local/lib/python3.10/dist-packages/rclpy/publisher.py", line 99, in destroy
[swerve_odometry_node-19]     self.__publisher.destroy_when_not_in_use()
[swerve_odometry_node-19] KeyboardInterrupt
[swerve_controller_node-18] Traceback (most recent call last):
[swerve_controller_node-18]   File "/home/yahboom/swerve_bringup/install/swerve_bringup/lib/swerve_bringup/swerve_controller_node", line 192, in <module>
[swerve_controller_node-18]     main()
[swerve_controller_node-18]   File "/home/yahboom/swerve_bringup/install/swerve_bringup/lib/swerve_bringup/swerve_controller_node", line 184, in main
[swerve_controller_node-18]     node.steer_pub.publish(Float64MultiArray(data=[
[swerve_controller_node-18]   File "/opt/ros/humble/local/lib/python3.10/dist-packages/rclpy/publisher.py", line 70, in publish
[swerve_controller_node-18]     self.__publisher.publish(msg)
[swerve_controller_node-18] rclpy._rclpy_pybind11.RCLError: Failed to publish: publisher's context is invalid, at ./src/rcl/publisher.c:389
[swerve_controller_node-18] Error in sys.excepthook:
[swerve_controller_node-18] Traceback (most recent call last):
[swerve_controller_node-18]   File "/usr/lib/python3/dist-packages/apport_python_hook.py", line 72, in apport_excepthook
[swerve_controller_node-18]     from apport.fileutils import likely_packaged, get_recent_crashes
[swerve_controller_node-18]   File "/usr/lib/python3/dist-packages/apport/__init__.py", line 5, in <module>
[swerve_controller_node-18]     from apport.report import Report
[swerve_controller_node-18]   File "/usr/lib/python3/dist-packages/apport/report.py", line 21, in <module>
[swerve_controller_node-18]     from urllib.request import urlopen
[swerve_controller_node-18]   File "/usr/lib/python3.10/urllib/request.py", line 88, in <module>
[swerve_controller_node-18]     import http.client
[swerve_controller_node-18]   File "/usr/lib/python3.10/http/client.py", line 71, in <module>
[swerve_controller_node-18]     import email.parser
[swerve_controller_node-18]   File "/usr/lib/python3.10/email/parser.py", line 12, in <module>
[swerve_controller_node-18]     from email.feedparser import FeedParser, BytesFeedParser
[swerve_controller_node-18]   File "/usr/lib/python3.10/email/feedparser.py", line 27, in <module>
[swerve_controller_node-18]     from email._policybase import compat32
[swerve_controller_node-18]   File "/usr/lib/python3.10/email/_policybase.py", line 9, in <module>
[swerve_controller_node-18]     from email.utils import _has_surrogates
[swerve_controller_node-18]   File "/usr/lib/python3.10/email/utils.py", line 33, in <module>
[swerve_controller_node-18]     from email._parseaddr import quote
[swerve_controller_node-18]   File "/usr/lib/python3.10/email/_parseaddr.py", line 16, in <module>
[swerve_controller_node-18]     import time, calendar
[swerve_controller_node-18]   File "<frozen importlib._bootstrap>", line 1027, in _find_and_load
[swerve_controller_node-18]   File "<frozen importlib._bootstrap>", line 1006, in _find_and_load_unlocked
[swerve_controller_node-18]   File "<frozen importlib._bootstrap>", line 688, in _load_unlocked
[swerve_controller_node-18]   File "<frozen importlib._bootstrap_external>", line 879, in exec_module
[swerve_controller_node-18]   File "<frozen importlib._bootstrap_external>", line 1012, in get_code
[swerve_controller_node-18]   File "<frozen importlib._bootstrap_external>", line 672, in _compile_bytecode
[swerve_controller_node-18] KeyboardInterrupt
[swerve_controller_node-18] 
[swerve_controller_node-18] Original exception was:
[swerve_controller_node-18] Traceback (most recent call last):
[swerve_controller_node-18]   File "/home/yahboom/swerve_bringup/install/swerve_bringup/lib/swerve_bringup/swerve_controller_node", line 192, in <module>
[swerve_controller_node-18]     main()
[swerve_controller_node-18]   File "/home/yahboom/swerve_bringup/install/swerve_bringup/lib/swerve_bringup/swerve_controller_node", line 184, in main
[swerve_controller_node-18]     node.steer_pub.publish(Float64MultiArray(data=[
[swerve_controller_node-18]   File "/opt/ros/humble/local/lib/python3.10/dist-packages/rclpy/publisher.py", line 70, in publish
[swerve_controller_node-18]     self.__publisher.publish(msg)
[swerve_controller_node-18] rclpy._rclpy_pybind11.RCLError: Failed to publish: publisher's context is invalid, at ./src/rcl/publisher.c:389
[lifecycle_manager-13] [INFO] [1789643154.236782606] [rclcpp]: signal_handler(signum=2)
[controller_server-8] [INFO] [1789643154.240072777] [controller_server]: Cleaning up
[controller_server-8] [INFO] [1789643154.240845654] [local_costmap.local_costmap]: Cleaning up
[waypoint_follower-12] [INFO] [1789643154.251876390] [rclcpp]: signal_handler(signum=2)
[bt_navigator-11] [INFO] [1789643154.252419639] [rclcpp]: signal_handler(signum=2)
[behavior_server-10] [INFO] [1789643154.260716435] [rclcpp]: signal_handler(signum=2)
[planner_server-9] [INFO] [1789643154.273948922] [rclcpp]: signal_handler(signum=2)
[controller_server-8] [INFO] [1789643154.278780894] [rclcpp]: signal_handler(signum=2)
[waypoint_follower-12] [INFO] [1789643154.285152955] [waypoint_follower]: Destroying bond (waypoint_follower) to lifecycle manager.
[map_server-7] [INFO] [1789643154.289702323] [rclcpp]: signal_handler(signum=2)
[planner_server-9] [INFO] [1789643154.315908506] [planner_server]: Deactivating plugin GridBased of type NavfnPlanner
[planner_server-9] [INFO] [1789643154.315962465] [planner_server]: Destroying bond (planner_server) to lifecycle manager.
[v30e_sim_node-5] Traceback (most recent call last):
[v30e_sim_node-5]   File "/home/yahboom/swerve_bringup/install/swerve_bringup/lib/swerve_bringup/v30e_sim_node", line 188, in <module>
[v30e_sim_node-5]     if __name__ == '__main__': main()
[v30e_sim_node-5]   File "/home/yahboom/swerve_bringup/install/swerve_bringup/lib/swerve_bringup/v30e_sim_node", line 185, in main
[v30e_sim_node-5]     node.destroy_node(); rclpy.shutdown()
[v30e_sim_node-5]   File "/opt/ros/humble/local/lib/python3.10/dist-packages/rclpy/node.py", line 1685, in destroy_node
[v30e_sim_node-5]     self.destroy_publisher(self._publishers[0])
[v30e_sim_node-5]   File "/opt/ros/humble/local/lib/python3.10/dist-packages/rclpy/node.py", line 1565, in destroy_publisher
[v30e_sim_node-5]     publisher.destroy()
[v30e_sim_node-5]   File "/opt/ros/humble/local/lib/python3.10/dist-packages/rclpy/publisher.py", line 99, in destroy
[v30e_sim_node-5]     self.__publisher.destroy_when_not_in_use()
[v30e_sim_node-5] KeyboardInterrupt
[planner_server-9] [INFO] [1789643154.335428386] [planner_server]: Cleaning up
[robot_state_publisher-2] [INFO] [1789643154.339679758] [rclcpp]: signal_handler(signum=2)
[behavior_server-10] [INFO] [1789643154.397101990] [behavior_server]: Destroying bond (behavior_server) to lifecycle manager.
[map_server-7] [INFO] [1789643154.426124418] [map_server]: Destroying
[waypoint_follower-12] [INFO] [1789643154.488536130] [waypoint_follower]: Destroying
[planner_server-9] [INFO] [1789643154.514660409] [global_costmap.global_costmap]: Cleaning up
[lifecycle_manager-13] [INFO] [1789643154.524523721] [lifecycle_manager_navigation]: Destroying lifecycle_manager_navigation
[ERROR] [swerve_odometry_node-19]: process has died [pid 179532, exit code -2, cmd '/home/yahboom/swerve_bringup/install/swerve_bringup/lib/swerve_bringup/swerve_odometry_node --ros-args -r __node:=swerve_odometry --params-file /home/yahboom/swerve_bringup/install/swerve_bringup/share/swerve_bringup/config/swerve_odometry.yaml --params-file /tmp/launch_params_5gd_6yg0'].
[behavior_server-10] [INFO] [1789643154.591485902] [behavior_server]: Destroying
[controller_server-8] [INFO] [1789643154.609509636] [controller_server]: Destroying bond (controller_server) to lifecycle manager.
[ERROR] [v30e_sim_node-5]: process has died [pid 178839, exit code -2, cmd '/home/yahboom/swerve_bringup/install/swerve_bringup/lib/swerve_bringup/v30e_sim_node --ros-args -r __node:=v30e_sim_node --params-file /home/yahboom/swerve_bringup/install/swerve_bringup/share/swerve_bringup/config/v30e_sim.yaml --params-file /tmp/launch_params_ngr7asaa'].
[planner_server-9] [INFO] [1789643154.629601361] [planner_server]: Cleaning up plugin GridBased of type NavfnPlanner
[planner_server-9] [INFO] [1789643154.629676721] [planner_server]: Destroying plugin GridBased of type NavfnPlanner
[controller_server-8] [INFO] [1789643154.654970942] [local_costmap.local_costmap]: Destroying
[INFO] [map_server-7]: process has finished cleanly [pid 178847]
[planner_server-9] [INFO] [1789643154.667447372] [planner_server]: Destroying bond (planner_server) to lifecycle manager.
[planner_server-9] [INFO] [1789643154.672162902] [global_costmap.global_costmap]: Destroying
[INFO] [robot_state_publisher-2]: process has finished cleanly [pid 178820]
[planner_server-9] [INFO] [1789643154.718555299] [planner_server]: Destroying
[controller_server-8] [INFO] [1789643154.737673741] [controller_server]: Destroying
[ERROR] [swerve_controller_node-18]: process has died [pid 179530, exit code 1, cmd '/home/yahboom/swerve_bringup/install/swerve_bringup/lib/swerve_bringup/swerve_controller_node --ros-args -r __node:=swerve_controller --params-file /home/yahboom/swerve_bringup/install/swerve_bringup/share/swerve_bringup/config/swerve_controller.yaml --params-file /tmp/launch_params_fe2qlebr'].
[INFO] [waypoint_follower-12]: process has finished cleanly [pid 178862]
[bt_navigator-11] [INFO] [1789643154.795686932] [bt_navigator]: Completed Cleaning up
[bt_navigator-11] [INFO] [1789643154.795749649] [bt_navigator]: Destroying bond (bt_navigator) to lifecycle manager.
[bt_navigator-11] [INFO] [1789643154.812550083] [bt_navigator]: Destroying
[INFO] [behavior_server-10]: process has finished cleanly [pid 178856]
[INFO] [lifecycle_manager-13]: process has finished cleanly [pid 178879]
[INFO] [planner_server-9]: process has finished cleanly [pid 178852]
[INFO] [controller_server-8]: process has finished cleanly [pid 178850]
[INFO] [bt_navigator-11]: process has finished cleanly [pid 178859]
[INFO] [gzserver-1]: process has finished cleanly [pid 178818]
