[INFO] [launch]: All log files can be found below /home/yahboom/.ros/log/2026-09-17-18-11-07-778215-yahboom-virtual-machine-166029
[INFO] [launch]: Default logging verbosity is set to INFO
[INFO] [gzserver-1]: process started with pid [166070]
[INFO] [robot_state_publisher-2]: process started with pid [166072]
[INFO] [spawn_entity.py-3]: process started with pid [166074]
[INFO] [ekf_node-4]: process started with pid [166076]
[INFO] [v30e_sim_node-5]: process started with pid [166078]
[INFO] [ekf_node-6]: process started with pid [166080]
[INFO] [map_server-7]: process started with pid [166082]
[INFO] [controller_server-8]: process started with pid [166084]
[INFO] [planner_server-9]: process started with pid [166087]
[INFO] [behavior_server-10]: process started with pid [166104]
[INFO] [bt_navigator-11]: process started with pid [166110]
[INFO] [waypoint_follower-12]: process started with pid [166123]
[INFO] [lifecycle_manager-13]: process started with pid [166136]
[INFO] [swerve_bridge_node-14]: process started with pid [166150]
[planner_server-9] [INFO] [1789639870.949074352] [planner_server]: 
[planner_server-9] 	planner_server lifecycle node launched. 
[planner_server-9] 	Waiting on external lifecycle transitions to activate
[planner_server-9] 	See https://design.ros2.org/articles/node_lifecycle.html for more information.
[planner_server-9] [INFO] [1789639870.950873477] [planner_server]: Creating
[bt_navigator-11] [INFO] [1789639870.999080787] [bt_navigator]: 
[bt_navigator-11] 	bt_navigator lifecycle node launched. 
[bt_navigator-11] 	Waiting on external lifecycle transitions to activate
[bt_navigator-11] 	See https://design.ros2.org/articles/node_lifecycle.html for more information.
[bt_navigator-11] [INFO] [1789639871.000175561] [bt_navigator]: Creating
[behavior_server-10] [INFO] [1789639871.009531723] [behavior_server]: 
[behavior_server-10] 	behavior_server lifecycle node launched. 
[behavior_server-10] 	Waiting on external lifecycle transitions to activate
[behavior_server-10] 	See https://design.ros2.org/articles/node_lifecycle.html for more information.
[map_server-7] [INFO] [1789639871.171490777] [map_server]: 
[map_server-7] 	map_server lifecycle node launched. 
[map_server-7] 	Waiting on external lifecycle transitions to activate
[map_server-7] 	See https://design.ros2.org/articles/node_lifecycle.html for more information.
[map_server-7] [INFO] [1789639871.173121221] [map_server]: Creating
[controller_server-8] [INFO] [1789639871.197104773] [controller_server]: 
[controller_server-8] 	controller_server lifecycle node launched. 
[controller_server-8] 	Waiting on external lifecycle transitions to activate
[controller_server-8] 	See https://design.ros2.org/articles/node_lifecycle.html for more information.
[controller_server-8] [INFO] [1789639871.211483128] [controller_server]: Creating controller server
[lifecycle_manager-13] [INFO] [1789639871.219455205] [lifecycle_manager_navigation]: Creating
[lifecycle_manager-13] [INFO] [1789639871.281680876] [lifecycle_manager_navigation]: [34m[1mCreating and initializing lifecycle service clients[0m[0m
[robot_state_publisher-2] [INFO] [1789639871.283156980] [robot_state_publisher]: got segment base_footprint
[robot_state_publisher-2] [INFO] [1789639871.283322003] [robot_state_publisher]: got segment base_link
[robot_state_publisher-2] [INFO] [1789639871.283336723] [robot_state_publisher]: got segment imu_link
[robot_state_publisher-2] [INFO] [1789639871.283344834] [robot_state_publisher]: got segment lidar_link
[robot_state_publisher-2] [INFO] [1789639871.283352244] [robot_state_publisher]: got segment steer_front_link
[robot_state_publisher-2] [INFO] [1789639871.283359505] [robot_state_publisher]: got segment steer_rear_link
[robot_state_publisher-2] [INFO] [1789639871.283366707] [robot_state_publisher]: got segment v30e_link
[robot_state_publisher-2] [INFO] [1789639871.283373532] [robot_state_publisher]: got segment wheel_front_drive_link
[robot_state_publisher-2] [INFO] [1789639871.283380544] [robot_state_publisher]: got segment wheel_front_left_link
[robot_state_publisher-2] [INFO] [1789639871.283387403] [robot_state_publisher]: got segment wheel_front_right_link
[robot_state_publisher-2] [INFO] [1789639871.283394151] [robot_state_publisher]: got segment wheel_rear_drive_link
[robot_state_publisher-2] [INFO] [1789639871.283401016] [robot_state_publisher]: got segment wheel_rear_left_link
[robot_state_publisher-2] [INFO] [1789639871.283407744] [robot_state_publisher]: got segment wheel_rear_right_link
[planner_server-9] [INFO] [1789639871.290903638] [global_costmap.global_costmap]: 
[planner_server-9] 	global_costmap lifecycle node launched. 
[planner_server-9] 	Waiting on external lifecycle transitions to activate
[planner_server-9] 	See https://design.ros2.org/articles/node_lifecycle.html for more information.
[planner_server-9] [INFO] [1789639871.291473316] [global_costmap.global_costmap]: Creating Costmap
[swerve_bridge_node-14] Traceback (most recent call last):
[swerve_bridge_node-14]   File "/home/yahboom/swerve_bringup/install/swerve_bridge/lib/swerve_bridge/swerve_bridge_node", line 33, in <module>
[swerve_bridge_node-14]     sys.exit(load_entry_point('swerve-bridge', 'console_scripts', 'swerve_bridge_node')())
[swerve_bridge_node-14]   File "/home/yahboom/swerve_bringup/install/swerve_bridge/lib/swerve_bridge/swerve_bridge_node", line 22, in importlib_load_entry_point
[swerve_bridge_node-14]     for entry_point in distribution(dist_name).entry_points
[swerve_bridge_node-14]   File "/usr/lib/python3.10/importlib/metadata/__init__.py", line 969, in distribution
[swerve_bridge_node-14]     return Distribution.from_name(distribution_name)
[swerve_bridge_node-14]   File "/usr/lib/python3.10/importlib/metadata/__init__.py", line 548, in from_name
[swerve_bridge_node-14]     raise PackageNotFoundError(name)
[swerve_bridge_node-14] importlib.metadata.PackageNotFoundError: No package metadata was found for swerve-bridge
[waypoint_follower-12] [INFO] [1789639871.411546641] [waypoint_follower]: 
[waypoint_follower-12] 	waypoint_follower lifecycle node launched. 
[waypoint_follower-12] 	Waiting on external lifecycle transitions to activate
[waypoint_follower-12] 	See https://design.ros2.org/articles/node_lifecycle.html for more information.
[waypoint_follower-12] [INFO] [1789639871.415161310] [waypoint_follower]: Creating
[ERROR] [swerve_bridge_node-14]: process has died [pid 166150, exit code 1, cmd '/home/yahboom/swerve_bringup/install/swerve_bridge/lib/swerve_bridge/swerve_bridge_node --ros-args -r __node:=swerve_bridge --params-file /home/yahboom/swerve_bringup/install/swerve_bridge/share/swerve_bridge/config/bridge.yaml --params-file /tmp/launch_params_0cniwkj4'].
[controller_server-8] [INFO] [1789639871.501296859] [local_costmap.local_costmap]: 
[controller_server-8] 	local_costmap lifecycle node launched. 
[controller_server-8] 	Waiting on external lifecycle transitions to activate
[controller_server-8] 	See https://design.ros2.org/articles/node_lifecycle.html for more information.
[controller_server-8] [INFO] [1789639871.504355406] [local_costmap.local_costmap]: Creating Costmap
[lifecycle_manager-13] [INFO] [1789639871.535079276] [lifecycle_manager_navigation]: [34m[1mStarting managed nodes bringup...[0m[0m
[lifecycle_manager-13] [INFO] [1789639871.535214106] [lifecycle_manager_navigation]: [34m[1mConfiguring map_server[0m[0m
[map_server-7] [INFO] [1789639871.537691654] [map_server]: Configuring
[map_server-7] [INFO] [1789639871.537780267] [map_io]: Loading yaml file: /home/yahboom/swerve_bringup/install/swerve_bringup/share/swerve_bringup/swerve_navigation/maps/warehouse.yaml
[map_server-7] [INFO] [1789639871.538092435] [map_io]: resolution: 0.05
[map_server-7] [INFO] [1789639871.538107122] [map_io]: origin[0]: -17.2
[map_server-7] [INFO] [1789639871.538113514] [map_io]: origin[1]: -17.4
[map_server-7] [INFO] [1789639871.538118658] [map_io]: origin[2]: 0
[map_server-7] [INFO] [1789639871.538124031] [map_io]: free_thresh: 0.25
[map_server-7] [INFO] [1789639871.538129420] [map_io]: occupied_thresh: 0.65
[map_server-7] [INFO] [1789639871.538134905] [map_io]: mode: trinary
[map_server-7] [INFO] [1789639871.538140785] [map_io]: negate: 0
[map_server-7] [INFO] [1789639871.541743594] [map_io]: Loading image_file: /home/yahboom/swerve_bringup/install/swerve_bringup/share/swerve_bringup/swerve_navigation/maps/warehouse.pgm
[map_server-7] [INFO] [1789639871.624922836] [map_io]: Read map /home/yahboom/swerve_bringup/install/swerve_bringup/share/swerve_bringup/swerve_navigation/maps/warehouse.pgm: 676 X 680 map @ 0.05 m/cell
[lifecycle_manager-13] [INFO] [1789639871.647213030] [lifecycle_manager_navigation]: [34m[1mConfiguring controller_server[0m[0m
[controller_server-8] [INFO] [1789639871.653693544] [controller_server]: Configuring controller interface
[controller_server-8] [INFO] [1789639871.653959427] [controller_server]: getting goal checker plugins..
[controller_server-8] [INFO] [1789639871.654034073] [controller_server]: Controller frequency set to 10.0000Hz
[controller_server-8] [INFO] [1789639871.654070067] [local_costmap.local_costmap]: Configuring
[controller_server-8] [INFO] [1789639871.695194737] [local_costmap.local_costmap]: Using plugin "voxel_layer"
[controller_server-8] [INFO] [1789639871.722741809] [local_costmap.local_costmap]: Subscribed to Topics: lidar3d scan
[controller_server-8] [INFO] [1789639871.773197722] [local_costmap.local_costmap]: Initialized plugin "voxel_layer"
[controller_server-8] [INFO] [1789639871.773275891] [local_costmap.local_costmap]: Using plugin "inflation_layer"
[controller_server-8] [INFO] [1789639871.779842155] [local_costmap.local_costmap]: Initialized plugin "inflation_layer"
[controller_server-8] [INFO] [1789639871.951802457] [controller_server]: Created progress_checker : progress_checker of type nav2_controller::SimpleProgressChecker
[controller_server-8] [INFO] [1789639871.952583595] [controller_server]: Created goal checker : general_goal_checker of type nav2_controller::SimpleGoalChecker
[controller_server-8] [INFO] [1789639871.957799356] [controller_server]: Controller Server has general_goal_checker  goal checkers available.
[controller_server-8] [INFO] [1789639871.971829941] [controller_server]: Created controller : FollowPath of type dwb_core::DWBLocalPlanner
[controller_server-8] [INFO] [1789639871.972254222] [controller_server]: Setting transform_tolerance to 0.200000
[controller_server-8] [INFO] [1789639872.185309830] [controller_server]: Using critic "RotateToGoal" (dwb_critics::RotateToGoalCritic)
[controller_server-8] [INFO] [1789639872.185701073] [controller_server]: Critic plugin initialized
[controller_server-8] [INFO] [1789639872.185837204] [controller_server]: Using critic "Oscillation" (dwb_critics::OscillationCritic)
[controller_server-8] [INFO] [1789639872.224553687] [controller_server]: Critic plugin initialized
[controller_server-8] [INFO] [1789639872.224889862] [controller_server]: Using critic "BaseObstacle" (dwb_critics::BaseObstacleCritic)
[controller_server-8] [INFO] [1789639872.225160633] [controller_server]: Critic plugin initialized
[controller_server-8] [INFO] [1789639872.231756082] [controller_server]: Using critic "GoalAlign" (dwb_critics::GoalAlignCritic)
[controller_server-8] [INFO] [1789639872.248934192] [controller_server]: Critic plugin initialized
[controller_server-8] [INFO] [1789639872.249038946] [controller_server]: Using critic "PathAlign" (dwb_critics::PathAlignCritic)
[controller_server-8] [INFO] [1789639872.249636166] [controller_server]: Critic plugin initialized
[controller_server-8] [INFO] [1789639872.249706668] [controller_server]: Using critic "PathDist" (dwb_critics::PathDistCritic)
[controller_server-8] [INFO] [1789639872.250172609] [controller_server]: Critic plugin initialized
[controller_server-8] [INFO] [1789639872.250262642] [controller_server]: Using critic "GoalDist" (dwb_critics::GoalDistCritic)
[controller_server-8] [INFO] [1789639872.250620863] [controller_server]: Critic plugin initialized
[controller_server-8] [INFO] [1789639872.250648674] [controller_server]: Controller Server has FollowPath  controllers available.
[spawn_entity.py-3] [INFO] [1789639872.530179023] [spawn_swerve]: Spawn Entity started
[spawn_entity.py-3] [INFO] [1789639872.530689695] [spawn_swerve]: Loading entity published on topic robot_description
[spawn_entity.py-3] [INFO] [1789639872.554247035] [spawn_swerve]: Waiting for entity xml on robot_description
[spawn_entity.py-3] [INFO] [1789639872.585293858] [spawn_swerve]: Waiting for service /spawn_entity, timeout = 30
[spawn_entity.py-3] [INFO] [1789639872.588440347] [spawn_swerve]: Waiting for service /spawn_entity
[lifecycle_manager-13] [INFO] [1789639872.776737362] [lifecycle_manager_navigation]: [34m[1mConfiguring planner_server[0m[0m
[planner_server-9] [INFO] [1789639872.777172624] [planner_server]: Configuring
[planner_server-9] [INFO] [1789639872.777226675] [global_costmap.global_costmap]: Configuring
[planner_server-9] [INFO] [1789639872.814072699] [global_costmap.global_costmap]: Using plugin "static_layer"
[planner_server-9] [INFO] [1789639872.823852664] [global_costmap.global_costmap]: Subscribing to the map topic (/map) with transient local durability
[planner_server-9] [INFO] [1789639872.838083673] [global_costmap.global_costmap]: Initialized plugin "static_layer"
[planner_server-9] [INFO] [1789639872.838147815] [global_costmap.global_costmap]: Using plugin "obstacle_layer"
[planner_server-9] [INFO] [1789639872.857047600] [global_costmap.global_costmap]: Subscribed to Topics: scan
[v30e_sim_node-5] [INFO] [1789639872.867383974] [v30e_sim_node]: Using Gazebo /get_entity_state internally; odometry is not a V30E measurement input
[planner_server-9] [INFO] [1789639872.880540592] [global_costmap.global_costmap]: Initialized plugin "obstacle_layer"
[planner_server-9] [INFO] [1789639872.880616361] [global_costmap.global_costmap]: Using plugin "inflation_layer"
[planner_server-9] [INFO] [1789639872.895441714] [global_costmap.global_costmap]: Initialized plugin "inflation_layer"
[planner_server-9] [INFO] [1789639872.992749957] [planner_server]: Created global planner plugin GridBased of type nav2_navfn_planner/NavfnPlanner
[planner_server-9] [INFO] [1789639872.992803572] [planner_server]: Configuring plugin GridBased of type NavfnPlanner
[planner_server-9] [INFO] [1789639872.993239359] [planner_server]: Planner Server has GridBased  planners available.
[lifecycle_manager-13] [INFO] [1789639873.100801613] [lifecycle_manager_navigation]: [34m[1mConfiguring behavior_server[0m[0m
[behavior_server-10] [INFO] [1789639873.101181785] [behavior_server]: Configuring
[behavior_server-10] [INFO] [1789639873.161370167] [behavior_server]: Creating behavior plugin spin of type nav2_behaviors/Spin
[behavior_server-10] [INFO] [1789639873.162592647] [behavior_server]: Configuring spin
[behavior_server-10] [INFO] [1789639873.225081805] [behavior_server]: Creating behavior plugin backup of type nav2_behaviors/BackUp
[behavior_server-10] [INFO] [1789639873.226333003] [behavior_server]: Configuring backup
[behavior_server-10] [INFO] [1789639873.248577355] [behavior_server]: Creating behavior plugin drive_on_heading of type nav2_behaviors/DriveOnHeading
[behavior_server-10] [INFO] [1789639873.252607496] [behavior_server]: Configuring drive_on_heading
[behavior_server-10] [INFO] [1789639873.276755790] [behavior_server]: Creating behavior plugin wait of type nav2_behaviors/Wait
[behavior_server-10] [INFO] [1789639873.277981619] [behavior_server]: Configuring wait
[lifecycle_manager-13] [INFO] [1789639873.317563574] [lifecycle_manager_navigation]: [34m[1mConfiguring bt_navigator[0m[0m
[bt_navigator-11] [INFO] [1789639873.318852265] [bt_navigator]: Configuring
[lifecycle_manager-13] [INFO] [1789639873.792321273] [lifecycle_manager_navigation]: [34m[1mConfiguring waypoint_follower[0m[0m
[waypoint_follower-12] [INFO] [1789639873.794231301] [waypoint_follower]: Configuring
[waypoint_follower-12] [INFO] [1789639873.878566462] [waypoint_follower]: Created waypoint_task_executor : wait_at_waypoint of type nav2_waypoint_follower::WaitAtWaypoint
[waypoint_follower-12] [INFO] [1789639873.887597498] [waypoint_follower]: Waypoint pause duration is set to zero, disabling task executor plugin.
[lifecycle_manager-13] [INFO] [1789639873.890780976] [lifecycle_manager_navigation]: [34m[1mActivating map_server[0m[0m
[map_server-7] [INFO] [1789639873.891349337] [map_server]: Activating
[map_server-7] [INFO] [1789639873.892512899] [map_server]: Creating bond (map_server) to lifecycle manager.
[planner_server-9] [INFO] [1789639873.893779229] [global_costmap.global_costmap]: StaticLayer: Resizing costmap to 676 X 680 at 0.050000 m/pix
[lifecycle_manager-13] [INFO] [1789639874.018914385] [lifecycle_manager_navigation]: Server map_server connected with bond.
[lifecycle_manager-13] [INFO] [1789639874.018987262] [lifecycle_manager_navigation]: [34m[1mActivating controller_server[0m[0m
[controller_server-8] [INFO] [1789639874.021528249] [controller_server]: Activating
[controller_server-8] [INFO] [1789639874.021630253] [local_costmap.local_costmap]: Activating
[controller_server-8] [INFO] [1789639874.021654740] [local_costmap.local_costmap]: Checking transform
[controller_server-8] [INFO] [1789639874.021692651] [local_costmap.local_costmap]: Timed out waiting for transform from base_footprint to odom to become available, tf error: Invalid frame ID "odom" passed to canTransform argument target_frame - frame does not exist
[controller_server-8] [INFO] [1789639874.521999207] [local_costmap.local_costmap]: Timed out waiting for transform from base_footprint to odom to become available, tf error: Invalid frame ID "odom" passed to canTransform argument target_frame - frame does not exist
[controller_server-8] [INFO] [1789639875.021921133] [local_costmap.local_costmap]: Timed out waiting for transform from base_footprint to odom to become available, tf error: Invalid frame ID "odom" passed to canTransform argument target_frame - frame does not exist
[controller_server-8] [INFO] [1789639875.522105861] [local_costmap.local_costmap]: Timed out waiting for transform from base_footprint to odom to become available, tf error: Invalid frame ID "odom" passed to canTransform argument target_frame - frame does not exist
[controller_server-8] [INFO] [1789639876.024885688] [local_costmap.local_costmap]: Timed out waiting for transform from base_footprint to odom to become available, tf error: Invalid frame ID "odom" passed to canTransform argument target_frame - frame does not exist
[controller_server-8] [INFO] [1789639876.521869789] [local_costmap.local_costmap]: Timed out waiting for transform from base_footprint to odom to become available, tf error: Invalid frame ID "odom" passed to canTransform argument target_frame - frame does not exist
[controller_server-8] [INFO] [1789639877.024334447] [local_costmap.local_costmap]: Timed out waiting for transform from base_footprint to odom to become available, tf error: Invalid frame ID "odom" passed to canTransform argument target_frame - frame does not exist
[controller_server-8] [INFO] [1789639877.522403297] [local_costmap.local_costmap]: Timed out waiting for transform from base_footprint to odom to become available, tf error: Invalid frame ID "odom" passed to canTransform argument target_frame - frame does not exist
[controller_server-8] [INFO] [1789639878.023266577] [local_costmap.local_costmap]: Timed out waiting for transform from base_footprint to odom to become available, tf error: Invalid frame ID "odom" passed to canTransform argument target_frame - frame does not exist
[controller_server-8] [INFO] [1789639878.523989552] [local_costmap.local_costmap]: Timed out waiting for transform from base_footprint to odom to become available, tf error: Invalid frame ID "odom" passed to canTransform argument target_frame - frame does not exist
[spawn_entity.py-3] [INFO] [1789639878.656484470] [spawn_swerve]: Calling service /spawn_entity
[gzserver-1] [INFO] [1789639878.744665951] [gazebo_ros_state]: Publishing states of gazebo models at [/model_states]
[gzserver-1] [INFO] [1789639878.760303862] [gazebo_ros_state]: Publishing states of gazebo links at [/link_states]
[gzserver-1] [ERROR] [1789639878.918149524] [gazebo_ros_state]: GetEntityState: entity [swerve_base] does not exist
[v30e_sim_node-5] [WARN] [1789639878.920070727] [v30e_sim_node]: get_entity_state failed: entity not available
[gzserver-1] [ERROR] [1789639878.976294143] [gazebo_ros_state]: GetEntityState: entity [swerve_base] does not exist
[controller_server-8] [INFO] [1789639879.021908722] [local_costmap.local_costmap]: Timed out waiting for transform from base_footprint to odom to become available, tf error: Invalid frame ID "odom" passed to canTransform argument target_frame - frame does not exist
[gzserver-1] [ERROR] [1789639879.033002294] [gazebo_ros_state]: GetEntityState: entity [swerve_base] does not exist
[gzserver-1] [ERROR] [1789639879.088711778] [gazebo_ros_state]: GetEntityState: entity [swerve_base] does not exist
[gzserver-1] [ERROR] [1789639879.158976179] [gazebo_ros_state]: GetEntityState: entity [swerve_base] does not exist
[gzserver-1] [ERROR] [1789639879.221905898] [gazebo_ros_state]: GetEntityState: entity [swerve_base] does not exist
[gzserver-1] [ERROR] [1789639879.277955163] [gazebo_ros_state]: GetEntityState: entity [swerve_base] does not exist
[gzserver-1] [INFO] [1789639879.397178126] [imu.imu_ros]: <initial_orientation_as_reference> is unset, using default value of false to comply with REP 145 (world as orientation reference)
[controller_server-8] [INFO] [1789639879.521841763] [local_costmap.local_costmap]: Timed out waiting for transform from base_footprint to odom to become available, tf error: Invalid frame ID "odom" passed to canTransform argument target_frame - frame does not exist
[controller_server-8] [INFO] [1789639880.076702512] [local_costmap.local_costmap]: Timed out waiting for transform from base_footprint to odom to become available, tf error: Invalid frame ID "odom" passed to canTransform argument target_frame - frame does not exist
[controller_server-8] [INFO] [1789639880.522611492] [local_costmap.local_costmap]: Timed out waiting for transform from base_footprint to odom to become available, tf error: Invalid frame ID "odom" passed to canTransform argument target_frame - frame does not exist
[controller_server-8] [INFO] [1789639881.022889654] [local_costmap.local_costmap]: Timed out waiting for transform from base_footprint to odom to become available, tf error: Invalid frame ID "odom" passed to canTransform argument target_frame - frame does not exist
[controller_server-8] [INFO] [1789639881.522538056] [local_costmap.local_costmap]: Timed out waiting for transform from base_footprint to odom to become available, tf error: Invalid frame ID "odom" passed to canTransform argument target_frame - frame does not exist
[controller_server-8] [INFO] [1789639882.021969284] [local_costmap.local_costmap]: Timed out waiting for transform from base_footprint to odom to become available, tf error: Invalid frame ID "odom" passed to canTransform argument target_frame - frame does not exist
[controller_server-8] [INFO] [1789639882.521885048] [local_costmap.local_costmap]: Timed out waiting for transform from base_footprint to odom to become available, tf error: Invalid frame ID "odom" passed to canTransform argument target_frame - frame does not exist
[controller_server-8] [INFO] [1789639883.025299743] [local_costmap.local_costmap]: Timed out waiting for transform from base_footprint to odom to become available, tf error: Invalid frame ID "odom" passed to canTransform argument target_frame - frame does not exist
[controller_server-8] [INFO] [1789639883.525623117] [local_costmap.local_costmap]: Timed out waiting for transform from base_footprint to odom to become available, tf error: Invalid frame ID "odom" passed to canTransform argument target_frame - frame does not exist
[controller_server-8] [INFO] [1789639884.022261469] [local_costmap.local_costmap]: Timed out waiting for transform from base_footprint to odom to become available, tf error: Invalid frame ID "odom" passed to canTransform argument target_frame - frame does not exist
[controller_server-8] [INFO] [1789639884.522362495] [local_costmap.local_costmap]: Timed out waiting for transform from base_footprint to odom to become available, tf error: Invalid frame ID "odom" passed to canTransform argument target_frame - frame does not exist
[controller_server-8] [INFO] [1789639885.025100578] [local_costmap.local_costmap]: Timed out waiting for transform from base_footprint to odom to become available, tf error: Invalid frame ID "odom" passed to canTransform argument target_frame - frame does not exist
[controller_server-8] [INFO] [1789639885.521815382] [local_costmap.local_costmap]: Timed out waiting for transform from base_footprint to odom to become available, tf error: Invalid frame ID "odom" passed to canTransform argument target_frame - frame does not exist
[controller_server-8] [INFO] [1789639886.022351169] [local_costmap.local_costmap]: Timed out waiting for transform from base_footprint to odom to become available, tf error: Invalid frame ID "odom" passed to canTransform argument target_frame - frame does not exist
[controller_server-8] [INFO] [1789639886.522234361] [local_costmap.local_costmap]: Timed out waiting for transform from base_footprint to odom to become available, tf error: Invalid frame ID "odom" passed to canTransform argument target_frame - frame does not exist
[controller_server-8] [INFO] [1789639887.021921994] [local_costmap.local_costmap]: Timed out waiting for transform from base_footprint to odom to become available, tf error: Invalid frame ID "odom" passed to canTransform argument target_frame - frame does not exist
[controller_server-8] [INFO] [1789639887.522365292] [local_costmap.local_costmap]: Timed out waiting for transform from base_footprint to odom to become available, tf error: Invalid frame ID "odom" passed to canTransform argument target_frame - frame does not exist
[controller_server-8] [INFO] [1789639888.022180959] [local_costmap.local_costmap]: Timed out waiting for transform from base_footprint to odom to become available, tf error: Invalid frame ID "odom" passed to canTransform argument target_frame - frame does not exist
[controller_server-8] [INFO] [1789639888.523045536] [local_costmap.local_costmap]: Timed out waiting for transform from base_footprint to odom to become available, tf error: Invalid frame ID "odom" passed to canTransform argument target_frame - frame does not exist
[controller_server-8] [INFO] [1789639889.022522552] [local_costmap.local_costmap]: Timed out waiting for transform from base_footprint to odom to become available, tf error: Invalid frame ID "odom" passed to canTransform argument target_frame - frame does not exist
[controller_server-8] [INFO] [1789639889.522528513] [local_costmap.local_costmap]: Timed out waiting for transform from base_footprint to odom to become available, tf error: Invalid frame ID "odom" passed to canTransform argument target_frame - frame does not exist
[controller_server-8] [INFO] [1789639890.022552635] [local_costmap.local_costmap]: Timed out waiting for transform from base_footprint to odom to become available, tf error: Invalid frame ID "odom" passed to canTransform argument target_frame - frame does not exist
[controller_server-8] [INFO] [1789639890.522585408] [local_costmap.local_costmap]: Timed out waiting for transform from base_footprint to odom to become available, tf error: Invalid frame ID "odom" passed to canTransform argument target_frame - frame does not exist
[controller_server-8] [INFO] [1789639891.021820398] [local_costmap.local_costmap]: Timed out waiting for transform from base_footprint to odom to become available, tf error: Invalid frame ID "odom" passed to canTransform argument target_frame - frame does not exist
[controller_server-8] [INFO] [1789639891.522337532] [local_costmap.local_costmap]: Timed out waiting for transform from base_footprint to odom to become available, tf error: Invalid frame ID "odom" passed to canTransform argument target_frame - frame does not exist
[controller_server-8] [INFO] [1789639892.022129550] [local_costmap.local_costmap]: Timed out waiting for transform from base_footprint to odom to become available, tf error: Invalid frame ID "odom" passed to canTransform argument target_frame - frame does not exist
[controller_server-8] [INFO] [1789639892.524582380] [local_costmap.local_costmap]: Timed out waiting for transform from base_footprint to odom to become available, tf error: Invalid frame ID "odom" passed to canTransform argument target_frame - frame does not exist
[spawn_entity.py-3] [INFO] [1789639892.943518706] [spawn_swerve]: Spawn status: SpawnEntity: Successfully spawned entity [swerve_base]
[controller_server-8] [INFO] [1789639893.043337958] [local_costmap.local_costmap]: Timed out waiting for transform from base_footprint to odom to become available, tf error: Invalid frame ID "odom" passed to canTransform argument target_frame - frame does not exist
[gzserver-1] [INFO] [1789639893.266318142] [gazebo_ros2_control]: Loading gazebo_ros2_control plugin
[INFO] [spawn_entity.py-3]: process has finished cleanly [pid 166074]
[INFO] [spawner-15]: process started with pid [166585]
[gzserver-1] [INFO] [1789639893.399513279] [gazebo_ros2_control]: Starting gazebo_ros2_control plugin in namespace: /
[gzserver-1] [INFO] [1789639893.399599329] [gazebo_ros2_control]: Starting gazebo_ros2_control plugin in ros 2 node: gazebo_ros2_control
[gzserver-1] [INFO] [1789639893.498649825] [gazebo_ros2_control]: connected to service!! robot_state_publisher
[gzserver-1] [INFO] [1789639893.501993308] [gazebo_ros2_control]: Received urdf from param server, parsing...
[gzserver-1] [INFO] [1789639893.502147473] [gazebo_ros2_control]: Loading parameter files /home/yahboom/swerve_bringup/install/swerve_bringup/share/swerve_bringup/config/controllers.yaml
[controller_server-8] [INFO] [1789639893.521747070] [local_costmap.local_costmap]: Timed out waiting for transform from base_footprint to odom to become available, tf error: Invalid frame ID "odom" passed to canTransform argument target_frame - frame does not exist
[gzserver-1] [INFO] [1789639893.558048907] [gazebo_ros2_control]: Loading joint: steer_front_joint
[gzserver-1] [INFO] [1789639893.558129049] [gazebo_ros2_control]: 	State:
[gzserver-1] [INFO] [1789639893.558144217] [gazebo_ros2_control]: 		 position
[gzserver-1] [INFO] [1789639893.558156896] [gazebo_ros2_control]: 		 velocity
[gzserver-1] [INFO] [1789639893.558166585] [gazebo_ros2_control]: 	Command:
[gzserver-1] [INFO] [1789639893.558175475] [gazebo_ros2_control]: 		 position
[gzserver-1] [INFO] [1789639893.560272615] [gazebo_ros2_control]: Loading joint: steer_rear_joint
[gzserver-1] [INFO] [1789639893.560315548] [gazebo_ros2_control]: 	State:
[gzserver-1] [INFO] [1789639893.560327747] [gazebo_ros2_control]: 		 position
[gzserver-1] [INFO] [1789639893.560339374] [gazebo_ros2_control]: 		 velocity
[gzserver-1] [INFO] [1789639893.560348500] [gazebo_ros2_control]: 	Command:
[gzserver-1] [INFO] [1789639893.560357864] [gazebo_ros2_control]: 		 position
[gzserver-1] [INFO] [1789639893.560690532] [gazebo_ros2_control]: Loading joint: wheel_front_drive_joint
[gzserver-1] [INFO] [1789639893.560720759] [gazebo_ros2_control]: 	State:
[gzserver-1] [INFO] [1789639893.560732476] [gazebo_ros2_control]: 		 position
[gzserver-1] [INFO] [1789639893.560742942] [gazebo_ros2_control]: 		 velocity
[gzserver-1] [INFO] [1789639893.560751807] [gazebo_ros2_control]: 	Command:
[gzserver-1] [INFO] [1789639893.560766983] [gazebo_ros2_control]: 		 velocity
[gzserver-1] [INFO] [1789639893.569273732] [gazebo_ros2_control]: Loading joint: wheel_rear_drive_joint
[gzserver-1] [INFO] [1789639893.569326989] [gazebo_ros2_control]: 	State:
[gzserver-1] [INFO] [1789639893.569338744] [gazebo_ros2_control]: 		 position
[gzserver-1] [INFO] [1789639893.569349161] [gazebo_ros2_control]: 		 velocity
[gzserver-1] [INFO] [1789639893.569357915] [gazebo_ros2_control]: 	Command:
[gzserver-1] [INFO] [1789639893.569383765] [gazebo_ros2_control]: 		 velocity
[gzserver-1] [INFO] [1789639893.576775371] [resource_manager]: Initialize hardware 'GazeboSystem' 
[gzserver-1] [INFO] [1789639893.577128362] [resource_manager]: Successful initialization of hardware 'GazeboSystem'
[gzserver-1] [INFO] [1789639893.577485314] [resource_manager]: 'configure' hardware 'GazeboSystem' 
[gzserver-1] [INFO] [1789639893.577511836] [resource_manager]: Successful 'configure' of hardware 'GazeboSystem'
[gzserver-1] [INFO] [1789639893.577521212] [resource_manager]: 'activate' hardware 'GazeboSystem' 
[gzserver-1] [INFO] [1789639893.577528087] [resource_manager]: Successful 'activate' of hardware 'GazeboSystem'
[gzserver-1] [INFO] [1789639893.577637635] [gazebo_ros2_control]: Loading controller_manager
[gzserver-1] [WARN] [1789639893.921387223] [gazebo_ros2_control]:  Desired controller update period (0.01 s) is slower than the gazebo simulation period (0.001 s).
[gzserver-1] [INFO] [1789639893.922388016] [gazebo_ros2_control]: Loaded gazebo_ros2_control.
[controller_server-8] [INFO] [1789639894.022407422] [local_costmap.local_costmap]: start
[controller_server-8] [INFO] [1789639894.185426960] [controller_server]: Creating bond (controller_server) to lifecycle manager.
[spawner-15] [INFO] [1789639894.302138982] [spawn_joint_state_broadcaster]: waiting for service /controller_manager/list_controllers to become available...
[gzserver-1] [INFO] [1789639894.309519678] [controller_manager]: Loading controller 'joint_state_broadcaster'
[lifecycle_manager-13] [INFO] [1789639894.314250446] [lifecycle_manager_navigation]: Server controller_server connected with bond.
[lifecycle_manager-13] [INFO] [1789639894.316011332] [lifecycle_manager_navigation]: [34m[1mActivating planner_server[0m[0m
[planner_server-9] [INFO] [1789639894.316573731] [planner_server]: Activating
[planner_server-9] [INFO] [1789639894.316665936] [global_costmap.global_costmap]: Activating
[planner_server-9] [INFO] [1789639894.316690359] [global_costmap.global_costmap]: Checking transform
[planner_server-9] [INFO] [1789639894.316725772] [global_costmap.global_costmap]: Timed out waiting for transform from base_footprint to map to become available, tf error: Invalid frame ID "map" passed to canTransform argument target_frame - frame does not exist
[spawner-15] [INFO] [1789639894.480687301] [spawn_joint_state_broadcaster]: [94mLoaded [1mjoint_state_broadcaster[0m
[gzserver-1] [INFO] [1789639894.486061774] [controller_manager]: Configuring controller 'joint_state_broadcaster'
[gzserver-1] [INFO] [1789639894.486668904] [joint_state_broadcaster]: 'joints' or 'interfaces' parameter is empty. All available state interfaces will be published
[planner_server-9] [INFO] [1789639894.817119658] [global_costmap.global_costmap]: start
[spawner-15] [INFO] [1789639894.910675459] [spawn_joint_state_broadcaster]: [92mConfigured and activated [1mjoint_state_broadcaster[0m
[INFO] [spawner-15]: process has finished cleanly [pid 166585]
[INFO] [spawner-16]: process started with pid [166604]
[planner_server-9] [INFO] [1789639895.377082253] [planner_server]: Activating plugin GridBased of type NavfnPlanner
[planner_server-9] [INFO] [1789639895.389461400] [planner_server]: Creating bond (planner_server) to lifecycle manager.
[lifecycle_manager-13] [INFO] [1789639895.536708942] [lifecycle_manager_navigation]: Server planner_server connected with bond.
[lifecycle_manager-13] [INFO] [1789639895.536789752] [lifecycle_manager_navigation]: [34m[1mActivating behavior_server[0m[0m
[behavior_server-10] [INFO] [1789639895.539461728] [behavior_server]: Activating
[behavior_server-10] [INFO] [1789639895.539568727] [behavior_server]: Activating spin
[behavior_server-10] [INFO] [1789639895.539597522] [behavior_server]: Activating backup
[behavior_server-10] [INFO] [1789639895.539612644] [behavior_server]: Activating drive_on_heading
[behavior_server-10] [INFO] [1789639895.539624730] [behavior_server]: Activating wait
[behavior_server-10] [INFO] [1789639895.539644319] [behavior_server]: Creating bond (behavior_server) to lifecycle manager.
[lifecycle_manager-13] [INFO] [1789639895.678043475] [lifecycle_manager_navigation]: Server behavior_server connected with bond.
[lifecycle_manager-13] [INFO] [1789639895.678120455] [lifecycle_manager_navigation]: [34m[1mActivating bt_navigator[0m[0m
[bt_navigator-11] [INFO] [1789639895.678886853] [bt_navigator]: Activating
[gzserver-1] [WARN] [1789639896.495812495] [controller_manager.rclcpp]: failed to send response to /controller_manager/list_controllers (timeout): client will not receive response, at ./src/rmw_response.cpp:154, at ./src/rcl/service.c:314
[bt_navigator-11] [INFO] [1789639896.637018893] [bt_navigator]: Creating bond (bt_navigator) to lifecycle manager.
[lifecycle_manager-13] [INFO] [1789639896.767642223] [lifecycle_manager_navigation]: Server bt_navigator connected with bond.
[lifecycle_manager-13] [INFO] [1789639896.767776490] [lifecycle_manager_navigation]: [34m[1mActivating waypoint_follower[0m[0m
[waypoint_follower-12] [INFO] [1789639896.768948759] [waypoint_follower]: Activating
[waypoint_follower-12] [INFO] [1789639896.769034564] [waypoint_follower]: Creating bond (waypoint_follower) to lifecycle manager.
[lifecycle_manager-13] [INFO] [1789639896.901065295] [lifecycle_manager_navigation]: Server waypoint_follower connected with bond.
[lifecycle_manager-13] [INFO] [1789639896.901124226] [lifecycle_manager_navigation]: [34m[1mManaged nodes are active[0m[0m
[lifecycle_manager-13] [INFO] [1789639896.901138173] [lifecycle_manager_navigation]: [34m[1mCreating bond timer...[0m[0m
[spawner-16] [WARN] [1789639926.438654631] [spawn_steering_controller]: Failed getting a result from calling /controller_manager/list_controllers in 30.0. (Attempt 1 of 3.)
[gzserver-1] [INFO] [1789639926.450844214] [controller_manager]: Loading controller 'steering_controller'
[spawner-16] [INFO] [1789639926.596577360] [spawn_steering_controller]: [94mLoaded [1msteering_controller[0m
[gzserver-1] [INFO] [1789639926.606720307] [controller_manager]: Configuring controller 'steering_controller'
[gzserver-1] [INFO] [1789639926.624631957] [steering_controller]: configure successful
[gzserver-1] [INFO] [1789639926.645126553] [steering_controller]: activate successful
[spawner-16] [INFO] [1789639926.663942624] [spawn_steering_controller]: [92mConfigured and activated [1msteering_controller[0m
[INFO] [spawner-16]: process has finished cleanly [pid 166604]
[INFO] [spawner-17]: process started with pid [166628]
[spawner-17] [INFO] [1789639928.491619440] [spawn_drive_controller]: waiting for service /controller_manager/list_controllers to become available...
[gzserver-1] [INFO] [1789639929.180245937] [controller_manager]: Loading controller 'drive_controller'
[spawner-17] [INFO] [1789639929.474795402] [spawn_drive_controller]: [94mLoaded [1mdrive_controller[0m
[gzserver-1] [INFO] [1789639929.505957022] [controller_manager]: Configuring controller 'drive_controller'
[gzserver-1] [INFO] [1789639929.514065248] [drive_controller]: configure successful
[gzserver-1] [INFO] [1789639929.537147194] [drive_controller]: activate successful
[spawner-17] [INFO] [1789639929.563241694] [spawn_drive_controller]: [92mConfigured and activated [1mdrive_controller[0m
[INFO] [spawner-17]: process has finished cleanly [pid 166628]
[INFO] [swerve_controller_node-18]: process started with pid [166640]
[INFO] [swerve_odometry_node-19]: process started with pid [166642]
[swerve_odometry_node-19] [INFO] [1789639931.768702228] [swerve_odometry]: Encoder odometry ready: radius=0.0637 m, velocity_sign=+1.0
[swerve_controller_node-18] [INFO] [1789639932.134906024] [swerve_controller]: Swerve controller ready: radius=0.0675 m, modules={'front': (0.300042, 0.0), 'rear': (-0.300042, 0.0)}
[gzserver-1] [WARN] [1789639935.753100128] [gazebo]: New subscription discovered on topic '/clock', requesting incompatible QoS. No messages will be sent to it. Last incompatible policy: RELIABILITY_QOS_POLICY
[WARNING] [launch]: user interrupted with ctrl-c (SIGINT)
[INFO] [swerve_odometry_node-19]: sending signal 'SIGINT' to process[swerve_odometry_node-19]
[INFO] [swerve_controller_node-18]: sending signal 'SIGINT' to process[swerve_controller_node-18]
[INFO] [lifecycle_manager-13]: sending signal 'SIGINT' to process[lifecycle_manager-13]
[INFO] [waypoint_follower-12]: sending signal 'SIGINT' to process[waypoint_follower-12]
[INFO] [bt_navigator-11]: sending signal 'SIGINT' to process[bt_navigator-11]
[INFO] [behavior_server-10]: sending signal 'SIGINT' to process[behavior_server-10]
[INFO] [planner_server-9]: sending signal 'SIGINT' to process[planner_server-9]
[INFO] [controller_server-8]: sending signal 'SIGINT' to process[controller_server-8]
[INFO] [map_server-7]: sending signal 'SIGINT' to process[map_server-7]
[INFO] [ekf_node-6]: sending signal 'SIGINT' to process[ekf_node-6]
[INFO] [v30e_sim_node-5]: sending signal 'SIGINT' to process[v30e_sim_node-5]
[INFO] [ekf_node-4]: sending signal 'SIGINT' to process[ekf_node-4]
[INFO] [robot_state_publisher-2]: sending signal 'SIGINT' to process[robot_state_publisher-2]
[INFO] [gzserver-1]: sending signal 'SIGINT' to process[gzserver-1]
[behavior_server-10] [INFO] [1789639949.792990339] [rclcpp]: signal_handler(signum=2)
[behavior_server-10] [INFO] [1789639949.797675367] [behavior_server]: Running Nav2 LifecycleNode rcl preshutdown (behavior_server)
[behavior_server-10] [INFO] [1789639949.801636135] [behavior_server]: Deactivating
[behavior_server-10] [INFO] [1789639949.801692027] [behavior_server]: Destroying bond (behavior_server) to lifecycle manager.
[controller_server-8] [INFO] [1789639949.793256839] [rclcpp]: signal_handler(signum=2)
[controller_server-8] [INFO] [1789639949.794150985] [controller_server]: Running Nav2 LifecycleNode rcl preshutdown (controller_server)
[controller_server-8] [INFO] [1789639949.794811954] [controller_server]: Deactivating
[controller_server-8] [INFO] [1789639949.794879333] [local_costmap.local_costmap]: Deactivating
[planner_server-9] [INFO] [1789639949.793590648] [rclcpp]: signal_handler(signum=2)
[planner_server-9] [INFO] [1789639949.794229393] [planner_server]: Running Nav2 LifecycleNode rcl preshutdown (planner_server)
[planner_server-9] [INFO] [1789639949.794277337] [planner_server]: Deactivating
[planner_server-9] [INFO] [1789639949.794294141] [global_costmap.global_costmap]: Deactivating
[planner_server-9] [INFO] [1789639949.817890698] [planner_server]: Deactivating plugin GridBased of type NavfnPlanner
[planner_server-9] [INFO] [1789639949.817950099] [planner_server]: Destroying bond (planner_server) to lifecycle manager.
[lifecycle_manager-13] [INFO] [1789639949.793775702] [rclcpp]: signal_handler(signum=2)
[lifecycle_manager-13] [INFO] [1789639949.798858394] [lifecycle_manager_navigation]: Running Nav2 LifecycleManager rcl preshutdown (lifecycle_manager_navigation)
[lifecycle_manager-13] [INFO] [1789639949.802411367] [lifecycle_manager_navigation]: [34m[1mTerminating bond timer...[0m[0m
[ERROR] [ekf_node-6]: process has died [pid 166080, exit code -2, cmd '/opt/ros/humble/lib/robot_localization/ekf_node --ros-args -r __node:=ekf_v30e --params-file /home/yahboom/swerve_bringup/install/swerve_bringup/share/swerve_bringup/config/v30e_localization_ekf.yaml --params-file /tmp/launch_params_k8gwmj_g -r odometry/filtered:=/odometry/v30e'].
[ERROR] [ekf_node-4]: process has died [pid 166076, exit code -2, cmd '/opt/ros/humble/lib/robot_localization/ekf_node --ros-args -r __node:=ekf_filter_node --params-file /home/yahboom/swerve_bringup/install/swerve_bringup/share/swerve_bringup/config/ekf.yaml --params-file /tmp/launch_params_kp8xm3f3 -r /odom:=/odom -r /imu/data:=/imu/data'].
[waypoint_follower-12] [INFO] [1789639949.793882332] [rclcpp]: signal_handler(signum=2)
[waypoint_follower-12] [INFO] [1789639949.795631656] [waypoint_follower]: Running Nav2 LifecycleNode rcl preshutdown (waypoint_follower)
[waypoint_follower-12] [INFO] [1789639949.795708307] [waypoint_follower]: Deactivating
[waypoint_follower-12] [INFO] [1789639949.795739807] [waypoint_follower]: Destroying bond (waypoint_follower) to lifecycle manager.
[ekf_node-6] [INFO] [1789639949.794219406] [rclcpp]: signal_handler(signum=2)
[bt_navigator-11] [INFO] [1789639949.795576268] [rclcpp]: signal_handler(signum=2)
[bt_navigator-11] [INFO] [1789639949.798054890] [bt_navigator]: Running Nav2 LifecycleNode rcl preshutdown (bt_navigator)
[bt_navigator-11] [INFO] [1789639949.798159211] [bt_navigator]: Deactivating
[bt_navigator-11] [INFO] [1789639949.798199668] [bt_navigator]: Destroying bond (bt_navigator) to lifecycle manager.
[robot_state_publisher-2] [INFO] [1789639949.795780890] [rclcpp]: signal_handler(signum=2)
[ekf_node-4] [INFO] [1789639949.796615296] [rclcpp]: signal_handler(signum=2)
[map_server-7] [INFO] [1789639949.797027681] [rclcpp]: signal_handler(signum=2)
[map_server-7] [INFO] [1789639949.800182896] [map_server]: Running Nav2 LifecycleNode rcl preshutdown (map_server)
[map_server-7] [INFO] [1789639949.800271981] [map_server]: Deactivating
[map_server-7] [INFO] [1789639949.800302424] [map_server]: Destroying bond (map_server) to lifecycle manager.
[map_server-7] [INFO] [1789639949.829618251] [map_server]: Cleaning up
[map_server-7] [INFO] [1789639949.832471867] [map_server]: Destroying bond (map_server) to lifecycle manager.
[behavior_server-10] [INFO] [1789639949.845081369] [behavior_server]: Cleaning up
[waypoint_follower-12] [INFO] [1789639949.857443855] [waypoint_follower]: Cleaning up
[bt_navigator-11] [INFO] [1789639949.863224251] [bt_navigator]: Cleaning up
[lifecycle_manager-13] [INFO] [1789639949.868216092] [rclcpp]: signal_handler(signum=2)
[waypoint_follower-12] [INFO] [1789639949.875321091] [rclcpp]: signal_handler(signum=2)
[swerve_odometry_node-19] Traceback (most recent call last):
[swerve_odometry_node-19]   File "/home/yahboom/swerve_bringup/install/swerve_bringup/lib/swerve_bringup/swerve_odometry_node", line 221, in <module>
[swerve_odometry_node-19]     main()
[swerve_odometry_node-19]   File "/home/yahboom/swerve_bringup/install/swerve_bringup/lib/swerve_bringup/swerve_odometry_node", line 215, in main
[swerve_odometry_node-19]     node.destroy_node()
[swerve_odometry_node-19]   File "/opt/ros/humble/local/lib/python3.10/dist-packages/rclpy/node.py", line 1685, in destroy_node
[swerve_odometry_node-19]     self.destroy_publisher(self._publishers[0])
[swerve_odometry_node-19]   File "/opt/ros/humble/local/lib/python3.10/dist-packages/rclpy/node.py", line 1565, in destroy_publisher
[swerve_odometry_node-19]     publisher.destroy()
[swerve_odometry_node-19]   File "/opt/ros/humble/local/lib/python3.10/dist-packages/rclpy/publisher.py", line 99, in destroy
[swerve_odometry_node-19]     self.__publisher.destroy_when_not_in_use()
[swerve_odometry_node-19] KeyboardInterrupt
[bt_navigator-11] [INFO] [1789639949.883905812] [rclcpp]: signal_handler(signum=2)
[swerve_controller_node-18] Traceback (most recent call last):
[swerve_controller_node-18]   File "/home/yahboom/swerve_bringup/install/swerve_bringup/lib/swerve_bringup/swerve_controller_node", line 192, in <module>
[swerve_controller_node-18]     main()
[swerve_controller_node-18]   File "/home/yahboom/swerve_bringup/install/swerve_bringup/lib/swerve_bringup/swerve_controller_node", line 187, in main
[swerve_controller_node-18]     node.destroy_node()
[swerve_controller_node-18]   File "/opt/ros/humble/local/lib/python3.10/dist-packages/rclpy/node.py", line 1685, in destroy_node
[swerve_controller_node-18]     self.destroy_publisher(self._publishers[0])
[swerve_controller_node-18]   File "/opt/ros/humble/local/lib/python3.10/dist-packages/rclpy/node.py", line 1565, in destroy_publisher
[swerve_controller_node-18]     publisher.destroy()
[swerve_controller_node-18]   File "/opt/ros/humble/local/lib/python3.10/dist-packages/rclpy/publisher.py", line 99, in destroy
[swerve_controller_node-18]     self.__publisher.destroy_when_not_in_use()
[swerve_controller_node-18] KeyboardInterrupt
[planner_server-9] [INFO] [1789639949.887436315] [planner_server]: Cleaning up
[behavior_server-10] [INFO] [1789639949.890191776] [rclcpp]: signal_handler(signum=2)
[planner_server-9] [INFO] [1789639949.894428835] [rclcpp]: signal_handler(signum=2)
[controller_server-8] [INFO] [1789639949.906630592] [rclcpp]: signal_handler(signum=2)
[map_server-7] [INFO] [1789639949.912801166] [rclcpp]: signal_handler(signum=2)
[controller_server-8] [INFO] [1789639949.915122592] [controller_server]: Destroying bond (controller_server) to lifecycle manager.
[v30e_sim_node-5] Traceback (most recent call last):
[v30e_sim_node-5]   File "/home/yahboom/swerve_bringup/install/swerve_bringup/lib/swerve_bringup/v30e_sim_node", line 188, in <module>
[v30e_sim_node-5]     if __name__ == '__main__': main()
[v30e_sim_node-5]   File "/home/yahboom/swerve_bringup/install/swerve_bringup/lib/swerve_bringup/v30e_sim_node", line 185, in main
[v30e_sim_node-5]     node.destroy_node(); rclpy.shutdown()
[v30e_sim_node-5]   File "/opt/ros/humble/local/lib/python3.10/dist-packages/rclpy/node.py", line 1687, in destroy_node
[v30e_sim_node-5]     self.destroy_subscription(self._subscriptions[0])
[v30e_sim_node-5]   File "/opt/ros/humble/local/lib/python3.10/dist-packages/rclpy/node.py", line 1583, in destroy_subscription
[v30e_sim_node-5]     subscription.destroy()
[v30e_sim_node-5]   File "/opt/ros/humble/local/lib/python3.10/dist-packages/rclpy/subscription.py", line 80, in destroy
[v30e_sim_node-5]     self.handle.destroy_when_not_in_use()
[v30e_sim_node-5] KeyboardInterrupt
[map_server-7] [INFO] [1789639949.939568955] [map_server]: Destroying
[controller_server-8] [INFO] [1789639949.943531676] [controller_server]: Cleaning up
[controller_server-8] [INFO] [1789639949.943710267] [local_costmap.local_costmap]: Cleaning up
[robot_state_publisher-2] [INFO] [1789639949.955471961] [rclcpp]: signal_handler(signum=2)
[waypoint_follower-12] [INFO] [1789639950.010307840] [waypoint_follower]: Destroying bond (waypoint_follower) to lifecycle manager.
[waypoint_follower-12] [INFO] [1789639950.093796369] [waypoint_follower]: Destroying
[planner_server-9] [INFO] [1789639950.114428009] [global_costmap.global_costmap]: Cleaning up
[planner_server-9] [INFO] [1789639950.136092190] [planner_server]: Cleaning up plugin GridBased of type NavfnPlanner
[planner_server-9] [INFO] [1789639950.136165807] [planner_server]: Destroying plugin GridBased of type NavfnPlanner
[behavior_server-10] [INFO] [1789639950.147901083] [behavior_server]: Destroying bond (behavior_server) to lifecycle manager.
[behavior_server-10] [INFO] [1789639950.179017917] [behavior_server]: Destroying
[ERROR] [v30e_sim_node-5]: process has died [pid 166078, exit code -2, cmd '/home/yahboom/swerve_bringup/install/swerve_bringup/lib/swerve_bringup/v30e_sim_node --ros-args -r __node:=v30e_sim_node --params-file /home/yahboom/swerve_bringup/install/swerve_bringup/share/swerve_bringup/config/v30e_sim.yaml --params-file /tmp/launch_params_hwgzwn90'].
[ERROR] [swerve_controller_node-18]: process has died [pid 166640, exit code -2, cmd '/home/yahboom/swerve_bringup/install/swerve_bringup/lib/swerve_bringup/swerve_controller_node --ros-args -r __node:=swerve_controller --params-file /home/yahboom/swerve_bringup/install/swerve_bringup/share/swerve_bringup/config/swerve_controller.yaml --params-file /tmp/launch_params_ewe6v9le'].
[planner_server-9] [INFO] [1789639950.218686953] [planner_server]: Destroying bond (planner_server) to lifecycle manager.
[INFO] [map_server-7]: process has finished cleanly [pid 166082]
[INFO] [robot_state_publisher-2]: process has finished cleanly [pid 166072]
[planner_server-9] [INFO] [1789639950.231743606] [global_costmap.global_costmap]: Destroying
[lifecycle_manager-13] [INFO] [1789639950.232128884] [lifecycle_manager_navigation]: Destroying lifecycle_manager_navigation
[ERROR] [swerve_odometry_node-19]: process has died [pid 166642, exit code -2, cmd '/home/yahboom/swerve_bringup/install/swerve_bringup/lib/swerve_bringup/swerve_odometry_node --ros-args -r __node:=swerve_odometry --params-file /home/yahboom/swerve_bringup/install/swerve_bringup/share/swerve_bringup/config/swerve_odometry.yaml --params-file /tmp/launch_params_ek7i6rn9'].
[controller_server-8] [INFO] [1789639950.290982818] [controller_server]: Destroying bond (controller_server) to lifecycle manager.
[planner_server-9] [INFO] [1789639950.305997702] [planner_server]: Destroying
[controller_server-8] [INFO] [1789639950.306165564] [local_costmap.local_costmap]: Destroying
[INFO] [waypoint_follower-12]: process has finished cleanly [pid 166123]
[controller_server-8] [INFO] [1789639950.343225460] [controller_server]: Destroying
[INFO] [behavior_server-10]: process has finished cleanly [pid 166104]
[bt_navigator-11] [INFO] [1789639950.399024873] [bt_navigator]: Completed Cleaning up
[bt_navigator-11] [INFO] [1789639950.399094897] [bt_navigator]: Destroying bond (bt_navigator) to lifecycle manager.
[bt_navigator-11] [INFO] [1789639950.413516533] [bt_navigator]: Destroying
[INFO] [lifecycle_manager-13]: process has finished cleanly [pid 166136]
[INFO] [planner_server-9]: process has finished cleanly [pid 166087]
[INFO] [controller_server-8]: process has finished cleanly [pid 166084]
[INFO] [bt_navigator-11]: process has finished cleanly [pid 166110]
[INFO] [gzserver-1]: process has finished cleanly [pid 166070]
