[INFO] [1789650295.502974466] [contact_topic_verify]: waiting /clock
[INFO] [1789650295.504220645] [contact_topic_verify]: waiting /clock
[INFO] [1789650295.505579511] [contact_topic_verify]: waiting /clock
[INFO] [1789650295.511460532] [contact_topic_verify]: waiting /clock
[INFO] [1789650295.516592275] [contact_topic_verify]: waiting /clock
[INFO] [1789650295.530089181] [contact_topic_verify]: waiting /clock
[INFO] [1789650295.534721683] [contact_topic_verify]: waiting /clock
[INFO] [1789650295.539600060] [contact_topic_verify]: waiting /clock
[INFO] [1789650295.549476783] [contact_topic_verify]: waiting /clock
[INFO] [1789650295.560749674] [contact_topic_verify]: waiting /clock
[INFO] [1789650295.572700539] [contact_topic_verify]: waiting /clock
[INFO] [1789650295.581223020] [contact_topic_verify]: waiting /clock
[INFO] [1789650295.633432686] [contact_topic_verify]: waiting /clock
[INFO] [1789650295.685406610] [contact_topic_verify]: waiting /clock
[INFO] [1789650295.738339003] [contact_topic_verify]: waiting /clock
[INFO] [1789650295.810781723] [contact_topic_verify]: waiting /clock
[INFO] [1789650295.862261904] [contact_topic_verify]: waiting /clock
[INFO] [1789650295.914991369] [contact_topic_verify]: waiting /clock
[INFO] [1789650295.926724372] [contact_topic_verify]: waiting /clock
[INFO] [1789650295.932248995] [contact_topic_verify]: waiting /clock
[INFO] [1789650295.948424156] [contact_topic_verify]: waiting /clock
[INFO] [1789650295.964460005] [contact_topic_verify]: waiting /clock
[INFO] [1789650295.977137815] [contact_topic_verify]: waiting /clock
[INFO] [1789650295.991912485] [contact_topic_verify]: waiting /clock
[INFO] [1789650296.016485090] [contact_topic_verify]: waiting /clock
[INFO] [1789650296.022938365] [contact_topic_verify]: waiting /clock
[INFO] [1789650296.039432681] [contact_topic_verify]: waiting /clock
[INFO] [1789650296.055213676] [contact_topic_verify]: waiting /clock
[INFO] [1789650296.066208125] [contact_topic_verify]: waiting /clock
[INFO] [1789650296.080855903] [contact_topic_verify]: waiting /clock
[INFO] [1789650296.087839200] [contact_topic_verify]: waiting /clock
[INFO] [1789650296.092544395] [contact_topic_verify]: waiting /clock
[INFO] [1789650296.107344800] [contact_topic_verify]: waiting /clock
[INFO] [1789650296.118445772] [contact_topic_verify]: waiting /clock
[INFO] [1789650296.133738192] [contact_topic_verify]: waiting /clock
[INFO] [1789650296.144961398] [contact_topic_verify]: waiting /clock
[INFO] [1789650296.145975334] [contact_topic_verify]: waiting /clock
[INFO] [1789650296.147684620] [contact_topic_verify]: waiting /clock
[INFO] [1789650296.149901568] [contact_topic_verify]: waiting /clock
[INFO] [1789650296.156834154] [contact_topic_verify]: waiting /clock
[INFO] [1789650296.162913150] [contact_topic_verify]: waiting /clock
[INFO] [1789650296.170690362] [contact_topic_verify]: waiting /clock
[INFO] [1789650296.179055869] [contact_topic_verify]: waiting /clock
[INFO] [1789650296.185642574] [contact_topic_verify]: waiting /clock
[INFO] [1789650296.192269210] [contact_topic_verify]: waiting /clock
[INFO] [1789650296.205486083] [contact_topic_verify]: waiting /clock
[INFO] [1789650296.222440013] [contact_topic_verify]: waiting /clock
[INFO] [1789650296.236608454] [contact_topic_verify]: waiting /clock
[INFO] [1789650296.245999800] [contact_topic_verify]: waiting /clock
[INFO] [1789650296.260146737] [contact_topic_verify]: waiting /clock
[INFO] [1789650296.312444431] [contact_topic_verify]: waiting /clock
[INFO] [1789650296.363414136] [contact_topic_verify]: waiting /clock
[INFO] [1789650296.417783118] [contact_topic_verify]: waiting /clock
[INFO] [1789650296.476322357] [contact_topic_verify]: waiting /clock
[INFO] [1789650296.530704181] [contact_topic_verify]: waiting /clock
[INFO] [1789650296.613079327] [contact_topic_verify]: waiting /clock
[INFO] [1789650296.622467669] [contact_topic_verify]: waiting /clock
[INFO] [1789650296.637623586] [contact_topic_verify]: waiting /clock
[INFO] [1789650296.652062932] [contact_topic_verify]: waiting /clock
[INFO] [1789650296.668920512] [contact_topic_verify]: waiting /clock
[INFO] [1789650296.683942429] [contact_topic_verify]: waiting /clock
[INFO] [1789650296.695080213] [contact_topic_verify]: waiting /clock
[INFO] [1789650296.704177792] [contact_topic_verify]: waiting /clock
[INFO] [1789650296.725005655] [contact_topic_verify]: waiting /clock
[INFO] [1789650296.737344449] [contact_topic_verify]: waiting /clock
[INFO] [1789650296.749604495] [contact_topic_verify]: waiting /clock
[INFO] [1789650296.760475117] [contact_topic_verify]: waiting /clock
[INFO] [1789650296.766928369] [contact_topic_verify]: waiting /clock
[INFO] [1789650296.772616332] [contact_topic_verify]: waiting /clock
[INFO] [1789650296.785507661] [contact_topic_verify]: waiting /clock
[INFO] [1789650296.798721548] [contact_topic_verify]: waiting /clock
[INFO] [1789650296.809363563] [contact_topic_verify]: waiting /clock
[INFO] [1789650296.823935770] [contact_topic_verify]: waiting /clock
[INFO] [1789650296.828579754] [contact_topic_verify]: waiting /clock
{
  "use_sim_time": true,
  "topics": {
    "wheel_front_drive_link": {
      "publisher_count": 0,
      "publishers": [],
      "messages_received": 260,
      "nonempty_messages": 260
    },
    "wheel_rear_drive_link": {
      "publisher_count": 0,
      "publishers": [],
      "messages_received": 260,
      "nonempty_messages": 260
    },
    "wheel_front_left_link": {
      "publisher_count": 0,
      "publishers": [],
      "messages_received": 260,
      "nonempty_messages": 260
    },
    "wheel_front_right_link": {
      "publisher_count": 0,
      "publishers": [],
      "messages_received": 259,
      "nonempty_messages": 259
    },
    "wheel_rear_left_link": {
      "publisher_count": 0,
      "publishers": [],
      "messages_received": 259,
      "nonempty_messages": 259
    },
    "wheel_rear_right_link": {
      "publisher_count": 0,
      "publishers": [],
      "messages_received": 258,
      "nonempty_messages": 258
    }
  },
  "clock_seen": true,
  "contact_telemetry_valid": false
}
