[INFO] [launch]: All log files can be found below /home/yahboom/.ros/log/2026-09-17-21-04-13-354800-yahboom-virtual-machine-193015
[INFO] [launch]: Default logging verbosity is set to INFO
[INFO] [launch.user]: CONTACT_DIAGNOSTICS=true
[INFO] [gzserver-1]: process started with pid [193033]
[INFO] [robot_state_publisher-2]: process started with pid [193035]
[INFO] [spawn_entity.py-3]: process started with pid [193037]
[INFO] [ekf_node-4]: process started with pid [193039]
[INFO] [v30e_sim_node-5]: process started with pid [193041]
[INFO] [ekf_node-6]: process started with pid [193043]
[INFO] [map_server-7]: process started with pid [193045]
[INFO] [controller_server-8]: process started with pid [193048]
[INFO] [planner_server-9]: process started with pid [193050]
[INFO] [behavior_server-10]: process started with pid [193056]
[INFO] [bt_navigator-11]: process started with pid [193068]
[INFO] [waypoint_follower-12]: process started with pid [193084]
[INFO] [lifecycle_manager-13]: process started with pid [193105]
[INFO] [swerve_bridge_node-14]: process started with pid [193114]
[robot_state_publisher-2] [INFO] [1789650256.679657773] [robot_state_publisher]: got segment base_footprint
[robot_state_publisher-2] [INFO] [1789650256.679806175] [robot_state_publisher]: got segment base_link
[robot_state_publisher-2] [INFO] [1789650256.679819859] [robot_state_publisher]: got segment imu_link
[robot_state_publisher-2] [INFO] [1789650256.679827748] [robot_state_publisher]: got segment lidar_link
[robot_state_publisher-2] [INFO] [1789650256.679834715] [robot_state_publisher]: got segment steer_front_link
[robot_state_publisher-2] [INFO] [1789650256.679841934] [robot_state_publisher]: got segment steer_rear_link
[robot_state_publisher-2] [INFO] [1789650256.679848706] [robot_state_publisher]: got segment v30e_link
[robot_state_publisher-2] [INFO] [1789650256.679855399] [robot_state_publisher]: got segment wheel_front_drive_link
[robot_state_publisher-2] [INFO] [1789650256.679862393] [robot_state_publisher]: got segment wheel_front_left_link
[robot_state_publisher-2] [INFO] [1789650256.679869136] [robot_state_publisher]: got segment wheel_front_right_link
[robot_state_publisher-2] [INFO] [1789650256.679875642] [robot_state_publisher]: got segment wheel_rear_drive_link
[robot_state_publisher-2] [INFO] [1789650256.679882040] [robot_state_publisher]: got segment wheel_rear_left_link
[robot_state_publisher-2] [INFO] [1789650256.684061521] [robot_state_publisher]: got segment wheel_rear_right_link
[waypoint_follower-12] [INFO] [1789650256.686043796] [waypoint_follower]: 
[waypoint_follower-12] 	waypoint_follower lifecycle node launched. 
[waypoint_follower-12] 	Waiting on external lifecycle transitions to activate
[waypoint_follower-12] 	See https://design.ros2.org/articles/node_lifecycle.html for more information.
[waypoint_follower-12] [INFO] [1789650256.694724606] [waypoint_follower]: Creating
[lifecycle_manager-13] [INFO] [1789650256.734658319] [lifecycle_manager_navigation]: Creating
[behavior_server-10] [INFO] [1789650256.748351898] [behavior_server]: 
[behavior_server-10] 	behavior_server lifecycle node launched. 
[behavior_server-10] 	Waiting on external lifecycle transitions to activate
[behavior_server-10] 	See https://design.ros2.org/articles/node_lifecycle.html for more information.
[swerve_bridge_node-14] Traceback (most recent call last):
[swerve_bridge_node-14]   File "/home/yahboom/swerve_bringup/install/swerve_bridge/lib/swerve_bridge/swerve_bridge_node", line 33, in <module>
[swerve_bridge_node-14]     sys.exit(load_entry_point('swerve-bridge', 'console_scripts', 'swerve_bridge_node')())
[swerve_bridge_node-14]   File "/home/yahboom/swerve_bringup/install/swerve_bridge/lib/swerve_bridge/swerve_bridge_node", line 22, in importlib_load_entry_point
[swerve_bridge_node-14]     for entry_point in distribution(dist_name).entry_points
[swerve_bridge_node-14]   File "/usr/lib/python3.10/importlib/metadata/__init__.py", line 969, in distribution
[swerve_bridge_node-14]     return Distribution.from_name(distribution_name)
[swerve_bridge_node-14]   File "/usr/lib/python3.10/importlib/metadata/__init__.py", line 548, in from_name
[swerve_bridge_node-14]     raise PackageNotFoundError(name)
[swerve_bridge_node-14] importlib.metadata.PackageNotFoundError: No package metadata was found for swerve-bridge
[map_server-7] [INFO] [1789650257.030785616] [map_server]: 
[map_server-7] 	map_server lifecycle node launched. 
[map_server-7] 	Waiting on external lifecycle transitions to activate
[map_server-7] 	See https://design.ros2.org/articles/node_lifecycle.html for more information.
[map_server-7] [INFO] [1789650257.030956032] [map_server]: Creating
[ERROR] [swerve_bridge_node-14]: process has died [pid 193114, exit code 1, cmd '/home/yahboom/swerve_bringup/install/swerve_bridge/lib/swerve_bridge/swerve_bridge_node --ros-args -r __node:=swerve_bridge --params-file /home/yahboom/swerve_bringup/install/swerve_bridge/share/swerve_bridge/config/bridge.yaml --params-file /tmp/launch_params_33edrz9t'].
[lifecycle_manager-13] [INFO] [1789650257.031617489] [lifecycle_manager_navigation]: [34m[1mCreating and initializing lifecycle service clients[0m[0m
[planner_server-9] [INFO] [1789650257.078581029] [planner_server]: 
[planner_server-9] 	planner_server lifecycle node launched. 
[planner_server-9] 	Waiting on external lifecycle transitions to activate
[planner_server-9] 	See https://design.ros2.org/articles/node_lifecycle.html for more information.
[planner_server-9] [INFO] [1789650257.086075239] [planner_server]: Creating
[controller_server-8] [INFO] [1789650257.357191902] [controller_server]: 
[controller_server-8] 	controller_server lifecycle node launched. 
[controller_server-8] 	Waiting on external lifecycle transitions to activate
[controller_server-8] 	See https://design.ros2.org/articles/node_lifecycle.html for more information.
[controller_server-8] [INFO] [1789650257.371607111] [controller_server]: Creating controller server
[bt_navigator-11] [INFO] [1789650257.457038018] [bt_navigator]: 
[bt_navigator-11] 	bt_navigator lifecycle node launched. 
[bt_navigator-11] 	Waiting on external lifecycle transitions to activate
[bt_navigator-11] 	See https://design.ros2.org/articles/node_lifecycle.html for more information.
[bt_navigator-11] [INFO] [1789650257.457447633] [bt_navigator]: Creating
[lifecycle_manager-13] [INFO] [1789650257.490591579] [lifecycle_manager_navigation]: [34m[1mStarting managed nodes bringup...[0m[0m
[lifecycle_manager-13] [INFO] [1789650257.490659106] [lifecycle_manager_navigation]: [34m[1mConfiguring map_server[0m[0m
[planner_server-9] [INFO] [1789650257.493882975] [global_costmap.global_costmap]: 
[planner_server-9] 	global_costmap lifecycle node launched. 
[planner_server-9] 	Waiting on external lifecycle transitions to activate
[planner_server-9] 	See https://design.ros2.org/articles/node_lifecycle.html for more information.
[map_server-7] [INFO] [1789650257.494140734] [map_server]: Configuring
[map_server-7] [INFO] [1789650257.494229246] [map_io]: Loading yaml file: /home/yahboom/swerve_bringup/install/swerve_bringup/share/swerve_bringup/swerve_navigation/maps/warehouse.yaml
[map_server-7] [INFO] [1789650257.494582046] [map_io]: resolution: 0.05
[map_server-7] [INFO] [1789650257.494599434] [map_io]: origin[0]: -17.2
[map_server-7] [INFO] [1789650257.494606006] [map_io]: origin[1]: -17.4
[map_server-7] [INFO] [1789650257.494611801] [map_io]: origin[2]: 0
[map_server-7] [INFO] [1789650257.494617739] [map_io]: free_thresh: 0.25
[map_server-7] [INFO] [1789650257.494623400] [map_io]: occupied_thresh: 0.65
[map_server-7] [INFO] [1789650257.494629892] [map_io]: mode: trinary
[map_server-7] [INFO] [1789650257.494636753] [map_io]: negate: 0
[map_server-7] [INFO] [1789650257.494930421] [map_io]: Loading image_file: /home/yahboom/swerve_bringup/install/swerve_bringup/share/swerve_bringup/swerve_navigation/maps/warehouse.pgm
[planner_server-9] [INFO] [1789650257.499060414] [global_costmap.global_costmap]: Creating Costmap
[map_server-7] [INFO] [1789650257.601998111] [map_io]: Read map /home/yahboom/swerve_bringup/install/swerve_bringup/share/swerve_bringup/swerve_navigation/maps/warehouse.pgm: 676 X 680 map @ 0.05 m/cell
[controller_server-8] [INFO] [1789650257.635514873] [local_costmap.local_costmap]: 
[controller_server-8] 	local_costmap lifecycle node launched. 
[controller_server-8] 	Waiting on external lifecycle transitions to activate
[controller_server-8] 	See https://design.ros2.org/articles/node_lifecycle.html for more information.
[controller_server-8] [INFO] [1789650257.636119020] [local_costmap.local_costmap]: Creating Costmap
[lifecycle_manager-13] [INFO] [1789650257.665583636] [lifecycle_manager_navigation]: [34m[1mConfiguring controller_server[0m[0m
[controller_server-8] [INFO] [1789650257.674452761] [controller_server]: Configuring controller interface
[controller_server-8] [INFO] [1789650257.676988808] [controller_server]: getting goal checker plugins..
[controller_server-8] [INFO] [1789650257.680188356] [controller_server]: Controller frequency set to 10.0000Hz
[controller_server-8] [INFO] [1789650257.680269272] [local_costmap.local_costmap]: Configuring
[controller_server-8] [INFO] [1789650257.792334498] [local_costmap.local_costmap]: Using plugin "voxel_layer"
[controller_server-8] [INFO] [1789650257.852056691] [local_costmap.local_costmap]: Subscribed to Topics: lidar3d scan
[controller_server-8] [INFO] [1789650257.990509912] [local_costmap.local_costmap]: Initialized plugin "voxel_layer"
[controller_server-8] [INFO] [1789650257.991306187] [local_costmap.local_costmap]: Using plugin "inflation_layer"
[controller_server-8] [INFO] [1789650257.992441254] [local_costmap.local_costmap]: Initialized plugin "inflation_layer"
[spawn_entity.py-3] [INFO] [1789650258.025412414] [spawn_swerve]: Spawn Entity started
[spawn_entity.py-3] [INFO] [1789650258.025955714] [spawn_swerve]: Loading entity published on topic robot_description
[spawn_entity.py-3] [INFO] [1789650258.059716135] [spawn_swerve]: Waiting for entity xml on robot_description
[spawn_entity.py-3] [INFO] [1789650258.233309191] [spawn_swerve]: Waiting for service /spawn_entity, timeout = 30
[spawn_entity.py-3] [INFO] [1789650258.237086095] [spawn_swerve]: Waiting for service /spawn_entity
[controller_server-8] [INFO] [1789650258.312188389] [controller_server]: Created progress_checker : progress_checker of type nav2_controller::SimpleProgressChecker
[controller_server-8] [INFO] [1789650258.327684343] [controller_server]: Created goal checker : general_goal_checker of type nav2_controller::SimpleGoalChecker
[controller_server-8] [INFO] [1789650258.331422803] [controller_server]: Controller Server has general_goal_checker  goal checkers available.
[controller_server-8] [INFO] [1789650258.334754007] [controller_server]: Created controller : FollowPath of type dwb_core::DWBLocalPlanner
[controller_server-8] [INFO] [1789650258.338943014] [controller_server]: Setting transform_tolerance to 0.200000
[v30e_sim_node-5] [INFO] [1789650258.368547276] [v30e_sim_node]: Using Gazebo /get_entity_state internally; odometry is not a V30E measurement input
[controller_server-8] [INFO] [1789650258.431896920] [controller_server]: Using critic "RotateToGoal" (dwb_critics::RotateToGoalCritic)
[controller_server-8] [INFO] [1789650258.436756702] [controller_server]: Critic plugin initialized
[controller_server-8] [INFO] [1789650258.436902825] [controller_server]: Using critic "Oscillation" (dwb_critics::OscillationCritic)
[controller_server-8] [INFO] [1789650258.451388980] [controller_server]: Critic plugin initialized
[controller_server-8] [INFO] [1789650258.453881612] [controller_server]: Using critic "BaseObstacle" (dwb_critics::BaseObstacleCritic)
[controller_server-8] [INFO] [1789650258.454705015] [controller_server]: Critic plugin initialized
[controller_server-8] [INFO] [1789650258.461463796] [controller_server]: Using critic "GoalAlign" (dwb_critics::GoalAlignCritic)
[controller_server-8] [INFO] [1789650258.468046709] [controller_server]: Critic plugin initialized
[controller_server-8] [INFO] [1789650258.471146845] [controller_server]: Using critic "PathAlign" (dwb_critics::PathAlignCritic)
[controller_server-8] [INFO] [1789650258.481287611] [controller_server]: Critic plugin initialized
[controller_server-8] [INFO] [1789650258.483444454] [controller_server]: Using critic "PathDist" (dwb_critics::PathDistCritic)
[controller_server-8] [INFO] [1789650258.491978162] [controller_server]: Critic plugin initialized
[controller_server-8] [INFO] [1789650258.492167053] [controller_server]: Using critic "GoalDist" (dwb_critics::GoalDistCritic)
[controller_server-8] [INFO] [1789650258.492706225] [controller_server]: Critic plugin initialized
[controller_server-8] [INFO] [1789650258.492741087] [controller_server]: Controller Server has FollowPath  controllers available.
[lifecycle_manager-13] [INFO] [1789650258.582173124] [lifecycle_manager_navigation]: [34m[1mConfiguring planner_server[0m[0m
[planner_server-9] [INFO] [1789650258.585476266] [planner_server]: Configuring
[planner_server-9] [INFO] [1789650258.585563626] [global_costmap.global_costmap]: Configuring
[planner_server-9] [INFO] [1789650258.668244320] [global_costmap.global_costmap]: Using plugin "static_layer"
[planner_server-9] [INFO] [1789650258.681457461] [global_costmap.global_costmap]: Subscribing to the map topic (/map) with transient local durability
[planner_server-9] [INFO] [1789650258.696433056] [global_costmap.global_costmap]: Initialized plugin "static_layer"
[planner_server-9] [INFO] [1789650258.696482181] [global_costmap.global_costmap]: Using plugin "obstacle_layer"
[planner_server-9] [INFO] [1789650258.696821735] [global_costmap.global_costmap]: Subscribed to Topics: scan
[planner_server-9] [INFO] [1789650258.719444074] [global_costmap.global_costmap]: Initialized plugin "obstacle_layer"
[planner_server-9] [INFO] [1789650258.720358236] [global_costmap.global_costmap]: Using plugin "inflation_layer"
[planner_server-9] [INFO] [1789650258.739045891] [global_costmap.global_costmap]: Initialized plugin "inflation_layer"
[planner_server-9] [INFO] [1789650258.800218628] [planner_server]: Created global planner plugin GridBased of type nav2_navfn_planner/NavfnPlanner
[planner_server-9] [INFO] [1789650258.800270961] [planner_server]: Configuring plugin GridBased of type NavfnPlanner
[planner_server-9] [INFO] [1789650258.800584391] [planner_server]: Planner Server has GridBased  planners available.
[lifecycle_manager-13] [INFO] [1789650258.897189895] [lifecycle_manager_navigation]: [34m[1mConfiguring behavior_server[0m[0m
[behavior_server-10] [INFO] [1789650258.898509976] [behavior_server]: Configuring
[behavior_server-10] [INFO] [1789650258.969044260] [behavior_server]: Creating behavior plugin spin of type nav2_behaviors/Spin
[behavior_server-10] [INFO] [1789650258.970199740] [behavior_server]: Configuring spin
[behavior_server-10] [INFO] [1789650259.011605599] [behavior_server]: Creating behavior plugin backup of type nav2_behaviors/BackUp
[behavior_server-10] [INFO] [1789650259.013059362] [behavior_server]: Configuring backup
[behavior_server-10] [INFO] [1789650259.029760631] [behavior_server]: Creating behavior plugin drive_on_heading of type nav2_behaviors/DriveOnHeading
[behavior_server-10] [INFO] [1789650259.030608944] [behavior_server]: Configuring drive_on_heading
[behavior_server-10] [INFO] [1789650259.078933969] [behavior_server]: Creating behavior plugin wait of type nav2_behaviors/Wait
[behavior_server-10] [INFO] [1789650259.081936548] [behavior_server]: Configuring wait
[lifecycle_manager-13] [INFO] [1789650259.129668799] [lifecycle_manager_navigation]: [34m[1mConfiguring bt_navigator[0m[0m
[bt_navigator-11] [INFO] [1789650259.130320875] [bt_navigator]: Configuring
[lifecycle_manager-13] [INFO] [1789650259.452246053] [lifecycle_manager_navigation]: [34m[1mConfiguring waypoint_follower[0m[0m
[waypoint_follower-12] [INFO] [1789650259.452690067] [waypoint_follower]: Configuring
[waypoint_follower-12] [INFO] [1789650259.544368292] [waypoint_follower]: Created waypoint_task_executor : wait_at_waypoint of type nav2_waypoint_follower::WaitAtWaypoint
[waypoint_follower-12] [INFO] [1789650259.545957864] [waypoint_follower]: Waypoint pause duration is set to zero, disabling task executor plugin.
[lifecycle_manager-13] [INFO] [1789650259.551438424] [lifecycle_manager_navigation]: [34m[1mActivating map_server[0m[0m
[map_server-7] [INFO] [1789650259.553695336] [map_server]: Activating
[map_server-7] [INFO] [1789650259.556543478] [map_server]: Creating bond (map_server) to lifecycle manager.
[planner_server-9] [INFO] [1789650259.560358038] [global_costmap.global_costmap]: StaticLayer: Resizing costmap to 676 X 680 at 0.050000 m/pix
[lifecycle_manager-13] [INFO] [1789650259.689206595] [lifecycle_manager_navigation]: Server map_server connected with bond.
[lifecycle_manager-13] [INFO] [1789650259.689291937] [lifecycle_manager_navigation]: [34m[1mActivating controller_server[0m[0m
[controller_server-8] [INFO] [1789650259.697777531] [controller_server]: Activating
[controller_server-8] [INFO] [1789650259.697918763] [local_costmap.local_costmap]: Activating
[controller_server-8] [INFO] [1789650259.697940857] [local_costmap.local_costmap]: Checking transform
[controller_server-8] [INFO] [1789650259.697982829] [local_costmap.local_costmap]: Timed out waiting for transform from base_footprint to odom to become available, tf error: Invalid frame ID "odom" passed to canTransform argument target_frame - frame does not exist
[controller_server-8] [INFO] [1789650260.198167706] [local_costmap.local_costmap]: Timed out waiting for transform from base_footprint to odom to become available, tf error: Invalid frame ID "odom" passed to canTransform argument target_frame - frame does not exist
[controller_server-8] [INFO] [1789650260.698338039] [local_costmap.local_costmap]: Timed out waiting for transform from base_footprint to odom to become available, tf error: Invalid frame ID "odom" passed to canTransform argument target_frame - frame does not exist
[controller_server-8] [INFO] [1789650261.199563754] [local_costmap.local_costmap]: Timed out waiting for transform from base_footprint to odom to become available, tf error: Invalid frame ID "odom" passed to canTransform argument target_frame - frame does not exist
[controller_server-8] [INFO] [1789650261.698850618] [local_costmap.local_costmap]: Timed out waiting for transform from base_footprint to odom to become available, tf error: Invalid frame ID "odom" passed to canTransform argument target_frame - frame does not exist
[controller_server-8] [INFO] [1789650262.198658475] [local_costmap.local_costmap]: Timed out waiting for transform from base_footprint to odom to become available, tf error: Invalid frame ID "odom" passed to canTransform argument target_frame - frame does not exist
[controller_server-8] [INFO] [1789650262.698454351] [local_costmap.local_costmap]: Timed out waiting for transform from base_footprint to odom to become available, tf error: Invalid frame ID "odom" passed to canTransform argument target_frame - frame does not exist
[controller_server-8] [INFO] [1789650263.198827109] [local_costmap.local_costmap]: Timed out waiting for transform from base_footprint to odom to become available, tf error: Invalid frame ID "odom" passed to canTransform argument target_frame - frame does not exist
[controller_server-8] [INFO] [1789650263.698781637] [local_costmap.local_costmap]: Timed out waiting for transform from base_footprint to odom to become available, tf error: Invalid frame ID "odom" passed to canTransform argument target_frame - frame does not exist
[controller_server-8] [INFO] [1789650264.203655818] [local_costmap.local_costmap]: Timed out waiting for transform from base_footprint to odom to become available, tf error: Invalid frame ID "odom" passed to canTransform argument target_frame - frame does not exist
[spawn_entity.py-3] [INFO] [1789650264.300970994] [spawn_swerve]: Calling service /spawn_entity
[gzserver-1] [INFO] [1789650264.514704761] [gazebo_ros_state]: Publishing states of gazebo models at [/model_states]
[gzserver-1] [INFO] [1789650264.528262337] [gazebo_ros_state]: Publishing states of gazebo links at [/link_states]
[controller_server-8] [INFO] [1789650264.698898264] [local_costmap.local_costmap]: Timed out waiting for transform from base_footprint to odom to become available, tf error: Invalid frame ID "odom" passed to canTransform argument target_frame - frame does not exist
[gzserver-1] [INFO] [1789650265.103644266] [imu.imu_ros]: <initial_orientation_as_reference> is unset, using default value of false to comply with REP 145 (world as orientation reference)
[controller_server-8] [INFO] [1789650265.198016971] [local_costmap.local_costmap]: Timed out waiting for transform from base_footprint to odom to become available, tf error: Invalid frame ID "odom" passed to canTransform argument target_frame - frame does not exist
[controller_server-8] [INFO] [1789650265.698908064] [local_costmap.local_costmap]: Timed out waiting for transform from base_footprint to odom to become available, tf error: Invalid frame ID "odom" passed to canTransform argument target_frame - frame does not exist
[controller_server-8] [INFO] [1789650266.199024486] [local_costmap.local_costmap]: Timed out waiting for transform from base_footprint to odom to become available, tf error: Invalid frame ID "odom" passed to canTransform argument target_frame - frame does not exist
[controller_server-8] [INFO] [1789650266.698118386] [local_costmap.local_costmap]: Timed out waiting for transform from base_footprint to odom to become available, tf error: Invalid frame ID "odom" passed to canTransform argument target_frame - frame does not exist
[controller_server-8] [INFO] [1789650267.198155742] [local_costmap.local_costmap]: Timed out waiting for transform from base_footprint to odom to become available, tf error: Invalid frame ID "odom" passed to canTransform argument target_frame - frame does not exist
[controller_server-8] [INFO] [1789650267.698487697] [local_costmap.local_costmap]: Timed out waiting for transform from base_footprint to odom to become available, tf error: Invalid frame ID "odom" passed to canTransform argument target_frame - frame does not exist
[controller_server-8] [INFO] [1789650268.198313476] [local_costmap.local_costmap]: Timed out waiting for transform from base_footprint to odom to become available, tf error: Invalid frame ID "odom" passed to canTransform argument target_frame - frame does not exist
[controller_server-8] [INFO] [1789650268.698808740] [local_costmap.local_costmap]: Timed out waiting for transform from base_footprint to odom to become available, tf error: Invalid frame ID "odom" passed to canTransform argument target_frame - frame does not exist
[controller_server-8] [INFO] [1789650269.198560650] [local_costmap.local_costmap]: Timed out waiting for transform from base_footprint to odom to become available, tf error: Invalid frame ID "odom" passed to canTransform argument target_frame - frame does not exist
[controller_server-8] [INFO] [1789650269.698847762] [local_costmap.local_costmap]: Timed out waiting for transform from base_footprint to odom to become available, tf error: Invalid frame ID "odom" passed to canTransform argument target_frame - frame does not exist
[controller_server-8] [INFO] [1789650270.198159104] [local_costmap.local_costmap]: Timed out waiting for transform from base_footprint to odom to become available, tf error: Invalid frame ID "odom" passed to canTransform argument target_frame - frame does not exist
[controller_server-8] [INFO] [1789650270.698370769] [local_costmap.local_costmap]: Timed out waiting for transform from base_footprint to odom to become available, tf error: Invalid frame ID "odom" passed to canTransform argument target_frame - frame does not exist
[controller_server-8] [INFO] [1789650271.198804775] [local_costmap.local_costmap]: Timed out waiting for transform from base_footprint to odom to become available, tf error: Invalid frame ID "odom" passed to canTransform argument target_frame - frame does not exist
[controller_server-8] [INFO] [1789650271.698839119] [local_costmap.local_costmap]: Timed out waiting for transform from base_footprint to odom to become available, tf error: Invalid frame ID "odom" passed to canTransform argument target_frame - frame does not exist
[controller_server-8] [INFO] [1789650272.200847507] [local_costmap.local_costmap]: Timed out waiting for transform from base_footprint to odom to become available, tf error: Invalid frame ID "odom" passed to canTransform argument target_frame - frame does not exist
[controller_server-8] [INFO] [1789650272.698938338] [local_costmap.local_costmap]: Timed out waiting for transform from base_footprint to odom to become available, tf error: Invalid frame ID "odom" passed to canTransform argument target_frame - frame does not exist
[controller_server-8] [INFO] [1789650273.198366917] [local_costmap.local_costmap]: Timed out waiting for transform from base_footprint to odom to become available, tf error: Invalid frame ID "odom" passed to canTransform argument target_frame - frame does not exist
[controller_server-8] [INFO] [1789650273.723034761] [local_costmap.local_costmap]: Timed out waiting for transform from base_footprint to odom to become available, tf error: Invalid frame ID "odom" passed to canTransform argument target_frame - frame does not exist
[controller_server-8] [INFO] [1789650274.201329024] [local_costmap.local_costmap]: Timed out waiting for transform from base_footprint to odom to become available, tf error: Invalid frame ID "odom" passed to canTransform argument target_frame - frame does not exist
[controller_server-8] [INFO] [1789650274.699155251] [local_costmap.local_costmap]: Timed out waiting for transform from base_footprint to odom to become available, tf error: Invalid frame ID "odom" passed to canTransform argument target_frame - frame does not exist
[controller_server-8] [INFO] [1789650275.198531770] [local_costmap.local_costmap]: Timed out waiting for transform from base_footprint to odom to become available, tf error: Invalid frame ID "odom" passed to canTransform argument target_frame - frame does not exist
[controller_server-8] [INFO] [1789650275.698499996] [local_costmap.local_costmap]: Timed out waiting for transform from base_footprint to odom to become available, tf error: Invalid frame ID "odom" passed to canTransform argument target_frame - frame does not exist
[controller_server-8] [INFO] [1789650276.202405869] [local_costmap.local_costmap]: Timed out waiting for transform from base_footprint to odom to become available, tf error: Invalid frame ID "odom" passed to canTransform argument target_frame - frame does not exist
[controller_server-8] [INFO] [1789650276.699941058] [local_costmap.local_costmap]: Timed out waiting for transform from base_footprint to odom to become available, tf error: Invalid frame ID "odom" passed to canTransform argument target_frame - frame does not exist
[controller_server-8] [INFO] [1789650277.204432036] [local_costmap.local_costmap]: Timed out waiting for transform from base_footprint to odom to become available, tf error: Invalid frame ID "odom" passed to canTransform argument target_frame - frame does not exist
[controller_server-8] [INFO] [1789650277.698498096] [local_costmap.local_costmap]: Timed out waiting for transform from base_footprint to odom to become available, tf error: Invalid frame ID "odom" passed to canTransform argument target_frame - frame does not exist
[controller_server-8] [INFO] [1789650278.198575788] [local_costmap.local_costmap]: Timed out waiting for transform from base_footprint to odom to become available, tf error: Invalid frame ID "odom" passed to canTransform argument target_frame - frame does not exist
[controller_server-8] [INFO] [1789650278.698845214] [local_costmap.local_costmap]: Timed out waiting for transform from base_footprint to odom to become available, tf error: Invalid frame ID "odom" passed to canTransform argument target_frame - frame does not exist
[gzserver-1] [INFO] [1789650279.157776619] [contact_load.wheel_front_drive_link_contact_plugin]: Publishing contact states to [/contact_load/wheel_front_drive_link]
[controller_server-8] [INFO] [1789650279.198254335] [local_costmap.local_costmap]: Timed out waiting for transform from base_footprint to odom to become available, tf error: Invalid frame ID "odom" passed to canTransform argument target_frame - frame does not exist
[gzserver-1] [INFO] [1789650279.262128333] [contact_load.wheel_rear_drive_link_contact_plugin]: Publishing contact states to [/contact_load/wheel_rear_drive_link]
[gzserver-1] [INFO] [1789650279.385303748] [contact_load.wheel_front_left_link_contact_plugin]: Publishing contact states to [/contact_load/wheel_front_left_link]
[gzserver-1] [INFO] [1789650279.497635896] [contact_load.wheel_front_right_link_contact_plugin]: Publishing contact states to [/contact_load/wheel_front_right_link]
[gzserver-1] [INFO] [1789650279.628132814] [contact_load.wheel_rear_left_link_contact_plugin]: Publishing contact states to [/contact_load/wheel_rear_left_link]
[spawn_entity.py-3] [INFO] [1789650279.650211053] [spawn_swerve]: Spawn status: SpawnEntity: Successfully spawned entity [swerve_base]
[controller_server-8] [INFO] [1789650279.701270525] [local_costmap.local_costmap]: Timed out waiting for transform from base_footprint to odom to become available, tf error: Invalid frame ID "odom" passed to canTransform argument target_frame - frame does not exist
[gzserver-1] [INFO] [1789650279.798001989] [contact_load.wheel_rear_right_link_contact_plugin]: Publishing contact states to [/contact_load/wheel_rear_right_link]
[gzserver-1] [INFO] [1789650279.885480555] [gazebo_ros2_control]: Loading gazebo_ros2_control plugin
[gzserver-1] [INFO] [1789650279.998288363] [gazebo_ros2_control]: Starting gazebo_ros2_control plugin in namespace: /
[gzserver-1] [INFO] [1789650279.998525023] [gazebo_ros2_control]: Starting gazebo_ros2_control plugin in ros 2 node: gazebo_ros2_control
[INFO] [spawn_entity.py-3]: process has finished cleanly [pid 193037]
[INFO] [spawner-15]: process started with pid [193364]
[gzserver-1] [INFO] [1789650280.093309804] [gazebo_ros2_control]: connected to service!! robot_state_publisher
[gzserver-1] [INFO] [1789650280.104901542] [gazebo_ros2_control]: Received urdf from param server, parsing...
[gzserver-1] [INFO] [1789650280.105071475] [gazebo_ros2_control]: Loading parameter files /home/yahboom/swerve_bringup/install/swerve_bringup/share/swerve_bringup/config/controllers.yaml
[gzserver-1] [INFO] [1789650280.155142969] [gazebo_ros2_control]: Loading joint: steer_front_joint
[gzserver-1] [INFO] [1789650280.155621574] [gazebo_ros2_control]: 	State:
[gzserver-1] [INFO] [1789650280.155645812] [gazebo_ros2_control]: 		 position
[gzserver-1] [INFO] [1789650280.155658964] [gazebo_ros2_control]: 		 velocity
[gzserver-1] [INFO] [1789650280.155669339] [gazebo_ros2_control]: 	Command:
[gzserver-1] [INFO] [1789650280.155678632] [gazebo_ros2_control]: 		 position
[gzserver-1] [INFO] [1789650280.166299120] [gazebo_ros2_control]: Loading joint: steer_rear_joint
[gzserver-1] [INFO] [1789650280.166352894] [gazebo_ros2_control]: 	State:
[gzserver-1] [INFO] [1789650280.166364874] [gazebo_ros2_control]: 		 position
[gzserver-1] [INFO] [1789650280.166375834] [gazebo_ros2_control]: 		 velocity
[gzserver-1] [INFO] [1789650280.166384682] [gazebo_ros2_control]: 	Command:
[gzserver-1] [INFO] [1789650280.166393224] [gazebo_ros2_control]: 		 position
[gzserver-1] [INFO] [1789650280.175615425] [gazebo_ros2_control]: Loading joint: wheel_front_drive_joint
[gzserver-1] [INFO] [1789650280.175675643] [gazebo_ros2_control]: 	State:
[gzserver-1] [INFO] [1789650280.175687437] [gazebo_ros2_control]: 		 position
[gzserver-1] [INFO] [1789650280.175698092] [gazebo_ros2_control]: 		 velocity
[gzserver-1] [INFO] [1789650280.175707202] [gazebo_ros2_control]: 	Command:
[gzserver-1] [INFO] [1789650280.175721251] [gazebo_ros2_control]: 		 velocity
[gzserver-1] [INFO] [1789650280.179786663] [gazebo_ros2_control]: Loading joint: wheel_rear_drive_joint
[gzserver-1] [INFO] [1789650280.179833149] [gazebo_ros2_control]: 	State:
[gzserver-1] [INFO] [1789650280.179845010] [gazebo_ros2_control]: 		 position
[gzserver-1] [INFO] [1789650280.179854621] [gazebo_ros2_control]: 		 velocity
[gzserver-1] [INFO] [1789650280.179863510] [gazebo_ros2_control]: 	Command:
[gzserver-1] [INFO] [1789650280.179890195] [gazebo_ros2_control]: 		 velocity
[gzserver-1] [INFO] [1789650280.184898349] [resource_manager]: Initialize hardware 'GazeboSystem' 
[gzserver-1] [INFO] [1789650280.185646551] [resource_manager]: Successful initialization of hardware 'GazeboSystem'
[gzserver-1] [INFO] [1789650280.188700124] [resource_manager]: 'configure' hardware 'GazeboSystem' 
[gzserver-1] [INFO] [1789650280.188732162] [resource_manager]: Successful 'configure' of hardware 'GazeboSystem'
[gzserver-1] [INFO] [1789650280.188742195] [resource_manager]: 'activate' hardware 'GazeboSystem' 
[gzserver-1] [INFO] [1789650280.188749257] [resource_manager]: Successful 'activate' of hardware 'GazeboSystem'
[gzserver-1] [INFO] [1789650280.188910631] [gazebo_ros2_control]: Loading controller_manager
[controller_server-8] [INFO] [1789650280.198255209] [local_costmap.local_costmap]: Timed out waiting for transform from base_footprint to odom to become available, tf error: Invalid frame ID "odom" passed to canTransform argument target_frame - frame does not exist
[gzserver-1] [WARN] [1789650280.413871085] [gazebo_ros2_control]:  Desired controller update period (0.01 s) is slower than the gazebo simulation period (0.001 s).
[gzserver-1] [INFO] [1789650280.414268218] [gazebo_ros2_control]: Loaded gazebo_ros2_control.
[controller_server-8] [INFO] [1789650280.699158383] [local_costmap.local_costmap]: start
[controller_server-8] [INFO] [1789650280.859252501] [controller_server]: Creating bond (controller_server) to lifecycle manager.
[lifecycle_manager-13] [INFO] [1789650281.034570451] [lifecycle_manager_navigation]: Server controller_server connected with bond.
[lifecycle_manager-13] [INFO] [1789650281.034646119] [lifecycle_manager_navigation]: [34m[1mActivating planner_server[0m[0m
[planner_server-9] [INFO] [1789650281.038083168] [planner_server]: Activating
[planner_server-9] [INFO] [1789650281.038169081] [global_costmap.global_costmap]: Activating
[planner_server-9] [INFO] [1789650281.038189803] [global_costmap.global_costmap]: Checking transform
[planner_server-9] [INFO] [1789650281.038226935] [global_costmap.global_costmap]: Timed out waiting for transform from base_footprint to map to become available, tf error: Invalid frame ID "map" passed to canTransform argument target_frame - frame does not exist
[spawner-15] [INFO] [1789650281.410505799] [spawn_joint_state_broadcaster]: waiting for service /controller_manager/list_controllers to become available...
[gzserver-1] [INFO] [1789650281.450629755] [controller_manager]: Loading controller 'joint_state_broadcaster'
[planner_server-9] [INFO] [1789650281.539949943] [global_costmap.global_costmap]: start
[spawner-15] [INFO] [1789650281.829745215] [spawn_joint_state_broadcaster]: [94mLoaded [1mjoint_state_broadcaster[0m
[gzserver-1] [INFO] [1789650281.841996523] [controller_manager]: Configuring controller 'joint_state_broadcaster'
[gzserver-1] [INFO] [1789650281.842892146] [joint_state_broadcaster]: 'joints' or 'interfaces' parameter is empty. All available state interfaces will be published
[spawner-15] [INFO] [1789650281.956862728] [spawn_joint_state_broadcaster]: [92mConfigured and activated [1mjoint_state_broadcaster[0m
[planner_server-9] [INFO] [1789650282.095918164] [planner_server]: Activating plugin GridBased of type NavfnPlanner
[planner_server-9] [INFO] [1789650282.115006670] [planner_server]: Creating bond (planner_server) to lifecycle manager.
[lifecycle_manager-13] [INFO] [1789650282.235752277] [lifecycle_manager_navigation]: Server planner_server connected with bond.
[lifecycle_manager-13] [INFO] [1789650282.235822328] [lifecycle_manager_navigation]: [34m[1mActivating behavior_server[0m[0m
[behavior_server-10] [INFO] [1789650282.236349299] [behavior_server]: Activating
[behavior_server-10] [INFO] [1789650282.236403284] [behavior_server]: Activating spin
[behavior_server-10] [INFO] [1789650282.236423234] [behavior_server]: Activating backup
[behavior_server-10] [INFO] [1789650282.236435468] [behavior_server]: Activating drive_on_heading
[behavior_server-10] [INFO] [1789650282.236446161] [behavior_server]: Activating wait
[behavior_server-10] [INFO] [1789650282.236462801] [behavior_server]: Creating bond (behavior_server) to lifecycle manager.
[INFO] [spawner-15]: process has finished cleanly [pid 193364]
[INFO] [spawner-16]: process started with pid [193382]
[lifecycle_manager-13] [INFO] [1789650282.364494888] [lifecycle_manager_navigation]: Server behavior_server connected with bond.
[lifecycle_manager-13] [INFO] [1789650282.364577571] [lifecycle_manager_navigation]: [34m[1mActivating bt_navigator[0m[0m
[bt_navigator-11] [INFO] [1789650282.365519113] [bt_navigator]: Activating
[bt_navigator-11] [INFO] [1789650283.015770446] [bt_navigator]: Creating bond (bt_navigator) to lifecycle manager.
[lifecycle_manager-13] [INFO] [1789650283.147799689] [lifecycle_manager_navigation]: Server bt_navigator connected with bond.
[lifecycle_manager-13] [INFO] [1789650283.148705798] [lifecycle_manager_navigation]: [34m[1mActivating waypoint_follower[0m[0m
[waypoint_follower-12] [INFO] [1789650283.149566972] [waypoint_follower]: Activating
[waypoint_follower-12] [INFO] [1789650283.149656713] [waypoint_follower]: Creating bond (waypoint_follower) to lifecycle manager.
[lifecycle_manager-13] [INFO] [1789650283.299239784] [lifecycle_manager_navigation]: Server waypoint_follower connected with bond.
[lifecycle_manager-13] [INFO] [1789650283.299310405] [lifecycle_manager_navigation]: [34m[1mManaged nodes are active[0m[0m
[lifecycle_manager-13] [INFO] [1789650283.299325410] [lifecycle_manager_navigation]: [34m[1mCreating bond timer...[0m[0m
[spawner-16] [INFO] [1789650283.591003004] [spawn_steering_controller]: waiting for service /controller_manager/list_controllers to become available...
[gzserver-1] [INFO] [1789650284.332352528] [controller_manager]: Loading controller 'steering_controller'
[spawner-16] [INFO] [1789650284.792868968] [spawn_steering_controller]: [94mLoaded [1msteering_controller[0m
[gzserver-1] [INFO] [1789650284.811998839] [controller_manager]: Configuring controller 'steering_controller'
[gzserver-1] [INFO] [1789650284.818957290] [steering_controller]: configure successful
[gzserver-1] [INFO] [1789650284.860347305] [steering_controller]: activate successful
[spawner-16] [INFO] [1789650284.887593536] [spawn_steering_controller]: [92mConfigured and activated [1msteering_controller[0m
[INFO] [spawner-16]: process has finished cleanly [pid 193382]
[INFO] [spawner-17]: process started with pid [193462]
[spawner-17] [INFO] [1789650286.253601391] [spawn_drive_controller]: waiting for service /controller_manager/list_controllers to become available...
[gzserver-1] [INFO] [1789650288.796881018] [controller_manager]: Loading controller 'drive_controller'
[spawner-17] [INFO] [1789650289.002737330] [spawn_drive_controller]: [94mLoaded [1mdrive_controller[0m
[gzserver-1] [INFO] [1789650289.014150119] [controller_manager]: Configuring controller 'drive_controller'
[gzserver-1] [INFO] [1789650289.018152665] [drive_controller]: configure successful
[gzserver-1] [INFO] [1789650289.485689944] [drive_controller]: activate successful
[spawner-17] [INFO] [1789650289.514588726] [spawn_drive_controller]: [92mConfigured and activated [1mdrive_controller[0m
[INFO] [spawner-17]: process has finished cleanly [pid 193462]
[INFO] [swerve_controller_node-18]: process started with pid [193540]
[INFO] [swerve_odometry_node-19]: process started with pid [193542]
[swerve_odometry_node-19] [INFO] [1789650291.489981529] [swerve_odometry]: Encoder odometry ready: radius=0.0637 m, velocity_sign=+1.0
[swerve_controller_node-18] [INFO] [1789650291.709982683] [swerve_controller]: Swerve controller ready: radius=0.0675 m, modules={'front': (0.300042, 0.0), 'rear': (-0.300042, 0.0)}
[WARNING] [launch]: user interrupted with ctrl-c (SIGINT)
[planner_server-9] [INFO] [1789650328.005190487] [rclcpp]: signal_handler(signum=2)
[planner_server-9] [INFO] [1789650328.008635723] [planner_server]: Running Nav2 LifecycleNode rcl preshutdown (planner_server)
[planner_server-9] [INFO] [1789650328.008738191] [planner_server]: Deactivating
[planner_server-9] [INFO] [1789650328.008778720] [global_costmap.global_costmap]: Deactivating
[behavior_server-10] [INFO] [1789650328.007957401] [rclcpp]: signal_handler(signum=2)
[waypoint_follower-12] [INFO] [1789650328.008470856] [rclcpp]: signal_handler(signum=2)
[bt_navigator-11] [INFO] [1789650328.008525864] [rclcpp]: signal_handler(signum=2)
[bt_navigator-11] [INFO] [1789650328.008922582] [bt_navigator]: Running Nav2 LifecycleNode rcl preshutdown (bt_navigator)
[bt_navigator-11] [INFO] [1789650328.009058752] [bt_navigator]: Deactivating
[bt_navigator-11] [INFO] [1789650328.009139205] [bt_navigator]: Destroying bond (bt_navigator) to lifecycle manager.
[controller_server-8] [INFO] [1789650328.008535199] [rclcpp]: signal_handler(signum=2)
[INFO] [swerve_odometry_node-19]: sending signal 'SIGINT' to process[swerve_odometry_node-19]
[INFO] [swerve_controller_node-18]: sending signal 'SIGINT' to process[swerve_controller_node-18]
[INFO] [lifecycle_manager-13]: sending signal 'SIGINT' to process[lifecycle_manager-13]
[INFO] [waypoint_follower-12]: sending signal 'SIGINT' to process[waypoint_follower-12]
[INFO] [bt_navigator-11]: sending signal 'SIGINT' to process[bt_navigator-11]
[INFO] [behavior_server-10]: sending signal 'SIGINT' to process[behavior_server-10]
[INFO] [planner_server-9]: sending signal 'SIGINT' to process[planner_server-9]
[INFO] [controller_server-8]: sending signal 'SIGINT' to process[controller_server-8]
[INFO] [map_server-7]: sending signal 'SIGINT' to process[map_server-7]
[INFO] [ekf_node-6]: sending signal 'SIGINT' to process[ekf_node-6]
[INFO] [v30e_sim_node-5]: sending signal 'SIGINT' to process[v30e_sim_node-5]
[INFO] [ekf_node-4]: sending signal 'SIGINT' to process[ekf_node-4]
[INFO] [robot_state_publisher-2]: sending signal 'SIGINT' to process[robot_state_publisher-2]
[ERROR] [ekf_node-6]: process has died [pid 193043, exit code -2, cmd '/opt/ros/humble/lib/robot_localization/ekf_node --ros-args -r __node:=ekf_v30e --params-file /home/yahboom/swerve_bringup/install/swerve_bringup/share/swerve_bringup/config/v30e_localization_ekf.yaml --params-file /tmp/launch_params_c0f5pki_ -r odometry/filtered:=/odometry/v30e'].
[INFO] [gzserver-1]: sending signal 'SIGINT' to process[gzserver-1]
[behavior_server-10] [INFO] [1789650328.009915771] [behavior_server]: Running Nav2 LifecycleNode rcl preshutdown (behavior_server)
[behavior_server-10] [INFO] [1789650328.010017625] [behavior_server]: Deactivating
[behavior_server-10] [INFO] [1789650328.010059321] [behavior_server]: Destroying bond (behavior_server) to lifecycle manager.
[behavior_server-10] [INFO] [1789650328.036114915] [behavior_server]: Cleaning up
[robot_state_publisher-2] [INFO] [1789650328.009608700] [rclcpp]: signal_handler(signum=2)
[map_server-7] [INFO] [1789650328.006871305] [rclcpp]: signal_handler(signum=2)
[map_server-7] [INFO] [1789650328.013125786] [map_server]: Running Nav2 LifecycleNode rcl preshutdown (map_server)
[map_server-7] [INFO] [1789650328.013199734] [map_server]: Deactivating
[map_server-7] [INFO] [1789650328.013275924] [map_server]: Destroying bond (map_server) to lifecycle manager.
[lifecycle_manager-13] [INFO] [1789650328.009701409] [rclcpp]: signal_handler(signum=2)
[lifecycle_manager-13] [INFO] [1789650328.012867983] [lifecycle_manager_navigation]: Running Nav2 LifecycleManager rcl preshutdown (lifecycle_manager_navigation)
[lifecycle_manager-13] [INFO] [1789650328.012923566] [lifecycle_manager_navigation]: [34m[1mTerminating bond timer...[0m[0m
[ekf_node-4] [INFO] [1789650328.007058036] [rclcpp]: signal_handler(signum=2)
[waypoint_follower-12] [INFO] [1789650328.010363967] [waypoint_follower]: Running Nav2 LifecycleNode rcl preshutdown (waypoint_follower)
[waypoint_follower-12] [INFO] [1789650328.010491666] [waypoint_follower]: Deactivating
[waypoint_follower-12] [INFO] [1789650328.010568423] [waypoint_follower]: Destroying bond (waypoint_follower) to lifecycle manager.
[waypoint_follower-12] [INFO] [1789650328.037353283] [waypoint_follower]: Cleaning up
[ekf_node-6] [INFO] [1789650328.006872292] [rclcpp]: signal_handler(signum=2)
[controller_server-8] [INFO] [1789650328.010865938] [controller_server]: Running Nav2 LifecycleNode rcl preshutdown (controller_server)
[controller_server-8] [INFO] [1789650328.018634095] [controller_server]: Deactivating
[controller_server-8] [INFO] [1789650328.018735996] [local_costmap.local_costmap]: Deactivating
[bt_navigator-11] [INFO] [1789650328.023892831] [bt_navigator]: Cleaning up
[planner_server-9] [INFO] [1789650328.051157355] [planner_server]: Deactivating plugin GridBased of type NavfnPlanner
[planner_server-9] [INFO] [1789650328.051206121] [planner_server]: Destroying bond (planner_server) to lifecycle manager.
[swerve_odometry_node-19] Traceback (most recent call last):
[swerve_odometry_node-19]   File "/home/yahboom/swerve_bringup/install/swerve_bringup/lib/swerve_bringup/swerve_odometry_node", line 221, in <module>
[swerve_odometry_node-19]     main()
[swerve_odometry_node-19]   File "/home/yahboom/swerve_bringup/install/swerve_bringup/lib/swerve_bringup/swerve_odometry_node", line 215, in main
[swerve_odometry_node-19]     node.destroy_node()
[swerve_odometry_node-19]   File "/opt/ros/humble/local/lib/python3.10/dist-packages/rclpy/node.py", line 1685, in destroy_node
[swerve_odometry_node-19]     self.destroy_publisher(self._publishers[0])
[swerve_odometry_node-19]   File "/opt/ros/humble/local/lib/python3.10/dist-packages/rclpy/node.py", line 1565, in destroy_publisher
[swerve_odometry_node-19]     publisher.destroy()
[swerve_odometry_node-19]   File "/opt/ros/humble/local/lib/python3.10/dist-packages/rclpy/publisher.py", line 99, in destroy
[swerve_odometry_node-19]     self.__publisher.destroy_when_not_in_use()
[swerve_odometry_node-19] KeyboardInterrupt
[map_server-7] [INFO] [1789650328.056999365] [map_server]: Cleaning up
[map_server-7] [INFO] [1789650328.057119300] [map_server]: Destroying bond (map_server) to lifecycle manager.
[swerve_controller_node-18] Traceback (most recent call last):
[swerve_controller_node-18]   File "/home/yahboom/swerve_bringup/install/swerve_bringup/lib/swerve_bringup/swerve_controller_node", line 192, in <module>
[swerve_controller_node-18]     main()
[swerve_controller_node-18]   File "/home/yahboom/swerve_bringup/install/swerve_bringup/lib/swerve_bringup/swerve_controller_node", line 184, in main
[swerve_controller_node-18]     node.steer_pub.publish(Float64MultiArray(data=[
[swerve_controller_node-18]   File "/opt/ros/humble/local/lib/python3.10/dist-packages/rclpy/publisher.py", line 70, in publish
[swerve_controller_node-18]     self.__publisher.publish(msg)
[swerve_controller_node-18] rclpy._rclpy_pybind11.RCLError: Failed to publish: publisher's context is invalid, at ./src/rcl/publisher.c:389
[swerve_controller_node-18] Error in sys.excepthook:
[swerve_controller_node-18] Traceback (most recent call last):
[swerve_controller_node-18]   File "/usr/lib/python3/dist-packages/apport_python_hook.py", line 72, in apport_excepthook
[swerve_controller_node-18]     from apport.fileutils import likely_packaged, get_recent_crashes
[swerve_controller_node-18]   File "/usr/lib/python3/dist-packages/apport/__init__.py", line 5, in <module>
[swerve_controller_node-18]     from apport.report import Report
[swerve_controller_node-18]   File "/usr/lib/python3/dist-packages/apport/report.py", line 21, in <module>
[swerve_controller_node-18]     from urllib.request import urlopen
[swerve_controller_node-18]   File "/usr/lib/python3.10/urllib/request.py", line 86, in <module>
[swerve_controller_node-18]     import email
[swerve_controller_node-18]   File "<frozen importlib._bootstrap>", line 1027, in _find_and_load
[swerve_controller_node-18]   File "<frozen importlib._bootstrap>", line 1002, in _find_and_load_unlocked
[swerve_controller_node-18]   File "<frozen importlib._bootstrap>", line 945, in _find_spec
[swerve_controller_node-18]   File "<frozen importlib._bootstrap_external>", line 1439, in find_spec
[swerve_controller_node-18]   File "<frozen importlib._bootstrap_external>", line 1411, in _get_spec
[swerve_controller_node-18]   File "<frozen importlib._bootstrap_external>", line 1544, in find_spec
[swerve_controller_node-18]   File "<frozen importlib._bootstrap_external>", line 147, in _path_stat
[swerve_controller_node-18] KeyboardInterrupt
[swerve_controller_node-18] 
[swerve_controller_node-18] Original exception was:
[swerve_controller_node-18] Traceback (most recent call last):
[swerve_controller_node-18]   File "/home/yahboom/swerve_bringup/install/swerve_bringup/lib/swerve_bringup/swerve_controller_node", line 192, in <module>
[swerve_controller_node-18]     main()
[swerve_controller_node-18]   File "/home/yahboom/swerve_bringup/install/swerve_bringup/lib/swerve_bringup/swerve_controller_node", line 184, in main
[swerve_controller_node-18]     node.steer_pub.publish(Float64MultiArray(data=[
[swerve_controller_node-18]   File "/opt/ros/humble/local/lib/python3.10/dist-packages/rclpy/publisher.py", line 70, in publish
[swerve_controller_node-18]     self.__publisher.publish(msg)
[swerve_controller_node-18] rclpy._rclpy_pybind11.RCLError: Failed to publish: publisher's context is invalid, at ./src/rcl/publisher.c:389
[lifecycle_manager-13] [INFO] [1789650328.076933430] [rclcpp]: signal_handler(signum=2)
[waypoint_follower-12] [INFO] [1789650328.079216952] [rclcpp]: signal_handler(signum=2)
[controller_server-8] [INFO] [1789650328.081676143] [controller_server]: Destroying bond (controller_server) to lifecycle manager.
[bt_navigator-11] [INFO] [1789650328.095453309] [rclcpp]: signal_handler(signum=2)
[controller_server-8] [INFO] [1789650328.105208979] [controller_server]: Cleaning up
[controller_server-8] [INFO] [1789650328.105370830] [local_costmap.local_costmap]: Cleaning up
[behavior_server-10] [INFO] [1789650328.109355769] [rclcpp]: signal_handler(signum=2)
[planner_server-9] [INFO] [1789650328.111023025] [rclcpp]: signal_handler(signum=2)
[planner_server-9] [INFO] [1789650328.114263065] [planner_server]: Cleaning up
[controller_server-8] [INFO] [1789650328.127747776] [rclcpp]: signal_handler(signum=2)
[map_server-7] [INFO] [1789650328.134670764] [rclcpp]: signal_handler(signum=2)
[v30e_sim_node-5] Traceback (most recent call last):
[v30e_sim_node-5]   File "/home/yahboom/swerve_bringup/install/swerve_bringup/lib/swerve_bringup/v30e_sim_node", line 188, in <module>
[v30e_sim_node-5]     if __name__ == '__main__': main()
[v30e_sim_node-5]   File "/home/yahboom/swerve_bringup/install/swerve_bringup/lib/swerve_bringup/v30e_sim_node", line 185, in main
[v30e_sim_node-5]     node.destroy_node(); rclpy.shutdown()
[v30e_sim_node-5]   File "/opt/ros/humble/local/lib/python3.10/dist-packages/rclpy/node.py", line 1685, in destroy_node
[v30e_sim_node-5]     self.destroy_publisher(self._publishers[0])
[v30e_sim_node-5]   File "/opt/ros/humble/local/lib/python3.10/dist-packages/rclpy/node.py", line 1565, in destroy_publisher
[v30e_sim_node-5]     publisher.destroy()
[v30e_sim_node-5]   File "/opt/ros/humble/local/lib/python3.10/dist-packages/rclpy/publisher.py", line 99, in destroy
[v30e_sim_node-5]     self.__publisher.destroy_when_not_in_use()
[v30e_sim_node-5] KeyboardInterrupt
[waypoint_follower-12] [INFO] [1789650328.179529953] [waypoint_follower]: Destroying bond (waypoint_follower) to lifecycle manager.
[robot_state_publisher-2] [INFO] [1789650328.180600622] [rclcpp]: signal_handler(signum=2)
[ERROR] [ekf_node-4]: process has died [pid 193039, exit code -2, cmd '/opt/ros/humble/lib/robot_localization/ekf_node --ros-args -r __node:=ekf_filter_node --params-file /home/yahboom/swerve_bringup/install/swerve_bringup/share/swerve_bringup/config/ekf.yaml --params-file /tmp/launch_params_xo54vkya -r /odom:=/odom -r /imu/data:=/imu/data'].
[map_server-7] [INFO] [1789650328.265708588] [map_server]: Destroying
[waypoint_follower-12] [INFO] [1789650328.265849079] [waypoint_follower]: Destroying
[behavior_server-10] [INFO] [1789650328.287796851] [behavior_server]: Destroying bond (behavior_server) to lifecycle manager.
[ERROR] [swerve_odometry_node-19]: process has died [pid 193542, exit code -2, cmd '/home/yahboom/swerve_bringup/install/swerve_bringup/lib/swerve_bringup/swerve_odometry_node --ros-args -r __node:=swerve_odometry --params-file /home/yahboom/swerve_bringup/install/swerve_bringup/share/swerve_bringup/config/swerve_odometry.yaml --params-file /tmp/launch_params_nbhh2xc9'].
[planner_server-9] [INFO] [1789650328.378667445] [global_costmap.global_costmap]: Cleaning up
[INFO] [robot_state_publisher-2]: process has finished cleanly [pid 193035]
[planner_server-9] [INFO] [1789650328.416303765] [planner_server]: Cleaning up plugin GridBased of type NavfnPlanner
[planner_server-9] [INFO] [1789650328.416735316] [planner_server]: Destroying plugin GridBased of type NavfnPlanner
[behavior_server-10] [INFO] [1789650328.458758233] [behavior_server]: Destroying
[controller_server-8] [INFO] [1789650328.462399698] [controller_server]: Destroying bond (controller_server) to lifecycle manager.
[lifecycle_manager-13] [INFO] [1789650328.464002796] [lifecycle_manager_navigation]: Destroying lifecycle_manager_navigation
[ERROR] [v30e_sim_node-5]: process has died [pid 193041, exit code -2, cmd '/home/yahboom/swerve_bringup/install/swerve_bringup/lib/swerve_bringup/v30e_sim_node --ros-args -r __node:=v30e_sim_node --params-file /home/yahboom/swerve_bringup/install/swerve_bringup/share/swerve_bringup/config/v30e_sim.yaml --params-file /tmp/launch_params_otfu2ve5'].
[INFO] [map_server-7]: process has finished cleanly [pid 193045]
[planner_server-9] [INFO] [1789650328.493503982] [planner_server]: Destroying bond (planner_server) to lifecycle manager.
[controller_server-8] [INFO] [1789650328.498545904] [local_costmap.local_costmap]: Destroying
[planner_server-9] [INFO] [1789650328.517877979] [global_costmap.global_costmap]: Destroying
[ERROR] [swerve_controller_node-18]: process has died [pid 193540, exit code 1, cmd '/home/yahboom/swerve_bringup/install/swerve_bringup/lib/swerve_bringup/swerve_controller_node --ros-args -r __node:=swerve_controller --params-file /home/yahboom/swerve_bringup/install/swerve_bringup/share/swerve_bringup/config/swerve_controller.yaml --params-file /tmp/launch_params_bshef2sw'].
[controller_server-8] [INFO] [1789650328.558947053] [controller_server]: Destroying
[planner_server-9] [INFO] [1789650328.566901181] [planner_server]: Destroying
[INFO] [waypoint_follower-12]: process has finished cleanly [pid 193084]
[bt_navigator-11] [INFO] [1789650328.631069975] [bt_navigator]: Completed Cleaning up
[bt_navigator-11] [INFO] [1789650328.631122093] [bt_navigator]: Destroying bond (bt_navigator) to lifecycle manager.
[INFO] [lifecycle_manager-13]: process has finished cleanly [pid 193105]
[bt_navigator-11] [INFO] [1789650328.648666448] [bt_navigator]: Destroying
[INFO] [behavior_server-10]: process has finished cleanly [pid 193056]
[INFO] [controller_server-8]: process has finished cleanly [pid 193048]
[INFO] [planner_server-9]: process has finished cleanly [pid 193050]
[INFO] [bt_navigator-11]: process has finished cleanly [pid 193068]
[INFO] [gzserver-1]: process has finished cleanly [pid 193033]
