[INFO] [launch]: All log files can be found below /home/yahboom/.ros/log/2026-09-17-23-42-45-590445-yahboom-virtual-machine-226357
[INFO] [launch]: Default logging verbosity is set to INFO
[INFO] [launch.user]: CONTACT_DIAGNOSTICS=true
[INFO] [gzserver-1]: process started with pid [226373]
[INFO] [robot_state_publisher-2]: process started with pid [226375]
[INFO] [spawn_entity.py-3]: process started with pid [226377]
[INFO] [ekf_node-4]: process started with pid [226379]
[INFO] [v30e_sim_node-5]: process started with pid [226381]
[INFO] [ekf_node-6]: process started with pid [226383]
[INFO] [map_server-7]: process started with pid [226385]
[INFO] [controller_server-8]: process started with pid [226388]
[INFO] [planner_server-9]: process started with pid [226390]
[INFO] [behavior_server-10]: process started with pid [226398]
[INFO] [bt_navigator-11]: process started with pid [226402]
[INFO] [waypoint_follower-12]: process started with pid [226406]
[INFO] [lifecycle_manager-13]: process started with pid [226420]
[INFO] [swerve_bridge_node-14]: process started with pid [226433]
[behavior_server-10] [INFO] [1789659768.724258784] [behavior_server]: 
[behavior_server-10] 	behavior_server lifecycle node launched. 
[behavior_server-10] 	Waiting on external lifecycle transitions to activate
[behavior_server-10] 	See https://design.ros2.org/articles/node_lifecycle.html for more information.
[lifecycle_manager-13] [INFO] [1789659768.744730744] [lifecycle_manager_navigation]: Creating
[planner_server-9] [INFO] [1789659768.764512947] [planner_server]: 
[planner_server-9] 	planner_server lifecycle node launched. 
[planner_server-9] 	Waiting on external lifecycle transitions to activate
[planner_server-9] 	See https://design.ros2.org/articles/node_lifecycle.html for more information.
[planner_server-9] [INFO] [1789659768.766065645] [planner_server]: Creating
[bt_navigator-11] [INFO] [1789659768.772107607] [bt_navigator]: 
[bt_navigator-11] 	bt_navigator lifecycle node launched. 
[bt_navigator-11] 	Waiting on external lifecycle transitions to activate
[bt_navigator-11] 	See https://design.ros2.org/articles/node_lifecycle.html for more information.
[bt_navigator-11] [INFO] [1789659768.772257484] [bt_navigator]: Creating
[lifecycle_manager-13] [INFO] [1789659768.849539200] [lifecycle_manager_navigation]: [34m[1mCreating and initializing lifecycle service clients[0m[0m
[robot_state_publisher-2] [INFO] [1789659768.851321721] [robot_state_publisher]: got segment base_footprint
[robot_state_publisher-2] [INFO] [1789659768.851488510] [robot_state_publisher]: got segment base_link
[robot_state_publisher-2] [INFO] [1789659768.851502274] [robot_state_publisher]: got segment imu_link
[robot_state_publisher-2] [INFO] [1789659768.851510036] [robot_state_publisher]: got segment lidar_link
[robot_state_publisher-2] [INFO] [1789659768.851517980] [robot_state_publisher]: got segment steer_front_link
[robot_state_publisher-2] [INFO] [1789659768.851524963] [robot_state_publisher]: got segment steer_rear_link
[robot_state_publisher-2] [INFO] [1789659768.851531723] [robot_state_publisher]: got segment v30e_link
[robot_state_publisher-2] [INFO] [1789659768.851538529] [robot_state_publisher]: got segment wheel_front_drive_link
[robot_state_publisher-2] [INFO] [1789659768.851545540] [robot_state_publisher]: got segment wheel_front_left_fork_link
[robot_state_publisher-2] [INFO] [1789659768.851552234] [robot_state_publisher]: got segment wheel_front_left_link
[robot_state_publisher-2] [INFO] [1789659768.851559161] [robot_state_publisher]: got segment wheel_front_right_fork_link
[robot_state_publisher-2] [INFO] [1789659768.851565837] [robot_state_publisher]: got segment wheel_front_right_link
[robot_state_publisher-2] [INFO] [1789659768.851572616] [robot_state_publisher]: got segment wheel_rear_drive_link
[robot_state_publisher-2] [INFO] [1789659768.851579130] [robot_state_publisher]: got segment wheel_rear_left_fork_link
[robot_state_publisher-2] [INFO] [1789659768.851585952] [robot_state_publisher]: got segment wheel_rear_left_link
[robot_state_publisher-2] [INFO] [1789659768.851592709] [robot_state_publisher]: got segment wheel_rear_right_fork_link
[robot_state_publisher-2] [INFO] [1789659768.851599813] [robot_state_publisher]: got segment wheel_rear_right_link
[controller_server-8] [INFO] [1789659768.951811577] [controller_server]: 
[controller_server-8] 	controller_server lifecycle node launched. 
[controller_server-8] 	Waiting on external lifecycle transitions to activate
[controller_server-8] 	See https://design.ros2.org/articles/node_lifecycle.html for more information.
[controller_server-8] [INFO] [1789659768.958514268] [controller_server]: Creating controller server
[map_server-7] [INFO] [1789659768.996746778] [map_server]: 
[map_server-7] 	map_server lifecycle node launched. 
[map_server-7] 	Waiting on external lifecycle transitions to activate
[map_server-7] 	See https://design.ros2.org/articles/node_lifecycle.html for more information.
[map_server-7] [INFO] [1789659768.996946280] [map_server]: Creating
[swerve_bridge_node-14] Traceback (most recent call last):
[swerve_bridge_node-14]   File "/home/yahboom/swerve_bringup/install/swerve_bridge/lib/swerve_bridge/swerve_bridge_node", line 33, in <module>
[swerve_bridge_node-14]     sys.exit(load_entry_point('swerve-bridge', 'console_scripts', 'swerve_bridge_node')())
[swerve_bridge_node-14]   File "/home/yahboom/swerve_bringup/install/swerve_bridge/lib/swerve_bridge/swerve_bridge_node", line 22, in importlib_load_entry_point
[swerve_bridge_node-14]     for entry_point in distribution(dist_name).entry_points
[swerve_bridge_node-14]   File "/usr/lib/python3.10/importlib/metadata/__init__.py", line 969, in distribution
[swerve_bridge_node-14]     return Distribution.from_name(distribution_name)
[swerve_bridge_node-14]   File "/usr/lib/python3.10/importlib/metadata/__init__.py", line 548, in from_name
[swerve_bridge_node-14]     raise PackageNotFoundError(name)
[swerve_bridge_node-14] importlib.metadata.PackageNotFoundError: No package metadata was found for swerve-bridge
[waypoint_follower-12] [INFO] [1789659769.043922131] [waypoint_follower]: 
[waypoint_follower-12] 	waypoint_follower lifecycle node launched. 
[waypoint_follower-12] 	Waiting on external lifecycle transitions to activate
[waypoint_follower-12] 	See https://design.ros2.org/articles/node_lifecycle.html for more information.
[waypoint_follower-12] [INFO] [1789659769.044711417] [waypoint_follower]: Creating
[ERROR] [swerve_bridge_node-14]: process has died [pid 226433, exit code 1, cmd '/home/yahboom/swerve_bringup/install/swerve_bridge/lib/swerve_bridge/swerve_bridge_node --ros-args -r __node:=swerve_bridge --params-file /home/yahboom/swerve_bringup/install/swerve_bridge/share/swerve_bridge/config/bridge.yaml --params-file /tmp/launch_params_lecd1j05'].
[planner_server-9] [INFO] [1789659769.136990869] [global_costmap.global_costmap]: 
[planner_server-9] 	global_costmap lifecycle node launched. 
[planner_server-9] 	Waiting on external lifecycle transitions to activate
[planner_server-9] 	See https://design.ros2.org/articles/node_lifecycle.html for more information.
[planner_server-9] [INFO] [1789659769.137492612] [global_costmap.global_costmap]: Creating Costmap
[controller_server-8] [INFO] [1789659769.163907747] [local_costmap.local_costmap]: 
[controller_server-8] 	local_costmap lifecycle node launched. 
[controller_server-8] 	Waiting on external lifecycle transitions to activate
[controller_server-8] 	See https://design.ros2.org/articles/node_lifecycle.html for more information.
[controller_server-8] [INFO] [1789659769.164466075] [local_costmap.local_costmap]: Creating Costmap
[lifecycle_manager-13] [INFO] [1789659769.664981596] [lifecycle_manager_navigation]: [34m[1mStarting managed nodes bringup...[0m[0m
[lifecycle_manager-13] [INFO] [1789659769.665063244] [lifecycle_manager_navigation]: [34m[1mConfiguring map_server[0m[0m
[map_server-7] [INFO] [1789659769.669400290] [map_server]: Configuring
[map_server-7] [INFO] [1789659769.669591602] [map_io]: Loading yaml file: /home/yahboom/swerve_bringup/install/swerve_bringup/share/swerve_bringup/swerve_navigation/maps/warehouse.yaml
[map_server-7] [INFO] [1789659769.669912296] [map_io]: resolution: 0.05
[map_server-7] [INFO] [1789659769.669930916] [map_io]: origin[0]: -17.2
[map_server-7] [INFO] [1789659769.669937160] [map_io]: origin[1]: -17.4
[map_server-7] [INFO] [1789659769.669942507] [map_io]: origin[2]: 0
[map_server-7] [INFO] [1789659769.669948231] [map_io]: free_thresh: 0.25
[map_server-7] [INFO] [1789659769.669954021] [map_io]: occupied_thresh: 0.65
[map_server-7] [INFO] [1789659769.669959767] [map_io]: mode: trinary
[map_server-7] [INFO] [1789659769.669966249] [map_io]: negate: 0
[map_server-7] [INFO] [1789659769.679494108] [map_io]: Loading image_file: /home/yahboom/swerve_bringup/install/swerve_bringup/share/swerve_bringup/swerve_navigation/maps/warehouse.pgm
[map_server-7] [INFO] [1789659769.902294632] [map_io]: Read map /home/yahboom/swerve_bringup/install/swerve_bringup/share/swerve_bringup/swerve_navigation/maps/warehouse.pgm: 676 X 680 map @ 0.05 m/cell
[spawn_entity.py-3] [INFO] [1789659769.949084041] [spawn_swerve]: Spawn Entity started
[spawn_entity.py-3] [INFO] [1789659769.949553443] [spawn_swerve]: Loading entity published on topic robot_description
[lifecycle_manager-13] [INFO] [1789659769.983948832] [lifecycle_manager_navigation]: [34m[1mConfiguring controller_server[0m[0m
[controller_server-8] [INFO] [1789659770.013437679] [controller_server]: Configuring controller interface
[controller_server-8] [INFO] [1789659770.023417675] [controller_server]: getting goal checker plugins..
[controller_server-8] [INFO] [1789659770.023538239] [controller_server]: Controller frequency set to 10.0000Hz
[controller_server-8] [INFO] [1789659770.023590217] [local_costmap.local_costmap]: Configuring
[spawn_entity.py-3] [INFO] [1789659770.042296093] [spawn_swerve]: Waiting for entity xml on robot_description
[spawn_entity.py-3] [INFO] [1789659770.160480584] [spawn_swerve]: Waiting for service /spawn_entity, timeout = 30
[spawn_entity.py-3] [INFO] [1789659770.165146805] [spawn_swerve]: Waiting for service /spawn_entity
[controller_server-8] [INFO] [1789659770.212147361] [local_costmap.local_costmap]: Using plugin "voxel_layer"
[controller_server-8] [INFO] [1789659770.222446046] [local_costmap.local_costmap]: Subscribed to Topics: lidar3d scan
[controller_server-8] [INFO] [1789659770.315580160] [local_costmap.local_costmap]: Initialized plugin "voxel_layer"
[controller_server-8] [INFO] [1789659770.315625668] [local_costmap.local_costmap]: Using plugin "inflation_layer"
[controller_server-8] [INFO] [1789659770.316171604] [local_costmap.local_costmap]: Initialized plugin "inflation_layer"
[controller_server-8] [INFO] [1789659770.404254179] [controller_server]: Created progress_checker : progress_checker of type nav2_controller::SimpleProgressChecker
[controller_server-8] [INFO] [1789659770.416752416] [controller_server]: Created goal checker : general_goal_checker of type nav2_controller::SimpleGoalChecker
[controller_server-8] [INFO] [1789659770.420336386] [controller_server]: Controller Server has general_goal_checker  goal checkers available.
[controller_server-8] [INFO] [1789659770.422436741] [controller_server]: Created controller : FollowPath of type dwb_core::DWBLocalPlanner
[v30e_sim_node-5] [INFO] [1789659770.422597830] [v30e_sim_node]: Using Gazebo /get_entity_state internally; odometry is not a V30E measurement input
[controller_server-8] [INFO] [1789659770.444215991] [controller_server]: Setting transform_tolerance to 0.200000
[controller_server-8] [INFO] [1789659770.519330930] [controller_server]: Using critic "RotateToGoal" (dwb_critics::RotateToGoalCritic)
[controller_server-8] [INFO] [1789659770.530963738] [controller_server]: Critic plugin initialized
[controller_server-8] [INFO] [1789659770.535777039] [controller_server]: Using critic "Oscillation" (dwb_critics::OscillationCritic)
[controller_server-8] [INFO] [1789659770.536115650] [controller_server]: Critic plugin initialized
[controller_server-8] [INFO] [1789659770.537750661] [controller_server]: Using critic "BaseObstacle" (dwb_critics::BaseObstacleCritic)
[controller_server-8] [INFO] [1789659770.540700928] [controller_server]: Critic plugin initialized
[controller_server-8] [INFO] [1789659770.550691930] [controller_server]: Using critic "GoalAlign" (dwb_critics::GoalAlignCritic)
[controller_server-8] [INFO] [1789659770.558026134] [controller_server]: Critic plugin initialized
[controller_server-8] [INFO] [1789659770.559376780] [controller_server]: Using critic "PathAlign" (dwb_critics::PathAlignCritic)
[controller_server-8] [INFO] [1789659770.569687627] [controller_server]: Critic plugin initialized
[controller_server-8] [INFO] [1789659770.570454335] [controller_server]: Using critic "PathDist" (dwb_critics::PathDistCritic)
[controller_server-8] [INFO] [1789659770.572807202] [controller_server]: Critic plugin initialized
[controller_server-8] [INFO] [1789659770.575346564] [controller_server]: Using critic "GoalDist" (dwb_critics::GoalDistCritic)
[controller_server-8] [INFO] [1789659770.577489902] [controller_server]: Critic plugin initialized
[controller_server-8] [INFO] [1789659770.577529497] [controller_server]: Controller Server has FollowPath  controllers available.
[lifecycle_manager-13] [INFO] [1789659770.660711663] [lifecycle_manager_navigation]: [34m[1mConfiguring planner_server[0m[0m
[planner_server-9] [INFO] [1789659770.662992443] [planner_server]: Configuring
[planner_server-9] [INFO] [1789659770.663090310] [global_costmap.global_costmap]: Configuring
[planner_server-9] [INFO] [1789659770.701256460] [global_costmap.global_costmap]: Using plugin "static_layer"
[planner_server-9] [INFO] [1789659770.709130371] [global_costmap.global_costmap]: Subscribing to the map topic (/map) with transient local durability
[planner_server-9] [INFO] [1789659770.714876208] [global_costmap.global_costmap]: Initialized plugin "static_layer"
[planner_server-9] [INFO] [1789659770.714918510] [global_costmap.global_costmap]: Using plugin "obstacle_layer"
[planner_server-9] [INFO] [1789659770.717193388] [global_costmap.global_costmap]: Subscribed to Topics: scan
[planner_server-9] [INFO] [1789659770.741586468] [global_costmap.global_costmap]: Initialized plugin "obstacle_layer"
[planner_server-9] [INFO] [1789659770.741637019] [global_costmap.global_costmap]: Using plugin "inflation_layer"
[planner_server-9] [INFO] [1789659770.753044828] [global_costmap.global_costmap]: Initialized plugin "inflation_layer"
[planner_server-9] [INFO] [1789659770.802403472] [planner_server]: Created global planner plugin GridBased of type nav2_navfn_planner/NavfnPlanner
[planner_server-9] [INFO] [1789659770.802473138] [planner_server]: Configuring plugin GridBased of type NavfnPlanner
[planner_server-9] [INFO] [1789659770.805962702] [planner_server]: Planner Server has GridBased  planners available.
[lifecycle_manager-13] [INFO] [1789659770.877309779] [lifecycle_manager_navigation]: [34m[1mConfiguring behavior_server[0m[0m
[behavior_server-10] [INFO] [1789659770.880058333] [behavior_server]: Configuring
[behavior_server-10] [INFO] [1789659770.967750672] [behavior_server]: Creating behavior plugin spin of type nav2_behaviors/Spin
[behavior_server-10] [INFO] [1789659770.968732639] [behavior_server]: Configuring spin
[behavior_server-10] [INFO] [1789659771.026039565] [behavior_server]: Creating behavior plugin backup of type nav2_behaviors/BackUp
[behavior_server-10] [INFO] [1789659771.027527926] [behavior_server]: Configuring backup
[behavior_server-10] [INFO] [1789659771.076076404] [behavior_server]: Creating behavior plugin drive_on_heading of type nav2_behaviors/DriveOnHeading
[behavior_server-10] [INFO] [1789659771.077400322] [behavior_server]: Configuring drive_on_heading
[behavior_server-10] [INFO] [1789659771.121351584] [behavior_server]: Creating behavior plugin wait of type nav2_behaviors/Wait
[behavior_server-10] [INFO] [1789659771.122476087] [behavior_server]: Configuring wait
[lifecycle_manager-13] [INFO] [1789659771.156169972] [lifecycle_manager_navigation]: [34m[1mConfiguring bt_navigator[0m[0m
[bt_navigator-11] [INFO] [1789659771.158926331] [bt_navigator]: Configuring
[lifecycle_manager-13] [INFO] [1789659771.529447324] [lifecycle_manager_navigation]: [34m[1mConfiguring waypoint_follower[0m[0m
[waypoint_follower-12] [INFO] [1789659771.530338022] [waypoint_follower]: Configuring
[waypoint_follower-12] [INFO] [1789659771.597168350] [waypoint_follower]: Created waypoint_task_executor : wait_at_waypoint of type nav2_waypoint_follower::WaitAtWaypoint
[waypoint_follower-12] [INFO] [1789659771.600414108] [waypoint_follower]: Waypoint pause duration is set to zero, disabling task executor plugin.
[lifecycle_manager-13] [INFO] [1789659771.604873432] [lifecycle_manager_navigation]: [34m[1mActivating map_server[0m[0m
[map_server-7] [INFO] [1789659771.610282364] [map_server]: Activating
[map_server-7] [INFO] [1789659771.611295830] [map_server]: Creating bond (map_server) to lifecycle manager.
[planner_server-9] [INFO] [1789659771.612587217] [global_costmap.global_costmap]: StaticLayer: Resizing costmap to 676 X 680 at 0.050000 m/pix
[lifecycle_manager-13] [INFO] [1789659771.735724187] [lifecycle_manager_navigation]: Server map_server connected with bond.
[lifecycle_manager-13] [INFO] [1789659771.735786052] [lifecycle_manager_navigation]: [34m[1mActivating controller_server[0m[0m
[controller_server-8] [INFO] [1789659771.736273081] [controller_server]: Activating
[controller_server-8] [INFO] [1789659771.736333018] [local_costmap.local_costmap]: Activating
[controller_server-8] [INFO] [1789659771.736353072] [local_costmap.local_costmap]: Checking transform
[controller_server-8] [INFO] [1789659771.736387468] [local_costmap.local_costmap]: Timed out waiting for transform from base_footprint to odom to become available, tf error: Invalid frame ID "odom" passed to canTransform argument target_frame - frame does not exist
[controller_server-8] [INFO] [1789659772.237514708] [local_costmap.local_costmap]: Timed out waiting for transform from base_footprint to odom to become available, tf error: Invalid frame ID "odom" passed to canTransform argument target_frame - frame does not exist
[controller_server-8] [INFO] [1789659772.739108686] [local_costmap.local_costmap]: Timed out waiting for transform from base_footprint to odom to become available, tf error: Invalid frame ID "odom" passed to canTransform argument target_frame - frame does not exist
[controller_server-8] [INFO] [1789659773.237438591] [local_costmap.local_costmap]: Timed out waiting for transform from base_footprint to odom to become available, tf error: Invalid frame ID "odom" passed to canTransform argument target_frame - frame does not exist
[controller_server-8] [INFO] [1789659773.736866307] [local_costmap.local_costmap]: Timed out waiting for transform from base_footprint to odom to become available, tf error: Invalid frame ID "odom" passed to canTransform argument target_frame - frame does not exist
[controller_server-8] [INFO] [1789659774.237699724] [local_costmap.local_costmap]: Timed out waiting for transform from base_footprint to odom to become available, tf error: Invalid frame ID "odom" passed to canTransform argument target_frame - frame does not exist
[controller_server-8] [INFO] [1789659774.738402538] [local_costmap.local_costmap]: Timed out waiting for transform from base_footprint to odom to become available, tf error: Invalid frame ID "odom" passed to canTransform argument target_frame - frame does not exist
[controller_server-8] [INFO] [1789659775.236466002] [local_costmap.local_costmap]: Timed out waiting for transform from base_footprint to odom to become available, tf error: Invalid frame ID "odom" passed to canTransform argument target_frame - frame does not exist
[controller_server-8] [INFO] [1789659775.738099437] [local_costmap.local_costmap]: Timed out waiting for transform from base_footprint to odom to become available, tf error: Invalid frame ID "odom" passed to canTransform argument target_frame - frame does not exist
[gzserver-1] [INFO] [1789659775.977679188] [gazebo_ros_state]: Publishing states of gazebo models at [/model_states]
[spawn_entity.py-3] [INFO] [1789659775.987433884] [spawn_swerve]: Calling service /spawn_entity
[gzserver-1] [INFO] [1789659775.994264381] [gazebo_ros_state]: Publishing states of gazebo links at [/link_states]
[controller_server-8] [INFO] [1789659776.239062014] [local_costmap.local_costmap]: Timed out waiting for transform from base_footprint to odom to become available, tf error: Invalid frame ID "odom" passed to canTransform argument target_frame - frame does not exist
[gzserver-1] [INFO] [1789659776.735271348] [imu.imu_ros]: <initial_orientation_as_reference> is unset, using default value of false to comply with REP 145 (world as orientation reference)
[controller_server-8] [INFO] [1789659776.739194660] [local_costmap.local_costmap]: Timed out waiting for transform from base_footprint to odom to become available, tf error: Invalid frame ID "odom" passed to canTransform argument target_frame - frame does not exist
[controller_server-8] [INFO] [1789659777.236589148] [local_costmap.local_costmap]: Timed out waiting for transform from base_footprint to odom to become available, tf error: Invalid frame ID "odom" passed to canTransform argument target_frame - frame does not exist
[controller_server-8] [INFO] [1789659777.737153068] [local_costmap.local_costmap]: Timed out waiting for transform from base_footprint to odom to become available, tf error: Invalid frame ID "odom" passed to canTransform argument target_frame - frame does not exist
[controller_server-8] [INFO] [1789659778.236590762] [local_costmap.local_costmap]: Timed out waiting for transform from base_footprint to odom to become available, tf error: Invalid frame ID "odom" passed to canTransform argument target_frame - frame does not exist
[controller_server-8] [INFO] [1789659778.737231540] [local_costmap.local_costmap]: Timed out waiting for transform from base_footprint to odom to become available, tf error: Invalid frame ID "odom" passed to canTransform argument target_frame - frame does not exist
[controller_server-8] [INFO] [1789659779.236653116] [local_costmap.local_costmap]: Timed out waiting for transform from base_footprint to odom to become available, tf error: Invalid frame ID "odom" passed to canTransform argument target_frame - frame does not exist
[controller_server-8] [INFO] [1789659779.739703612] [local_costmap.local_costmap]: Timed out waiting for transform from base_footprint to odom to become available, tf error: Invalid frame ID "odom" passed to canTransform argument target_frame - frame does not exist
[controller_server-8] [INFO] [1789659780.238777868] [local_costmap.local_costmap]: Timed out waiting for transform from base_footprint to odom to become available, tf error: Invalid frame ID "odom" passed to canTransform argument target_frame - frame does not exist
[controller_server-8] [INFO] [1789659780.736668140] [local_costmap.local_costmap]: Timed out waiting for transform from base_footprint to odom to become available, tf error: Invalid frame ID "odom" passed to canTransform argument target_frame - frame does not exist
[controller_server-8] [INFO] [1789659781.239081586] [local_costmap.local_costmap]: Timed out waiting for transform from base_footprint to odom to become available, tf error: Invalid frame ID "odom" passed to canTransform argument target_frame - frame does not exist
[controller_server-8] [INFO] [1789659781.738673343] [local_costmap.local_costmap]: Timed out waiting for transform from base_footprint to odom to become available, tf error: Invalid frame ID "odom" passed to canTransform argument target_frame - frame does not exist
[controller_server-8] [INFO] [1789659782.237492870] [local_costmap.local_costmap]: Timed out waiting for transform from base_footprint to odom to become available, tf error: Invalid frame ID "odom" passed to canTransform argument target_frame - frame does not exist
[controller_server-8] [INFO] [1789659782.736699930] [local_costmap.local_costmap]: Timed out waiting for transform from base_footprint to odom to become available, tf error: Invalid frame ID "odom" passed to canTransform argument target_frame - frame does not exist
[controller_server-8] [INFO] [1789659783.237052253] [local_costmap.local_costmap]: Timed out waiting for transform from base_footprint to odom to become available, tf error: Invalid frame ID "odom" passed to canTransform argument target_frame - frame does not exist
[controller_server-8] [INFO] [1789659783.736644340] [local_costmap.local_costmap]: Timed out waiting for transform from base_footprint to odom to become available, tf error: Invalid frame ID "odom" passed to canTransform argument target_frame - frame does not exist
[controller_server-8] [INFO] [1789659784.269171891] [local_costmap.local_costmap]: Timed out waiting for transform from base_footprint to odom to become available, tf error: Invalid frame ID "odom" passed to canTransform argument target_frame - frame does not exist
[controller_server-8] [INFO] [1789659784.737736170] [local_costmap.local_costmap]: Timed out waiting for transform from base_footprint to odom to become available, tf error: Invalid frame ID "odom" passed to canTransform argument target_frame - frame does not exist
[controller_server-8] [INFO] [1789659785.236586047] [local_costmap.local_costmap]: Timed out waiting for transform from base_footprint to odom to become available, tf error: Invalid frame ID "odom" passed to canTransform argument target_frame - frame does not exist
[controller_server-8] [INFO] [1789659785.737708367] [local_costmap.local_costmap]: Timed out waiting for transform from base_footprint to odom to become available, tf error: Invalid frame ID "odom" passed to canTransform argument target_frame - frame does not exist
[controller_server-8] [INFO] [1789659786.236711058] [local_costmap.local_costmap]: Timed out waiting for transform from base_footprint to odom to become available, tf error: Invalid frame ID "odom" passed to canTransform argument target_frame - frame does not exist
[controller_server-8] [INFO] [1789659786.741152731] [local_costmap.local_costmap]: Timed out waiting for transform from base_footprint to odom to become available, tf error: Invalid frame ID "odom" passed to canTransform argument target_frame - frame does not exist
[controller_server-8] [INFO] [1789659787.237376798] [local_costmap.local_costmap]: Timed out waiting for transform from base_footprint to odom to become available, tf error: Invalid frame ID "odom" passed to canTransform argument target_frame - frame does not exist
[controller_server-8] [INFO] [1789659787.737354267] [local_costmap.local_costmap]: Timed out waiting for transform from base_footprint to odom to become available, tf error: Invalid frame ID "odom" passed to canTransform argument target_frame - frame does not exist
[controller_server-8] [INFO] [1789659788.236940622] [local_costmap.local_costmap]: Timed out waiting for transform from base_footprint to odom to become available, tf error: Invalid frame ID "odom" passed to canTransform argument target_frame - frame does not exist
[controller_server-8] [INFO] [1789659788.738754320] [local_costmap.local_costmap]: Timed out waiting for transform from base_footprint to odom to become available, tf error: Invalid frame ID "odom" passed to canTransform argument target_frame - frame does not exist
[controller_server-8] [INFO] [1789659789.237834815] [local_costmap.local_costmap]: Timed out waiting for transform from base_footprint to odom to become available, tf error: Invalid frame ID "odom" passed to canTransform argument target_frame - frame does not exist
[controller_server-8] [INFO] [1789659789.736919317] [local_costmap.local_costmap]: Timed out waiting for transform from base_footprint to odom to become available, tf error: Invalid frame ID "odom" passed to canTransform argument target_frame - frame does not exist
[controller_server-8] [INFO] [1789659790.236504665] [local_costmap.local_costmap]: Timed out waiting for transform from base_footprint to odom to become available, tf error: Invalid frame ID "odom" passed to canTransform argument target_frame - frame does not exist
[controller_server-8] [INFO] [1789659790.736992571] [local_costmap.local_costmap]: Timed out waiting for transform from base_footprint to odom to become available, tf error: Invalid frame ID "odom" passed to canTransform argument target_frame - frame does not exist
[gzserver-1] [INFO] [1789659790.799776753] [contact_load.wheel_front_drive_link_contact_plugin]: Publishing contact states to [/contact_load/wheel_front_drive_link]
[gzserver-1] [INFO] [1789659790.914215482] [contact_load.wheel_rear_drive_link_contact_plugin]: Publishing contact states to [/contact_load/wheel_rear_drive_link]
[gzserver-1] [INFO] [1789659791.030282631] [contact_load.wheel_front_left_link_contact_plugin]: Publishing contact states to [/contact_load/wheel_front_left_link]
[gzserver-1] [INFO] [1789659791.154768376] [contact_load.wheel_front_right_link_contact_plugin]: Publishing contact states to [/contact_load/wheel_front_right_link]
[controller_server-8] [INFO] [1789659791.236635773] [local_costmap.local_costmap]: Timed out waiting for transform from base_footprint to odom to become available, tf error: Invalid frame ID "odom" passed to canTransform argument target_frame - frame does not exist
[gzserver-1] [INFO] [1789659791.273573462] [contact_load.wheel_rear_left_link_contact_plugin]: Publishing contact states to [/contact_load/wheel_rear_left_link]
[spawn_entity.py-3] [INFO] [1789659791.289840748] [spawn_swerve]: Spawn status: SpawnEntity: Successfully spawned entity [swerve_base]
[gzserver-1] [INFO] [1789659791.377036393] [contact_load.wheel_rear_right_link_contact_plugin]: Publishing contact states to [/contact_load/wheel_rear_right_link]
[gzserver-1] [INFO] [1789659791.454555663] [gazebo_ros2_control]: Loading gazebo_ros2_control plugin
[INFO] [spawn_entity.py-3]: process has finished cleanly [pid 226377]
[gzserver-1] [INFO] [1789659791.522428165] [gazebo_ros2_control]: Starting gazebo_ros2_control plugin in namespace: /
[gzserver-1] [INFO] [1789659791.522546259] [gazebo_ros2_control]: Starting gazebo_ros2_control plugin in ros 2 node: gazebo_ros2_control
[INFO] [spawner-15]: process started with pid [226628]
[gzserver-1] [INFO] [1789659791.588111212] [gazebo_ros2_control]: connected to service!! robot_state_publisher
[gzserver-1] [INFO] [1789659791.600012040] [gazebo_ros2_control]: Received urdf from param server, parsing...
[gzserver-1] [INFO] [1789659791.614230599] [gazebo_ros2_control]: Loading parameter files /home/yahboom/swerve_bringup/install/swerve_bringup/share/swerve_bringup/config/controllers.yaml
[gzserver-1] [INFO] [1789659791.665078524] [gazebo_ros2_control]: Loading joint: steer_front_joint
[gzserver-1] [INFO] [1789659791.665144104] [gazebo_ros2_control]: 	State:
[gzserver-1] [INFO] [1789659791.665159678] [gazebo_ros2_control]: 		 position
[gzserver-1] [INFO] [1789659791.665173170] [gazebo_ros2_control]: 		 velocity
[gzserver-1] [INFO] [1789659791.665184417] [gazebo_ros2_control]: 	Command:
[gzserver-1] [INFO] [1789659791.665193955] [gazebo_ros2_control]: 		 position
[gzserver-1] [INFO] [1789659791.668303631] [gazebo_ros2_control]: Loading joint: steer_rear_joint
[gzserver-1] [INFO] [1789659791.668354168] [gazebo_ros2_control]: 	State:
[gzserver-1] [INFO] [1789659791.668367390] [gazebo_ros2_control]: 		 position
[gzserver-1] [INFO] [1789659791.668380207] [gazebo_ros2_control]: 		 velocity
[gzserver-1] [INFO] [1789659791.668389838] [gazebo_ros2_control]: 	Command:
[gzserver-1] [INFO] [1789659791.668399059] [gazebo_ros2_control]: 		 position
[gzserver-1] [INFO] [1789659791.668752728] [gazebo_ros2_control]: Loading joint: wheel_front_drive_joint
[gzserver-1] [INFO] [1789659791.668786599] [gazebo_ros2_control]: 	State:
[gzserver-1] [INFO] [1789659791.668796666] [gazebo_ros2_control]: 		 position
[gzserver-1] [INFO] [1789659791.668806594] [gazebo_ros2_control]: 		 velocity
[gzserver-1] [INFO] [1789659791.668815466] [gazebo_ros2_control]: 	Command:
[gzserver-1] [INFO] [1789659791.668829543] [gazebo_ros2_control]: 		 velocity
[gzserver-1] [INFO] [1789659791.669112484] [gazebo_ros2_control]: Loading joint: wheel_rear_drive_joint
[gzserver-1] [INFO] [1789659791.669157386] [gazebo_ros2_control]: 	State:
[gzserver-1] [INFO] [1789659791.669174043] [gazebo_ros2_control]: 		 position
[gzserver-1] [INFO] [1789659791.669184569] [gazebo_ros2_control]: 		 velocity
[gzserver-1] [INFO] [1789659791.669193654] [gazebo_ros2_control]: 	Command:
[gzserver-1] [INFO] [1789659791.669213037] [gazebo_ros2_control]: 		 velocity
[gzserver-1] [INFO] [1789659791.669717481] [resource_manager]: Initialize hardware 'GazeboSystem' 
[gzserver-1] [INFO] [1789659791.670001878] [resource_manager]: Successful initialization of hardware 'GazeboSystem'
[gzserver-1] [INFO] [1789659791.670164105] [resource_manager]: 'configure' hardware 'GazeboSystem' 
[gzserver-1] [INFO] [1789659791.670179672] [resource_manager]: Successful 'configure' of hardware 'GazeboSystem'
[gzserver-1] [INFO] [1789659791.670188068] [resource_manager]: 'activate' hardware 'GazeboSystem' 
[gzserver-1] [INFO] [1789659791.670194617] [resource_manager]: Successful 'activate' of hardware 'GazeboSystem'
[gzserver-1] [INFO] [1789659791.670362326] [gazebo_ros2_control]: Loading controller_manager
[controller_server-8] [INFO] [1789659791.737516964] [local_costmap.local_costmap]: Timed out waiting for transform from base_footprint to odom to become available, tf error: Invalid frame ID "odom" passed to canTransform argument target_frame - frame does not exist
[gzserver-1] [WARN] [1789659791.905643387] [gazebo_ros2_control]:  Desired controller update period (0.01 s) is slower than the gazebo simulation period (0.001 s).
[gzserver-1] [INFO] [1789659791.906094659] [gazebo_ros2_control]: Loaded gazebo_ros2_control.
[controller_server-8] [INFO] [1789659792.239556987] [local_costmap.local_costmap]: start
[controller_server-8] [INFO] [1789659792.421411641] [controller_server]: Creating bond (controller_server) to lifecycle manager.
[spawner-15] [INFO] [1789659792.528762009] [spawn_joint_state_broadcaster]: waiting for service /controller_manager/list_controllers to become available...
[lifecycle_manager-13] [INFO] [1789659792.647094211] [lifecycle_manager_navigation]: Server controller_server connected with bond.
[lifecycle_manager-13] [INFO] [1789659792.648217496] [lifecycle_manager_navigation]: [34m[1mActivating planner_server[0m[0m
[planner_server-9] [INFO] [1789659792.649580341] [planner_server]: Activating
[planner_server-9] [INFO] [1789659792.649646692] [global_costmap.global_costmap]: Activating
[planner_server-9] [INFO] [1789659792.649731164] [global_costmap.global_costmap]: Checking transform
[planner_server-9] [INFO] [1789659792.649945295] [global_costmap.global_costmap]: start
[planner_server-9] [INFO] [1789659793.209778885] [planner_server]: Activating plugin GridBased of type NavfnPlanner
[planner_server-9] [INFO] [1789659793.384066267] [planner_server]: Creating bond (planner_server) to lifecycle manager.
[lifecycle_manager-13] [INFO] [1789659793.532278597] [lifecycle_manager_navigation]: Server planner_server connected with bond.
[lifecycle_manager-13] [INFO] [1789659793.532354120] [lifecycle_manager_navigation]: [34m[1mActivating behavior_server[0m[0m
[behavior_server-10] [INFO] [1789659793.532989898] [behavior_server]: Activating
[behavior_server-10] [INFO] [1789659793.533054691] [behavior_server]: Activating spin
[behavior_server-10] [INFO] [1789659793.533079611] [behavior_server]: Activating backup
[behavior_server-10] [INFO] [1789659793.533092790] [behavior_server]: Activating drive_on_heading
[behavior_server-10] [INFO] [1789659793.533103980] [behavior_server]: Activating wait
[behavior_server-10] [INFO] [1789659793.533123657] [behavior_server]: Creating bond (behavior_server) to lifecycle manager.
[lifecycle_manager-13] [INFO] [1789659793.666223885] [lifecycle_manager_navigation]: Server behavior_server connected with bond.
[lifecycle_manager-13] [INFO] [1789659793.666301982] [lifecycle_manager_navigation]: [34m[1mActivating bt_navigator[0m[0m
[bt_navigator-11] [INFO] [1789659793.666789499] [bt_navigator]: Activating
[bt_navigator-11] [INFO] [1789659794.265263486] [bt_navigator]: Creating bond (bt_navigator) to lifecycle manager.
[lifecycle_manager-13] [INFO] [1789659794.402650247] [lifecycle_manager_navigation]: Server bt_navigator connected with bond.
[lifecycle_manager-13] [INFO] [1789659794.405487024] [lifecycle_manager_navigation]: [34m[1mActivating waypoint_follower[0m[0m
[waypoint_follower-12] [INFO] [1789659794.405952221] [waypoint_follower]: Activating
[waypoint_follower-12] [INFO] [1789659794.406032824] [waypoint_follower]: Creating bond (waypoint_follower) to lifecycle manager.
[lifecycle_manager-13] [INFO] [1789659794.561114749] [lifecycle_manager_navigation]: Server waypoint_follower connected with bond.
[lifecycle_manager-13] [INFO] [1789659794.561174827] [lifecycle_manager_navigation]: [34m[1mManaged nodes are active[0m[0m
[lifecycle_manager-13] [INFO] [1789659794.561249518] [lifecycle_manager_navigation]: [34m[1mCreating bond timer...[0m[0m
[gzserver-1] [INFO] [1789659794.815895652] [controller_manager]: Loading controller 'joint_state_broadcaster'
[spawner-15] [INFO] [1789659795.077679854] [spawn_joint_state_broadcaster]: [94mLoaded [1mjoint_state_broadcaster[0m
[gzserver-1] [INFO] [1789659795.090342092] [controller_manager]: Configuring controller 'joint_state_broadcaster'
[gzserver-1] [INFO] [1789659795.093645521] [joint_state_broadcaster]: 'joints' or 'interfaces' parameter is empty. All available state interfaces will be published
[spawner-15] [INFO] [1789659795.205305039] [spawn_joint_state_broadcaster]: [92mConfigured and activated [1mjoint_state_broadcaster[0m
[INFO] [spawner-15]: process has finished cleanly [pid 226628]
[INFO] [spawner-16]: process started with pid [226654]
[spawner-16] [INFO] [1789659797.023332386] [spawn_steering_controller]: waiting for service /controller_manager/list_controllers to become available...
[gzserver-1] [INFO] [1789659797.683857976] [controller_manager]: Loading controller 'steering_controller'
[spawner-16] [INFO] [1789659798.051362659] [spawn_steering_controller]: [94mLoaded [1msteering_controller[0m
[gzserver-1] [INFO] [1789659798.066179407] [controller_manager]: Configuring controller 'steering_controller'
[gzserver-1] [INFO] [1789659798.078136267] [steering_controller]: configure successful
[gzserver-1] [INFO] [1789659798.105382384] [steering_controller]: activate successful
[spawner-16] [INFO] [1789659798.127029547] [spawn_steering_controller]: [92mConfigured and activated [1msteering_controller[0m
[INFO] [spawner-16]: process has finished cleanly [pid 226654]
[INFO] [spawner-17]: process started with pid [226666]
[spawner-17] [INFO] [1789659800.162061181] [spawn_drive_controller]: waiting for service /controller_manager/list_controllers to become available...
[gzserver-1] [INFO] [1789659801.457653973] [controller_manager]: Loading controller 'drive_controller'
[spawner-17] [INFO] [1789659801.826845231] [spawn_drive_controller]: [94mLoaded [1mdrive_controller[0m
[gzserver-1] [INFO] [1789659801.839479426] [controller_manager]: Configuring controller 'drive_controller'
[gzserver-1] [INFO] [1789659801.855821054] [drive_controller]: configure successful
[gzserver-1] [INFO] [1789659801.895166606] [drive_controller]: activate successful
[spawner-17] [INFO] [1789659801.921420211] [spawn_drive_controller]: [92mConfigured and activated [1mdrive_controller[0m
[INFO] [spawner-17]: process has finished cleanly [pid 226666]
[INFO] [swerve_controller_node-18]: process started with pid [226684]
[INFO] [swerve_odometry_node-19]: process started with pid [226686]
[swerve_odometry_node-19] [INFO] [1789659803.698177512] [swerve_odometry]: Encoder odometry ready: radius=0.0637 m, velocity_sign=+1.0
[swerve_controller_node-18] [INFO] [1789659804.489301737] [swerve_controller]: Swerve controller ready: radius=0.0675 m, modules={'front': (0.300042, 0.0), 'rear': (-0.300042, 0.0)}
[WARNING] [launch]: user interrupted with ctrl-c (SIGINT)
[controller_server-8] [INFO] [1789659849.063326834] [rclcpp]: signal_handler(signum=2)
[ekf_node-6] [INFO] [1789659849.063326960] [rclcpp]: signal_handler(signum=2)
[map_server-7] [INFO] [1789659849.063402773] [rclcpp]: signal_handler(signum=2)
[bt_navigator-11] [INFO] [1789659849.063902038] [rclcpp]: signal_handler(signum=2)
[bt_navigator-11] [INFO] [1789659849.064047385] [bt_navigator]: Running Nav2 LifecycleNode rcl preshutdown (bt_navigator)
[bt_navigator-11] [INFO] [1789659849.064135582] [bt_navigator]: Deactivating
[bt_navigator-11] [INFO] [1789659849.064169626] [bt_navigator]: Destroying bond (bt_navigator) to lifecycle manager.
[behavior_server-10] [INFO] [1789659849.064450484] [rclcpp]: signal_handler(signum=2)
[INFO] [swerve_odometry_node-19]: sending signal 'SIGINT' to process[swerve_odometry_node-19]
[INFO] [swerve_controller_node-18]: sending signal 'SIGINT' to process[swerve_controller_node-18]
[INFO] [lifecycle_manager-13]: sending signal 'SIGINT' to process[lifecycle_manager-13]
[INFO] [waypoint_follower-12]: sending signal 'SIGINT' to process[waypoint_follower-12]
[INFO] [bt_navigator-11]: sending signal 'SIGINT' to process[bt_navigator-11]
[INFO] [behavior_server-10]: sending signal 'SIGINT' to process[behavior_server-10]
[INFO] [planner_server-9]: sending signal 'SIGINT' to process[planner_server-9]
[INFO] [controller_server-8]: sending signal 'SIGINT' to process[controller_server-8]
[INFO] [map_server-7]: sending signal 'SIGINT' to process[map_server-7]
[INFO] [ekf_node-6]: sending signal 'SIGINT' to process[ekf_node-6]
[INFO] [v30e_sim_node-5]: sending signal 'SIGINT' to process[v30e_sim_node-5]
[INFO] [ekf_node-4]: sending signal 'SIGINT' to process[ekf_node-4]
[INFO] [robot_state_publisher-2]: sending signal 'SIGINT' to process[robot_state_publisher-2]
[INFO] [gzserver-1]: sending signal 'SIGINT' to process[gzserver-1]
[ERROR] [ekf_node-6]: process has died [pid 226383, exit code -2, cmd '/opt/ros/humble/lib/robot_localization/ekf_node --ros-args -r __node:=ekf_v30e --params-file /home/yahboom/swerve_bringup/install/swerve_bringup/share/swerve_bringup/config/v30e_localization_ekf.yaml --params-file /tmp/launch_params_79omy7iu -r odometry/filtered:=/odometry/v30e'].
[lifecycle_manager-13] [INFO] [1789659849.065009755] [rclcpp]: signal_handler(signum=2)
[lifecycle_manager-13] [INFO] [1789659849.065146807] [lifecycle_manager_navigation]: Running Nav2 LifecycleManager rcl preshutdown (lifecycle_manager_navigation)
[lifecycle_manager-13] [INFO] [1789659849.065203794] [lifecycle_manager_navigation]: [34m[1mTerminating bond timer...[0m[0m
[controller_server-8] [INFO] [1789659849.065088975] [controller_server]: Running Nav2 LifecycleNode rcl preshutdown (controller_server)
[controller_server-8] [INFO] [1789659849.065199404] [controller_server]: Deactivating
[controller_server-8] [INFO] [1789659849.065260088] [local_costmap.local_costmap]: Deactivating
[robot_state_publisher-2] [INFO] [1789659849.065106615] [rclcpp]: signal_handler(signum=2)
[planner_server-9] [INFO] [1789659849.065202102] [rclcpp]: signal_handler(signum=2)
[planner_server-9] [INFO] [1789659849.066191761] [planner_server]: Running Nav2 LifecycleNode rcl preshutdown (planner_server)
[planner_server-9] [INFO] [1789659849.066268509] [planner_server]: Deactivating
[planner_server-9] [INFO] [1789659849.066311308] [global_costmap.global_costmap]: Deactivating
[waypoint_follower-12] [INFO] [1789659849.065272261] [rclcpp]: signal_handler(signum=2)
[waypoint_follower-12] [INFO] [1789659849.065895335] [waypoint_follower]: Running Nav2 LifecycleNode rcl preshutdown (waypoint_follower)
[waypoint_follower-12] [INFO] [1789659849.065977432] [waypoint_follower]: Deactivating
[waypoint_follower-12] [INFO] [1789659849.066009076] [waypoint_follower]: Destroying bond (waypoint_follower) to lifecycle manager.
[ekf_node-4] [INFO] [1789659849.065374790] [rclcpp]: signal_handler(signum=2)
[map_server-7] [INFO] [1789659849.065574021] [map_server]: Running Nav2 LifecycleNode rcl preshutdown (map_server)
[map_server-7] [INFO] [1789659849.065661572] [map_server]: Deactivating
[map_server-7] [INFO] [1789659849.065693260] [map_server]: Destroying bond (map_server) to lifecycle manager.
[behavior_server-10] [INFO] [1789659849.067638820] [behavior_server]: Running Nav2 LifecycleNode rcl preshutdown (behavior_server)
[behavior_server-10] [INFO] [1789659849.067727241] [behavior_server]: Deactivating
[behavior_server-10] [INFO] [1789659849.067764277] [behavior_server]: Destroying bond (behavior_server) to lifecycle manager.
[bt_navigator-11] [INFO] [1789659849.093888021] [bt_navigator]: Cleaning up
[lifecycle_manager-13] [INFO] [1789659849.103477318] [rclcpp]: signal_handler(signum=2)
[map_server-7] [INFO] [1789659849.107306761] [map_server]: Cleaning up
[map_server-7] [INFO] [1789659849.107479248] [map_server]: Destroying bond (map_server) to lifecycle manager.
[waypoint_follower-12] [INFO] [1789659849.109835623] [rclcpp]: signal_handler(signum=2)
[swerve_odometry_node-19] Traceback (most recent call last):
[swerve_odometry_node-19]   File "/home/yahboom/swerve_bringup/install/swerve_bringup/lib/swerve_bringup/swerve_odometry_node", line 221, in <module>
[swerve_odometry_node-19]     main()
[swerve_odometry_node-19]   File "/home/yahboom/swerve_bringup/install/swerve_bringup/lib/swerve_bringup/swerve_odometry_node", line 215, in main
[swerve_odometry_node-19]     node.destroy_node()
[swerve_odometry_node-19]   File "/opt/ros/humble/local/lib/python3.10/dist-packages/rclpy/node.py", line 1685, in destroy_node
[swerve_odometry_node-19]     self.destroy_publisher(self._publishers[0])
[swerve_odometry_node-19]   File "/opt/ros/humble/local/lib/python3.10/dist-packages/rclpy/node.py", line 1565, in destroy_publisher
[swerve_odometry_node-19]     publisher.destroy()
[swerve_odometry_node-19]   File "/opt/ros/humble/local/lib/python3.10/dist-packages/rclpy/publisher.py", line 99, in destroy
[swerve_odometry_node-19]     self.__publisher.destroy_when_not_in_use()
[swerve_odometry_node-19] KeyboardInterrupt
[ERROR] [ekf_node-4]: process has died [pid 226379, exit code -2, cmd '/opt/ros/humble/lib/robot_localization/ekf_node --ros-args -r __node:=ekf_filter_node --params-file /home/yahboom/swerve_bringup/install/swerve_bringup/share/swerve_bringup/config/ekf.yaml --params-file /tmp/launch_params_4rrafijw -r /odom:=/odom -r /imu/data:=/imu/data'].
[bt_navigator-11] [INFO] [1789659849.117909482] [rclcpp]: signal_handler(signum=2)
[controller_server-8] [INFO] [1789659849.118150914] [controller_server]: Destroying bond (controller_server) to lifecycle manager.
[behavior_server-10] [INFO] [1789659849.127385130] [rclcpp]: signal_handler(signum=2)
[planner_server-9] [INFO] [1789659849.136928716] [rclcpp]: signal_handler(signum=2)
[controller_server-8] [INFO] [1789659849.140998139] [rclcpp]: signal_handler(signum=2)
[map_server-7] [INFO] [1789659849.150576937] [rclcpp]: signal_handler(signum=2)
[planner_server-9] [INFO] [1789659849.159563038] [planner_server]: Deactivating plugin GridBased of type NavfnPlanner
[planner_server-9] [INFO] [1789659849.159617138] [planner_server]: Destroying bond (planner_server) to lifecycle manager.
[robot_state_publisher-2] [INFO] [1789659849.168046977] [rclcpp]: signal_handler(signum=2)
[waypoint_follower-12] [INFO] [1789659849.173041265] [waypoint_follower]: Cleaning up
[swerve_controller_node-18] Traceback (most recent call last):
[swerve_controller_node-18]   File "/home/yahboom/swerve_bringup/install/swerve_bringup/lib/swerve_bringup/swerve_controller_node", line 192, in <module>
[swerve_controller_node-18]     main()
[swerve_controller_node-18]   File "/home/yahboom/swerve_bringup/install/swerve_bringup/lib/swerve_bringup/swerve_controller_node", line 187, in main
[swerve_controller_node-18]     node.destroy_node()
[swerve_controller_node-18]   File "/opt/ros/humble/local/lib/python3.10/dist-packages/rclpy/node.py", line 1685, in destroy_node
[swerve_controller_node-18]     self.destroy_publisher(self._publishers[0])
[swerve_controller_node-18]   File "/opt/ros/humble/local/lib/python3.10/dist-packages/rclpy/node.py", line 1565, in destroy_publisher
[swerve_controller_node-18]     publisher.destroy()
[swerve_controller_node-18]   File "/opt/ros/humble/local/lib/python3.10/dist-packages/rclpy/publisher.py", line 99, in destroy
[swerve_controller_node-18]     self.__publisher.destroy_when_not_in_use()
[swerve_controller_node-18] KeyboardInterrupt
[controller_server-8] [INFO] [1789659849.181129185] [controller_server]: Cleaning up
[controller_server-8] [INFO] [1789659849.181286504] [local_costmap.local_costmap]: Cleaning up
[v30e_sim_node-5] Traceback (most recent call last):
[v30e_sim_node-5]   File "/home/yahboom/swerve_bringup/install/swerve_bringup/lib/swerve_bringup/v30e_sim_node", line 188, in <module>
[v30e_sim_node-5]     if __name__ == '__main__': main()
[v30e_sim_node-5]   File "/home/yahboom/swerve_bringup/install/swerve_bringup/lib/swerve_bringup/v30e_sim_node", line 185, in main
[v30e_sim_node-5]     node.destroy_node(); rclpy.shutdown()
[v30e_sim_node-5]   File "/opt/ros/humble/local/lib/python3.10/dist-packages/rclpy/node.py", line 1685, in destroy_node
[v30e_sim_node-5]     self.destroy_publisher(self._publishers[0])
[v30e_sim_node-5]   File "/opt/ros/humble/local/lib/python3.10/dist-packages/rclpy/node.py", line 1565, in destroy_publisher
[v30e_sim_node-5]     publisher.destroy()
[v30e_sim_node-5]   File "/opt/ros/humble/local/lib/python3.10/dist-packages/rclpy/publisher.py", line 99, in destroy
[v30e_sim_node-5]     self.__publisher.destroy_when_not_in_use()
[v30e_sim_node-5] KeyboardInterrupt
[behavior_server-10] [INFO] [1789659849.193595841] [behavior_server]: Cleaning up
[map_server-7] [INFO] [1789659849.198613166] [map_server]: Destroying
[waypoint_follower-12] [INFO] [1789659849.272280800] [waypoint_follower]: Destroying bond (waypoint_follower) to lifecycle manager.
[planner_server-9] [INFO] [1789659849.280180747] [planner_server]: Cleaning up
[waypoint_follower-12] [INFO] [1789659849.336916909] [waypoint_follower]: Destroying
[behavior_server-10] [INFO] [1789659849.437609522] [behavior_server]: Destroying bond (behavior_server) to lifecycle manager.
[planner_server-9] [INFO] [1789659849.504496638] [global_costmap.global_costmap]: Cleaning up
[ERROR] [swerve_odometry_node-19]: process has died [pid 226686, exit code -2, cmd '/home/yahboom/swerve_bringup/install/swerve_bringup/lib/swerve_bringup/swerve_odometry_node --ros-args -r __node:=swerve_odometry --params-file /home/yahboom/swerve_bringup/install/swerve_bringup/share/swerve_bringup/config/swerve_odometry.yaml --params-file /tmp/launch_params_x247u84m'].
[ERROR] [v30e_sim_node-5]: process has died [pid 226381, exit code -2, cmd '/home/yahboom/swerve_bringup/install/swerve_bringup/lib/swerve_bringup/v30e_sim_node --ros-args -r __node:=v30e_sim_node --params-file /home/yahboom/swerve_bringup/install/swerve_bringup/share/swerve_bringup/config/v30e_sim.yaml --params-file /tmp/launch_params_k1lxj87b'].
[INFO] [robot_state_publisher-2]: process has finished cleanly [pid 226375]
[lifecycle_manager-13] [INFO] [1789659849.609718409] [lifecycle_manager_navigation]: Destroying lifecycle_manager_navigation
[behavior_server-10] [INFO] [1789659849.636822126] [behavior_server]: Destroying
[planner_server-9] [INFO] [1789659849.664977985] [planner_server]: Cleaning up plugin GridBased of type NavfnPlanner
[planner_server-9] [INFO] [1789659849.665058490] [planner_server]: Destroying plugin GridBased of type NavfnPlanner
[planner_server-9] [INFO] [1789659849.690573592] [planner_server]: Destroying bond (planner_server) to lifecycle manager.
[controller_server-8] [INFO] [1789659849.719941018] [controller_server]: Destroying bond (controller_server) to lifecycle manager.
[planner_server-9] [INFO] [1789659849.747765407] [global_costmap.global_costmap]: Destroying
[ERROR] [swerve_controller_node-18]: process has died [pid 226684, exit code -2, cmd '/home/yahboom/swerve_bringup/install/swerve_bringup/lib/swerve_bringup/swerve_controller_node --ros-args -r __node:=swerve_controller --params-file /home/yahboom/swerve_bringup/install/swerve_bringup/share/swerve_bringup/config/swerve_controller.yaml --params-file /tmp/launch_params_52vqof2g'].
[INFO] [map_server-7]: process has finished cleanly [pid 226385]
[INFO] [waypoint_follower-12]: process has finished cleanly [pid 226406]
[controller_server-8] [INFO] [1789659849.775737430] [local_costmap.local_costmap]: Destroying
[controller_server-8] [INFO] [1789659849.833738272] [controller_server]: Destroying
[planner_server-9] [INFO] [1789659849.841748350] [planner_server]: Destroying
[INFO] [lifecycle_manager-13]: process has finished cleanly [pid 226420]
[bt_navigator-11] [INFO] [1789659849.949790385] [bt_navigator]: Completed Cleaning up
[bt_navigator-11] [INFO] [1789659849.949875031] [bt_navigator]: Destroying bond (bt_navigator) to lifecycle manager.
[bt_navigator-11] [INFO] [1789659849.967441131] [bt_navigator]: Destroying
[INFO] [behavior_server-10]: process has finished cleanly [pid 226398]
[INFO] [planner_server-9]: process has finished cleanly [pid 226390]
[INFO] [controller_server-8]: process has finished cleanly [pid 226388]
[INFO] [bt_navigator-11]: process has finished cleanly [pid 226402]
[INFO] [gzserver-1]: process has finished cleanly [pid 226373]
