[INFO] [launch]: All log files can be found below /home/yahboom/.ros/log/2026-09-17-17-09-58-663479-yahboom-virtual-machine-157855
[INFO] [launch]: Default logging verbosity is set to INFO
[INFO] [gzserver-1]: process started with pid [157867]
[INFO] [robot_state_publisher-2]: process started with pid [157869]
[INFO] [spawn_entity.py-3]: process started with pid [157871]
[INFO] [ekf_node-4]: process started with pid [157873]
[INFO] [v30e_sim_node-5]: process started with pid [157875]
[INFO] [ekf_node-6]: process started with pid [157877]
[INFO] [map_server-7]: process started with pid [157880]
[INFO] [controller_server-8]: process started with pid [157882]
[INFO] [planner_server-9]: process started with pid [157891]
[INFO] [behavior_server-10]: process started with pid [157894]
[INFO] [bt_navigator-11]: process started with pid [157901]
[INFO] [waypoint_follower-12]: process started with pid [157908]
[INFO] [lifecycle_manager-13]: process started with pid [157918]
[INFO] [swerve_bridge_node-14]: process started with pid [157929]
[robot_state_publisher-2] [INFO] [1789636201.765444892] [robot_state_publisher]: got segment base_footprint
[robot_state_publisher-2] [INFO] [1789636201.765610521] [robot_state_publisher]: got segment base_link
[robot_state_publisher-2] [INFO] [1789636201.765624985] [robot_state_publisher]: got segment imu_link
[robot_state_publisher-2] [INFO] [1789636201.765632989] [robot_state_publisher]: got segment lidar_link
[robot_state_publisher-2] [INFO] [1789636201.765640482] [robot_state_publisher]: got segment steer_front_link
[robot_state_publisher-2] [INFO] [1789636201.765647385] [robot_state_publisher]: got segment steer_rear_link
[robot_state_publisher-2] [INFO] [1789636201.765654150] [robot_state_publisher]: got segment v30e_link
[robot_state_publisher-2] [INFO] [1789636201.765660778] [robot_state_publisher]: got segment wheel_front_drive_link
[robot_state_publisher-2] [INFO] [1789636201.765667739] [robot_state_publisher]: got segment wheel_front_left_link
[robot_state_publisher-2] [INFO] [1789636201.765674440] [robot_state_publisher]: got segment wheel_front_right_link
[robot_state_publisher-2] [INFO] [1789636201.765680920] [robot_state_publisher]: got segment wheel_rear_drive_link
[robot_state_publisher-2] [INFO] [1789636201.765687355] [robot_state_publisher]: got segment wheel_rear_left_link
[robot_state_publisher-2] [INFO] [1789636201.765694039] [robot_state_publisher]: got segment wheel_rear_right_link
[map_server-7] [INFO] [1789636201.868376318] [map_server]: 
[map_server-7] 	map_server lifecycle node launched. 
[map_server-7] 	Waiting on external lifecycle transitions to activate
[map_server-7] 	See https://design.ros2.org/articles/node_lifecycle.html for more information.
[map_server-7] [INFO] [1789636201.879839333] [map_server]: Creating
[waypoint_follower-12] [INFO] [1789636201.901046385] [waypoint_follower]: 
[waypoint_follower-12] 	waypoint_follower lifecycle node launched. 
[waypoint_follower-12] 	Waiting on external lifecycle transitions to activate
[waypoint_follower-12] 	See https://design.ros2.org/articles/node_lifecycle.html for more information.
[waypoint_follower-12] [INFO] [1789636201.901651913] [waypoint_follower]: Creating
[bt_navigator-11] [INFO] [1789636202.060286707] [bt_navigator]: 
[bt_navigator-11] 	bt_navigator lifecycle node launched. 
[bt_navigator-11] 	Waiting on external lifecycle transitions to activate
[bt_navigator-11] 	See https://design.ros2.org/articles/node_lifecycle.html for more information.
[bt_navigator-11] [INFO] [1789636202.060437834] [bt_navigator]: Creating
[behavior_server-10] [INFO] [1789636202.074281848] [behavior_server]: 
[behavior_server-10] 	behavior_server lifecycle node launched. 
[behavior_server-10] 	Waiting on external lifecycle transitions to activate
[behavior_server-10] 	See https://design.ros2.org/articles/node_lifecycle.html for more information.
[controller_server-8] [INFO] [1789636202.161956517] [controller_server]: 
[controller_server-8] 	controller_server lifecycle node launched. 
[controller_server-8] 	Waiting on external lifecycle transitions to activate
[controller_server-8] 	See https://design.ros2.org/articles/node_lifecycle.html for more information.
[controller_server-8] [INFO] [1789636202.170704530] [controller_server]: Creating controller server
[lifecycle_manager-13] [INFO] [1789636202.200413999] [lifecycle_manager_navigation]: Creating
[swerve_bridge_node-14] Traceback (most recent call last):
[swerve_bridge_node-14]   File "/home/yahboom/swerve_bringup/install/swerve_bridge/lib/swerve_bridge/swerve_bridge_node", line 33, in <module>
[swerve_bridge_node-14]     sys.exit(load_entry_point('swerve-bridge', 'console_scripts', 'swerve_bridge_node')())
[swerve_bridge_node-14]   File "/home/yahboom/swerve_bringup/install/swerve_bridge/lib/swerve_bridge/swerve_bridge_node", line 22, in importlib_load_entry_point
[swerve_bridge_node-14]     for entry_point in distribution(dist_name).entry_points
[swerve_bridge_node-14]   File "/usr/lib/python3.10/importlib/metadata/__init__.py", line 969, in distribution
[lifecycle_manager-13] [INFO] [1789636202.238640860] [lifecycle_manager_navigation]: [34m[1mCreating and initializing lifecycle service clients[0m[0m
[swerve_bridge_node-14]     return Distribution.from_name(distribution_name)
[swerve_bridge_node-14]   File "/usr/lib/python3.10/importlib/metadata/__init__.py", line 548, in from_name
[swerve_bridge_node-14]     raise PackageNotFoundError(name)
[swerve_bridge_node-14] importlib.metadata.PackageNotFoundError: No package metadata was found for swerve-bridge
[ERROR] [swerve_bridge_node-14]: process has died [pid 157929, exit code 1, cmd '/home/yahboom/swerve_bringup/install/swerve_bridge/lib/swerve_bridge/swerve_bridge_node --ros-args -r __node:=swerve_bridge --params-file /home/yahboom/swerve_bringup/install/swerve_bridge/share/swerve_bridge/config/bridge.yaml --params-file /tmp/launch_params_vzibw1qk'].
[planner_server-9] [INFO] [1789636202.328417946] [planner_server]: 
[planner_server-9] 	planner_server lifecycle node launched. 
[planner_server-9] 	Waiting on external lifecycle transitions to activate
[planner_server-9] 	See https://design.ros2.org/articles/node_lifecycle.html for more information.
[planner_server-9] [INFO] [1789636202.331336262] [planner_server]: Creating
[controller_server-8] [INFO] [1789636202.461268149] [local_costmap.local_costmap]: 
[controller_server-8] 	local_costmap lifecycle node launched. 
[controller_server-8] 	Waiting on external lifecycle transitions to activate
[controller_server-8] 	See https://design.ros2.org/articles/node_lifecycle.html for more information.
[controller_server-8] [INFO] [1789636202.461775931] [local_costmap.local_costmap]: Creating Costmap
[planner_server-9] [INFO] [1789636202.495021049] [global_costmap.global_costmap]: 
[planner_server-9] 	global_costmap lifecycle node launched. 
[planner_server-9] 	Waiting on external lifecycle transitions to activate
[planner_server-9] 	See https://design.ros2.org/articles/node_lifecycle.html for more information.
[planner_server-9] [INFO] [1789636202.495275384] [global_costmap.global_costmap]: Creating Costmap
[lifecycle_manager-13] [INFO] [1789636203.067384400] [lifecycle_manager_navigation]: [34m[1mStarting managed nodes bringup...[0m[0m
[lifecycle_manager-13] [INFO] [1789636203.067468832] [lifecycle_manager_navigation]: [34m[1mConfiguring map_server[0m[0m
[map_server-7] [INFO] [1789636203.071933282] [map_server]: Configuring
[map_server-7] [INFO] [1789636203.072045914] [map_io]: Loading yaml file: /home/yahboom/swerve_bringup/install/swerve_bringup/share/swerve_bringup/swerve_navigation/maps/warehouse.yaml
[map_server-7] [INFO] [1789636203.072558439] [map_io]: resolution: 0.05
[map_server-7] [INFO] [1789636203.072576743] [map_io]: origin[0]: -17.2
[map_server-7] [INFO] [1789636203.072583905] [map_io]: origin[1]: -17.4
[map_server-7] [INFO] [1789636203.072606007] [map_io]: origin[2]: 0
[map_server-7] [INFO] [1789636203.072612551] [map_io]: free_thresh: 0.25
[map_server-7] [INFO] [1789636203.072618375] [map_io]: occupied_thresh: 0.65
[map_server-7] [INFO] [1789636203.072626505] [map_io]: mode: trinary
[map_server-7] [INFO] [1789636203.072632795] [map_io]: negate: 0
[map_server-7] [INFO] [1789636203.072869456] [map_io]: Loading image_file: /home/yahboom/swerve_bringup/install/swerve_bringup/share/swerve_bringup/swerve_navigation/maps/warehouse.pgm
[map_server-7] [INFO] [1789636203.211609887] [map_io]: Read map /home/yahboom/swerve_bringup/install/swerve_bringup/share/swerve_bringup/swerve_navigation/maps/warehouse.pgm: 676 X 680 map @ 0.05 m/cell
[lifecycle_manager-13] [INFO] [1789636203.314725948] [lifecycle_manager_navigation]: [34m[1mConfiguring controller_server[0m[0m
[controller_server-8] [INFO] [1789636203.330409193] [controller_server]: Configuring controller interface
[controller_server-8] [INFO] [1789636203.332362183] [controller_server]: getting goal checker plugins..
[controller_server-8] [INFO] [1789636203.332715310] [controller_server]: Controller frequency set to 10.0000Hz
[controller_server-8] [INFO] [1789636203.332765914] [local_costmap.local_costmap]: Configuring
[spawn_entity.py-3] [INFO] [1789636203.426555002] [spawn_swerve]: Spawn Entity started
[spawn_entity.py-3] [INFO] [1789636203.427115451] [spawn_swerve]: Loading entity published on topic robot_description
[controller_server-8] [INFO] [1789636203.437623072] [local_costmap.local_costmap]: Using plugin "voxel_layer"
[spawn_entity.py-3] [INFO] [1789636203.447508048] [spawn_swerve]: Waiting for entity xml on robot_description
[controller_server-8] [INFO] [1789636203.455282948] [local_costmap.local_costmap]: Subscribed to Topics: lidar3d scan
[spawn_entity.py-3] [INFO] [1789636203.464393486] [spawn_swerve]: Waiting for service /spawn_entity, timeout = 30
[spawn_entity.py-3] [INFO] [1789636203.464828406] [spawn_swerve]: Waiting for service /spawn_entity
[controller_server-8] [INFO] [1789636203.559688672] [local_costmap.local_costmap]: Initialized plugin "voxel_layer"
[controller_server-8] [INFO] [1789636203.559753823] [local_costmap.local_costmap]: Using plugin "inflation_layer"
[controller_server-8] [INFO] [1789636203.564347954] [local_costmap.local_costmap]: Initialized plugin "inflation_layer"
[v30e_sim_node-5] [INFO] [1789636203.623374975] [v30e_sim_node]: Using Gazebo /get_entity_state internally; odometry is not a V30E measurement input
[controller_server-8] [INFO] [1789636203.636502452] [controller_server]: Created progress_checker : progress_checker of type nav2_controller::SimpleProgressChecker
[controller_server-8] [INFO] [1789636203.637080988] [controller_server]: Created goal checker : general_goal_checker of type nav2_controller::SimpleGoalChecker
[controller_server-8] [INFO] [1789636203.637255914] [controller_server]: Controller Server has general_goal_checker  goal checkers available.
[controller_server-8] [INFO] [1789636203.640090969] [controller_server]: Created controller : FollowPath of type dwb_core::DWBLocalPlanner
[controller_server-8] [INFO] [1789636203.649062166] [controller_server]: Setting transform_tolerance to 0.200000
[controller_server-8] [INFO] [1789636203.734765256] [controller_server]: Using critic "RotateToGoal" (dwb_critics::RotateToGoalCritic)
[controller_server-8] [INFO] [1789636203.735223899] [controller_server]: Critic plugin initialized
[controller_server-8] [INFO] [1789636203.735349405] [controller_server]: Using critic "Oscillation" (dwb_critics::OscillationCritic)
[controller_server-8] [INFO] [1789636203.735651652] [controller_server]: Critic plugin initialized
[controller_server-8] [INFO] [1789636203.735749699] [controller_server]: Using critic "BaseObstacle" (dwb_critics::BaseObstacleCritic)
[controller_server-8] [INFO] [1789636203.739230545] [controller_server]: Critic plugin initialized
[controller_server-8] [INFO] [1789636203.742010946] [controller_server]: Using critic "GoalAlign" (dwb_critics::GoalAlignCritic)
[controller_server-8] [INFO] [1789636203.750961756] [controller_server]: Critic plugin initialized
[controller_server-8] [INFO] [1789636203.755221239] [controller_server]: Using critic "PathAlign" (dwb_critics::PathAlignCritic)
[controller_server-8] [INFO] [1789636203.758465729] [controller_server]: Critic plugin initialized
[controller_server-8] [INFO] [1789636203.775670230] [controller_server]: Using critic "PathDist" (dwb_critics::PathDistCritic)
[controller_server-8] [INFO] [1789636203.784057560] [controller_server]: Critic plugin initialized
[controller_server-8] [INFO] [1789636203.784709109] [controller_server]: Using critic "GoalDist" (dwb_critics::GoalDistCritic)
[controller_server-8] [INFO] [1789636203.793115785] [controller_server]: Critic plugin initialized
[controller_server-8] [INFO] [1789636203.793429443] [controller_server]: Controller Server has FollowPath  controllers available.
[lifecycle_manager-13] [INFO] [1789636203.858207867] [lifecycle_manager_navigation]: [34m[1mConfiguring planner_server[0m[0m
[planner_server-9] [INFO] [1789636203.859323023] [planner_server]: Configuring
[planner_server-9] [INFO] [1789636203.859380217] [global_costmap.global_costmap]: Configuring
[planner_server-9] [INFO] [1789636203.923067213] [global_costmap.global_costmap]: Using plugin "static_layer"
[planner_server-9] [INFO] [1789636203.986752037] [global_costmap.global_costmap]: Subscribing to the map topic (/map) with transient local durability
[planner_server-9] [INFO] [1789636203.996134027] [global_costmap.global_costmap]: Initialized plugin "static_layer"
[planner_server-9] [INFO] [1789636203.996183905] [global_costmap.global_costmap]: Using plugin "obstacle_layer"
[planner_server-9] [INFO] [1789636204.007449517] [global_costmap.global_costmap]: Subscribed to Topics: scan
[planner_server-9] [INFO] [1789636204.034129446] [global_costmap.global_costmap]: Initialized plugin "obstacle_layer"
[planner_server-9] [INFO] [1789636204.034205746] [global_costmap.global_costmap]: Using plugin "inflation_layer"
[planner_server-9] [INFO] [1789636204.046053181] [global_costmap.global_costmap]: Initialized plugin "inflation_layer"
[planner_server-9] [INFO] [1789636204.129295470] [planner_server]: Created global planner plugin GridBased of type nav2_navfn_planner/NavfnPlanner
[planner_server-9] [INFO] [1789636204.130281159] [planner_server]: Configuring plugin GridBased of type NavfnPlanner
[planner_server-9] [INFO] [1789636204.134087701] [planner_server]: Planner Server has GridBased  planners available.
[lifecycle_manager-13] [INFO] [1789636204.190509801] [lifecycle_manager_navigation]: [34m[1mConfiguring behavior_server[0m[0m
[behavior_server-10] [INFO] [1789636204.191001529] [behavior_server]: Configuring
[behavior_server-10] [INFO] [1789636204.250386077] [behavior_server]: Creating behavior plugin spin of type nav2_behaviors/Spin
[behavior_server-10] [INFO] [1789636204.253496860] [behavior_server]: Configuring spin
[behavior_server-10] [INFO] [1789636204.272911756] [behavior_server]: Creating behavior plugin backup of type nav2_behaviors/BackUp
[behavior_server-10] [INFO] [1789636204.273781872] [behavior_server]: Configuring backup
[behavior_server-10] [INFO] [1789636204.308066108] [behavior_server]: Creating behavior plugin drive_on_heading of type nav2_behaviors/DriveOnHeading
[behavior_server-10] [INFO] [1789636204.308943049] [behavior_server]: Configuring drive_on_heading
[behavior_server-10] [INFO] [1789636204.352663182] [behavior_server]: Creating behavior plugin wait of type nav2_behaviors/Wait
[behavior_server-10] [INFO] [1789636204.353522045] [behavior_server]: Configuring wait
[lifecycle_manager-13] [INFO] [1789636204.399445981] [lifecycle_manager_navigation]: [34m[1mConfiguring bt_navigator[0m[0m
[bt_navigator-11] [INFO] [1789636204.402828847] [bt_navigator]: Configuring
[lifecycle_manager-13] [INFO] [1789636204.776564413] [lifecycle_manager_navigation]: [34m[1mConfiguring waypoint_follower[0m[0m
[waypoint_follower-12] [INFO] [1789636204.777941143] [waypoint_follower]: Configuring
[waypoint_follower-12] [INFO] [1789636204.877447484] [waypoint_follower]: Created waypoint_task_executor : wait_at_waypoint of type nav2_waypoint_follower::WaitAtWaypoint
[waypoint_follower-12] [INFO] [1789636204.883721320] [waypoint_follower]: Waypoint pause duration is set to zero, disabling task executor plugin.
[lifecycle_manager-13] [INFO] [1789636204.890853619] [lifecycle_manager_navigation]: [34m[1mActivating map_server[0m[0m
[map_server-7] [INFO] [1789636204.895051099] [map_server]: Activating
[map_server-7] [INFO] [1789636204.896135299] [map_server]: Creating bond (map_server) to lifecycle manager.
[planner_server-9] [INFO] [1789636204.898336489] [global_costmap.global_costmap]: StaticLayer: Resizing costmap to 676 X 680 at 0.050000 m/pix
[lifecycle_manager-13] [INFO] [1789636205.014256620] [lifecycle_manager_navigation]: Server map_server connected with bond.
[lifecycle_manager-13] [INFO] [1789636205.014334044] [lifecycle_manager_navigation]: [34m[1mActivating controller_server[0m[0m
[controller_server-8] [INFO] [1789636205.015260076] [controller_server]: Activating
[controller_server-8] [INFO] [1789636205.015323345] [local_costmap.local_costmap]: Activating
[controller_server-8] [INFO] [1789636205.015341757] [local_costmap.local_costmap]: Checking transform
[controller_server-8] [INFO] [1789636205.015376568] [local_costmap.local_costmap]: Timed out waiting for transform from base_footprint to odom to become available, tf error: Invalid frame ID "odom" passed to canTransform argument target_frame - frame does not exist
[controller_server-8] [INFO] [1789636205.515575792] [local_costmap.local_costmap]: Timed out waiting for transform from base_footprint to odom to become available, tf error: Invalid frame ID "odom" passed to canTransform argument target_frame - frame does not exist
[controller_server-8] [INFO] [1789636206.017428034] [local_costmap.local_costmap]: Timed out waiting for transform from base_footprint to odom to become available, tf error: Invalid frame ID "odom" passed to canTransform argument target_frame - frame does not exist
[controller_server-8] [INFO] [1789636206.516008727] [local_costmap.local_costmap]: Timed out waiting for transform from base_footprint to odom to become available, tf error: Invalid frame ID "odom" passed to canTransform argument target_frame - frame does not exist
[controller_server-8] [INFO] [1789636207.016434226] [local_costmap.local_costmap]: Timed out waiting for transform from base_footprint to odom to become available, tf error: Invalid frame ID "odom" passed to canTransform argument target_frame - frame does not exist
[controller_server-8] [INFO] [1789636207.515458040] [local_costmap.local_costmap]: Timed out waiting for transform from base_footprint to odom to become available, tf error: Invalid frame ID "odom" passed to canTransform argument target_frame - frame does not exist
[controller_server-8] [INFO] [1789636208.017631778] [local_costmap.local_costmap]: Timed out waiting for transform from base_footprint to odom to become available, tf error: Invalid frame ID "odom" passed to canTransform argument target_frame - frame does not exist
[controller_server-8] [INFO] [1789636208.515880858] [local_costmap.local_costmap]: Timed out waiting for transform from base_footprint to odom to become available, tf error: Invalid frame ID "odom" passed to canTransform argument target_frame - frame does not exist
[controller_server-8] [INFO] [1789636209.019954386] [local_costmap.local_costmap]: Timed out waiting for transform from base_footprint to odom to become available, tf error: Invalid frame ID "odom" passed to canTransform argument target_frame - frame does not exist
[spawn_entity.py-3] [INFO] [1789636209.278479712] [spawn_swerve]: Calling service /spawn_entity
[gzserver-1] [INFO] [1789636209.495513389] [gazebo_ros_state]: Publishing states of gazebo models at [/model_states]
[controller_server-8] [INFO] [1789636209.519879967] [local_costmap.local_costmap]: Timed out waiting for transform from base_footprint to odom to become available, tf error: Invalid frame ID "odom" passed to canTransform argument target_frame - frame does not exist
[gzserver-1] [INFO] [1789636209.532743081] [gazebo_ros_state]: Publishing states of gazebo links at [/link_states]
[gzserver-1] [INFO] [1789636209.966504173] [imu.imu_ros]: <initial_orientation_as_reference> is unset, using default value of false to comply with REP 145 (world as orientation reference)
[controller_server-8] [INFO] [1789636210.016215040] [local_costmap.local_costmap]: Timed out waiting for transform from base_footprint to odom to become available, tf error: Invalid frame ID "odom" passed to canTransform argument target_frame - frame does not exist
[controller_server-8] [INFO] [1789636210.516605049] [local_costmap.local_costmap]: Timed out waiting for transform from base_footprint to odom to become available, tf error: Invalid frame ID "odom" passed to canTransform argument target_frame - frame does not exist
[controller_server-8] [INFO] [1789636211.015689368] [local_costmap.local_costmap]: Timed out waiting for transform from base_footprint to odom to become available, tf error: Invalid frame ID "odom" passed to canTransform argument target_frame - frame does not exist
[controller_server-8] [INFO] [1789636211.515722919] [local_costmap.local_costmap]: Timed out waiting for transform from base_footprint to odom to become available, tf error: Invalid frame ID "odom" passed to canTransform argument target_frame - frame does not exist
[controller_server-8] [INFO] [1789636212.015994609] [local_costmap.local_costmap]: Timed out waiting for transform from base_footprint to odom to become available, tf error: Invalid frame ID "odom" passed to canTransform argument target_frame - frame does not exist
[controller_server-8] [INFO] [1789636212.515904018] [local_costmap.local_costmap]: Timed out waiting for transform from base_footprint to odom to become available, tf error: Invalid frame ID "odom" passed to canTransform argument target_frame - frame does not exist
[controller_server-8] [INFO] [1789636213.016156654] [local_costmap.local_costmap]: Timed out waiting for transform from base_footprint to odom to become available, tf error: Invalid frame ID "odom" passed to canTransform argument target_frame - frame does not exist
[controller_server-8] [INFO] [1789636213.516100607] [local_costmap.local_costmap]: Timed out waiting for transform from base_footprint to odom to become available, tf error: Invalid frame ID "odom" passed to canTransform argument target_frame - frame does not exist
[controller_server-8] [INFO] [1789636214.019627102] [local_costmap.local_costmap]: Timed out waiting for transform from base_footprint to odom to become available, tf error: Invalid frame ID "odom" passed to canTransform argument target_frame - frame does not exist
[controller_server-8] [INFO] [1789636214.515439552] [local_costmap.local_costmap]: Timed out waiting for transform from base_footprint to odom to become available, tf error: Invalid frame ID "odom" passed to canTransform argument target_frame - frame does not exist
[controller_server-8] [INFO] [1789636215.015671920] [local_costmap.local_costmap]: Timed out waiting for transform from base_footprint to odom to become available, tf error: Invalid frame ID "odom" passed to canTransform argument target_frame - frame does not exist
[controller_server-8] [INFO] [1789636215.515987722] [local_costmap.local_costmap]: Timed out waiting for transform from base_footprint to odom to become available, tf error: Invalid frame ID "odom" passed to canTransform argument target_frame - frame does not exist
[controller_server-8] [INFO] [1789636216.016032424] [local_costmap.local_costmap]: Timed out waiting for transform from base_footprint to odom to become available, tf error: Invalid frame ID "odom" passed to canTransform argument target_frame - frame does not exist
[controller_server-8] [INFO] [1789636216.515784122] [local_costmap.local_costmap]: Timed out waiting for transform from base_footprint to odom to become available, tf error: Invalid frame ID "odom" passed to canTransform argument target_frame - frame does not exist
[controller_server-8] [INFO] [1789636217.016703988] [local_costmap.local_costmap]: Timed out waiting for transform from base_footprint to odom to become available, tf error: Invalid frame ID "odom" passed to canTransform argument target_frame - frame does not exist
[controller_server-8] [INFO] [1789636217.515735507] [local_costmap.local_costmap]: Timed out waiting for transform from base_footprint to odom to become available, tf error: Invalid frame ID "odom" passed to canTransform argument target_frame - frame does not exist
[controller_server-8] [INFO] [1789636218.016917469] [local_costmap.local_costmap]: Timed out waiting for transform from base_footprint to odom to become available, tf error: Invalid frame ID "odom" passed to canTransform argument target_frame - frame does not exist
[controller_server-8] [INFO] [1789636218.515698004] [local_costmap.local_costmap]: Timed out waiting for transform from base_footprint to odom to become available, tf error: Invalid frame ID "odom" passed to canTransform argument target_frame - frame does not exist
[controller_server-8] [INFO] [1789636219.015670791] [local_costmap.local_costmap]: Timed out waiting for transform from base_footprint to odom to become available, tf error: Invalid frame ID "odom" passed to canTransform argument target_frame - frame does not exist
[controller_server-8] [INFO] [1789636219.516712803] [local_costmap.local_costmap]: Timed out waiting for transform from base_footprint to odom to become available, tf error: Invalid frame ID "odom" passed to canTransform argument target_frame - frame does not exist
[controller_server-8] [INFO] [1789636220.015617119] [local_costmap.local_costmap]: Timed out waiting for transform from base_footprint to odom to become available, tf error: Invalid frame ID "odom" passed to canTransform argument target_frame - frame does not exist
[controller_server-8] [INFO] [1789636220.516141296] [local_costmap.local_costmap]: Timed out waiting for transform from base_footprint to odom to become available, tf error: Invalid frame ID "odom" passed to canTransform argument target_frame - frame does not exist
[controller_server-8] [INFO] [1789636221.015747161] [local_costmap.local_costmap]: Timed out waiting for transform from base_footprint to odom to become available, tf error: Invalid frame ID "odom" passed to canTransform argument target_frame - frame does not exist
[controller_server-8] [INFO] [1789636221.515545387] [local_costmap.local_costmap]: Timed out waiting for transform from base_footprint to odom to become available, tf error: Invalid frame ID "odom" passed to canTransform argument target_frame - frame does not exist
[controller_server-8] [INFO] [1789636222.015933765] [local_costmap.local_costmap]: Timed out waiting for transform from base_footprint to odom to become available, tf error: Invalid frame ID "odom" passed to canTransform argument target_frame - frame does not exist
[controller_server-8] [INFO] [1789636222.515468552] [local_costmap.local_costmap]: Timed out waiting for transform from base_footprint to odom to become available, tf error: Invalid frame ID "odom" passed to canTransform argument target_frame - frame does not exist
[controller_server-8] [INFO] [1789636223.017828398] [local_costmap.local_costmap]: Timed out waiting for transform from base_footprint to odom to become available, tf error: Invalid frame ID "odom" passed to canTransform argument target_frame - frame does not exist
[controller_server-8] [INFO] [1789636223.516567627] [local_costmap.local_costmap]: Timed out waiting for transform from base_footprint to odom to become available, tf error: Invalid frame ID "odom" passed to canTransform argument target_frame - frame does not exist
[spawn_entity.py-3] [INFO] [1789636223.977165822] [spawn_swerve]: Spawn status: SpawnEntity: Successfully spawned entity [swerve_base]
[controller_server-8] [INFO] [1789636224.015492545] [local_costmap.local_costmap]: Timed out waiting for transform from base_footprint to odom to become available, tf error: Invalid frame ID "odom" passed to canTransform argument target_frame - frame does not exist
[gzserver-1] [INFO] [1789636224.227945837] [gazebo_ros2_control]: Loading gazebo_ros2_control plugin
[gzserver-1] [INFO] [1789636224.294202490] [gazebo_ros2_control]: Starting gazebo_ros2_control plugin in namespace: /
[gzserver-1] [INFO] [1789636224.295160501] [gazebo_ros2_control]: Starting gazebo_ros2_control plugin in ros 2 node: gazebo_ros2_control
[INFO] [spawn_entity.py-3]: process has finished cleanly [pid 157871]
[INFO] [spawner-15]: process started with pid [158332]
[gzserver-1] [INFO] [1789636224.410874874] [gazebo_ros2_control]: connected to service!! robot_state_publisher
[gzserver-1] [INFO] [1789636224.414576594] [gazebo_ros2_control]: Received urdf from param server, parsing...
[gzserver-1] [INFO] [1789636224.414718888] [gazebo_ros2_control]: Loading parameter files /home/yahboom/swerve_bringup/install/swerve_bringup/share/swerve_bringup/config/controllers.yaml
[gzserver-1] [INFO] [1789636224.453884429] [gazebo_ros2_control]: Loading joint: steer_front_joint
[gzserver-1] [INFO] [1789636224.453981674] [gazebo_ros2_control]: 	State:
[gzserver-1] [INFO] [1789636224.453998979] [gazebo_ros2_control]: 		 position
[gzserver-1] [INFO] [1789636224.454010967] [gazebo_ros2_control]: 		 velocity
[gzserver-1] [INFO] [1789636224.454020654] [gazebo_ros2_control]: 	Command:
[gzserver-1] [INFO] [1789636224.454029583] [gazebo_ros2_control]: 		 position
[gzserver-1] [INFO] [1789636224.459325113] [gazebo_ros2_control]: Loading joint: steer_rear_joint
[gzserver-1] [INFO] [1789636224.459401007] [gazebo_ros2_control]: 	State:
[gzserver-1] [INFO] [1789636224.459417543] [gazebo_ros2_control]: 		 position
[gzserver-1] [INFO] [1789636224.459429409] [gazebo_ros2_control]: 		 velocity
[gzserver-1] [INFO] [1789636224.459440521] [gazebo_ros2_control]: 	Command:
[gzserver-1] [INFO] [1789636224.459450310] [gazebo_ros2_control]: 		 position
[gzserver-1] [INFO] [1789636224.464223696] [gazebo_ros2_control]: Loading joint: wheel_front_drive_joint
[gzserver-1] [INFO] [1789636224.464270353] [gazebo_ros2_control]: 	State:
[gzserver-1] [INFO] [1789636224.464282271] [gazebo_ros2_control]: 		 position
[gzserver-1] [INFO] [1789636224.464293654] [gazebo_ros2_control]: 		 velocity
[gzserver-1] [INFO] [1789636224.464302673] [gazebo_ros2_control]: 	Command:
[gzserver-1] [INFO] [1789636224.464317410] [gazebo_ros2_control]: 		 velocity
[gzserver-1] [INFO] [1789636224.464472108] [gazebo_ros2_control]: Loading joint: wheel_rear_drive_joint
[gzserver-1] [INFO] [1789636224.464493690] [gazebo_ros2_control]: 	State:
[gzserver-1] [INFO] [1789636224.464502757] [gazebo_ros2_control]: 		 position
[gzserver-1] [INFO] [1789636224.464511740] [gazebo_ros2_control]: 		 velocity
[gzserver-1] [INFO] [1789636224.464520402] [gazebo_ros2_control]: 	Command:
[gzserver-1] [INFO] [1789636224.464537568] [gazebo_ros2_control]: 		 velocity
[gzserver-1] [INFO] [1789636224.466024118] [resource_manager]: Initialize hardware 'GazeboSystem' 
[gzserver-1] [INFO] [1789636224.466307377] [resource_manager]: Successful initialization of hardware 'GazeboSystem'
[gzserver-1] [INFO] [1789636224.466493477] [resource_manager]: 'configure' hardware 'GazeboSystem' 
[gzserver-1] [INFO] [1789636224.466510321] [resource_manager]: Successful 'configure' of hardware 'GazeboSystem'
[gzserver-1] [INFO] [1789636224.466518817] [resource_manager]: 'activate' hardware 'GazeboSystem' 
[gzserver-1] [INFO] [1789636224.466525418] [resource_manager]: Successful 'activate' of hardware 'GazeboSystem'
[gzserver-1] [INFO] [1789636224.466643028] [gazebo_ros2_control]: Loading controller_manager
[controller_server-8] [INFO] [1789636224.516208757] [local_costmap.local_costmap]: Timed out waiting for transform from base_footprint to odom to become available, tf error: Invalid frame ID "odom" passed to canTransform argument target_frame - frame does not exist
[gzserver-1] [WARN] [1789636224.748145834] [gazebo_ros2_control]:  Desired controller update period (0.01 s) is slower than the gazebo simulation period (0.001 s).
[gzserver-1] [INFO] [1789636224.751271776] [gazebo_ros2_control]: Loaded gazebo_ros2_control.
[controller_server-8] [INFO] [1789636225.016195945] [local_costmap.local_costmap]: start
[controller_server-8] [INFO] [1789636225.186287598] [controller_server]: Creating bond (controller_server) to lifecycle manager.
[lifecycle_manager-13] [INFO] [1789636225.444889596] [lifecycle_manager_navigation]: Server controller_server connected with bond.
[lifecycle_manager-13] [INFO] [1789636225.444948460] [lifecycle_manager_navigation]: [34m[1mActivating planner_server[0m[0m
[planner_server-9] [INFO] [1789636225.460358570] [planner_server]: Activating
[planner_server-9] [INFO] [1789636225.460429031] [global_costmap.global_costmap]: Activating
[planner_server-9] [INFO] [1789636225.460450414] [global_costmap.global_costmap]: Checking transform
[planner_server-9] [INFO] [1789636225.460576499] [global_costmap.global_costmap]: start
[spawner-15] [INFO] [1789636225.701434352] [spawn_joint_state_broadcaster]: waiting for service /controller_manager/list_controllers to become available...
[planner_server-9] [INFO] [1789636226.021868051] [planner_server]: Activating plugin GridBased of type NavfnPlanner
[planner_server-9] [INFO] [1789636226.046626950] [planner_server]: Creating bond (planner_server) to lifecycle manager.
[lifecycle_manager-13] [INFO] [1789636226.191508435] [lifecycle_manager_navigation]: Server planner_server connected with bond.
[lifecycle_manager-13] [INFO] [1789636226.191596460] [lifecycle_manager_navigation]: [34m[1mActivating behavior_server[0m[0m
[behavior_server-10] [INFO] [1789636226.192865898] [behavior_server]: Activating
[behavior_server-10] [INFO] [1789636226.192947670] [behavior_server]: Activating spin
[behavior_server-10] [INFO] [1789636226.192969180] [behavior_server]: Activating backup
[behavior_server-10] [INFO] [1789636226.192981483] [behavior_server]: Activating drive_on_heading
[behavior_server-10] [INFO] [1789636226.192992787] [behavior_server]: Activating wait
[behavior_server-10] [INFO] [1789636226.193010067] [behavior_server]: Creating bond (behavior_server) to lifecycle manager.
[lifecycle_manager-13] [INFO] [1789636226.310496152] [lifecycle_manager_navigation]: Server behavior_server connected with bond.
[lifecycle_manager-13] [INFO] [1789636226.310558323] [lifecycle_manager_navigation]: [34m[1mActivating bt_navigator[0m[0m
[bt_navigator-11] [INFO] [1789636226.316707417] [bt_navigator]: Activating
[bt_navigator-11] [INFO] [1789636227.071786637] [bt_navigator]: Creating bond (bt_navigator) to lifecycle manager.
[lifecycle_manager-13] [INFO] [1789636227.214503109] [lifecycle_manager_navigation]: Server bt_navigator connected with bond.
[lifecycle_manager-13] [INFO] [1789636227.214549131] [lifecycle_manager_navigation]: [34m[1mActivating waypoint_follower[0m[0m
[waypoint_follower-12] [INFO] [1789636227.219085691] [waypoint_follower]: Activating
[waypoint_follower-12] [INFO] [1789636227.219254265] [waypoint_follower]: Creating bond (waypoint_follower) to lifecycle manager.
[lifecycle_manager-13] [INFO] [1789636227.348667289] [lifecycle_manager_navigation]: Server waypoint_follower connected with bond.
[lifecycle_manager-13] [INFO] [1789636227.348731644] [lifecycle_manager_navigation]: [34m[1mManaged nodes are active[0m[0m
[lifecycle_manager-13] [INFO] [1789636227.348748487] [lifecycle_manager_navigation]: [34m[1mCreating bond timer...[0m[0m
[gzserver-1] [INFO] [1789636227.985952599] [controller_manager]: Loading controller 'joint_state_broadcaster'
[spawner-15] [INFO] [1789636228.207651550] [spawn_joint_state_broadcaster]: [94mLoaded [1mjoint_state_broadcaster[0m
[gzserver-1] [INFO] [1789636228.221644845] [controller_manager]: Configuring controller 'joint_state_broadcaster'
[gzserver-1] [INFO] [1789636228.222172088] [joint_state_broadcaster]: 'joints' or 'interfaces' parameter is empty. All available state interfaces will be published
[spawner-15] [INFO] [1789636228.318920416] [spawn_joint_state_broadcaster]: [92mConfigured and activated [1mjoint_state_broadcaster[0m
[INFO] [spawner-15]: process has finished cleanly [pid 158332]
[INFO] [spawner-16]: process started with pid [158350]
[spawner-16] [INFO] [1789636229.749576311] [spawn_steering_controller]: waiting for service /controller_manager/list_controllers to become available...
[gzserver-1] [INFO] [1789636231.366797349] [controller_manager]: Loading controller 'steering_controller'
[spawner-16] [INFO] [1789636231.627302497] [spawn_steering_controller]: [94mLoaded [1msteering_controller[0m
[gzserver-1] [INFO] [1789636231.632332194] [controller_manager]: Configuring controller 'steering_controller'
[gzserver-1] [INFO] [1789636231.645827243] [steering_controller]: configure successful
[gzserver-1] [INFO] [1789636231.756885362] [steering_controller]: activate successful
[spawner-16] [INFO] [1789636232.091302716] [spawn_steering_controller]: [92mConfigured and activated [1msteering_controller[0m
[INFO] [spawner-16]: process has finished cleanly [pid 158350]
[INFO] [spawner-17]: process started with pid [158362]
[spawner-17] [INFO] [1789636233.659875374] [spawn_drive_controller]: waiting for service /controller_manager/list_controllers to become available...
[gzserver-1] [INFO] [1789636234.508494482] [controller_manager]: Loading controller 'drive_controller'
[spawner-17] [INFO] [1789636235.011101166] [spawn_drive_controller]: [94mLoaded [1mdrive_controller[0m
[gzserver-1] [INFO] [1789636235.024169498] [controller_manager]: Configuring controller 'drive_controller'
[gzserver-1] [INFO] [1789636235.028721384] [drive_controller]: configure successful
[gzserver-1] [INFO] [1789636235.071601969] [drive_controller]: activate successful
[spawner-17] [INFO] [1789636235.089572931] [spawn_drive_controller]: [92mConfigured and activated [1mdrive_controller[0m
[INFO] [spawner-17]: process has finished cleanly [pid 158362]
[INFO] [swerve_controller_node-18]: process started with pid [158374]
[INFO] [swerve_odometry_node-19]: process started with pid [158376]
[swerve_odometry_node-19] [INFO] [1789636237.497768361] [swerve_odometry]: Encoder odometry ready: radius=0.0637 m, velocity_sign=+1.0
[swerve_controller_node-18] [INFO] [1789636237.596096455] [swerve_controller]: Swerve controller ready: radius=0.0675 m, modules={'front': (0.300042, 0.0), 'rear': (-0.300042, 0.0)}
[WARNING] [launch]: user interrupted with ctrl-c (SIGINT)
[waypoint_follower-12] [INFO] [1789636250.925050977] [rclcpp]: signal_handler(signum=2)
[waypoint_follower-12] [INFO] [1789636250.927713719] [waypoint_follower]: Running Nav2 LifecycleNode rcl preshutdown (waypoint_follower)
[waypoint_follower-12] [INFO] [1789636250.927794477] [waypoint_follower]: Deactivating
[waypoint_follower-12] [INFO] [1789636250.927822187] [waypoint_follower]: Destroying bond (waypoint_follower) to lifecycle manager.
[controller_server-8] [INFO] [1789636250.925222136] [rclcpp]: signal_handler(signum=2)
[controller_server-8] [INFO] [1789636250.926767547] [controller_server]: Running Nav2 LifecycleNode rcl preshutdown (controller_server)
[controller_server-8] [INFO] [1789636250.926865319] [controller_server]: Deactivating
[controller_server-8] [INFO] [1789636250.926925440] [local_costmap.local_costmap]: Deactivating
[behavior_server-10] [INFO] [1789636250.926307711] [rclcpp]: signal_handler(signum=2)
[behavior_server-10] [INFO] [1789636250.926570120] [behavior_server]: Running Nav2 LifecycleNode rcl preshutdown (behavior_server)
[behavior_server-10] [INFO] [1789636250.926763010] [behavior_server]: Deactivating
[behavior_server-10] [INFO] [1789636250.926807415] [behavior_server]: Destroying bond (behavior_server) to lifecycle manager.
[lifecycle_manager-13] [INFO] [1789636250.926638731] [rclcpp]: signal_handler(signum=2)
[lifecycle_manager-13] [INFO] [1789636250.928343231] [lifecycle_manager_navigation]: Running Nav2 LifecycleManager rcl preshutdown (lifecycle_manager_navigation)
[lifecycle_manager-13] [INFO] [1789636250.928404977] [lifecycle_manager_navigation]: [34m[1mTerminating bond timer...[0m[0m
[bt_navigator-11] [INFO] [1789636250.927362385] [rclcpp]: signal_handler(signum=2)
[bt_navigator-11] [INFO] [1789636250.928425153] [bt_navigator]: Running Nav2 LifecycleNode rcl preshutdown (bt_navigator)
[bt_navigator-11] [INFO] [1789636250.928508031] [bt_navigator]: Deactivating
[bt_navigator-11] [INFO] [1789636250.928543659] [bt_navigator]: Destroying bond (bt_navigator) to lifecycle manager.
[robot_state_publisher-2] [INFO] [1789636250.928070092] [rclcpp]: signal_handler(signum=2)
[planner_server-9] [INFO] [1789636250.928267766] [rclcpp]: signal_handler(signum=2)
[INFO] [swerve_odometry_node-19]: sending signal 'SIGINT' to process[swerve_odometry_node-19]
[INFO] [swerve_controller_node-18]: sending signal 'SIGINT' to process[swerve_controller_node-18]
[INFO] [lifecycle_manager-13]: sending signal 'SIGINT' to process[lifecycle_manager-13]
[INFO] [waypoint_follower-12]: sending signal 'SIGINT' to process[waypoint_follower-12]
[INFO] [bt_navigator-11]: sending signal 'SIGINT' to process[bt_navigator-11]
[INFO] [behavior_server-10]: sending signal 'SIGINT' to process[behavior_server-10]
[INFO] [planner_server-9]: sending signal 'SIGINT' to process[planner_server-9]
[INFO] [controller_server-8]: sending signal 'SIGINT' to process[controller_server-8]
[INFO] [map_server-7]: sending signal 'SIGINT' to process[map_server-7]
[INFO] [ekf_node-6]: sending signal 'SIGINT' to process[ekf_node-6]
[INFO] [v30e_sim_node-5]: sending signal 'SIGINT' to process[v30e_sim_node-5]
[INFO] [ekf_node-4]: sending signal 'SIGINT' to process[ekf_node-4]
[INFO] [robot_state_publisher-2]: sending signal 'SIGINT' to process[robot_state_publisher-2]
[INFO] [gzserver-1]: sending signal 'SIGINT' to process[gzserver-1]
[planner_server-9] [INFO] [1789636250.929831315] [planner_server]: Running Nav2 LifecycleNode rcl preshutdown (planner_server)
[planner_server-9] [INFO] [1789636250.942706944] [planner_server]: Deactivating
[planner_server-9] [INFO] [1789636250.942777393] [global_costmap.global_costmap]: Deactivating
[planner_server-9] [INFO] [1789636250.970511249] [planner_server]: Deactivating plugin GridBased of type NavfnPlanner
[planner_server-9] [INFO] [1789636250.970565924] [planner_server]: Destroying bond (planner_server) to lifecycle manager.
[ekf_node-6] [INFO] [1789636250.929504533] [rclcpp]: signal_handler(signum=2)
[map_server-7] [INFO] [1789636250.929613634] [rclcpp]: signal_handler(signum=2)
[map_server-7] [INFO] [1789636250.934964446] [map_server]: Running Nav2 LifecycleNode rcl preshutdown (map_server)
[map_server-7] [INFO] [1789636250.935067530] [map_server]: Deactivating
[map_server-7] [INFO] [1789636250.935100065] [map_server]: Destroying bond (map_server) to lifecycle manager.
[ekf_node-4] [INFO] [1789636250.934241098] [rclcpp]: signal_handler(signum=2)
[bt_navigator-11] [INFO] [1789636250.973453264] [bt_navigator]: Cleaning up
[controller_server-8] [INFO] [1789636251.023807349] [controller_server]: Destroying bond (controller_server) to lifecycle manager.
[planner_server-9] [INFO] [1789636251.032724719] [planner_server]: Cleaning up
[behavior_server-10] [INFO] [1789636251.041326579] [behavior_server]: Cleaning up
[map_server-7] [INFO] [1789636251.041633820] [map_server]: Cleaning up
[map_server-7] [INFO] [1789636251.041762687] [map_server]: Destroying bond (map_server) to lifecycle manager.
[waypoint_follower-12] [INFO] [1789636251.045084040] [waypoint_follower]: Cleaning up
[swerve_controller_node-18] Traceback (most recent call last):
[swerve_controller_node-18]   File "/home/yahboom/swerve_bringup/install/swerve_bringup/lib/swerve_bringup/swerve_controller_node", line 192, in <module>
[swerve_controller_node-18]     main()
[swerve_controller_node-18]   File "/home/yahboom/swerve_bringup/install/swerve_bringup/lib/swerve_bringup/swerve_controller_node", line 184, in main
[swerve_controller_node-18]     node.steer_pub.publish(Float64MultiArray(data=[
[swerve_controller_node-18]   File "/opt/ros/humble/local/lib/python3.10/dist-packages/rclpy/publisher.py", line 70, in publish
[swerve_controller_node-18]     self.__publisher.publish(msg)
[swerve_controller_node-18] rclpy._rclpy_pybind11.RCLError: Failed to publish: publisher's context is invalid, at ./src/rcl/publisher.c:389
[swerve_controller_node-18] Error in sys.excepthook:
[swerve_controller_node-18] Traceback (most recent call last):
[swerve_controller_node-18]   File "/usr/lib/python3/dist-packages/apport_python_hook.py", line 72, in apport_excepthook
[swerve_controller_node-18]     from apport.fileutils import likely_packaged, get_recent_crashes
[swerve_controller_node-18]   File "/usr/lib/python3/dist-packages/apport/__init__.py", line 5, in <module>
[swerve_controller_node-18]     from apport.report import Report
[swerve_controller_node-18]   File "/usr/lib/python3/dist-packages/apport/report.py", line 21, in <module>
[swerve_controller_node-18]     from urllib.request import urlopen
[swerve_controller_node-18]   File "/usr/lib/python3.10/urllib/request.py", line 88, in <module>
[swerve_controller_node-18]     import http.client
[swerve_controller_node-18]   File "/usr/lib/python3.10/http/client.py", line 1424, in <module>
[swerve_controller_node-18]     import ssl
[swerve_controller_node-18]   File "/usr/lib/python3.10/ssl.py", line 473, in <module>
[swerve_controller_node-18]     class Purpose(_ASN1Object, _Enum):
[swerve_controller_node-18]   File "/usr/lib/python3.10/enum.py", line 271, in __new__
[swerve_controller_node-18]     _make_class_unpicklable(enum_class)
[swerve_controller_node-18]   File "/usr/lib/python3.10/enum.py", line 58, in _make_class_unpicklable
[swerve_controller_node-18]     def _make_class_unpicklable(cls):
[swerve_controller_node-18] KeyboardInterrupt
[swerve_controller_node-18] 
[swerve_controller_node-18] Original exception was:
[swerve_controller_node-18] Traceback (most recent call last):
[swerve_controller_node-18]   File "/home/yahboom/swerve_bringup/install/swerve_bringup/lib/swerve_bringup/swerve_controller_node", line 192, in <module>
[swerve_controller_node-18]     main()
[swerve_controller_node-18]   File "/home/yahboom/swerve_bringup/install/swerve_bringup/lib/swerve_bringup/swerve_controller_node", line 184, in main
[swerve_controller_node-18]     node.steer_pub.publish(Float64MultiArray(data=[
[swerve_controller_node-18]   File "/opt/ros/humble/local/lib/python3.10/dist-packages/rclpy/publisher.py", line 70, in publish
[swerve_controller_node-18]     self.__publisher.publish(msg)
[swerve_controller_node-18] rclpy._rclpy_pybind11.RCLError: Failed to publish: publisher's context is invalid, at ./src/rcl/publisher.c:389
[controller_server-8] [INFO] [1789636251.076219037] [controller_server]: Cleaning up
[controller_server-8] [INFO] [1789636251.076379632] [local_costmap.local_costmap]: Cleaning up
[ERROR] [ekf_node-6]: process has died [pid 157877, exit code -2, cmd '/opt/ros/humble/lib/robot_localization/ekf_node --ros-args -r __node:=ekf_v30e --params-file /home/yahboom/swerve_bringup/install/swerve_bringup/share/swerve_bringup/config/v30e_localization_ekf.yaml --params-file /tmp/launch_params_748o95w6 -r odometry/filtered:=/odometry/v30e'].
[ERROR] [ekf_node-4]: process has died [pid 157873, exit code -2, cmd '/opt/ros/humble/lib/robot_localization/ekf_node --ros-args -r __node:=ekf_filter_node --params-file /home/yahboom/swerve_bringup/install/swerve_bringup/share/swerve_bringup/config/ekf.yaml --params-file /tmp/launch_params_va7iv6hx -r /odom:=/odom -r /imu/data:=/imu/data'].
[lifecycle_manager-13] [INFO] [1789636251.077648751] [rclcpp]: signal_handler(signum=2)
[waypoint_follower-12] [INFO] [1789636251.086306000] [rclcpp]: signal_handler(signum=2)
[bt_navigator-11] [INFO] [1789636251.090044331] [rclcpp]: signal_handler(signum=2)
[behavior_server-10] [INFO] [1789636251.093391502] [rclcpp]: signal_handler(signum=2)
[planner_server-9] [INFO] [1789636251.103622787] [rclcpp]: signal_handler(signum=2)
[controller_server-8] [INFO] [1789636251.105470169] [rclcpp]: signal_handler(signum=2)
[swerve_odometry_node-19] Traceback (most recent call last):
[swerve_odometry_node-19]   File "/home/yahboom/swerve_bringup/install/swerve_bringup/lib/swerve_bringup/swerve_odometry_node", line 221, in <module>
[swerve_odometry_node-19]     main()
[swerve_odometry_node-19]   File "/home/yahboom/swerve_bringup/install/swerve_bringup/lib/swerve_bringup/swerve_odometry_node", line 215, in main
[swerve_odometry_node-19]     node.destroy_node()
[swerve_odometry_node-19]   File "/opt/ros/humble/local/lib/python3.10/dist-packages/rclpy/node.py", line 1691, in destroy_node
[swerve_odometry_node-19]     self.destroy_service(self._services[0])
[swerve_odometry_node-19]   File "/opt/ros/humble/local/lib/python3.10/dist-packages/rclpy/node.py", line 1615, in destroy_service
[swerve_odometry_node-19]     service.destroy()
[swerve_odometry_node-19]   File "/opt/ros/humble/local/lib/python3.10/dist-packages/rclpy/service.py", line 93, in destroy
[swerve_odometry_node-19]     self.__service.destroy_when_not_in_use()
[swerve_odometry_node-19] KeyboardInterrupt
[map_server-7] [INFO] [1789636251.117229784] [rclcpp]: signal_handler(signum=2)
[v30e_sim_node-5] Traceback (most recent call last):
[v30e_sim_node-5]   File "/home/yahboom/swerve_bringup/install/swerve_bringup/lib/swerve_bringup/v30e_sim_node", line 188, in <module>
[v30e_sim_node-5]     if __name__ == '__main__': main()
[v30e_sim_node-5]   File "/home/yahboom/swerve_bringup/install/swerve_bringup/lib/swerve_bringup/v30e_sim_node", line 185, in main
[v30e_sim_node-5]     node.destroy_node(); rclpy.shutdown()
[v30e_sim_node-5]   File "/opt/ros/humble/local/lib/python3.10/dist-packages/rclpy/node.py", line 1696, in destroy_node
[v30e_sim_node-5]     self.__node.destroy_when_not_in_use()
[v30e_sim_node-5] KeyboardInterrupt
[robot_state_publisher-2] [INFO] [1789636251.160427167] [rclcpp]: signal_handler(signum=2)
[waypoint_follower-12] [INFO] [1789636251.204548587] [waypoint_follower]: Destroying bond (waypoint_follower) to lifecycle manager.
[waypoint_follower-12] [INFO] [1789636251.251806619] [waypoint_follower]: Destroying
[map_server-7] [INFO] [1789636251.274029006] [map_server]: Destroying
[ERROR] [v30e_sim_node-5]: process has died [pid 157875, exit code -2, cmd '/home/yahboom/swerve_bringup/install/swerve_bringup/lib/swerve_bringup/v30e_sim_node --ros-args -r __node:=v30e_sim_node --params-file /home/yahboom/swerve_bringup/install/swerve_bringup/share/swerve_bringup/config/v30e_sim.yaml --params-file /tmp/launch_params_fiqw4eha'].
[planner_server-9] [INFO] [1789636251.289818709] [global_costmap.global_costmap]: Cleaning up
[behavior_server-10] [INFO] [1789636251.312584610] [behavior_server]: Destroying bond (behavior_server) to lifecycle manager.
[planner_server-9] [INFO] [1789636251.388529680] [planner_server]: Cleaning up plugin GridBased of type NavfnPlanner
[planner_server-9] [INFO] [1789636251.388676603] [planner_server]: Destroying plugin GridBased of type NavfnPlanner
[ERROR] [swerve_odometry_node-19]: process has died [pid 158376, exit code -2, cmd '/home/yahboom/swerve_bringup/install/swerve_bringup/lib/swerve_bringup/swerve_odometry_node --ros-args -r __node:=swerve_odometry --params-file /home/yahboom/swerve_bringup/install/swerve_bringup/share/swerve_bringup/config/swerve_odometry.yaml --params-file /tmp/launch_params_kethi0lk'].
[controller_server-8] [INFO] [1789636251.432693326] [controller_server]: Destroying bond (controller_server) to lifecycle manager.
[planner_server-9] [INFO] [1789636251.450104837] [planner_server]: Destroying bond (planner_server) to lifecycle manager.
[controller_server-8] [INFO] [1789636251.458303218] [local_costmap.local_costmap]: Destroying
[behavior_server-10] [INFO] [1789636251.505015389] [behavior_server]: Destroying
[planner_server-9] [INFO] [1789636251.518202954] [global_costmap.global_costmap]: Destroying
[planner_server-9] [INFO] [1789636251.532672800] [planner_server]: Destroying
[INFO] [robot_state_publisher-2]: process has finished cleanly [pid 157869]
[controller_server-8] [INFO] [1789636251.549747760] [controller_server]: Destroying
[lifecycle_manager-13] [INFO] [1789636251.555678560] [lifecycle_manager_navigation]: Destroying lifecycle_manager_navigation
[ERROR] [swerve_controller_node-18]: process has died [pid 158374, exit code 1, cmd '/home/yahboom/swerve_bringup/install/swerve_bringup/lib/swerve_bringup/swerve_controller_node --ros-args -r __node:=swerve_controller --params-file /home/yahboom/swerve_bringup/install/swerve_bringup/share/swerve_bringup/config/swerve_controller.yaml --params-file /tmp/launch_params_arsg9kkb'].
[INFO] [map_server-7]: process has finished cleanly [pid 157880]
[INFO] [waypoint_follower-12]: process has finished cleanly [pid 157908]
[bt_navigator-11] [INFO] [1789636251.688373163] [bt_navigator]: Completed Cleaning up
[bt_navigator-11] [INFO] [1789636251.688458753] [bt_navigator]: Destroying bond (bt_navigator) to lifecycle manager.
[bt_navigator-11] [INFO] [1789636251.707266924] [bt_navigator]: Destroying
[INFO] [planner_server-9]: process has finished cleanly [pid 157891]
[INFO] [lifecycle_manager-13]: process has finished cleanly [pid 157918]
[INFO] [controller_server-8]: process has finished cleanly [pid 157882]
[INFO] [behavior_server-10]: process has finished cleanly [pid 157894]
[INFO] [bt_navigator-11]: process has finished cleanly [pid 157901]
[INFO] [gzserver-1]: process has finished cleanly [pid 157867]
